[2023-11-12T20:05:33.216+0000][0.014s][info][gc,heap] Heap region size: 1M
[2023-11-12T20:05:33.248+0000][0.045s][info][gc     ] Using G1
[2023-11-12T20:05:33.248+0000][0.045s][info][gc,heap,coops] Heap address: 0x0000000706200000, size: 3998 MB, Compressed Oops mode: Zero based, Oop shift amount: 3
[2023-11-12T20:05:33.250+0000][0.048s][info][gc,cds       ] Mark closed archive regions in map: [0x00000007bfc00000, 0x00000007bfc6aff8]
[2023-11-12T20:05:33.251+0000][0.048s][info][gc,cds       ] Mark open archive regions in map: [0x00000007bf800000, 0x00000007bf847ff8]
[2023-11-12T20:05:33.449+0000][0.247s][debug][safepoint    ] Safepoint synchronization initiated. (9 threads)
[2023-11-12T20:05:33.449+0000][0.247s][info ][safepoint    ] Application time: 0.1059095 seconds
[2023-11-12T20:05:33.449+0000][0.247s][info ][safepoint    ] Entering safepoint region: Deoptimize
[2023-11-12T20:05:33.450+0000][0.247s][info ][safepoint    ] Leaving safepoint region
[2023-11-12T20:05:33.450+0000][0.247s][info ][safepoint    ] Total time for which application threads were stopped: 0.0004270 seconds, Stopping threads took: 0.0000341 seconds
[2023-11-12T20:05:34.450+0000][1.247s][debug][safepoint    ] Safepoint synchronization initiated. (10 threads)
[2023-11-12T20:05:34.450+0000][1.248s][info ][safepoint    ] Application time: 1.0001609 seconds
[2023-11-12T20:05:34.450+0000][1.248s][debug][safepoint    ] ... found polling page return exception at pc = 0x00007f5a64ebb809, stub =0x00007f5a64841800
[2023-11-12T20:05:34.450+0000][1.248s][debug][safepoint    ] Waiting for 2 thread(s) to block
[2023-11-12T20:05:34.450+0000][1.248s][info ][safepoint    ] Entering safepoint region: Cleanup
[2023-11-12T20:05:34.450+0000][1.248s][info ][safepoint    ] Leaving safepoint region
[2023-11-12T20:05:34.450+0000][1.248s][info ][safepoint    ] Total time for which application threads were stopped: 0.0003486 seconds, Stopping threads took: 0.0001844 seconds
[2023-11-12T20:05:34.634+0000][1.431s][debug][safepoint    ] Safepoint synchronization initiated. (10 threads)
[2023-11-12T20:05:34.634+0000][1.431s][info ][safepoint    ] Application time: 0.1834847 seconds
[2023-11-12T20:05:34.634+0000][1.431s][info ][safepoint    ] Entering safepoint region: G1CollectForAllocation
[2023-11-12T20:05:34.634+0000][1.432s][info ][gc,start     ] GC(0) Pause Young (Normal) (G1 Evacuation Pause)
[2023-11-12T20:05:34.635+0000][1.433s][info ][gc,task      ] GC(0) Using 6 workers of 6 for evacuation
[2023-11-12T20:05:34.645+0000][1.443s][info ][gc,phases    ] GC(0)   Pre Evacuate Collection Set: 0.0ms
[2023-11-12T20:05:34.645+0000][1.443s][info ][gc,phases    ] GC(0)   Evacuate Collection Set: 8.8ms
[2023-11-12T20:05:34.645+0000][1.443s][info ][gc,phases    ] GC(0)   Post Evacuate Collection Set: 1.2ms
[2023-11-12T20:05:34.645+0000][1.443s][info ][gc,phases    ] GC(0)   Other: 1.3ms
[2023-11-12T20:05:34.645+0000][1.443s][info ][gc,heap      ] GC(0) Eden regions: 56->0(143)
[2023-11-12T20:05:34.645+0000][1.443s][info ][gc,heap      ] GC(0) Survivor regions: 0->7(7)
[2023-11-12T20:05:34.645+0000][1.443s][info ][gc,heap      ] GC(0) Old regions: 2->3
[2023-11-12T20:05:34.645+0000][1.443s][info ][gc,heap      ] GC(0) Humongous regions: 2->0
[2023-11-12T20:05:34.645+0000][1.443s][info ][gc,metaspace ] GC(0) Metaspace: 2381K(5760K)->2381K(5760K) NonClass: 2183K(5120K)->2183K(5120K) Class: 198K(640K)->198K(640K)
[2023-11-12T20:05:34.645+0000][1.443s][info ][gc           ] GC(0) Pause Young (Normal) (G1 Evacuation Pause) 58M->8M(252M) 11.522ms
[2023-11-12T20:05:34.645+0000][1.443s][info ][gc,cpu       ] GC(0) User=0.04s Sys=0.01s Real=0.01s
[2023-11-12T20:05:34.645+0000][1.443s][info ][safepoint    ] Leaving safepoint region
[2023-11-12T20:05:34.645+0000][1.443s][info ][safepoint    ] Total time for which application threads were stopped: 0.0117315 seconds, Stopping threads took: 0.0000162 seconds
[2023-11-12T20:05:34.646+0000][1.443s][info ][gc,stringdedup] Concurrent String Deduplication (1.443s)
[2023-11-12T20:05:34.647+0000][1.445s][info ][gc,stringdedup] Concurrent String Deduplication 257.4K->254.5K(3016.0B) avg 0.6% (1.443s, 1.445s) 1.580ms
[2023-11-12T20:05:34.746+0000][1.544s][debug][safepoint     ] Safepoint synchronization initiated. (10 threads)
[2023-11-12T20:05:34.746+0000][1.544s][info ][safepoint     ] Application time: 0.1010355 seconds
[2023-11-12T20:05:34.747+0000][1.544s][info ][safepoint     ] Entering safepoint region: Deoptimize
[2023-11-12T20:05:34.747+0000][1.544s][info ][safepoint     ] Leaving safepoint region
[2023-11-12T20:05:34.747+0000][1.544s][info ][safepoint     ] Total time for which application threads were stopped: 0.0002384 seconds, Stopping threads took: 0.0000152 seconds
[2023-11-12T20:05:34.754+0000][1.551s][debug][safepoint     ] Safepoint synchronization initiated. (10 threads)
[2023-11-12T20:05:34.754+0000][1.552s][info ][safepoint     ] Application time: 0.0070769 seconds
[2023-11-12T20:05:34.754+0000][1.552s][info ][safepoint     ] Entering safepoint region: Deoptimize
[2023-11-12T20:05:34.754+0000][1.552s][info ][safepoint     ] Leaving safepoint region
[2023-11-12T20:05:34.754+0000][1.552s][info ][safepoint     ] Total time for which application threads were stopped: 0.0002876 seconds, Stopping threads took: 0.0000150 seconds
[2023-11-12T20:05:34.838+0000][1.636s][debug][safepoint     ] Safepoint synchronization initiated. (10 threads)
[2023-11-12T20:05:34.838+0000][1.636s][info ][safepoint     ] Application time: 0.0840736 seconds
[2023-11-12T20:05:34.838+0000][1.636s][info ][safepoint     ] Entering safepoint region: Deoptimize
[2023-11-12T20:05:34.839+0000][1.636s][info ][safepoint     ] Leaving safepoint region
[2023-11-12T20:05:34.839+0000][1.636s][info ][safepoint     ] Total time for which application threads were stopped: 0.0003146 seconds, Stopping threads took: 0.0000157 seconds
[2023-11-12T20:05:34.850+0000][1.648s][debug][safepoint     ] Safepoint synchronization initiated. (10 threads)
[2023-11-12T20:05:34.850+0000][1.648s][info ][safepoint     ] Application time: 0.0114741 seconds
[2023-11-12T20:05:34.850+0000][1.648s][info ][safepoint     ] Entering safepoint region: Deoptimize
[2023-11-12T20:05:34.850+0000][1.648s][info ][safepoint     ] Leaving safepoint region
[2023-11-12T20:05:34.850+0000][1.648s][info ][safepoint     ] Total time for which application threads were stopped: 0.0002354 seconds, Stopping threads took: 0.0000145 seconds
[2023-11-12T20:05:35.850+0000][2.648s][debug][safepoint     ] Safepoint synchronization initiated. (11 threads)
[2023-11-12T20:05:35.851+0000][2.648s][info ][safepoint     ] Application time: 1.0003601 seconds
[2023-11-12T20:05:35.851+0000][2.649s][info ][safepoint     ] Entering safepoint region: Cleanup
[2023-11-12T20:05:35.851+0000][2.649s][info ][safepoint     ] Leaving safepoint region
[2023-11-12T20:05:35.851+0000][2.649s][info ][safepoint     ] Total time for which application threads were stopped: 0.0005741 seconds, Stopping threads took: 0.0001660 seconds
[2023-11-12T20:05:35.891+0000][2.689s][debug][safepoint     ] Safepoint synchronization initiated. (11 threads)
[2023-11-12T20:05:35.892+0000][2.689s][info ][safepoint     ] Application time: 0.0400002 seconds
[2023-11-12T20:05:35.892+0000][2.689s][info ][safepoint     ] Entering safepoint region: G1CollectForAllocation
[2023-11-12T20:05:35.892+0000][2.690s][info ][gc,start      ] GC(1) Pause Young (Normal) (G1 Evacuation Pause)
[2023-11-12T20:05:35.892+0000][2.690s][info ][gc,task       ] GC(1) Using 6 workers of 6 for evacuation
[2023-11-12T20:05:35.903+0000][2.700s][info ][gc,phases     ] GC(1)   Pre Evacuate Collection Set: 0.0ms
[2023-11-12T20:05:35.903+0000][2.701s][info ][gc,phases     ] GC(1)   Evacuate Collection Set: 8.9ms
[2023-11-12T20:05:35.903+0000][2.701s][info ][gc,phases     ] GC(1)   Post Evacuate Collection Set: 1.5ms
[2023-11-12T20:05:35.903+0000][2.701s][info ][gc,phases     ] GC(1)   Other: 0.4ms
[2023-11-12T20:05:35.903+0000][2.701s][info ][gc,heap       ] GC(1) Eden regions: 143->0(140)
[2023-11-12T20:05:35.904+0000][2.701s][info ][gc,heap       ] GC(1) Survivor regions: 7->10(19)
[2023-11-12T20:05:35.904+0000][2.701s][info ][gc,heap       ] GC(1) Old regions: 3->3
[2023-11-12T20:05:35.904+0000][2.702s][info ][gc,heap       ] GC(1) Humongous regions: 0->0
[2023-11-12T20:05:35.904+0000][2.702s][info ][gc,metaspace  ] GC(1) Metaspace: 8677K(10240K)->8677K(10240K) NonClass: 7653K(8960K)->7653K(8960K) Class: 1024K(1280K)->1024K(1280K)
[2023-11-12T20:05:35.904+0000][2.702s][info ][gc            ] GC(1) Pause Young (Normal) (G1 Evacuation Pause) 151M->11M(252M) 12.188ms
[2023-11-12T20:05:35.904+0000][2.702s][info ][gc,cpu        ] GC(1) User=0.04s Sys=0.01s Real=0.01s
[2023-11-12T20:05:35.904+0000][2.702s][info ][safepoint     ] Leaving safepoint region
[2023-11-12T20:05:35.905+0000][2.702s][info ][safepoint     ] Total time for which application threads were stopped: 0.0128731 seconds, Stopping threads took: 0.0001393 seconds
[2023-11-12T20:05:36.364+0000][3.162s][debug][safepoint     ] Safepoint synchronization initiated. (11 threads)
[2023-11-12T20:05:36.364+0000][3.162s][info ][safepoint     ] Application time: 0.4595551 seconds
[2023-11-12T20:05:36.364+0000][3.162s][info ][safepoint     ] Entering safepoint region: Deoptimize
[2023-11-12T20:05:36.365+0000][3.163s][info ][safepoint     ] Leaving safepoint region
[2023-11-12T20:05:36.365+0000][3.163s][info ][safepoint     ] Total time for which application threads were stopped: 0.0006920 seconds, Stopping threads took: 0.0001413 seconds
[2023-11-12T20:05:36.486+0000][3.284s][debug][safepoint     ] Safepoint synchronization initiated. (11 threads)
[2023-11-12T20:05:36.487+0000][3.284s][info ][safepoint     ] Application time: 0.1214257 seconds
[2023-11-12T20:05:36.487+0000][3.285s][info ][safepoint     ] Entering safepoint region: ICBufferFull
[2023-11-12T20:05:36.487+0000][3.285s][info ][safepoint     ] Leaving safepoint region
[2023-11-12T20:05:36.487+0000][3.285s][info ][safepoint     ] Total time for which application threads were stopped: 0.0004666 seconds, Stopping threads took: 0.0001404 seconds
[2023-11-12T20:05:36.601+0000][3.398s][debug][safepoint     ] Safepoint synchronization initiated. (12 threads)
[2023-11-12T20:05:36.601+0000][3.399s][info ][safepoint     ] Application time: 0.1134216 seconds
[2023-11-12T20:05:36.601+0000][3.399s][debug][safepoint     ] Waiting for 1 thread(s) to block
[2023-11-12T20:05:36.601+0000][3.399s][info ][safepoint     ] Entering safepoint region: G1CollectForAllocation
[2023-11-12T20:05:36.601+0000][3.399s][info ][gc,start      ] GC(2) Pause Young (Normal) (G1 Evacuation Pause)
[2023-11-12T20:05:36.602+0000][3.399s][info ][gc,task       ] GC(2) Using 6 workers of 6 for evacuation
[2023-11-12T20:05:36.612+0000][3.410s][info ][gc,phases     ] GC(2)   Pre Evacuate Collection Set: 0.0ms
[2023-11-12T20:05:36.612+0000][3.410s][info ][gc,phases     ] GC(2)   Evacuate Collection Set: 9.2ms
[2023-11-12T20:05:36.613+0000][3.410s][info ][gc,phases     ] GC(2)   Post Evacuate Collection Set: 1.2ms
[2023-11-12T20:05:36.613+0000][3.410s][info ][gc,phases     ] GC(2)   Other: 0.4ms
[2023-11-12T20:05:36.613+0000][3.411s][info ][gc,heap       ] GC(2) Eden regions: 140->0(137)
[2023-11-12T20:05:36.613+0000][3.411s][info ][gc,heap       ] GC(2) Survivor regions: 10->13(19)
[2023-11-12T20:05:36.613+0000][3.411s][info ][gc,heap       ] GC(2) Old regions: 3->3
[2023-11-12T20:05:36.614+0000][3.411s][info ][gc,heap       ] GC(2) Humongous regions: 0->0
[2023-11-12T20:05:36.614+0000][3.411s][info ][gc,metaspace  ] GC(2) Metaspace: 13329K(14208K)->13329K(14208K) NonClass: 11705K(12288K)->11705K(12288K) Class: 1623K(1920K)->1623K(1920K)
[2023-11-12T20:05:36.614+0000][3.412s][info ][gc            ] GC(2) Pause Young (Normal) (G1 Evacuation Pause) 151M->13M(252M) 12.382ms
[2023-11-12T20:05:36.614+0000][3.412s][info ][gc,cpu        ] GC(2) User=0.05s Sys=0.00s Real=0.02s
[2023-11-12T20:05:36.614+0000][3.412s][info ][safepoint     ] Leaving safepoint region
[2023-11-12T20:05:36.614+0000][3.412s][info ][safepoint     ] Total time for which application threads were stopped: 0.0132813 seconds, Stopping threads took: 0.0002714 seconds
[2023-11-12T20:05:36.615+0000][3.412s][info ][gc,stringdedup] Concurrent String Deduplication (3.412s)
[2023-11-12T20:05:36.626+0000][3.423s][info ][gc,stringdedup] Concurrent String Deduplication 1924.9K->1731.9K(193.0K) avg 8.0% (3.412s, 3.423s) 11.186ms
