[2023-11-13T00:10:10.290+0000][0.022s][info][gc,heap] Heap region size: 1M
[2023-11-13T00:10:10.323+0000][0.055s][info][gc     ] Using G1
[2023-11-13T00:10:10.324+0000][0.056s][info][gc,heap,coops] Heap address: 0x0000000706200000, size: 3998 MB, Compressed Oops mode: Zero based, Oop shift amount: 3
[2023-11-13T00:10:10.327+0000][0.059s][info][gc,cds       ] Mark closed archive regions in map: [0x00000007bfc00000, 0x00000007bfc6aff8]
[2023-11-13T00:10:10.327+0000][0.060s][info][gc,cds       ] Mark open archive regions in map: [0x00000007bf800000, 0x00000007bf847ff8]
[2023-11-13T00:10:10.503+0000][0.235s][debug][safepoint    ] Safepoint synchronization initiated. (9 threads)
[2023-11-13T00:10:10.503+0000][0.235s][info ][safepoint    ] Application time: 0.0898856 seconds
[2023-11-13T00:10:10.503+0000][0.235s][info ][safepoint    ] Entering safepoint region: Deoptimize
[2023-11-13T00:10:10.504+0000][0.236s][info ][safepoint    ] Leaving safepoint region
[2023-11-13T00:10:10.504+0000][0.236s][info ][safepoint    ] Total time for which application threads were stopped: 0.0005584 seconds, Stopping threads took: 0.0000288 seconds
[2023-11-13T00:10:11.504+0000][1.236s][debug][safepoint    ] Safepoint synchronization initiated. (10 threads)
[2023-11-13T00:10:11.504+0000][1.236s][info ][safepoint    ] Application time: 1.0001791 seconds
[2023-11-13T00:10:11.504+0000][1.236s][debug][safepoint    ] Waiting for 1 thread(s) to block
[2023-11-13T00:10:11.504+0000][1.236s][info ][safepoint    ] Entering safepoint region: Cleanup
[2023-11-13T00:10:11.504+0000][1.236s][info ][safepoint    ] Leaving safepoint region
[2023-11-13T00:10:11.504+0000][1.237s][info ][safepoint    ] Total time for which application threads were stopped: 0.0003042 seconds, Stopping threads took: 0.0000823 seconds
[2023-11-13T00:10:11.530+0000][1.262s][debug][safepoint    ] Safepoint synchronization initiated. (10 threads)
[2023-11-13T00:10:11.530+0000][1.262s][info ][safepoint    ] Application time: 0.0256480 seconds
[2023-11-13T00:10:11.530+0000][1.262s][info ][safepoint    ] Entering safepoint region: G1CollectForAllocation
[2023-11-13T00:10:11.530+0000][1.262s][info ][gc,start     ] GC(0) Pause Young (Normal) (G1 Evacuation Pause)
[2023-11-13T00:10:11.532+0000][1.264s][info ][gc,task      ] GC(0) Using 6 workers of 6 for evacuation
[2023-11-13T00:10:11.543+0000][1.276s][info ][gc,phases    ] GC(0)   Pre Evacuate Collection Set: 0.0ms
[2023-11-13T00:10:11.544+0000][1.276s][info ][gc,phases    ] GC(0)   Evacuate Collection Set: 10.0ms
[2023-11-13T00:10:11.544+0000][1.276s][info ][gc,phases    ] GC(0)   Post Evacuate Collection Set: 1.4ms
[2023-11-13T00:10:11.544+0000][1.276s][info ][gc,phases    ] GC(0)   Other: 2.0ms
[2023-11-13T00:10:11.544+0000][1.276s][info ][gc,heap      ] GC(0) Eden regions: 56->0(143)
[2023-11-13T00:10:11.544+0000][1.276s][info ][gc,heap      ] GC(0) Survivor regions: 0->7(7)
[2023-11-13T00:10:11.544+0000][1.276s][info ][gc,heap      ] GC(0) Old regions: 2->3
[2023-11-13T00:10:11.544+0000][1.276s][info ][gc,heap      ] GC(0) Humongous regions: 2->0
[2023-11-13T00:10:11.544+0000][1.276s][info ][gc,metaspace ] GC(0) Metaspace: 2366K(5760K)->2366K(5760K) NonClass: 2168K(5120K)->2168K(5120K) Class: 198K(640K)->198K(640K)
[2023-11-13T00:10:11.544+0000][1.276s][info ][gc           ] GC(0) Pause Young (Normal) (G1 Evacuation Pause) 58M->8M(252M) 13.563ms
[2023-11-13T00:10:11.544+0000][1.276s][info ][gc,cpu       ] GC(0) User=0.04s Sys=0.01s Real=0.01s
[2023-11-13T00:10:11.544+0000][1.276s][info ][safepoint    ] Leaving safepoint region
[2023-11-13T00:10:11.544+0000][1.276s][info ][safepoint    ] Total time for which application threads were stopped: 0.0137680 seconds, Stopping threads took: 0.0000326 seconds
[2023-11-13T00:10:11.544+0000][1.276s][info ][gc,stringdedup] Concurrent String Deduplication (1.276s)
[2023-11-13T00:10:11.545+0000][1.278s][info ][gc,stringdedup] Concurrent String Deduplication 258.4K->255.4K(3016.0B) avg 0.6% (1.276s, 1.278s) 1.506ms
[2023-11-13T00:10:11.666+0000][1.398s][debug][safepoint     ] Safepoint synchronization initiated. (10 threads)
[2023-11-13T00:10:11.666+0000][1.398s][info ][safepoint     ] Application time: 0.1219674 seconds
[2023-11-13T00:10:11.666+0000][1.398s][info ][safepoint     ] Entering safepoint region: Deoptimize
[2023-11-13T00:10:11.666+0000][1.398s][info ][safepoint     ] Leaving safepoint region
[2023-11-13T00:10:11.666+0000][1.398s][info ][safepoint     ] Total time for which application threads were stopped: 0.0002614 seconds, Stopping threads took: 0.0000165 seconds
[2023-11-13T00:10:11.675+0000][1.407s][debug][safepoint     ] Safepoint synchronization initiated. (10 threads)
[2023-11-13T00:10:11.675+0000][1.407s][info ][safepoint     ] Application time: 0.0088600 seconds
[2023-11-13T00:10:11.675+0000][1.407s][debug][safepoint     ] Waiting for 1 thread(s) to block
[2023-11-13T00:10:11.675+0000][1.407s][info ][safepoint     ] Entering safepoint region: Deoptimize
[2023-11-13T00:10:11.675+0000][1.407s][info ][safepoint     ] Leaving safepoint region
[2023-11-13T00:10:11.675+0000][1.407s][info ][safepoint     ] Total time for which application threads were stopped: 0.0002379 seconds, Stopping threads took: 0.0000497 seconds
[2023-11-13T00:10:11.768+0000][1.500s][debug][safepoint     ] Safepoint synchronization initiated. (10 threads)
[2023-11-13T00:10:11.768+0000][1.500s][info ][safepoint     ] Application time: 0.0930207 seconds
[2023-11-13T00:10:11.768+0000][1.500s][info ][safepoint     ] Entering safepoint region: Deoptimize
[2023-11-13T00:10:11.768+0000][1.501s][info ][safepoint     ] Leaving safepoint region
[2023-11-13T00:10:11.768+0000][1.501s][info ][safepoint     ] Total time for which application threads were stopped: 0.0002698 seconds, Stopping threads took: 0.0000162 seconds
[2023-11-13T00:10:11.782+0000][1.514s][debug][safepoint     ] Safepoint synchronization initiated. (10 threads)
[2023-11-13T00:10:11.782+0000][1.515s][info ][safepoint     ] Application time: 0.0138503 seconds
[2023-11-13T00:10:11.782+0000][1.515s][debug][safepoint     ] Waiting for 1 thread(s) to block
[2023-11-13T00:10:11.782+0000][1.515s][info ][safepoint     ] Entering safepoint region: Deoptimize
[2023-11-13T00:10:11.783+0000][1.515s][info ][safepoint     ] Leaving safepoint region
[2023-11-13T00:10:11.783+0000][1.515s][info ][safepoint     ] Total time for which application threads were stopped: 0.0006451 seconds, Stopping threads took: 0.0002143 seconds
[2023-11-13T00:10:12.721+0000][2.453s][debug][safepoint     ] Safepoint synchronization initiated. (11 threads)
[2023-11-13T00:10:12.722+0000][2.454s][info ][safepoint     ] Application time: 0.9385555 seconds
[2023-11-13T00:10:12.722+0000][2.454s][debug][safepoint     ] Waiting for 1 thread(s) to block
[2023-11-13T00:10:12.722+0000][2.454s][info ][safepoint     ] Entering safepoint region: G1CollectForAllocation
[2023-11-13T00:10:12.722+0000][2.455s][info ][gc,start      ] GC(1) Pause Young (Normal) (G1 Evacuation Pause)
[2023-11-13T00:10:12.723+0000][2.455s][info ][gc,task       ] GC(1) Using 6 workers of 6 for evacuation
[2023-11-13T00:10:12.738+0000][2.471s][info ][gc,phases     ] GC(1)   Pre Evacuate Collection Set: 0.0ms
[2023-11-13T00:10:12.739+0000][2.471s][info ][gc,phases     ] GC(1)   Evacuate Collection Set: 13.5ms
[2023-11-13T00:10:12.739+0000][2.471s][info ][gc,phases     ] GC(1)   Post Evacuate Collection Set: 2.0ms
[2023-11-13T00:10:12.739+0000][2.471s][info ][gc,phases     ] GC(1)   Other: 0.5ms
[2023-11-13T00:10:12.739+0000][2.471s][info ][gc,heap       ] GC(1) Eden regions: 143->0(140)
[2023-11-13T00:10:12.739+0000][2.471s][info ][gc,heap       ] GC(1) Survivor regions: 7->10(19)
[2023-11-13T00:10:12.739+0000][2.472s][info ][gc,heap       ] GC(1) Old regions: 3->3
[2023-11-13T00:10:12.739+0000][2.472s][info ][gc,heap       ] GC(1) Humongous regions: 0->0
[2023-11-13T00:10:12.740+0000][2.472s][info ][gc,metaspace  ] GC(1) Metaspace: 7630K(9344K)->7630K(9344K) NonClass: 6743K(8192K)->6743K(8192K) Class: 886K(1152K)->886K(1152K)
[2023-11-13T00:10:12.740+0000][2.472s][info ][gc            ] GC(1) Pause Young (Normal) (G1 Evacuation Pause) 151M->11M(252M) 17.296ms
[2023-11-13T00:10:12.740+0000][2.472s][info ][gc,cpu        ] GC(1) User=0.05s Sys=0.00s Real=0.02s
[2023-11-13T00:10:12.740+0000][2.472s][info ][safepoint     ] Leaving safepoint region
[2023-11-13T00:10:12.740+0000][2.472s][info ][safepoint     ] Total time for which application threads were stopped: 0.0183273 seconds, Stopping threads took: 0.0003054 seconds
[2023-11-13T00:10:13.323+0000][3.055s][debug][safepoint     ] Safepoint synchronization initiated. (11 threads)
[2023-11-13T00:10:13.323+0000][3.055s][info ][safepoint     ] Application time: 0.5827169 seconds
[2023-11-13T00:10:13.323+0000][3.055s][info ][safepoint     ] Entering safepoint region: Deoptimize
[2023-11-13T00:10:13.324+0000][3.056s][info ][safepoint     ] Leaving safepoint region
[2023-11-13T00:10:13.324+0000][3.056s][info ][safepoint     ] Total time for which application threads were stopped: 0.0006563 seconds, Stopping threads took: 0.0001263 seconds
[2023-11-13T00:10:13.492+0000][3.224s][debug][safepoint     ] Safepoint synchronization initiated. (11 threads)
[2023-11-13T00:10:13.492+0000][3.225s][info ][safepoint     ] Application time: 0.1684179 seconds
[2023-11-13T00:10:13.492+0000][3.225s][info ][safepoint     ] Entering safepoint region: ICBufferFull
[2023-11-13T00:10:13.493+0000][3.225s][info ][safepoint     ] Leaving safepoint region
[2023-11-13T00:10:13.493+0000][3.225s][info ][safepoint     ] Total time for which application threads were stopped: 0.0004436 seconds, Stopping threads took: 0.0001315 seconds
[2023-11-13T00:10:13.554+0000][3.286s][debug][safepoint     ] Safepoint synchronization initiated. (12 threads)
[2023-11-13T00:10:13.554+0000][3.287s][info ][safepoint     ] Application time: 0.0614262 seconds
[2023-11-13T00:10:13.555+0000][3.287s][debug][safepoint     ] Waiting for 2 thread(s) to block
[2023-11-13T00:10:13.555+0000][3.287s][info ][safepoint     ] Entering safepoint region: G1CollectForAllocation
[2023-11-13T00:10:13.555+0000][3.287s][info ][gc,start      ] GC(2) Pause Young (Normal) (G1 Evacuation Pause)
[2023-11-13T00:10:13.555+0000][3.287s][info ][gc,task       ] GC(2) Using 6 workers of 6 for evacuation
[2023-11-13T00:10:13.581+0000][3.313s][info ][gc,phases     ] GC(2)   Pre Evacuate Collection Set: 0.0ms
[2023-11-13T00:10:13.581+0000][3.313s][info ][gc,phases     ] GC(2)   Evacuate Collection Set: 23.6ms
[2023-11-13T00:10:13.581+0000][3.313s][info ][gc,phases     ] GC(2)   Post Evacuate Collection Set: 1.6ms
[2023-11-13T00:10:13.581+0000][3.313s][info ][gc,phases     ] GC(2)   Other: 0.4ms
[2023-11-13T00:10:13.581+0000][3.313s][info ][gc,heap       ] GC(2) Eden regions: 140->0(137)
[2023-11-13T00:10:13.581+0000][3.314s][info ][gc,heap       ] GC(2) Survivor regions: 10->13(19)
[2023-11-13T00:10:13.581+0000][3.314s][info ][gc,heap       ] GC(2) Old regions: 3->3
[2023-11-13T00:10:13.582+0000][3.314s][info ][gc,heap       ] GC(2) Humongous regions: 0->0
[2023-11-13T00:10:13.582+0000][3.314s][info ][gc,metaspace  ] GC(2) Metaspace: 12548K(13312K)->12548K(13312K) NonClass: 11001K(11520K)->11001K(11520K) Class: 1546K(1792K)->1546K(1792K)
[2023-11-13T00:10:13.582+0000][3.314s][info ][gc            ] GC(2) Pause Young (Normal) (G1 Evacuation Pause) 151M->14M(252M) 26.807ms
[2023-11-13T00:10:13.582+0000][3.314s][info ][gc,cpu        ] GC(2) User=0.09s Sys=0.00s Real=0.02s
[2023-11-13T00:10:13.582+0000][3.314s][info ][safepoint     ] Leaving safepoint region
[2023-11-13T00:10:13.582+0000][3.315s][info ][safepoint     ] Total time for which application threads were stopped: 0.0276940 seconds, Stopping threads took: 0.0003057 seconds
[2023-11-13T00:10:13.582+0000][3.315s][info ][gc,stringdedup] Concurrent String Deduplication (3.315s)
[2023-11-13T00:10:13.593+0000][3.325s][info ][gc,stringdedup] Concurrent String Deduplication 1923.9K->1730.9K(193.0K) avg 8.0% (3.315s, 3.325s) 10.379ms
[2023-11-13T00:10:13.930+0000][3.662s][debug][safepoint     ] Safepoint synchronization initiated. (13 threads)
[2023-11-13T00:10:13.930+0000][3.662s][info ][safepoint     ] Application time: 0.3478001 seconds
[2023-11-13T00:10:13.934+0000][3.666s][debug][safepoint     ] ... found polling page loop exception at pc = 0x00007f379833e30c, stub =0x00007f3790841b00
[2023-11-13T00:10:13.935+0000][3.667s][debug][safepoint     ] Waiting for 1 thread(s) to block
[2023-11-13T00:10:13.935+0000][3.667s][info ][safepoint     ] Entering safepoint region: G1CollectForAllocation
[2023-11-13T00:10:13.935+0000][3.668s][info ][gc,start      ] GC(3) Pause Young (Normal) (G1 Evacuation Pause)
[2023-11-13T00:10:13.935+0000][3.668s][info ][gc,task       ] GC(3) Using 6 workers of 6 for evacuation
[2023-11-13T00:10:13.951+0000][3.683s][info ][gc,phases     ] GC(3)   Pre Evacuate Collection Set: 0.0ms
[2023-11-13T00:10:13.951+0000][3.683s][info ][gc,phases     ] GC(3)   Evacuate Collection Set: 13.8ms
[2023-11-13T00:10:13.951+0000][3.683s][info ][gc,phases     ] GC(3)   Post Evacuate Collection Set: 1.7ms
[2023-11-13T00:10:13.951+0000][3.683s][info ][gc,phases     ] GC(3)   Other: 0.2ms
[2023-11-13T00:10:13.951+0000][3.683s][info ][gc,heap       ] GC(3) Eden regions: 137->0(143)
[2023-11-13T00:10:13.951+0000][3.683s][info ][gc,heap       ] GC(3) Survivor regions: 13->7(19)
[2023-11-13T00:10:13.951+0000][3.683s][info ][gc,heap       ] GC(3) Old regions: 3->10
[2023-11-13T00:10:13.951+0000][3.683s][info ][gc,heap       ] GC(3) Humongous regions: 0->0
[2023-11-13T00:10:13.951+0000][3.683s][info ][gc,metaspace  ] GC(3) Metaspace: 16703K(17536K)->16703K(17536K) NonClass: 14559K(15104K)->14559K(15104K) Class: 2143K(2432K)->2143K(2432K)
[2023-11-13T00:10:13.951+0000][3.683s][info ][gc            ] GC(3) Pause Young (Normal) (G1 Evacuation Pause) 151M->15M(252M) 15.917ms
[2023-11-13T00:10:13.951+0000][3.683s][info ][gc,cpu        ] GC(3) User=0.04s Sys=0.02s Real=0.01s
[2023-11-13T00:10:13.951+0000][3.683s][info ][safepoint     ] Leaving safepoint region
[2023-11-13T00:10:13.951+0000][3.683s][info ][safepoint     ] Total time for which application threads were stopped: 0.0210256 seconds, Stopping threads took: 0.0048553 seconds
[2023-11-13T00:10:13.951+0000][3.684s][info ][gc,stringdedup] Concurrent String Deduplication (3.684s)
[2023-11-13T00:10:13.953+0000][3.685s][info ][gc,stringdedup] Concurrent String Deduplication 176.7K->59296.0B(118.8K) avg 12.0% (3.684s, 3.685s) 1.487ms
[2023-11-13T00:10:13.983+0000][3.715s][debug][safepoint     ] Safepoint synchronization initiated. (13 threads)
[2023-11-13T00:10:13.983+0000][3.715s][info ][safepoint     ] Application time: 0.0316924 seconds
[2023-11-13T00:10:13.983+0000][3.715s][debug][safepoint     ] ... found polling page return exception at pc = 0x00007f379129546d, stub =0x00007f3790841800
[2023-11-13T00:10:13.983+0000][3.715s][debug][safepoint     ] Waiting for 1 thread(s) to block
[2023-11-13T00:10:13.983+0000][3.715s][info ][safepoint     ] Entering safepoint region: Deoptimize
[2023-11-13T00:10:13.983+0000][3.716s][info ][safepoint     ] Leaving safepoint region
[2023-11-13T00:10:13.983+0000][3.716s][info ][safepoint     ] Total time for which application threads were stopped: 0.0005109 seconds, Stopping threads took: 0.0001164 seconds
[2023-11-13T00:10:13.998+0000][3.730s][debug][safepoint     ] Safepoint synchronization initiated. (13 threads)
[2023-11-13T00:10:13.998+0000][3.730s][info ][safepoint     ] Application time: 0.0146740 seconds
[2023-11-13T00:10:13.998+0000][3.730s][debug][safepoint     ] ... found polling page return exception at pc = 0x00007f37982e276a, stub =0x00007f3790841800
[2023-11-13T00:10:13.998+0000][3.730s][debug][safepoint     ] Waiting for 1 thread(s) to block
[2023-11-13T00:10:13.998+0000][3.731s][info ][safepoint     ] Entering safepoint region: Deoptimize
[2023-11-13T00:10:13.999+0000][3.731s][info ][safepoint     ] Leaving safepoint region
[2023-11-13T00:10:13.999+0000][3.731s][info ][safepoint     ] Total time for which application threads were stopped: 0.0005216 seconds, Stopping threads took: 0.0001248 seconds
[2023-11-13T00:10:14.186+0000][3.918s][debug][safepoint     ] Safepoint synchronization initiated. (13 threads)
[2023-11-13T00:10:14.186+0000][3.918s][info ][safepoint     ] Application time: 0.1873621 seconds
[2023-11-13T00:10:14.186+0000][3.918s][debug][safepoint     ] ... found polling page loop exception at pc = 0x00007f3798356ddd, stub =0x00007f3790841b00
[2023-11-13T00:10:14.186+0000][3.918s][debug][safepoint     ] Waiting for 1 thread(s) to block
[2023-11-13T00:10:14.187+0000][3.919s][info ][safepoint     ] Entering safepoint region: Deoptimize
[2023-11-13T00:10:14.187+0000][3.919s][info ][safepoint     ] Leaving safepoint region
[2023-11-13T00:10:14.187+0000][3.919s][info ][safepoint     ] Total time for which application threads were stopped: 0.0009808 seconds, Stopping threads took: 0.0005375 seconds
[2023-11-13T00:10:14.376+0000][4.108s][debug][safepoint     ] Safepoint synchronization initiated. (13 threads)
[2023-11-13T00:10:14.376+0000][4.108s][info ][safepoint     ] Application time: 0.1891322 seconds
[2023-11-13T00:10:14.376+0000][4.108s][info ][safepoint     ] Entering safepoint region: CollectForMetadataAllocation
[2023-11-13T00:10:14.378+0000][4.110s][info ][gc,start      ] GC(4) Pause Young (Concurrent Start) (Metadata GC Threshold)
[2023-11-13T00:10:14.378+0000][4.110s][info ][gc,task       ] GC(4) Using 6 workers of 6 for evacuation
[2023-11-13T00:10:14.394+0000][4.127s][info ][gc,phases     ] GC(4)   Pre Evacuate Collection Set: 0.1ms
[2023-11-13T00:10:14.394+0000][4.127s][info ][gc,phases     ] GC(4)   Evacuate Collection Set: 11.4ms
[2023-11-13T00:10:14.394+0000][4.127s][info ][gc,phases     ] GC(4)   Post Evacuate Collection Set: 4.5ms
[2023-11-13T00:10:14.394+0000][4.127s][info ][gc,phases     ] GC(4)   Other: 0.4ms
[2023-11-13T00:10:14.394+0000][4.127s][info ][gc,heap       ] GC(4) Eden regions: 126->0(173)
[2023-11-13T00:10:14.395+0000][4.127s][info ][gc,heap       ] GC(4) Survivor regions: 7->8(19)
[2023-11-13T00:10:14.395+0000][4.127s][info ][gc,heap       ] GC(4) Old regions: 10->10
[2023-11-13T00:10:14.395+0000][4.127s][info ][gc,heap       ] GC(4) Humongous regions: 0->0
[2023-11-13T00:10:14.395+0000][4.127s][info ][gc,metaspace  ] GC(4) Metaspace: 20520K(21248K)->20520K(21248K) NonClass: 17942K(18432K)->17942K(18432K) Class: 2578K(2816K)->2578K(2816K)
[2023-11-13T00:10:14.395+0000][4.127s][info ][gc            ] GC(4) Pause Young (Concurrent Start) (Metadata GC Threshold) 141M->16M(303M) 16.576ms
[2023-11-13T00:10:14.395+0000][4.127s][info ][gc,cpu        ] GC(4) User=0.04s Sys=0.01s Real=0.02s
[2023-11-13T00:10:14.395+0000][4.127s][info ][safepoint     ] Leaving safepoint region
[2023-11-13T00:10:14.395+0000][4.127s][info ][safepoint     ] Total time for which application threads were stopped: 0.0184960 seconds, Stopping threads took: 0.0000177 seconds
[2023-11-13T00:10:14.395+0000][4.127s][info ][gc            ] GC(5) Concurrent Cycle
[2023-11-13T00:10:14.395+0000][4.127s][debug][safepoint     ] Safepoint synchronization initiated. (13 threads)
[2023-11-13T00:10:14.395+0000][4.127s][info ][safepoint     ] Application time: 0.0003241 seconds
[2023-11-13T00:10:14.395+0000][4.127s][debug][safepoint     ] Waiting for 1 thread(s) to block
[2023-11-13T00:10:14.395+0000][4.127s][info ][gc,marking    ] GC(5) Concurrent Clear Claimed Marks
[2023-11-13T00:10:14.395+0000][4.128s][info ][gc,marking    ] GC(5) Concurrent Clear Claimed Marks 0.412ms
[2023-11-13T00:10:14.396+0000][4.128s][info ][gc,marking    ] GC(5) Concurrent Scan Root Regions
[2023-11-13T00:10:14.396+0000][4.128s][info ][safepoint     ] Entering safepoint region: CollectForMetadataAllocation
[2023-11-13T00:10:14.396+0000][4.128s][info ][safepoint     ] Leaving safepoint region
[2023-11-13T00:10:14.396+0000][4.129s][info ][safepoint     ] Total time for which application threads were stopped: 0.0011816 seconds, Stopping threads took: 0.0009344 seconds
[2023-11-13T00:10:14.396+0000][4.129s][info ][gc,stringdedup] Concurrent String Deduplication (4.129s)
[2023-11-13T00:10:14.399+0000][4.131s][info ][gc,stringdedup] Concurrent String Deduplication 221.8K->132.5K(91424.0B) avg 14.2% (4.129s, 4.131s) 2.487ms
[2023-11-13T00:10:14.400+0000][4.133s][info ][gc,marking    ] GC(5) Concurrent Scan Root Regions 4.656ms
[2023-11-13T00:10:14.400+0000][4.133s][info ][gc,marking    ] GC(5) Concurrent Mark (4.133s)
[2023-11-13T00:10:14.400+0000][4.133s][info ][gc,marking    ] GC(5) Concurrent Mark From Roots
[2023-11-13T00:10:14.400+0000][4.133s][info ][gc,task       ] GC(5) Using 2 workers of 2 for marking
[2023-11-13T00:10:14.406+0000][4.138s][debug][safepoint     ] Safepoint synchronization initiated. (13 threads)
[2023-11-13T00:10:14.406+0000][4.139s][info ][safepoint     ] Application time: 0.0098850 seconds
[2023-11-13T00:10:14.406+0000][4.139s][debug][safepoint     ] ... found polling page return exception at pc = 0x00007f379842d389, stub =0x00007f3790841800
[2023-11-13T00:10:14.407+0000][4.139s][debug][safepoint     ] Waiting for 1 thread(s) to block
[2023-11-13T00:10:14.407+0000][4.139s][info ][safepoint     ] Entering safepoint region: CollectForMetadataAllocation
[2023-11-13T00:10:14.407+0000][4.139s][info ][safepoint     ] Leaving safepoint region
[2023-11-13T00:10:14.407+0000][4.139s][info ][safepoint     ] Total time for which application threads were stopped: 0.0005212 seconds, Stopping threads took: 0.0004284 seconds
[2023-11-13T00:10:14.410+0000][4.143s][info ][gc,marking    ] GC(5) Concurrent Mark From Roots 10.143ms
[2023-11-13T00:10:14.410+0000][4.143s][info ][gc,marking    ] GC(5) Concurrent Preclean
[2023-11-13T00:10:14.411+0000][4.143s][info ][gc,marking    ] GC(5) Concurrent Preclean 0.166ms
[2023-11-13T00:10:14.411+0000][4.143s][info ][gc,marking    ] GC(5) Concurrent Mark (4.133s, 4.143s) 10.407ms
[2023-11-13T00:10:14.411+0000][4.143s][debug][safepoint     ] Safepoint synchronization initiated. (13 threads)
[2023-11-13T00:10:14.411+0000][4.143s][info ][safepoint     ] Application time: 0.0037724 seconds
[2023-11-13T00:10:14.411+0000][4.143s][debug][safepoint     ] ... found polling page return exception at pc = 0x00007f3798433ae3, stub =0x00007f3790841800
[2023-11-13T00:10:14.411+0000][4.143s][debug][safepoint     ] ... found polling page return exception at pc = 0x00007f379842d389, stub =0x00007f3790841800
[2023-11-13T00:10:14.411+0000][4.143s][debug][safepoint     ] Waiting for 2 thread(s) to block
[2023-11-13T00:10:14.411+0000][4.144s][info ][safepoint     ] Entering safepoint region: CGC_Operation
[2023-11-13T00:10:14.411+0000][4.144s][info ][gc,start      ] GC(5) Pause Remark
[2023-11-13T00:10:14.415+0000][4.147s][info ][gc,stringtable] GC(5) Cleaned string and symbol table, strings: 8086 processed, 7 removed, symbols: 55714 processed, 114 removed
[2023-11-13T00:10:14.415+0000][4.148s][info ][gc            ] GC(5) Pause Remark 19M->19M(303M) 4.054ms
[2023-11-13T00:10:14.416+0000][4.148s][info ][gc,cpu        ] GC(5) User=0.01s Sys=0.00s Real=0.01s
[2023-11-13T00:10:14.416+0000][4.148s][info ][safepoint     ] Leaving safepoint region
[2023-11-13T00:10:14.416+0000][4.148s][info ][safepoint     ] Total time for which application threads were stopped: 0.0051531 seconds, Stopping threads took: 0.0005674 seconds
[2023-11-13T00:10:14.416+0000][4.148s][info ][gc,marking    ] GC(5) Concurrent Rebuild Remembered Sets
[2023-11-13T00:10:14.422+0000][4.154s][info ][gc,marking    ] GC(5) Concurrent Rebuild Remembered Sets 5.645ms
[2023-11-13T00:10:14.422+0000][4.154s][debug][safepoint     ] Safepoint synchronization initiated. (13 threads)
[2023-11-13T00:10:14.422+0000][4.154s][info ][safepoint     ] Application time: 0.0059945 seconds
[2023-11-13T00:10:14.422+0000][4.154s][debug][safepoint     ] ... found polling page return exception at pc = 0x00007f3798354175, stub =0x00007f3790841800
[2023-11-13T00:10:14.422+0000][4.155s][debug][safepoint     ] ... found polling page return exception at pc = 0x00007f37984137df, stub =0x00007f3790841800
[2023-11-13T00:10:14.422+0000][4.155s][debug][safepoint     ] Waiting for 2 thread(s) to block
[2023-11-13T00:10:14.423+0000][4.155s][info ][safepoint     ] Entering safepoint region: CGC_Operation
[2023-11-13T00:10:14.423+0000][4.155s][info ][gc,start      ] GC(5) Pause Cleanup
[2023-11-13T00:10:14.423+0000][4.155s][info ][gc            ] GC(5) Pause Cleanup 20M->20M(303M) 0.153ms
[2023-11-13T00:10:14.423+0000][4.155s][info ][gc,cpu        ] GC(5) User=0.01s Sys=0.00s Real=0.00s
[2023-11-13T00:10:14.423+0000][4.155s][info ][safepoint     ] Leaving safepoint region
[2023-11-13T00:10:14.423+0000][4.155s][info ][safepoint     ] Total time for which application threads were stopped: 0.0009219 seconds, Stopping threads took: 0.0006082 seconds
[2023-11-13T00:10:14.423+0000][4.155s][info ][gc,marking    ] GC(5) Concurrent Cleanup for Next Mark
[2023-11-13T00:10:14.426+0000][4.158s][info ][gc,marking    ] GC(5) Concurrent Cleanup for Next Mark 3.049ms
[2023-11-13T00:10:14.426+0000][4.159s][info ][gc            ] GC(5) Concurrent Cycle 31.538ms
[2023-11-13T00:10:14.696+0000][4.429s][debug][safepoint     ] Safepoint synchronization initiated. (13 threads)
[2023-11-13T00:10:14.697+0000][4.429s][info ][safepoint     ] Application time: 0.2735208 seconds
[2023-11-13T00:10:14.697+0000][4.429s][debug][safepoint     ] Waiting for 1 thread(s) to block
[2023-11-13T00:10:14.697+0000][4.429s][info ][safepoint     ] Entering safepoint region: Deoptimize
[2023-11-13T00:10:14.697+0000][4.430s][info ][safepoint     ] Leaving safepoint region
[2023-11-13T00:10:14.697+0000][4.430s][info ][safepoint     ] Total time for which application threads were stopped: 0.0008219 seconds, Stopping threads took: 0.0002942 seconds
[2023-11-13T00:10:15.244+0000][4.977s][debug][safepoint     ] Safepoint synchronization initiated. (12 threads)
[2023-11-13T00:10:15.244+0000][4.977s][info ][safepoint     ] Application time: 0.5471191 seconds
[2023-11-13T00:10:15.245+0000][4.977s][info ][safepoint     ] Entering safepoint region: G1CollectForAllocation
[2023-11-13T00:10:15.245+0000][4.977s][info ][gc,start      ] GC(6) Pause Young (Normal) (G1 Evacuation Pause)
[2023-11-13T00:10:15.245+0000][4.977s][info ][gc,task       ] GC(6) Using 6 workers of 6 for evacuation
[2023-11-13T00:10:15.277+0000][5.009s][info ][gc,phases     ] GC(6)   Pre Evacuate Collection Set: 0.0ms
[2023-11-13T00:10:15.277+0000][5.009s][info ][gc,phases     ] GC(6)   Evacuate Collection Set: 29.2ms
[2023-11-13T00:10:15.277+0000][5.009s][info ][gc,phases     ] GC(6)   Post Evacuate Collection Set: 2.8ms
[2023-11-13T00:10:15.277+0000][5.009s][info ][gc,phases     ] GC(6)   Other: 0.2ms
[2023-11-13T00:10:15.277+0000][5.009s][info ][gc,heap       ] GC(6) Eden regions: 173->0(168)
[2023-11-13T00:10:15.277+0000][5.009s][info ][gc,heap       ] GC(6) Survivor regions: 8->13(23)
[2023-11-13T00:10:15.277+0000][5.009s][info ][gc,heap       ] GC(6) Old regions: 10->10
[2023-11-13T00:10:15.277+0000][5.009s][info ][gc,heap       ] GC(6) Humongous regions: 0->0
[2023-11-13T00:10:15.277+0000][5.009s][info ][gc,metaspace  ] GC(6) Metaspace: 24082K(25212K)->24082K(25212K) NonClass: 21051K(21760K)->21051K(21760K) Class: 3031K(3452K)->3031K(3452K)
[2023-11-13T00:10:15.277+0000][5.009s][info ][gc            ] GC(6) Pause Young (Normal) (G1 Evacuation Pause) 189M->20M(303M) 32.458ms
[2023-11-13T00:10:15.277+0000][5.009s][info ][gc,cpu        ] GC(6) User=0.12s Sys=0.00s Real=0.04s
[2023-11-13T00:10:15.277+0000][5.009s][info ][safepoint     ] Leaving safepoint region
[2023-11-13T00:10:15.277+0000][5.009s][info ][safepoint     ] Total time for which application threads were stopped: 0.0327117 seconds, Stopping threads took: 0.0000181 seconds
[2023-11-13T00:10:15.277+0000][5.010s][info ][gc,stringdedup] Concurrent String Deduplication (5.010s)
[2023-11-13T00:10:15.278+0000][5.010s][info ][gc,stringdedup] Concurrent String Deduplication 120.8K->25728.0B(97960.0B) avg 16.8% (5.010s, 5.010s) 0.889ms
[2023-11-13T00:10:16.143+0000][5.875s][debug][safepoint     ] Safepoint synchronization initiated. (12 threads)
[2023-11-13T00:10:16.143+0000][5.875s][info ][safepoint     ] Application time: 0.8656291 seconds
[2023-11-13T00:10:16.143+0000][5.875s][info ][safepoint     ] Entering safepoint region: ICBufferFull
[2023-11-13T00:10:16.143+0000][5.875s][info ][safepoint     ] Leaving safepoint region
[2023-11-13T00:10:16.143+0000][5.875s][info ][safepoint     ] Total time for which application threads were stopped: 0.0002472 seconds, Stopping threads took: 0.0000178 seconds
[2023-11-13T00:10:16.236+0000][5.969s][debug][safepoint     ] Safepoint synchronization initiated. (12 threads)
[2023-11-13T00:10:16.236+0000][5.969s][info ][safepoint     ] Application time: 0.0932635 seconds
[2023-11-13T00:10:16.236+0000][5.969s][info ][safepoint     ] Entering safepoint region: G1CollectForAllocation
[2023-11-13T00:10:16.237+0000][5.969s][info ][gc,start      ] GC(7) Pause Young (Normal) (G1 Evacuation Pause)
[2023-11-13T00:10:16.237+0000][5.969s][info ][gc,task       ] GC(7) Using 6 workers of 6 for evacuation
[2023-11-13T00:10:16.259+0000][5.992s][info ][gc,phases     ] GC(7)   Pre Evacuate Collection Set: 0.0ms
[2023-11-13T00:10:16.260+0000][5.992s][info ][gc,phases     ] GC(7)   Evacuate Collection Set: 20.3ms
[2023-11-13T00:10:16.260+0000][5.992s][info ][gc,phases     ] GC(7)   Post Evacuate Collection Set: 2.3ms
[2023-11-13T00:10:16.260+0000][5.992s][info ][gc,phases     ] GC(7)   Other: 0.2ms
[2023-11-13T00:10:16.260+0000][5.992s][info ][gc,heap       ] GC(7) Eden regions: 168->0(164)
[2023-11-13T00:10:16.260+0000][5.992s][info ][gc,heap       ] GC(7) Survivor regions: 13->17(23)
[2023-11-13T00:10:16.260+0000][5.992s][info ][gc,heap       ] GC(7) Old regions: 10->10
[2023-11-13T00:10:16.260+0000][5.992s][info ][gc,heap       ] GC(7) Humongous regions: 0->0
[2023-11-13T00:10:16.260+0000][5.992s][info ][gc,metaspace  ] GC(7) Metaspace: 24713K(25724K)->24713K(25724K) NonClass: 21620K(22272K)->21620K(22272K) Class: 3092K(3452K)->3092K(3452K)
[2023-11-13T00:10:16.260+0000][5.992s][info ][gc            ] GC(7) Pause Young (Normal) (G1 Evacuation Pause) 188M->25M(303M) 22.980ms
[2023-11-13T00:10:16.260+0000][5.992s][info ][gc,cpu        ] GC(7) User=0.09s Sys=0.00s Real=0.02s
[2023-11-13T00:10:16.260+0000][5.992s][info ][safepoint     ] Leaving safepoint region
[2023-11-13T00:10:16.260+0000][5.992s][info ][safepoint     ] Total time for which application threads were stopped: 0.0232685 seconds, Stopping threads took: 0.0000184 seconds
[2023-11-13T00:10:16.260+0000][5.992s][info ][gc,stringdedup] Concurrent String Deduplication (5.992s)
[2023-11-13T00:10:16.264+0000][5.996s][info ][gc,stringdedup] Concurrent String Deduplication 805.3K->731.9K(75232.0B) avg 15.2% (5.992s, 5.996s) 3.726ms
[2023-11-13T00:10:16.765+0000][6.497s][debug][safepoint     ] Safepoint synchronization initiated. (13 threads)
[2023-11-13T00:10:16.765+0000][6.497s][info ][safepoint     ] Application time: 0.5049483 seconds
[2023-11-13T00:10:16.765+0000][6.497s][debug][safepoint     ] Waiting for 1 thread(s) to block
[2023-11-13T00:10:16.765+0000][6.497s][info ][safepoint     ] Entering safepoint region: G1CollectForAllocation
[2023-11-13T00:10:16.765+0000][6.498s][info ][gc,start      ] GC(8) Pause Young (Normal) (G1 Evacuation Pause)
[2023-11-13T00:10:16.765+0000][6.498s][info ][gc,task       ] GC(8) Using 6 workers of 6 for evacuation
[2023-11-13T00:10:16.791+0000][6.523s][info ][gc,phases     ] GC(8)   Pre Evacuate Collection Set: 0.0ms
[2023-11-13T00:10:16.791+0000][6.524s][info ][gc,phases     ] GC(8)   Evacuate Collection Set: 24.0ms
[2023-11-13T00:10:16.791+0000][6.524s][info ][gc,phases     ] GC(8)   Post Evacuate Collection Set: 1.7ms
[2023-11-13T00:10:16.791+0000][6.524s][info ][gc,phases     ] GC(8)   Other: 0.2ms
[2023-11-13T00:10:16.791+0000][6.524s][info ][gc,heap       ] GC(8) Eden regions: 164->0(166)
[2023-11-13T00:10:16.791+0000][6.524s][info ][gc,heap       ] GC(8) Survivor regions: 17->15(23)
[2023-11-13T00:10:16.791+0000][6.524s][info ][gc,heap       ] GC(8) Old regions: 10->15
[2023-11-13T00:10:16.791+0000][6.524s][info ][gc,heap       ] GC(8) Humongous regions: 0->0
[2023-11-13T00:10:16.791+0000][6.524s][info ][gc,metaspace  ] GC(8) Metaspace: 25793K(26876K)->25793K(26876K) NonClass: 22619K(23296K)->22619K(23296K) Class: 3174K(3580K)->3174K(3580K)
[2023-11-13T00:10:16.791+0000][6.524s][info ][gc            ] GC(8) Pause Young (Normal) (G1 Evacuation Pause) 189M->27M(303M) 26.024ms
[2023-11-13T00:10:16.791+0000][6.524s][info ][gc,cpu        ] GC(8) User=0.08s Sys=0.01s Real=0.03s
[2023-11-13T00:10:16.791+0000][6.524s][info ][safepoint     ] Leaving safepoint region
[2023-11-13T00:10:16.791+0000][6.524s][info ][safepoint     ] Total time for which application threads were stopped: 0.0267879 seconds, Stopping threads took: 0.0004471 seconds
[2023-11-13T00:10:16.794+0000][6.526s][info ][gc,stringdedup] Concurrent String Deduplication (6.526s)
[2023-11-13T00:10:16.806+0000][6.539s][info ][gc,stringdedup] Concurrent String Deduplication 1339.8K->700.3K(639.5K) avg 23.7% (6.526s, 6.539s) 12.194ms
[2023-11-13T00:10:17.052+0000][6.785s][debug][safepoint     ] Safepoint synchronization initiated. (13 threads)
[2023-11-13T00:10:17.052+0000][6.785s][info ][safepoint     ] Application time: 0.2608577 seconds
[2023-11-13T00:10:17.052+0000][6.785s][info ][safepoint     ] Entering safepoint region: G1CollectForAllocation
[2023-11-13T00:10:17.053+0000][6.785s][info ][gc,start      ] GC(9) Pause Young (Normal) (G1 Evacuation Pause)
[2023-11-13T00:10:17.053+0000][6.785s][info ][gc,task       ] GC(9) Using 6 workers of 6 for evacuation
[2023-11-13T00:10:17.072+0000][6.804s][info ][gc,phases     ] GC(9)   Pre Evacuate Collection Set: 0.0ms
[2023-11-13T00:10:17.072+0000][6.804s][info ][gc,phases     ] GC(9)   Evacuate Collection Set: 13.8ms
[2023-11-13T00:10:17.072+0000][6.804s][info ][gc,phases     ] GC(9)   Post Evacuate Collection Set: 5.5ms
[2023-11-13T00:10:17.072+0000][6.804s][info ][gc,phases     ] GC(9)   Other: 0.2ms
[2023-11-13T00:10:17.072+0000][6.804s][info ][gc,heap       ] GC(9) Eden regions: 166->0(222)
[2023-11-13T00:10:17.072+0000][6.804s][info ][gc,heap       ] GC(9) Survivor regions: 15->12(23)
[2023-11-13T00:10:17.072+0000][6.804s][info ][gc,heap       ] GC(9) Old regions: 15->18
[2023-11-13T00:10:17.072+0000][6.804s][info ][gc,heap       ] GC(9) Humongous regions: 0->0
[2023-11-13T00:10:17.072+0000][6.804s][info ][gc,metaspace  ] GC(9) Metaspace: 26338K(27388K)->26338K(27388K) NonClass: 23115K(23808K)->23115K(23808K) Class: 3223K(3580K)->3223K(3580K)
[2023-11-13T00:10:17.072+0000][6.804s][info ][gc            ] GC(9) Pause Young (Normal) (G1 Evacuation Pause) 193M->27M(390M) 19.673ms
[2023-11-13T00:10:17.072+0000][6.805s][info ][gc,cpu        ] GC(9) User=0.04s Sys=0.01s Real=0.02s
[2023-11-13T00:10:17.072+0000][6.805s][info ][safepoint     ] Leaving safepoint region
[2023-11-13T00:10:17.072+0000][6.805s][info ][safepoint     ] Total time for which application threads were stopped: 0.0198918 seconds, Stopping threads took: 0.0000290 seconds
[2023-11-13T00:10:17.072+0000][6.805s][info ][gc,stringdedup] Concurrent String Deduplication (6.805s)
[2023-11-13T00:10:17.081+0000][6.813s][info ][gc,stringdedup] Concurrent String Deduplication 1169.4K->356.3K(813.1K) avg 32.2% (6.805s, 6.813s) 8.367ms
[2023-11-13T00:10:17.980+0000][7.713s][debug][safepoint     ] Safepoint synchronization initiated. (12 threads)
[2023-11-13T00:10:17.980+0000][7.713s][info ][safepoint     ] Application time: 0.9081478 seconds
[2023-11-13T00:10:17.980+0000][7.713s][info ][safepoint     ] Entering safepoint region: G1CollectForAllocation
[2023-11-13T00:10:17.981+0000][7.713s][info ][gc,start      ] GC(10) Pause Young (Normal) (G1 Evacuation Pause)
[2023-11-13T00:10:17.981+0000][7.713s][info ][gc,task       ] GC(10) Using 6 workers of 6 for evacuation
[2023-11-13T00:10:17.992+0000][7.724s][info ][gc,phases     ] GC(10)   Pre Evacuate Collection Set: 0.0ms
[2023-11-13T00:10:17.992+0000][7.724s][info ][gc,phases     ] GC(10)   Evacuate Collection Set: 9.2ms
[2023-11-13T00:10:17.992+0000][7.724s][info ][gc,phases     ] GC(10)   Post Evacuate Collection Set: 1.8ms
[2023-11-13T00:10:17.992+0000][7.724s][info ][gc,phases     ] GC(10)   Other: 0.2ms
[2023-11-13T00:10:17.992+0000][7.724s][info ][gc,heap       ] GC(10) Eden regions: 222->0(222)
[2023-11-13T00:10:17.992+0000][7.724s][info ][gc,heap       ] GC(10) Survivor regions: 12->12(30)
[2023-11-13T00:10:17.992+0000][7.724s][info ][gc,heap       ] GC(10) Old regions: 18->18
[2023-11-13T00:10:17.992+0000][7.724s][info ][gc,heap       ] GC(10) Humongous regions: 0->0
[2023-11-13T00:10:17.992+0000][7.724s][info ][gc,metaspace  ] GC(10) Metaspace: 31863K(33148K)->31863K(33148K) NonClass: 28048K(28928K)->28048K(28928K) Class: 3815K(4220K)->3815K(4220K)
[2023-11-13T00:10:17.992+0000][7.724s][info ][gc            ] GC(10) Pause Young (Normal) (G1 Evacuation Pause) 249M->27M(390M) 11.436ms
[2023-11-13T00:10:17.992+0000][7.724s][info ][gc,cpu        ] GC(10) User=0.04s Sys=0.00s Real=0.01s
[2023-11-13T00:10:17.992+0000][7.724s][info ][safepoint     ] Leaving safepoint region
[2023-11-13T00:10:17.992+0000][7.724s][info ][safepoint     ] Total time for which application threads were stopped: 0.0117692 seconds, Stopping threads took: 0.0000166 seconds
[2023-11-13T00:10:17.992+0000][7.725s][info ][gc,stringdedup] Concurrent String Deduplication (7.725s)
[2023-11-13T00:10:17.996+0000][7.728s][info ][gc,stringdedup] Concurrent String Deduplication 1196.1K->261.5K(934.6K) avg 39.6% (7.725s, 7.728s) 3.343ms
[2023-11-13T00:10:18.395+0000][8.127s][debug][safepoint     ] Safepoint synchronization initiated. (12 threads)
[2023-11-13T00:10:18.395+0000][8.127s][info ][safepoint     ] Application time: 0.4028424 seconds
[2023-11-13T00:10:18.395+0000][8.127s][info ][safepoint     ] Entering safepoint region: Deoptimize
[2023-11-13T00:10:18.396+0000][8.128s][info ][safepoint     ] Leaving safepoint region
[2023-11-13T00:10:18.396+0000][8.128s][info ][safepoint     ] Total time for which application threads were stopped: 0.0006731 seconds, Stopping threads took: 0.0000175 seconds
[2023-11-13T00:10:18.746+0000][8.478s][debug][safepoint     ] Safepoint synchronization initiated. (12 threads)
[2023-11-13T00:10:18.746+0000][8.478s][info ][safepoint     ] Application time: 0.3502935 seconds
[2023-11-13T00:10:18.746+0000][8.478s][debug][safepoint     ] Waiting for 1 thread(s) to block
[2023-11-13T00:10:18.746+0000][8.479s][info ][safepoint     ] Entering safepoint region: G1CollectForAllocation
[2023-11-13T00:10:18.748+0000][8.481s][info ][gc,start      ] GC(11) Pause Young (Normal) (G1 Evacuation Pause)
[2023-11-13T00:10:18.748+0000][8.481s][info ][gc,task       ] GC(11) Using 6 workers of 6 for evacuation
[2023-11-13T00:10:18.762+0000][8.494s][info ][gc,phases     ] GC(11)   Pre Evacuate Collection Set: 0.0ms
[2023-11-13T00:10:18.762+0000][8.494s][info ][gc,phases     ] GC(11)   Evacuate Collection Set: 11.2ms
[2023-11-13T00:10:18.762+0000][8.494s][info ][gc,phases     ] GC(11)   Post Evacuate Collection Set: 1.9ms
[2023-11-13T00:10:18.762+0000][8.494s][info ][gc,phases     ] GC(11)   Other: 0.2ms
[2023-11-13T00:10:18.762+0000][8.494s][info ][gc,heap       ] GC(11) Eden regions: 222->0(221)
[2023-11-13T00:10:18.762+0000][8.494s][info ][gc,heap       ] GC(11) Survivor regions: 12->13(30)
[2023-11-13T00:10:18.762+0000][8.494s][info ][gc,heap       ] GC(11) Old regions: 18->18
[2023-11-13T00:10:18.762+0000][8.494s][info ][gc,heap       ] GC(11) Humongous regions: 0->0
[2023-11-13T00:10:18.762+0000][8.494s][info ][gc,metaspace  ] GC(11) Metaspace: 32863K(34044K)->32863K(34044K) NonClass: 28910K(29696K)->28910K(29696K) Class: 3953K(4348K)->3953K(4348K)
[2023-11-13T00:10:18.762+0000][8.494s][info ][gc            ] GC(11) Pause Young (Normal) (G1 Evacuation Pause) 249M->28M(390M) 13.491ms
[2023-11-13T00:10:18.762+0000][8.494s][info ][gc,cpu        ] GC(11) User=0.06s Sys=0.01s Real=0.01s
[2023-11-13T00:10:18.762+0000][8.494s][info ][safepoint     ] Leaving safepoint region
[2023-11-13T00:10:18.762+0000][8.494s][info ][safepoint     ] Total time for which application threads were stopped: 0.0157734 seconds, Stopping threads took: 0.0002595 seconds
[2023-11-13T00:10:18.762+0000][8.495s][info ][gc,stringdedup] Concurrent String Deduplication (8.494s)
[2023-11-13T00:10:18.763+0000][8.495s][info ][gc,stringdedup] Concurrent String Deduplication 45304.0B->10248.0B(35056.0B) avg 39.8% (8.494s, 8.495s) 0.657ms
[2023-11-13T00:10:18.884+0000][8.617s][debug][safepoint     ] Safepoint synchronization initiated. (12 threads)
[2023-11-13T00:10:18.884+0000][8.617s][info ][safepoint     ] Application time: 0.1226019 seconds
[2023-11-13T00:10:18.885+0000][8.617s][info ][safepoint     ] Entering safepoint region: Deoptimize
[2023-11-13T00:10:18.885+0000][8.617s][info ][safepoint     ] Leaving safepoint region
[2023-11-13T00:10:18.885+0000][8.617s][info ][safepoint     ] Total time for which application threads were stopped: 0.0006663 seconds, Stopping threads took: 0.0000370 seconds
[2023-11-13T00:10:19.210+0000][8.943s][debug][safepoint     ] Safepoint synchronization initiated. (12 threads)
[2023-11-13T00:10:19.211+0000][8.943s][info ][safepoint     ] Application time: 0.3253292 seconds
[2023-11-13T00:10:19.211+0000][8.943s][info ][safepoint     ] Entering safepoint region: Deoptimize
[2023-11-13T00:10:19.211+0000][8.943s][info ][safepoint     ] Leaving safepoint region
[2023-11-13T00:10:19.211+0000][8.944s][info ][safepoint     ] Total time for which application threads were stopped: 0.0007094 seconds, Stopping threads took: 0.0000165 seconds
[2023-11-13T00:10:19.219+0000][8.952s][debug][safepoint     ] Safepoint synchronization initiated. (12 threads)
[2023-11-13T00:10:19.219+0000][8.952s][info ][safepoint     ] Application time: 0.0080601 seconds
[2023-11-13T00:10:19.219+0000][8.952s][info ][safepoint     ] Entering safepoint region: Deoptimize
[2023-11-13T00:10:19.220+0000][8.952s][info ][safepoint     ] Leaving safepoint region
[2023-11-13T00:10:19.220+0000][8.952s][info ][safepoint     ] Total time for which application threads were stopped: 0.0003696 seconds, Stopping threads took: 0.0000144 seconds
[2023-11-13T00:10:19.250+0000][8.982s][debug][safepoint     ] Safepoint synchronization initiated. (12 threads)
[2023-11-13T00:10:19.250+0000][8.982s][info ][safepoint     ] Application time: 0.0304928 seconds
[2023-11-13T00:10:19.250+0000][8.983s][info ][safepoint     ] Entering safepoint region: Deoptimize
[2023-11-13T00:10:19.251+0000][8.983s][info ][safepoint     ] Leaving safepoint region
[2023-11-13T00:10:19.251+0000][8.983s][info ][safepoint     ] Total time for which application threads were stopped: 0.0006672 seconds, Stopping threads took: 0.0000173 seconds
[2023-11-13T00:10:19.323+0000][9.055s][debug][safepoint     ] Safepoint synchronization initiated. (12 threads)
[2023-11-13T00:10:19.323+0000][9.055s][info ][safepoint     ] Application time: 0.0717774 seconds
[2023-11-13T00:10:19.323+0000][9.055s][info ][safepoint     ] Entering safepoint region: Deoptimize
[2023-11-13T00:10:19.323+0000][9.056s][info ][safepoint     ] Leaving safepoint region
[2023-11-13T00:10:19.323+0000][9.056s][info ][safepoint     ] Total time for which application threads were stopped: 0.0006455 seconds, Stopping threads took: 0.0000175 seconds
[2023-11-13T00:10:19.351+0000][9.083s][debug][safepoint     ] Safepoint synchronization initiated. (12 threads)
[2023-11-13T00:10:19.351+0000][9.083s][info ][safepoint     ] Application time: 0.0274190 seconds
[2023-11-13T00:10:19.351+0000][9.083s][info ][safepoint     ] Entering safepoint region: CollectForMetadataAllocation
[2023-11-13T00:10:19.351+0000][9.083s][info ][gc,start      ] GC(12) Pause Young (Concurrent Start) (Metadata GC Threshold)
[2023-11-13T00:10:19.351+0000][9.083s][info ][gc,task       ] GC(12) Using 6 workers of 6 for evacuation
[2023-11-13T00:10:19.363+0000][9.095s][info ][gc,phases     ] GC(12)   Pre Evacuate Collection Set: 0.1ms
[2023-11-13T00:10:19.363+0000][9.095s][info ][gc,phases     ] GC(12)   Evacuate Collection Set: 9.6ms
[2023-11-13T00:10:19.363+0000][9.095s][info ][gc,phases     ] GC(12)   Post Evacuate Collection Set: 1.6ms
[2023-11-13T00:10:19.363+0000][9.095s][info ][gc,phases     ] GC(12)   Other: 0.3ms
[2023-11-13T00:10:19.363+0000][9.095s][info ][gc,heap       ] GC(12) Eden regions: 153->0(221)
[2023-11-13T00:10:19.363+0000][9.095s][info ][gc,heap       ] GC(12) Survivor regions: 13->13(30)
[2023-11-13T00:10:19.363+0000][9.095s][info ][gc,heap       ] GC(12) Old regions: 18->18
[2023-11-13T00:10:19.363+0000][9.095s][info ][gc,heap       ] GC(12) Humongous regions: 0->0
[2023-11-13T00:10:19.363+0000][9.095s][info ][gc,metaspace  ] GC(12) Metaspace: 35013K(36048K)->35013K(36048K) NonClass: 30798K(31444K)->30798K(31444K) Class: 4214K(4604K)->4214K(4604K)
[2023-11-13T00:10:19.363+0000][9.095s][info ][gc            ] GC(12) Pause Young (Concurrent Start) (Metadata GC Threshold) 181M->28M(390M) 11.853ms
[2023-11-13T00:10:19.363+0000][9.095s][info ][gc,cpu        ] GC(12) User=0.05s Sys=0.00s Real=0.01s
[2023-11-13T00:10:19.363+0000][9.095s][info ][gc            ] GC(13) Concurrent Cycle
[2023-11-13T00:10:19.363+0000][9.095s][info ][gc,marking    ] GC(13) Concurrent Clear Claimed Marks
[2023-11-13T00:10:19.363+0000][9.095s][info ][safepoint     ] Leaving safepoint region
[2023-11-13T00:10:19.363+0000][9.095s][info ][safepoint     ] Total time for which application threads were stopped: 0.0121273 seconds, Stopping threads took: 0.0000167 seconds
[2023-11-13T00:10:19.363+0000][9.095s][info ][gc,stringdedup] Concurrent String Deduplication (9.095s)
[2023-11-13T00:10:19.363+0000][9.095s][info ][gc,marking    ] GC(13) Concurrent Clear Claimed Marks 0.077ms
[2023-11-13T00:10:19.363+0000][9.095s][info ][gc,marking    ] GC(13) Concurrent Scan Root Regions
[2023-11-13T00:10:19.364+0000][9.096s][info ][gc,stringdedup] Concurrent String Deduplication 143.7K->23696.0B(120.5K) avg 40.6% (9.095s, 9.096s) 1.055ms
[2023-11-13T00:10:19.368+0000][9.100s][info ][gc,marking    ] GC(13) Concurrent Scan Root Regions 5.127ms
[2023-11-13T00:10:19.368+0000][9.100s][info ][gc,marking    ] GC(13) Concurrent Mark (9.100s)
[2023-11-13T00:10:19.368+0000][9.101s][info ][gc,marking    ] GC(13) Concurrent Mark From Roots
[2023-11-13T00:10:19.368+0000][9.101s][info ][gc,task       ] GC(13) Using 2 workers of 2 for marking
[2023-11-13T00:10:19.386+0000][9.118s][info ][gc,marking    ] GC(13) Concurrent Mark From Roots 17.371ms
[2023-11-13T00:10:19.386+0000][9.118s][info ][gc,marking    ] GC(13) Concurrent Preclean
[2023-11-13T00:10:19.386+0000][9.118s][info ][gc,marking    ] GC(13) Concurrent Preclean 0.175ms
[2023-11-13T00:10:19.386+0000][9.118s][info ][gc,marking    ] GC(13) Concurrent Mark (9.100s, 9.118s) 17.658ms
[2023-11-13T00:10:19.386+0000][9.118s][debug][safepoint     ] Safepoint synchronization initiated. (12 threads)
[2023-11-13T00:10:19.386+0000][9.118s][info ][safepoint     ] Application time: 0.0230181 seconds
[2023-11-13T00:10:19.386+0000][9.118s][debug][safepoint     ] ... found polling page loop exception at pc = 0x00007f3798489bce, stub =0x00007f3790841b00
[2023-11-13T00:10:19.386+0000][9.118s][debug][safepoint     ] Waiting for 1 thread(s) to block
[2023-11-13T00:10:19.386+0000][9.118s][info ][safepoint     ] Entering safepoint region: CGC_Operation
[2023-11-13T00:10:19.386+0000][9.119s][info ][gc,start      ] GC(13) Pause Remark
[2023-11-13T00:10:19.400+0000][9.132s][info ][gc,stringtable] GC(13) Cleaned string and symbol table, strings: 12652 processed, 28 removed, symbols: 122179 processed, 335 removed
[2023-11-13T00:10:19.400+0000][9.132s][info ][gc            ] GC(13) Pause Remark 34M->34M(390M) 13.789ms
[2023-11-13T00:10:19.400+0000][9.132s][info ][gc,cpu        ] GC(13) User=0.03s Sys=0.00s Real=0.01s
[2023-11-13T00:10:19.400+0000][9.132s][info ][safepoint     ] Leaving safepoint region
[2023-11-13T00:10:19.400+0000][9.132s][info ][safepoint     ] Total time for which application threads were stopped: 0.0141313 seconds, Stopping threads took: 0.0001594 seconds
[2023-11-13T00:10:19.400+0000][9.132s][info ][gc,marking    ] GC(13) Concurrent Rebuild Remembered Sets
[2023-11-13T00:10:19.423+0000][9.156s][info ][gc,marking    ] GC(13) Concurrent Rebuild Remembered Sets 23.105ms
[2023-11-13T00:10:19.423+0000][9.156s][debug][safepoint     ] Safepoint synchronization initiated. (12 threads)
[2023-11-13T00:10:19.423+0000][9.156s][info ][safepoint     ] Application time: 0.0232685 seconds
[2023-11-13T00:10:19.423+0000][9.156s][info ][safepoint     ] Entering safepoint region: CGC_Operation
[2023-11-13T00:10:19.424+0000][9.156s][info ][gc,start      ] GC(13) Pause Cleanup
[2023-11-13T00:10:19.424+0000][9.156s][info ][gc            ] GC(13) Pause Cleanup 39M->39M(390M) 0.193ms
[2023-11-13T00:10:19.424+0000][9.156s][info ][gc,cpu        ] GC(13) User=0.00s Sys=0.00s Real=0.00s
[2023-11-13T00:10:19.424+0000][9.156s][info ][safepoint     ] Leaving safepoint region
[2023-11-13T00:10:19.424+0000][9.156s][info ][safepoint     ] Total time for which application threads were stopped: 0.0003860 seconds, Stopping threads took: 0.0000185 seconds
[2023-11-13T00:10:19.424+0000][9.156s][info ][gc,marking    ] GC(13) Concurrent Cleanup for Next Mark
[2023-11-13T00:10:19.429+0000][9.161s][info ][gc,marking    ] GC(13) Concurrent Cleanup for Next Mark 5.303ms
[2023-11-13T00:10:19.429+0000][9.161s][info ][gc            ] GC(13) Concurrent Cycle 66.352ms
[2023-11-13T00:10:19.636+0000][9.368s][debug][safepoint     ] Safepoint synchronization initiated. (11 threads)
[2023-11-13T00:10:19.636+0000][9.368s][info ][safepoint     ] Application time: 0.2117839 seconds
[2023-11-13T00:10:19.636+0000][9.368s][info ][safepoint     ] Entering safepoint region: Deoptimize
[2023-11-13T00:10:19.636+0000][9.368s][info ][safepoint     ] Leaving safepoint region
[2023-11-13T00:10:19.636+0000][9.369s][info ][safepoint     ] Total time for which application threads were stopped: 0.0006320 seconds, Stopping threads took: 0.0000154 seconds
[2023-11-13T00:10:20.109+0000][9.841s][debug][safepoint     ] Safepoint synchronization initiated. (12 threads)
[2023-11-13T00:10:20.109+0000][9.841s][info ][safepoint     ] Application time: 0.4726763 seconds
[2023-11-13T00:10:20.109+0000][9.841s][info ][safepoint     ] Entering safepoint region: Deoptimize
[2023-11-13T00:10:20.110+0000][9.842s][info ][safepoint     ] Leaving safepoint region
[2023-11-13T00:10:20.110+0000][9.842s][info ][safepoint     ] Total time for which application threads were stopped: 0.0007376 seconds, Stopping threads took: 0.0000174 seconds
[2023-11-13T00:10:20.203+0000][9.935s][debug][safepoint     ] Safepoint synchronization initiated. (12 threads)
[2023-11-13T00:10:20.203+0000][9.935s][info ][safepoint     ] Application time: 0.0933835 seconds
[2023-11-13T00:10:20.203+0000][9.935s][info ][safepoint     ] Entering safepoint region: G1CollectForAllocation
[2023-11-13T00:10:20.203+0000][9.936s][info ][gc,start      ] GC(14) Pause Young (Normal) (G1 Evacuation Pause)
[2023-11-13T00:10:20.203+0000][9.936s][info ][gc,task       ] GC(14) Using 6 workers of 6 for evacuation
[2023-11-13T00:10:20.245+0000][9.977s][info ][gc,phases     ] GC(14)   Pre Evacuate Collection Set: 0.0ms
[2023-11-13T00:10:20.245+0000][9.977s][info ][gc,phases     ] GC(14)   Evacuate Collection Set: 32.0ms
[2023-11-13T00:10:20.249+0000][9.982s][info ][gc,phases     ] GC(14)   Post Evacuate Collection Set: 9.6ms
[2023-11-13T00:10:20.249+0000][9.982s][info ][gc,phases     ] GC(14)   Other: 0.2ms
[2023-11-13T00:10:20.249+0000][9.982s][info ][gc,heap       ] GC(14) Eden regions: 221->0(219)
[2023-11-13T00:10:20.249+0000][9.982s][info ][gc,heap       ] GC(14) Survivor regions: 13->15(30)
[2023-11-13T00:10:20.249+0000][9.982s][info ][gc,heap       ] GC(14) Old regions: 18->18
[2023-11-13T00:10:20.249+0000][9.982s][info ][gc,heap       ] GC(14) Humongous regions: 0->0
[2023-11-13T00:10:20.249+0000][9.982s][info ][gc,metaspace  ] GC(14) Metaspace: 38104K(39376K)->38104K(39376K) NonClass: 33446K(34260K)->33446K(34260K) Class: 4657K(5116K)->4657K(5116K)
[2023-11-13T00:10:20.249+0000][9.982s][info ][gc            ] GC(14) Pause Young (Normal) (G1 Evacuation Pause) 249M->30M(390M) 46.131ms
[2023-11-13T00:10:20.249+0000][9.982s][info ][gc,cpu        ] GC(14) User=0.18s Sys=0.00s Real=0.05s
[2023-11-13T00:10:20.249+0000][9.982s][info ][safepoint     ] Leaving safepoint region
[2023-11-13T00:10:20.249+0000][9.982s][info ][safepoint     ] Total time for which application threads were stopped: 0.0463555 seconds, Stopping threads took: 0.0000172 seconds
[2023-11-13T00:10:20.250+0000][9.982s][info ][gc,stringdedup] Concurrent String Deduplication (9.982s)
[2023-11-13T00:10:20.253+0000][9.985s][info ][gc,stringdedup] Concurrent String Deduplication 498.7K->257.4K(241.3K) avg 41.1% (9.982s, 9.985s) 3.468ms
[2023-11-13T00:10:21.250+0000][10.982s][debug][safepoint     ] Safepoint synchronization initiated. (12 threads)
[2023-11-13T00:10:21.250+0000][10.982s][info ][safepoint     ] Application time: 1.0006314 seconds
[2023-11-13T00:10:21.250+0000][10.982s][debug][safepoint     ] Waiting for 1 thread(s) to block
[2023-11-13T00:10:21.251+0000][10.983s][info ][safepoint     ] Entering safepoint region: Cleanup
[2023-11-13T00:10:21.251+0000][10.983s][info ][safepoint     ] Leaving safepoint region
[2023-11-13T00:10:21.251+0000][10.983s][info ][safepoint     ] Total time for which application threads were stopped: 0.0008260 seconds, Stopping threads took: 0.0005531 seconds
[2023-11-13T00:10:21.504+0000][11.236s][debug][safepoint     ] Safepoint synchronization initiated. (12 threads)
[2023-11-13T00:10:21.504+0000][11.236s][info ][safepoint     ] Application time: 0.2526245 seconds
[2023-11-13T00:10:21.504+0000][11.236s][debug][safepoint     ] Waiting for 1 thread(s) to block
[2023-11-13T00:10:21.504+0000][11.236s][info ][safepoint     ] Entering safepoint region: G1CollectForAllocation
[2023-11-13T00:10:21.504+0000][11.236s][info ][gc,start      ] GC(15) Pause Young (Normal) (G1 Evacuation Pause)
[2023-11-13T00:10:21.504+0000][11.236s][info ][gc,task       ] GC(15) Using 6 workers of 6 for evacuation
[2023-11-13T00:10:21.536+0000][11.269s][info ][gc,phases     ] GC(15)   Pre Evacuate Collection Set: 0.0ms
[2023-11-13T00:10:21.536+0000][11.269s][info ][gc,phases     ] GC(15)   Evacuate Collection Set: 26.0ms
[2023-11-13T00:10:21.536+0000][11.269s][info ][gc,phases     ] GC(15)   Post Evacuate Collection Set: 6.3ms
[2023-11-13T00:10:21.536+0000][11.269s][info ][gc,phases     ] GC(15)   Other: 0.2ms
[2023-11-13T00:10:21.536+0000][11.269s][info ][gc,heap       ] GC(15) Eden regions: 219->0(269)
[2023-11-13T00:10:21.536+0000][11.269s][info ][gc,heap       ] GC(15) Survivor regions: 15->16(30)
[2023-11-13T00:10:21.536+0000][11.269s][info ][gc,heap       ] GC(15) Old regions: 18->18
[2023-11-13T00:10:21.536+0000][11.269s][info ][gc,heap       ] GC(15) Humongous regions: 0->0
[2023-11-13T00:10:21.536+0000][11.269s][info ][gc,metaspace  ] GC(15) Metaspace: 41097K(42320K)->41097K(42320K) NonClass: 36007K(36820K)->36007K(36820K) Class: 5089K(5500K)->5089K(5500K)
[2023-11-13T00:10:21.537+0000][11.269s][info ][gc            ] GC(15) Pause Young (Normal) (G1 Evacuation Pause) 249M->31M(475M) 32.674ms
[2023-11-13T00:10:21.537+0000][11.269s][info ][gc,cpu        ] GC(15) User=0.08s Sys=0.01s Real=0.04s
[2023-11-13T00:10:21.537+0000][11.269s][info ][safepoint     ] Leaving safepoint region
[2023-11-13T00:10:21.537+0000][11.269s][info ][safepoint     ] Total time for which application threads were stopped: 0.0329895 seconds, Stopping threads took: 0.0000705 seconds
[2023-11-13T00:10:21.537+0000][11.269s][info ][gc,stringdedup] Concurrent String Deduplication (11.269s)
[2023-11-13T00:10:21.537+0000][11.270s][info ][gc,stringdedup] Concurrent String Deduplication 154.2K->55688.0B(102176.0B) avg 41.5% (11.269s, 11.270s) 0.809ms
[2023-11-13T00:10:21.613+0000][11.345s][debug][safepoint     ] Safepoint synchronization initiated. (12 threads)
[2023-11-13T00:10:21.613+0000][11.346s][info ][safepoint     ] Application time: 0.0766545 seconds
[2023-11-13T00:10:21.613+0000][11.346s][info ][safepoint     ] Entering safepoint region: Deoptimize
[2023-11-13T00:10:21.614+0000][11.346s][info ][safepoint     ] Leaving safepoint region
[2023-11-13T00:10:21.614+0000][11.346s][info ][safepoint     ] Total time for which application threads were stopped: 0.0007258 seconds, Stopping threads took: 0.0000170 seconds
[2023-11-13T00:10:21.632+0000][11.364s][debug][safepoint     ] Safepoint synchronization initiated. (12 threads)
[2023-11-13T00:10:21.632+0000][11.364s][info ][safepoint     ] Application time: 0.0179809 seconds
[2023-11-13T00:10:21.632+0000][11.364s][info ][safepoint     ] Entering safepoint region: Deoptimize
[2023-11-13T00:10:21.633+0000][11.365s][info ][safepoint     ] Leaving safepoint region
[2023-11-13T00:10:21.633+0000][11.365s][info ][safepoint     ] Total time for which application threads were stopped: 0.0006802 seconds, Stopping threads took: 0.0000298 seconds
[2023-11-13T00:10:21.665+0000][11.397s][debug][safepoint     ] Safepoint synchronization initiated. (12 threads)
[2023-11-13T00:10:21.665+0000][11.397s][info ][safepoint     ] Application time: 0.0321739 seconds
[2023-11-13T00:10:21.665+0000][11.397s][info ][safepoint     ] Entering safepoint region: Deoptimize
[2023-11-13T00:10:21.666+0000][11.398s][info ][safepoint     ] Leaving safepoint region
[2023-11-13T00:10:21.666+0000][11.398s][info ][safepoint     ] Total time for which application threads were stopped: 0.0006784 seconds, Stopping threads took: 0.0000165 seconds
[2023-11-13T00:10:22.084+0000][11.816s][debug][safepoint     ] Safepoint synchronization initiated. (12 threads)
[2023-11-13T00:10:22.084+0000][11.816s][info ][safepoint     ] Application time: 0.4184749 seconds
[2023-11-13T00:10:22.084+0000][11.816s][info ][safepoint     ] Entering safepoint region: Deoptimize
[2023-11-13T00:10:22.085+0000][11.817s][info ][safepoint     ] Leaving safepoint region
[2023-11-13T00:10:22.085+0000][11.817s][info ][safepoint     ] Total time for which application threads were stopped: 0.0009128 seconds, Stopping threads took: 0.0000167 seconds
[2023-11-13T00:10:22.086+0000][11.818s][debug][safepoint     ] Safepoint synchronization initiated. (12 threads)
[2023-11-13T00:10:22.086+0000][11.818s][info ][safepoint     ] Application time: 0.0011004 seconds
[2023-11-13T00:10:22.086+0000][11.818s][info ][safepoint     ] Entering safepoint region: Deoptimize
[2023-11-13T00:10:22.086+0000][11.819s][info ][safepoint     ] Leaving safepoint region
[2023-11-13T00:10:22.086+0000][11.819s][info ][safepoint     ] Total time for which application threads were stopped: 0.0003326 seconds, Stopping threads took: 0.0000136 seconds
[2023-11-13T00:10:22.195+0000][11.927s][debug][safepoint     ] Safepoint synchronization initiated. (12 threads)
[2023-11-13T00:10:22.195+0000][11.927s][info ][safepoint     ] Application time: 0.1086624 seconds
[2023-11-13T00:10:22.195+0000][11.927s][info ][safepoint     ] Entering safepoint region: Deoptimize
[2023-11-13T00:10:22.196+0000][11.928s][info ][safepoint     ] Leaving safepoint region
[2023-11-13T00:10:22.196+0000][11.928s][info ][safepoint     ] Total time for which application threads were stopped: 0.0007351 seconds, Stopping threads took: 0.0000169 seconds
[2023-11-13T00:10:22.495+0000][12.228s][debug][safepoint     ] Safepoint synchronization initiated. (12 threads)
[2023-11-13T00:10:22.495+0000][12.228s][info ][safepoint     ] Application time: 0.2994989 seconds
[2023-11-13T00:10:22.495+0000][12.228s][info ][safepoint     ] Entering safepoint region: ICBufferFull
[2023-11-13T00:10:22.496+0000][12.228s][info ][safepoint     ] Leaving safepoint region
[2023-11-13T00:10:22.496+0000][12.228s][info ][safepoint     ] Total time for which application threads were stopped: 0.0003209 seconds, Stopping threads took: 0.0000188 seconds
[2023-11-13T00:10:22.598+0000][12.330s][debug][safepoint     ] Safepoint synchronization initiated. (12 threads)
[2023-11-13T00:10:22.598+0000][12.331s][info ][safepoint     ] Application time: 0.1025922 seconds
[2023-11-13T00:10:22.599+0000][12.331s][info ][safepoint     ] Entering safepoint region: Deoptimize
[2023-11-13T00:10:22.599+0000][12.332s][info ][safepoint     ] Leaving safepoint region
[2023-11-13T00:10:22.600+0000][12.332s][info ][safepoint     ] Total time for which application threads were stopped: 0.0010236 seconds, Stopping threads took: 0.0001460 seconds
[2023-11-13T00:10:22.606+0000][12.338s][debug][safepoint     ] Safepoint synchronization initiated. (12 threads)
[2023-11-13T00:10:22.606+0000][12.338s][info ][safepoint     ] Application time: 0.0065225 seconds
[2023-11-13T00:10:22.606+0000][12.339s][info ][safepoint     ] Entering safepoint region: Deoptimize
[2023-11-13T00:10:22.607+0000][12.339s][info ][safepoint     ] Leaving safepoint region
[2023-11-13T00:10:22.607+0000][12.340s][info ][safepoint     ] Total time for which application threads were stopped: 0.0010077 seconds, Stopping threads took: 0.0001380 seconds
[2023-11-13T00:10:22.831+0000][12.563s][debug][safepoint     ] Safepoint synchronization initiated. (12 threads)
[2023-11-13T00:10:22.831+0000][12.563s][info ][safepoint     ] Application time: 0.2234937 seconds
[2023-11-13T00:10:22.831+0000][12.563s][info ][safepoint     ] Entering safepoint region: Deoptimize
[2023-11-13T00:10:22.832+0000][12.564s][info ][safepoint     ] Leaving safepoint region
[2023-11-13T00:10:22.832+0000][12.564s][info ][safepoint     ] Total time for which application threads were stopped: 0.0009792 seconds, Stopping threads took: 0.0001280 seconds
[2023-11-13T00:10:22.993+0000][12.725s][debug][safepoint     ] Safepoint synchronization initiated. (12 threads)
[2023-11-13T00:10:22.994+0000][12.726s][info ][safepoint     ] Application time: 0.1617364 seconds
[2023-11-13T00:10:22.994+0000][12.726s][info ][safepoint     ] Entering safepoint region: Deoptimize
[2023-11-13T00:10:22.995+0000][12.727s][info ][safepoint     ] Leaving safepoint region
[2023-11-13T00:10:22.995+0000][12.728s][info ][safepoint     ] Total time for which application threads were stopped: 0.0011070 seconds, Stopping threads took: 0.0001353 seconds
[2023-11-13T00:10:23.403+0000][13.135s][debug][safepoint     ] Safepoint synchronization initiated. (12 threads)
[2023-11-13T00:10:23.403+0000][13.136s][info ][safepoint     ] Application time: 0.4053291 seconds
[2023-11-13T00:10:23.403+0000][13.136s][info ][safepoint     ] Entering safepoint region: Deoptimize
[2023-11-13T00:10:23.404+0000][13.137s][info ][safepoint     ] Leaving safepoint region
[2023-11-13T00:10:23.404+0000][13.137s][info ][safepoint     ] Total time for which application threads were stopped: 0.0010699 seconds, Stopping threads took: 0.0001278 seconds
[2023-11-13T00:10:23.455+0000][13.188s][debug][safepoint     ] Safepoint synchronization initiated. (14 threads)
[2023-11-13T00:10:23.456+0000][13.188s][info ][safepoint     ] Application time: 0.0510285 seconds
[2023-11-13T00:10:23.456+0000][13.188s][info ][safepoint     ] Entering safepoint region: G1CollectForAllocation
[2023-11-13T00:10:23.456+0000][13.188s][info ][gc,start      ] GC(16) Pause Young (Normal) (G1 Evacuation Pause)
[2023-11-13T00:10:23.456+0000][13.188s][info ][gc,task       ] GC(16) Using 6 workers of 6 for evacuation
[2023-11-13T00:10:23.480+0000][13.212s][info ][gc,phases     ] GC(16)   Pre Evacuate Collection Set: 0.0ms
[2023-11-13T00:10:23.480+0000][13.213s][info ][gc,phases     ] GC(16)   Evacuate Collection Set: 20.4ms
[2023-11-13T00:10:23.480+0000][13.213s][info ][gc,phases     ] GC(16)   Post Evacuate Collection Set: 3.3ms
[2023-11-13T00:10:23.481+0000][13.213s][info ][gc,phases     ] GC(16)   Other: 0.5ms
[2023-11-13T00:10:23.481+0000][13.213s][info ][gc,heap       ] GC(16) Eden regions: 269->0(265)
[2023-11-13T00:10:23.481+0000][13.213s][info ][gc,heap       ] GC(16) Survivor regions: 16->20(36)
[2023-11-13T00:10:23.481+0000][13.213s][info ][gc,heap       ] GC(16) Old regions: 18->18
[2023-11-13T00:10:23.481+0000][13.213s][info ][gc,heap       ] GC(16) Humongous regions: 0->0
[2023-11-13T00:10:23.481+0000][13.213s][info ][gc,metaspace  ] GC(16) Metaspace: 50907K(52304K)->50907K(52304K) NonClass: 44625K(45524K)->44625K(45524K) Class: 6281K(6780K)->6281K(6780K)
[2023-11-13T00:10:23.481+0000][13.214s][info ][gc            ] GC(16) Pause Young (Normal) (G1 Evacuation Pause) 300M->35M(475M) 25.406ms
[2023-11-13T00:10:23.481+0000][13.214s][info ][gc,cpu        ] GC(16) User=0.07s Sys=0.01s Real=0.02s
[2023-11-13T00:10:23.482+0000][13.214s][info ][safepoint     ] Leaving safepoint region
[2023-11-13T00:10:23.482+0000][13.214s][info ][safepoint     ] Total time for which application threads were stopped: 0.0260737 seconds, Stopping threads took: 0.0001291 seconds
[2023-11-13T00:10:23.482+0000][13.214s][info ][gc,stringdedup] Concurrent String Deduplication (13.214s)
[2023-11-13T00:10:23.483+0000][13.216s][info ][gc,stringdedup] Concurrent String Deduplication 259.4K->59752.0B(201.0K) avg 42.6% (13.214s, 13.216s) 1.374ms
[2023-11-13T00:10:24.482+0000][14.214s][debug][safepoint     ] Safepoint synchronization initiated. (15 threads)
[2023-11-13T00:10:24.483+0000][14.215s][info ][safepoint     ] Application time: 1.0006683 seconds
[2023-11-13T00:10:24.483+0000][14.215s][info ][safepoint     ] Entering safepoint region: Cleanup
[2023-11-13T00:10:24.483+0000][14.215s][info ][safepoint     ] Leaving safepoint region
[2023-11-13T00:10:24.483+0000][14.215s][info ][safepoint     ] Total time for which application threads were stopped: 0.0003967 seconds, Stopping threads took: 0.0001333 seconds
[2023-11-13T00:10:24.533+0000][14.265s][debug][safepoint     ] Safepoint synchronization initiated. (15 threads)
[2023-11-13T00:10:24.534+0000][14.266s][info ][safepoint     ] Application time: 0.0502891 seconds
[2023-11-13T00:10:24.534+0000][14.266s][info ][safepoint     ] Entering safepoint region: Deoptimize
[2023-11-13T00:10:24.535+0000][14.267s][info ][safepoint     ] Leaving safepoint region
[2023-11-13T00:10:24.535+0000][14.267s][info ][safepoint     ] Total time for which application threads were stopped: 0.0010677 seconds, Stopping threads took: 0.0001320 seconds
[2023-11-13T00:10:24.624+0000][14.356s][debug][safepoint     ] Safepoint synchronization initiated. (15 threads)
[2023-11-13T00:10:24.624+0000][14.356s][info ][safepoint     ] Application time: 0.0889469 seconds
[2023-11-13T00:10:24.624+0000][14.356s][info ][safepoint     ] Entering safepoint region: Deoptimize
[2023-11-13T00:10:24.625+0000][14.357s][info ][safepoint     ] Leaving safepoint region
[2023-11-13T00:10:24.625+0000][14.357s][info ][safepoint     ] Total time for which application threads were stopped: 0.0010412 seconds, Stopping threads took: 0.0001310 seconds
[2023-11-13T00:10:24.992+0000][14.724s][debug][safepoint     ] Safepoint synchronization initiated. (15 threads)
[2023-11-13T00:10:24.992+0000][14.724s][info ][safepoint     ] Application time: 0.3669101 seconds
[2023-11-13T00:10:24.992+0000][14.724s][info ][safepoint     ] Entering safepoint region: ICBufferFull
[2023-11-13T00:10:24.993+0000][14.725s][info ][safepoint     ] Leaving safepoint region
[2023-11-13T00:10:24.993+0000][14.725s][info ][safepoint     ] Total time for which application threads were stopped: 0.0005047 seconds, Stopping threads took: 0.0001353 seconds
[2023-11-13T00:10:25.776+0000][15.508s][debug][safepoint     ] Safepoint synchronization initiated. (15 threads)
[2023-11-13T00:10:25.776+0000][15.508s][info ][safepoint     ] Application time: 0.7829681 seconds
[2023-11-13T00:10:25.776+0000][15.508s][info ][safepoint     ] Entering safepoint region: G1CollectForAllocation
[2023-11-13T00:10:25.776+0000][15.509s][info ][gc,start      ] GC(17) Pause Young (Normal) (G1 Evacuation Pause)
[2023-11-13T00:10:25.776+0000][15.509s][info ][gc,task       ] GC(17) Using 6 workers of 6 for evacuation
[2023-11-13T00:10:25.824+0000][15.556s][info ][gc,phases     ] GC(17)   Pre Evacuate Collection Set: 0.0ms
[2023-11-13T00:10:25.824+0000][15.557s][info ][gc,phases     ] GC(17)   Evacuate Collection Set: 44.3ms
[2023-11-13T00:10:25.824+0000][15.557s][info ][gc,phases     ] GC(17)   Post Evacuate Collection Set: 3.1ms
[2023-11-13T00:10:25.825+0000][15.557s][info ][gc,phases     ] GC(17)   Other: 0.4ms
[2023-11-13T00:10:25.825+0000][15.557s][info ][gc,heap       ] GC(17) Eden regions: 265->0(265)
[2023-11-13T00:10:25.825+0000][15.557s][info ][gc,heap       ] GC(17) Survivor regions: 20->20(36)
[2023-11-13T00:10:25.825+0000][15.557s][info ][gc,heap       ] GC(17) Old regions: 18->21
[2023-11-13T00:10:25.825+0000][15.558s][info ][gc,heap       ] GC(17) Humongous regions: 0->0
[2023-11-13T00:10:25.825+0000][15.558s][info ][gc,metaspace  ] GC(17) Metaspace: 55979K(57680K)->55979K(57680K) NonClass: 49007K(50132K)->49007K(50132K) Class: 6971K(7548K)->6971K(7548K)
[2023-11-13T00:10:25.826+0000][15.558s][info ][gc            ] GC(17) Pause Young (Normal) (G1 Evacuation Pause) 300M->38M(475M) 49.257ms
[2023-11-13T00:10:25.826+0000][15.558s][info ][gc,cpu        ] GC(17) User=0.22s Sys=0.01s Real=0.04s
[2023-11-13T00:10:25.826+0000][15.558s][info ][safepoint     ] Leaving safepoint region
[2023-11-13T00:10:25.826+0000][15.558s][info ][safepoint     ] Total time for which application threads were stopped: 0.0500173 seconds, Stopping threads took: 0.0001290 seconds
[2023-11-13T00:10:25.826+0000][15.558s][info ][gc,stringdedup] Concurrent String Deduplication (15.558s)
[2023-11-13T00:10:25.828+0000][15.561s][info ][gc,stringdedup] Concurrent String Deduplication 223.1K->100768.0B(124.7K) avg 42.9% (15.558s, 15.561s) 2.238ms
[2023-11-13T00:10:26.288+0000][16.020s][debug][safepoint     ] Safepoint synchronization initiated. (15 threads)
[2023-11-13T00:10:26.288+0000][16.021s][info ][safepoint     ] Application time: 0.4622692 seconds
[2023-11-13T00:10:26.289+0000][16.021s][info ][safepoint     ] Entering safepoint region: CollectForMetadataAllocation
[2023-11-13T00:10:26.289+0000][16.021s][info ][gc,start      ] GC(18) Pause Young (Concurrent Start) (Metadata GC Threshold)
[2023-11-13T00:10:26.289+0000][16.021s][info ][gc,task       ] GC(18) Using 6 workers of 6 for evacuation
[2023-11-13T00:10:26.316+0000][16.049s][info ][gc,phases     ] GC(18)   Pre Evacuate Collection Set: 0.1ms
[2023-11-13T00:10:26.316+0000][16.049s][info ][gc,phases     ] GC(18)   Evacuate Collection Set: 24.9ms
[2023-11-13T00:10:26.317+0000][16.049s][info ][gc,phases     ] GC(18)   Post Evacuate Collection Set: 1.7ms
[2023-11-13T00:10:26.317+0000][16.049s][info ][gc,phases     ] GC(18)   Other: 0.8ms
[2023-11-13T00:10:26.317+0000][16.049s][info ][gc,heap       ] GC(18) Eden regions: 105->0(267)
[2023-11-13T00:10:26.317+0000][16.049s][info ][gc,heap       ] GC(18) Survivor regions: 20->18(36)
[2023-11-13T00:10:26.317+0000][16.049s][info ][gc,heap       ] GC(18) Old regions: 21->24
[2023-11-13T00:10:26.317+0000][16.049s][info ][gc,heap       ] GC(18) Humongous regions: 0->0
[2023-11-13T00:10:26.317+0000][16.050s][info ][gc,metaspace  ] GC(18) Metaspace: 59053K(60496K)->59053K(60496K) NonClass: 51577K(52436K)->51577K(52436K) Class: 7476K(8060K)->7476K(8060K)
[2023-11-13T00:10:26.317+0000][16.050s][info ][gc            ] GC(18) Pause Young (Concurrent Start) (Metadata GC Threshold) 143M->40M(475M) 28.689ms
[2023-11-13T00:10:26.318+0000][16.050s][info ][gc,cpu        ] GC(18) User=0.07s Sys=0.00s Real=0.03s
[2023-11-13T00:10:26.318+0000][16.050s][info ][gc            ] GC(19) Concurrent Cycle
[2023-11-13T00:10:26.318+0000][16.050s][info ][gc,marking    ] GC(19) Concurrent Clear Claimed Marks
[2023-11-13T00:10:26.318+0000][16.050s][info ][gc,marking    ] GC(19) Concurrent Clear Claimed Marks 0.140ms
[2023-11-13T00:10:26.318+0000][16.050s][info ][gc,marking    ] GC(19) Concurrent Scan Root Regions
[2023-11-13T00:10:26.318+0000][16.050s][info ][safepoint     ] Leaving safepoint region
[2023-11-13T00:10:26.318+0000][16.051s][info ][safepoint     ] Total time for which application threads were stopped: 0.0297381 seconds, Stopping threads took: 0.0001248 seconds
[2023-11-13T00:10:26.320+0000][16.052s][info ][gc,stringdedup] Concurrent String Deduplication (16.052s)
[2023-11-13T00:10:26.324+0000][16.057s][info ][gc,stringdedup] Concurrent String Deduplication 352.4K->159.1K(193.3K) avg 43.4% (16.052s, 16.057s) 4.504ms
[2023-11-13T00:10:26.325+0000][16.058s][info ][gc,marking    ] GC(19) Concurrent Scan Root Regions 7.443ms
[2023-11-13T00:10:26.325+0000][16.058s][info ][gc,marking    ] GC(19) Concurrent Mark (16.058s)
[2023-11-13T00:10:26.325+0000][16.058s][info ][gc,marking    ] GC(19) Concurrent Mark From Roots
[2023-11-13T00:10:26.326+0000][16.058s][info ][gc,task       ] GC(19) Using 2 workers of 2 for marking
[2023-11-13T00:10:26.355+0000][16.088s][info ][gc,marking    ] GC(19) Concurrent Mark From Roots 29.851ms
[2023-11-13T00:10:26.355+0000][16.088s][info ][gc,marking    ] GC(19) Concurrent Preclean
[2023-11-13T00:10:26.356+0000][16.088s][info ][gc,marking    ] GC(19) Concurrent Preclean 0.217ms
[2023-11-13T00:10:26.356+0000][16.088s][info ][gc,marking    ] GC(19) Concurrent Mark (16.058s, 16.088s) 30.180ms
[2023-11-13T00:10:26.356+0000][16.088s][debug][safepoint     ] Safepoint synchronization initiated. (14 threads)
[2023-11-13T00:10:26.356+0000][16.088s][info ][safepoint     ] Application time: 0.0374394 seconds
[2023-11-13T00:10:26.356+0000][16.088s][debug][safepoint     ] Waiting for 1 thread(s) to block
[2023-11-13T00:10:26.356+0000][16.089s][info ][safepoint     ] Entering safepoint region: CGC_Operation
[2023-11-13T00:10:26.357+0000][16.089s][info ][gc,start      ] GC(19) Pause Remark
[2023-11-13T00:10:26.366+0000][16.099s][info ][gc,stringtable] GC(19) Cleaned string and symbol table, strings: 23407 processed, 2 removed, symbols: 192200 processed, 180 removed
[2023-11-13T00:10:26.367+0000][16.099s][info ][gc            ] GC(19) Pause Remark 46M->46M(475M) 9.847ms
[2023-11-13T00:10:26.367+0000][16.099s][info ][gc,cpu        ] GC(19) User=0.03s Sys=0.00s Real=0.01s
[2023-11-13T00:10:26.367+0000][16.099s][info ][safepoint     ] Leaving safepoint region
[2023-11-13T00:10:26.367+0000][16.099s][info ][safepoint     ] Total time for which application threads were stopped: 0.0109946 seconds, Stopping threads took: 0.0005210 seconds
[2023-11-13T00:10:26.367+0000][16.099s][info ][gc,marking    ] GC(19) Concurrent Rebuild Remembered Sets
[2023-11-13T00:10:26.383+0000][16.116s][info ][gc,marking    ] GC(19) Concurrent Rebuild Remembered Sets 16.501ms
[2023-11-13T00:10:26.384+0000][16.116s][debug][safepoint     ] Safepoint synchronization initiated. (14 threads)
[2023-11-13T00:10:26.384+0000][16.116s][info ][safepoint     ] Application time: 0.0166870 seconds
[2023-11-13T00:10:26.384+0000][16.116s][info ][safepoint     ] Entering safepoint region: CGC_Operation
[2023-11-13T00:10:26.384+0000][16.116s][info ][gc,start      ] GC(19) Pause Cleanup
[2023-11-13T00:10:26.384+0000][16.116s][info ][gc            ] GC(19) Pause Cleanup 48M->48M(475M) 0.194ms
[2023-11-13T00:10:26.384+0000][16.116s][info ][gc,cpu        ] GC(19) User=0.00s Sys=0.00s Real=0.00s
[2023-11-13T00:10:26.384+0000][16.116s][info ][safepoint     ] Leaving safepoint region
[2023-11-13T00:10:26.384+0000][16.116s][info ][safepoint     ] Total time for which application threads were stopped: 0.0003561 seconds, Stopping threads took: 0.0000184 seconds
[2023-11-13T00:10:26.384+0000][16.116s][info ][gc,marking    ] GC(19) Concurrent Cleanup for Next Mark
[2023-11-13T00:10:26.386+0000][16.118s][info ][gc,marking    ] GC(19) Concurrent Cleanup for Next Mark 2.027ms
[2023-11-13T00:10:26.386+0000][16.118s][info ][gc            ] GC(19) Concurrent Cycle 68.239ms
[2023-11-13T00:10:26.966+0000][16.698s][debug][safepoint     ] Safepoint synchronization initiated. (17 threads)
[2023-11-13T00:10:26.966+0000][16.698s][info ][safepoint     ] Application time: 0.5818138 seconds
[2023-11-13T00:10:26.966+0000][16.698s][info ][safepoint     ] Entering safepoint region: ICBufferFull
[2023-11-13T00:10:26.966+0000][16.698s][info ][safepoint     ] Leaving safepoint region
[2023-11-13T00:10:26.966+0000][16.698s][info ][safepoint     ] Total time for which application threads were stopped: 0.0002738 seconds, Stopping threads took: 0.0000198 seconds
[2023-11-13T00:10:27.118+0000][16.850s][debug][safepoint     ] Safepoint synchronization initiated. (17 threads)
[2023-11-13T00:10:27.118+0000][16.850s][info ][safepoint     ] Application time: 0.1515991 seconds
[2023-11-13T00:10:27.118+0000][16.850s][info ][safepoint     ] Entering safepoint region: Deoptimize
[2023-11-13T00:10:27.120+0000][16.853s][info ][safepoint     ] Leaving safepoint region
[2023-11-13T00:10:27.120+0000][16.853s][info ][safepoint     ] Total time for which application threads were stopped: 0.0026820 seconds, Stopping threads took: 0.0000192 seconds
[2023-11-13T00:10:27.176+0000][16.908s][debug][safepoint     ] Safepoint synchronization initiated. (17 threads)
[2023-11-13T00:10:27.176+0000][16.908s][info ][safepoint     ] Application time: 0.0552916 seconds
[2023-11-13T00:10:27.176+0000][16.908s][info ][safepoint     ] Entering safepoint region: Deoptimize
[2023-11-13T00:10:27.177+0000][16.909s][info ][safepoint     ] Leaving safepoint region
[2023-11-13T00:10:27.177+0000][16.909s][info ][safepoint     ] Total time for which application threads were stopped: 0.0008872 seconds, Stopping threads took: 0.0000182 seconds
[2023-11-13T00:10:27.577+0000][17.309s][debug][safepoint     ] Safepoint synchronization initiated. (17 threads)
[2023-11-13T00:10:27.577+0000][17.309s][info ][safepoint     ] Application time: 0.4002978 seconds
[2023-11-13T00:10:27.577+0000][17.309s][debug][safepoint     ] Waiting for 1 thread(s) to block
[2023-11-13T00:10:27.577+0000][17.309s][info ][safepoint     ] Entering safepoint region: ICBufferFull
[2023-11-13T00:10:27.577+0000][17.310s][info ][safepoint     ] Leaving safepoint region
[2023-11-13T00:10:27.577+0000][17.310s][info ][safepoint     ] Total time for which application threads were stopped: 0.0005670 seconds, Stopping threads took: 0.0003551 seconds
[2023-11-13T00:10:27.914+0000][17.647s][debug][safepoint     ] Safepoint synchronization initiated. (17 threads)
[2023-11-13T00:10:27.914+0000][17.647s][info ][safepoint     ] Application time: 0.3368557 seconds
[2023-11-13T00:10:27.914+0000][17.647s][info ][safepoint     ] Entering safepoint region: G1CollectForAllocation
[2023-11-13T00:10:27.915+0000][17.647s][info ][gc,start      ] GC(20) Pause Young (Normal) (G1 Evacuation Pause)
[2023-11-13T00:10:27.915+0000][17.647s][info ][gc,task       ] GC(20) Using 6 workers of 6 for evacuation
[2023-11-13T00:10:27.951+0000][17.684s][info ][gc,phases     ] GC(20)   Pre Evacuate Collection Set: 0.0ms
[2023-11-13T00:10:27.951+0000][17.684s][info ][gc,phases     ] GC(20)   Evacuate Collection Set: 28.8ms
[2023-11-13T00:10:27.951+0000][17.684s][info ][gc,phases     ] GC(20)   Post Evacuate Collection Set: 7.6ms
[2023-11-13T00:10:27.951+0000][17.684s][info ][gc,phases     ] GC(20)   Other: 0.2ms
[2023-11-13T00:10:27.951+0000][17.684s][info ][gc,heap       ] GC(20) Eden regions: 267->0(326)
[2023-11-13T00:10:27.951+0000][17.684s][info ][gc,heap       ] GC(20) Survivor regions: 18->22(36)
[2023-11-13T00:10:27.951+0000][17.684s][info ][gc,heap       ] GC(20) Old regions: 24->25
[2023-11-13T00:10:27.951+0000][17.684s][info ][gc,heap       ] GC(20) Humongous regions: 0->0
[2023-11-13T00:10:27.951+0000][17.684s][info ][gc,metaspace  ] GC(20) Metaspace: 66800K(68432K)->66800K(68432K) NonClass: 58336K(59348K)->58336K(59348K) Class: 8463K(9084K)->8463K(9084K)
[2023-11-13T00:10:27.952+0000][17.684s][info ][gc            ] GC(20) Pause Young (Normal) (G1 Evacuation Pause) 307M->45M(580M) 36.832ms
[2023-11-13T00:10:27.952+0000][17.684s][info ][gc,cpu        ] GC(20) User=0.15s Sys=0.01s Real=0.03s
[2023-11-13T00:10:27.952+0000][17.684s][info ][safepoint     ] Leaving safepoint region
[2023-11-13T00:10:27.952+0000][17.684s][info ][safepoint     ] Total time for which application threads were stopped: 0.0372063 seconds, Stopping threads took: 0.0000189 seconds
[2023-11-13T00:10:27.952+0000][17.684s][info ][gc,stringdedup] Concurrent String Deduplication (17.684s)
[2023-11-13T00:10:27.954+0000][17.686s][info ][gc,stringdedup] Concurrent String Deduplication 256.8K->79720.0B(178.9K) avg 44.1% (17.684s, 17.686s) 2.213ms
[2023-11-13T00:10:28.611+0000][18.343s][debug][safepoint     ] Safepoint synchronization initiated. (17 threads)
[2023-11-13T00:10:28.611+0000][18.343s][info ][safepoint     ] Application time: 0.6591506 seconds
[2023-11-13T00:10:28.611+0000][18.343s][info ][safepoint     ] Entering safepoint region: ICBufferFull
[2023-11-13T00:10:28.611+0000][18.343s][info ][safepoint     ] Leaving safepoint region
[2023-11-13T00:10:28.611+0000][18.343s][info ][safepoint     ] Total time for which application threads were stopped: 0.0002382 seconds, Stopping threads took: 0.0000186 seconds
[2023-11-13T00:10:28.746+0000][18.478s][debug][safepoint     ] Safepoint synchronization initiated. (17 threads)
[2023-11-13T00:10:28.746+0000][18.478s][info ][safepoint     ] Application time: 0.1346946 seconds
[2023-11-13T00:10:28.746+0000][18.478s][info ][safepoint     ] Entering safepoint region: ICBufferFull
[2023-11-13T00:10:28.746+0000][18.478s][info ][safepoint     ] Leaving safepoint region
[2023-11-13T00:10:28.746+0000][18.478s][info ][safepoint     ] Total time for which application threads were stopped: 0.0002539 seconds, Stopping threads took: 0.0000190 seconds
[2023-11-13T00:10:28.839+0000][18.572s][debug][safepoint     ] Safepoint synchronization initiated. (17 threads)
[2023-11-13T00:10:28.839+0000][18.572s][info ][safepoint     ] Application time: 0.0933999 seconds
[2023-11-13T00:10:28.839+0000][18.572s][debug][safepoint     ] Waiting for 1 thread(s) to block
[2023-11-13T00:10:28.840+0000][18.572s][info ][safepoint     ] Entering safepoint region: ICBufferFull
[2023-11-13T00:10:28.840+0000][18.572s][info ][safepoint     ] Leaving safepoint region
[2023-11-13T00:10:28.840+0000][18.572s][info ][safepoint     ] Total time for which application threads were stopped: 0.0003962 seconds, Stopping threads took: 0.0001848 seconds
[2023-11-13T00:10:28.918+0000][18.651s][debug][safepoint     ] Safepoint synchronization initiated. (17 threads)
[2023-11-13T00:10:28.918+0000][18.651s][info ][safepoint     ] Application time: 0.0785705 seconds
[2023-11-13T00:10:28.918+0000][18.651s][info ][safepoint     ] Entering safepoint region: ICBufferFull
[2023-11-13T00:10:28.919+0000][18.651s][info ][safepoint     ] Leaving safepoint region
[2023-11-13T00:10:28.919+0000][18.651s][info ][safepoint     ] Total time for which application threads were stopped: 0.0002251 seconds, Stopping threads took: 0.0000191 seconds
[2023-11-13T00:10:29.082+0000][18.815s][debug][safepoint     ] Safepoint synchronization initiated. (17 threads)
[2023-11-13T00:10:29.082+0000][18.815s][info ][safepoint     ] Application time: 0.1636942 seconds
[2023-11-13T00:10:29.082+0000][18.815s][debug][safepoint     ] Waiting for 1 thread(s) to block
[2023-11-13T00:10:29.082+0000][18.815s][info ][safepoint     ] Entering safepoint region: ICBufferFull
[2023-11-13T00:10:29.083+0000][18.815s][info ][safepoint     ] Leaving safepoint region
[2023-11-13T00:10:29.083+0000][18.815s][info ][safepoint     ] Total time for which application threads were stopped: 0.0003784 seconds, Stopping threads took: 0.0000854 seconds
[2023-11-13T00:10:29.618+0000][19.351s][debug][safepoint     ] Safepoint synchronization initiated. (17 threads)
[2023-11-13T00:10:29.618+0000][19.351s][info ][safepoint     ] Application time: 0.5356853 seconds
[2023-11-13T00:10:29.619+0000][19.351s][info ][safepoint     ] Entering safepoint region: ICBufferFull
[2023-11-13T00:10:29.619+0000][19.351s][info ][safepoint     ] Leaving safepoint region
[2023-11-13T00:10:29.619+0000][19.351s][info ][safepoint     ] Total time for which application threads were stopped: 0.0002646 seconds, Stopping threads took: 0.0000198 seconds
[2023-11-13T00:10:29.775+0000][19.507s][debug][safepoint     ] Safepoint synchronization initiated. (17 threads)
[2023-11-13T00:10:29.775+0000][19.507s][info ][safepoint     ] Application time: 0.1561895 seconds
[2023-11-13T00:10:29.775+0000][19.507s][debug][safepoint     ] Waiting for 1 thread(s) to block
[2023-11-13T00:10:29.775+0000][19.507s][info ][safepoint     ] Entering safepoint region: G1CollectForAllocation
[2023-11-13T00:10:29.775+0000][19.508s][info ][gc,start      ] GC(21) Pause Young (Normal) (G1 Evacuation Pause)
[2023-11-13T00:10:29.775+0000][19.508s][info ][gc,task       ] GC(21) Using 6 workers of 6 for evacuation
[2023-11-13T00:10:29.796+0000][19.528s][info ][gc,phases     ] GC(21)   Pre Evacuate Collection Set: 0.0ms
[2023-11-13T00:10:29.796+0000][19.528s][info ][gc,phases     ] GC(21)   Evacuate Collection Set: 15.6ms
[2023-11-13T00:10:29.796+0000][19.528s][info ][gc,phases     ] GC(21)   Post Evacuate Collection Set: 4.5ms
[2023-11-13T00:10:29.796+0000][19.528s][info ][gc,phases     ] GC(21)   Other: 0.3ms
[2023-11-13T00:10:29.796+0000][19.528s][info ][gc,heap       ] GC(21) Eden regions: 326->0(326)
[2023-11-13T00:10:29.796+0000][19.528s][info ][gc,heap       ] GC(21) Survivor regions: 22->22(44)
[2023-11-13T00:10:29.796+0000][19.528s][info ][gc,heap       ] GC(21) Old regions: 25->26
[2023-11-13T00:10:29.796+0000][19.528s][info ][gc,heap       ] GC(21) Humongous regions: 0->0
[2023-11-13T00:10:29.796+0000][19.528s][info ][gc,metaspace  ] GC(21) Metaspace: 71647K(73424K)->71647K(73424K) NonClass: 62499K(63700K)->62499K(63700K) Class: 9148K(9724K)->9148K(9724K)
[2023-11-13T00:10:29.796+0000][19.528s][info ][gc            ] GC(21) Pause Young (Normal) (G1 Evacuation Pause) 371M->45M(580M) 20.648ms
[2023-11-13T00:10:29.796+0000][19.528s][info ][gc,cpu        ] GC(21) User=0.08s Sys=0.00s Real=0.02s
[2023-11-13T00:10:29.796+0000][19.528s][info ][safepoint     ] Leaving safepoint region
[2023-11-13T00:10:29.796+0000][19.528s][info ][safepoint     ] Total time for which application threads were stopped: 0.0209589 seconds, Stopping threads took: 0.0000607 seconds
[2023-11-13T00:10:29.796+0000][19.528s][info ][gc,stringdedup] Concurrent String Deduplication (19.528s)
[2023-11-13T00:10:29.797+0000][19.529s][info ][gc,stringdedup] Concurrent String Deduplication 63416.0B->18840.0B(44576.0B) avg 44.3% (19.528s, 19.529s) 0.663ms
[2023-11-13T00:10:29.849+0000][19.582s][debug][safepoint     ] Safepoint synchronization initiated. (17 threads)
[2023-11-13T00:10:29.850+0000][19.582s][info ][safepoint     ] Application time: 0.0535555 seconds
[2023-11-13T00:10:29.850+0000][19.582s][info ][safepoint     ] Entering safepoint region: Deoptimize
[2023-11-13T00:10:29.851+0000][19.583s][info ][safepoint     ] Leaving safepoint region
[2023-11-13T00:10:29.851+0000][19.583s][info ][safepoint     ] Total time for which application threads were stopped: 0.0013072 seconds, Stopping threads took: 0.0000201 seconds
[2023-11-13T00:10:29.852+0000][19.584s][debug][safepoint     ] Safepoint synchronization initiated. (17 threads)
[2023-11-13T00:10:29.852+0000][19.584s][info ][safepoint     ] Application time: 0.0009097 seconds
[2023-11-13T00:10:29.852+0000][19.584s][info ][safepoint     ] Entering safepoint region: Deoptimize
[2023-11-13T00:10:29.852+0000][19.584s][info ][safepoint     ] Leaving safepoint region
[2023-11-13T00:10:29.852+0000][19.585s][info ][safepoint     ] Total time for which application threads were stopped: 0.0004269 seconds, Stopping threads took: 0.0000148 seconds
[2023-11-13T00:10:30.177+0000][19.909s][debug][safepoint     ] Safepoint synchronization initiated. (17 threads)
[2023-11-13T00:10:30.177+0000][19.910s][info ][safepoint     ] Application time: 0.3250029 seconds
[2023-11-13T00:10:30.177+0000][19.910s][info ][safepoint     ] Entering safepoint region: Deoptimize
[2023-11-13T00:10:30.179+0000][19.911s][info ][safepoint     ] Leaving safepoint region
[2023-11-13T00:10:30.179+0000][19.911s][info ][safepoint     ] Total time for which application threads were stopped: 0.0015460 seconds, Stopping threads took: 0.0000195 seconds
[2023-11-13T00:10:30.421+0000][20.153s][debug][safepoint     ] Safepoint synchronization initiated. (17 threads)
[2023-11-13T00:10:30.421+0000][20.153s][info ][safepoint     ] Application time: 0.2420385 seconds
[2023-11-13T00:10:30.421+0000][20.153s][info ][safepoint     ] Entering safepoint region: Deoptimize
[2023-11-13T00:10:30.422+0000][20.155s][info ][safepoint     ] Leaving safepoint region
[2023-11-13T00:10:30.422+0000][20.155s][info ][safepoint     ] Total time for which application threads were stopped: 0.0013728 seconds, Stopping threads took: 0.0001294 seconds
[2023-11-13T00:10:30.611+0000][20.344s][debug][safepoint     ] Safepoint synchronization initiated. (17 threads)
[2023-11-13T00:10:30.612+0000][20.344s][info ][safepoint     ] Application time: 0.1889245 seconds
[2023-11-13T00:10:30.612+0000][20.344s][info ][safepoint     ] Entering safepoint region: Deoptimize
[2023-11-13T00:10:30.613+0000][20.345s][info ][safepoint     ] Leaving safepoint region
[2023-11-13T00:10:30.613+0000][20.345s][info ][safepoint     ] Total time for which application threads were stopped: 0.0013604 seconds, Stopping threads took: 0.0001403 seconds
[2023-11-13T00:10:30.956+0000][20.688s][debug][safepoint     ] Safepoint synchronization initiated. (17 threads)
[2023-11-13T00:10:30.956+0000][20.689s][info ][safepoint     ] Application time: 0.3432984 seconds
[2023-11-13T00:10:30.957+0000][20.689s][debug][safepoint     ] Waiting for 1 thread(s) to block
[2023-11-13T00:10:30.957+0000][20.689s][info ][safepoint     ] Entering safepoint region: ICBufferFull
[2023-11-13T00:10:30.957+0000][20.689s][info ][safepoint     ] Leaving safepoint region
[2023-11-13T00:10:30.957+0000][20.690s][info ][safepoint     ] Total time for which application threads were stopped: 0.0007167 seconds, Stopping threads took: 0.0003553 seconds
[2023-11-13T00:10:31.700+0000][21.433s][debug][safepoint     ] Safepoint synchronization initiated. (16 threads)
[2023-11-13T00:10:31.701+0000][21.433s][info ][safepoint     ] Application time: 0.7434876 seconds
[2023-11-13T00:10:31.701+0000][21.433s][info ][safepoint     ] Entering safepoint region: ICBufferFull
[2023-11-13T00:10:31.701+0000][21.434s][info ][safepoint     ] Leaving safepoint region
[2023-11-13T00:10:31.702+0000][21.434s][info ][safepoint     ] Total time for which application threads were stopped: 0.0004970 seconds, Stopping threads took: 0.0001451 seconds
[2023-11-13T00:10:32.125+0000][21.857s][debug][safepoint     ] Safepoint synchronization initiated. (16 threads)
[2023-11-13T00:10:32.125+0000][21.857s][info ][safepoint     ] Application time: 0.4231601 seconds
[2023-11-13T00:10:32.125+0000][21.857s][info ][safepoint     ] Entering safepoint region: ICBufferFull
[2023-11-13T00:10:32.125+0000][21.858s][info ][safepoint     ] Leaving safepoint region
[2023-11-13T00:10:32.126+0000][21.858s][info ][safepoint     ] Total time for which application threads were stopped: 0.0004835 seconds, Stopping threads took: 0.0001448 seconds
[2023-11-13T00:10:32.161+0000][21.893s][debug][safepoint     ] Safepoint synchronization initiated. (16 threads)
[2023-11-13T00:10:32.161+0000][21.894s][info ][safepoint     ] Application time: 0.0357442 seconds
[2023-11-13T00:10:32.162+0000][21.894s][info ][safepoint     ] Entering safepoint region: G1CollectForAllocation
[2023-11-13T00:10:32.162+0000][21.894s][info ][gc,start      ] GC(22) Pause Young (Normal) (G1 Evacuation Pause)
[2023-11-13T00:10:32.162+0000][21.894s][info ][gc,task       ] GC(22) Using 6 workers of 6 for evacuation
[2023-11-13T00:10:32.192+0000][21.924s][info ][gc,phases     ] GC(22)   Pre Evacuate Collection Set: 0.0ms
[2023-11-13T00:10:32.192+0000][21.924s][info ][gc,phases     ] GC(22)   Evacuate Collection Set: 26.3ms
[2023-11-13T00:10:32.192+0000][21.924s][info ][gc,phases     ] GC(22)   Post Evacuate Collection Set: 3.0ms
[2023-11-13T00:10:32.192+0000][21.924s][info ][gc,phases     ] GC(22)   Other: 0.5ms
[2023-11-13T00:10:32.192+0000][21.925s][info ][gc,heap       ] GC(22) Eden regions: 326->0(320)
[2023-11-13T00:10:32.192+0000][21.925s][info ][gc,heap       ] GC(22) Survivor regions: 22->28(44)
[2023-11-13T00:10:32.193+0000][21.925s][info ][gc,heap       ] GC(22) Old regions: 26->26
[2023-11-13T00:10:32.193+0000][21.925s][info ][gc,heap       ] GC(22) Humongous regions: 0->0
[2023-11-13T00:10:32.193+0000][21.925s][info ][gc,metaspace  ] GC(22) Metaspace: 78609K(80720K)->78609K(80720K) NonClass: 68731K(70100K)->68731K(70100K) Class: 9877K(10620K)->9877K(10620K)
[2023-11-13T00:10:32.193+0000][21.925s][info ][gc            ] GC(22) Pause Young (Normal) (G1 Evacuation Pause) 371M->52M(580M) 31.176ms
[2023-11-13T00:10:32.193+0000][21.925s][info ][gc,cpu        ] GC(22) User=0.11s Sys=0.00s Real=0.03s
[2023-11-13T00:10:32.193+0000][21.926s][info ][safepoint     ] Leaving safepoint region
[2023-11-13T00:10:32.193+0000][21.926s][info ][safepoint     ] Total time for which application threads were stopped: 0.0319213 seconds, Stopping threads took: 0.0001390 seconds
[2023-11-13T00:10:32.198+0000][21.930s][info ][gc,stringdedup] Concurrent String Deduplication (21.930s)
[2023-11-13T00:10:32.201+0000][21.934s][info ][gc,stringdedup] Concurrent String Deduplication 329.0K->98456.0B(232.9K) avg 45.2% (21.930s, 21.934s) 3.270ms
[2023-11-13T00:10:32.572+0000][22.305s][debug][safepoint     ] Safepoint synchronization initiated. (16 threads)
[2023-11-13T00:10:32.573+0000][22.305s][info ][safepoint     ] Application time: 0.3789233 seconds
[2023-11-13T00:10:32.573+0000][22.305s][debug][safepoint     ] ... found polling page return exception at pc = 0x00007f3798669d16, stub =0x00007f3790841800
[2023-11-13T00:10:32.573+0000][22.305s][debug][safepoint     ] Waiting for 1 thread(s) to block
[2023-11-13T00:10:32.573+0000][22.305s][info ][safepoint     ] Entering safepoint region: ICBufferFull
[2023-11-13T00:10:32.573+0000][22.306s][info ][safepoint     ] Leaving safepoint region
[2023-11-13T00:10:32.573+0000][22.306s][info ][safepoint     ] Total time for which application threads were stopped: 0.0007050 seconds, Stopping threads took: 0.0004574 seconds
[2023-11-13T00:10:32.767+0000][22.499s][debug][safepoint     ] Safepoint synchronization initiated. (16 threads)
[2023-11-13T00:10:32.767+0000][22.499s][info ][safepoint     ] Application time: 0.1937508 seconds
[2023-11-13T00:10:32.767+0000][22.499s][info ][safepoint     ] Entering safepoint region: ICBufferFull
[2023-11-13T00:10:32.767+0000][22.500s][info ][safepoint     ] Leaving safepoint region
[2023-11-13T00:10:32.767+0000][22.500s][info ][safepoint     ] Total time for which application threads were stopped: 0.0002769 seconds, Stopping threads took: 0.0000185 seconds
[2023-11-13T00:10:32.900+0000][22.633s][debug][safepoint     ] Safepoint synchronization initiated. (16 threads)
[2023-11-13T00:10:32.900+0000][22.633s][info ][safepoint     ] Application time: 0.1329685 seconds
[2023-11-13T00:10:32.900+0000][22.633s][info ][safepoint     ] Entering safepoint region: ICBufferFull
[2023-11-13T00:10:32.901+0000][22.633s][info ][safepoint     ] Leaving safepoint region
[2023-11-13T00:10:32.901+0000][22.633s][info ][safepoint     ] Total time for which application threads were stopped: 0.0003304 seconds, Stopping threads took: 0.0000192 seconds
[2023-11-13T00:10:33.234+0000][22.966s][debug][safepoint     ] Safepoint synchronization initiated. (16 threads)
[2023-11-13T00:10:33.234+0000][22.966s][info ][safepoint     ] Application time: 0.3329928 seconds
[2023-11-13T00:10:33.234+0000][22.966s][info ][safepoint     ] Entering safepoint region: ICBufferFull
[2023-11-13T00:10:33.234+0000][22.967s][info ][safepoint     ] Leaving safepoint region
[2023-11-13T00:10:33.235+0000][22.967s][info ][safepoint     ] Total time for which application threads were stopped: 0.0004958 seconds, Stopping threads took: 0.0001451 seconds
[2023-11-13T00:10:33.395+0000][23.128s][debug][safepoint     ] Safepoint synchronization initiated. (16 threads)
[2023-11-13T00:10:33.396+0000][23.128s][info ][safepoint     ] Application time: 0.1608574 seconds
[2023-11-13T00:10:33.396+0000][23.128s][info ][safepoint     ] Entering safepoint region: Deoptimize
[2023-11-13T00:10:33.397+0000][23.129s][info ][safepoint     ] Leaving safepoint region
[2023-11-13T00:10:33.397+0000][23.129s][info ][safepoint     ] Total time for which application threads were stopped: 0.0015013 seconds, Stopping threads took: 0.0001390 seconds
[2023-11-13T00:10:34.158+0000][23.890s][debug][safepoint     ] Safepoint synchronization initiated. (17 threads)
[2023-11-13T00:10:34.158+0000][23.890s][info ][safepoint     ] Application time: 0.7607422 seconds
[2023-11-13T00:10:34.158+0000][23.890s][info ][safepoint     ] Entering safepoint region: Deoptimize
[2023-11-13T00:10:34.160+0000][23.892s][info ][safepoint     ] Leaving safepoint region
[2023-11-13T00:10:34.160+0000][23.892s][info ][safepoint     ] Total time for which application threads were stopped: 0.0015744 seconds, Stopping threads took: 0.0001236 seconds
[2023-11-13T00:10:34.309+0000][24.041s][debug][safepoint     ] Safepoint synchronization initiated. (21 threads)
[2023-11-13T00:10:34.309+0000][24.041s][info ][safepoint     ] Application time: 0.1488846 seconds
[2023-11-13T00:10:34.309+0000][24.041s][info ][safepoint     ] Entering safepoint region: G1CollectForAllocation
[2023-11-13T00:10:34.309+0000][24.041s][info ][gc,start      ] GC(23) Pause Young (Normal) (G1 Evacuation Pause)
[2023-11-13T00:10:34.309+0000][24.042s][info ][gc,task       ] GC(23) Using 6 workers of 6 for evacuation
[2023-11-13T00:10:34.352+0000][24.084s][info ][gc,phases     ] GC(23)   Pre Evacuate Collection Set: 0.0ms
[2023-11-13T00:10:34.352+0000][24.085s][info ][gc,phases     ] GC(23)   Evacuate Collection Set: 39.6ms
[2023-11-13T00:10:34.352+0000][24.085s][info ][gc,phases     ] GC(23)   Post Evacuate Collection Set: 2.7ms
[2023-11-13T00:10:34.353+0000][24.085s][info ][gc,phases     ] GC(23)   Other: 0.5ms
[2023-11-13T00:10:34.353+0000][24.085s][info ][gc,heap       ] GC(23) Eden regions: 320->0(319)
[2023-11-13T00:10:34.353+0000][24.085s][info ][gc,heap       ] GC(23) Survivor regions: 28->29(44)
[2023-11-13T00:10:34.353+0000][24.085s][info ][gc,heap       ] GC(23) Old regions: 26->32
[2023-11-13T00:10:34.353+0000][24.085s][info ][gc,heap       ] GC(23) Humongous regions: 0->0
[2023-11-13T00:10:34.353+0000][24.086s][info ][gc,metaspace  ] GC(23) Metaspace: 82526K(84816K)->82526K(84816K) NonClass: 72246K(73684K)->72246K(73684K) Class: 10280K(11132K)->10280K(11132K)
[2023-11-13T00:10:34.353+0000][24.086s][info ][gc            ] GC(23) Pause Young (Normal) (G1 Evacuation Pause) 372M->59M(580M) 44.249ms
[2023-11-13T00:10:34.354+0000][24.086s][info ][gc,cpu        ] GC(23) User=0.16s Sys=0.01s Real=0.04s
[2023-11-13T00:10:34.354+0000][24.086s][info ][safepoint     ] Leaving safepoint region
[2023-11-13T00:10:34.354+0000][24.086s][info ][safepoint     ] Total time for which application threads were stopped: 0.0450001 seconds, Stopping threads took: 0.0001290 seconds
[2023-11-13T00:10:34.354+0000][24.086s][info ][gc,stringdedup] Concurrent String Deduplication (24.086s)
[2023-11-13T00:10:34.356+0000][24.088s][info ][gc,stringdedup] Concurrent String Deduplication 274.4K->170.2K(104.1K) avg 45.0% (24.086s, 24.088s) 1.796ms
[2023-11-13T00:10:34.892+0000][24.624s][debug][safepoint     ] Safepoint synchronization initiated. (21 threads)
[2023-11-13T00:10:34.892+0000][24.625s][info ][safepoint     ] Application time: 0.5383666 seconds
[2023-11-13T00:10:34.893+0000][24.625s][debug][safepoint     ] Waiting for 1 thread(s) to block
[2023-11-13T00:10:34.893+0000][24.625s][info ][safepoint     ] Entering safepoint region: ICBufferFull
[2023-11-13T00:10:34.893+0000][24.626s][info ][safepoint     ] Leaving safepoint region
[2023-11-13T00:10:34.894+0000][24.626s][info ][safepoint     ] Total time for which application threads were stopped: 0.0006746 seconds, Stopping threads took: 0.0003347 seconds
[2023-11-13T00:10:35.346+0000][25.079s][debug][safepoint     ] Safepoint synchronization initiated. (21 threads)
[2023-11-13T00:10:35.347+0000][25.079s][info ][safepoint     ] Application time: 0.4529343 seconds
[2023-11-13T00:10:35.347+0000][25.079s][debug][safepoint     ] Waiting for 1 thread(s) to block
[2023-11-13T00:10:35.347+0000][25.079s][info ][safepoint     ] Entering safepoint region: Deoptimize
[2023-11-13T00:10:35.349+0000][25.081s][info ][safepoint     ] Leaving safepoint region
[2023-11-13T00:10:35.349+0000][25.081s][info ][safepoint     ] Total time for which application threads were stopped: 0.0019346 seconds, Stopping threads took: 0.0002801 seconds
[2023-11-13T00:10:35.685+0000][25.417s][debug][safepoint     ] Safepoint synchronization initiated. (21 threads)
[2023-11-13T00:10:35.685+0000][25.418s][info ][safepoint     ] Application time: 0.3363712 seconds
[2023-11-13T00:10:35.685+0000][25.418s][debug][safepoint     ] Waiting for 1 thread(s) to block
[2023-11-13T00:10:35.686+0000][25.418s][info ][safepoint     ] Entering safepoint region: Deoptimize
[2023-11-13T00:10:35.687+0000][25.419s][info ][safepoint     ] Leaving safepoint region
[2023-11-13T00:10:35.687+0000][25.419s][info ][safepoint     ] Total time for which application threads were stopped: 0.0017755 seconds, Stopping threads took: 0.0002612 seconds
[2023-11-13T00:10:35.814+0000][25.546s][debug][safepoint     ] Safepoint synchronization initiated. (22 threads)
[2023-11-13T00:10:35.814+0000][25.547s][info ][safepoint     ] Application time: 0.1270885 seconds
[2023-11-13T00:10:35.814+0000][25.547s][debug][safepoint     ] Waiting for 1 thread(s) to block
[2023-11-13T00:10:35.815+0000][25.547s][info ][safepoint     ] Entering safepoint region: Deoptimize
[2023-11-13T00:10:35.816+0000][25.549s][info ][safepoint     ] Leaving safepoint region
[2023-11-13T00:10:35.816+0000][25.549s][info ][safepoint     ] Total time for which application threads were stopped: 0.0019893 seconds, Stopping threads took: 0.0002710 seconds
[2023-11-13T00:10:36.048+0000][25.780s][debug][safepoint     ] Safepoint synchronization initiated. (22 threads)
[2023-11-13T00:10:36.048+0000][25.780s][info ][safepoint     ] Application time: 0.2311981 seconds
[2023-11-13T00:10:36.048+0000][25.780s][debug][safepoint     ] Waiting for 1 thread(s) to block
[2023-11-13T00:10:36.048+0000][25.780s][info ][safepoint     ] Entering safepoint region: Deoptimize
[2023-11-13T00:10:36.050+0000][25.782s][info ][safepoint     ] Leaving safepoint region
[2023-11-13T00:10:36.050+0000][25.782s][info ][safepoint     ] Total time for which application threads were stopped: 0.0018140 seconds, Stopping threads took: 0.0002748 seconds
[2023-11-13T00:10:36.174+0000][25.906s][debug][safepoint     ] Safepoint synchronization initiated. (22 threads)
[2023-11-13T00:10:36.174+0000][25.907s][info ][safepoint     ] Application time: 0.1244106 seconds
[2023-11-13T00:10:36.174+0000][25.907s][debug][safepoint     ] Waiting for 1 thread(s) to block
[2023-11-13T00:10:36.175+0000][25.907s][info ][safepoint     ] Entering safepoint region: G1CollectForAllocation
[2023-11-13T00:10:36.175+0000][25.907s][info ][gc,start      ] GC(24) Pause Young (Normal) (G1 Evacuation Pause)
[2023-11-13T00:10:36.175+0000][25.907s][info ][gc,task       ] GC(24) Using 6 workers of 6 for evacuation
[2023-11-13T00:10:36.214+0000][25.947s][info ][gc,phases     ] GC(24)   Pre Evacuate Collection Set: 0.0ms
[2023-11-13T00:10:36.214+0000][25.947s][info ][gc,phases     ] GC(24)   Evacuate Collection Set: 36.1ms
[2023-11-13T00:10:36.215+0000][25.947s][info ][gc,phases     ] GC(24)   Post Evacuate Collection Set: 2.9ms
[2023-11-13T00:10:36.215+0000][25.947s][info ][gc,phases     ] GC(24)   Other: 0.4ms
[2023-11-13T00:10:36.215+0000][25.947s][info ][gc,heap       ] GC(24) Eden regions: 319->0(318)
[2023-11-13T00:10:36.215+0000][25.947s][info ][gc,heap       ] GC(24) Survivor regions: 29->30(44)
[2023-11-13T00:10:36.215+0000][25.947s][info ][gc,heap       ] GC(24) Old regions: 32->39
[2023-11-13T00:10:36.215+0000][25.948s][info ][gc,heap       ] GC(24) Humongous regions: 0->0
[2023-11-13T00:10:36.215+0000][25.948s][info ][gc,metaspace  ] GC(24) Metaspace: 87855K(90448K)->87855K(90448K) NonClass: 76967K(78548K)->76967K(78548K) Class: 10887K(11900K)->10887K(11900K)
[2023-11-13T00:10:36.216+0000][25.948s][info ][gc            ] GC(24) Pause Young (Normal) (G1 Evacuation Pause) 378M->67M(580M) 40.755ms
[2023-11-13T00:10:36.216+0000][25.948s][info ][gc,cpu        ] GC(24) User=0.17s Sys=0.01s Real=0.04s
[2023-11-13T00:10:36.216+0000][25.948s][info ][safepoint     ] Leaving safepoint region
[2023-11-13T00:10:36.216+0000][25.948s][info ][safepoint     ] Total time for which application threads were stopped: 0.0416109 seconds, Stopping threads took: 0.0002724 seconds
[2023-11-13T00:10:36.216+0000][25.948s][info ][gc,stringdedup] Concurrent String Deduplication (25.948s)
[2023-11-13T00:10:36.220+0000][25.952s][info ][gc,stringdedup] Concurrent String Deduplication 608.2K->163.6K(444.6K) avg 46.6% (25.948s, 25.952s) 3.652ms
[2023-11-13T00:10:36.801+0000][26.533s][debug][safepoint     ] Safepoint synchronization initiated. (24 threads)
[2023-11-13T00:10:36.801+0000][26.533s][info ][safepoint     ] Application time: 0.5848399 seconds
[2023-11-13T00:10:36.801+0000][26.533s][info ][safepoint     ] Entering safepoint region: Deoptimize
[2023-11-13T00:10:36.803+0000][26.535s][info ][safepoint     ] Leaving safepoint region
[2023-11-13T00:10:36.803+0000][26.535s][info ][safepoint     ] Total time for which application threads were stopped: 0.0020520 seconds, Stopping threads took: 0.0000215 seconds
[2023-11-13T00:10:36.864+0000][26.596s][debug][safepoint     ] Safepoint synchronization initiated. (24 threads)
[2023-11-13T00:10:36.864+0000][26.596s][info ][safepoint     ] Application time: 0.0610416 seconds
[2023-11-13T00:10:36.864+0000][26.596s][info ][safepoint     ] Entering safepoint region: Deoptimize
[2023-11-13T00:10:36.865+0000][26.598s][info ][safepoint     ] Leaving safepoint region
[2023-11-13T00:10:36.866+0000][26.598s][info ][safepoint     ] Total time for which application threads were stopped: 0.0013742 seconds, Stopping threads took: 0.0000426 seconds
[2023-11-13T00:10:36.919+0000][26.651s][debug][safepoint     ] Safepoint synchronization initiated. (24 threads)
[2023-11-13T00:10:36.919+0000][26.651s][info ][safepoint     ] Application time: 0.0531990 seconds
[2023-11-13T00:10:36.919+0000][26.651s][info ][safepoint     ] Entering safepoint region: Deoptimize
[2023-11-13T00:10:36.920+0000][26.652s][info ][safepoint     ] Leaving safepoint region
[2023-11-13T00:10:36.920+0000][26.652s][info ][safepoint     ] Total time for which application threads were stopped: 0.0014369 seconds, Stopping threads took: 0.0000206 seconds
[2023-11-13T00:10:36.929+0000][26.661s][debug][safepoint     ] Safepoint synchronization initiated. (24 threads)
[2023-11-13T00:10:36.929+0000][26.661s][info ][safepoint     ] Application time: 0.0088756 seconds
[2023-11-13T00:10:36.929+0000][26.661s][info ][safepoint     ] Entering safepoint region: Deoptimize
[2023-11-13T00:10:36.931+0000][26.663s][info ][safepoint     ] Leaving safepoint region
[2023-11-13T00:10:36.931+0000][26.663s][info ][safepoint     ] Total time for which application threads were stopped: 0.0015054 seconds, Stopping threads took: 0.0000181 seconds
[2023-11-13T00:10:36.977+0000][26.709s][debug][safepoint     ] Safepoint synchronization initiated. (24 threads)
[2023-11-13T00:10:36.977+0000][26.709s][info ][safepoint     ] Application time: 0.0461977 seconds
[2023-11-13T00:10:36.977+0000][26.709s][info ][safepoint     ] Entering safepoint region: Deoptimize
[2023-11-13T00:10:36.978+0000][26.711s][info ][safepoint     ] Leaving safepoint region
[2023-11-13T00:10:36.978+0000][26.711s][info ][safepoint     ] Total time for which application threads were stopped: 0.0014839 seconds, Stopping threads took: 0.0000205 seconds
[2023-11-13T00:10:37.313+0000][27.046s][debug][safepoint     ] Safepoint synchronization initiated. (27 threads)
[2023-11-13T00:10:37.313+0000][27.046s][info ][safepoint     ] Application time: 0.3350481 seconds
[2023-11-13T00:10:37.313+0000][27.046s][info ][safepoint     ] Entering safepoint region: ICBufferFull
[2023-11-13T00:10:37.314+0000][27.046s][info ][safepoint     ] Leaving safepoint region
[2023-11-13T00:10:37.314+0000][27.046s][info ][safepoint     ] Total time for which application threads were stopped: 0.0002953 seconds, Stopping threads took: 0.0000210 seconds
[2023-11-13T00:10:37.834+0000][27.567s][debug][safepoint     ] Safepoint synchronization initiated. (34 threads)
[2023-11-13T00:10:37.834+0000][27.567s][info ][safepoint     ] Application time: 0.5207091 seconds
[2023-11-13T00:10:37.834+0000][27.567s][info ][safepoint     ] Entering safepoint region: ICBufferFull
[2023-11-13T00:10:37.835+0000][27.567s][info ][safepoint     ] Leaving safepoint region
[2023-11-13T00:10:37.835+0000][27.567s][info ][safepoint     ] Total time for which application threads were stopped: 0.0002556 seconds, Stopping threads took: 0.0000230 seconds
[2023-11-13T00:10:37.860+0000][27.592s][debug][safepoint     ] Safepoint synchronization initiated. (34 threads)
[2023-11-13T00:10:37.860+0000][27.592s][info ][safepoint     ] Application time: 0.0252923 seconds
[2023-11-13T00:10:37.860+0000][27.592s][info ][safepoint     ] Entering safepoint region: Deoptimize
[2023-11-13T00:10:37.861+0000][27.594s][info ][safepoint     ] Leaving safepoint region
[2023-11-13T00:10:37.861+0000][27.594s][info ][safepoint     ] Total time for which application threads were stopped: 0.0014231 seconds, Stopping threads took: 0.0000223 seconds
[2023-11-13T00:10:37.921+0000][27.653s][debug][safepoint     ] Safepoint synchronization initiated. (34 threads)
[2023-11-13T00:10:37.921+0000][27.653s][info ][safepoint     ] Application time: 0.0592728 seconds
[2023-11-13T00:10:37.921+0000][27.653s][debug][safepoint     ] Waiting for 1 thread(s) to block
[2023-11-13T00:10:37.921+0000][27.653s][info ][safepoint     ] Entering safepoint region: ICBufferFull
[2023-11-13T00:10:37.921+0000][27.653s][info ][safepoint     ] Leaving safepoint region
[2023-11-13T00:10:37.921+0000][27.653s][info ][safepoint     ] Total time for which application threads were stopped: 0.0004736 seconds, Stopping threads took: 0.0001835 seconds
[2023-11-13T00:10:37.966+0000][27.699s][debug][safepoint     ] Safepoint synchronization initiated. (34 threads)
[2023-11-13T00:10:37.967+0000][27.699s][info ][safepoint     ] Application time: 0.0453682 seconds
[2023-11-13T00:10:37.967+0000][27.699s][info ][safepoint     ] Entering safepoint region: Deoptimize
[2023-11-13T00:10:37.968+0000][27.700s][info ][safepoint     ] Leaving safepoint region
[2023-11-13T00:10:37.968+0000][27.700s][info ][safepoint     ] Total time for which application threads were stopped: 0.0015441 seconds, Stopping threads took: 0.0000230 seconds
[2023-11-13T00:10:38.038+0000][27.770s][debug][safepoint     ] Safepoint synchronization initiated. (34 threads)
[2023-11-13T00:10:38.038+0000][27.770s][info ][safepoint     ] Application time: 0.0694143 seconds
[2023-11-13T00:10:38.038+0000][27.770s][info ][safepoint     ] Entering safepoint region: G1CollectForAllocation
[2023-11-13T00:10:38.038+0000][27.770s][info ][gc,start      ] GC(25) Pause Young (Normal) (G1 Evacuation Pause)
[2023-11-13T00:10:38.038+0000][27.770s][info ][gc,task       ] GC(25) Using 6 workers of 6 for evacuation
[2023-11-13T00:10:38.085+0000][27.817s][info ][gc,phases     ] GC(25)   Pre Evacuate Collection Set: 0.0ms
[2023-11-13T00:10:38.085+0000][27.817s][info ][gc,phases     ] GC(25)   Evacuate Collection Set: 40.2ms
[2023-11-13T00:10:38.085+0000][27.817s][info ][gc,phases     ] GC(25)   Post Evacuate Collection Set: 6.9ms
[2023-11-13T00:10:38.085+0000][27.818s][info ][gc,phases     ] GC(25)   Other: 0.2ms
[2023-11-13T00:10:38.085+0000][27.818s][info ][gc,heap       ] GC(25) Eden regions: 318->0(324)
[2023-11-13T00:10:38.085+0000][27.818s][info ][gc,heap       ] GC(25) Survivor regions: 30->24(44)
[2023-11-13T00:10:38.085+0000][27.818s][info ][gc,heap       ] GC(25) Old regions: 39->52
[2023-11-13T00:10:38.085+0000][27.818s][info ][gc,heap       ] GC(25) Humongous regions: 0->0
[2023-11-13T00:10:38.085+0000][27.818s][info ][gc,metaspace  ] GC(25) Metaspace: 94334K(97232K)->94334K(97232K) NonClass: 82684K(84436K)->82684K(84436K) Class: 11649K(12796K)->11649K(12796K)
[2023-11-13T00:10:38.085+0000][27.818s][info ][gc            ] GC(25) Pause Young (Normal) (G1 Evacuation Pause) 385M->74M(580M) 47.596ms
[2023-11-13T00:10:38.085+0000][27.818s][info ][gc,cpu        ] GC(25) User=0.16s Sys=0.01s Real=0.04s
[2023-11-13T00:10:38.085+0000][27.818s][info ][safepoint     ] Leaving safepoint region
[2023-11-13T00:10:38.085+0000][27.818s][info ][safepoint     ] Total time for which application threads were stopped: 0.0478119 seconds, Stopping threads took: 0.0000229 seconds
[2023-11-13T00:10:38.087+0000][27.819s][info ][gc,stringdedup] Concurrent String Deduplication (27.819s)
[2023-11-13T00:10:38.091+0000][27.824s][info ][gc,stringdedup] Concurrent String Deduplication 738.3K->198.8K(539.5K) avg 48.3% (27.819s, 27.824s) 4.782ms
[2023-11-13T00:10:38.572+0000][28.304s][debug][safepoint     ] Safepoint synchronization initiated. (34 threads)
[2023-11-13T00:10:38.572+0000][28.305s][info ][safepoint     ] Application time: 0.4868129 seconds
[2023-11-13T00:10:38.572+0000][28.305s][info ][safepoint     ] Entering safepoint region: Deoptimize
[2023-11-13T00:10:38.574+0000][28.306s][info ][safepoint     ] Leaving safepoint region
[2023-11-13T00:10:38.574+0000][28.306s][info ][safepoint     ] Total time for which application threads were stopped: 0.0014345 seconds, Stopping threads took: 0.0000242 seconds
[2023-11-13T00:10:38.575+0000][28.308s][debug][safepoint     ] Safepoint synchronization initiated. (34 threads)
[2023-11-13T00:10:38.575+0000][28.308s][info ][safepoint     ] Application time: 0.0015660 seconds
[2023-11-13T00:10:38.575+0000][28.308s][info ][safepoint     ] Entering safepoint region: Deoptimize
[2023-11-13T00:10:38.576+0000][28.308s][info ][safepoint     ] Leaving safepoint region
[2023-11-13T00:10:38.576+0000][28.308s][info ][safepoint     ] Total time for which application threads were stopped: 0.0006954 seconds, Stopping threads took: 0.0000437 seconds
[2023-11-13T00:10:38.602+0000][28.334s][debug][safepoint     ] Safepoint synchronization initiated. (34 threads)
[2023-11-13T00:10:38.602+0000][28.334s][info ][safepoint     ] Application time: 0.0260637 seconds
[2023-11-13T00:10:38.602+0000][28.334s][info ][safepoint     ] Entering safepoint region: Deoptimize
[2023-11-13T00:10:38.603+0000][28.336s][info ][safepoint     ] Leaving safepoint region
[2023-11-13T00:10:38.603+0000][28.336s][info ][safepoint     ] Total time for which application threads were stopped: 0.0014079 seconds, Stopping threads took: 0.0000224 seconds
[2023-11-13T00:10:38.847+0000][28.579s][debug][safepoint     ] Safepoint synchronization initiated. (34 threads)
[2023-11-13T00:10:38.847+0000][28.579s][info ][safepoint     ] Application time: 0.2432868 seconds
[2023-11-13T00:10:38.847+0000][28.579s][info ][safepoint     ] Entering safepoint region: CollectForMetadataAllocation
[2023-11-13T00:10:38.847+0000][28.579s][info ][gc,start      ] GC(26) Pause Young (Concurrent Start) (Metadata GC Threshold)
[2023-11-13T00:10:38.847+0000][28.579s][info ][gc,task       ] GC(26) Using 6 workers of 6 for evacuation
[2023-11-13T00:10:38.884+0000][28.616s][info ][gc,phases     ] GC(26)   Pre Evacuate Collection Set: 0.3ms
[2023-11-13T00:10:38.884+0000][28.616s][info ][gc,phases     ] GC(26)   Evacuate Collection Set: 23.9ms
[2023-11-13T00:10:38.884+0000][28.616s][info ][gc,phases     ] GC(26)   Post Evacuate Collection Set: 12.4ms
[2023-11-13T00:10:38.884+0000][28.616s][info ][gc,phases     ] GC(26)   Other: 0.4ms
[2023-11-13T00:10:38.884+0000][28.616s][info ][gc,heap       ] GC(26) Eden regions: 156->0(397)
[2023-11-13T00:10:38.884+0000][28.616s][info ][gc,heap       ] GC(26) Survivor regions: 24->20(44)
[2023-11-13T00:10:38.884+0000][28.616s][info ][gc,heap       ] GC(26) Old regions: 52->61
[2023-11-13T00:10:38.884+0000][28.616s][info ][gc,heap       ] GC(26) Humongous regions: 0->0
[2023-11-13T00:10:38.884+0000][28.616s][info ][gc,metaspace  ] GC(26) Metaspace: 98247K(101200K)->98247K(101200K) NonClass: 86187K(88020K)->86187K(88020K) Class: 12060K(13180K)->12060K(13180K)
[2023-11-13T00:10:38.884+0000][28.616s][info ][gc            ] GC(26) Pause Young (Concurrent Start) (Metadata GC Threshold) 230M->78M(696M) 37.081ms
[2023-11-13T00:10:38.884+0000][28.616s][info ][gc,cpu        ] GC(26) User=0.09s Sys=0.03s Real=0.03s
[2023-11-13T00:10:38.884+0000][28.616s][info ][gc            ] GC(27) Concurrent Cycle
[2023-11-13T00:10:38.884+0000][28.616s][info ][gc,marking    ] GC(27) Concurrent Clear Claimed Marks
[2023-11-13T00:10:38.884+0000][28.617s][info ][gc,marking    ] GC(27) Concurrent Clear Claimed Marks 0.243ms
[2023-11-13T00:10:38.884+0000][28.617s][info ][gc,marking    ] GC(27) Concurrent Scan Root Regions
[2023-11-13T00:10:38.885+0000][28.617s][info ][safepoint     ] Leaving safepoint region
[2023-11-13T00:10:38.885+0000][28.617s][info ][safepoint     ] Total time for which application threads were stopped: 0.0378395 seconds, Stopping threads took: 0.0000227 seconds
[2023-11-13T00:10:38.890+0000][28.623s][info ][gc,stringdedup] Concurrent String Deduplication (28.623s)
[2023-11-13T00:10:38.895+0000][28.628s][info ][gc,stringdedup] Concurrent String Deduplication 535.2K->158.7K(376.5K) avg 49.3% (28.623s, 28.627s) 4.984ms
[2023-11-13T00:10:38.907+0000][28.639s][info ][gc,marking    ] GC(27) Concurrent Scan Root Regions 22.086ms
[2023-11-13T00:10:38.907+0000][28.639s][info ][gc,marking    ] GC(27) Concurrent Mark (28.639s)
[2023-11-13T00:10:38.907+0000][28.639s][info ][gc,marking    ] GC(27) Concurrent Mark From Roots
[2023-11-13T00:10:38.907+0000][28.639s][info ][gc,task       ] GC(27) Using 2 workers of 2 for marking
[2023-11-13T00:10:38.983+0000][28.715s][info ][gc,marking    ] GC(27) Concurrent Mark From Roots 76.004ms
[2023-11-13T00:10:38.983+0000][28.715s][info ][gc,marking    ] GC(27) Concurrent Preclean
[2023-11-13T00:10:38.983+0000][28.715s][info ][gc,marking    ] GC(27) Concurrent Preclean 0.177ms
[2023-11-13T00:10:38.983+0000][28.715s][info ][gc,marking    ] GC(27) Concurrent Mark (28.639s, 28.715s) 76.319ms
[2023-11-13T00:10:38.983+0000][28.715s][debug][safepoint     ] Safepoint synchronization initiated. (37 threads)
[2023-11-13T00:10:38.983+0000][28.715s][info ][safepoint     ] Application time: 0.0983526 seconds
[2023-11-13T00:10:38.983+0000][28.715s][debug][safepoint     ] ... found polling page return exception at pc = 0x00007f3798354175, stub =0x00007f3790841800
[2023-11-13T00:10:38.983+0000][28.715s][debug][safepoint     ] Waiting for 1 thread(s) to block
[2023-11-13T00:10:38.983+0000][28.715s][info ][safepoint     ] Entering safepoint region: CGC_Operation
[2023-11-13T00:10:38.983+0000][28.716s][info ][gc,start      ] GC(27) Pause Remark
[2023-11-13T00:10:39.007+0000][28.739s][info ][gc,stringtable] GC(27) Cleaned string and symbol table, strings: 45927 processed, 68 removed, symbols: 277599 processed, 316 removed
[2023-11-13T00:10:39.010+0000][28.742s][info ][gc            ] GC(27) Pause Remark 97M->97M(696M) 26.522ms
[2023-11-13T00:10:39.010+0000][28.742s][info ][gc,cpu        ] GC(27) User=0.08s Sys=0.00s Real=0.03s
[2023-11-13T00:10:39.010+0000][28.742s][info ][safepoint     ] Leaving safepoint region
[2023-11-13T00:10:39.010+0000][28.742s][info ][safepoint     ] Total time for which application threads were stopped: 0.0269736 seconds, Stopping threads took: 0.0001558 seconds
[2023-11-13T00:10:39.010+0000][28.742s][info ][gc,marking    ] GC(27) Concurrent Rebuild Remembered Sets
[2023-11-13T00:10:39.029+0000][28.761s][debug][safepoint     ] Safepoint synchronization initiated. (37 threads)
[2023-11-13T00:10:39.029+0000][28.762s][info ][safepoint     ] Application time: 0.0193287 seconds
[2023-11-13T00:10:39.029+0000][28.762s][info ][safepoint     ] Entering safepoint region: Deoptimize
[2023-11-13T00:10:39.031+0000][28.763s][info ][safepoint     ] Leaving safepoint region
[2023-11-13T00:10:39.031+0000][28.763s][info ][safepoint     ] Total time for which application threads were stopped: 0.0016893 seconds, Stopping threads took: 0.0001299 seconds
[2023-11-13T00:10:39.065+0000][28.797s][info ][gc,marking    ] GC(27) Concurrent Rebuild Remembered Sets 54.707ms
[2023-11-13T00:10:39.065+0000][28.797s][debug][safepoint     ] Safepoint synchronization initiated. (37 threads)
[2023-11-13T00:10:39.065+0000][28.797s][info ][safepoint     ] Application time: 0.0338705 seconds
[2023-11-13T00:10:39.065+0000][28.798s][info ][safepoint     ] Entering safepoint region: CGC_Operation
[2023-11-13T00:10:39.066+0000][28.798s][info ][gc,start      ] GC(27) Pause Cleanup
[2023-11-13T00:10:39.066+0000][28.798s][info ][gc            ] GC(27) Pause Cleanup 104M->104M(696M) 0.436ms
[2023-11-13T00:10:39.066+0000][28.798s][info ][gc,cpu        ] GC(27) User=0.00s Sys=0.00s Real=0.01s
[2023-11-13T00:10:39.066+0000][28.799s][info ][safepoint     ] Leaving safepoint region
[2023-11-13T00:10:39.066+0000][28.799s][info ][safepoint     ] Total time for which application threads were stopped: 0.0011346 seconds, Stopping threads took: 0.0001290 seconds
[2023-11-13T00:10:39.067+0000][28.799s][info ][gc,marking    ] GC(27) Concurrent Cleanup for Next Mark
[2023-11-13T00:10:39.070+0000][28.802s][info ][gc,marking    ] GC(27) Concurrent Cleanup for Next Mark 3.443ms
[2023-11-13T00:10:39.070+0000][28.802s][info ][gc            ] GC(27) Concurrent Cycle 185.899ms
[2023-11-13T00:10:39.909+0000][29.641s][debug][safepoint     ] Safepoint synchronization initiated. (38 threads)
[2023-11-13T00:10:39.910+0000][29.642s][info ][safepoint     ] Application time: 0.8431389 seconds
[2023-11-13T00:10:39.910+0000][29.642s][info ][safepoint     ] Entering safepoint region: ICBufferFull
[2023-11-13T00:10:39.910+0000][29.642s][info ][safepoint     ] Leaving safepoint region
[2023-11-13T00:10:39.910+0000][29.643s][info ][safepoint     ] Total time for which application threads were stopped: 0.0005411 seconds, Stopping threads took: 0.0001663 seconds
[2023-11-13T00:10:40.590+0000][30.323s][debug][safepoint     ] Safepoint synchronization initiated. (38 threads)
[2023-11-13T00:10:40.591+0000][30.323s][info ][safepoint     ] Application time: 0.6710657 seconds
[2023-11-13T00:10:40.591+0000][30.323s][info ][safepoint     ] Entering safepoint region: ICBufferFull
[2023-11-13T00:10:40.591+0000][30.324s][info ][safepoint     ] Leaving safepoint region
[2023-11-13T00:10:40.592+0000][30.324s][info ][safepoint     ] Total time for which application threads were stopped: 0.0005637 seconds, Stopping threads took: 0.0001367 seconds
[2023-11-13T00:10:40.771+0000][30.503s][debug][safepoint     ] Safepoint synchronization initiated. (38 threads)
[2023-11-13T00:10:40.771+0000][30.504s][info ][safepoint     ] Application time: 0.1796772 seconds
[2023-11-13T00:10:40.771+0000][30.504s][info ][safepoint     ] Entering safepoint region: Deoptimize
[2023-11-13T00:10:40.773+0000][30.505s][info ][safepoint     ] Leaving safepoint region
[2023-11-13T00:10:40.773+0000][30.505s][info ][safepoint     ] Total time for which application threads were stopped: 0.0017377 seconds, Stopping threads took: 0.0001343 seconds
[2023-11-13T00:10:40.835+0000][30.567s][debug][safepoint     ] Safepoint synchronization initiated. (38 threads)
[2023-11-13T00:10:40.835+0000][30.567s][info ][safepoint     ] Application time: 0.0618836 seconds
[2023-11-13T00:10:40.835+0000][30.568s][info ][safepoint     ] Entering safepoint region: Deoptimize
[2023-11-13T00:10:40.837+0000][30.569s][info ][safepoint     ] Leaving safepoint region
[2023-11-13T00:10:40.837+0000][30.570s][info ][safepoint     ] Total time for which application threads were stopped: 0.0019286 seconds, Stopping threads took: 0.0002629 seconds
[2023-11-13T00:10:41.240+0000][30.973s][debug][safepoint     ] Safepoint synchronization initiated. (41 threads)
[2023-11-13T00:10:41.241+0000][30.973s][info ][safepoint     ] Application time: 0.4032285 seconds
[2023-11-13T00:10:41.241+0000][30.973s][debug][safepoint     ] Waiting for 1 thread(s) to block
[2023-11-13T00:10:41.241+0000][30.973s][info ][safepoint     ] Entering safepoint region: G1CollectForAllocation
[2023-11-13T00:10:41.241+0000][30.974s][info ][gc,start      ] GC(28) Pause Young (Normal) (G1 Evacuation Pause)
[2023-11-13T00:10:41.241+0000][30.974s][info ][gc,task       ] GC(28) Using 6 workers of 6 for evacuation
[2023-11-13T00:10:41.285+0000][31.017s][info ][gc,phases     ] GC(28)   Pre Evacuate Collection Set: 0.0ms
[2023-11-13T00:10:41.285+0000][31.018s][info ][gc,phases     ] GC(28)   Evacuate Collection Set: 30.4ms
[2023-11-13T00:10:41.285+0000][31.018s][info ][gc,phases     ] GC(28)   Post Evacuate Collection Set: 12.9ms
[2023-11-13T00:10:41.286+0000][31.018s][info ][gc,phases     ] GC(28)   Other: 0.5ms
[2023-11-13T00:10:41.286+0000][31.018s][info ][gc,heap       ] GC(28) Eden regions: 397->0(390)
[2023-11-13T00:10:41.286+0000][31.018s][info ][gc,heap       ] GC(28) Survivor regions: 20->27(53)
[2023-11-13T00:10:41.286+0000][31.018s][info ][gc,heap       ] GC(28) Old regions: 61->61
[2023-11-13T00:10:41.286+0000][31.018s][info ][gc,heap       ] GC(28) Humongous regions: 1->0
[2023-11-13T00:10:41.286+0000][31.019s][info ][gc,metaspace  ] GC(28) Metaspace: 103628K(106832K)->103628K(106832K) NonClass: 91118K(93140K)->91118K(93140K) Class: 12509K(13692K)->12509K(13692K)
[2023-11-13T00:10:41.286+0000][31.019s][info ][gc            ] GC(28) Pause Young (Normal) (G1 Evacuation Pause) 476M->86M(696M) 45.076ms
[2023-11-13T00:10:41.287+0000][31.019s][info ][gc,cpu        ] GC(28) User=0.18s Sys=0.00s Real=0.05s
[2023-11-13T00:10:41.287+0000][31.019s][info ][safepoint     ] Leaving safepoint region
[2023-11-13T00:10:41.287+0000][31.019s][info ][safepoint     ] Total time for which application threads were stopped: 0.0460669 seconds, Stopping threads took: 0.0002741 seconds
[2023-11-13T00:10:41.288+0000][31.020s][info ][gc,stringdedup] Concurrent String Deduplication (31.020s)
[2023-11-13T00:10:41.296+0000][31.028s][info ][gc,stringdedup] Concurrent String Deduplication 741.5K->354.0K(387.5K) avg 49.5% (31.020s, 31.028s) 8.011ms
[2023-11-13T00:10:41.590+0000][31.322s][debug][safepoint     ] Safepoint synchronization initiated. (40 threads)
[2023-11-13T00:10:41.590+0000][31.322s][info ][safepoint     ] Application time: 0.3030412 seconds
[2023-11-13T00:10:41.590+0000][31.322s][debug][safepoint     ] Waiting for 1 thread(s) to block
[2023-11-13T00:10:41.590+0000][31.323s][info ][safepoint     ] Entering safepoint region: Deoptimize
[2023-11-13T00:10:41.592+0000][31.324s][info ][safepoint     ] Leaving safepoint region
[2023-11-13T00:10:41.592+0000][31.325s][info ][safepoint     ] Total time for which application threads were stopped: 0.0021418 seconds, Stopping threads took: 0.0002657 seconds
[2023-11-13T00:10:41.844+0000][31.576s][debug][safepoint     ] Safepoint synchronization initiated. (41 threads)
[2023-11-13T00:10:41.844+0000][31.577s][info ][safepoint     ] Application time: 0.2519610 seconds
[2023-11-13T00:10:41.844+0000][31.577s][debug][safepoint     ] Waiting for 1 thread(s) to block
[2023-11-13T00:10:41.845+0000][31.577s][info ][safepoint     ] Entering safepoint region: ICBufferFull
[2023-11-13T00:10:41.845+0000][31.577s][info ][safepoint     ] Leaving safepoint region
[2023-11-13T00:10:41.845+0000][31.577s][info ][safepoint     ] Total time for which application threads were stopped: 0.0007002 seconds, Stopping threads took: 0.0002823 seconds
[2023-11-13T00:10:42.211+0000][31.943s][debug][safepoint     ] Safepoint synchronization initiated. (41 threads)
[2023-11-13T00:10:42.211+0000][31.943s][info ][safepoint     ] Application time: 0.3655738 seconds
[2023-11-13T00:10:42.211+0000][31.943s][debug][safepoint     ] Waiting for 1 thread(s) to block
[2023-11-13T00:10:42.211+0000][31.943s][info ][safepoint     ] Entering safepoint region: ICBufferFull
[2023-11-13T00:10:42.212+0000][31.944s][info ][safepoint     ] Leaving safepoint region
[2023-11-13T00:10:42.212+0000][31.944s][info ][safepoint     ] Total time for which application threads were stopped: 0.0006801 seconds, Stopping threads took: 0.0002882 seconds
[2023-11-13T00:10:43.025+0000][32.758s][debug][safepoint     ] Safepoint synchronization initiated. (42 threads)
[2023-11-13T00:10:43.025+0000][32.758s][info ][safepoint     ] Application time: 0.8136273 seconds
[2023-11-13T00:10:43.026+0000][32.758s][info ][safepoint     ] Entering safepoint region: Deoptimize
[2023-11-13T00:10:43.028+0000][32.760s][info ][safepoint     ] Leaving safepoint region
[2023-11-13T00:10:43.028+0000][32.760s][info ][safepoint     ] Total time for which application threads were stopped: 0.0024683 seconds, Stopping threads took: 0.0001502 seconds
[2023-11-13T00:10:43.109+0000][32.841s][debug][safepoint     ] Safepoint synchronization initiated. (42 threads)
[2023-11-13T00:10:43.109+0000][32.841s][info ][safepoint     ] Application time: 0.0808387 seconds
[2023-11-13T00:10:43.109+0000][32.841s][info ][safepoint     ] Entering safepoint region: Deoptimize
[2023-11-13T00:10:43.111+0000][32.843s][info ][safepoint     ] Leaving safepoint region
[2023-11-13T00:10:43.111+0000][32.843s][info ][safepoint     ] Total time for which application threads were stopped: 0.0017516 seconds, Stopping threads took: 0.0000243 seconds
[2023-11-13T00:10:43.159+0000][32.892s][debug][safepoint     ] Safepoint synchronization initiated. (42 threads)
[2023-11-13T00:10:43.159+0000][32.892s][info ][safepoint     ] Application time: 0.0486082 seconds
[2023-11-13T00:10:43.159+0000][32.892s][info ][safepoint     ] Entering safepoint region: Deoptimize
[2023-11-13T00:10:43.161+0000][32.893s][info ][safepoint     ] Leaving safepoint region
[2023-11-13T00:10:43.161+0000][32.894s][info ][safepoint     ] Total time for which application threads were stopped: 0.0017792 seconds, Stopping threads took: 0.0000262 seconds
[2023-11-13T00:10:43.222+0000][32.955s][debug][safepoint     ] Safepoint synchronization initiated. (42 threads)
[2023-11-13T00:10:43.222+0000][32.955s][info ][safepoint     ] Application time: 0.0610827 seconds
[2023-11-13T00:10:43.222+0000][32.955s][info ][safepoint     ] Entering safepoint region: Deoptimize
[2023-11-13T00:10:43.225+0000][32.957s][info ][safepoint     ] Leaving safepoint region
[2023-11-13T00:10:43.225+0000][32.957s][info ][safepoint     ] Total time for which application threads were stopped: 0.0024066 seconds, Stopping threads took: 0.0000253 seconds
[2023-11-13T00:10:43.428+0000][33.160s][debug][safepoint     ] Safepoint synchronization initiated. (42 threads)
[2023-11-13T00:10:43.428+0000][33.160s][info ][safepoint     ] Application time: 0.2032750 seconds
[2023-11-13T00:10:43.428+0000][33.160s][info ][safepoint     ] Entering safepoint region: Deoptimize
[2023-11-13T00:10:43.430+0000][33.162s][info ][safepoint     ] Leaving safepoint region
[2023-11-13T00:10:43.430+0000][33.162s][info ][safepoint     ] Total time for which application threads were stopped: 0.0017536 seconds, Stopping threads took: 0.0000240 seconds
[2023-11-13T00:10:43.431+0000][33.164s][debug][safepoint     ] Safepoint synchronization initiated. (42 threads)
[2023-11-13T00:10:43.431+0000][33.164s][info ][safepoint     ] Application time: 0.0015767 seconds
[2023-11-13T00:10:43.431+0000][33.164s][debug][safepoint     ] Waiting for 1 thread(s) to block
[2023-11-13T00:10:43.431+0000][33.164s][info ][safepoint     ] Entering safepoint region: Deoptimize
[2023-11-13T00:10:43.433+0000][33.165s][info ][safepoint     ] Leaving safepoint region
[2023-11-13T00:10:43.433+0000][33.165s][info ][safepoint     ] Total time for which application threads were stopped: 0.0014653 seconds, Stopping threads took: 0.0000665 seconds
[2023-11-13T00:10:43.451+0000][33.183s][debug][safepoint     ] Safepoint synchronization initiated. (42 threads)
[2023-11-13T00:10:43.451+0000][33.183s][info ][safepoint     ] Application time: 0.0178856 seconds
[2023-11-13T00:10:43.451+0000][33.183s][debug][safepoint     ] ... found polling page loop exception at pc = 0x00007f379894eba7, stub =0x00007f3790841b00
[2023-11-13T00:10:43.451+0000][33.183s][debug][safepoint     ] Waiting for 2 thread(s) to block
[2023-11-13T00:10:43.451+0000][33.183s][info ][safepoint     ] Entering safepoint region: ICBufferFull
[2023-11-13T00:10:43.451+0000][33.184s][info ][safepoint     ] Leaving safepoint region
[2023-11-13T00:10:43.451+0000][33.184s][info ][safepoint     ] Total time for which application threads were stopped: 0.0004501 seconds, Stopping threads took: 0.0001715 seconds
[2023-11-13T00:10:44.193+0000][33.925s][debug][safepoint     ] Safepoint synchronization initiated. (43 threads)
[2023-11-13T00:10:44.193+0000][33.925s][info ][safepoint     ] Application time: 0.7415522 seconds
[2023-11-13T00:10:44.193+0000][33.925s][info ][safepoint     ] Entering safepoint region: G1CollectForAllocation
[2023-11-13T00:10:44.193+0000][33.925s][info ][gc,start      ] GC(29) Pause Young (Normal) (G1 Evacuation Pause)
[2023-11-13T00:10:44.193+0000][33.925s][info ][gc,task       ] GC(29) Using 6 workers of 6 for evacuation
[2023-11-13T00:10:44.245+0000][33.977s][info ][gc,phases     ] GC(29)   Pre Evacuate Collection Set: 0.1ms
[2023-11-13T00:10:44.245+0000][33.977s][info ][gc,phases     ] GC(29)   Evacuate Collection Set: 46.9ms
[2023-11-13T00:10:44.245+0000][33.977s][info ][gc,phases     ] GC(29)   Post Evacuate Collection Set: 4.8ms
[2023-11-13T00:10:44.245+0000][33.978s][info ][gc,phases     ] GC(29)   Other: 0.3ms
[2023-11-13T00:10:44.245+0000][33.978s][info ][gc,heap       ] GC(29) Eden regions: 390->0(380)
[2023-11-13T00:10:44.245+0000][33.978s][info ][gc,heap       ] GC(29) Survivor regions: 27->37(53)
[2023-11-13T00:10:44.245+0000][33.978s][info ][gc,heap       ] GC(29) Old regions: 61->61
[2023-11-13T00:10:44.245+0000][33.978s][info ][gc,heap       ] GC(29) Humongous regions: 0->0
[2023-11-13T00:10:44.245+0000][33.978s][info ][gc,metaspace  ] GC(29) Metaspace: 118087K(121552K)->118087K(121552K) NonClass: 104067K(106196K)->104067K(106196K) Class: 14019K(15356K)->14019K(15356K)
[2023-11-13T00:10:44.245+0000][33.978s][info ][gc            ] GC(29) Pause Young (Normal) (G1 Evacuation Pause) 476M->95M(696M) 52.200ms
[2023-11-13T00:10:44.245+0000][33.978s][info ][gc,cpu        ] GC(29) User=0.21s Sys=0.00s Real=0.05s
[2023-11-13T00:10:44.245+0000][33.978s][info ][safepoint     ] Leaving safepoint region
[2023-11-13T00:10:44.245+0000][33.978s][info ][safepoint     ] Total time for which application threads were stopped: 0.0525805 seconds, Stopping threads took: 0.0000236 seconds
[2023-11-13T00:10:44.246+0000][33.978s][info ][gc,stringdedup] Concurrent String Deduplication (33.978s)
[2023-11-13T00:10:44.253+0000][33.986s][info ][gc,stringdedup] Concurrent String Deduplication 471.7K->343.7K(128.0K) avg 48.7% (33.978s, 33.986s) 7.259ms
[2023-11-13T00:10:44.292+0000][34.024s][debug][safepoint     ] Safepoint synchronization initiated. (43 threads)
[2023-11-13T00:10:44.292+0000][34.025s][info ][safepoint     ] Application time: 0.0467782 seconds
[2023-11-13T00:10:44.292+0000][34.025s][info ][safepoint     ] Entering safepoint region: Deoptimize
[2023-11-13T00:10:44.294+0000][34.026s][info ][safepoint     ] Leaving safepoint region
[2023-11-13T00:10:44.294+0000][34.026s][info ][safepoint     ] Total time for which application threads were stopped: 0.0016261 seconds, Stopping threads took: 0.0000250 seconds
[2023-11-13T00:10:44.561+0000][34.293s][debug][safepoint     ] Safepoint synchronization initiated. (43 threads)
[2023-11-13T00:10:44.561+0000][34.293s][info ][safepoint     ] Application time: 0.2672878 seconds
[2023-11-13T00:10:44.561+0000][34.293s][info ][safepoint     ] Entering safepoint region: Deoptimize
[2023-11-13T00:10:44.563+0000][34.295s][info ][safepoint     ] Leaving safepoint region
[2023-11-13T00:10:44.563+0000][34.295s][info ][safepoint     ] Total time for which application threads were stopped: 0.0015860 seconds, Stopping threads took: 0.0000234 seconds
[2023-11-13T00:10:45.563+0000][35.295s][debug][safepoint     ] Safepoint synchronization initiated. (44 threads)
[2023-11-13T00:10:45.563+0000][35.295s][info ][safepoint     ] Application time: 1.0003460 seconds
[2023-11-13T00:10:45.563+0000][35.296s][debug][safepoint     ] ... found polling page loop exception at pc = 0x00007f3798b372ab, stub =0x00007f3790841b00
[2023-11-13T00:10:45.563+0000][35.296s][debug][safepoint     ] Waiting for 1 thread(s) to block
[2023-11-13T00:10:45.564+0000][35.296s][info ][safepoint     ] Entering safepoint region: Cleanup
[2023-11-13T00:10:45.564+0000][35.296s][info ][safepoint     ] Leaving safepoint region
[2023-11-13T00:10:45.564+0000][35.296s][info ][safepoint     ] Total time for which application threads were stopped: 0.0008782 seconds, Stopping threads took: 0.0004888 seconds
[2023-11-13T00:10:46.200+0000][35.932s][debug][safepoint     ] Safepoint synchronization initiated. (48 threads)
[2023-11-13T00:10:46.200+0000][35.932s][info ][safepoint     ] Application time: 0.6354346 seconds
[2023-11-13T00:10:46.200+0000][35.932s][info ][safepoint     ] Entering safepoint region: Deoptimize
[2023-11-13T00:10:46.201+0000][35.934s][info ][safepoint     ] Leaving safepoint region
[2023-11-13T00:10:46.201+0000][35.934s][info ][safepoint     ] Total time for which application threads were stopped: 0.0016310 seconds, Stopping threads took: 0.0000275 seconds
[2023-11-13T00:10:46.713+0000][36.446s][debug][safepoint     ] Safepoint synchronization initiated. (54 threads)
[2023-11-13T00:10:46.714+0000][36.446s][info ][safepoint     ] Application time: 0.5121640 seconds
[2023-11-13T00:10:46.714+0000][36.446s][info ][safepoint     ] Entering safepoint region: G1CollectForAllocation
[2023-11-13T00:10:46.714+0000][36.446s][info ][gc,start      ] GC(30) Pause Young (Normal) (G1 Evacuation Pause)
[2023-11-13T00:10:46.714+0000][36.446s][info ][gc,task       ] GC(30) Using 6 workers of 6 for evacuation
[2023-11-13T00:10:46.778+0000][36.510s][info ][gc,phases     ] GC(30)   Pre Evacuate Collection Set: 0.0ms
[2023-11-13T00:10:46.778+0000][36.511s][info ][gc,phases     ] GC(30)   Evacuate Collection Set: 57.8ms
[2023-11-13T00:10:46.778+0000][36.511s][info ][gc,phases     ] GC(30)   Post Evacuate Collection Set: 6.2ms
[2023-11-13T00:10:46.778+0000][36.511s][info ][gc,phases     ] GC(30)   Other: 0.3ms
[2023-11-13T00:10:46.778+0000][36.511s][info ][gc,heap       ] GC(30) Eden regions: 380->0(383)
[2023-11-13T00:10:46.778+0000][36.511s][info ][gc,heap       ] GC(30) Survivor regions: 37->34(53)
[2023-11-13T00:10:46.778+0000][36.511s][info ][gc,heap       ] GC(30) Old regions: 61->74
[2023-11-13T00:10:46.778+0000][36.511s][info ][gc,heap       ] GC(30) Humongous regions: 0->0
[2023-11-13T00:10:46.778+0000][36.511s][info ][gc,metaspace  ] GC(30) Metaspace: 129823K(133456K)->129823K(133456K) NonClass: 114745K(116948K)->114745K(116948K) Class: 15077K(16508K)->15077K(16508K)
[2023-11-13T00:10:46.778+0000][36.511s][info ][gc            ] GC(30) Pause Young (Normal) (G1 Evacuation Pause) 475M->105M(696M) 64.578ms
[2023-11-13T00:10:46.778+0000][36.511s][info ][gc,cpu        ] GC(30) User=0.24s Sys=0.03s Real=0.07s
[2023-11-13T00:10:46.778+0000][36.511s][info ][safepoint     ] Leaving safepoint region
[2023-11-13T00:10:46.779+0000][36.511s][info ][safepoint     ] Total time for which application threads were stopped: 0.0649530 seconds, Stopping threads took: 0.0000291 seconds
[2023-11-13T00:10:46.779+0000][36.511s][info ][gc,stringdedup] Concurrent String Deduplication (36.511s)
[2023-11-13T00:10:46.784+0000][36.516s][info ][gc,stringdedup] Concurrent String Deduplication 747.0K->272.6K(474.4K) avg 49.5% (36.511s, 36.516s) 5.111ms
[2023-11-13T00:10:47.240+0000][36.972s][debug][safepoint     ] Safepoint synchronization initiated. (54 threads)
[2023-11-13T00:10:47.240+0000][36.972s][info ][safepoint     ] Application time: 0.4616553 seconds
[2023-11-13T00:10:47.240+0000][36.972s][info ][safepoint     ] Entering safepoint region: Deoptimize
[2023-11-13T00:10:47.242+0000][36.974s][info ][safepoint     ] Leaving safepoint region
[2023-11-13T00:10:47.242+0000][36.974s][info ][safepoint     ] Total time for which application threads were stopped: 0.0016920 seconds, Stopping threads took: 0.0000282 seconds
[2023-11-13T00:10:47.991+0000][37.723s][debug][safepoint     ] Safepoint synchronization initiated. (66 threads)
[2023-11-13T00:10:47.991+0000][37.723s][info ][safepoint     ] Application time: 0.7488477 seconds
[2023-11-13T00:10:47.991+0000][37.723s][info ][safepoint     ] Entering safepoint region: Deoptimize
[2023-11-13T00:10:47.993+0000][37.725s][info ][safepoint     ] Leaving safepoint region
[2023-11-13T00:10:47.993+0000][37.725s][info ][safepoint     ] Total time for which application threads were stopped: 0.0021096 seconds, Stopping threads took: 0.0000458 seconds
[2023-11-13T00:10:47.993+0000][37.725s][debug][safepoint     ] Safepoint synchronization initiated. (66 threads)
[2023-11-13T00:10:47.993+0000][37.726s][info ][safepoint     ] Application time: 0.0003425 seconds
[2023-11-13T00:10:47.993+0000][37.726s][info ][safepoint     ] Entering safepoint region: Deoptimize
[2023-11-13T00:10:47.994+0000][37.727s][info ][safepoint     ] Leaving safepoint region
[2023-11-13T00:10:47.994+0000][37.727s][info ][safepoint     ] Total time for which application threads were stopped: 0.0010983 seconds, Stopping threads took: 0.0000228 seconds
[2023-11-13T00:10:47.996+0000][37.728s][debug][safepoint     ] Safepoint synchronization initiated. (66 threads)
[2023-11-13T00:10:47.996+0000][37.728s][info ][safepoint     ] Application time: 0.0013379 seconds
[2023-11-13T00:10:47.996+0000][37.728s][info ][safepoint     ] Entering safepoint region: Deoptimize
[2023-11-13T00:10:47.996+0000][37.729s][info ][safepoint     ] Leaving safepoint region
[2023-11-13T00:10:47.997+0000][37.729s][info ][safepoint     ] Total time for which application threads were stopped: 0.0008014 seconds, Stopping threads took: 0.0000195 seconds
[2023-11-13T00:10:48.035+0000][37.767s][debug][safepoint     ] Safepoint synchronization initiated. (66 threads)
[2023-11-13T00:10:48.035+0000][37.767s][info ][safepoint     ] Application time: 0.0382447 seconds
[2023-11-13T00:10:48.035+0000][37.767s][info ][safepoint     ] Entering safepoint region: Deoptimize
[2023-11-13T00:10:48.036+0000][37.769s][info ][safepoint     ] Leaving safepoint region
[2023-11-13T00:10:48.037+0000][37.769s][info ][safepoint     ] Total time for which application threads were stopped: 0.0018415 seconds, Stopping threads took: 0.0000285 seconds
[2023-11-13T00:10:48.278+0000][38.011s][debug][safepoint     ] Safepoint synchronization initiated. (66 threads)
[2023-11-13T00:10:48.278+0000][38.011s][info ][safepoint     ] Application time: 0.2416742 seconds
[2023-11-13T00:10:48.278+0000][38.011s][info ][safepoint     ] Entering safepoint region: Deoptimize
[2023-11-13T00:10:48.281+0000][38.013s][info ][safepoint     ] Leaving safepoint region
[2023-11-13T00:10:48.281+0000][38.013s][info ][safepoint     ] Total time for which application threads were stopped: 0.0025433 seconds, Stopping threads took: 0.0000345 seconds
[2023-11-13T00:10:48.881+0000][38.613s][debug][safepoint     ] Safepoint synchronization initiated. (66 threads)
[2023-11-13T00:10:48.881+0000][38.613s][info ][safepoint     ] Application time: 0.6002830 seconds
[2023-11-13T00:10:48.881+0000][38.614s][info ][safepoint     ] Entering safepoint region: G1CollectForAllocation
[2023-11-13T00:10:48.881+0000][38.614s][info ][gc,start      ] GC(31) Pause Young (Normal) (G1 Evacuation Pause)
[2023-11-13T00:10:48.882+0000][38.614s][info ][gc,task       ] GC(31) Using 6 workers of 6 for evacuation
[2023-11-13T00:10:48.928+0000][38.661s][info ][gc,phases     ] GC(31)   Pre Evacuate Collection Set: 0.0ms
[2023-11-13T00:10:48.928+0000][38.661s][info ][gc,phases     ] GC(31)   Evacuate Collection Set: 42.9ms
[2023-11-13T00:10:48.929+0000][38.661s][info ][gc,phases     ] GC(31)   Post Evacuate Collection Set: 3.6ms
[2023-11-13T00:10:48.929+0000][38.661s][info ][gc,phases     ] GC(31)   Other: 0.5ms
[2023-11-13T00:10:48.929+0000][38.661s][info ][gc,heap       ] GC(31) Eden regions: 383->0(388)
[2023-11-13T00:10:48.929+0000][38.661s][info ][gc,heap       ] GC(31) Survivor regions: 34->29(53)
[2023-11-13T00:10:48.929+0000][38.661s][info ][gc,heap       ] GC(31) Old regions: 74->85
[2023-11-13T00:10:48.929+0000][38.661s][info ][gc,heap       ] GC(31) Humongous regions: 0->0
[2023-11-13T00:10:48.929+0000][38.661s][info ][gc,metaspace  ] GC(31) Metaspace: 136243K(140112K)->136243K(140112K) NonClass: 120399K(122836K)->120399K(122836K) Class: 15844K(17276K)->15844K(17276K)
[2023-11-13T00:10:48.929+0000][38.661s][info ][gc            ] GC(31) Pause Young (Normal) (G1 Evacuation Pause) 488M->112M(696M) 47.157ms
[2023-11-13T00:10:48.929+0000][38.661s][info ][gc,cpu        ] GC(31) User=0.17s Sys=0.01s Real=0.05s
[2023-11-13T00:10:48.929+0000][38.661s][info ][safepoint     ] Leaving safepoint region
[2023-11-13T00:10:48.929+0000][38.661s][info ][safepoint     ] Total time for which application threads were stopped: 0.0474963 seconds, Stopping threads took: 0.0000329 seconds
[2023-11-13T00:10:48.929+0000][38.661s][info ][gc,stringdedup] Concurrent String Deduplication (38.661s)
[2023-11-13T00:10:48.936+0000][38.669s][info ][gc,stringdedup] Concurrent String Deduplication 812.8K->277.2K(535.6K) avg 50.4% (38.661s, 38.669s) 7.619ms
[2023-11-13T00:10:49.161+0000][38.893s][debug][safepoint     ] Safepoint synchronization initiated. (66 threads)
[2023-11-13T00:10:49.161+0000][38.893s][info ][safepoint     ] Application time: 0.2324422 seconds
[2023-11-13T00:10:49.161+0000][38.893s][info ][safepoint     ] Entering safepoint region: Deoptimize
[2023-11-13T00:10:49.163+0000][38.895s][info ][safepoint     ] Leaving safepoint region
[2023-11-13T00:10:49.163+0000][38.895s][info ][safepoint     ] Total time for which application threads were stopped: 0.0019583 seconds, Stopping threads took: 0.0000329 seconds
[2023-11-13T00:10:49.195+0000][38.927s][debug][safepoint     ] Safepoint synchronization initiated. (66 threads)
[2023-11-13T00:10:49.195+0000][38.927s][info ][safepoint     ] Application time: 0.0315025 seconds
[2023-11-13T00:10:49.195+0000][38.927s][info ][safepoint     ] Entering safepoint region: Deoptimize
[2023-11-13T00:10:49.197+0000][38.929s][info ][safepoint     ] Leaving safepoint region
[2023-11-13T00:10:49.197+0000][38.929s][info ][safepoint     ] Total time for which application threads were stopped: 0.0019324 seconds, Stopping threads took: 0.0000300 seconds
[2023-11-13T00:10:49.570+0000][39.303s][debug][safepoint     ] Safepoint synchronization initiated. (66 threads)
[2023-11-13T00:10:49.571+0000][39.303s][info ][safepoint     ] Application time: 0.3738663 seconds
[2023-11-13T00:10:49.571+0000][39.303s][info ][safepoint     ] Entering safepoint region: Deoptimize
[2023-11-13T00:10:49.572+0000][39.305s][info ][safepoint     ] Leaving safepoint region
[2023-11-13T00:10:49.572+0000][39.305s][info ][safepoint     ] Total time for which application threads were stopped: 0.0017723 seconds, Stopping threads took: 0.0000327 seconds
[2023-11-13T00:10:49.629+0000][39.362s][debug][safepoint     ] Safepoint synchronization initiated. (66 threads)
[2023-11-13T00:10:49.629+0000][39.362s][info ][safepoint     ] Application time: 0.0570670 seconds
[2023-11-13T00:10:49.629+0000][39.362s][info ][safepoint     ] Entering safepoint region: Deoptimize
[2023-11-13T00:10:49.632+0000][39.364s][info ][safepoint     ] Leaving safepoint region
[2023-11-13T00:10:49.632+0000][39.364s][info ][safepoint     ] Total time for which application threads were stopped: 0.0021509 seconds, Stopping threads took: 0.0000318 seconds
[2023-11-13T00:10:50.529+0000][40.262s][debug][safepoint     ] Safepoint synchronization initiated. (73 threads)
[2023-11-13T00:10:50.529+0000][40.262s][info ][safepoint     ] Application time: 0.8977024 seconds
[2023-11-13T00:10:50.529+0000][40.262s][info ][safepoint     ] Entering safepoint region: Deoptimize
[2023-11-13T00:10:50.531+0000][40.263s][info ][safepoint     ] Leaving safepoint region
[2023-11-13T00:10:50.531+0000][40.263s][info ][safepoint     ] Total time for which application threads were stopped: 0.0018629 seconds, Stopping threads took: 0.0000486 seconds
[2023-11-13T00:10:50.662+0000][40.394s][debug][safepoint     ] Safepoint synchronization initiated. (85 threads)
[2023-11-13T00:10:50.662+0000][40.394s][info ][safepoint     ] Application time: 0.1308770 seconds
[2023-11-13T00:10:50.662+0000][40.394s][info ][safepoint     ] Entering safepoint region: G1CollectForAllocation
[2023-11-13T00:10:50.662+0000][40.395s][info ][gc,start      ] GC(32) Pause Young (Normal) (G1 Evacuation Pause)
[2023-11-13T00:10:50.662+0000][40.395s][info ][gc,task       ] GC(32) Using 6 workers of 6 for evacuation
[2023-11-13T00:10:50.708+0000][40.441s][info ][gc,phases     ] GC(32)   Pre Evacuate Collection Set: 0.0ms
[2023-11-13T00:10:50.709+0000][40.441s][info ][gc,phases     ] GC(32)   Evacuate Collection Set: 42.2ms
[2023-11-13T00:10:50.709+0000][40.441s][info ][gc,phases     ] GC(32)   Post Evacuate Collection Set: 3.6ms
[2023-11-13T00:10:50.709+0000][40.441s][info ][gc,phases     ] GC(32)   Other: 0.3ms
[2023-11-13T00:10:50.709+0000][40.441s][info ][gc,heap       ] GC(32) Eden regions: 388->0(393)
[2023-11-13T00:10:50.709+0000][40.441s][info ][gc,heap       ] GC(32) Survivor regions: 29->24(53)
[2023-11-13T00:10:50.709+0000][40.441s][info ][gc,heap       ] GC(32) Old regions: 85->95
[2023-11-13T00:10:50.709+0000][40.441s][info ][gc,heap       ] GC(32) Humongous regions: 0->0
[2023-11-13T00:10:50.709+0000][40.441s][info ][gc,metaspace  ] GC(32) Metaspace: 139951K(144080K)->139951K(144080K) NonClass: 123550K(126164K)->123550K(126164K) Class: 16401K(17916K)->16401K(17916K)
[2023-11-13T00:10:50.709+0000][40.441s][info ][gc            ] GC(32) Pause Young (Normal) (G1 Evacuation Pause) 500M->117M(696M) 46.375ms
[2023-11-13T00:10:50.709+0000][40.441s][info ][gc,cpu        ] GC(32) User=0.18s Sys=0.02s Real=0.05s
[2023-11-13T00:10:50.709+0000][40.441s][info ][safepoint     ] Leaving safepoint region
[2023-11-13T00:10:50.709+0000][40.441s][info ][safepoint     ] Total time for which application threads were stopped: 0.0466858 seconds, Stopping threads took: 0.0000394 seconds
[2023-11-13T00:10:50.709+0000][40.441s][info ][gc,stringdedup] Concurrent String Deduplication (40.441s)
[2023-11-13T00:10:50.715+0000][40.447s][info ][gc,stringdedup] Concurrent String Deduplication 776.8K->153.0K(623.8K) avg 51.9% (40.441s, 40.447s) 6.143ms
[2023-11-13T00:10:51.382+0000][41.114s][debug][safepoint     ] Safepoint synchronization initiated. (85 threads)
[2023-11-13T00:10:51.382+0000][41.115s][info ][safepoint     ] Application time: 0.6736510 seconds
[2023-11-13T00:10:51.383+0000][41.115s][info ][safepoint     ] Entering safepoint region: ICBufferFull
[2023-11-13T00:10:51.383+0000][41.115s][info ][safepoint     ] Leaving safepoint region
[2023-11-13T00:10:51.383+0000][41.116s][info ][safepoint     ] Total time for which application threads were stopped: 0.0005385 seconds, Stopping threads took: 0.0001550 seconds
[2023-11-13T00:10:51.740+0000][41.472s][debug][safepoint     ] Safepoint synchronization initiated. (85 threads)
[2023-11-13T00:10:51.740+0000][41.472s][info ][safepoint     ] Application time: 0.3567097 seconds
[2023-11-13T00:10:51.740+0000][41.473s][debug][safepoint     ] Waiting for 1 thread(s) to block
[2023-11-13T00:10:51.741+0000][41.473s][info ][safepoint     ] Entering safepoint region: ICBufferFull
[2023-11-13T00:10:51.741+0000][41.473s][info ][safepoint     ] Leaving safepoint region
[2023-11-13T00:10:51.741+0000][41.473s][info ][safepoint     ] Total time for which application threads were stopped: 0.0007593 seconds, Stopping threads took: 0.0003134 seconds
[2023-11-13T00:10:52.180+0000][41.912s][debug][safepoint     ] Safepoint synchronization initiated. (85 threads)
[2023-11-13T00:10:52.180+0000][41.913s][info ][safepoint     ] Application time: 0.4389855 seconds
[2023-11-13T00:10:52.180+0000][41.913s][info ][safepoint     ] Entering safepoint region: ICBufferFull
[2023-11-13T00:10:52.181+0000][41.913s][info ][safepoint     ] Leaving safepoint region
[2023-11-13T00:10:52.181+0000][41.913s][info ][safepoint     ] Total time for which application threads were stopped: 0.0005189 seconds, Stopping threads took: 0.0001569 seconds
[2023-11-13T00:10:52.837+0000][42.569s][debug][safepoint     ] Safepoint synchronization initiated. (85 threads)
[2023-11-13T00:10:52.837+0000][42.569s][info ][safepoint     ] Application time: 0.6558624 seconds
[2023-11-13T00:10:52.837+0000][42.569s][info ][safepoint     ] Entering safepoint region: ICBufferFull
[2023-11-13T00:10:52.837+0000][42.570s][info ][safepoint     ] Leaving safepoint region
[2023-11-13T00:10:52.838+0000][42.570s][info ][safepoint     ] Total time for which application threads were stopped: 0.0005329 seconds, Stopping threads took: 0.0001494 seconds
[2023-11-13T00:10:53.265+0000][42.998s][debug][safepoint     ] Safepoint synchronization initiated. (85 threads)
[2023-11-13T00:10:53.266+0000][42.998s][info ][safepoint     ] Application time: 0.4283006 seconds
[2023-11-13T00:10:53.266+0000][42.998s][debug][safepoint     ] ... found polling page loop exception at pc = 0x00007f3798422fdc, stub =0x00007f3790841b00
[2023-11-13T00:10:53.266+0000][42.999s][debug][safepoint     ] Waiting for 1 thread(s) to block
[2023-11-13T00:10:53.267+0000][42.999s][info ][safepoint     ] Entering safepoint region: ICBufferFull
[2023-11-13T00:10:53.267+0000][42.999s][info ][safepoint     ] Leaving safepoint region
[2023-11-13T00:10:53.267+0000][42.999s][info ][safepoint     ] Total time for which application threads were stopped: 0.0008646 seconds, Stopping threads took: 0.0004901 seconds
[2023-11-13T00:10:53.304+0000][43.036s][debug][safepoint     ] Safepoint synchronization initiated. (85 threads)
[2023-11-13T00:10:53.304+0000][43.036s][info ][safepoint     ] Application time: 0.0369597 seconds
[2023-11-13T00:10:53.304+0000][43.037s][debug][safepoint     ] ... found polling page return exception at pc = 0x00007f3798f9cd1f, stub =0x00007f3790841800
[2023-11-13T00:10:53.304+0000][43.037s][debug][safepoint     ] Waiting for 1 thread(s) to block
[2023-11-13T00:10:53.305+0000][43.037s][info ][safepoint     ] Entering safepoint region: ICBufferFull
[2023-11-13T00:10:53.305+0000][43.037s][info ][safepoint     ] Leaving safepoint region
[2023-11-13T00:10:53.305+0000][43.037s][info ][safepoint     ] Total time for which application threads were stopped: 0.0009349 seconds, Stopping threads took: 0.0004758 seconds
[2023-11-13T00:10:53.594+0000][43.327s][debug][safepoint     ] Safepoint synchronization initiated. (86 threads)
[2023-11-13T00:10:53.595+0000][43.327s][info ][safepoint     ] Application time: 0.2893951 seconds
[2023-11-13T00:10:53.595+0000][43.327s][info ][safepoint     ] Entering safepoint region: G1CollectForAllocation
[2023-11-13T00:10:53.595+0000][43.328s][info ][gc,start      ] GC(33) Pause Young (Normal) (G1 Evacuation Pause)
[2023-11-13T00:10:53.595+0000][43.328s][info ][gc,task       ] GC(33) Using 6 workers of 6 for evacuation
[2023-11-13T00:10:53.645+0000][43.377s][info ][gc,phases     ] GC(33)   Pre Evacuate Collection Set: 0.0ms
[2023-11-13T00:10:53.645+0000][43.377s][info ][gc,phases     ] GC(33)   Evacuate Collection Set: 45.4ms
[2023-11-13T00:10:53.645+0000][43.377s][info ][gc,phases     ] GC(33)   Post Evacuate Collection Set: 3.7ms
[2023-11-13T00:10:53.645+0000][43.377s][info ][gc,phases     ] GC(33)   Other: 0.5ms
[2023-11-13T00:10:53.645+0000][43.377s][info ][gc,heap       ] GC(33) Eden regions: 393->0(382)
[2023-11-13T00:10:53.645+0000][43.377s][info ][gc,heap       ] GC(33) Survivor regions: 24->35(53)
[2023-11-13T00:10:53.645+0000][43.377s][info ][gc,heap       ] GC(33) Old regions: 95->95
[2023-11-13T00:10:53.645+0000][43.377s][info ][gc,heap       ] GC(33) Humongous regions: 0->0
[2023-11-13T00:10:53.645+0000][43.377s][info ][gc,metaspace  ] GC(33) Metaspace: 142921K(147408K)->142921K(147408K) NonClass: 126185K(128980K)->126185K(128980K) Class: 16735K(18428K)->16735K(18428K)
[2023-11-13T00:10:53.645+0000][43.377s][info ][gc            ] GC(33) Pause Young (Normal) (G1 Evacuation Pause) 510M->128M(696M) 49.874ms
[2023-11-13T00:10:53.645+0000][43.377s][info ][gc,cpu        ] GC(33) User=0.19s Sys=0.01s Real=0.04s
[2023-11-13T00:10:53.645+0000][43.377s][info ][safepoint     ] Leaving safepoint region
[2023-11-13T00:10:53.645+0000][43.377s][info ][safepoint     ] Total time for which application threads were stopped: 0.0503572 seconds, Stopping threads took: 0.0001748 seconds
[2023-11-13T00:10:53.646+0000][43.378s][info ][gc,stringdedup] Concurrent String Deduplication (43.378s)
[2023-11-13T00:10:53.651+0000][43.383s][info ][gc,stringdedup] Concurrent String Deduplication 588.9K->309.7K(279.1K) avg 51.7% (43.378s, 43.383s) 4.745ms
[2023-11-13T00:10:54.294+0000][44.026s][debug][safepoint     ] Safepoint synchronization initiated. (86 threads)
[2023-11-13T00:10:54.294+0000][44.026s][info ][safepoint     ] Application time: 0.6488478 seconds
[2023-11-13T00:10:54.294+0000][44.026s][info ][safepoint     ] Entering safepoint region: ICBufferFull
[2023-11-13T00:10:54.295+0000][44.027s][info ][safepoint     ] Leaving safepoint region
[2023-11-13T00:10:54.295+0000][44.027s][info ][safepoint     ] Total time for which application threads were stopped: 0.0005970 seconds, Stopping threads took: 0.0000389 seconds
[2023-11-13T00:10:55.295+0000][45.027s][debug][safepoint     ] Safepoint synchronization initiated. (86 threads)
[2023-11-13T00:10:55.295+0000][45.027s][info ][safepoint     ] Application time: 1.0001619 seconds
[2023-11-13T00:10:55.299+0000][45.032s][debug][safepoint     ] ... found polling page return exception at pc = 0x00007f379836909f, stub =0x00007f3790841800
[2023-11-13T00:10:55.300+0000][45.033s][debug][safepoint     ] Waiting for 1 thread(s) to block
[2023-11-13T00:10:55.301+0000][45.033s][info ][safepoint     ] Entering safepoint region: Cleanup
[2023-11-13T00:10:55.301+0000][45.033s][info ][safepoint     ] Leaving safepoint region
[2023-11-13T00:10:55.301+0000][45.033s][info ][safepoint     ] Total time for which application threads were stopped: 0.0062427 seconds, Stopping threads took: 0.0058890 seconds
[2023-11-13T00:10:55.324+0000][45.057s][debug][safepoint     ] Safepoint synchronization initiated. (86 threads)
[2023-11-13T00:10:55.324+0000][45.057s][info ][safepoint     ] Application time: 0.0232490 seconds
[2023-11-13T00:10:55.325+0000][45.057s][debug][safepoint     ] Waiting for 1 thread(s) to block
[2023-11-13T00:10:55.325+0000][45.057s][info ][safepoint     ] Entering safepoint region: G1CollectForAllocation
[2023-11-13T00:10:55.325+0000][45.057s][info ][gc,start      ] GC(34) Pause Young (Normal) (G1 Evacuation Pause)
[2023-11-13T00:10:55.325+0000][45.058s][info ][gc,task       ] GC(34) Using 6 workers of 6 for evacuation
[2023-11-13T00:10:55.387+0000][45.119s][info ][gc,phases     ] GC(34)   Pre Evacuate Collection Set: 0.0ms
[2023-11-13T00:10:55.387+0000][45.119s][info ][gc,phases     ] GC(34)   Evacuate Collection Set: 57.4ms
[2023-11-13T00:10:55.387+0000][45.120s][info ][gc,phases     ] GC(34)   Post Evacuate Collection Set: 3.8ms
[2023-11-13T00:10:55.388+0000][45.120s][info ][gc,phases     ] GC(34)   Other: 0.6ms
[2023-11-13T00:10:55.388+0000][45.120s][info ][gc,heap       ] GC(34) Eden regions: 382->0(387)
[2023-11-13T00:10:55.388+0000][45.120s][info ][gc,heap       ] GC(34) Survivor regions: 35->30(53)
[2023-11-13T00:10:55.388+0000][45.120s][info ][gc,heap       ] GC(34) Old regions: 95->106
[2023-11-13T00:10:55.388+0000][45.120s][info ][gc,heap       ] GC(34) Humongous regions: 0->0
[2023-11-13T00:10:55.388+0000][45.121s][info ][gc,metaspace  ] GC(34) Metaspace: 143515K(148048K)->143515K(148048K) NonClass: 126715K(129492K)->126715K(129492K) Class: 16799K(18556K)->16799K(18556K)
[2023-11-13T00:10:55.388+0000][45.121s][info ][gc            ] GC(34) Pause Young (Normal) (G1 Evacuation Pause) 510M->133M(696M) 63.261ms
[2023-11-13T00:10:55.389+0000][45.121s][info ][gc,cpu        ] GC(34) User=0.25s Sys=0.00s Real=0.07s
[2023-11-13T00:10:55.389+0000][45.121s][info ][safepoint     ] Leaving safepoint region
[2023-11-13T00:10:55.389+0000][45.121s][info ][safepoint     ] Total time for which application threads were stopped: 0.0643118 seconds, Stopping threads took: 0.0003725 seconds
[2023-11-13T00:10:55.389+0000][45.122s][info ][gc,stringdedup] Concurrent String Deduplication (45.122s)
[2023-11-13T00:10:55.392+0000][45.125s][info ][gc,stringdedup] Concurrent String Deduplication 359.6K->155.3K(204.4K) avg 51.8% (45.122s, 45.124s) 2.958ms
[2023-11-13T00:10:56.390+0000][46.122s][debug][safepoint     ] Safepoint synchronization initiated. (86 threads)
[2023-11-13T00:10:56.390+0000][46.122s][info ][safepoint     ] Application time: 1.0011201 seconds
[2023-11-13T00:10:56.395+0000][46.128s][debug][safepoint     ] ... found polling page return exception at pc = 0x00007f3798d0aaab, stub =0x00007f3790841800
[2023-11-13T00:10:56.397+0000][46.129s][debug][safepoint     ] Waiting for 2 thread(s) to block
[2023-11-13T00:10:56.398+0000][46.130s][info ][safepoint     ] Entering safepoint region: Cleanup
[2023-11-13T00:10:56.398+0000][46.131s][info ][safepoint     ] Leaving safepoint region
[2023-11-13T00:10:56.399+0000][46.131s][info ][safepoint     ] Total time for which application threads were stopped: 0.0083256 seconds, Stopping threads took: 0.0078518 seconds
[2023-11-13T00:10:56.494+0000][46.226s][debug][safepoint     ] Safepoint synchronization initiated. (86 threads)
[2023-11-13T00:10:56.494+0000][46.226s][info ][safepoint     ] Application time: 0.0954259 seconds
[2023-11-13T00:10:56.494+0000][46.227s][debug][safepoint     ] Waiting for 1 thread(s) to block
[2023-11-13T00:10:56.501+0000][46.234s][info ][safepoint     ] Entering safepoint region: Deoptimize
[2023-11-13T00:10:56.504+0000][46.236s][info ][safepoint     ] Leaving safepoint region
[2023-11-13T00:10:56.504+0000][46.236s][info ][safepoint     ] Total time for which application threads were stopped: 0.0098731 seconds, Stopping threads took: 0.0070851 seconds
[2023-11-13T00:10:56.657+0000][46.390s][debug][safepoint     ] Safepoint synchronization initiated. (86 threads)
[2023-11-13T00:10:56.657+0000][46.390s][info ][safepoint     ] Application time: 0.1532342 seconds
[2023-11-13T00:10:56.657+0000][46.390s][debug][safepoint     ] ... found polling page return exception at pc = 0x00007f3798437da0, stub =0x00007f3790841800
[2023-11-13T00:10:56.657+0000][46.390s][debug][safepoint     ] Waiting for 1 thread(s) to block
[2023-11-13T00:10:56.658+0000][46.390s][info ][safepoint     ] Entering safepoint region: Deoptimize
[2023-11-13T00:10:56.659+0000][46.392s][info ][safepoint     ] Leaving safepoint region
[2023-11-13T00:10:56.660+0000][46.392s][info ][safepoint     ] Total time for which application threads were stopped: 0.0021398 seconds, Stopping threads took: 0.0001704 seconds
[2023-11-13T00:10:56.746+0000][46.478s][debug][safepoint     ] Safepoint synchronization initiated. (86 threads)
[2023-11-13T00:10:56.746+0000][46.478s][info ][safepoint     ] Application time: 0.0865245 seconds
[2023-11-13T00:10:56.746+0000][46.478s][info ][safepoint     ] Entering safepoint region: G1CollectForAllocation
[2023-11-13T00:10:56.746+0000][46.479s][info ][gc,start      ] GC(35) Pause Young (Normal) (G1 Evacuation Pause)
[2023-11-13T00:10:56.746+0000][46.479s][info ][gc,task       ] GC(35) Using 6 workers of 6 for evacuation
[2023-11-13T00:10:56.788+0000][46.521s][info ][gc,phases     ] GC(35)   Pre Evacuate Collection Set: 0.0ms
[2023-11-13T00:10:56.789+0000][46.521s][info ][gc,phases     ] GC(35)   Evacuate Collection Set: 36.2ms
[2023-11-13T00:10:56.789+0000][46.521s][info ][gc,phases     ] GC(35)   Post Evacuate Collection Set: 5.6ms
[2023-11-13T00:10:56.789+0000][46.521s][info ][gc,phases     ] GC(35)   Other: 0.3ms
[2023-11-13T00:10:56.789+0000][46.521s][info ][gc,heap       ] GC(35) Eden regions: 387->0(389)
[2023-11-13T00:10:56.789+0000][46.521s][info ][gc,heap       ] GC(35) Survivor regions: 30->28(53)
[2023-11-13T00:10:56.789+0000][46.521s][info ][gc,heap       ] GC(35) Old regions: 106->112
[2023-11-13T00:10:56.789+0000][46.521s][info ][gc,heap       ] GC(35) Humongous regions: 0->0
[2023-11-13T00:10:56.789+0000][46.521s][info ][gc,metaspace  ] GC(35) Metaspace: 145510K(150096K)->145510K(150096K) NonClass: 128480K(131284K)->128480K(131284K) Class: 17030K(18812K)->17030K(18812K)
[2023-11-13T00:10:56.789+0000][46.521s][info ][gc            ] GC(35) Pause Young (Normal) (G1 Evacuation Pause) 520M->138M(696M) 42.332ms
[2023-11-13T00:10:56.789+0000][46.521s][info ][gc,cpu        ] GC(35) User=0.20s Sys=0.00s Real=0.04s
[2023-11-13T00:10:56.789+0000][46.521s][info ][safepoint     ] Leaving safepoint region
[2023-11-13T00:10:56.789+0000][46.521s][info ][safepoint     ] Total time for which application threads were stopped: 0.0427168 seconds, Stopping threads took: 0.0000432 seconds
[2023-11-13T00:10:56.789+0000][46.521s][info ][gc,stringdedup] Concurrent String Deduplication (46.521s)
[2023-11-13T00:10:56.796+0000][46.528s][info ][gc,stringdedup] Concurrent String Deduplication 1083.5K->326.8K(756.7K) avg 52.9% (46.521s, 46.528s) 7.279ms
[2023-11-13T00:10:57.675+0000][47.407s][debug][safepoint     ] Safepoint synchronization initiated. (86 threads)
[2023-11-13T00:10:57.675+0000][47.407s][info ][safepoint     ] Application time: 0.8858111 seconds
[2023-11-13T00:10:57.675+0000][47.407s][debug][safepoint     ] Waiting for 1 thread(s) to block
[2023-11-13T00:10:57.675+0000][47.407s][info ][safepoint     ] Entering safepoint region: ICBufferFull
[2023-11-13T00:10:57.678+0000][47.410s][info ][safepoint     ] Leaving safepoint region
[2023-11-13T00:10:57.678+0000][47.410s][info ][safepoint     ] Total time for which application threads were stopped: 0.0034304 seconds, Stopping threads took: 0.0000934 seconds
[2023-11-13T00:10:58.004+0000][47.736s][debug][safepoint     ] Safepoint synchronization initiated. (86 threads)
[2023-11-13T00:10:58.004+0000][47.736s][info ][safepoint     ] Application time: 0.3255708 seconds
[2023-11-13T00:10:58.004+0000][47.736s][debug][safepoint     ] Waiting for 1 thread(s) to block
[2023-11-13T00:10:58.004+0000][47.736s][info ][safepoint     ] Entering safepoint region: G1CollectForAllocation
[2023-11-13T00:10:58.004+0000][47.736s][info ][gc,start      ] GC(36) Pause Young (Normal) (G1 Evacuation Pause)
[2023-11-13T00:10:58.004+0000][47.736s][info ][gc,task       ] GC(36) Using 6 workers of 6 for evacuation
[2023-11-13T00:10:58.035+0000][47.768s][info ][gc,phases     ] GC(36)   Pre Evacuate Collection Set: 0.0ms
[2023-11-13T00:10:58.035+0000][47.768s][info ][gc,phases     ] GC(36)   Evacuate Collection Set: 27.8ms
[2023-11-13T00:10:58.036+0000][47.768s][info ][gc,phases     ] GC(36)   Post Evacuate Collection Set: 3.3ms
[2023-11-13T00:10:58.036+0000][47.768s][info ][gc,phases     ] GC(36)   Other: 0.3ms
[2023-11-13T00:10:58.036+0000][47.768s][info ][gc,heap       ] GC(36) Eden regions: 389->0(390)
[2023-11-13T00:10:58.036+0000][47.768s][info ][gc,heap       ] GC(36) Survivor regions: 28->27(53)
[2023-11-13T00:10:58.036+0000][47.768s][info ][gc,heap       ] GC(36) Old regions: 112->118
[2023-11-13T00:10:58.036+0000][47.768s][info ][gc,heap       ] GC(36) Humongous regions: 0->0
[2023-11-13T00:10:58.036+0000][47.768s][info ][gc,metaspace  ] GC(36) Metaspace: 145727K(150352K)->145727K(150352K) NonClass: 128676K(131540K)->128676K(131540K) Class: 17050K(18812K)->17050K(18812K)
[2023-11-13T00:10:58.036+0000][47.768s][info ][gc            ] GC(36) Pause Young (Normal) (G1 Evacuation Pause) 527M->142M(696M) 31.698ms
[2023-11-13T00:10:58.036+0000][47.768s][info ][gc,cpu        ] GC(36) User=0.13s Sys=0.00s Real=0.04s
[2023-11-13T00:10:58.036+0000][47.768s][info ][safepoint     ] Leaving safepoint region
[2023-11-13T00:10:58.036+0000][47.768s][info ][safepoint     ] Total time for which application threads were stopped: 0.0320728 seconds, Stopping threads took: 0.0000825 seconds
[2023-11-13T00:10:58.036+0000][47.768s][info ][gc,stringdedup] Concurrent String Deduplication (47.768s)
[2023-11-13T00:10:58.040+0000][47.772s][info ][gc,stringdedup] Concurrent String Deduplication 643.0K->198.3K(444.7K) avg 53.5% (47.768s, 47.772s) 3.949ms
[2023-11-13T00:10:58.956+0000][48.689s][debug][safepoint     ] Safepoint synchronization initiated. (92 threads)
[2023-11-13T00:10:58.956+0000][48.689s][info ][safepoint     ] Application time: 0.9207378 seconds
[2023-11-13T00:10:58.957+0000][48.689s][debug][safepoint     ] Waiting for 1 thread(s) to block
[2023-11-13T00:10:58.957+0000][48.690s][info ][safepoint     ] Entering safepoint region: ICBufferFull
[2023-11-13T00:10:58.958+0000][48.690s][info ][safepoint     ] Leaving safepoint region
[2023-11-13T00:10:58.958+0000][48.690s][info ][safepoint     ] Total time for which application threads were stopped: 0.0007781 seconds, Stopping threads took: 0.0004148 seconds
[2023-11-13T00:10:59.011+0000][48.743s][debug][safepoint     ] Safepoint synchronization initiated. (92 threads)
[2023-11-13T00:10:59.011+0000][48.743s][info ][safepoint     ] Application time: 0.0532532 seconds
[2023-11-13T00:10:59.011+0000][48.744s][debug][safepoint     ] Waiting for 1 thread(s) to block
[2023-11-13T00:10:59.012+0000][48.744s][info ][safepoint     ] Entering safepoint region: Deoptimize
[2023-11-13T00:10:59.014+0000][48.746s][info ][safepoint     ] Leaving safepoint region
[2023-11-13T00:10:59.014+0000][48.746s][info ][safepoint     ] Total time for which application threads were stopped: 0.0028828 seconds, Stopping threads took: 0.0009393 seconds
[2023-11-13T00:10:59.119+0000][48.851s][debug][safepoint     ] Safepoint synchronization initiated. (97 threads)
[2023-11-13T00:10:59.119+0000][48.851s][info ][safepoint     ] Application time: 0.1050010 seconds
[2023-11-13T00:10:59.119+0000][48.851s][info ][safepoint     ] Entering safepoint region: Deoptimize
[2023-11-13T00:10:59.121+0000][48.853s][info ][safepoint     ] Leaving safepoint region
[2023-11-13T00:10:59.121+0000][48.853s][info ][safepoint     ] Total time for which application threads were stopped: 0.0019709 seconds, Stopping threads took: 0.0000519 seconds
[2023-11-13T00:10:59.467+0000][49.200s][debug][safepoint     ] Safepoint synchronization initiated. (131 threads)
[2023-11-13T00:10:59.468+0000][49.200s][info ][safepoint     ] Application time: 0.3465020 seconds
[2023-11-13T00:10:59.468+0000][49.200s][debug][safepoint     ] Waiting for 1 thread(s) to block
[2023-11-13T00:10:59.468+0000][49.200s][info ][safepoint     ] Entering safepoint region: Deoptimize
[2023-11-13T00:10:59.470+0000][49.203s][info ][safepoint     ] Leaving safepoint region
[2023-11-13T00:10:59.470+0000][49.203s][info ][safepoint     ] Total time for which application threads were stopped: 0.0026234 seconds, Stopping threads took: 0.0003570 seconds
[2023-11-13T00:10:59.473+0000][49.205s][debug][safepoint     ] Safepoint synchronization initiated. (132 threads)
[2023-11-13T00:10:59.473+0000][49.206s][info ][safepoint     ] Application time: 0.0026284 seconds
[2023-11-13T00:10:59.474+0000][49.206s][info ][safepoint     ] Entering safepoint region: G1CollectForAllocation
[2023-11-13T00:10:59.474+0000][49.206s][info ][gc,start      ] GC(37) Pause Young (Normal) (G1 Evacuation Pause)
[2023-11-13T00:10:59.474+0000][49.206s][info ][gc,task       ] GC(37) Using 6 workers of 6 for evacuation
[2023-11-13T00:10:59.510+0000][49.242s][info ][gc,phases     ] GC(37)   Pre Evacuate Collection Set: 0.0ms
[2023-11-13T00:10:59.510+0000][49.242s][info ][gc,phases     ] GC(37)   Evacuate Collection Set: 28.3ms
[2023-11-13T00:10:59.510+0000][49.242s][info ][gc,phases     ] GC(37)   Post Evacuate Collection Set: 6.6ms
[2023-11-13T00:10:59.510+0000][49.242s][info ][gc,phases     ] GC(37)   Other: 0.6ms
[2023-11-13T00:10:59.510+0000][49.243s][info ][gc,heap       ] GC(37) Eden regions: 390->0(386)
[2023-11-13T00:10:59.510+0000][49.243s][info ][gc,heap       ] GC(37) Survivor regions: 27->31(53)
[2023-11-13T00:10:59.511+0000][49.243s][info ][gc,heap       ] GC(37) Old regions: 118->118
[2023-11-13T00:10:59.511+0000][49.243s][info ][gc,heap       ] GC(37) Humongous regions: 0->0
[2023-11-13T00:10:59.511+0000][49.243s][info ][gc,metaspace  ] GC(37) Metaspace: 150793K(155856K)->150793K(155856K) NonClass: 133119K(136148K)->133119K(136148K) Class: 17674K(19708K)->17674K(19708K)
[2023-11-13T00:10:59.511+0000][49.243s][info ][gc            ] GC(37) Pause Young (Normal) (G1 Evacuation Pause) 532M->147M(696M) 37.104ms
[2023-11-13T00:10:59.511+0000][49.243s][info ][gc,cpu        ] GC(37) User=0.14s Sys=0.01s Real=0.04s
[2023-11-13T00:10:59.511+0000][49.244s][info ][safepoint     ] Leaving safepoint region
[2023-11-13T00:10:59.512+0000][49.244s][info ][safepoint     ] Total time for which application threads were stopped: 0.0381573 seconds, Stopping threads took: 0.0003523 seconds
[2023-11-13T00:10:59.512+0000][49.244s][info ][gc,stringdedup] Concurrent String Deduplication (49.244s)
[2023-11-13T00:10:59.516+0000][49.248s][info ][gc,stringdedup] Concurrent String Deduplication 613.7K->199.8K(413.8K) avg 54.0% (49.244s, 49.248s) 4.339ms
[2023-11-13T00:10:59.614+0000][49.346s][debug][safepoint     ] Safepoint synchronization initiated. (135 threads)
[2023-11-13T00:10:59.614+0000][49.346s][info ][safepoint     ] Application time: 0.1020880 seconds
[2023-11-13T00:10:59.614+0000][49.346s][info ][safepoint     ] Entering safepoint region: Deoptimize
[2023-11-13T00:10:59.620+0000][49.352s][info ][safepoint     ] Leaving safepoint region
[2023-11-13T00:10:59.620+0000][49.352s][info ][safepoint     ] Total time for which application threads were stopped: 0.0062363 seconds, Stopping threads took: 0.0000521 seconds
[2023-11-13T00:11:00.620+0000][50.352s][debug][safepoint     ] Safepoint synchronization initiated. (164 threads)
[2023-11-13T00:11:00.620+0000][50.352s][info ][safepoint     ] Application time: 1.0001856 seconds
[2023-11-13T00:11:00.620+0000][50.353s][info ][safepoint     ] Entering safepoint region: Cleanup
[2023-11-13T00:11:00.621+0000][50.353s][info ][safepoint     ] Leaving safepoint region
[2023-11-13T00:11:00.621+0000][50.353s][info ][safepoint     ] Total time for which application threads were stopped: 0.0003080 seconds, Stopping threads took: 0.0000559 seconds
[2023-11-13T00:11:01.621+0000][51.353s][debug][safepoint     ] Safepoint synchronization initiated. (166 threads)
[2023-11-13T00:11:01.621+0000][51.353s][info ][safepoint     ] Application time: 1.0002567 seconds
[2023-11-13T00:11:01.621+0000][51.353s][debug][safepoint     ] ... found polling page return exception at pc = 0x00007f3798385d13, stub =0x00007f3790841800
[2023-11-13T00:11:01.621+0000][51.353s][debug][safepoint     ] Waiting for 1 thread(s) to block
[2023-11-13T00:11:01.621+0000][51.353s][info ][safepoint     ] Entering safepoint region: Cleanup
[2023-11-13T00:11:01.622+0000][51.354s][info ][safepoint     ] Leaving safepoint region
[2023-11-13T00:11:01.622+0000][51.354s][info ][safepoint     ] Total time for which application threads were stopped: 0.0008258 seconds, Stopping threads took: 0.0004117 seconds
[2023-11-13T00:11:02.117+0000][51.849s][debug][safepoint     ] Safepoint synchronization initiated. (165 threads)
[2023-11-13T00:11:02.117+0000][51.849s][info ][safepoint     ] Application time: 0.4953623 seconds
[2023-11-13T00:11:02.117+0000][51.850s][info ][safepoint     ] Entering safepoint region: Deoptimize
[2023-11-13T00:11:02.122+0000][51.855s][info ][safepoint     ] Leaving safepoint region
[2023-11-13T00:11:02.123+0000][51.855s][info ][safepoint     ] Total time for which application threads were stopped: 0.0053938 seconds, Stopping threads took: 0.0001797 seconds
[2023-11-13T00:11:02.166+0000][51.898s][debug][safepoint     ] Safepoint synchronization initiated. (166 threads)
[2023-11-13T00:11:02.166+0000][51.898s][info ][safepoint     ] Application time: 0.0430676 seconds
[2023-11-13T00:11:02.166+0000][51.898s][info ][safepoint     ] Entering safepoint region: Deoptimize
[2023-11-13T00:11:02.169+0000][51.901s][info ][safepoint     ] Leaving safepoint region
[2023-11-13T00:11:02.169+0000][51.901s][info ][safepoint     ] Total time for which application threads were stopped: 0.0027531 seconds, Stopping threads took: 0.0002300 seconds
[2023-11-13T00:11:02.170+0000][51.902s][debug][safepoint     ] Safepoint synchronization initiated. (166 threads)
[2023-11-13T00:11:02.170+0000][51.902s][info ][safepoint     ] Application time: 0.0010409 seconds
[2023-11-13T00:11:02.170+0000][51.902s][info ][safepoint     ] Entering safepoint region: Deoptimize
[2023-11-13T00:11:02.172+0000][51.904s][info ][safepoint     ] Leaving safepoint region
[2023-11-13T00:11:02.172+0000][51.904s][info ][safepoint     ] Total time for which application threads were stopped: 0.0020529 seconds, Stopping threads took: 0.0001519 seconds
[2023-11-13T00:11:02.176+0000][51.908s][debug][safepoint     ] Safepoint synchronization initiated. (166 threads)
[2023-11-13T00:11:02.176+0000][51.908s][info ][safepoint     ] Application time: 0.0037026 seconds
[2023-11-13T00:11:02.176+0000][51.908s][info ][safepoint     ] Entering safepoint region: Deoptimize
[2023-11-13T00:11:02.177+0000][51.910s][info ][safepoint     ] Leaving safepoint region
[2023-11-13T00:11:02.178+0000][51.910s][info ][safepoint     ] Total time for which application threads were stopped: 0.0014300 seconds, Stopping threads took: 0.0001464 seconds
[2023-11-13T00:11:02.256+0000][51.989s][debug][safepoint     ] Safepoint synchronization initiated. (166 threads)
[2023-11-13T00:11:02.257+0000][51.989s][info ][safepoint     ] Application time: 0.0790025 seconds
[2023-11-13T00:11:02.257+0000][51.989s][info ][safepoint     ] Entering safepoint region: Deoptimize
[2023-11-13T00:11:02.259+0000][51.991s][info ][safepoint     ] Leaving safepoint region
[2023-11-13T00:11:02.259+0000][51.992s][info ][safepoint     ] Total time for which application threads were stopped: 0.0024105 seconds, Stopping threads took: 0.0001725 seconds
[2023-11-13T00:11:02.269+0000][52.001s][debug][safepoint     ] Safepoint synchronization initiated. (166 threads)
[2023-11-13T00:11:02.269+0000][52.001s][info ][safepoint     ] Application time: 0.0096744 seconds
[2023-11-13T00:11:02.269+0000][52.002s][debug][safepoint     ] Waiting for 1 thread(s) to block
[2023-11-13T00:11:02.270+0000][52.002s][info ][safepoint     ] Entering safepoint region: Deoptimize
[2023-11-13T00:11:02.272+0000][52.004s][info ][safepoint     ] Leaving safepoint region
[2023-11-13T00:11:02.272+0000][52.005s][info ][safepoint     ] Total time for which application threads were stopped: 0.0030868 seconds, Stopping threads took: 0.0005480 seconds
[2023-11-13T00:11:02.306+0000][52.038s][debug][safepoint     ] Safepoint synchronization initiated. (166 threads)
[2023-11-13T00:11:02.306+0000][52.038s][info ][safepoint     ] Application time: 0.0332494 seconds
[2023-11-13T00:11:02.306+0000][52.038s][info ][safepoint     ] Entering safepoint region: ICBufferFull
[2023-11-13T00:11:02.307+0000][52.039s][info ][safepoint     ] Leaving safepoint region
[2023-11-13T00:11:02.307+0000][52.039s][info ][safepoint     ] Total time for which application threads were stopped: 0.0008335 seconds, Stopping threads took: 0.0002443 seconds
[2023-11-13T00:11:02.318+0000][52.051s][debug][safepoint     ] Safepoint synchronization initiated. (166 threads)
[2023-11-13T00:11:02.318+0000][52.051s][info ][safepoint     ] Application time: 0.0115799 seconds
[2023-11-13T00:11:02.319+0000][52.051s][info ][safepoint     ] Entering safepoint region: Deoptimize
[2023-11-13T00:11:02.321+0000][52.053s][info ][safepoint     ] Leaving safepoint region
[2023-11-13T00:11:02.321+0000][52.053s][info ][safepoint     ] Total time for which application threads were stopped: 0.0025703 seconds, Stopping threads took: 0.0001903 seconds
[2023-11-13T00:11:02.854+0000][52.586s][debug][safepoint     ] Safepoint synchronization initiated. (169 threads)
[2023-11-13T00:11:02.854+0000][52.586s][info ][safepoint     ] Application time: 0.5326440 seconds
[2023-11-13T00:11:02.855+0000][52.587s][info ][safepoint     ] Entering safepoint region: ICBufferFull
[2023-11-13T00:11:02.855+0000][52.587s][info ][safepoint     ] Leaving safepoint region
[2023-11-13T00:11:02.855+0000][52.587s][info ][safepoint     ] Total time for which application threads were stopped: 0.0006896 seconds, Stopping threads took: 0.0002126 seconds
[2023-11-13T00:11:03.855+0000][53.588s][debug][safepoint     ] Safepoint synchronization initiated. (169 threads)
[2023-11-13T00:11:03.856+0000][53.588s][info ][safepoint     ] Application time: 1.0005918 seconds
[2023-11-13T00:11:03.856+0000][53.588s][info ][safepoint     ] Entering safepoint region: Cleanup
[2023-11-13T00:11:03.857+0000][53.589s][info ][safepoint     ] Leaving safepoint region
[2023-11-13T00:11:03.857+0000][53.589s][info ][safepoint     ] Total time for which application threads were stopped: 0.0006505 seconds, Stopping threads took: 0.0001719 seconds
[2023-11-13T00:11:04.857+0000][54.589s][debug][safepoint     ] Safepoint synchronization initiated. (171 threads)
[2023-11-13T00:11:04.857+0000][54.590s][info ][safepoint     ] Application time: 1.0006159 seconds
[2023-11-13T00:11:04.858+0000][54.590s][debug][safepoint     ] ... found polling page return exception at pc = 0x00007f3798a75af6, stub =0x00007f3790841800
[2023-11-13T00:11:04.858+0000][54.591s][debug][safepoint     ] Waiting for 1 thread(s) to block
[2023-11-13T00:11:04.859+0000][54.591s][info ][safepoint     ] Entering safepoint region: Cleanup
[2023-11-13T00:11:04.860+0000][54.592s][info ][safepoint     ] Leaving safepoint region
[2023-11-13T00:11:04.860+0000][54.592s][info ][safepoint     ] Total time for which application threads were stopped: 0.0020321 seconds, Stopping threads took: 0.0013184 seconds
[2023-11-13T00:11:05.489+0000][55.221s][debug][safepoint     ] Safepoint synchronization initiated. (172 threads)
[2023-11-13T00:11:05.490+0000][55.222s][info ][safepoint     ] Application time: 0.6294109 seconds
[2023-11-13T00:11:05.490+0000][55.223s][info ][safepoint     ] Entering safepoint region: Deoptimize
[2023-11-13T00:11:05.494+0000][55.227s][info ][safepoint     ] Leaving safepoint region
[2023-11-13T00:11:05.496+0000][55.228s][info ][safepoint     ] Total time for which application threads were stopped: 0.0051887 seconds, Stopping threads took: 0.0003917 seconds
[2023-11-13T00:11:05.494+0000][55.227s][debug][safepoint     ] ... found polling page return exception at pc = 0x00007f3798afd432, stub =0x00007f3790841800
[2023-11-13T00:11:06.496+0000][56.228s][debug][safepoint     ] Safepoint synchronization initiated. (172 threads)
[2023-11-13T00:11:06.497+0000][56.229s][info ][safepoint     ] Application time: 1.0006331 seconds
[2023-11-13T00:11:06.497+0000][56.229s][info ][safepoint     ] Entering safepoint region: Cleanup
[2023-11-13T00:11:06.497+0000][56.229s][info ][safepoint     ] Leaving safepoint region
[2023-11-13T00:11:06.497+0000][56.230s][info ][safepoint     ] Total time for which application threads were stopped: 0.0005653 seconds, Stopping threads took: 0.0001958 seconds
[2023-11-13T00:11:07.505+0000][57.238s][debug][safepoint     ] Safepoint synchronization initiated. (171 threads)
[2023-11-13T00:11:07.505+0000][57.238s][info ][safepoint     ] Application time: 1.0079079 seconds
[2023-11-13T00:11:07.505+0000][57.238s][debug][safepoint     ] ... found polling page loop exception at pc = 0x00007f3798489d91, stub =0x00007f3790841b00
[2023-11-13T00:11:07.506+0000][57.238s][debug][safepoint     ] Waiting for 1 thread(s) to block
[2023-11-13T00:11:07.506+0000][57.238s][info ][safepoint     ] Entering safepoint region: Cleanup
[2023-11-13T00:11:07.507+0000][57.239s][info ][safepoint     ] Leaving safepoint region
[2023-11-13T00:11:07.507+0000][57.239s][info ][safepoint     ] Total time for which application threads were stopped: 0.0011717 seconds, Stopping threads took: 0.0003539 seconds
[2023-11-13T00:11:08.096+0000][57.829s][debug][safepoint     ] Safepoint synchronization initiated. (172 threads)
[2023-11-13T00:11:08.097+0000][57.829s][info ][safepoint     ] Application time: 0.5898898 seconds
[2023-11-13T00:11:08.097+0000][57.829s][info ][safepoint     ] Entering safepoint region: Deoptimize
[2023-11-13T00:11:08.101+0000][57.833s][info ][safepoint     ] Leaving safepoint region
[2023-11-13T00:11:08.101+0000][57.833s][info ][safepoint     ] Total time for which application threads were stopped: 0.0044067 seconds, Stopping threads took: 0.0001047 seconds
[2023-11-13T00:11:09.101+0000][58.834s][debug][safepoint     ] Safepoint synchronization initiated. (173 threads)
[2023-11-13T00:11:09.102+0000][58.834s][info ][safepoint     ] Application time: 1.0005207 seconds
[2023-11-13T00:11:09.102+0000][58.834s][info ][safepoint     ] Entering safepoint region: Cleanup
[2023-11-13T00:11:09.103+0000][58.835s][info ][safepoint     ] Leaving safepoint region
[2023-11-13T00:11:09.103+0000][58.835s][info ][safepoint     ] Total time for which application threads were stopped: 0.0008983 seconds, Stopping threads took: 0.0003001 seconds
[2023-11-13T00:11:10.104+0000][59.837s][debug][safepoint     ] Safepoint synchronization initiated. (172 threads)
[2023-11-13T00:11:10.105+0000][59.837s][info ][safepoint     ] Application time: 1.0015784 seconds
[2023-11-13T00:11:10.105+0000][59.837s][debug][safepoint     ] Waiting for 1 thread(s) to block
[2023-11-13T00:11:10.106+0000][59.838s][info ][safepoint     ] Entering safepoint region: Cleanup
[2023-11-13T00:11:10.106+0000][59.839s][info ][safepoint     ] Leaving safepoint region
[2023-11-13T00:11:10.107+0000][59.839s][info ][safepoint     ] Total time for which application threads were stopped: 0.0016268 seconds, Stopping threads took: 0.0008077 seconds
[2023-11-13T00:11:11.107+0000][60.839s][debug][safepoint     ] Safepoint synchronization initiated. (177 threads)
[2023-11-13T00:11:11.107+0000][60.840s][info ][safepoint     ] Application time: 1.0004057 seconds
[2023-11-13T00:11:11.108+0000][60.840s][info ][safepoint     ] Entering safepoint region: Cleanup
[2023-11-13T00:11:11.108+0000][60.840s][info ][safepoint     ] Leaving safepoint region
[2023-11-13T00:11:11.108+0000][60.840s][info ][safepoint     ] Total time for which application threads were stopped: 0.0005913 seconds, Stopping threads took: 0.0001912 seconds
[2023-11-13T00:11:12.108+0000][61.841s][debug][safepoint     ] Safepoint synchronization initiated. (176 threads)
[2023-11-13T00:11:12.109+0000][61.841s][info ][safepoint     ] Application time: 1.0005905 seconds
[2023-11-13T00:11:12.109+0000][61.841s][info ][safepoint     ] Entering safepoint region: Cleanup
[2023-11-13T00:11:12.110+0000][61.842s][info ][safepoint     ] Leaving safepoint region
[2023-11-13T00:11:12.110+0000][61.842s][info ][safepoint     ] Total time for which application threads were stopped: 0.0010707 seconds, Stopping threads took: 0.0003694 seconds
[2023-11-13T00:11:13.111+0000][62.843s][debug][safepoint     ] Safepoint synchronization initiated. (176 threads)
[2023-11-13T00:11:13.112+0000][62.844s][info ][safepoint     ] Application time: 1.0010490 seconds
[2023-11-13T00:11:13.112+0000][62.844s][info ][safepoint     ] Entering safepoint region: Cleanup
[2023-11-13T00:11:13.113+0000][62.845s][info ][safepoint     ] Leaving safepoint region
[2023-11-13T00:11:13.113+0000][62.845s][info ][safepoint     ] Total time for which application threads were stopped: 0.0010474 seconds, Stopping threads took: 0.0003760 seconds
[2023-11-13T00:11:14.113+0000][63.846s][debug][safepoint     ] Safepoint synchronization initiated. (177 threads)
[2023-11-13T00:11:14.114+0000][63.846s][info ][safepoint     ] Application time: 1.0006043 seconds
[2023-11-13T00:11:14.114+0000][63.846s][info ][safepoint     ] Entering safepoint region: Cleanup
[2023-11-13T00:11:14.114+0000][63.847s][info ][safepoint     ] Leaving safepoint region
[2023-11-13T00:11:14.114+0000][63.847s][info ][safepoint     ] Total time for which application threads were stopped: 0.0004880 seconds, Stopping threads took: 0.0001911 seconds
[2023-11-13T00:11:15.115+0000][64.847s][debug][safepoint     ] Safepoint synchronization initiated. (177 threads)
[2023-11-13T00:11:15.115+0000][64.848s][info ][safepoint     ] Application time: 1.0006224 seconds
[2023-11-13T00:11:15.115+0000][64.848s][info ][safepoint     ] Entering safepoint region: Cleanup
[2023-11-13T00:11:15.116+0000][64.848s][info ][safepoint     ] Leaving safepoint region
[2023-11-13T00:11:15.116+0000][64.848s][info ][safepoint     ] Total time for which application threads were stopped: 0.0004038 seconds, Stopping threads took: 0.0002030 seconds
[2023-11-13T00:11:16.116+0000][65.848s][debug][safepoint     ] Safepoint synchronization initiated. (178 threads)
[2023-11-13T00:11:16.116+0000][65.848s][info ][safepoint     ] Application time: 1.0002834 seconds
[2023-11-13T00:11:16.116+0000][65.848s][info ][safepoint     ] Entering safepoint region: Cleanup
[2023-11-13T00:11:16.117+0000][65.849s][info ][safepoint     ] Leaving safepoint region
[2023-11-13T00:11:16.117+0000][65.849s][info ][safepoint     ] Total time for which application threads were stopped: 0.0004543 seconds, Stopping threads took: 0.0000988 seconds
[2023-11-13T00:11:16.117+0000][65.849s][debug][safepoint     ] ... found polling page return exception at pc = 0x00007f3798afd432, stub =0x00007f3790841800
[2023-11-13T00:11:17.117+0000][66.849s][debug][safepoint     ] Safepoint synchronization initiated. (178 threads)
[2023-11-13T00:11:17.117+0000][66.850s][info ][safepoint     ] Application time: 1.0006315 seconds
[2023-11-13T00:11:17.117+0000][66.850s][info ][safepoint     ] Entering safepoint region: Cleanup
[2023-11-13T00:11:17.118+0000][66.850s][info ][safepoint     ] Leaving safepoint region
[2023-11-13T00:11:17.118+0000][66.850s][info ][safepoint     ] Total time for which application threads were stopped: 0.0005951 seconds, Stopping threads took: 0.0002072 seconds
[2023-11-13T00:11:18.118+0000][67.851s][debug][safepoint     ] Safepoint synchronization initiated. (178 threads)
[2023-11-13T00:11:18.119+0000][67.851s][info ][safepoint     ] Application time: 1.0005617 seconds
[2023-11-13T00:11:18.119+0000][67.851s][info ][safepoint     ] Entering safepoint region: Cleanup
[2023-11-13T00:11:18.119+0000][67.852s][info ][safepoint     ] Leaving safepoint region
[2023-11-13T00:11:18.119+0000][67.852s][info ][safepoint     ] Total time for which application threads were stopped: 0.0005202 seconds, Stopping threads took: 0.0001686 seconds
[2023-11-13T00:11:19.120+0000][68.852s][debug][safepoint     ] Safepoint synchronization initiated. (178 threads)
[2023-11-13T00:11:19.120+0000][68.852s][info ][safepoint     ] Application time: 1.0002963 seconds
[2023-11-13T00:11:19.120+0000][68.852s][info ][safepoint     ] Entering safepoint region: Cleanup
[2023-11-13T00:11:19.120+0000][68.853s][info ][safepoint     ] Leaving safepoint region
[2023-11-13T00:11:19.121+0000][68.853s][info ][safepoint     ] Total time for which application threads were stopped: 0.0006538 seconds, Stopping threads took: 0.0001951 seconds
[2023-11-13T00:11:20.121+0000][69.853s][debug][safepoint     ] Safepoint synchronization initiated. (178 threads)
[2023-11-13T00:11:20.121+0000][69.853s][info ][safepoint     ] Application time: 1.0005983 seconds
[2023-11-13T00:11:20.121+0000][69.854s][info ][safepoint     ] Entering safepoint region: Cleanup
[2023-11-13T00:11:20.122+0000][69.854s][info ][safepoint     ] Leaving safepoint region
[2023-11-13T00:11:20.122+0000][69.854s][info ][safepoint     ] Total time for which application threads were stopped: 0.0005292 seconds, Stopping threads took: 0.0001693 seconds
[2023-11-13T00:11:21.122+0000][70.854s][debug][safepoint     ] Safepoint synchronization initiated. (178 threads)
[2023-11-13T00:11:21.122+0000][70.854s][info ][safepoint     ] Application time: 1.0002503 seconds
[2023-11-13T00:11:21.122+0000][70.855s][info ][safepoint     ] Entering safepoint region: Cleanup
[2023-11-13T00:11:21.122+0000][70.855s][info ][safepoint     ] Leaving safepoint region
[2023-11-13T00:11:21.122+0000][70.855s][info ][safepoint     ] Total time for which application threads were stopped: 0.0002944 seconds, Stopping threads took: 0.0000707 seconds
[2023-11-13T00:11:22.123+0000][71.855s][debug][safepoint     ] Safepoint synchronization initiated. (178 threads)
[2023-11-13T00:11:22.124+0000][71.856s][info ][safepoint     ] Application time: 1.0010767 seconds
[2023-11-13T00:11:22.124+0000][71.856s][info ][safepoint     ] Entering safepoint region: Cleanup
[2023-11-13T00:11:22.125+0000][71.857s][info ][safepoint     ] Leaving safepoint region
[2023-11-13T00:11:22.125+0000][71.857s][info ][safepoint     ] Total time for which application threads were stopped: 0.0010364 seconds, Stopping threads took: 0.0003879 seconds
[2023-11-13T00:11:23.125+0000][72.858s][debug][safepoint     ] Safepoint synchronization initiated. (178 threads)
[2023-11-13T00:11:23.126+0000][72.859s][info ][safepoint     ] Application time: 1.0010687 seconds
[2023-11-13T00:11:23.127+0000][72.859s][info ][safepoint     ] Entering safepoint region: Cleanup
[2023-11-13T00:11:23.127+0000][72.860s][info ][safepoint     ] Leaving safepoint region
[2023-11-13T00:11:23.128+0000][72.860s][info ][safepoint     ] Total time for which application threads were stopped: 0.0011083 seconds, Stopping threads took: 0.0003755 seconds
[2023-11-13T00:11:24.128+0000][73.860s][debug][safepoint     ] Safepoint synchronization initiated. (177 threads)
[2023-11-13T00:11:24.129+0000][73.861s][info ][safepoint     ] Application time: 1.0005782 seconds
[2023-11-13T00:11:24.129+0000][73.861s][info ][safepoint     ] Entering safepoint region: Cleanup
[2023-11-13T00:11:24.129+0000][73.861s][info ][safepoint     ] Leaving safepoint region
[2023-11-13T00:11:24.129+0000][73.862s][info ][safepoint     ] Total time for which application threads were stopped: 0.0005191 seconds, Stopping threads took: 0.0001694 seconds
[2023-11-13T00:11:25.130+0000][74.862s][debug][safepoint     ] Safepoint synchronization initiated. (177 threads)
[2023-11-13T00:11:25.130+0000][74.862s][info ][safepoint     ] Application time: 1.0006550 seconds
[2023-11-13T00:11:25.130+0000][74.862s][info ][safepoint     ] Entering safepoint region: Cleanup
[2023-11-13T00:11:25.131+0000][74.863s][info ][safepoint     ] Leaving safepoint region
[2023-11-13T00:11:25.131+0000][74.863s][info ][safepoint     ] Total time for which application threads were stopped: 0.0005425 seconds, Stopping threads took: 0.0001762 seconds
[2023-11-13T00:11:26.131+0000][75.863s][debug][safepoint     ] Safepoint synchronization initiated. (177 threads)
[2023-11-13T00:11:26.131+0000][75.864s][info ][safepoint     ] Application time: 1.0006088 seconds
[2023-11-13T00:11:26.132+0000][75.864s][info ][safepoint     ] Entering safepoint region: Cleanup
[2023-11-13T00:11:26.132+0000][75.864s][info ][safepoint     ] Leaving safepoint region
[2023-11-13T00:11:26.132+0000][75.864s][info ][safepoint     ] Total time for which application threads were stopped: 0.0005569 seconds, Stopping threads took: 0.0001928 seconds
[2023-11-13T00:11:27.132+0000][76.865s][debug][safepoint     ] Safepoint synchronization initiated. (177 threads)
[2023-11-13T00:11:27.133+0000][76.865s][info ][safepoint     ] Application time: 1.0005813 seconds
[2023-11-13T00:11:27.133+0000][76.865s][info ][safepoint     ] Entering safepoint region: Cleanup
[2023-11-13T00:11:27.133+0000][76.866s][info ][safepoint     ] Leaving safepoint region
[2023-11-13T00:11:27.134+0000][76.866s][info ][safepoint     ] Total time for which application threads were stopped: 0.0005545 seconds, Stopping threads took: 0.0001676 seconds
[2023-11-13T00:11:28.134+0000][77.866s][debug][safepoint     ] Safepoint synchronization initiated. (177 threads)
[2023-11-13T00:11:28.135+0000][77.867s][info ][safepoint     ] Application time: 1.0008904 seconds
[2023-11-13T00:11:28.135+0000][77.867s][info ][safepoint     ] Entering safepoint region: Cleanup
[2023-11-13T00:11:28.136+0000][77.868s][info ][safepoint     ] Leaving safepoint region
[2023-11-13T00:11:28.136+0000][77.868s][info ][safepoint     ] Total time for which application threads were stopped: 0.0011074 seconds, Stopping threads took: 0.0003168 seconds
[2023-11-13T00:11:29.136+0000][78.868s][debug][safepoint     ] Safepoint synchronization initiated. (177 threads)
[2023-11-13T00:11:29.137+0000][78.869s][info ][safepoint     ] Application time: 1.0005501 seconds
[2023-11-13T00:11:29.137+0000][78.869s][info ][safepoint     ] Entering safepoint region: Cleanup
[2023-11-13T00:11:29.137+0000][78.870s][info ][safepoint     ] Leaving safepoint region
[2023-11-13T00:11:29.137+0000][78.870s][info ][safepoint     ] Total time for which application threads were stopped: 0.0006064 seconds, Stopping threads took: 0.0001698 seconds
[2023-11-13T00:11:30.138+0000][79.870s][debug][safepoint     ] Safepoint synchronization initiated. (177 threads)
[2023-11-13T00:11:30.139+0000][79.872s][info ][safepoint     ] Application time: 1.0018698 seconds
[2023-11-13T00:11:30.140+0000][79.872s][info ][safepoint     ] Entering safepoint region: Cleanup
[2023-11-13T00:11:30.141+0000][79.873s][info ][safepoint     ] Leaving safepoint region
[2023-11-13T00:11:30.141+0000][79.873s][info ][safepoint     ] Total time for which application threads were stopped: 0.0013277 seconds, Stopping threads took: 0.0003873 seconds
[2023-11-13T00:11:31.142+0000][80.874s][debug][safepoint     ] Safepoint synchronization initiated. (177 threads)
[2023-11-13T00:11:31.142+0000][80.874s][info ][safepoint     ] Application time: 1.0006162 seconds
[2023-11-13T00:11:31.142+0000][80.874s][info ][safepoint     ] Entering safepoint region: Cleanup
[2023-11-13T00:11:31.143+0000][80.875s][info ][safepoint     ] Leaving safepoint region
[2023-11-13T00:11:31.143+0000][80.875s][info ][safepoint     ] Total time for which application threads were stopped: 0.0006069 seconds, Stopping threads took: 0.0001669 seconds
[2023-11-13T00:11:32.143+0000][81.875s][debug][safepoint     ] Safepoint synchronization initiated. (177 threads)
[2023-11-13T00:11:32.144+0000][81.876s][info ][safepoint     ] Application time: 1.0010557 seconds
[2023-11-13T00:11:32.144+0000][81.877s][info ][safepoint     ] Entering safepoint region: Cleanup
[2023-11-13T00:11:32.145+0000][81.878s][info ][safepoint     ] Leaving safepoint region
[2023-11-13T00:11:32.146+0000][81.878s][info ][safepoint     ] Total time for which application threads were stopped: 0.0012854 seconds, Stopping threads took: 0.0004379 seconds
[2023-11-13T00:11:33.146+0000][82.878s][debug][safepoint     ] Safepoint synchronization initiated. (177 threads)
[2023-11-13T00:11:33.146+0000][82.879s][info ][safepoint     ] Application time: 1.0006231 seconds
[2023-11-13T00:11:33.147+0000][82.879s][info ][safepoint     ] Entering safepoint region: Cleanup
[2023-11-13T00:11:33.147+0000][82.879s][info ][safepoint     ] Leaving safepoint region
[2023-11-13T00:11:33.147+0000][82.879s][info ][safepoint     ] Total time for which application threads were stopped: 0.0005720 seconds, Stopping threads took: 0.0001764 seconds
[2023-11-13T00:11:34.148+0000][83.880s][debug][safepoint     ] Safepoint synchronization initiated. (177 threads)
[2023-11-13T00:11:34.148+0000][83.880s][info ][safepoint     ] Application time: 1.0004490 seconds
[2023-11-13T00:11:34.148+0000][83.880s][info ][safepoint     ] Entering safepoint region: Cleanup
[2023-11-13T00:11:34.148+0000][83.881s][info ][safepoint     ] Leaving safepoint region
[2023-11-13T00:11:34.148+0000][83.881s][info ][safepoint     ] Total time for which application threads were stopped: 0.0006026 seconds, Stopping threads took: 0.0001075 seconds
[2023-11-13T00:11:35.149+0000][84.881s][debug][safepoint     ] Safepoint synchronization initiated. (177 threads)
[2023-11-13T00:11:35.149+0000][84.881s][info ][safepoint     ] Application time: 1.0001851 seconds
[2023-11-13T00:11:35.149+0000][84.881s][info ][safepoint     ] Entering safepoint region: Cleanup
[2023-11-13T00:11:35.150+0000][84.882s][info ][safepoint     ] Leaving safepoint region
[2023-11-13T00:11:35.150+0000][84.882s][info ][safepoint     ] Total time for which application threads were stopped: 0.0009913 seconds, Stopping threads took: 0.0006300 seconds
[2023-11-13T00:11:36.150+0000][85.882s][debug][safepoint     ] Safepoint synchronization initiated. (177 threads)
[2023-11-13T00:11:36.150+0000][85.882s][info ][safepoint     ] Application time: 1.0003326 seconds
[2023-11-13T00:11:36.150+0000][85.882s][info ][safepoint     ] Entering safepoint region: Cleanup
[2023-11-13T00:11:36.151+0000][85.883s][info ][safepoint     ] Leaving safepoint region
[2023-11-13T00:11:36.151+0000][85.883s][info ][safepoint     ] Total time for which application threads were stopped: 0.0007897 seconds, Stopping threads took: 0.0001085 seconds
[2023-11-13T00:11:37.151+0000][86.883s][debug][safepoint     ] Safepoint synchronization initiated. (177 threads)
[2023-11-13T00:11:37.151+0000][86.883s][info ][safepoint     ] Application time: 1.0003421 seconds
[2023-11-13T00:11:37.151+0000][86.884s][info ][safepoint     ] Entering safepoint region: Cleanup
[2023-11-13T00:11:37.152+0000][86.884s][info ][safepoint     ] Leaving safepoint region
[2023-11-13T00:11:37.152+0000][86.884s][info ][safepoint     ] Total time for which application threads were stopped: 0.0007828 seconds, Stopping threads took: 0.0001063 seconds
[2023-11-13T00:11:38.152+0000][87.884s][debug][safepoint     ] Safepoint synchronization initiated. (177 threads)
[2023-11-13T00:11:38.152+0000][87.885s][info ][safepoint     ] Application time: 1.0002503 seconds
[2023-11-13T00:11:38.152+0000][87.885s][info ][safepoint     ] Entering safepoint region: Cleanup
[2023-11-13T00:11:38.153+0000][87.885s][info ][safepoint     ] Leaving safepoint region
[2023-11-13T00:11:38.153+0000][87.885s][info ][safepoint     ] Total time for which application threads were stopped: 0.0008165 seconds, Stopping threads took: 0.0001092 seconds
[2023-11-13T00:11:39.153+0000][88.886s][debug][safepoint     ] Safepoint synchronization initiated. (177 threads)
[2023-11-13T00:11:39.153+0000][88.886s][info ][safepoint     ] Application time: 1.0002138 seconds
[2023-11-13T00:11:39.153+0000][88.886s][info ][safepoint     ] Entering safepoint region: Cleanup
[2023-11-13T00:11:39.154+0000][88.886s][info ][safepoint     ] Leaving safepoint region
[2023-11-13T00:11:39.154+0000][88.886s][info ][safepoint     ] Total time for which application threads were stopped: 0.0004532 seconds, Stopping threads took: 0.0000656 seconds
[2023-11-13T00:11:40.154+0000][89.886s][debug][safepoint     ] Safepoint synchronization initiated. (177 threads)
[2023-11-13T00:11:40.154+0000][89.887s][info ][safepoint     ] Application time: 1.0005192 seconds
[2023-11-13T00:11:40.155+0000][89.887s][info ][safepoint     ] Entering safepoint region: Cleanup
[2023-11-13T00:11:40.155+0000][89.887s][info ][safepoint     ] Leaving safepoint region
[2023-11-13T00:11:40.155+0000][89.887s][info ][safepoint     ] Total time for which application threads were stopped: 0.0006155 seconds, Stopping threads took: 0.0002118 seconds
[2023-11-13T00:11:41.155+0000][90.888s][debug][safepoint     ] Safepoint synchronization initiated. (177 threads)
[2023-11-13T00:11:41.156+0000][90.888s][info ][safepoint     ] Application time: 1.0006096 seconds
[2023-11-13T00:11:41.156+0000][90.889s][info ][safepoint     ] Entering safepoint region: Cleanup
[2023-11-13T00:11:41.157+0000][90.889s][info ][safepoint     ] Leaving safepoint region
[2023-11-13T00:11:41.157+0000][90.890s][info ][safepoint     ] Total time for which application threads were stopped: 0.0010512 seconds, Stopping threads took: 0.0004887 seconds
[2023-11-13T00:11:42.157+0000][91.890s][debug][safepoint     ] Safepoint synchronization initiated. (177 threads)
[2023-11-13T00:11:42.157+0000][91.890s][info ][safepoint     ] Application time: 1.0001897 seconds
[2023-11-13T00:11:42.158+0000][91.890s][info ][safepoint     ] Entering safepoint region: Cleanup
[2023-11-13T00:11:42.158+0000][91.890s][info ][safepoint     ] Leaving safepoint region
[2023-11-13T00:11:42.158+0000][91.890s][info ][safepoint     ] Total time for which application threads were stopped: 0.0006157 seconds, Stopping threads took: 0.0001702 seconds
[2023-11-13T00:11:43.158+0000][92.891s][debug][safepoint     ] Safepoint synchronization initiated. (177 threads)
[2023-11-13T00:11:43.158+0000][92.891s][info ][safepoint     ] Application time: 1.0002550 seconds
[2023-11-13T00:11:43.158+0000][92.891s][info ][safepoint     ] Entering safepoint region: Cleanup
[2023-11-13T00:11:43.159+0000][92.891s][info ][safepoint     ] Leaving safepoint region
[2023-11-13T00:11:43.159+0000][92.891s][info ][safepoint     ] Total time for which application threads were stopped: 0.0007956 seconds, Stopping threads took: 0.0001186 seconds
[2023-11-13T00:11:44.159+0000][93.892s][debug][safepoint     ] Safepoint synchronization initiated. (177 threads)
[2023-11-13T00:11:44.159+0000][93.892s][info ][safepoint     ] Application time: 1.0001924 seconds
[2023-11-13T00:11:44.159+0000][93.892s][info ][safepoint     ] Entering safepoint region: Cleanup
[2023-11-13T00:11:44.160+0000][93.892s][info ][safepoint     ] Leaving safepoint region
[2023-11-13T00:11:44.160+0000][93.892s][info ][safepoint     ] Total time for which application threads were stopped: 0.0005232 seconds, Stopping threads took: 0.0000644 seconds
[2023-11-13T00:11:45.160+0000][94.893s][debug][safepoint     ] Safepoint synchronization initiated. (177 threads)
[2023-11-13T00:11:45.161+0000][94.893s][info ][safepoint     ] Application time: 1.0006610 seconds
[2023-11-13T00:11:45.162+0000][94.894s][info ][safepoint     ] Entering safepoint region: Cleanup
[2023-11-13T00:11:45.163+0000][94.895s][info ][safepoint     ] Leaving safepoint region
[2023-11-13T00:11:45.163+0000][94.895s][info ][safepoint     ] Total time for which application threads were stopped: 0.0012086 seconds, Stopping threads took: 0.0004413 seconds
[2023-11-13T00:11:46.163+0000][95.896s][debug][safepoint     ] Safepoint synchronization initiated. (177 threads)
[2023-11-13T00:11:46.164+0000][95.896s][info ][safepoint     ] Application time: 1.0009273 seconds
[2023-11-13T00:11:46.164+0000][95.897s][info ][safepoint     ] Entering safepoint region: Cleanup
[2023-11-13T00:11:46.165+0000][95.898s][info ][safepoint     ] Leaving safepoint region
[2023-11-13T00:11:46.166+0000][95.898s][info ][safepoint     ] Total time for which application threads were stopped: 0.0011263 seconds, Stopping threads took: 0.0003879 seconds
[2023-11-13T00:11:47.166+0000][96.898s][debug][safepoint     ] Safepoint synchronization initiated. (177 threads)
[2023-11-13T00:11:47.167+0000][96.899s][info ][safepoint     ] Application time: 1.0010730 seconds
[2023-11-13T00:11:47.167+0000][96.900s][info ][safepoint     ] Entering safepoint region: Cleanup
[2023-11-13T00:11:47.168+0000][96.900s][info ][safepoint     ] Leaving safepoint region
[2023-11-13T00:11:47.168+0000][96.901s][info ][safepoint     ] Total time for which application threads were stopped: 0.0011234 seconds, Stopping threads took: 0.0003813 seconds
[2023-11-13T00:11:48.169+0000][97.901s][debug][safepoint     ] Safepoint synchronization initiated. (177 threads)
[2023-11-13T00:11:48.170+0000][97.902s][info ][safepoint     ] Application time: 1.0008298 seconds
[2023-11-13T00:11:48.170+0000][97.902s][info ][safepoint     ] Entering safepoint region: Cleanup
[2023-11-13T00:11:48.171+0000][97.903s][info ][safepoint     ] Leaving safepoint region
[2023-11-13T00:11:48.171+0000][97.903s][info ][safepoint     ] Total time for which application threads were stopped: 0.0010250 seconds, Stopping threads took: 0.0004137 seconds
[2023-11-13T00:11:49.171+0000][98.903s][debug][safepoint     ] Safepoint synchronization initiated. (177 threads)
[2023-11-13T00:11:49.171+0000][98.903s][info ][safepoint     ] Application time: 1.0002029 seconds
[2023-11-13T00:11:49.171+0000][98.904s][info ][safepoint     ] Entering safepoint region: Cleanup
[2023-11-13T00:11:49.172+0000][98.904s][info ][safepoint     ] Leaving safepoint region
[2023-11-13T00:11:49.172+0000][98.904s][info ][safepoint     ] Total time for which application threads were stopped: 0.0004650 seconds, Stopping threads took: 0.0000939 seconds
[2023-11-13T00:11:50.172+0000][99.904s][debug][safepoint     ] Safepoint synchronization initiated. (177 threads)
[2023-11-13T00:11:50.172+0000][99.904s][info ][safepoint     ] Application time: 1.0002018 seconds
[2023-11-13T00:11:50.172+0000][99.904s][info ][safepoint     ] Entering safepoint region: Cleanup
[2023-11-13T00:11:50.173+0000][99.905s][info ][safepoint     ] Leaving safepoint region
[2023-11-13T00:11:50.173+0000][99.905s][info ][safepoint     ] Total time for which application threads were stopped: 0.0007746 seconds, Stopping threads took: 0.0005041 seconds
[2023-11-13T00:11:51.173+0000][100.905s][debug][safepoint     ] Safepoint synchronization initiated. (177 threads)
[2023-11-13T00:11:51.173+0000][100.905s][info ][safepoint     ] Application time: 1.0001921 seconds
[2023-11-13T00:11:51.173+0000][100.905s][info ][safepoint     ] Entering safepoint region: Cleanup
[2023-11-13T00:11:51.173+0000][100.906s][info ][safepoint     ] Leaving safepoint region
[2023-11-13T00:11:51.173+0000][100.906s][info ][safepoint     ] Total time for which application threads were stopped: 0.0003590 seconds, Stopping threads took: 0.0000673 seconds
[2023-11-13T00:11:52.173+0000][101.906s][debug][safepoint     ] Safepoint synchronization initiated. (177 threads)
[2023-11-13T00:11:52.174+0000][101.906s][info ][safepoint     ] Application time: 1.0001696 seconds
[2023-11-13T00:11:52.174+0000][101.906s][info ][safepoint     ] Entering safepoint region: Cleanup
[2023-11-13T00:11:52.174+0000][101.906s][info ][safepoint     ] Leaving safepoint region
[2023-11-13T00:11:52.174+0000][101.906s][info ][safepoint     ] Total time for which application threads were stopped: 0.0004980 seconds, Stopping threads took: 0.0000618 seconds
[2023-11-13T00:11:53.174+0000][102.907s][debug][safepoint     ] Safepoint synchronization initiated. (177 threads)
[2023-11-13T00:11:53.175+0000][102.907s][info ][safepoint     ] Application time: 1.0006123 seconds
[2023-11-13T00:11:53.175+0000][102.907s][info ][safepoint     ] Entering safepoint region: Cleanup
[2023-11-13T00:11:53.176+0000][102.908s][info ][safepoint     ] Leaving safepoint region
[2023-11-13T00:11:53.176+0000][102.909s][info ][safepoint     ] Total time for which application threads were stopped: 0.0011365 seconds, Stopping threads took: 0.0003809 seconds
[2023-11-13T00:11:54.177+0000][103.909s][debug][safepoint     ] Safepoint synchronization initiated. (177 threads)
[2023-11-13T00:11:54.177+0000][103.909s][info ][safepoint     ] Application time: 1.0005513 seconds
[2023-11-13T00:11:54.177+0000][103.910s][info ][safepoint     ] Entering safepoint region: Cleanup
[2023-11-13T00:11:54.178+0000][103.910s][info ][safepoint     ] Leaving safepoint region
[2023-11-13T00:11:54.178+0000][103.911s][info ][safepoint     ] Total time for which application threads were stopped: 0.0009899 seconds, Stopping threads took: 0.0003121 seconds
[2023-11-13T00:11:55.179+0000][104.911s][debug][safepoint     ] Safepoint synchronization initiated. (177 threads)
[2023-11-13T00:11:55.179+0000][104.911s][info ][safepoint     ] Application time: 1.0003953 seconds
[2023-11-13T00:11:55.180+0000][104.912s][info ][safepoint     ] Entering safepoint region: Cleanup
[2023-11-13T00:11:55.180+0000][104.912s][info ][safepoint     ] Leaving safepoint region
[2023-11-13T00:11:55.180+0000][104.912s][info ][safepoint     ] Total time for which application threads were stopped: 0.0006833 seconds, Stopping threads took: 0.0002568 seconds
[2023-11-13T00:11:56.180+0000][105.913s][debug][safepoint     ] Safepoint synchronization initiated. (177 threads)
[2023-11-13T00:11:56.181+0000][105.913s][info ][safepoint     ] Application time: 1.0006033 seconds
[2023-11-13T00:11:56.181+0000][105.914s][info ][safepoint     ] Entering safepoint region: Cleanup
[2023-11-13T00:11:56.182+0000][105.914s][info ][safepoint     ] Leaving safepoint region
[2023-11-13T00:11:56.182+0000][105.915s][info ][safepoint     ] Total time for which application threads were stopped: 0.0012489 seconds, Stopping threads took: 0.0003828 seconds
[2023-11-13T00:11:57.183+0000][106.915s][debug][safepoint     ] Safepoint synchronization initiated. (177 threads)
[2023-11-13T00:11:57.183+0000][106.916s][info ][safepoint     ] Application time: 1.0005645 seconds
[2023-11-13T00:11:57.183+0000][106.916s][info ][safepoint     ] Entering safepoint region: Cleanup
[2023-11-13T00:11:57.184+0000][106.916s][info ][safepoint     ] Leaving safepoint region
[2023-11-13T00:11:57.184+0000][106.916s][info ][safepoint     ] Total time for which application threads were stopped: 0.0005834 seconds, Stopping threads took: 0.0001715 seconds
[2023-11-13T00:11:58.184+0000][107.917s][debug][safepoint     ] Safepoint synchronization initiated. (177 threads)
[2023-11-13T00:11:58.185+0000][107.917s][info ][safepoint     ] Application time: 1.0005981 seconds
[2023-11-13T00:11:58.185+0000][107.917s][info ][safepoint     ] Entering safepoint region: Cleanup
[2023-11-13T00:11:58.185+0000][107.918s][info ][safepoint     ] Leaving safepoint region
[2023-11-13T00:11:58.185+0000][107.918s][info ][safepoint     ] Total time for which application threads were stopped: 0.0005653 seconds, Stopping threads took: 0.0001956 seconds
[2023-11-13T00:11:59.186+0000][108.918s][debug][safepoint     ] Safepoint synchronization initiated. (177 threads)
[2023-11-13T00:11:59.186+0000][108.918s][info ][safepoint     ] Application time: 1.0002619 seconds
[2023-11-13T00:11:59.186+0000][108.918s][info ][safepoint     ] Entering safepoint region: Cleanup
[2023-11-13T00:11:59.186+0000][108.918s][info ][safepoint     ] Leaving safepoint region
[2023-11-13T00:11:59.186+0000][108.919s][info ][safepoint     ] Total time for which application threads were stopped: 0.0003678 seconds, Stopping threads took: 0.0000861 seconds
[2023-11-13T00:12:00.186+0000][109.919s][debug][safepoint     ] Safepoint synchronization initiated. (175 threads)
[2023-11-13T00:12:00.187+0000][109.920s][info ][safepoint     ] Application time: 1.0011763 seconds
[2023-11-13T00:12:00.188+0000][109.920s][info ][safepoint     ] Entering safepoint region: Cleanup
[2023-11-13T00:12:00.189+0000][109.921s][info ][safepoint     ] Leaving safepoint region
[2023-11-13T00:12:00.189+0000][109.921s][info ][safepoint     ] Total time for which application threads were stopped: 0.0011473 seconds, Stopping threads took: 0.0003873 seconds
[2023-11-13T00:12:01.189+0000][110.922s][debug][safepoint     ] Safepoint synchronization initiated. (175 threads)
[2023-11-13T00:12:01.190+0000][110.922s][info ][safepoint     ] Application time: 1.0006154 seconds
[2023-11-13T00:12:01.190+0000][110.922s][info ][safepoint     ] Entering safepoint region: Cleanup
[2023-11-13T00:12:01.190+0000][110.923s][info ][safepoint     ] Leaving safepoint region
[2023-11-13T00:12:01.191+0000][110.923s][info ][safepoint     ] Total time for which application threads were stopped: 0.0006057 seconds, Stopping threads took: 0.0002122 seconds
[2023-11-13T00:12:02.191+0000][111.923s][debug][safepoint     ] Safepoint synchronization initiated. (175 threads)
[2023-11-13T00:12:02.192+0000][111.924s][info ][safepoint     ] Application time: 1.0012394 seconds
[2023-11-13T00:12:02.192+0000][111.925s][info ][safepoint     ] Entering safepoint region: Cleanup
[2023-11-13T00:12:02.193+0000][111.925s][info ][safepoint     ] Leaving safepoint region
[2023-11-13T00:12:02.194+0000][111.926s][info ][safepoint     ] Total time for which application threads were stopped: 0.0013045 seconds, Stopping threads took: 0.0003789 seconds
[2023-11-13T00:12:03.194+0000][112.926s][debug][safepoint     ] Safepoint synchronization initiated. (174 threads)
[2023-11-13T00:12:03.195+0000][112.927s][info ][safepoint     ] Application time: 1.0011528 seconds
[2023-11-13T00:12:03.195+0000][112.928s][info ][safepoint     ] Entering safepoint region: Cleanup
[2023-11-13T00:12:03.196+0000][112.928s][info ][safepoint     ] Leaving safepoint region
[2023-11-13T00:12:03.197+0000][112.929s][info ][safepoint     ] Total time for which application threads were stopped: 0.0011149 seconds, Stopping threads took: 0.0003585 seconds
[2023-11-13T00:12:04.197+0000][113.929s][debug][safepoint     ] Safepoint synchronization initiated. (174 threads)
[2023-11-13T00:12:04.197+0000][113.930s][info ][safepoint     ] Application time: 1.0005901 seconds
[2023-11-13T00:12:04.198+0000][113.930s][info ][safepoint     ] Entering safepoint region: Cleanup
[2023-11-13T00:12:04.198+0000][113.930s][info ][safepoint     ] Leaving safepoint region
[2023-11-13T00:12:04.198+0000][113.930s][info ][safepoint     ] Total time for which application threads were stopped: 0.0004633 seconds, Stopping threads took: 0.0001751 seconds
[2023-11-13T00:12:05.198+0000][114.930s][debug][safepoint     ] Safepoint synchronization initiated. (174 threads)
[2023-11-13T00:12:05.199+0000][114.931s][info ][safepoint     ] Application time: 1.0007693 seconds
[2023-11-13T00:12:05.199+0000][114.931s][info ][safepoint     ] Entering safepoint region: Cleanup
[2023-11-13T00:12:05.199+0000][114.931s][info ][safepoint     ] Leaving safepoint region
[2023-11-13T00:12:05.199+0000][114.932s][info ][safepoint     ] Total time for which application threads were stopped: 0.0004358 seconds, Stopping threads took: 0.0000639 seconds
[2023-11-13T00:12:06.199+0000][115.932s][debug][safepoint     ] Safepoint synchronization initiated. (174 threads)
[2023-11-13T00:12:06.200+0000][115.932s][info ][safepoint     ] Application time: 1.0003000 seconds
[2023-11-13T00:12:06.200+0000][115.932s][info ][safepoint     ] Entering safepoint region: Cleanup
[2023-11-13T00:12:06.200+0000][115.933s][info ][safepoint     ] Leaving safepoint region
[2023-11-13T00:12:06.200+0000][115.933s][info ][safepoint     ] Total time for which application threads were stopped: 0.0007371 seconds, Stopping threads took: 0.0001080 seconds
[2023-11-13T00:12:07.200+0000][116.933s][debug][safepoint     ] Safepoint synchronization initiated. (174 threads)
[2023-11-13T00:12:07.201+0000][116.933s][info ][safepoint     ] Application time: 1.0002127 seconds
[2023-11-13T00:12:07.201+0000][116.933s][info ][safepoint     ] Entering safepoint region: Cleanup
[2023-11-13T00:12:07.201+0000][116.933s][info ][safepoint     ] Leaving safepoint region
[2023-11-13T00:12:07.201+0000][116.933s][info ][safepoint     ] Total time for which application threads were stopped: 0.0003890 seconds, Stopping threads took: 0.0000629 seconds
[2023-11-13T00:12:08.201+0000][117.933s][debug][safepoint     ] Safepoint synchronization initiated. (174 threads)
[2023-11-13T00:12:08.201+0000][117.934s][info ][safepoint     ] Application time: 1.0003184 seconds
[2023-11-13T00:12:08.201+0000][117.934s][info ][safepoint     ] Entering safepoint region: Cleanup
[2023-11-13T00:12:08.202+0000][117.934s][info ][safepoint     ] Leaving safepoint region
[2023-11-13T00:12:08.202+0000][117.934s][info ][safepoint     ] Total time for which application threads were stopped: 0.0008285 seconds, Stopping threads took: 0.0001122 seconds
[2023-11-13T00:12:09.202+0000][118.935s][debug][safepoint     ] Safepoint synchronization initiated. (174 threads)
[2023-11-13T00:12:09.203+0000][118.935s][info ][safepoint     ] Application time: 1.0003759 seconds
[2023-11-13T00:12:09.203+0000][118.935s][info ][safepoint     ] Entering safepoint region: Cleanup
[2023-11-13T00:12:09.203+0000][118.935s][info ][safepoint     ] Leaving safepoint region
[2023-11-13T00:12:09.203+0000][118.936s][info ][safepoint     ] Total time for which application threads were stopped: 0.0005351 seconds, Stopping threads took: 0.0001657 seconds
[2023-11-13T00:12:10.203+0000][119.936s][debug][safepoint     ] Safepoint synchronization initiated. (174 threads)
[2023-11-13T00:12:10.204+0000][119.936s][info ][safepoint     ] Application time: 1.0003272 seconds
[2023-11-13T00:12:10.204+0000][119.936s][info ][safepoint     ] Entering safepoint region: Cleanup
[2023-11-13T00:12:10.204+0000][119.936s][info ][safepoint     ] Leaving safepoint region
[2023-11-13T00:12:10.204+0000][119.937s][info ][safepoint     ] Total time for which application threads were stopped: 0.0005517 seconds, Stopping threads took: 0.0001665 seconds
[2023-11-13T00:12:11.205+0000][120.937s][debug][safepoint     ] Safepoint synchronization initiated. (173 threads)
[2023-11-13T00:12:11.205+0000][120.937s][info ][safepoint     ] Application time: 1.0003744 seconds
[2023-11-13T00:12:11.205+0000][120.937s][info ][safepoint     ] Entering safepoint region: Cleanup
[2023-11-13T00:12:11.206+0000][120.938s][info ][safepoint     ] Leaving safepoint region
[2023-11-13T00:12:11.206+0000][120.938s][info ][safepoint     ] Total time for which application threads were stopped: 0.0006561 seconds, Stopping threads took: 0.0002715 seconds
[2023-11-13T00:12:12.206+0000][121.938s][debug][safepoint     ] Safepoint synchronization initiated. (173 threads)
[2023-11-13T00:12:12.206+0000][121.938s][info ][safepoint     ] Application time: 1.0004099 seconds
[2023-11-13T00:12:12.206+0000][121.939s][info ][safepoint     ] Entering safepoint region: Cleanup
[2023-11-13T00:12:12.207+0000][121.939s][info ][safepoint     ] Leaving safepoint region
[2023-11-13T00:12:12.207+0000][121.939s][info ][safepoint     ] Total time for which application threads were stopped: 0.0006072 seconds, Stopping threads took: 0.0002266 seconds
[2023-11-13T00:12:13.207+0000][122.940s][debug][safepoint     ] Safepoint synchronization initiated. (173 threads)
[2023-11-13T00:12:13.208+0000][122.940s][info ][safepoint     ] Application time: 1.0007624 seconds
[2023-11-13T00:12:13.208+0000][122.941s][info ][safepoint     ] Entering safepoint region: Cleanup
[2023-11-13T00:12:13.209+0000][122.941s][info ][safepoint     ] Leaving safepoint region
[2023-11-13T00:12:13.209+0000][122.941s][info ][safepoint     ] Total time for which application threads were stopped: 0.0009349 seconds, Stopping threads took: 0.0003763 seconds
[2023-11-13T00:12:14.209+0000][123.942s][debug][safepoint     ] Safepoint synchronization initiated. (173 threads)
[2023-11-13T00:12:14.209+0000][123.942s][info ][safepoint     ] Application time: 1.0002539 seconds
[2023-11-13T00:12:14.209+0000][123.942s][info ][safepoint     ] Entering safepoint region: Cleanup
[2023-11-13T00:12:14.210+0000][123.942s][info ][safepoint     ] Leaving safepoint region
[2023-11-13T00:12:14.210+0000][123.942s][info ][safepoint     ] Total time for which application threads were stopped: 0.0003719 seconds, Stopping threads took: 0.0000776 seconds
[2023-11-13T00:12:15.210+0000][124.942s][debug][safepoint     ] Safepoint synchronization initiated. (173 threads)
[2023-11-13T00:12:15.210+0000][124.942s][info ][safepoint     ] Application time: 1.0003089 seconds
[2023-11-13T00:12:15.211+0000][124.944s][info ][safepoint     ] Entering safepoint region: Cleanup
[2023-11-13T00:12:15.212+0000][124.944s][info ][safepoint     ] Leaving safepoint region
[2023-11-13T00:12:15.213+0000][124.945s][info ][safepoint     ] Total time for which application threads were stopped: 0.0011429 seconds, Stopping threads took: 0.0003900 seconds
[2023-11-13T00:12:16.213+0000][125.945s][debug][safepoint     ] Safepoint synchronization initiated. (173 threads)
[2023-11-13T00:12:16.213+0000][125.946s][info ][safepoint     ] Application time: 1.0006071 seconds
[2023-11-13T00:12:16.214+0000][125.946s][info ][safepoint     ] Entering safepoint region: Cleanup
[2023-11-13T00:12:16.214+0000][125.946s][info ][safepoint     ] Leaving safepoint region
[2023-11-13T00:12:16.214+0000][125.946s][info ][safepoint     ] Total time for which application threads were stopped: 0.0006359 seconds, Stopping threads took: 0.0001729 seconds
[2023-11-13T00:12:17.214+0000][126.947s][debug][safepoint     ] Safepoint synchronization initiated. (173 threads)
[2023-11-13T00:12:17.215+0000][126.947s][info ][safepoint     ] Application time: 1.0001614 seconds
[2023-11-13T00:12:17.215+0000][126.947s][info ][safepoint     ] Entering safepoint region: Cleanup
[2023-11-13T00:12:17.215+0000][126.947s][info ][safepoint     ] Leaving safepoint region
[2023-11-13T00:12:17.215+0000][126.947s][info ][safepoint     ] Total time for which application threads were stopped: 0.0003110 seconds, Stopping threads took: 0.0000646 seconds
[2023-11-13T00:12:18.215+0000][127.947s][debug][safepoint     ] Safepoint synchronization initiated. (173 threads)
[2023-11-13T00:12:18.215+0000][127.948s][info ][safepoint     ] Application time: 1.0005735 seconds
[2023-11-13T00:12:18.218+0000][127.950s][debug][safepoint     ] ... found polling page loop exception at pc = 0x00007f379922a234, stub =0x00007f3790841b00
[2023-11-13T00:12:18.218+0000][127.951s][debug][safepoint     ] Waiting for 1 thread(s) to block
[2023-11-13T00:12:18.218+0000][127.951s][info ][safepoint     ] Entering safepoint region: Cleanup
[2023-11-13T00:12:18.219+0000][127.951s][info ][safepoint     ] Leaving safepoint region
[2023-11-13T00:12:18.219+0000][127.951s][info ][safepoint     ] Total time for which application threads were stopped: 0.0033528 seconds, Stopping threads took: 0.0029959 seconds
[2023-11-13T00:12:19.219+0000][128.951s][debug][safepoint     ] Safepoint synchronization initiated. (173 threads)
[2023-11-13T00:12:19.220+0000][128.952s][info ][safepoint     ] Application time: 1.0006155 seconds
[2023-11-13T00:12:19.220+0000][128.952s][info ][safepoint     ] Entering safepoint region: Cleanup
[2023-11-13T00:12:19.220+0000][128.952s][info ][safepoint     ] Leaving safepoint region
[2023-11-13T00:12:19.220+0000][128.953s][info ][safepoint     ] Total time for which application threads were stopped: 0.0005409 seconds, Stopping threads took: 0.0001708 seconds
[2023-11-13T00:12:20.221+0000][129.953s][debug][safepoint     ] Safepoint synchronization initiated. (173 threads)
[2023-11-13T00:12:20.221+0000][129.953s][info ][safepoint     ] Application time: 1.0006097 seconds
[2023-11-13T00:12:20.221+0000][129.954s][info ][safepoint     ] Entering safepoint region: Cleanup
[2023-11-13T00:12:20.222+0000][129.954s][info ][safepoint     ] Leaving safepoint region
[2023-11-13T00:12:20.222+0000][129.954s][info ][safepoint     ] Total time for which application threads were stopped: 0.0005612 seconds, Stopping threads took: 0.0002031 seconds
[2023-11-13T00:12:21.222+0000][130.954s][debug][safepoint     ] Safepoint synchronization initiated. (173 threads)
[2023-11-13T00:12:21.223+0000][130.955s][info ][safepoint     ] Application time: 1.0010446 seconds
[2023-11-13T00:12:21.223+0000][130.956s][info ][safepoint     ] Entering safepoint region: Cleanup
[2023-11-13T00:12:21.224+0000][130.956s][info ][safepoint     ] Leaving safepoint region
[2023-11-13T00:12:21.224+0000][130.957s][info ][safepoint     ] Total time for which application threads were stopped: 0.0011306 seconds, Stopping threads took: 0.0003752 seconds
[2023-11-13T00:12:22.225+0000][131.957s][debug][safepoint     ] Safepoint synchronization initiated. (173 threads)
[2023-11-13T00:12:22.226+0000][131.958s][info ][safepoint     ] Application time: 1.0010460 seconds
[2023-11-13T00:12:22.226+0000][131.958s][debug][safepoint     ] ... found polling page return exception at pc = 0x00007f37987c45fc, stub =0x00007f3790841800
[2023-11-13T00:12:22.227+0000][131.959s][debug][safepoint     ] Waiting for 1 thread(s) to block
[2023-11-13T00:12:22.227+0000][131.959s][info ][safepoint     ] Entering safepoint region: Cleanup
[2023-11-13T00:12:22.228+0000][131.960s][info ][safepoint     ] Leaving safepoint region
[2023-11-13T00:12:22.228+0000][131.960s][info ][safepoint     ] Total time for which application threads were stopped: 0.0019956 seconds, Stopping threads took: 0.0011855 seconds
[2023-11-13T00:12:23.229+0000][132.961s][debug][safepoint     ] Safepoint synchronization initiated. (173 threads)
[2023-11-13T00:12:23.229+0000][132.961s][info ][safepoint     ] Application time: 1.0006062 seconds
[2023-11-13T00:12:23.229+0000][132.962s][info ][safepoint     ] Entering safepoint region: Cleanup
[2023-11-13T00:12:23.230+0000][132.962s][info ][safepoint     ] Leaving safepoint region
[2023-11-13T00:12:23.230+0000][132.962s][info ][safepoint     ] Total time for which application threads were stopped: 0.0005478 seconds, Stopping threads took: 0.0001795 seconds
[2023-11-13T00:12:24.230+0000][133.962s][debug][safepoint     ] Safepoint synchronization initiated. (173 threads)
[2023-11-13T00:12:24.231+0000][133.963s][info ][safepoint     ] Application time: 1.0009706 seconds
[2023-11-13T00:12:24.231+0000][133.963s][info ][safepoint     ] Entering safepoint region: Cleanup
[2023-11-13T00:12:24.232+0000][133.964s][info ][safepoint     ] Leaving safepoint region
[2023-11-13T00:12:24.232+0000][133.964s][info ][safepoint     ] Total time for which application threads were stopped: 0.0010836 seconds, Stopping threads took: 0.0003459 seconds
[2023-11-13T00:12:25.236+0000][134.969s][debug][safepoint     ] Safepoint synchronization initiated. (173 threads)
[2023-11-13T00:12:25.236+0000][134.969s][info ][safepoint     ] Application time: 1.0039327 seconds
[2023-11-13T00:12:25.237+0000][134.969s][info ][safepoint     ] Entering safepoint region: Cleanup
[2023-11-13T00:12:25.237+0000][134.970s][info ][safepoint     ] Leaving safepoint region
[2023-11-13T00:12:25.237+0000][134.970s][info ][safepoint     ] Total time for which application threads were stopped: 0.0004540 seconds, Stopping threads took: 0.0000814 seconds
[2023-11-13T00:12:26.238+0000][135.970s][debug][safepoint     ] Safepoint synchronization initiated. (173 threads)
[2023-11-13T00:12:26.238+0000][135.970s][info ][safepoint     ] Application time: 1.0006043 seconds
[2023-11-13T00:12:26.238+0000][135.971s][info ][safepoint     ] Entering safepoint region: Cleanup
[2023-11-13T00:12:26.239+0000][135.971s][info ][safepoint     ] Leaving safepoint region
[2023-11-13T00:12:26.239+0000][135.971s][info ][safepoint     ] Total time for which application threads were stopped: 0.0006809 seconds, Stopping threads took: 0.0001797 seconds
[2023-11-13T00:12:27.239+0000][136.971s][debug][safepoint     ] Safepoint synchronization initiated. (173 threads)
[2023-11-13T00:12:27.239+0000][136.972s][info ][safepoint     ] Application time: 1.0003034 seconds
[2023-11-13T00:12:27.239+0000][136.972s][info ][safepoint     ] Entering safepoint region: Cleanup
[2023-11-13T00:12:27.240+0000][136.972s][info ][safepoint     ] Leaving safepoint region
[2023-11-13T00:12:27.240+0000][136.972s][info ][safepoint     ] Total time for which application threads were stopped: 0.0008024 seconds, Stopping threads took: 0.0001116 seconds
[2023-11-13T00:12:28.240+0000][137.973s][debug][safepoint     ] Safepoint synchronization initiated. (173 threads)
[2023-11-13T00:12:28.240+0000][137.973s][info ][safepoint     ] Application time: 1.0002281 seconds
[2023-11-13T00:12:28.240+0000][137.973s][info ][safepoint     ] Entering safepoint region: Cleanup
[2023-11-13T00:12:28.241+0000][137.973s][info ][safepoint     ] Leaving safepoint region
[2023-11-13T00:12:28.241+0000][137.973s][info ][safepoint     ] Total time for which application threads were stopped: 0.0004267 seconds, Stopping threads took: 0.0000653 seconds
[2023-11-13T00:12:29.241+0000][138.973s][debug][safepoint     ] Safepoint synchronization initiated. (173 threads)
[2023-11-13T00:12:29.241+0000][138.974s][info ][safepoint     ] Application time: 1.0005944 seconds
[2023-11-13T00:12:29.242+0000][138.974s][info ][safepoint     ] Entering safepoint region: Cleanup
[2023-11-13T00:12:29.242+0000][138.974s][info ][safepoint     ] Leaving safepoint region
[2023-11-13T00:12:29.242+0000][138.975s][info ][safepoint     ] Total time for which application threads were stopped: 0.0007245 seconds, Stopping threads took: 0.0001915 seconds
[2023-11-13T00:12:30.243+0000][139.975s][debug][safepoint     ] Safepoint synchronization initiated. (173 threads)
[2023-11-13T00:12:30.243+0000][139.975s][info ][safepoint     ] Application time: 1.0007165 seconds
[2023-11-13T00:12:30.243+0000][139.976s][info ][safepoint     ] Entering safepoint region: Cleanup
[2023-11-13T00:12:30.244+0000][139.976s][info ][safepoint     ] Leaving safepoint region
[2023-11-13T00:12:30.244+0000][139.976s][info ][safepoint     ] Total time for which application threads were stopped: 0.0007061 seconds, Stopping threads took: 0.0002000 seconds
[2023-11-13T00:12:31.244+0000][140.977s][debug][safepoint     ] Safepoint synchronization initiated. (173 threads)
[2023-11-13T00:12:31.245+0000][140.977s][info ][safepoint     ] Application time: 1.0005807 seconds
[2023-11-13T00:12:31.245+0000][140.977s][info ][safepoint     ] Entering safepoint region: Cleanup
[2023-11-13T00:12:31.245+0000][140.978s][info ][safepoint     ] Leaving safepoint region
[2023-11-13T00:12:31.246+0000][140.978s][info ][safepoint     ] Total time for which application threads were stopped: 0.0007152 seconds, Stopping threads took: 0.0002091 seconds
[2023-11-13T00:12:32.246+0000][141.978s][debug][safepoint     ] Safepoint synchronization initiated. (173 threads)
[2023-11-13T00:12:32.246+0000][141.978s][info ][safepoint     ] Application time: 1.0002115 seconds
[2023-11-13T00:12:32.246+0000][141.978s][info ][safepoint     ] Entering safepoint region: Cleanup
[2023-11-13T00:12:32.247+0000][141.979s][info ][safepoint     ] Leaving safepoint region
[2023-11-13T00:12:32.247+0000][141.979s][info ][safepoint     ] Total time for which application threads were stopped: 0.0007277 seconds, Stopping threads took: 0.0000668 seconds
[2023-11-13T00:12:33.247+0000][142.979s][debug][safepoint     ] Safepoint synchronization initiated. (173 threads)
[2023-11-13T00:12:33.247+0000][142.980s][info ][safepoint     ] Application time: 1.0005894 seconds
[2023-11-13T00:12:33.248+0000][142.980s][info ][safepoint     ] Entering safepoint region: Cleanup
[2023-11-13T00:12:33.248+0000][142.980s][info ][safepoint     ] Leaving safepoint region
[2023-11-13T00:12:33.248+0000][142.980s][info ][safepoint     ] Total time for which application threads were stopped: 0.0006773 seconds, Stopping threads took: 0.0001865 seconds
[2023-11-13T00:12:34.248+0000][143.981s][debug][safepoint     ] Safepoint synchronization initiated. (173 threads)
[2023-11-13T00:12:34.249+0000][143.981s][info ][safepoint     ] Application time: 1.0005330 seconds
[2023-11-13T00:12:34.249+0000][143.981s][info ][safepoint     ] Entering safepoint region: Cleanup
[2023-11-13T00:12:34.249+0000][143.982s][info ][safepoint     ] Leaving safepoint region
[2023-11-13T00:12:34.250+0000][143.982s][info ][safepoint     ] Total time for which application threads were stopped: 0.0006154 seconds, Stopping threads took: 0.0001692 seconds
[2023-11-13T00:12:35.250+0000][144.982s][debug][safepoint     ] Safepoint synchronization initiated. (173 threads)
[2023-11-13T00:12:35.250+0000][144.983s][info ][safepoint     ] Application time: 1.0006059 seconds
[2023-11-13T00:12:35.251+0000][144.983s][info ][safepoint     ] Entering safepoint region: Cleanup
[2023-11-13T00:12:35.251+0000][144.983s][info ][safepoint     ] Leaving safepoint region
[2023-11-13T00:12:35.251+0000][144.983s][info ][safepoint     ] Total time for which application threads were stopped: 0.0006693 seconds, Stopping threads took: 0.0002105 seconds
[2023-11-13T00:12:36.251+0000][145.984s][debug][safepoint     ] Safepoint synchronization initiated. (173 threads)
[2023-11-13T00:12:36.252+0000][145.984s][info ][safepoint     ] Application time: 1.0005925 seconds
[2023-11-13T00:12:36.252+0000][145.984s][info ][safepoint     ] Entering safepoint region: Cleanup
[2023-11-13T00:12:36.253+0000][145.985s][info ][safepoint     ] Leaving safepoint region
[2023-11-13T00:12:36.253+0000][145.985s][info ][safepoint     ] Total time for which application threads were stopped: 0.0006547 seconds, Stopping threads took: 0.0001803 seconds
[2023-11-13T00:12:37.253+0000][146.985s][debug][safepoint     ] Safepoint synchronization initiated. (173 threads)
[2023-11-13T00:12:37.253+0000][146.985s][info ][safepoint     ] Application time: 1.0002534 seconds
[2023-11-13T00:12:37.253+0000][146.985s][info ][safepoint     ] Entering safepoint region: Cleanup
[2023-11-13T00:12:37.254+0000][146.986s][info ][safepoint     ] Leaving safepoint region
[2023-11-13T00:12:37.254+0000][146.986s][info ][safepoint     ] Total time for which application threads were stopped: 0.0008600 seconds, Stopping threads took: 0.0001148 seconds
[2023-11-13T00:12:38.254+0000][147.986s][debug][safepoint     ] Safepoint synchronization initiated. (173 threads)
[2023-11-13T00:12:38.254+0000][147.986s][info ][safepoint     ] Application time: 1.0001784 seconds
[2023-11-13T00:12:38.254+0000][147.987s][info ][safepoint     ] Entering safepoint region: Cleanup
[2023-11-13T00:12:38.255+0000][147.987s][info ][safepoint     ] Leaving safepoint region
[2023-11-13T00:12:38.255+0000][147.987s][info ][safepoint     ] Total time for which application threads were stopped: 0.0004423 seconds, Stopping threads took: 0.0000676 seconds
[2023-11-13T00:12:39.255+0000][148.987s][debug][safepoint     ] Safepoint synchronization initiated. (173 threads)
[2023-11-13T00:12:39.255+0000][148.987s][info ][safepoint     ] Application time: 1.0003128 seconds
[2023-11-13T00:12:39.255+0000][148.987s][info ][safepoint     ] Entering safepoint region: Cleanup
[2023-11-13T00:12:39.256+0000][148.988s][info ][safepoint     ] Leaving safepoint region
[2023-11-13T00:12:39.256+0000][148.988s][info ][safepoint     ] Total time for which application threads were stopped: 0.0010858 seconds, Stopping threads took: 0.0001098 seconds
[2023-11-13T00:12:40.257+0000][149.989s][debug][safepoint     ] Safepoint synchronization initiated. (173 threads)
[2023-11-13T00:12:40.257+0000][149.989s][info ][safepoint     ] Application time: 1.0003216 seconds
[2023-11-13T00:12:40.257+0000][149.990s][info ][safepoint     ] Entering safepoint region: Cleanup
[2023-11-13T00:12:40.258+0000][149.990s][info ][safepoint     ] Leaving safepoint region
[2023-11-13T00:12:40.258+0000][149.990s][info ][safepoint     ] Total time for which application threads were stopped: 0.0006846 seconds, Stopping threads took: 0.0002032 seconds
[2023-11-13T00:12:41.258+0000][150.990s][debug][safepoint     ] Safepoint synchronization initiated. (173 threads)
[2023-11-13T00:12:41.259+0000][150.991s][info ][safepoint     ] Application time: 1.0005840 seconds
[2023-11-13T00:12:41.259+0000][150.991s][info ][safepoint     ] Entering safepoint region: Cleanup
[2023-11-13T00:12:41.260+0000][150.992s][info ][safepoint     ] Leaving safepoint region
[2023-11-13T00:12:41.260+0000][150.993s][info ][safepoint     ] Total time for which application threads were stopped: 0.0014155 seconds, Stopping threads took: 0.0003806 seconds
[2023-11-13T00:12:42.261+0000][151.993s][debug][safepoint     ] Safepoint synchronization initiated. (173 threads)
[2023-11-13T00:12:42.261+0000][151.994s][info ][safepoint     ] Application time: 1.0006855 seconds
[2023-11-13T00:12:42.262+0000][151.994s][info ][safepoint     ] Entering safepoint region: Cleanup
[2023-11-13T00:12:42.263+0000][151.995s][info ][safepoint     ] Leaving safepoint region
[2023-11-13T00:12:42.263+0000][151.995s][info ][safepoint     ] Total time for which application threads were stopped: 0.0013612 seconds, Stopping threads took: 0.0004185 seconds
[2023-11-13T00:12:43.263+0000][152.996s][debug][safepoint     ] Safepoint synchronization initiated. (173 threads)
[2023-11-13T00:12:43.264+0000][152.996s][info ][safepoint     ] Application time: 1.0004169 seconds
[2023-11-13T00:12:43.264+0000][152.996s][info ][safepoint     ] Entering safepoint region: Cleanup
[2023-11-13T00:12:43.264+0000][152.997s][info ][safepoint     ] Leaving safepoint region
[2023-11-13T00:12:43.265+0000][152.997s][info ][safepoint     ] Total time for which application threads were stopped: 0.0006735 seconds, Stopping threads took: 0.0001880 seconds
[2023-11-13T00:12:44.265+0000][153.997s][debug][safepoint     ] Safepoint synchronization initiated. (173 threads)
[2023-11-13T00:12:44.265+0000][153.998s][info ][safepoint     ] Application time: 1.0006818 seconds
[2023-11-13T00:12:44.266+0000][153.998s][info ][safepoint     ] Entering safepoint region: Cleanup
[2023-11-13T00:12:44.267+0000][153.999s][info ][safepoint     ] Leaving safepoint region
[2023-11-13T00:12:44.267+0000][153.999s][info ][safepoint     ] Total time for which application threads were stopped: 0.0013878 seconds, Stopping threads took: 0.0004329 seconds
[2023-11-13T00:12:45.267+0000][155.000s][debug][safepoint     ] Safepoint synchronization initiated. (173 threads)
[2023-11-13T00:12:45.268+0000][155.000s][info ][safepoint     ] Application time: 1.0003927 seconds
[2023-11-13T00:12:45.268+0000][155.000s][info ][safepoint     ] Entering safepoint region: Cleanup
[2023-11-13T00:12:45.269+0000][155.001s][info ][safepoint     ] Leaving safepoint region
[2023-11-13T00:12:45.269+0000][155.001s][info ][safepoint     ] Total time for which application threads were stopped: 0.0006776 seconds, Stopping threads took: 0.0001961 seconds
[2023-11-13T00:12:46.269+0000][156.001s][debug][safepoint     ] Safepoint synchronization initiated. (173 threads)
[2023-11-13T00:12:46.270+0000][156.002s][info ][safepoint     ] Application time: 1.0006602 seconds
[2023-11-13T00:12:46.270+0000][156.002s][info ][safepoint     ] Entering safepoint region: Cleanup
[2023-11-13T00:12:46.271+0000][156.003s][info ][safepoint     ] Leaving safepoint region
[2023-11-13T00:12:46.271+0000][156.004s][info ][safepoint     ] Total time for which application threads were stopped: 0.0013322 seconds, Stopping threads took: 0.0001494 seconds
[2023-11-13T00:12:47.272+0000][157.004s][debug][safepoint     ] Safepoint synchronization initiated. (173 threads)
[2023-11-13T00:12:47.272+0000][157.004s][info ][safepoint     ] Application time: 1.0003613 seconds
[2023-11-13T00:12:47.272+0000][157.004s][info ][safepoint     ] Entering safepoint region: Cleanup
[2023-11-13T00:12:47.273+0000][157.005s][info ][safepoint     ] Leaving safepoint region
[2023-11-13T00:12:47.273+0000][157.005s][info ][safepoint     ] Total time for which application threads were stopped: 0.0006654 seconds, Stopping threads took: 0.0001867 seconds
[2023-11-13T00:12:48.273+0000][158.005s][debug][safepoint     ] Safepoint synchronization initiated. (173 threads)
[2023-11-13T00:12:48.273+0000][158.006s][info ][safepoint     ] Application time: 1.0005601 seconds
[2023-11-13T00:12:48.274+0000][158.006s][info ][safepoint     ] Entering safepoint region: Cleanup
[2023-11-13T00:12:48.275+0000][158.007s][info ][safepoint     ] Leaving safepoint region
[2023-11-13T00:12:48.275+0000][158.007s][info ][safepoint     ] Total time for which application threads were stopped: 0.0012737 seconds, Stopping threads took: 0.0003900 seconds
[2023-11-13T00:12:49.275+0000][159.008s][debug][safepoint     ] Safepoint synchronization initiated. (173 threads)
[2023-11-13T00:12:49.276+0000][159.008s][info ][safepoint     ] Application time: 1.0003851 seconds
[2023-11-13T00:12:49.276+0000][159.008s][info ][safepoint     ] Entering safepoint region: Cleanup
[2023-11-13T00:12:49.276+0000][159.009s][info ][safepoint     ] Leaving safepoint region
[2023-11-13T00:12:49.277+0000][159.009s][info ][safepoint     ] Total time for which application threads were stopped: 0.0006848 seconds, Stopping threads took: 0.0002027 seconds
[2023-11-13T00:12:50.277+0000][160.009s][debug][safepoint     ] Safepoint synchronization initiated. (173 threads)
[2023-11-13T00:12:50.277+0000][160.010s][info ][safepoint     ] Application time: 1.0006260 seconds
[2023-11-13T00:12:50.278+0000][160.010s][info ][safepoint     ] Entering safepoint region: Cleanup
[2023-11-13T00:12:50.278+0000][160.010s][info ][safepoint     ] Leaving safepoint region
[2023-11-13T00:12:50.278+0000][160.010s][info ][safepoint     ] Total time for which application threads were stopped: 0.0007250 seconds, Stopping threads took: 0.0002298 seconds
[2023-11-13T00:12:51.278+0000][161.011s][debug][safepoint     ] Safepoint synchronization initiated. (173 threads)
[2023-11-13T00:12:51.279+0000][161.011s][info ][safepoint     ] Application time: 1.0005761 seconds
[2023-11-13T00:12:51.279+0000][161.011s][info ][safepoint     ] Entering safepoint region: Cleanup
[2023-11-13T00:12:51.280+0000][161.012s][info ][safepoint     ] Leaving safepoint region
[2023-11-13T00:12:51.280+0000][161.012s][info ][safepoint     ] Total time for which application threads were stopped: 0.0006626 seconds, Stopping threads took: 0.0001798 seconds
[2023-11-13T00:12:52.280+0000][162.012s][debug][safepoint     ] Safepoint synchronization initiated. (173 threads)
[2023-11-13T00:12:52.280+0000][162.012s][info ][safepoint     ] Application time: 1.0001987 seconds
[2023-11-13T00:12:52.280+0000][162.012s][info ][safepoint     ] Entering safepoint region: Cleanup
[2023-11-13T00:12:52.280+0000][162.013s][info ][safepoint     ] Leaving safepoint region
[2023-11-13T00:12:52.280+0000][162.013s][info ][safepoint     ] Total time for which application threads were stopped: 0.0004130 seconds, Stopping threads took: 0.0000594 seconds
[2023-11-13T00:12:53.281+0000][163.013s][debug][safepoint     ] Safepoint synchronization initiated. (173 threads)
[2023-11-13T00:12:53.281+0000][163.014s][info ][safepoint     ] Application time: 1.0010318 seconds
[2023-11-13T00:12:53.282+0000][163.014s][info ][safepoint     ] Entering safepoint region: Cleanup
[2023-11-13T00:12:53.283+0000][163.015s][info ][safepoint     ] Leaving safepoint region
[2023-11-13T00:12:53.283+0000][163.016s][info ][safepoint     ] Total time for which application threads were stopped: 0.0014361 seconds, Stopping threads took: 0.0004872 seconds
[2023-11-13T00:12:54.284+0000][164.016s][debug][safepoint     ] Safepoint synchronization initiated. (173 threads)
[2023-11-13T00:12:54.284+0000][164.016s][info ][safepoint     ] Application time: 1.0002166 seconds
[2023-11-13T00:12:54.284+0000][164.016s][info ][safepoint     ] Entering safepoint region: Cleanup
[2023-11-13T00:12:54.284+0000][164.016s][info ][safepoint     ] Leaving safepoint region
[2023-11-13T00:12:54.284+0000][164.016s][info ][safepoint     ] Total time for which application threads were stopped: 0.0004071 seconds, Stopping threads took: 0.0000592 seconds
[2023-11-13T00:12:55.284+0000][165.017s][debug][safepoint     ] Safepoint synchronization initiated. (173 threads)
[2023-11-13T00:12:55.285+0000][165.017s][info ][safepoint     ] Application time: 1.0006543 seconds
[2023-11-13T00:12:55.285+0000][165.017s][info ][safepoint     ] Entering safepoint region: Cleanup
[2023-11-13T00:12:55.286+0000][165.018s][info ][safepoint     ] Leaving safepoint region
[2023-11-13T00:12:55.286+0000][165.018s][info ][safepoint     ] Total time for which application threads were stopped: 0.0006872 seconds, Stopping threads took: 0.0002160 seconds
[2023-11-13T00:12:56.286+0000][166.018s][debug][safepoint     ] Safepoint synchronization initiated. (173 threads)
[2023-11-13T00:12:56.286+0000][166.019s][info ][safepoint     ] Application time: 1.0005452 seconds
[2023-11-13T00:12:56.287+0000][166.019s][info ][safepoint     ] Entering safepoint region: Cleanup
[2023-11-13T00:12:56.287+0000][166.019s][info ][safepoint     ] Leaving safepoint region
[2023-11-13T00:12:56.287+0000][166.019s][info ][safepoint     ] Total time for which application threads were stopped: 0.0006526 seconds, Stopping threads took: 0.0001841 seconds
[2023-11-13T00:12:57.287+0000][167.020s][debug][safepoint     ] Safepoint synchronization initiated. (173 threads)
[2023-11-13T00:12:57.288+0000][167.020s][info ][safepoint     ] Application time: 1.0002746 seconds
[2023-11-13T00:12:57.288+0000][167.020s][info ][safepoint     ] Entering safepoint region: Cleanup
[2023-11-13T00:12:57.288+0000][167.021s][info ][safepoint     ] Leaving safepoint region
[2023-11-13T00:12:57.288+0000][167.021s][info ][safepoint     ] Total time for which application threads were stopped: 0.0007973 seconds, Stopping threads took: 0.0001054 seconds
[2023-11-13T00:12:58.289+0000][168.021s][debug][safepoint     ] Safepoint synchronization initiated. (173 threads)
[2023-11-13T00:12:58.289+0000][168.021s][info ][safepoint     ] Application time: 1.0007654 seconds
[2023-11-13T00:12:58.289+0000][168.022s][info ][safepoint     ] Entering safepoint region: Cleanup
[2023-11-13T00:12:58.290+0000][168.022s][info ][safepoint     ] Leaving safepoint region
[2023-11-13T00:12:58.290+0000][168.023s][info ][safepoint     ] Total time for which application threads were stopped: 0.0009691 seconds, Stopping threads took: 0.0002599 seconds
[2023-11-13T00:12:59.291+0000][169.023s][debug][safepoint     ] Safepoint synchronization initiated. (173 threads)
[2023-11-13T00:12:59.291+0000][169.023s][info ][safepoint     ] Application time: 1.0003069 seconds
[2023-11-13T00:12:59.291+0000][169.023s][info ][safepoint     ] Entering safepoint region: Cleanup
[2023-11-13T00:12:59.292+0000][169.024s][info ][safepoint     ] Leaving safepoint region
[2023-11-13T00:12:59.292+0000][169.024s][info ][safepoint     ] Total time for which application threads were stopped: 0.0007851 seconds, Stopping threads took: 0.0001072 seconds
[2023-11-13T00:13:04.206+0000][173.938s][debug][safepoint     ] Safepoint synchronization initiated. (171 threads)
[2023-11-13T00:13:04.206+0000][173.938s][info ][safepoint     ] Application time: 4.9144092 seconds
[2023-11-13T00:13:04.206+0000][173.939s][debug][safepoint     ] Waiting for 1 thread(s) to block
[2023-11-13T00:13:04.206+0000][173.939s][info ][safepoint     ] Entering safepoint region: G1CollectForAllocation
[2023-11-13T00:13:04.207+0000][173.939s][info ][gc,start      ] GC(38) Pause Young (Normal) (G1 Evacuation Pause)
[2023-11-13T00:13:04.207+0000][173.939s][info ][gc,task       ] GC(38) Using 6 workers of 6 for evacuation
[2023-11-13T00:13:04.254+0000][173.987s][info ][gc,phases     ] GC(38)   Pre Evacuate Collection Set: 0.0ms
[2023-11-13T00:13:04.254+0000][173.987s][info ][gc,phases     ] GC(38)   Evacuate Collection Set: 41.6ms
[2023-11-13T00:13:04.255+0000][173.987s][info ][gc,phases     ] GC(38)   Post Evacuate Collection Set: 5.0ms
[2023-11-13T00:13:04.255+0000][173.987s][info ][gc,phases     ] GC(38)   Other: 0.6ms
[2023-11-13T00:13:04.255+0000][173.988s][info ][gc,heap       ] GC(38) Eden regions: 386->0(392)
[2023-11-13T00:13:04.255+0000][173.988s][info ][gc,heap       ] GC(38) Survivor regions: 31->25(53)
[2023-11-13T00:13:04.255+0000][173.988s][info ][gc,heap       ] GC(38) Old regions: 118->129
[2023-11-13T00:13:04.256+0000][173.988s][info ][gc,heap       ] GC(38) Humongous regions: 0->0
[2023-11-13T00:13:04.256+0000][173.988s][info ][gc,metaspace  ] GC(38) Metaspace: 158298K(163408K)->158298K(163408K) NonClass: 139785K(142804K)->139785K(142804K) Class: 18513K(20604K)->18513K(20604K)
[2023-11-13T00:13:04.256+0000][173.988s][info ][gc            ] GC(38) Pause Young (Normal) (G1 Evacuation Pause) 533M->151M(696M) 48.896ms
[2023-11-13T00:13:04.256+0000][173.988s][info ][gc,cpu        ] GC(38) User=0.15s Sys=0.00s Real=0.05s
[2023-11-13T00:13:04.256+0000][173.989s][info ][safepoint     ] Leaving safepoint region
[2023-11-13T00:13:04.256+0000][173.989s][info ][safepoint     ] Total time for which application threads were stopped: 0.0501292 seconds, Stopping threads took: 0.0003344 seconds
[2023-11-13T00:13:04.257+0000][173.989s][info ][gc,stringdedup] Concurrent String Deduplication (173.989s)
[2023-11-13T00:13:04.260+0000][173.992s][info ][gc,stringdedup] Concurrent String Deduplication 325.9K->122.2K(203.7K) avg 54.1% (173.989s, 173.992s) 3.384ms
[2023-11-13T00:13:05.270+0000][175.003s][debug][safepoint     ] Safepoint synchronization initiated. (171 threads)
[2023-11-13T00:13:05.271+0000][175.003s][info ][safepoint     ] Application time: 1.0143093 seconds
[2023-11-13T00:13:05.271+0000][175.003s][info ][safepoint     ] Entering safepoint region: Cleanup
[2023-11-13T00:13:05.271+0000][175.004s][info ][safepoint     ] Leaving safepoint region
[2023-11-13T00:13:05.271+0000][175.004s][info ][safepoint     ] Total time for which application threads were stopped: 0.0004904 seconds, Stopping threads took: 0.0001760 seconds
[2023-11-13T00:13:18.273+0000][188.005s][debug][safepoint     ] Safepoint synchronization initiated. (171 threads)
[2023-11-13T00:13:18.274+0000][188.006s][info ][safepoint     ] Application time: 13.0023455 seconds
[2023-11-13T00:13:18.274+0000][188.007s][info ][safepoint     ] Entering safepoint region: Cleanup
[2023-11-13T00:13:18.275+0000][188.007s][info ][safepoint     ] Leaving safepoint region
[2023-11-13T00:13:18.275+0000][188.008s][info ][safepoint     ] Total time for which application threads were stopped: 0.0010558 seconds, Stopping threads took: 0.0003845 seconds
[2023-11-13T00:13:24.277+0000][194.009s][debug][safepoint     ] Safepoint synchronization initiated. (171 threads)
[2023-11-13T00:13:24.277+0000][194.009s][info ][safepoint     ] Application time: 6.0013129 seconds
[2023-11-13T00:13:24.277+0000][194.009s][info ][safepoint     ] Entering safepoint region: Cleanup
[2023-11-13T00:13:24.278+0000][194.010s][info ][safepoint     ] Leaving safepoint region
[2023-11-13T00:13:24.278+0000][194.010s][info ][safepoint     ] Total time for which application threads were stopped: 0.0005401 seconds, Stopping threads took: 0.0001896 seconds
[2023-11-13T00:13:43.280+0000][213.013s][debug][safepoint     ] Safepoint synchronization initiated. (171 threads)
[2023-11-13T00:13:43.281+0000][213.013s][info ][safepoint     ] Application time: 19.0031370 seconds
[2023-11-13T00:13:43.281+0000][213.013s][info ][safepoint     ] Entering safepoint region: Cleanup
[2023-11-13T00:13:43.282+0000][213.014s][info ][safepoint     ] Leaving safepoint region
[2023-11-13T00:13:43.282+0000][213.014s][info ][safepoint     ] Total time for which application threads were stopped: 0.0005959 seconds, Stopping threads took: 0.0002443 seconds
[2023-11-13T00:13:58.284+0000][228.016s][debug][safepoint     ] Safepoint synchronization initiated. (171 threads)
[2023-11-13T00:13:58.284+0000][228.016s][info ][safepoint     ] Application time: 15.0019909 seconds
[2023-11-13T00:13:58.284+0000][228.016s][info ][safepoint     ] Entering safepoint region: Cleanup
[2023-11-13T00:13:58.284+0000][228.017s][info ][safepoint     ] Leaving safepoint region
[2023-11-13T00:13:58.284+0000][228.017s][debug][safepoint     ] ... found polling page return exception at pc = 0x00007f3798afd432, stub =0x00007f3790841800
[2023-11-13T00:13:58.284+0000][228.017s][info ][safepoint     ] Total time for which application threads were stopped: 0.0004300 seconds, Stopping threads took: 0.0000931 seconds
[2023-11-13T00:14:00.285+0000][230.017s][debug][safepoint     ] Safepoint synchronization initiated. (169 threads)
[2023-11-13T00:14:00.285+0000][230.017s][info ][safepoint     ] Application time: 2.0003014 seconds
[2023-11-13T00:14:00.285+0000][230.017s][info ][safepoint     ] Entering safepoint region: Cleanup
[2023-11-13T00:14:00.285+0000][230.018s][info ][safepoint     ] Leaving safepoint region
[2023-11-13T00:14:00.285+0000][230.018s][info ][safepoint     ] Total time for which application threads were stopped: 0.0002593 seconds, Stopping threads took: 0.0000693 seconds
[2023-11-13T00:14:03.286+0000][233.018s][debug][safepoint     ] Safepoint synchronization initiated. (169 threads)
[2023-11-13T00:14:03.287+0000][233.019s][info ][safepoint     ] Application time: 3.0014629 seconds
[2023-11-13T00:14:03.287+0000][233.020s][info ][safepoint     ] Entering safepoint region: Cleanup
[2023-11-13T00:14:03.288+0000][233.020s][info ][safepoint     ] Leaving safepoint region
[2023-11-13T00:14:03.288+0000][233.020s][info ][safepoint     ] Total time for which application threads were stopped: 0.0010422 seconds, Stopping threads took: 0.0003871 seconds
[2023-11-13T00:14:06.289+0000][236.021s][debug][safepoint     ] Safepoint synchronization initiated. (169 threads)
[2023-11-13T00:14:06.290+0000][236.022s][info ][safepoint     ] Application time: 3.0012501 seconds
[2023-11-13T00:14:06.290+0000][236.023s][info ][safepoint     ] Entering safepoint region: Cleanup
[2023-11-13T00:14:06.291+0000][236.023s][info ][safepoint     ] Leaving safepoint region
[2023-11-13T00:14:06.291+0000][236.024s][info ][safepoint     ] Total time for which application threads were stopped: 0.0012240 seconds, Stopping threads took: 0.0004088 seconds
[2023-11-13T00:14:08.292+0000][238.024s][debug][safepoint     ] Safepoint synchronization initiated. (169 threads)
[2023-11-13T00:14:08.292+0000][238.024s][info ][safepoint     ] Application time: 2.0002761 seconds
[2023-11-13T00:14:08.292+0000][238.024s][info ][safepoint     ] Entering safepoint region: Cleanup
[2023-11-13T00:14:08.293+0000][238.025s][info ][safepoint     ] Leaving safepoint region
[2023-11-13T00:14:08.293+0000][238.025s][info ][safepoint     ] Total time for which application threads were stopped: 0.0006627 seconds, Stopping threads took: 0.0004537 seconds
[2023-11-13T00:14:13.293+0000][243.026s][debug][safepoint     ] Safepoint synchronization initiated. (169 threads)
[2023-11-13T00:14:13.293+0000][243.026s][info ][safepoint     ] Application time: 5.0007865 seconds
[2023-11-13T00:14:13.294+0000][243.026s][info ][safepoint     ] Entering safepoint region: Cleanup
[2023-11-13T00:14:13.294+0000][243.026s][info ][safepoint     ] Leaving safepoint region
[2023-11-13T00:14:13.294+0000][243.026s][info ][safepoint     ] Total time for which application threads were stopped: 0.0006101 seconds, Stopping threads took: 0.0001073 seconds
[2023-11-13T00:14:27.321+0000][257.053s][debug][safepoint     ] Safepoint synchronization initiated. (169 threads)
[2023-11-13T00:14:27.321+0000][257.053s][info ][safepoint     ] Application time: 14.0269263 seconds
[2023-11-13T00:14:27.321+0000][257.053s][info ][safepoint     ] Entering safepoint region: Cleanup
[2023-11-13T00:14:27.322+0000][257.054s][info ][safepoint     ] Leaving safepoint region
[2023-11-13T00:14:27.322+0000][257.054s][info ][safepoint     ] Total time for which application threads were stopped: 0.0005276 seconds, Stopping threads took: 0.0001066 seconds
[2023-11-13T00:14:28.322+0000][258.054s][debug][safepoint     ] Safepoint synchronization initiated. (169 threads)
[2023-11-13T00:14:28.322+0000][258.054s][info ][safepoint     ] Application time: 1.0001826 seconds
[2023-11-13T00:14:28.322+0000][258.054s][info ][safepoint     ] Entering safepoint region: Cleanup
[2023-11-13T00:14:28.322+0000][258.054s][info ][safepoint     ] Leaving safepoint region
[2023-11-13T00:14:28.322+0000][258.055s][info ][safepoint     ] Total time for which application threads were stopped: 0.0003473 seconds, Stopping threads took: 0.0001038 seconds
[2023-11-13T00:14:41.324+0000][271.056s][debug][safepoint     ] Safepoint synchronization initiated. (169 threads)
[2023-11-13T00:14:41.324+0000][271.056s][info ][safepoint     ] Application time: 13.0014904 seconds
[2023-11-13T00:14:41.324+0000][271.056s][info ][safepoint     ] Entering safepoint region: Cleanup
[2023-11-13T00:14:41.324+0000][271.056s][info ][safepoint     ] Leaving safepoint region
[2023-11-13T00:14:41.324+0000][271.056s][info ][safepoint     ] Total time for which application threads were stopped: 0.0002837 seconds, Stopping threads took: 0.0000607 seconds
[2023-11-13T00:14:43.324+0000][273.057s][debug][safepoint     ] Safepoint synchronization initiated. (169 threads)
[2023-11-13T00:14:43.324+0000][273.057s][info ][safepoint     ] Application time: 2.0002678 seconds
[2023-11-13T00:14:43.324+0000][273.057s][info ][safepoint     ] Entering safepoint region: Cleanup
[2023-11-13T00:14:43.325+0000][273.057s][info ][safepoint     ] Leaving safepoint region
[2023-11-13T00:14:43.325+0000][273.057s][info ][safepoint     ] Total time for which application threads were stopped: 0.0003223 seconds, Stopping threads took: 0.0000627 seconds
[2023-11-13T00:15:00.326+0000][290.059s][debug][safepoint     ] Safepoint synchronization initiated. (168 threads)
[2023-11-13T00:15:00.326+0000][290.059s][info ][safepoint     ] Application time: 17.0017043 seconds
[2023-11-13T00:15:00.326+0000][290.059s][info ][safepoint     ] Entering safepoint region: Cleanup
[2023-11-13T00:15:00.327+0000][290.059s][info ][safepoint     ] Leaving safepoint region
[2023-11-13T00:15:00.327+0000][290.059s][info ][safepoint     ] Total time for which application threads were stopped: 0.0005499 seconds, Stopping threads took: 0.0000641 seconds
[2023-11-13T00:15:08.328+0000][298.060s][debug][safepoint     ] Safepoint synchronization initiated. (168 threads)
[2023-11-13T00:15:08.328+0000][298.060s][info ][safepoint     ] Application time: 8.0009970 seconds
[2023-11-13T00:15:08.328+0000][298.060s][info ][safepoint     ] Entering safepoint region: Cleanup
[2023-11-13T00:15:08.328+0000][298.061s][info ][safepoint     ] Leaving safepoint region
[2023-11-13T00:15:08.328+0000][298.061s][info ][safepoint     ] Total time for which application threads were stopped: 0.0004279 seconds, Stopping threads took: 0.0000589 seconds
[2023-11-13T00:15:19.330+0000][309.062s][debug][safepoint     ] Safepoint synchronization initiated. (168 threads)
[2023-11-13T00:15:19.330+0000][309.062s][info ][safepoint     ] Application time: 11.0014295 seconds
[2023-11-13T00:15:19.330+0000][309.062s][info ][safepoint     ] Entering safepoint region: Cleanup
[2023-11-13T00:15:19.330+0000][309.063s][info ][safepoint     ] Leaving safepoint region
[2023-11-13T00:15:19.331+0000][309.063s][info ][safepoint     ] Total time for which application threads were stopped: 0.0004700 seconds, Stopping threads took: 0.0001758 seconds
[2023-11-13T00:15:22.331+0000][312.063s][debug][safepoint     ] Safepoint synchronization initiated. (168 threads)
[2023-11-13T00:15:22.331+0000][312.064s][info ][safepoint     ] Application time: 3.0007303 seconds
[2023-11-13T00:15:22.332+0000][312.064s][info ][safepoint     ] Entering safepoint region: Cleanup
[2023-11-13T00:15:22.332+0000][312.064s][info ][safepoint     ] Leaving safepoint region
[2023-11-13T00:15:22.332+0000][312.064s][info ][safepoint     ] Total time for which application threads were stopped: 0.0005292 seconds, Stopping threads took: 0.0001824 seconds
[2023-11-13T00:15:38.334+0000][328.066s][debug][safepoint     ] Safepoint synchronization initiated. (168 threads)
[2023-11-13T00:15:38.335+0000][328.067s][info ][safepoint     ] Application time: 16.0025712 seconds
[2023-11-13T00:15:38.335+0000][328.067s][info ][safepoint     ] Entering safepoint region: Cleanup
[2023-11-13T00:15:38.336+0000][328.068s][info ][safepoint     ] Leaving safepoint region
[2023-11-13T00:15:38.336+0000][328.068s][info ][safepoint     ] Total time for which application threads were stopped: 0.0006407 seconds, Stopping threads took: 0.0001181 seconds
[2023-11-13T00:15:55.337+0000][345.070s][debug][safepoint     ] Safepoint synchronization initiated. (168 threads)
[2023-11-13T00:15:55.338+0000][345.070s][info ][safepoint     ] Application time: 17.0020704 seconds
[2023-11-13T00:15:55.338+0000][345.070s][info ][safepoint     ] Entering safepoint region: Cleanup
[2023-11-13T00:15:55.338+0000][345.071s][info ][safepoint     ] Leaving safepoint region
[2023-11-13T00:15:55.339+0000][345.071s][info ][safepoint     ] Total time for which application threads were stopped: 0.0007100 seconds, Stopping threads took: 0.0002626 seconds
[2023-11-13T00:16:00.339+0000][350.071s][debug][safepoint     ] Safepoint synchronization initiated. (167 threads)
[2023-11-13T00:16:00.339+0000][350.072s][info ][safepoint     ] Application time: 5.0008258 seconds
[2023-11-13T00:16:00.340+0000][350.072s][info ][safepoint     ] Entering safepoint region: Cleanup
[2023-11-13T00:16:00.340+0000][350.073s][info ][safepoint     ] Leaving safepoint region
[2023-11-13T00:16:00.341+0000][350.073s][info ][safepoint     ] Total time for which application threads were stopped: 0.0005557 seconds, Stopping threads took: 0.0001951 seconds
[2023-11-13T00:16:03.341+0000][353.073s][debug][safepoint     ] Safepoint synchronization initiated. (167 threads)
[2023-11-13T00:16:03.341+0000][353.073s][info ][safepoint     ] Application time: 3.0005356 seconds
[2023-11-13T00:16:03.341+0000][353.074s][info ][safepoint     ] Entering safepoint region: Cleanup
[2023-11-13T00:16:03.342+0000][353.074s][info ][safepoint     ] Leaving safepoint region
[2023-11-13T00:16:03.342+0000][353.074s][info ][safepoint     ] Total time for which application threads were stopped: 0.0005103 seconds, Stopping threads took: 0.0001718 seconds
[2023-11-13T00:16:08.343+0000][358.075s][debug][safepoint     ] Safepoint synchronization initiated. (167 threads)
[2023-11-13T00:16:08.344+0000][358.076s][info ][safepoint     ] Application time: 5.0015455 seconds
[2023-11-13T00:16:08.344+0000][358.076s][info ][safepoint     ] Entering safepoint region: Cleanup
[2023-11-13T00:16:08.345+0000][358.077s][info ][safepoint     ] Leaving safepoint region
[2023-11-13T00:16:08.345+0000][358.077s][info ][safepoint     ] Total time for which application threads were stopped: 0.0011910 seconds, Stopping threads took: 0.0003898 seconds
[2023-11-13T00:16:11.346+0000][361.078s][debug][safepoint     ] Safepoint synchronization initiated. (167 threads)
[2023-11-13T00:16:11.347+0000][361.079s][info ][safepoint     ] Application time: 3.0012123 seconds
[2023-11-13T00:16:11.347+0000][361.079s][info ][safepoint     ] Entering safepoint region: Cleanup
[2023-11-13T00:16:11.348+0000][361.080s][info ][safepoint     ] Leaving safepoint region
[2023-11-13T00:16:11.348+0000][361.080s][info ][safepoint     ] Total time for which application threads were stopped: 0.0007711 seconds, Stopping threads took: 0.0003340 seconds
[2023-11-13T00:16:31.350+0000][381.082s][debug][safepoint     ] Safepoint synchronization initiated. (167 threads)
[2023-11-13T00:16:31.350+0000][381.082s][info ][safepoint     ] Application time: 20.0022502 seconds
[2023-11-13T00:16:31.350+0000][381.082s][info ][safepoint     ] Entering safepoint region: Cleanup
[2023-11-13T00:16:31.350+0000][381.083s][info ][safepoint     ] Leaving safepoint region
[2023-11-13T00:16:31.350+0000][381.083s][info ][safepoint     ] Total time for which application threads were stopped: 0.0003598 seconds, Stopping threads took: 0.0000957 seconds
[2023-11-13T00:16:58.353+0000][408.085s][debug][safepoint     ] Safepoint synchronization initiated. (167 threads)
[2023-11-13T00:16:58.353+0000][408.086s][info ][safepoint     ] Application time: 27.0030247 seconds
[2023-11-13T00:16:58.353+0000][408.086s][info ][safepoint     ] Entering safepoint region: Cleanup
[2023-11-13T00:16:58.354+0000][408.086s][info ][safepoint     ] Leaving safepoint region
[2023-11-13T00:16:58.354+0000][408.086s][info ][safepoint     ] Total time for which application threads were stopped: 0.0003511 seconds, Stopping threads took: 0.0000713 seconds
[2023-11-13T00:17:00.354+0000][410.086s][debug][safepoint     ] Safepoint synchronization initiated. (168 threads)
[2023-11-13T00:17:00.354+0000][410.086s][info ][safepoint     ] Application time: 2.0003494 seconds
[2023-11-13T00:17:00.354+0000][410.086s][info ][safepoint     ] Entering safepoint region: Cleanup
[2023-11-13T00:17:00.354+0000][410.087s][info ][safepoint     ] Leaving safepoint region
[2023-11-13T00:17:00.354+0000][410.087s][info ][safepoint     ] Total time for which application threads were stopped: 0.0004226 seconds, Stopping threads took: 0.0000618 seconds
[2023-11-13T00:17:01.355+0000][411.087s][debug][safepoint     ] Safepoint synchronization initiated. (168 threads)
[2023-11-13T00:17:01.355+0000][411.088s][info ][safepoint     ] Application time: 1.0006912 seconds
[2023-11-13T00:17:01.356+0000][411.088s][info ][safepoint     ] Entering safepoint region: Cleanup
[2023-11-13T00:17:01.356+0000][411.089s][info ][safepoint     ] Leaving safepoint region
[2023-11-13T00:17:01.357+0000][411.089s][info ][safepoint     ] Total time for which application threads were stopped: 0.0007330 seconds, Stopping threads took: 0.0003106 seconds
[2023-11-13T00:17:03.357+0000][413.089s][debug][safepoint     ] Safepoint synchronization initiated. (168 threads)
[2023-11-13T00:17:03.357+0000][413.089s][info ][safepoint     ] Application time: 2.0004247 seconds
[2023-11-13T00:17:03.357+0000][413.089s][info ][safepoint     ] Entering safepoint region: Cleanup
[2023-11-13T00:17:03.358+0000][413.090s][info ][safepoint     ] Leaving safepoint region
[2023-11-13T00:17:03.358+0000][413.090s][info ][safepoint     ] Total time for which application threads were stopped: 0.0005953 seconds, Stopping threads took: 0.0001080 seconds
[2023-11-13T00:17:25.360+0000][435.092s][debug][safepoint     ] Safepoint synchronization initiated. (168 threads)
[2023-11-13T00:17:25.360+0000][435.092s][info ][safepoint     ] Application time: 22.0024373 seconds
[2023-11-13T00:17:25.360+0000][435.093s][info ][safepoint     ] Entering safepoint region: Cleanup
[2023-11-13T00:17:25.361+0000][435.093s][info ][safepoint     ] Leaving safepoint region
[2023-11-13T00:17:25.361+0000][435.093s][info ][safepoint     ] Total time for which application threads were stopped: 0.0005639 seconds, Stopping threads took: 0.0001112 seconds
[2023-11-13T00:17:30.361+0000][440.094s][debug][safepoint     ] Safepoint synchronization initiated. (168 threads)
[2023-11-13T00:17:30.361+0000][440.094s][info ][safepoint     ] Application time: 5.0006877 seconds
[2023-11-13T00:17:30.362+0000][440.094s][info ][safepoint     ] Entering safepoint region: Cleanup
[2023-11-13T00:17:30.362+0000][440.094s][info ][safepoint     ] Leaving safepoint region
[2023-11-13T00:17:30.362+0000][440.094s][info ][safepoint     ] Total time for which application threads were stopped: 0.0002986 seconds, Stopping threads took: 0.0000612 seconds
[2023-11-13T00:17:37.362+0000][447.095s][debug][safepoint     ] Safepoint synchronization initiated. (168 threads)
[2023-11-13T00:17:37.363+0000][447.095s][info ][safepoint     ] Application time: 7.0011659 seconds
[2023-11-13T00:17:37.363+0000][447.095s][info ][safepoint     ] Entering safepoint region: Cleanup
[2023-11-13T00:17:37.364+0000][447.096s][info ][safepoint     ] Leaving safepoint region
[2023-11-13T00:17:37.364+0000][447.096s][info ][safepoint     ] Total time for which application threads were stopped: 0.0005574 seconds, Stopping threads took: 0.0001830 seconds
[2023-11-13T00:17:46.365+0000][456.097s][debug][safepoint     ] Safepoint synchronization initiated. (168 threads)
[2023-11-13T00:17:46.366+0000][456.098s][info ][safepoint     ] Application time: 9.0019916 seconds
[2023-11-13T00:17:46.366+0000][456.098s][info ][safepoint     ] Entering safepoint region: Cleanup
[2023-11-13T00:17:46.367+0000][456.099s][info ][safepoint     ] Leaving safepoint region
[2023-11-13T00:17:46.367+0000][456.100s][info ][safepoint     ] Total time for which application threads were stopped: 0.0011990 seconds, Stopping threads took: 0.0003937 seconds
[2023-11-13T00:17:59.369+0000][469.101s][debug][safepoint     ] Safepoint synchronization initiated. (168 threads)
[2023-11-13T00:17:59.370+0000][469.102s][info ][safepoint     ] Application time: 13.0018843 seconds
[2023-11-13T00:17:59.370+0000][469.102s][debug][safepoint     ] ... found polling page return exception at pc = 0x00007f3798a75af6, stub =0x00007f3790841800
[2023-11-13T00:17:59.370+0000][469.103s][debug][safepoint     ] Waiting for 1 thread(s) to block
[2023-11-13T00:17:59.371+0000][469.103s][info ][safepoint     ] Entering safepoint region: Cleanup
[2023-11-13T00:17:59.371+0000][469.104s][info ][safepoint     ] Leaving safepoint region
[2023-11-13T00:17:59.372+0000][469.104s][info ][safepoint     ] Total time for which application threads were stopped: 0.0017126 seconds, Stopping threads took: 0.0011791 seconds
[2023-11-13T00:18:03.372+0000][473.104s][debug][safepoint     ] Safepoint synchronization initiated. (167 threads)
[2023-11-13T00:18:03.372+0000][473.104s][info ][safepoint     ] Application time: 4.0004701 seconds
[2023-11-13T00:18:03.372+0000][473.104s][info ][safepoint     ] Entering safepoint region: Cleanup
[2023-11-13T00:18:03.372+0000][473.105s][info ][safepoint     ] Leaving safepoint region
[2023-11-13T00:18:03.372+0000][473.105s][info ][safepoint     ] Total time for which application threads were stopped: 0.0003816 seconds, Stopping threads took: 0.0000577 seconds
[2023-11-13T00:18:09.373+0000][479.105s][debug][safepoint     ] Safepoint synchronization initiated. (167 threads)
[2023-11-13T00:18:09.373+0000][479.106s][info ][safepoint     ] Application time: 6.0007573 seconds
[2023-11-13T00:18:09.373+0000][479.106s][info ][safepoint     ] Entering safepoint region: Cleanup
[2023-11-13T00:18:09.374+0000][479.106s][info ][safepoint     ] Leaving safepoint region
[2023-11-13T00:18:09.374+0000][479.107s][info ][safepoint     ] Total time for which application threads were stopped: 0.0010774 seconds, Stopping threads took: 0.0001089 seconds
[2023-11-13T00:18:41.378+0000][511.111s][debug][safepoint     ] Safepoint synchronization initiated. (167 threads)
[2023-11-13T00:18:41.378+0000][511.111s][info ][safepoint     ] Application time: 32.0036617 seconds
[2023-11-13T00:18:41.379+0000][511.111s][info ][safepoint     ] Entering safepoint region: Cleanup
[2023-11-13T00:18:41.379+0000][511.111s][info ][safepoint     ] Leaving safepoint region
[2023-11-13T00:18:41.379+0000][511.111s][info ][safepoint     ] Total time for which application threads were stopped: 0.0005141 seconds, Stopping threads took: 0.0001066 seconds
[2023-11-13T00:18:46.380+0000][516.112s][debug][safepoint     ] Safepoint synchronization initiated. (167 threads)
[2023-11-13T00:18:46.380+0000][516.112s][info ][safepoint     ] Application time: 5.0006337 seconds
[2023-11-13T00:18:46.380+0000][516.112s][info ][safepoint     ] Entering safepoint region: Cleanup
[2023-11-13T00:18:46.380+0000][516.112s][info ][safepoint     ] Leaving safepoint region
[2023-11-13T00:18:46.380+0000][516.112s][info ][safepoint     ] Total time for which application threads were stopped: 0.0004674 seconds, Stopping threads took: 0.0000931 seconds
[2023-11-13T00:19:00.382+0000][530.114s][debug][safepoint     ] Safepoint synchronization initiated. (167 threads)
[2023-11-13T00:19:00.382+0000][530.114s][info ][safepoint     ] Application time: 14.0015250 seconds
[2023-11-13T00:19:00.382+0000][530.114s][info ][safepoint     ] Entering safepoint region: Cleanup
[2023-11-13T00:19:00.382+0000][530.115s][info ][safepoint     ] Leaving safepoint region
[2023-11-13T00:19:00.383+0000][530.115s][info ][safepoint     ] Total time for which application threads were stopped: 0.0010624 seconds, Stopping threads took: 0.0001058 seconds
[2023-11-13T00:19:03.383+0000][533.116s][debug][safepoint     ] Safepoint synchronization initiated. (167 threads)
[2023-11-13T00:19:03.384+0000][533.116s][info ][safepoint     ] Application time: 3.0005697 seconds
[2023-11-13T00:19:03.384+0000][533.116s][info ][safepoint     ] Entering safepoint region: Cleanup
[2023-11-13T00:19:03.384+0000][533.117s][info ][safepoint     ] Leaving safepoint region
[2023-11-13T00:19:03.384+0000][533.117s][info ][safepoint     ] Total time for which application threads were stopped: 0.0007095 seconds, Stopping threads took: 0.0003554 seconds
[2023-11-13T00:20:00.391+0000][590.123s][debug][safepoint     ] Safepoint synchronization initiated. (168 threads)
[2023-11-13T00:20:00.391+0000][590.123s][info ][safepoint     ] Application time: 57.0063749 seconds
[2023-11-13T00:20:00.391+0000][590.123s][info ][safepoint     ] Entering safepoint region: Cleanup
[2023-11-13T00:20:00.392+0000][590.124s][info ][safepoint     ] Leaving safepoint region
[2023-11-13T00:20:00.392+0000][590.124s][info ][safepoint     ] Total time for which application threads were stopped: 0.0006611 seconds, Stopping threads took: 0.0001353 seconds
[2023-11-13T00:20:00.392+0000][590.124s][debug][safepoint     ] ... found polling page return exception at pc = 0x00007f3798afd432, stub =0x00007f3790841800
[2023-11-13T00:20:01.392+0000][591.124s][debug][safepoint     ] Safepoint synchronization initiated. (168 threads)
[2023-11-13T00:20:01.392+0000][591.124s][info ][safepoint     ] Application time: 1.0001955 seconds
[2023-11-13T00:20:01.392+0000][591.124s][info ][safepoint     ] Entering safepoint region: Cleanup
[2023-11-13T00:20:01.392+0000][591.125s][info ][safepoint     ] Leaving safepoint region
[2023-11-13T00:20:01.392+0000][591.125s][info ][safepoint     ] Total time for which application threads were stopped: 0.0004541 seconds, Stopping threads took: 0.0000654 seconds
[2023-11-13T00:20:03.393+0000][593.125s][debug][safepoint     ] Safepoint synchronization initiated. (168 threads)
[2023-11-13T00:20:03.393+0000][593.126s][info ][safepoint     ] Application time: 2.0007361 seconds
[2023-11-13T00:20:03.394+0000][593.126s][info ][safepoint     ] Entering safepoint region: Cleanup
[2023-11-13T00:20:03.395+0000][593.127s][info ][safepoint     ] Leaving safepoint region
[2023-11-13T00:20:03.395+0000][593.127s][info ][safepoint     ] Total time for which application threads were stopped: 0.0013710 seconds, Stopping threads took: 0.0006450 seconds
[2023-11-13T00:20:06.396+0000][596.128s][debug][safepoint     ] Safepoint synchronization initiated. (168 threads)
[2023-11-13T00:20:06.396+0000][596.128s][info ][safepoint     ] Application time: 3.0005964 seconds
[2023-11-13T00:20:06.396+0000][596.128s][info ][safepoint     ] Entering safepoint region: Cleanup
[2023-11-13T00:20:06.397+0000][596.129s][info ][safepoint     ] Leaving safepoint region
[2023-11-13T00:20:06.397+0000][596.129s][info ][safepoint     ] Total time for which application threads were stopped: 0.0006224 seconds, Stopping threads took: 0.0002104 seconds
[2023-11-13T00:20:24.155+0000][613.887s][debug][safepoint     ] Safepoint synchronization initiated. (168 threads)
[2023-11-13T00:20:24.155+0000][613.888s][info ][safepoint     ] Application time: 17.7584390 seconds
[2023-11-13T00:20:24.155+0000][613.888s][info ][safepoint     ] Entering safepoint region: G1CollectForAllocation
[2023-11-13T00:20:24.156+0000][613.889s][info ][gc,start      ] GC(39) Pause Young (Normal) (G1 Evacuation Pause)
[2023-11-13T00:20:24.157+0000][613.889s][info ][gc,task       ] GC(39) Using 6 workers of 6 for evacuation
[2023-11-13T00:20:24.224+0000][613.957s][info ][gc,phases     ] GC(39)   Pre Evacuate Collection Set: 0.2ms
[2023-11-13T00:20:24.225+0000][613.957s][info ][gc,phases     ] GC(39)   Evacuate Collection Set: 60.3ms
[2023-11-13T00:20:24.225+0000][613.957s][info ][gc,phases     ] GC(39)   Post Evacuate Collection Set: 6.8ms
[2023-11-13T00:20:24.225+0000][613.957s][info ][gc,phases     ] GC(39)   Other: 0.7ms
[2023-11-13T00:20:24.225+0000][613.957s][info ][gc,heap       ] GC(39) Eden regions: 392->0(393)
[2023-11-13T00:20:24.225+0000][613.957s][info ][gc,heap       ] GC(39) Survivor regions: 25->24(53)
[2023-11-13T00:20:24.225+0000][613.957s][info ][gc,heap       ] GC(39) Old regions: 129->129
[2023-11-13T00:20:24.225+0000][613.957s][info ][gc,heap       ] GC(39) Humongous regions: 0->0
[2023-11-13T00:20:24.225+0000][613.957s][info ][gc,metaspace  ] GC(39) Metaspace: 158596K(163920K)->158596K(163920K) NonClass: 140079K(143316K)->140079K(143316K) Class: 18517K(20604K)->18517K(20604K)
[2023-11-13T00:20:24.225+0000][613.957s][info ][gc            ] GC(39) Pause Young (Normal) (G1 Evacuation Pause) 543M->150M(696M) 68.411ms
[2023-11-13T00:20:24.225+0000][613.957s][info ][gc,cpu        ] GC(39) User=0.21s Sys=0.00s Real=0.06s
[2023-11-13T00:20:24.225+0000][613.957s][info ][safepoint     ] Leaving safepoint region
[2023-11-13T00:20:24.225+0000][613.957s][info ][safepoint     ] Total time for which application threads were stopped: 0.0697601 seconds, Stopping threads took: 0.0001024 seconds
[2023-11-13T00:20:24.225+0000][613.958s][info ][gc,stringdedup] Concurrent String Deduplication (613.957s)
[2023-11-13T00:20:24.233+0000][613.966s][info ][gc,stringdedup] Concurrent String Deduplication 506.1K->228.3K(277.8K) avg 54.1% (613.957s, 613.965s) 7.988ms
[2023-11-13T00:20:25.225+0000][614.958s][debug][safepoint     ] Safepoint synchronization initiated. (168 threads)
[2023-11-13T00:20:25.225+0000][614.958s][info ][safepoint     ] Application time: 1.0003172 seconds
[2023-11-13T00:20:25.226+0000][614.958s][info ][safepoint     ] Entering safepoint region: Cleanup
[2023-11-13T00:20:25.226+0000][614.958s][info ][safepoint     ] Leaving safepoint region
[2023-11-13T00:20:25.226+0000][614.958s][info ][safepoint     ] Total time for which application threads were stopped: 0.0005731 seconds, Stopping threads took: 0.0001067 seconds
[2023-11-13T00:20:30.227+0000][619.959s][debug][safepoint     ] Safepoint synchronization initiated. (168 threads)
[2023-11-13T00:20:30.227+0000][619.959s][info ][safepoint     ] Application time: 5.0006396 seconds
[2023-11-13T00:20:30.227+0000][619.959s][info ][safepoint     ] Entering safepoint region: Cleanup
[2023-11-13T00:20:30.227+0000][619.959s][info ][safepoint     ] Leaving safepoint region
[2023-11-13T00:20:30.227+0000][619.959s][info ][safepoint     ] Total time for which application threads were stopped: 0.0002727 seconds, Stopping threads took: 0.0000767 seconds
[2023-11-13T00:20:37.228+0000][626.960s][debug][safepoint     ] Safepoint synchronization initiated. (168 threads)
[2023-11-13T00:20:37.228+0000][626.960s][info ][safepoint     ] Application time: 7.0008524 seconds
[2023-11-13T00:20:37.230+0000][626.962s][debug][safepoint     ] ... found polling page return exception at pc = 0x00007f3798a75af6, stub =0x00007f3790841800
[2023-11-13T00:20:37.230+0000][626.963s][debug][safepoint     ] Waiting for 1 thread(s) to block
[2023-11-13T00:20:37.231+0000][626.963s][info ][safepoint     ] Entering safepoint region: Cleanup
[2023-11-13T00:20:37.231+0000][626.963s][info ][safepoint     ] Leaving safepoint region
[2023-11-13T00:20:37.231+0000][626.963s][info ][safepoint     ] Total time for which application threads were stopped: 0.0028838 seconds, Stopping threads took: 0.0026573 seconds
[2023-11-13T00:20:40.231+0000][629.963s][debug][safepoint     ] Safepoint synchronization initiated. (168 threads)
[2023-11-13T00:20:40.231+0000][629.963s][info ][safepoint     ] Application time: 3.0003885 seconds
[2023-11-13T00:20:40.231+0000][629.964s][info ][safepoint     ] Entering safepoint region: Cleanup
[2023-11-13T00:20:40.232+0000][629.964s][info ][safepoint     ] Leaving safepoint region
[2023-11-13T00:20:40.232+0000][629.964s][info ][safepoint     ] Total time for which application threads were stopped: 0.0003583 seconds, Stopping threads took: 0.0001005 seconds
[2023-11-13T00:21:00.234+0000][649.966s][debug][safepoint     ] Safepoint synchronization initiated. (168 threads)
[2023-11-13T00:21:00.235+0000][649.968s][info ][safepoint     ] Application time: 20.0037845 seconds
[2023-11-13T00:21:00.235+0000][649.968s][info ][safepoint     ] Entering safepoint region: Cleanup
[2023-11-13T00:21:00.236+0000][649.968s][info ][safepoint     ] Leaving safepoint region
[2023-11-13T00:21:00.236+0000][649.968s][info ][safepoint     ] Total time for which application threads were stopped: 0.0005107 seconds, Stopping threads took: 0.0001070 seconds
[2023-11-13T00:21:03.236+0000][652.969s][debug][safepoint     ] Safepoint synchronization initiated. (168 threads)
[2023-11-13T00:21:03.236+0000][652.969s][info ][safepoint     ] Application time: 3.0003825 seconds
[2023-11-13T00:21:03.236+0000][652.969s][info ][safepoint     ] Entering safepoint region: Cleanup
[2023-11-13T00:21:03.237+0000][652.969s][info ][safepoint     ] Leaving safepoint region
[2023-11-13T00:21:03.237+0000][652.969s][info ][safepoint     ] Total time for which application threads were stopped: 0.0003998 seconds, Stopping threads took: 0.0000677 seconds
[2023-11-13T00:21:24.252+0000][673.984s][debug][safepoint     ] Safepoint synchronization initiated. (168 threads)
[2023-11-13T00:21:24.252+0000][673.984s][info ][safepoint     ] Application time: 21.0149158 seconds
[2023-11-13T00:21:24.252+0000][673.984s][info ][safepoint     ] Entering safepoint region: Cleanup
[2023-11-13T00:21:24.252+0000][673.984s][info ][safepoint     ] Leaving safepoint region
[2023-11-13T00:21:24.252+0000][673.984s][info ][safepoint     ] Total time for which application threads were stopped: 0.0003033 seconds, Stopping threads took: 0.0000648 seconds
[2023-11-13T00:21:25.252+0000][674.985s][debug][safepoint     ] Safepoint synchronization initiated. (168 threads)
[2023-11-13T00:21:25.252+0000][674.985s][info ][safepoint     ] Application time: 1.0001786 seconds
[2023-11-13T00:21:25.252+0000][674.985s][info ][safepoint     ] Entering safepoint region: Cleanup
[2023-11-13T00:21:25.253+0000][674.985s][info ][safepoint     ] Leaving safepoint region
[2023-11-13T00:21:25.253+0000][674.985s][info ][safepoint     ] Total time for which application threads were stopped: 0.0002948 seconds, Stopping threads took: 0.0000665 seconds
[2023-11-13T00:21:31.253+0000][680.985s][debug][safepoint     ] Safepoint synchronization initiated. (168 threads)
[2023-11-13T00:21:31.253+0000][680.986s][info ][safepoint     ] Application time: 6.0006234 seconds
[2023-11-13T00:21:31.253+0000][680.986s][info ][safepoint     ] Entering safepoint region: Cleanup
[2023-11-13T00:21:31.254+0000][680.986s][info ][safepoint     ] Leaving safepoint region
[2023-11-13T00:21:31.254+0000][680.986s][info ][safepoint     ] Total time for which application threads were stopped: 0.0003173 seconds, Stopping threads took: 0.0000691 seconds
[2023-11-13T00:21:46.255+0000][695.988s][debug][safepoint     ] Safepoint synchronization initiated. (168 threads)
[2023-11-13T00:21:46.255+0000][695.988s][info ][safepoint     ] Application time: 15.0017665 seconds
[2023-11-13T00:21:46.255+0000][695.988s][info ][safepoint     ] Entering safepoint region: Cleanup
[2023-11-13T00:21:46.256+0000][695.988s][info ][safepoint     ] Leaving safepoint region
[2023-11-13T00:21:46.256+0000][695.988s][info ][safepoint     ] Total time for which application threads were stopped: 0.0003080 seconds, Stopping threads took: 0.0000697 seconds
[2023-11-13T00:21:48.256+0000][697.988s][debug][safepoint     ] Safepoint synchronization initiated. (168 threads)
[2023-11-13T00:21:48.256+0000][697.988s][info ][safepoint     ] Application time: 2.0003399 seconds
[2023-11-13T00:21:48.256+0000][697.988s][info ][safepoint     ] Entering safepoint region: Cleanup
[2023-11-13T00:21:48.256+0000][697.989s][info ][safepoint     ] Leaving safepoint region
[2023-11-13T00:21:48.256+0000][697.989s][info ][safepoint     ] Total time for which application threads were stopped: 0.0002640 seconds, Stopping threads took: 0.0000614 seconds
[2023-11-13T00:21:56.264+0000][705.996s][debug][safepoint     ] Safepoint synchronization initiated. (168 threads)
[2023-11-13T00:21:56.264+0000][705.996s][info ][safepoint     ] Application time: 8.0077812 seconds
[2023-11-13T00:21:56.264+0000][705.996s][info ][safepoint     ] Entering safepoint region: Cleanup
[2023-11-13T00:21:56.264+0000][705.997s][info ][safepoint     ] Leaving safepoint region
[2023-11-13T00:21:56.264+0000][705.997s][info ][safepoint     ] Total time for which application threads were stopped: 0.0002867 seconds, Stopping threads took: 0.0000590 seconds
[2023-11-13T00:22:00.265+0000][709.997s][debug][safepoint     ] Safepoint synchronization initiated. (168 threads)
[2023-11-13T00:22:00.265+0000][709.997s][info ][safepoint     ] Application time: 4.0004477 seconds
[2023-11-13T00:22:00.265+0000][709.997s][info ][safepoint     ] Entering safepoint region: Cleanup
[2023-11-13T00:22:00.265+0000][709.997s][info ][safepoint     ] Leaving safepoint region
[2023-11-13T00:22:00.265+0000][709.998s][info ][safepoint     ] Total time for which application threads were stopped: 0.0003229 seconds, Stopping threads took: 0.0000693 seconds
[2023-11-13T00:22:03.266+0000][712.998s][debug][safepoint     ] Safepoint synchronization initiated. (168 threads)
[2023-11-13T00:22:03.267+0000][712.999s][info ][safepoint     ] Application time: 3.0012514 seconds
[2023-11-13T00:22:03.267+0000][712.999s][info ][safepoint     ] Entering safepoint region: Cleanup
[2023-11-13T00:22:03.268+0000][713.000s][info ][safepoint     ] Leaving safepoint region
[2023-11-13T00:22:03.268+0000][713.000s][info ][safepoint     ] Total time for which application threads were stopped: 0.0011157 seconds, Stopping threads took: 0.0003588 seconds
[2023-11-13T00:22:08.269+0000][718.001s][debug][safepoint     ] Safepoint synchronization initiated. (168 threads)
[2023-11-13T00:22:08.269+0000][718.002s][info ][safepoint     ] Application time: 5.0010541 seconds
[2023-11-13T00:22:08.269+0000][718.002s][info ][safepoint     ] Entering safepoint region: Cleanup
[2023-11-13T00:22:08.270+0000][718.002s][info ][safepoint     ] Leaving safepoint region
[2023-11-13T00:22:08.270+0000][718.002s][info ][safepoint     ] Total time for which application threads were stopped: 0.0004641 seconds, Stopping threads took: 0.0000685 seconds
[2023-11-13T00:22:10.270+0000][720.002s][debug][safepoint     ] Safepoint synchronization initiated. (168 threads)
[2023-11-13T00:22:10.270+0000][720.002s][info ][safepoint     ] Application time: 2.0003768 seconds
[2023-11-13T00:22:10.270+0000][720.003s][info ][safepoint     ] Entering safepoint region: Cleanup
[2023-11-13T00:22:10.271+0000][720.003s][info ][safepoint     ] Leaving safepoint region
[2023-11-13T00:22:10.271+0000][720.003s][info ][safepoint     ] Total time for which application threads were stopped: 0.0006021 seconds, Stopping threads took: 0.0001112 seconds
[2023-11-13T00:23:00.276+0000][770.008s][debug][safepoint     ] Safepoint synchronization initiated. (168 threads)
[2023-11-13T00:23:00.276+0000][770.008s][info ][safepoint     ] Application time: 50.0052749 seconds
[2023-11-13T00:23:00.276+0000][770.008s][info ][safepoint     ] Entering safepoint region: Cleanup
[2023-11-13T00:23:00.277+0000][770.009s][info ][safepoint     ] Leaving safepoint region
[2023-11-13T00:23:00.277+0000][770.009s][info ][safepoint     ] Total time for which application threads were stopped: 0.0004905 seconds, Stopping threads took: 0.0000763 seconds
[2023-11-13T00:23:03.277+0000][773.009s][debug][safepoint     ] Safepoint synchronization initiated. (168 threads)
[2023-11-13T00:23:03.278+0000][773.010s][info ][safepoint     ] Application time: 3.0007362 seconds
[2023-11-13T00:23:03.278+0000][773.010s][info ][safepoint     ] Entering safepoint region: Cleanup
[2023-11-13T00:23:03.279+0000][773.011s][info ][safepoint     ] Leaving safepoint region
[2023-11-13T00:23:03.279+0000][773.011s][info ][safepoint     ] Total time for which application threads were stopped: 0.0010008 seconds, Stopping threads took: 0.0003768 seconds
[2023-11-13T00:23:23.281+0000][793.013s][debug][safepoint     ] Safepoint synchronization initiated. (168 threads)
[2023-11-13T00:23:23.282+0000][793.014s][info ][safepoint     ] Application time: 20.0025717 seconds
[2023-11-13T00:23:23.282+0000][793.014s][info ][safepoint     ] Entering safepoint region: Cleanup
[2023-11-13T00:23:23.282+0000][793.014s][info ][safepoint     ] Leaving safepoint region
[2023-11-13T00:23:23.282+0000][793.015s][info ][safepoint     ] Total time for which application threads were stopped: 0.0005836 seconds, Stopping threads took: 0.0002167 seconds
[2023-11-13T00:23:27.283+0000][797.015s][debug][safepoint     ] Safepoint synchronization initiated. (168 threads)
[2023-11-13T00:23:27.283+0000][797.016s][info ][safepoint     ] Application time: 4.0008338 seconds
[2023-11-13T00:23:27.283+0000][797.016s][info ][safepoint     ] Entering safepoint region: Cleanup
[2023-11-13T00:23:27.284+0000][797.016s][info ][safepoint     ] Leaving safepoint region
[2023-11-13T00:23:27.284+0000][797.016s][info ][safepoint     ] Total time for which application threads were stopped: 0.0005526 seconds, Stopping threads took: 0.0001669 seconds
[2023-11-13T00:23:37.285+0000][807.018s][debug][safepoint     ] Safepoint synchronization initiated. (168 threads)
[2023-11-13T00:23:37.286+0000][807.018s][info ][safepoint     ] Application time: 10.0016289 seconds
[2023-11-13T00:23:37.286+0000][807.018s][info ][safepoint     ] Entering safepoint region: Cleanup
[2023-11-13T00:23:37.286+0000][807.019s][info ][safepoint     ] Leaving safepoint region
[2023-11-13T00:23:37.286+0000][807.019s][info ][safepoint     ] Total time for which application threads were stopped: 0.0005676 seconds, Stopping threads took: 0.0002223 seconds
[2023-11-13T00:23:38.287+0000][808.019s][debug][safepoint     ] Safepoint synchronization initiated. (168 threads)
[2023-11-13T00:23:38.287+0000][808.019s][info ][safepoint     ] Application time: 1.0002216 seconds
[2023-11-13T00:23:38.287+0000][808.019s][info ][safepoint     ] Entering safepoint region: Cleanup
[2023-11-13T00:23:38.287+0000][808.020s][info ][safepoint     ] Leaving safepoint region
[2023-11-13T00:23:38.287+0000][808.020s][info ][safepoint     ] Total time for which application threads were stopped: 0.0005310 seconds, Stopping threads took: 0.0000906 seconds
[2023-11-13T00:24:00.290+0000][830.022s][debug][safepoint     ] Safepoint synchronization initiated. (168 threads)
[2023-11-13T00:24:00.290+0000][830.023s][info ][safepoint     ] Application time: 22.0030024 seconds
[2023-11-13T00:24:00.291+0000][830.023s][info ][safepoint     ] Entering safepoint region: Cleanup
[2023-11-13T00:24:00.292+0000][830.024s][info ][safepoint     ] Leaving safepoint region
[2023-11-13T00:24:00.292+0000][830.024s][info ][safepoint     ] Total time for which application threads were stopped: 0.0013207 seconds, Stopping threads took: 0.0003611 seconds
[2023-11-13T00:24:03.293+0000][833.025s][debug][safepoint     ] Safepoint synchronization initiated. (168 threads)
[2023-11-13T00:24:03.293+0000][833.025s][info ][safepoint     ] Application time: 3.0005656 seconds
[2023-11-13T00:24:03.293+0000][833.025s][info ][safepoint     ] Entering safepoint region: Cleanup
[2023-11-13T00:24:03.294+0000][833.026s][info ][safepoint     ] Leaving safepoint region
[2023-11-13T00:24:03.294+0000][833.026s][info ][safepoint     ] Total time for which application threads were stopped: 0.0007539 seconds, Stopping threads took: 0.0002055 seconds
[2023-11-13T00:24:31.297+0000][861.029s][debug][safepoint     ] Safepoint synchronization initiated. (168 threads)
[2023-11-13T00:24:31.297+0000][861.029s][info ][safepoint     ] Application time: 28.0029689 seconds
[2023-11-13T00:24:31.297+0000][861.029s][info ][safepoint     ] Entering safepoint region: Cleanup
[2023-11-13T00:24:31.298+0000][861.030s][info ][safepoint     ] Leaving safepoint region
[2023-11-13T00:24:31.298+0000][861.030s][info ][safepoint     ] Total time for which application threads were stopped: 0.0007372 seconds, Stopping threads took: 0.0001823 seconds
[2023-11-13T00:25:00.301+0000][890.033s][debug][safepoint     ] Safepoint synchronization initiated. (168 threads)
[2023-11-13T00:25:00.301+0000][890.033s][info ][safepoint     ] Application time: 29.0032573 seconds
[2023-11-13T00:25:00.301+0000][890.033s][info ][safepoint     ] Entering safepoint region: Cleanup
[2023-11-13T00:25:00.302+0000][890.034s][info ][safepoint     ] Leaving safepoint region
[2023-11-13T00:25:00.302+0000][890.034s][info ][safepoint     ] Total time for which application threads were stopped: 0.0004711 seconds, Stopping threads took: 0.0000780 seconds
[2023-11-13T00:25:03.302+0000][893.034s][debug][safepoint     ] Safepoint synchronization initiated. (168 threads)
[2023-11-13T00:25:03.302+0000][893.035s][info ][safepoint     ] Application time: 3.0006115 seconds
[2023-11-13T00:25:03.302+0000][893.035s][info ][safepoint     ] Entering safepoint region: Cleanup
[2023-11-13T00:25:03.303+0000][893.035s][info ][safepoint     ] Leaving safepoint region
[2023-11-13T00:25:03.303+0000][893.036s][info ][safepoint     ] Total time for which application threads were stopped: 0.0010602 seconds, Stopping threads took: 0.0001048 seconds
[2023-11-13T00:26:00.310+0000][950.042s][debug][safepoint     ] Safepoint synchronization initiated. (168 threads)
[2023-11-13T00:26:00.310+0000][950.042s][info ][safepoint     ] Application time: 57.0059597 seconds
[2023-11-13T00:26:00.310+0000][950.042s][info ][safepoint     ] Entering safepoint region: Cleanup
[2023-11-13T00:26:00.310+0000][950.043s][info ][safepoint     ] Leaving safepoint region
[2023-11-13T00:26:00.310+0000][950.043s][info ][safepoint     ] Total time for which application threads were stopped: 0.0006481 seconds, Stopping threads took: 0.0000762 seconds
[2023-11-13T00:26:03.311+0000][953.043s][debug][safepoint     ] Safepoint synchronization initiated. (168 threads)
[2023-11-13T00:26:03.311+0000][953.043s][info ][safepoint     ] Application time: 3.0008850 seconds
[2023-11-13T00:26:03.311+0000][953.044s][info ][safepoint     ] Entering safepoint region: Cleanup
[2023-11-13T00:26:03.312+0000][953.044s][info ][safepoint     ] Leaving safepoint region
[2023-11-13T00:26:03.312+0000][953.044s][info ][safepoint     ] Total time for which application threads were stopped: 0.0006747 seconds, Stopping threads took: 0.0001978 seconds
[2023-11-13T00:26:07.313+0000][957.045s][debug][safepoint     ] Safepoint synchronization initiated. (168 threads)
[2023-11-13T00:26:07.313+0000][957.046s][info ][safepoint     ] Application time: 4.0013408 seconds
[2023-11-13T00:26:07.314+0000][957.046s][info ][safepoint     ] Entering safepoint region: Cleanup
[2023-11-13T00:26:07.315+0000][957.047s][info ][safepoint     ] Leaving safepoint region
[2023-11-13T00:26:07.315+0000][957.047s][info ][safepoint     ] Total time for which application threads were stopped: 0.0011380 seconds, Stopping threads took: 0.0004090 seconds
[2023-11-13T00:26:08.315+0000][958.048s][debug][safepoint     ] Safepoint synchronization initiated. (168 threads)
[2023-11-13T00:26:08.316+0000][958.049s][info ][safepoint     ] Application time: 1.0009685 seconds
[2023-11-13T00:26:08.317+0000][958.049s][info ][safepoint     ] Entering safepoint region: Cleanup
[2023-11-13T00:26:08.317+0000][958.050s][info ][safepoint     ] Leaving safepoint region
[2023-11-13T00:26:08.318+0000][958.050s][info ][safepoint     ] Total time for which application threads were stopped: 0.0013103 seconds, Stopping threads took: 0.0004037 seconds
[2023-11-13T00:26:15.319+0000][965.051s][debug][safepoint     ] Safepoint synchronization initiated. (168 threads)
[2023-11-13T00:26:15.320+0000][965.052s][info ][safepoint     ] Application time: 7.0013015 seconds
[2023-11-13T00:26:15.320+0000][965.052s][info ][safepoint     ] Entering safepoint region: Cleanup
[2023-11-13T00:26:15.320+0000][965.052s][info ][safepoint     ] Leaving safepoint region
[2023-11-13T00:26:15.320+0000][965.053s][info ][safepoint     ] Total time for which application threads were stopped: 0.0005585 seconds, Stopping threads took: 0.0001807 seconds
[2023-11-13T00:26:51.324+0000][1001.056s][debug][safepoint     ] Safepoint synchronization initiated. (168 threads)
[2023-11-13T00:26:51.325+0000][1001.057s][info ][safepoint     ] Application time: 36.0041833 seconds
[2023-11-13T00:26:51.325+0000][1001.057s][debug][safepoint     ] Waiting for 1 thread(s) to block
[2023-11-13T00:26:51.325+0000][1001.057s][info ][safepoint     ] Entering safepoint region: Cleanup
[2023-11-13T00:26:51.325+0000][1001.058s][info ][safepoint     ] Leaving safepoint region
[2023-11-13T00:26:51.325+0000][1001.058s][info ][safepoint     ] Total time for which application threads were stopped: 0.0007591 seconds, Stopping threads took: 0.0003703 seconds
[2023-11-13T00:27:00.326+0000][1010.059s][debug][safepoint     ] Safepoint synchronization initiated. (168 threads)
[2023-11-13T00:27:00.327+0000][1010.059s][info ][safepoint     ] Application time: 9.0009468 seconds
[2023-11-13T00:27:00.327+0000][1010.059s][info ][safepoint     ] Entering safepoint region: Cleanup
[2023-11-13T00:27:00.327+0000][1010.059s][info ][safepoint     ] Leaving safepoint region
[2023-11-13T00:27:00.327+0000][1010.059s][info ][safepoint     ] Total time for which application threads were stopped: 0.0004532 seconds, Stopping threads took: 0.0000677 seconds
[2023-11-13T00:27:03.327+0000][1013.060s][debug][safepoint     ] Safepoint synchronization initiated. (168 threads)
[2023-11-13T00:27:03.328+0000][1013.061s][info ][safepoint     ] Application time: 3.0013042 seconds
[2023-11-13T00:27:03.329+0000][1013.061s][info ][safepoint     ] Entering safepoint region: Cleanup
[2023-11-13T00:27:03.330+0000][1013.062s][info ][safepoint     ] Leaving safepoint region
[2023-11-13T00:27:03.330+0000][1013.062s][info ][safepoint     ] Total time for which application threads were stopped: 0.0012968 seconds, Stopping threads took: 0.0003736 seconds
[2023-11-13T00:27:20.332+0000][1030.064s][debug][safepoint     ] Safepoint synchronization initiated. (168 threads)
[2023-11-13T00:27:20.332+0000][1030.065s][info ][safepoint     ] Application time: 17.0019908 seconds
[2023-11-13T00:27:20.332+0000][1030.065s][info ][safepoint     ] Entering safepoint region: Cleanup
[2023-11-13T00:27:20.333+0000][1030.065s][info ][safepoint     ] Leaving safepoint region
[2023-11-13T00:27:20.333+0000][1030.066s][info ][safepoint     ] Total time for which application threads were stopped: 0.0011747 seconds, Stopping threads took: 0.0001112 seconds
[2023-11-13T00:27:42.336+0000][1052.069s][debug][safepoint     ] Safepoint synchronization initiated. (168 threads)
[2023-11-13T00:27:42.336+0000][1052.069s][info ][safepoint     ] Application time: 22.0026253 seconds
[2023-11-13T00:27:42.337+0000][1052.069s][info ][safepoint     ] Entering safepoint region: Cleanup
[2023-11-13T00:27:42.338+0000][1052.070s][info ][safepoint     ] Leaving safepoint region
[2023-11-13T00:27:42.338+0000][1052.070s][info ][safepoint     ] Total time for which application threads were stopped: 0.0014026 seconds, Stopping threads took: 0.0001031 seconds
[2023-11-13T00:27:46.831+0000][1056.563s][debug][safepoint     ] Safepoint synchronization initiated. (168 threads)
[2023-11-13T00:27:46.831+0000][1056.563s][info ][safepoint     ] Application time: 4.4929544 seconds
[2023-11-13T00:27:46.831+0000][1056.563s][info ][safepoint     ] Entering safepoint region: G1CollectForAllocation
[2023-11-13T00:27:46.831+0000][1056.564s][info ][gc,start      ] GC(40) Pause Young (Normal) (G1 Evacuation Pause)
[2023-11-13T00:27:46.831+0000][1056.564s][info ][gc,task       ] GC(40) Using 6 workers of 6 for evacuation
[2023-11-13T00:27:46.879+0000][1056.612s][info ][gc,phases     ] GC(40)   Pre Evacuate Collection Set: 0.1ms
[2023-11-13T00:27:46.880+0000][1056.612s][info ][gc,phases     ] GC(40)   Evacuate Collection Set: 34.2ms
[2023-11-13T00:27:46.880+0000][1056.612s][info ][gc,phases     ] GC(40)   Post Evacuate Collection Set: 13.2ms
[2023-11-13T00:27:46.880+0000][1056.613s][info ][gc,phases     ] GC(40)   Other: 0.5ms
[2023-11-13T00:27:46.881+0000][1056.613s][info ][gc,heap       ] GC(40) Eden regions: 393->0(393)
[2023-11-13T00:27:46.881+0000][1056.613s][info ][gc,heap       ] GC(40) Survivor regions: 24->24(53)
[2023-11-13T00:27:46.881+0000][1056.613s][info ][gc,heap       ] GC(40) Old regions: 129->129
[2023-11-13T00:27:46.881+0000][1056.614s][info ][gc,heap       ] GC(40) Humongous regions: 0->0
[2023-11-13T00:27:46.882+0000][1056.614s][info ][gc,metaspace  ] GC(40) Metaspace: 158835K(164176K)->158835K(164176K) NonClass: 140313K(143572K)->140313K(143572K) Class: 18521K(20604K)->18521K(20604K)
[2023-11-13T00:27:46.882+0000][1056.615s][info ][gc            ] GC(40) Pause Young (Normal) (G1 Evacuation Pause) 543M->150M(696M) 50.836ms
[2023-11-13T00:27:46.883+0000][1056.615s][info ][gc,cpu        ] GC(40) User=0.14s Sys=0.00s Real=0.05s
[2023-11-13T00:27:46.883+0000][1056.615s][info ][safepoint     ] Leaving safepoint region
[2023-11-13T00:27:46.883+0000][1056.615s][info ][safepoint     ] Total time for which application threads were stopped: 0.0523214 seconds, Stopping threads took: 0.0000807 seconds
[2023-11-13T00:27:46.884+0000][1056.616s][info ][gc,stringdedup] Concurrent String Deduplication (1056.616s)
[2023-11-13T00:27:46.894+0000][1056.626s][info ][gc,stringdedup] Concurrent String Deduplication 527.4K->308.1K(219.3K) avg 53.8% (1056.616s, 1056.626s) 10.370ms
[2023-11-13T00:27:59.885+0000][1069.617s][debug][safepoint     ] Safepoint synchronization initiated. (167 threads)
[2023-11-13T00:27:59.885+0000][1069.617s][info ][safepoint     ] Application time: 13.0014248 seconds
[2023-11-13T00:27:59.885+0000][1069.617s][info ][safepoint     ] Entering safepoint region: Cleanup
[2023-11-13T00:27:59.885+0000][1069.617s][info ][safepoint     ] Leaving safepoint region
[2023-11-13T00:27:59.885+0000][1069.618s][info ][safepoint     ] Total time for which application threads were stopped: 0.0002604 seconds, Stopping threads took: 0.0000734 seconds
[2023-11-13T00:28:00.885+0000][1070.618s][debug][safepoint     ] Safepoint synchronization initiated. (167 threads)
[2023-11-13T00:28:00.885+0000][1070.618s][info ][safepoint     ] Application time: 1.0002284 seconds
[2023-11-13T00:28:00.886+0000][1070.618s][info ][safepoint     ] Entering safepoint region: Cleanup
[2023-11-13T00:28:00.886+0000][1070.618s][info ][safepoint     ] Leaving safepoint region
[2023-11-13T00:28:00.886+0000][1070.618s][info ][safepoint     ] Total time for which application threads were stopped: 0.0005644 seconds, Stopping threads took: 0.0001098 seconds
[2023-11-13T00:28:02.886+0000][1072.619s][debug][safepoint     ] Safepoint synchronization initiated. (167 threads)
[2023-11-13T00:28:02.886+0000][1072.619s][info ][safepoint     ] Application time: 2.0003185 seconds
[2023-11-13T00:28:02.887+0000][1072.619s][info ][safepoint     ] Entering safepoint region: Cleanup
[2023-11-13T00:28:02.887+0000][1072.619s][info ][safepoint     ] Leaving safepoint region
[2023-11-13T00:28:02.887+0000][1072.619s][info ][safepoint     ] Total time for which application threads were stopped: 0.0002600 seconds, Stopping threads took: 0.0000664 seconds
[2023-11-13T00:28:03.888+0000][1073.620s][debug][safepoint     ] Safepoint synchronization initiated. (167 threads)
[2023-11-13T00:28:03.888+0000][1073.620s][info ][safepoint     ] Application time: 1.0011600 seconds
[2023-11-13T00:28:03.888+0000][1073.620s][info ][safepoint     ] Entering safepoint region: Cleanup
[2023-11-13T00:28:03.888+0000][1073.620s][info ][safepoint     ] Leaving safepoint region
[2023-11-13T00:28:03.888+0000][1073.620s][info ][safepoint     ] Total time for which application threads were stopped: 0.0002621 seconds, Stopping threads took: 0.0000672 seconds
[2023-11-13T00:28:26.891+0000][1096.623s][debug][safepoint     ] Safepoint synchronization initiated. (167 threads)
[2023-11-13T00:28:26.892+0000][1096.624s][info ][safepoint     ] Application time: 23.0035622 seconds
[2023-11-13T00:28:26.892+0000][1096.624s][info ][safepoint     ] Entering safepoint region: Cleanup
[2023-11-13T00:28:26.893+0000][1096.625s][info ][safepoint     ] Leaving safepoint region
[2023-11-13T00:28:26.893+0000][1096.625s][info ][safepoint     ] Total time for which application threads were stopped: 0.0010181 seconds, Stopping threads took: 0.0003721 seconds
[2023-11-13T00:28:46.896+0000][1116.628s][debug][safepoint     ] Safepoint synchronization initiated. (167 threads)
[2023-11-13T00:28:46.897+0000][1116.629s][info ][safepoint     ] Application time: 20.0030826 seconds
[2023-11-13T00:28:46.897+0000][1116.629s][info ][safepoint     ] Entering safepoint region: Cleanup
[2023-11-13T00:28:46.897+0000][1116.629s][info ][safepoint     ] Leaving safepoint region
[2023-11-13T00:28:46.897+0000][1116.629s][info ][safepoint     ] Total time for which application threads were stopped: 0.0005529 seconds, Stopping threads took: 0.0002150 seconds
[2023-11-13T00:29:00.899+0000][1130.631s][debug][safepoint     ] Safepoint synchronization initiated. (168 threads)
[2023-11-13T00:29:00.899+0000][1130.632s][info ][safepoint     ] Application time: 14.0020731 seconds
[2023-11-13T00:29:00.900+0000][1130.632s][info ][safepoint     ] Entering safepoint region: Cleanup
[2023-11-13T00:29:00.900+0000][1130.632s][info ][safepoint     ] Leaving safepoint region
[2023-11-13T00:29:00.900+0000][1130.632s][info ][safepoint     ] Total time for which application threads were stopped: 0.0004812 seconds, Stopping threads took: 0.0001882 seconds
[2023-11-13T00:29:06.901+0000][1136.633s][debug][safepoint     ] Safepoint synchronization initiated. (168 threads)
[2023-11-13T00:29:06.902+0000][1136.634s][info ][safepoint     ] Application time: 6.0018688 seconds
[2023-11-13T00:29:06.902+0000][1136.635s][info ][safepoint     ] Entering safepoint region: Cleanup
[2023-11-13T00:29:06.903+0000][1136.635s][info ][safepoint     ] Leaving safepoint region
[2023-11-13T00:29:06.903+0000][1136.636s][info ][safepoint     ] Total time for which application threads were stopped: 0.0010236 seconds, Stopping threads took: 0.0003783 seconds
[2023-11-13T00:29:26.906+0000][1156.638s][debug][safepoint     ] Safepoint synchronization initiated. (168 threads)
[2023-11-13T00:29:26.907+0000][1156.639s][info ][safepoint     ] Application time: 20.0030243 seconds
[2023-11-13T00:29:26.907+0000][1156.639s][info ][safepoint     ] Entering safepoint region: Cleanup
[2023-11-13T00:29:26.908+0000][1156.640s][info ][safepoint     ] Leaving safepoint region
[2023-11-13T00:29:26.908+0000][1156.640s][info ][safepoint     ] Total time for which application threads were stopped: 0.0010761 seconds, Stopping threads took: 0.0003758 seconds
[2023-11-13T00:29:51.911+0000][1181.643s][debug][safepoint     ] Safepoint synchronization initiated. (168 threads)
[2023-11-13T00:29:51.911+0000][1181.643s][info ][safepoint     ] Application time: 25.0027823 seconds
[2023-11-13T00:29:51.911+0000][1181.643s][info ][safepoint     ] Entering safepoint region: Cleanup
[2023-11-13T00:29:51.911+0000][1181.644s][info ][safepoint     ] Leaving safepoint region
[2023-11-13T00:29:51.911+0000][1181.644s][info ][safepoint     ] Total time for which application threads were stopped: 0.0002828 seconds, Stopping threads took: 0.0000829 seconds
[2023-11-13T00:30:00.912+0000][1190.645s][debug][safepoint     ] Safepoint synchronization initiated. (168 threads)
[2023-11-13T00:30:00.913+0000][1190.646s][info ][safepoint     ] Application time: 9.0018969 seconds
[2023-11-13T00:30:00.914+0000][1190.646s][info ][safepoint     ] Entering safepoint region: Cleanup
[2023-11-13T00:30:00.915+0000][1190.647s][info ][safepoint     ] Leaving safepoint region
[2023-11-13T00:30:00.915+0000][1190.647s][info ][safepoint     ] Total time for which application threads were stopped: 0.0011037 seconds, Stopping threads took: 0.0004041 seconds
[2023-11-13T00:30:01.916+0000][1191.648s][debug][safepoint     ] Safepoint synchronization initiated. (168 threads)
[2023-11-13T00:30:01.916+0000][1191.648s][info ][safepoint     ] Application time: 1.0006138 seconds
[2023-11-13T00:30:01.916+0000][1191.649s][info ][safepoint     ] Entering safepoint region: Cleanup
[2023-11-13T00:30:01.917+0000][1191.649s][info ][safepoint     ] Leaving safepoint region
[2023-11-13T00:30:01.917+0000][1191.649s][info ][safepoint     ] Total time for which application threads were stopped: 0.0004734 seconds, Stopping threads took: 0.0001771 seconds
[2023-11-13T00:30:02.917+0000][1192.649s][debug][safepoint     ] Safepoint synchronization initiated. (168 threads)
[2023-11-13T00:30:02.917+0000][1192.650s][info ][safepoint     ] Application time: 1.0005458 seconds
[2023-11-13T00:30:02.918+0000][1192.650s][info ][safepoint     ] Entering safepoint region: Cleanup
[2023-11-13T00:30:02.918+0000][1192.650s][info ][safepoint     ] Leaving safepoint region
[2023-11-13T00:30:02.918+0000][1192.650s][info ][safepoint     ] Total time for which application threads were stopped: 0.0005381 seconds, Stopping threads took: 0.0001726 seconds
[2023-11-13T00:30:46.922+0000][1236.655s][debug][safepoint     ] Safepoint synchronization initiated. (168 threads)
[2023-11-13T00:30:46.923+0000][1236.655s][info ][safepoint     ] Application time: 44.0044164 seconds
[2023-11-13T00:30:46.923+0000][1236.655s][info ][safepoint     ] Entering safepoint region: Cleanup
[2023-11-13T00:30:46.923+0000][1236.655s][info ][safepoint     ] Leaving safepoint region
[2023-11-13T00:30:46.923+0000][1236.655s][info ][safepoint     ] Total time for which application threads were stopped: 0.0003990 seconds, Stopping threads took: 0.0000820 seconds
[2023-11-13T00:31:16.926+0000][1266.659s][debug][safepoint     ] Safepoint synchronization initiated. (168 threads)
[2023-11-13T00:31:16.926+0000][1266.659s][info ][safepoint     ] Application time: 30.0033290 seconds
[2023-11-13T00:31:16.927+0000][1266.659s][info ][safepoint     ] Entering safepoint region: Cleanup
[2023-11-13T00:31:16.927+0000][1266.660s][info ][safepoint     ] Leaving safepoint region
[2023-11-13T00:31:16.927+0000][1266.660s][info ][safepoint     ] Total time for which application threads were stopped: 0.0008318 seconds, Stopping threads took: 0.0000830 seconds
[2023-11-13T00:31:57.932+0000][1307.664s][debug][safepoint     ] Safepoint synchronization initiated. (168 threads)
[2023-11-13T00:31:57.932+0000][1307.664s][info ][safepoint     ] Application time: 41.0045605 seconds
[2023-11-13T00:31:57.932+0000][1307.664s][info ][safepoint     ] Entering safepoint region: Cleanup
[2023-11-13T00:31:57.933+0000][1307.665s][info ][safepoint     ] Leaving safepoint region
[2023-11-13T00:31:57.933+0000][1307.665s][info ][safepoint     ] Total time for which application threads were stopped: 0.0011267 seconds, Stopping threads took: 0.0001052 seconds
[2023-11-13T00:32:00.933+0000][1310.666s][debug][safepoint     ] Safepoint synchronization initiated. (168 threads)
[2023-11-13T00:32:00.934+0000][1310.666s][info ][safepoint     ] Application time: 3.0004486 seconds
[2023-11-13T00:32:00.934+0000][1310.666s][info ][safepoint     ] Entering safepoint region: Cleanup
[2023-11-13T00:32:00.934+0000][1310.667s][info ][safepoint     ] Leaving safepoint region
[2023-11-13T00:32:00.935+0000][1310.667s][info ][safepoint     ] Total time for which application threads were stopped: 0.0009228 seconds, Stopping threads took: 0.0000953 seconds
[2023-11-13T00:32:07.935+0000][1317.668s][debug][safepoint     ] Safepoint synchronization initiated. (168 threads)
[2023-11-13T00:32:07.935+0000][1317.668s][info ][safepoint     ] Application time: 7.0009202 seconds
[2023-11-13T00:32:07.936+0000][1317.668s][info ][safepoint     ] Entering safepoint region: Cleanup
[2023-11-13T00:32:07.936+0000][1317.668s][info ][safepoint     ] Leaving safepoint region
[2023-11-13T00:32:07.936+0000][1317.668s][info ][safepoint     ] Total time for which application threads were stopped: 0.0004887 seconds, Stopping threads took: 0.0001024 seconds
[2023-11-13T00:32:19.937+0000][1329.670s][debug][safepoint     ] Safepoint synchronization initiated. (168 threads)
[2023-11-13T00:32:19.937+0000][1329.670s][info ][safepoint     ] Application time: 12.0014029 seconds
[2023-11-13T00:32:19.937+0000][1329.670s][info ][safepoint     ] Entering safepoint region: Cleanup
[2023-11-13T00:32:19.938+0000][1329.670s][info ][safepoint     ] Leaving safepoint region
[2023-11-13T00:32:19.938+0000][1329.670s][info ][safepoint     ] Total time for which application threads were stopped: 0.0003942 seconds, Stopping threads took: 0.0000713 seconds
[2023-11-13T00:32:46.942+0000][1356.674s][debug][safepoint     ] Safepoint synchronization initiated. (168 threads)
[2023-11-13T00:32:46.942+0000][1356.675s][info ][safepoint     ] Application time: 27.0044497 seconds
[2023-11-13T00:32:46.942+0000][1356.675s][info ][safepoint     ] Entering safepoint region: Cleanup
[2023-11-13T00:32:46.943+0000][1356.675s][info ][safepoint     ] Leaving safepoint region
[2023-11-13T00:32:46.943+0000][1356.675s][info ][safepoint     ] Total time for which application threads were stopped: 0.0003130 seconds, Stopping threads took: 0.0000756 seconds
[2023-11-13T00:33:00.944+0000][1370.676s][debug][safepoint     ] Safepoint synchronization initiated. (168 threads)
[2023-11-13T00:33:00.944+0000][1370.677s][info ][safepoint     ] Application time: 14.0016029 seconds
[2023-11-13T00:33:00.944+0000][1370.677s][info ][safepoint     ] Entering safepoint region: Cleanup
[2023-11-13T00:33:00.945+0000][1370.677s][info ][safepoint     ] Leaving safepoint region
[2023-11-13T00:33:00.945+0000][1370.677s][info ][safepoint     ] Total time for which application threads were stopped: 0.0003209 seconds, Stopping threads took: 0.0000745 seconds
[2023-11-13T00:34:06.952+0000][1436.684s][debug][safepoint     ] Safepoint synchronization initiated. (168 threads)
[2023-11-13T00:34:06.953+0000][1436.685s][info ][safepoint     ] Application time: 66.0083373 seconds
[2023-11-13T00:34:06.953+0000][1436.686s][info ][safepoint     ] Entering safepoint region: Cleanup
[2023-11-13T00:34:06.954+0000][1436.687s][info ][safepoint     ] Leaving safepoint region
[2023-11-13T00:34:06.955+0000][1436.687s][info ][safepoint     ] Total time for which application threads were stopped: 0.0014171 seconds, Stopping threads took: 0.0003728 seconds
[2023-11-13T00:34:42.959+0000][1472.691s][debug][safepoint     ] Safepoint synchronization initiated. (168 threads)
[2023-11-13T00:34:42.959+0000][1472.691s][info ][safepoint     ] Application time: 36.0039065 seconds
[2023-11-13T00:34:42.959+0000][1472.691s][info ][safepoint     ] Entering safepoint region: Cleanup
[2023-11-13T00:34:42.959+0000][1472.692s][info ][safepoint     ] Leaving safepoint region
[2023-11-13T00:34:42.959+0000][1472.692s][info ][safepoint     ] Total time for which application threads were stopped: 0.0003948 seconds, Stopping threads took: 0.0000653 seconds
[2023-11-13T00:34:59.961+0000][1489.694s][debug][safepoint     ] Safepoint synchronization initiated. (168 threads)
[2023-11-13T00:34:59.961+0000][1489.694s][info ][safepoint     ] Application time: 17.0020113 seconds
[2023-11-13T00:34:59.962+0000][1489.694s][info ][safepoint     ] Entering safepoint region: Cleanup
[2023-11-13T00:34:59.962+0000][1489.694s][info ][safepoint     ] Leaving safepoint region
[2023-11-13T00:34:59.962+0000][1489.694s][info ][safepoint     ] Total time for which application threads were stopped: 0.0006806 seconds, Stopping threads took: 0.0001474 seconds
[2023-11-13T00:35:00.962+0000][1490.695s][debug][safepoint     ] Safepoint synchronization initiated. (168 threads)
[2023-11-13T00:35:00.963+0000][1490.695s][info ][safepoint     ] Application time: 1.0009334 seconds
[2023-11-13T00:35:00.963+0000][1490.696s][info ][safepoint     ] Entering safepoint region: Cleanup
[2023-11-13T00:35:00.964+0000][1490.696s][info ][safepoint     ] Leaving safepoint region
[2023-11-13T00:35:00.964+0000][1490.697s][info ][safepoint     ] Total time for which application threads were stopped: 0.0010135 seconds, Stopping threads took: 0.0003456 seconds
[2023-11-13T00:35:02.965+0000][1492.697s][debug][safepoint     ] Safepoint synchronization initiated. (168 threads)
[2023-11-13T00:35:02.965+0000][1492.698s][info ][safepoint     ] Application time: 2.0006629 seconds
[2023-11-13T00:35:02.965+0000][1492.698s][info ][safepoint     ] Entering safepoint region: Cleanup
[2023-11-13T00:35:02.966+0000][1492.698s][info ][safepoint     ] Leaving safepoint region
[2023-11-13T00:35:02.966+0000][1492.698s][info ][safepoint     ] Total time for which application threads were stopped: 0.0005155 seconds, Stopping threads took: 0.0001785 seconds
[2023-11-13T00:35:10.433+0000][1500.165s][debug][safepoint     ] Safepoint synchronization initiated. (168 threads)
[2023-11-13T00:35:10.433+0000][1500.165s][info ][safepoint     ] Application time: 7.4668385 seconds
[2023-11-13T00:35:10.433+0000][1500.165s][info ][safepoint     ] Entering safepoint region: G1CollectForAllocation
[2023-11-13T00:35:10.434+0000][1500.166s][info ][gc,start      ] GC(41) Pause Young (Normal) (G1 Evacuation Pause)
[2023-11-13T00:35:10.434+0000][1500.166s][info ][gc,task       ] GC(41) Using 6 workers of 6 for evacuation
[2023-11-13T00:35:10.470+0000][1500.202s][info ][gc,phases     ] GC(41)   Pre Evacuate Collection Set: 0.1ms
[2023-11-13T00:35:10.470+0000][1500.202s][info ][gc,phases     ] GC(41)   Evacuate Collection Set: 30.2ms
[2023-11-13T00:35:10.470+0000][1500.202s][info ][gc,phases     ] GC(41)   Post Evacuate Collection Set: 5.3ms
[2023-11-13T00:35:10.470+0000][1500.202s][info ][gc,phases     ] GC(41)   Other: 0.6ms
[2023-11-13T00:35:10.470+0000][1500.202s][info ][gc,heap       ] GC(41) Eden regions: 393->0(392)
[2023-11-13T00:35:10.470+0000][1500.202s][info ][gc,heap       ] GC(41) Survivor regions: 24->25(53)
[2023-11-13T00:35:10.470+0000][1500.202s][info ][gc,heap       ] GC(41) Old regions: 129->129
[2023-11-13T00:35:10.470+0000][1500.202s][info ][gc,heap       ] GC(41) Humongous regions: 0->0
[2023-11-13T00:35:10.470+0000][1500.202s][info ][gc,metaspace  ] GC(41) Metaspace: 158978K(164432K)->158978K(164432K) NonClass: 140455K(143828K)->140455K(143828K) Class: 18523K(20604K)->18523K(20604K)
[2023-11-13T00:35:10.470+0000][1500.202s][info ][gc            ] GC(41) Pause Young (Normal) (G1 Evacuation Pause) 543M->151M(696M) 36.503ms
[2023-11-13T00:35:10.470+0000][1500.202s][info ][gc,cpu        ] GC(41) User=0.15s Sys=0.00s Real=0.04s
[2023-11-13T00:35:10.470+0000][1500.202s][info ][safepoint     ] Leaving safepoint region
[2023-11-13T00:35:10.470+0000][1500.202s][info ][safepoint     ] Total time for which application threads were stopped: 0.0372495 seconds, Stopping threads took: 0.0000829 seconds
[2023-11-13T00:35:10.470+0000][1500.203s][info ][gc,stringdedup] Concurrent String Deduplication (1500.203s)
[2023-11-13T00:35:10.470+0000][1500.203s][info ][gc,stringdedup] Concurrent String Deduplication 536.0B->480.0B(56.0B) avg 53.8% (1500.203s, 1500.203s) 0.154ms
[2023-11-13T00:36:06.479+0000][1556.211s][debug][safepoint     ] Safepoint synchronization initiated. (168 threads)
[2023-11-13T00:36:06.479+0000][1556.211s][info ][safepoint     ] Application time: 56.0087654 seconds
[2023-11-13T00:36:06.479+0000][1556.211s][info ][safepoint     ] Entering safepoint region: Cleanup
[2023-11-13T00:36:06.479+0000][1556.212s][info ][safepoint     ] Leaving safepoint region
[2023-11-13T00:36:06.480+0000][1556.212s][info ][safepoint     ] Total time for which application threads were stopped: 0.0004963 seconds, Stopping threads took: 0.0001074 seconds
[2023-11-13T00:36:26.482+0000][1576.214s][debug][safepoint     ] Safepoint synchronization initiated. (168 threads)
[2023-11-13T00:36:26.482+0000][1576.214s][info ][safepoint     ] Application time: 20.0022427 seconds
[2023-11-13T00:36:26.482+0000][1576.214s][info ][safepoint     ] Entering safepoint region: Cleanup
[2023-11-13T00:36:26.482+0000][1576.214s][info ][safepoint     ] Leaving safepoint region
[2023-11-13T00:36:26.482+0000][1576.214s][info ][safepoint     ] Total time for which application threads were stopped: 0.0003314 seconds, Stopping threads took: 0.0000808 seconds
[2023-11-13T00:37:03.486+0000][1613.219s][debug][safepoint     ] Safepoint synchronization initiated. (168 threads)
[2023-11-13T00:37:03.487+0000][1613.219s][info ][safepoint     ] Application time: 37.0046235 seconds
[2023-11-13T00:37:03.487+0000][1613.219s][info ][safepoint     ] Entering safepoint region: Cleanup
[2023-11-13T00:37:03.487+0000][1613.220s][info ][safepoint     ] Leaving safepoint region
[2023-11-13T00:37:03.488+0000][1613.220s][info ][safepoint     ] Total time for which application threads were stopped: 0.0008307 seconds, Stopping threads took: 0.0001086 seconds
[2023-11-13T00:37:16.489+0000][1626.222s][debug][safepoint     ] Safepoint synchronization initiated. (168 threads)
[2023-11-13T00:37:16.490+0000][1626.222s][info ][safepoint     ] Application time: 13.0019708 seconds
[2023-11-13T00:37:16.490+0000][1626.223s][info ][safepoint     ] Entering safepoint region: Cleanup
[2023-11-13T00:37:16.491+0000][1626.223s][info ][safepoint     ] Leaving safepoint region
[2023-11-13T00:37:16.491+0000][1626.224s][info ][safepoint     ] Total time for which application threads were stopped: 0.0010376 seconds, Stopping threads took: 0.0003990 seconds
[2023-11-13T00:37:46.495+0000][1656.227s][debug][safepoint     ] Safepoint synchronization initiated. (168 threads)
[2023-11-13T00:37:46.495+0000][1656.227s][info ][safepoint     ] Application time: 30.0032142 seconds
[2023-11-13T00:37:46.495+0000][1656.227s][info ][safepoint     ] Entering safepoint region: Cleanup
[2023-11-13T00:37:46.495+0000][1656.227s][info ][safepoint     ] Leaving safepoint region
[2023-11-13T00:37:46.495+0000][1656.227s][info ][safepoint     ] Total time for which application threads were stopped: 0.0002806 seconds, Stopping threads took: 0.0000659 seconds
[2023-11-13T00:37:59.497+0000][1669.229s][debug][safepoint     ] Safepoint synchronization initiated. (168 threads)
[2023-11-13T00:37:59.497+0000][1669.229s][info ][safepoint     ] Application time: 13.0015504 seconds
[2023-11-13T00:37:59.497+0000][1669.229s][info ][safepoint     ] Entering safepoint region: Cleanup
[2023-11-13T00:37:59.497+0000][1669.229s][info ][safepoint     ] Leaving safepoint region
[2023-11-13T00:37:59.497+0000][1669.229s][info ][safepoint     ] Total time for which application threads were stopped: 0.0002840 seconds, Stopping threads took: 0.0000602 seconds
[2023-11-13T00:38:00.497+0000][1670.229s][debug][safepoint     ] Safepoint synchronization initiated. (167 threads)
[2023-11-13T00:38:00.497+0000][1670.230s][info ][safepoint     ] Application time: 1.0002376 seconds
[2023-11-13T00:38:00.497+0000][1670.230s][info ][safepoint     ] Entering safepoint region: Cleanup
[2023-11-13T00:38:00.498+0000][1670.230s][info ][safepoint     ] Leaving safepoint region
[2023-11-13T00:38:00.498+0000][1670.230s][info ][safepoint     ] Total time for which application threads were stopped: 0.0005183 seconds, Stopping threads took: 0.0001071 seconds
[2023-11-13T00:38:03.498+0000][1673.230s][debug][safepoint     ] Safepoint synchronization initiated. (167 threads)
[2023-11-13T00:38:03.498+0000][1673.231s][info ][safepoint     ] Application time: 3.0005012 seconds
[2023-11-13T00:38:03.499+0000][1673.231s][info ][safepoint     ] Entering safepoint region: Cleanup
[2023-11-13T00:38:03.499+0000][1673.231s][info ][safepoint     ] Leaving safepoint region
[2023-11-13T00:38:03.499+0000][1673.231s][info ][safepoint     ] Total time for which application threads were stopped: 0.0005738 seconds, Stopping threads took: 0.0001998 seconds
[2023-11-13T00:39:06.506+0000][1736.238s][debug][safepoint     ] Safepoint synchronization initiated. (168 threads)
[2023-11-13T00:39:06.507+0000][1736.239s][info ][safepoint     ] Application time: 63.0076106 seconds
[2023-11-13T00:39:06.507+0000][1736.239s][info ][safepoint     ] Entering safepoint region: Cleanup
[2023-11-13T00:39:06.508+0000][1736.240s][info ][safepoint     ] Leaving safepoint region
[2023-11-13T00:39:06.508+0000][1736.240s][info ][safepoint     ] Total time for which application threads were stopped: 0.0010117 seconds, Stopping threads took: 0.0003730 seconds
[2023-11-13T00:39:26.511+0000][1756.243s][debug][safepoint     ] Safepoint synchronization initiated. (168 threads)
[2023-11-13T00:39:26.511+0000][1756.243s][info ][safepoint     ] Application time: 20.0023676 seconds
[2023-11-13T00:39:26.511+0000][1756.243s][info ][safepoint     ] Entering safepoint region: Cleanup
[2023-11-13T00:39:26.511+0000][1756.243s][info ][safepoint     ] Leaving safepoint region
[2023-11-13T00:39:26.511+0000][1756.243s][info ][safepoint     ] Total time for which application threads were stopped: 0.0002782 seconds, Stopping threads took: 0.0000814 seconds
[2023-11-13T00:39:29.511+0000][1759.244s][debug][safepoint     ] Safepoint synchronization initiated. (168 threads)
[2023-11-13T00:39:29.512+0000][1759.244s][info ][safepoint     ] Application time: 3.0004105 seconds
[2023-11-13T00:39:29.512+0000][1759.244s][info ][safepoint     ] Entering safepoint region: Cleanup
[2023-11-13T00:39:29.512+0000][1759.244s][info ][safepoint     ] Leaving safepoint region
[2023-11-13T00:39:29.512+0000][1759.244s][info ][safepoint     ] Total time for which application threads were stopped: 0.0002711 seconds, Stopping threads took: 0.0000650 seconds
[2023-11-13T00:39:43.513+0000][1773.246s][debug][safepoint     ] Safepoint synchronization initiated. (168 threads)
[2023-11-13T00:39:43.514+0000][1773.246s][info ][safepoint     ] Application time: 14.0017144 seconds
[2023-11-13T00:39:43.514+0000][1773.246s][info ][safepoint     ] Entering safepoint region: Cleanup
[2023-11-13T00:39:43.514+0000][1773.246s][info ][safepoint     ] Leaving safepoint region
[2023-11-13T00:39:43.514+0000][1773.246s][info ][safepoint     ] Total time for which application threads were stopped: 0.0004753 seconds, Stopping threads took: 0.0000594 seconds
[2023-11-13T00:39:45.514+0000][1775.247s][debug][safepoint     ] Safepoint synchronization initiated. (170 threads)
[2023-11-13T00:39:45.515+0000][1775.247s][info ][safepoint     ] Application time: 2.0004975 seconds
[2023-11-13T00:39:45.515+0000][1775.247s][info ][safepoint     ] Entering safepoint region: Cleanup
[2023-11-13T00:39:45.515+0000][1775.247s][info ][safepoint     ] Leaving safepoint region
[2023-11-13T00:39:45.515+0000][1775.248s][info ][safepoint     ] Total time for which application threads were stopped: 0.0005184 seconds, Stopping threads took: 0.0001757 seconds
[2023-11-13T00:39:49.516+0000][1779.248s][debug][safepoint     ] Safepoint synchronization initiated. (170 threads)
[2023-11-13T00:39:49.517+0000][1779.249s][info ][safepoint     ] Application time: 4.0010472 seconds
[2023-11-13T00:39:49.517+0000][1779.249s][info ][safepoint     ] Entering safepoint region: Cleanup
[2023-11-13T00:39:49.518+0000][1779.250s][info ][safepoint     ] Leaving safepoint region
[2023-11-13T00:39:49.518+0000][1779.250s][info ][safepoint     ] Total time for which application threads were stopped: 0.0009726 seconds, Stopping threads took: 0.0004231 seconds
[2023-11-13T00:40:03.519+0000][1793.252s][debug][safepoint     ] Safepoint synchronization initiated. (170 threads)
[2023-11-13T00:40:03.520+0000][1793.252s][info ][safepoint     ] Application time: 14.0017589 seconds
[2023-11-13T00:40:03.520+0000][1793.252s][info ][safepoint     ] Entering safepoint region: Cleanup
[2023-11-13T00:40:03.520+0000][1793.252s][info ][safepoint     ] Leaving safepoint region
[2023-11-13T00:40:03.520+0000][1793.252s][info ][safepoint     ] Total time for which application threads were stopped: 0.0005548 seconds, Stopping threads took: 0.0001060 seconds
[2023-11-13T00:40:04.520+0000][1794.253s][debug][safepoint     ] Safepoint synchronization initiated. (170 threads)
[2023-11-13T00:40:04.520+0000][1794.253s][info ][safepoint     ] Application time: 1.0002206 seconds
[2023-11-13T00:40:04.521+0000][1794.253s][info ][safepoint     ] Entering safepoint region: Cleanup
[2023-11-13T00:40:04.521+0000][1794.253s][info ][safepoint     ] Leaving safepoint region
[2023-11-13T00:40:04.521+0000][1794.253s][info ][safepoint     ] Total time for which application threads were stopped: 0.0007451 seconds, Stopping threads took: 0.0004957 seconds
[2023-11-13T00:40:05.521+0000][1795.254s][debug][safepoint     ] Safepoint synchronization initiated. (170 threads)
[2023-11-13T00:40:05.522+0000][1795.254s][info ][safepoint     ] Application time: 1.0003209 seconds
[2023-11-13T00:40:05.522+0000][1795.254s][info ][safepoint     ] Entering safepoint region: Cleanup
[2023-11-13T00:40:05.522+0000][1795.254s][info ][safepoint     ] Leaving safepoint region
[2023-11-13T00:40:05.522+0000][1795.255s][info ][safepoint     ] Total time for which application threads were stopped: 0.0008855 seconds, Stopping threads took: 0.0001104 seconds
[2023-11-13T00:40:11.523+0000][1801.256s][debug][safepoint     ] Safepoint synchronization initiated. (168 threads)
[2023-11-13T00:40:11.523+0000][1801.256s][info ][safepoint     ] Application time: 6.0006792 seconds
[2023-11-13T00:40:11.524+0000][1801.256s][info ][safepoint     ] Entering safepoint region: Cleanup
[2023-11-13T00:40:11.524+0000][1801.256s][info ][safepoint     ] Leaving safepoint region
[2023-11-13T00:40:11.524+0000][1801.256s][info ][safepoint     ] Total time for which application threads were stopped: 0.0002763 seconds, Stopping threads took: 0.0000689 seconds
[2023-11-13T00:40:39.527+0000][1829.259s][debug][safepoint     ] Safepoint synchronization initiated. (168 threads)
[2023-11-13T00:40:39.527+0000][1829.259s][info ][safepoint     ] Application time: 28.0031197 seconds
[2023-11-13T00:40:39.527+0000][1829.259s][info ][safepoint     ] Entering safepoint region: Cleanup
[2023-11-13T00:40:39.527+0000][1829.259s][info ][safepoint     ] Leaving safepoint region
[2023-11-13T00:40:39.527+0000][1829.260s][info ][safepoint     ] Total time for which application threads were stopped: 0.0004208 seconds, Stopping threads took: 0.0000636 seconds
[2023-11-13T00:40:41.528+0000][1831.260s][debug][safepoint     ] Safepoint synchronization initiated. (168 threads)
[2023-11-13T00:40:41.528+0000][1831.260s][info ][safepoint     ] Application time: 2.0007617 seconds
[2023-11-13T00:40:41.529+0000][1831.261s][info ][safepoint     ] Entering safepoint region: Cleanup
[2023-11-13T00:40:41.529+0000][1831.262s][info ][safepoint     ] Leaving safepoint region
[2023-11-13T00:40:41.529+0000][1831.262s][info ][safepoint     ] Total time for which application threads were stopped: 0.0008308 seconds, Stopping threads took: 0.0003776 seconds
[2023-11-13T00:40:51.530+0000][1841.263s][debug][safepoint     ] Safepoint synchronization initiated. (168 threads)
[2023-11-13T00:40:51.531+0000][1841.263s][info ][safepoint     ] Application time: 10.0014306 seconds
[2023-11-13T00:40:51.531+0000][1841.263s][info ][safepoint     ] Entering safepoint region: Cleanup
[2023-11-13T00:40:51.531+0000][1841.264s][info ][safepoint     ] Leaving safepoint region
[2023-11-13T00:40:51.532+0000][1841.264s][info ][safepoint     ] Total time for which application threads were stopped: 0.0005308 seconds, Stopping threads took: 0.0002103 seconds
[2023-11-13T00:41:00.532+0000][1850.265s][debug][safepoint     ] Safepoint synchronization initiated. (169 threads)
[2023-11-13T00:41:00.533+0000][1850.265s][info ][safepoint     ] Application time: 9.0013513 seconds
[2023-11-13T00:41:00.533+0000][1850.265s][info ][safepoint     ] Entering safepoint region: Cleanup
[2023-11-13T00:41:00.533+0000][1850.266s][info ][safepoint     ] Leaving safepoint region
[2023-11-13T00:41:00.534+0000][1850.266s][info ][safepoint     ] Total time for which application threads were stopped: 0.0004860 seconds, Stopping threads took: 0.0001829 seconds
[2023-11-13T00:41:03.534+0000][1853.266s][debug][safepoint     ] Safepoint synchronization initiated. (169 threads)
[2023-11-13T00:41:03.536+0000][1853.268s][info ][safepoint     ] Application time: 3.0021141 seconds
[2023-11-13T00:41:03.539+0000][1853.272s][info ][safepoint     ] Entering safepoint region: Cleanup
[2023-11-13T00:41:03.540+0000][1853.272s][info ][safepoint     ] Leaving safepoint region
[2023-11-13T00:41:03.540+0000][1853.273s][info ][safepoint     ] Total time for which application threads were stopped: 0.0011349 seconds, Stopping threads took: 0.0004187 seconds
[2023-11-13T00:41:04.541+0000][1854.273s][debug][safepoint     ] Safepoint synchronization initiated. (169 threads)
[2023-11-13T00:41:04.541+0000][1854.273s][info ][safepoint     ] Application time: 1.0005861 seconds
[2023-11-13T00:41:04.541+0000][1854.274s][info ][safepoint     ] Entering safepoint region: Cleanup
[2023-11-13T00:41:04.542+0000][1854.274s][info ][safepoint     ] Leaving safepoint region
[2023-11-13T00:41:04.542+0000][1854.274s][info ][safepoint     ] Total time for which application threads were stopped: 0.0004818 seconds, Stopping threads took: 0.0001831 seconds
[2023-11-13T00:41:16.543+0000][1866.276s][debug][safepoint     ] Safepoint synchronization initiated. (168 threads)
[2023-11-13T00:41:16.544+0000][1866.276s][info ][safepoint     ] Application time: 12.0021716 seconds
[2023-11-13T00:41:16.545+0000][1866.277s][info ][safepoint     ] Entering safepoint region: Cleanup
[2023-11-13T00:41:16.545+0000][1866.277s][info ][safepoint     ] Leaving safepoint region
[2023-11-13T00:41:16.545+0000][1866.277s][info ][safepoint     ] Total time for which application threads were stopped: 0.0006177 seconds, Stopping threads took: 0.0001320 seconds
[2023-11-13T00:41:36.547+0000][1886.280s][debug][safepoint     ] Safepoint synchronization initiated. (168 threads)
[2023-11-13T00:41:36.548+0000][1886.280s][info ][safepoint     ] Application time: 20.0023781 seconds
[2023-11-13T00:41:36.548+0000][1886.280s][info ][safepoint     ] Entering safepoint region: Cleanup
[2023-11-13T00:41:36.548+0000][1886.280s][info ][safepoint     ] Leaving safepoint region
[2023-11-13T00:41:36.548+0000][1886.280s][info ][safepoint     ] Total time for which application threads were stopped: 0.0002931 seconds, Stopping threads took: 0.0000664 seconds
[2023-11-13T00:41:43.549+0000][1893.281s][debug][safepoint     ] Safepoint synchronization initiated. (168 threads)
[2023-11-13T00:41:43.549+0000][1893.281s][info ][safepoint     ] Application time: 7.0007829 seconds
[2023-11-13T00:41:43.549+0000][1893.281s][info ][safepoint     ] Entering safepoint region: Cleanup
[2023-11-13T00:41:43.549+0000][1893.281s][info ][safepoint     ] Leaving safepoint region
[2023-11-13T00:41:43.549+0000][1893.281s][info ][safepoint     ] Total time for which application threads were stopped: 0.0002560 seconds, Stopping threads took: 0.0000655 seconds
[2023-11-13T00:41:56.550+0000][1906.282s][debug][safepoint     ] Safepoint synchronization initiated. (168 threads)
[2023-11-13T00:41:56.550+0000][1906.283s][info ][safepoint     ] Application time: 13.0013308 seconds
[2023-11-13T00:41:56.550+0000][1906.283s][info ][safepoint     ] Entering safepoint region: Cleanup
[2023-11-13T00:41:56.551+0000][1906.283s][info ][safepoint     ] Leaving safepoint region
[2023-11-13T00:41:56.551+0000][1906.283s][info ][safepoint     ] Total time for which application threads were stopped: 0.0003293 seconds, Stopping threads took: 0.0001196 seconds
[2023-11-13T00:42:00.551+0000][1910.283s][debug][safepoint     ] Safepoint synchronization initiated. (168 threads)
[2023-11-13T00:42:00.551+0000][1910.283s][info ][safepoint     ] Application time: 4.0005378 seconds
[2023-11-13T00:42:00.551+0000][1910.284s][info ][safepoint     ] Entering safepoint region: Cleanup
[2023-11-13T00:42:00.551+0000][1910.284s][info ][safepoint     ] Leaving safepoint region
[2023-11-13T00:42:00.552+0000][1910.284s][info ][safepoint     ] Total time for which application threads were stopped: 0.0003173 seconds, Stopping threads took: 0.0000691 seconds
[2023-11-13T00:42:03.552+0000][1913.284s][debug][safepoint     ] Safepoint synchronization initiated. (168 threads)
[2023-11-13T00:42:03.552+0000][1913.284s][info ][safepoint     ] Application time: 3.0004399 seconds
[2023-11-13T00:42:03.552+0000][1913.284s][info ][safepoint     ] Entering safepoint region: Cleanup
[2023-11-13T00:42:03.552+0000][1913.285s][info ][safepoint     ] Leaving safepoint region
[2023-11-13T00:42:03.553+0000][1913.285s][info ][safepoint     ] Total time for which application threads were stopped: 0.0005292 seconds, Stopping threads took: 0.0001119 seconds
[2023-11-13T00:42:06.553+0000][1916.285s][debug][safepoint     ] Safepoint synchronization initiated. (168 threads)
[2023-11-13T00:42:06.554+0000][1916.286s][info ][safepoint     ] Application time: 3.0014207 seconds
[2023-11-13T00:42:06.554+0000][1916.287s][info ][safepoint     ] Entering safepoint region: Cleanup
[2023-11-13T00:42:06.555+0000][1916.287s][info ][safepoint     ] Leaving safepoint region
[2023-11-13T00:42:06.555+0000][1916.288s][info ][safepoint     ] Total time for which application threads were stopped: 0.0010628 seconds, Stopping threads took: 0.0003786 seconds
[2023-11-13T00:42:31.440+0000][1941.172s][debug][safepoint     ] Safepoint synchronization initiated. (168 threads)
[2023-11-13T00:42:31.440+0000][1941.172s][info ][safepoint     ] Application time: 24.8840472 seconds
[2023-11-13T00:42:31.440+0000][1941.172s][info ][safepoint     ] Entering safepoint region: G1CollectForAllocation
[2023-11-13T00:42:31.440+0000][1941.172s][info ][gc,start      ] GC(42) Pause Young (Normal) (G1 Evacuation Pause)
[2023-11-13T00:42:31.440+0000][1941.172s][info ][gc,task       ] GC(42) Using 6 workers of 6 for evacuation
[2023-11-13T00:42:31.461+0000][1941.193s][info ][gc,phases     ] GC(42)   Pre Evacuate Collection Set: 0.1ms
[2023-11-13T00:42:31.461+0000][1941.193s][info ][gc,phases     ] GC(42)   Evacuate Collection Set: 16.4ms
[2023-11-13T00:42:31.461+0000][1941.193s][info ][gc,phases     ] GC(42)   Post Evacuate Collection Set: 4.3ms
[2023-11-13T00:42:31.461+0000][1941.194s][info ][gc,phases     ] GC(42)   Other: 0.4ms
[2023-11-13T00:42:31.461+0000][1941.194s][info ][gc,heap       ] GC(42) Eden regions: 392->0(392)
[2023-11-13T00:42:31.461+0000][1941.194s][info ][gc,heap       ] GC(42) Survivor regions: 25->25(53)
[2023-11-13T00:42:31.461+0000][1941.194s][info ][gc,heap       ] GC(42) Old regions: 129->129
[2023-11-13T00:42:31.461+0000][1941.194s][info ][gc,heap       ] GC(42) Humongous regions: 0->0
[2023-11-13T00:42:31.461+0000][1941.194s][info ][gc,metaspace  ] GC(42) Metaspace: 159131K(164432K)->159131K(164432K) NonClass: 140607K(143828K)->140607K(143828K) Class: 18523K(20604K)->18523K(20604K)
[2023-11-13T00:42:31.461+0000][1941.194s][info ][gc            ] GC(42) Pause Young (Normal) (G1 Evacuation Pause) 543M->151M(696M) 21.281ms
[2023-11-13T00:42:31.461+0000][1941.194s][info ][gc,cpu        ] GC(42) User=0.11s Sys=0.00s Real=0.02s
[2023-11-13T00:42:31.461+0000][1941.194s][info ][safepoint     ] Leaving safepoint region
[2023-11-13T00:42:31.461+0000][1941.194s][info ][safepoint     ] Total time for which application threads were stopped: 0.0217143 seconds, Stopping threads took: 0.0000624 seconds
[2023-11-13T00:42:31.462+0000][1941.194s][info ][gc,stringdedup] Concurrent String Deduplication (1941.194s)
[2023-11-13T00:42:31.462+0000][1941.194s][info ][gc,stringdedup] Concurrent String Deduplication 1064.0B->912.0B(152.0B) avg 53.8% (1941.194s, 1941.194s) 0.077ms
[2023-11-13T00:42:49.464+0000][1959.196s][debug][safepoint     ] Safepoint synchronization initiated. (168 threads)
[2023-11-13T00:42:49.464+0000][1959.196s][info ][safepoint     ] Application time: 18.0022444 seconds
[2023-11-13T00:42:49.464+0000][1959.196s][info ][safepoint     ] Entering safepoint region: Cleanup
[2023-11-13T00:42:49.464+0000][1959.196s][info ][safepoint     ] Leaving safepoint region
[2023-11-13T00:42:49.464+0000][1959.196s][info ][safepoint     ] Total time for which application threads were stopped: 0.0002985 seconds, Stopping threads took: 0.0000970 seconds
[2023-11-13T00:44:03.472+0000][2033.205s][debug][safepoint     ] Safepoint synchronization initiated. (168 threads)
[2023-11-13T00:44:03.472+0000][2033.205s][info ][safepoint     ] Application time: 74.0084242 seconds
[2023-11-13T00:44:03.473+0000][2033.205s][info ][safepoint     ] Entering safepoint region: Cleanup
[2023-11-13T00:44:03.473+0000][2033.205s][info ][safepoint     ] Leaving safepoint region
[2023-11-13T00:44:03.473+0000][2033.205s][info ][safepoint     ] Total time for which application threads were stopped: 0.0004360 seconds, Stopping threads took: 0.0000989 seconds
[2023-11-13T00:44:58.479+0000][2088.211s][debug][safepoint     ] Safepoint synchronization initiated. (168 threads)
[2023-11-13T00:44:58.479+0000][2088.211s][info ][safepoint     ] Application time: 55.0060408 seconds
[2023-11-13T00:44:58.479+0000][2088.211s][info ][safepoint     ] Entering safepoint region: Cleanup
[2023-11-13T00:44:58.479+0000][2088.212s][info ][safepoint     ] Leaving safepoint region
[2023-11-13T00:44:58.479+0000][2088.212s][info ][safepoint     ] Total time for which application threads were stopped: 0.0002470 seconds, Stopping threads took: 0.0000642 seconds
[2023-11-13T00:44:59.479+0000][2089.212s][debug][safepoint     ] Safepoint synchronization initiated. (168 threads)
[2023-11-13T00:44:59.480+0000][2089.212s][info ][safepoint     ] Application time: 1.0003702 seconds
[2023-11-13T00:44:59.480+0000][2089.212s][info ][safepoint     ] Entering safepoint region: Cleanup
[2023-11-13T00:44:59.480+0000][2089.212s][info ][safepoint     ] Leaving safepoint region
[2023-11-13T00:44:59.480+0000][2089.213s][info ][safepoint     ] Total time for which application threads were stopped: 0.0004965 seconds, Stopping threads took: 0.0001847 seconds
[2023-11-13T00:45:00.481+0000][2090.213s][debug][safepoint     ] Safepoint synchronization initiated. (168 threads)
[2023-11-13T00:45:00.481+0000][2090.213s][info ][safepoint     ] Application time: 1.0006700 seconds
[2023-11-13T00:45:00.482+0000][2090.214s][info ][safepoint     ] Entering safepoint region: Cleanup
[2023-11-13T00:45:00.482+0000][2090.215s][info ][safepoint     ] Leaving safepoint region
[2023-11-13T00:45:00.483+0000][2090.215s][info ][safepoint     ] Total time for which application threads were stopped: 0.0014114 seconds, Stopping threads took: 0.0003782 seconds
[2023-11-13T00:45:03.484+0000][2093.216s][debug][safepoint     ] Safepoint synchronization initiated. (168 threads)
[2023-11-13T00:45:03.484+0000][2093.216s][info ][safepoint     ] Application time: 3.0006854 seconds
[2023-11-13T00:45:03.484+0000][2093.217s][info ][safepoint     ] Entering safepoint region: Cleanup
[2023-11-13T00:45:03.485+0000][2093.217s][info ][safepoint     ] Leaving safepoint region
[2023-11-13T00:45:03.485+0000][2093.217s][info ][safepoint     ] Total time for which application threads were stopped: 0.0005508 seconds, Stopping threads took: 0.0002176 seconds
[2023-11-13T00:45:08.486+0000][2098.218s][debug][safepoint     ] Safepoint synchronization initiated. (168 threads)
[2023-11-13T00:45:08.486+0000][2098.218s][info ][safepoint     ] Application time: 5.0008024 seconds
[2023-11-13T00:45:08.486+0000][2098.219s][info ][safepoint     ] Entering safepoint region: Cleanup
[2023-11-13T00:45:08.487+0000][2098.219s][info ][safepoint     ] Leaving safepoint region
[2023-11-13T00:45:08.487+0000][2098.219s][info ][safepoint     ] Total time for which application threads were stopped: 0.0005016 seconds, Stopping threads took: 0.0002069 seconds
[2023-11-13T00:46:00.493+0000][2150.225s][debug][safepoint     ] Safepoint synchronization initiated. (168 threads)
[2023-11-13T00:46:00.493+0000][2150.225s][info ][safepoint     ] Application time: 52.0060620 seconds
[2023-11-13T00:46:00.493+0000][2150.225s][info ][safepoint     ] Entering safepoint region: Cleanup
[2023-11-13T00:46:00.493+0000][2150.226s][info ][safepoint     ] Leaving safepoint region
[2023-11-13T00:46:00.493+0000][2150.226s][info ][safepoint     ] Total time for which application threads were stopped: 0.0003346 seconds, Stopping threads took: 0.0000971 seconds
[2023-11-13T00:46:25.496+0000][2175.228s][debug][safepoint     ] Safepoint synchronization initiated. (168 threads)
[2023-11-13T00:46:25.496+0000][2175.229s][info ][safepoint     ] Application time: 25.0030577 seconds
[2023-11-13T00:46:25.497+0000][2175.229s][info ][safepoint     ] Entering safepoint region: Cleanup
[2023-11-13T00:46:25.497+0000][2175.229s][info ][safepoint     ] Leaving safepoint region
[2023-11-13T00:46:25.497+0000][2175.229s][info ][safepoint     ] Total time for which application threads were stopped: 0.0005202 seconds, Stopping threads took: 0.0001840 seconds
[2023-11-13T00:47:33.506+0000][2243.239s][debug][safepoint     ] Safepoint synchronization initiated. (167 threads)
[2023-11-13T00:47:33.507+0000][2243.240s][info ][safepoint     ] Application time: 68.0102063 seconds
[2023-11-13T00:47:33.508+0000][2243.240s][info ][safepoint     ] Entering safepoint region: Cleanup
[2023-11-13T00:47:33.509+0000][2243.241s][info ][safepoint     ] Leaving safepoint region
[2023-11-13T00:47:33.509+0000][2243.241s][info ][safepoint     ] Total time for which application threads were stopped: 0.0012911 seconds, Stopping threads took: 0.0004229 seconds
[2023-11-13T00:47:34.509+0000][2244.242s][debug][safepoint     ] Safepoint synchronization initiated. (167 threads)
[2023-11-13T00:47:34.510+0000][2244.242s][info ][safepoint     ] Application time: 1.0006439 seconds
[2023-11-13T00:47:34.510+0000][2244.242s][info ][safepoint     ] Entering safepoint region: Cleanup
[2023-11-13T00:47:34.511+0000][2244.243s][info ][safepoint     ] Leaving safepoint region
[2023-11-13T00:47:34.511+0000][2244.243s][info ][safepoint     ] Total time for which application threads were stopped: 0.0006794 seconds, Stopping threads took: 0.0001768 seconds
[2023-11-13T00:47:35.511+0000][2245.243s][debug][safepoint     ] Safepoint synchronization initiated. (169 threads)
[2023-11-13T00:47:35.512+0000][2245.244s][info ][safepoint     ] Application time: 1.0007001 seconds
[2023-11-13T00:47:35.512+0000][2245.244s][info ][safepoint     ] Entering safepoint region: Cleanup
[2023-11-13T00:47:35.512+0000][2245.244s][info ][safepoint     ] Leaving safepoint region
[2023-11-13T00:47:35.512+0000][2245.245s][info ][safepoint     ] Total time for which application threads were stopped: 0.0005311 seconds, Stopping threads took: 0.0001801 seconds
[2023-11-13T00:47:36.513+0000][2246.245s][debug][safepoint     ] Safepoint synchronization initiated. (169 threads)
[2023-11-13T00:47:36.513+0000][2246.246s][info ][safepoint     ] Application time: 1.0010529 seconds
[2023-11-13T00:47:36.514+0000][2246.246s][info ][safepoint     ] Entering safepoint region: Cleanup
[2023-11-13T00:47:36.515+0000][2246.247s][info ][safepoint     ] Leaving safepoint region
[2023-11-13T00:47:36.515+0000][2246.247s][info ][safepoint     ] Total time for which application threads were stopped: 0.0011022 seconds, Stopping threads took: 0.0004438 seconds
[2023-11-13T00:47:37.515+0000][2247.248s][debug][safepoint     ] Safepoint synchronization initiated. (169 threads)
[2023-11-13T00:47:37.516+0000][2247.248s][info ][safepoint     ] Application time: 1.0005633 seconds
[2023-11-13T00:47:37.516+0000][2247.248s][info ][safepoint     ] Entering safepoint region: Cleanup
[2023-11-13T00:47:37.516+0000][2247.249s][info ][safepoint     ] Leaving safepoint region
[2023-11-13T00:47:37.517+0000][2247.249s][info ][safepoint     ] Total time for which application threads were stopped: 0.0005626 seconds, Stopping threads took: 0.0002050 seconds
[2023-11-13T00:47:37.516+0000][2247.249s][debug][safepoint     ] ... found polling page return exception at pc = 0x00007f3798afd432, stub =0x00007f3790841800
[2023-11-13T00:47:38.517+0000][2248.249s][debug][safepoint     ] Safepoint synchronization initiated. (173 threads)
[2023-11-13T00:47:38.517+0000][2248.250s][info ][safepoint     ] Application time: 1.0006394 seconds
[2023-11-13T00:47:38.518+0000][2248.250s][info ][safepoint     ] Entering safepoint region: Cleanup
[2023-11-13T00:47:38.519+0000][2248.251s][info ][safepoint     ] Leaving safepoint region
[2023-11-13T00:47:38.519+0000][2248.251s][info ][safepoint     ] Total time for which application threads were stopped: 0.0013746 seconds, Stopping threads took: 0.0005028 seconds
[2023-11-13T00:47:39.519+0000][2249.252s][debug][safepoint     ] Safepoint synchronization initiated. (173 threads)
[2023-11-13T00:47:39.520+0000][2249.252s][info ][safepoint     ] Application time: 1.0003147 seconds
[2023-11-13T00:47:39.520+0000][2249.252s][debug][safepoint     ] ... found polling page return exception at pc = 0x00007f37983d2d1f, stub =0x00007f3790841800
[2023-11-13T00:47:39.520+0000][2249.252s][debug][safepoint     ] Waiting for 1 thread(s) to block
[2023-11-13T00:47:39.520+0000][2249.252s][info ][safepoint     ] Entering safepoint region: Cleanup
[2023-11-13T00:47:39.521+0000][2249.253s][info ][safepoint     ] Leaving safepoint region
[2023-11-13T00:47:39.521+0000][2249.253s][info ][safepoint     ] Total time for which application threads were stopped: 0.0008666 seconds, Stopping threads took: 0.0005288 seconds
[2023-11-13T00:47:40.521+0000][2250.253s][debug][safepoint     ] Safepoint synchronization initiated. (173 threads)
[2023-11-13T00:47:40.521+0000][2250.253s][info ][safepoint     ] Application time: 1.0003160 seconds
[2023-11-13T00:47:40.521+0000][2250.254s][info ][safepoint     ] Entering safepoint region: Cleanup
[2023-11-13T00:47:40.522+0000][2250.254s][info ][safepoint     ] Leaving safepoint region
[2023-11-13T00:47:40.522+0000][2250.254s][info ][safepoint     ] Total time for which application threads were stopped: 0.0005528 seconds, Stopping threads took: 0.0001886 seconds
[2023-11-13T00:47:41.522+0000][2251.254s][debug][safepoint     ] Safepoint synchronization initiated. (172 threads)
[2023-11-13T00:47:41.522+0000][2251.255s][info ][safepoint     ] Application time: 1.0003195 seconds
[2023-11-13T00:47:41.523+0000][2251.255s][info ][safepoint     ] Entering safepoint region: Cleanup
[2023-11-13T00:47:41.523+0000][2251.255s][info ][safepoint     ] Leaving safepoint region
[2023-11-13T00:47:41.523+0000][2251.255s][info ][safepoint     ] Total time for which application threads were stopped: 0.0005187 seconds, Stopping threads took: 0.0001872 seconds
[2023-11-13T00:47:42.523+0000][2252.255s][debug][safepoint     ] Safepoint synchronization initiated. (172 threads)
[2023-11-13T00:47:42.523+0000][2252.256s][info ][safepoint     ] Application time: 1.0003194 seconds
[2023-11-13T00:47:42.524+0000][2252.256s][info ][safepoint     ] Entering safepoint region: Cleanup
[2023-11-13T00:47:42.524+0000][2252.256s][info ][safepoint     ] Leaving safepoint region
[2023-11-13T00:47:42.524+0000][2252.256s][info ][safepoint     ] Total time for which application threads were stopped: 0.0005300 seconds, Stopping threads took: 0.0001794 seconds
[2023-11-13T00:47:43.524+0000][2253.257s][debug][safepoint     ] Safepoint synchronization initiated. (172 threads)
[2023-11-13T00:47:43.525+0000][2253.257s][info ][safepoint     ] Application time: 1.0003334 seconds
[2023-11-13T00:47:43.525+0000][2253.257s][info ][safepoint     ] Entering safepoint region: Cleanup
[2023-11-13T00:47:43.525+0000][2253.257s][info ][safepoint     ] Leaving safepoint region
[2023-11-13T00:47:43.525+0000][2253.258s][info ][safepoint     ] Total time for which application threads were stopped: 0.0006664 seconds, Stopping threads took: 0.0001195 seconds
[2023-11-13T00:47:44.525+0000][2254.258s][debug][safepoint     ] Safepoint synchronization initiated. (172 threads)
[2023-11-13T00:47:44.526+0000][2254.258s][info ][safepoint     ] Application time: 1.0001815 seconds
[2023-11-13T00:47:44.526+0000][2254.258s][info ][safepoint     ] Entering safepoint region: Cleanup
[2023-11-13T00:47:44.526+0000][2254.258s][info ][safepoint     ] Leaving safepoint region
[2023-11-13T00:47:44.526+0000][2254.258s][info ][safepoint     ] Total time for which application threads were stopped: 0.0003138 seconds, Stopping threads took: 0.0000658 seconds
[2023-11-13T00:47:45.526+0000][2255.258s][debug][safepoint     ] Safepoint synchronization initiated. (172 threads)
[2023-11-13T00:47:45.526+0000][2255.258s][info ][safepoint     ] Application time: 1.0002802 seconds
[2023-11-13T00:47:45.526+0000][2255.259s][info ][safepoint     ] Entering safepoint region: Cleanup
[2023-11-13T00:47:45.527+0000][2255.259s][info ][safepoint     ] Leaving safepoint region
[2023-11-13T00:47:45.527+0000][2255.259s][info ][safepoint     ] Total time for which application threads were stopped: 0.0006203 seconds, Stopping threads took: 0.0001059 seconds
[2023-11-13T00:47:46.527+0000][2256.259s][debug][safepoint     ] Safepoint synchronization initiated. (172 threads)
[2023-11-13T00:47:46.527+0000][2256.259s][info ][safepoint     ] Application time: 1.0002469 seconds
[2023-11-13T00:47:46.527+0000][2256.259s][info ][safepoint     ] Entering safepoint region: Cleanup
[2023-11-13T00:47:46.528+0000][2256.260s][info ][safepoint     ] Leaving safepoint region
[2023-11-13T00:47:46.528+0000][2256.260s][info ][safepoint     ] Total time for which application threads were stopped: 0.0004778 seconds, Stopping threads took: 0.0000922 seconds
[2023-11-13T00:47:47.528+0000][2257.260s][debug][safepoint     ] Safepoint synchronization initiated. (172 threads)
[2023-11-13T00:47:47.528+0000][2257.260s][info ][safepoint     ] Application time: 1.0001647 seconds
[2023-11-13T00:47:47.528+0000][2257.260s][info ][safepoint     ] Entering safepoint region: Cleanup
[2023-11-13T00:47:47.528+0000][2257.260s][info ][safepoint     ] Leaving safepoint region
[2023-11-13T00:47:47.528+0000][2257.260s][info ][safepoint     ] Total time for which application threads were stopped: 0.0003252 seconds, Stopping threads took: 0.0000700 seconds
[2023-11-13T00:47:48.528+0000][2258.260s][debug][safepoint     ] Safepoint synchronization initiated. (172 threads)
[2023-11-13T00:47:48.529+0000][2258.261s][info ][safepoint     ] Application time: 1.0007841 seconds
[2023-11-13T00:47:48.529+0000][2258.261s][info ][safepoint     ] Entering safepoint region: Cleanup
[2023-11-13T00:47:48.529+0000][2258.262s][info ][safepoint     ] Leaving safepoint region
[2023-11-13T00:47:48.529+0000][2258.262s][info ][safepoint     ] Total time for which application threads were stopped: 0.0004505 seconds, Stopping threads took: 0.0000705 seconds
[2023-11-13T00:47:49.530+0000][2259.262s][debug][safepoint     ] Safepoint synchronization initiated. (172 threads)
[2023-11-13T00:47:49.530+0000][2259.262s][info ][safepoint     ] Application time: 1.0001594 seconds
[2023-11-13T00:47:49.530+0000][2259.262s][info ][safepoint     ] Entering safepoint region: Cleanup
[2023-11-13T00:47:49.530+0000][2259.262s][info ][safepoint     ] Leaving safepoint region
[2023-11-13T00:47:49.530+0000][2259.263s][info ][safepoint     ] Total time for which application threads were stopped: 0.0006520 seconds, Stopping threads took: 0.0000887 seconds
[2023-11-13T00:47:50.530+0000][2260.263s][debug][safepoint     ] Safepoint synchronization initiated. (172 threads)
[2023-11-13T00:47:50.531+0000][2260.263s][info ][safepoint     ] Application time: 1.0002810 seconds
[2023-11-13T00:47:50.531+0000][2260.263s][info ][safepoint     ] Entering safepoint region: Cleanup
[2023-11-13T00:47:50.531+0000][2260.263s][info ][safepoint     ] Leaving safepoint region
[2023-11-13T00:47:50.531+0000][2260.264s][info ][safepoint     ] Total time for which application threads were stopped: 0.0005590 seconds, Stopping threads took: 0.0001717 seconds
[2023-11-13T00:47:51.532+0000][2261.264s][debug][safepoint     ] Safepoint synchronization initiated. (172 threads)
[2023-11-13T00:47:51.532+0000][2261.264s][info ][safepoint     ] Application time: 1.0005711 seconds
[2023-11-13T00:47:51.532+0000][2261.265s][info ][safepoint     ] Entering safepoint region: Cleanup
[2023-11-13T00:47:51.533+0000][2261.265s][info ][safepoint     ] Leaving safepoint region
[2023-11-13T00:47:51.533+0000][2261.265s][info ][safepoint     ] Total time for which application threads were stopped: 0.0005304 seconds, Stopping threads took: 0.0001761 seconds
[2023-11-13T00:47:52.534+0000][2262.266s][debug][safepoint     ] Safepoint synchronization initiated. (172 threads)
[2023-11-13T00:47:52.534+0000][2262.267s][info ][safepoint     ] Application time: 1.0014703 seconds
[2023-11-13T00:47:52.534+0000][2262.267s][info ][safepoint     ] Entering safepoint region: Cleanup
[2023-11-13T00:47:52.535+0000][2262.267s][info ][safepoint     ] Leaving safepoint region
[2023-11-13T00:47:52.535+0000][2262.267s][info ][safepoint     ] Total time for which application threads were stopped: 0.0005476 seconds, Stopping threads took: 0.0001035 seconds
[2023-11-13T00:47:53.535+0000][2263.267s][debug][safepoint     ] Safepoint synchronization initiated. (172 threads)
[2023-11-13T00:47:53.535+0000][2263.267s][info ][safepoint     ] Application time: 1.0002236 seconds
[2023-11-13T00:47:53.535+0000][2263.267s][info ][safepoint     ] Entering safepoint region: Cleanup
[2023-11-13T00:47:53.535+0000][2263.268s][info ][safepoint     ] Leaving safepoint region
[2023-11-13T00:47:53.536+0000][2263.268s][info ][safepoint     ] Total time for which application threads were stopped: 0.0003886 seconds, Stopping threads took: 0.0000676 seconds
[2023-11-13T00:47:54.536+0000][2264.268s][debug][safepoint     ] Safepoint synchronization initiated. (172 threads)
[2023-11-13T00:47:54.536+0000][2264.268s][info ][safepoint     ] Application time: 1.0005644 seconds
[2023-11-13T00:47:54.536+0000][2264.269s][info ][safepoint     ] Entering safepoint region: Cleanup
[2023-11-13T00:47:54.537+0000][2264.269s][info ][safepoint     ] Leaving safepoint region
[2023-11-13T00:47:54.537+0000][2264.269s][info ][safepoint     ] Total time for which application threads were stopped: 0.0005805 seconds, Stopping threads took: 0.0001894 seconds
[2023-11-13T00:47:55.537+0000][2265.269s][debug][safepoint     ] Safepoint synchronization initiated. (172 threads)
[2023-11-13T00:47:55.537+0000][2265.270s][info ][safepoint     ] Application time: 1.0003450 seconds
[2023-11-13T00:47:55.538+0000][2265.270s][info ][safepoint     ] Entering safepoint region: Cleanup
[2023-11-13T00:47:55.538+0000][2265.270s][info ][safepoint     ] Leaving safepoint region
[2023-11-13T00:47:55.538+0000][2265.270s][info ][safepoint     ] Total time for which application threads were stopped: 0.0006239 seconds, Stopping threads took: 0.0002235 seconds
[2023-11-13T00:47:56.538+0000][2266.271s][debug][safepoint     ] Safepoint synchronization initiated. (172 threads)
[2023-11-13T00:47:56.538+0000][2266.271s][info ][safepoint     ] Application time: 1.0001823 seconds
[2023-11-13T00:47:56.538+0000][2266.271s][info ][safepoint     ] Entering safepoint region: Cleanup
[2023-11-13T00:47:56.539+0000][2266.271s][info ][safepoint     ] Leaving safepoint region
[2023-11-13T00:47:56.539+0000][2266.271s][info ][safepoint     ] Total time for which application threads were stopped: 0.0003856 seconds, Stopping threads took: 0.0000695 seconds
[2023-11-13T00:47:57.539+0000][2267.271s][debug][safepoint     ] Safepoint synchronization initiated. (172 threads)
[2023-11-13T00:47:57.539+0000][2267.271s][info ][safepoint     ] Application time: 1.0001678 seconds
[2023-11-13T00:47:57.539+0000][2267.271s][info ][safepoint     ] Entering safepoint region: Cleanup
[2023-11-13T00:47:57.539+0000][2267.272s][info ][safepoint     ] Leaving safepoint region
[2023-11-13T00:47:57.539+0000][2267.272s][info ][safepoint     ] Total time for which application threads were stopped: 0.0003936 seconds, Stopping threads took: 0.0000759 seconds
[2023-11-13T00:47:58.540+0000][2268.272s][debug][safepoint     ] Safepoint synchronization initiated. (172 threads)
[2023-11-13T00:47:58.540+0000][2268.272s][info ][safepoint     ] Application time: 1.0001961 seconds
[2023-11-13T00:47:58.540+0000][2268.272s][info ][safepoint     ] Entering safepoint region: Cleanup
[2023-11-13T00:47:58.540+0000][2268.272s][info ][safepoint     ] Leaving safepoint region
[2023-11-13T00:47:58.540+0000][2268.272s][info ][safepoint     ] Total time for which application threads were stopped: 0.0003302 seconds, Stopping threads took: 0.0000699 seconds
[2023-11-13T00:47:59.540+0000][2269.272s][debug][safepoint     ] Safepoint synchronization initiated. (172 threads)
[2023-11-13T00:47:59.541+0000][2269.273s][info ][safepoint     ] Application time: 1.0005858 seconds
[2023-11-13T00:47:59.541+0000][2269.273s][info ][safepoint     ] Entering safepoint region: Cleanup
[2023-11-13T00:47:59.541+0000][2269.273s][info ][safepoint     ] Leaving safepoint region
[2023-11-13T00:47:59.541+0000][2269.273s][info ][safepoint     ] Total time for which application threads were stopped: 0.0005459 seconds, Stopping threads took: 0.0000860 seconds
[2023-11-13T00:48:00.541+0000][2270.274s][debug][safepoint     ] Safepoint synchronization initiated. (172 threads)
[2023-11-13T00:48:00.541+0000][2270.274s][info ][safepoint     ] Application time: 1.0002468 seconds
[2023-11-13T00:48:00.542+0000][2270.274s][info ][safepoint     ] Entering safepoint region: Cleanup
[2023-11-13T00:48:00.542+0000][2270.274s][info ][safepoint     ] Leaving safepoint region
[2023-11-13T00:48:00.542+0000][2270.274s][info ][safepoint     ] Total time for which application threads were stopped: 0.0006994 seconds, Stopping threads took: 0.0001123 seconds
[2023-11-13T00:48:01.542+0000][2271.275s][debug][safepoint     ] Safepoint synchronization initiated. (172 threads)
[2023-11-13T00:48:01.542+0000][2271.275s][info ][safepoint     ] Application time: 1.0002043 seconds
[2023-11-13T00:48:01.542+0000][2271.275s][info ][safepoint     ] Entering safepoint region: Cleanup
[2023-11-13T00:48:01.543+0000][2271.275s][info ][safepoint     ] Leaving safepoint region
[2023-11-13T00:48:01.543+0000][2271.275s][info ][safepoint     ] Total time for which application threads were stopped: 0.0003520 seconds, Stopping threads took: 0.0000675 seconds
[2023-11-13T00:48:02.543+0000][2272.275s][debug][safepoint     ] Safepoint synchronization initiated. (172 threads)
[2023-11-13T00:48:02.543+0000][2272.275s][info ][safepoint     ] Application time: 1.0002927 seconds
[2023-11-13T00:48:02.543+0000][2272.275s][info ][safepoint     ] Entering safepoint region: Cleanup
[2023-11-13T00:48:02.544+0000][2272.276s][info ][safepoint     ] Leaving safepoint region
[2023-11-13T00:48:02.544+0000][2272.276s][info ][safepoint     ] Total time for which application threads were stopped: 0.0006608 seconds, Stopping threads took: 0.0001088 seconds
[2023-11-13T00:48:03.544+0000][2273.276s][debug][safepoint     ] Safepoint synchronization initiated. (172 threads)
[2023-11-13T00:48:03.544+0000][2273.276s][info ][safepoint     ] Application time: 1.0002728 seconds
[2023-11-13T00:48:03.544+0000][2273.276s][info ][safepoint     ] Entering safepoint region: Cleanup
[2023-11-13T00:48:03.545+0000][2273.277s][info ][safepoint     ] Leaving safepoint region
[2023-11-13T00:48:03.545+0000][2273.277s][info ][safepoint     ] Total time for which application threads were stopped: 0.0005872 seconds, Stopping threads took: 0.0000988 seconds
[2023-11-13T00:48:04.545+0000][2274.277s][debug][safepoint     ] Safepoint synchronization initiated. (172 threads)
[2023-11-13T00:48:04.545+0000][2274.277s][info ][safepoint     ] Application time: 1.0002125 seconds
[2023-11-13T00:48:04.545+0000][2274.277s][info ][safepoint     ] Entering safepoint region: Cleanup
[2023-11-13T00:48:04.545+0000][2274.278s][info ][safepoint     ] Leaving safepoint region
[2023-11-13T00:48:04.546+0000][2274.278s][info ][safepoint     ] Total time for which application threads were stopped: 0.0006132 seconds, Stopping threads took: 0.0000902 seconds
[2023-11-13T00:48:05.546+0000][2275.278s][debug][safepoint     ] Safepoint synchronization initiated. (172 threads)
[2023-11-13T00:48:05.546+0000][2275.278s][info ][safepoint     ] Application time: 1.0003010 seconds
[2023-11-13T00:48:05.546+0000][2275.278s][info ][safepoint     ] Entering safepoint region: Cleanup
[2023-11-13T00:48:05.547+0000][2275.279s][info ][safepoint     ] Leaving safepoint region
[2023-11-13T00:48:05.547+0000][2275.279s][info ][safepoint     ] Total time for which application threads were stopped: 0.0006786 seconds, Stopping threads took: 0.0001577 seconds
[2023-11-13T00:48:06.547+0000][2276.279s][debug][safepoint     ] Safepoint synchronization initiated. (172 threads)
[2023-11-13T00:48:06.547+0000][2276.279s][info ][safepoint     ] Application time: 1.0001919 seconds
[2023-11-13T00:48:06.547+0000][2276.279s][info ][safepoint     ] Entering safepoint region: Cleanup
[2023-11-13T00:48:06.547+0000][2276.279s][info ][safepoint     ] Leaving safepoint region
[2023-11-13T00:48:06.547+0000][2276.279s][info ][safepoint     ] Total time for which application threads were stopped: 0.0003086 seconds, Stopping threads took: 0.0000625 seconds
[2023-11-13T00:48:07.547+0000][2277.280s][debug][safepoint     ] Safepoint synchronization initiated. (172 threads)
[2023-11-13T00:48:07.547+0000][2277.280s][info ][safepoint     ] Application time: 1.0002881 seconds
[2023-11-13T00:48:07.548+0000][2277.280s][info ][safepoint     ] Entering safepoint region: Cleanup
[2023-11-13T00:48:07.548+0000][2277.280s][info ][safepoint     ] Leaving safepoint region
[2023-11-13T00:48:07.548+0000][2277.280s][info ][safepoint     ] Total time for which application threads were stopped: 0.0006384 seconds, Stopping threads took: 0.0001130 seconds
[2023-11-13T00:48:08.548+0000][2278.281s][debug][safepoint     ] Safepoint synchronization initiated. (172 threads)
[2023-11-13T00:48:08.548+0000][2278.281s][info ][safepoint     ] Application time: 1.0001670 seconds
[2023-11-13T00:48:08.548+0000][2278.281s][info ][safepoint     ] Entering safepoint region: Cleanup
[2023-11-13T00:48:08.549+0000][2278.281s][info ][safepoint     ] Leaving safepoint region
[2023-11-13T00:48:08.549+0000][2278.281s][info ][safepoint     ] Total time for which application threads were stopped: 0.0003122 seconds, Stopping threads took: 0.0000655 seconds
[2023-11-13T00:48:09.549+0000][2279.281s][debug][safepoint     ] Safepoint synchronization initiated. (172 threads)
[2023-11-13T00:48:09.549+0000][2279.281s][info ][safepoint     ] Application time: 1.0004881 seconds
[2023-11-13T00:48:09.549+0000][2279.282s][info ][safepoint     ] Entering safepoint region: Cleanup
[2023-11-13T00:48:09.550+0000][2279.282s][info ][safepoint     ] Leaving safepoint region
[2023-11-13T00:48:09.550+0000][2279.282s][info ][safepoint     ] Total time for which application threads were stopped: 0.0006725 seconds, Stopping threads took: 0.0001494 seconds
[2023-11-13T00:48:10.550+0000][2280.282s][debug][safepoint     ] Safepoint synchronization initiated. (172 threads)
[2023-11-13T00:48:10.550+0000][2280.282s][info ][safepoint     ] Application time: 1.0002454 seconds
[2023-11-13T00:48:10.550+0000][2280.283s][info ][safepoint     ] Entering safepoint region: Cleanup
[2023-11-13T00:48:10.551+0000][2280.283s][info ][safepoint     ] Leaving safepoint region
[2023-11-13T00:48:10.551+0000][2280.283s][info ][safepoint     ] Total time for which application threads were stopped: 0.0004805 seconds, Stopping threads took: 0.0001070 seconds
[2023-11-13T00:48:11.551+0000][2281.283s][debug][safepoint     ] Safepoint synchronization initiated. (172 threads)
[2023-11-13T00:48:11.551+0000][2281.283s][info ][safepoint     ] Application time: 1.0002152 seconds
[2023-11-13T00:48:11.551+0000][2281.283s][info ][safepoint     ] Entering safepoint region: Cleanup
[2023-11-13T00:48:11.551+0000][2281.284s][info ][safepoint     ] Leaving safepoint region
[2023-11-13T00:48:11.551+0000][2281.284s][info ][safepoint     ] Total time for which application threads were stopped: 0.0005419 seconds, Stopping threads took: 0.0001034 seconds
[2023-11-13T00:48:12.552+0000][2282.284s][debug][safepoint     ] Safepoint synchronization initiated. (172 threads)
[2023-11-13T00:48:12.552+0000][2282.284s][info ][safepoint     ] Application time: 1.0001693 seconds
[2023-11-13T00:48:12.552+0000][2282.284s][info ][safepoint     ] Entering safepoint region: Cleanup
[2023-11-13T00:48:12.552+0000][2282.284s][info ][safepoint     ] Leaving safepoint region
[2023-11-13T00:48:12.552+0000][2282.284s][info ][safepoint     ] Total time for which application threads were stopped: 0.0002934 seconds, Stopping threads took: 0.0000620 seconds
[2023-11-13T00:48:13.552+0000][2283.284s][debug][safepoint     ] Safepoint synchronization initiated. (172 threads)
[2023-11-13T00:48:13.552+0000][2283.284s][info ][safepoint     ] Application time: 1.0001965 seconds
[2023-11-13T00:48:13.552+0000][2283.285s][info ][safepoint     ] Entering safepoint region: Cleanup
[2023-11-13T00:48:13.552+0000][2283.285s][info ][safepoint     ] Leaving safepoint region
[2023-11-13T00:48:13.553+0000][2283.285s][info ][safepoint     ] Total time for which application threads were stopped: 0.0003166 seconds, Stopping threads took: 0.0000737 seconds
[2023-11-13T00:48:14.553+0000][2284.285s][debug][safepoint     ] Safepoint synchronization initiated. (172 threads)
[2023-11-13T00:48:14.553+0000][2284.285s][info ][safepoint     ] Application time: 1.0002769 seconds
[2023-11-13T00:48:14.553+0000][2284.285s][info ][safepoint     ] Entering safepoint region: Cleanup
[2023-11-13T00:48:14.553+0000][2284.286s][info ][safepoint     ] Leaving safepoint region
[2023-11-13T00:48:14.553+0000][2284.286s][info ][safepoint     ] Total time for which application threads were stopped: 0.0005970 seconds, Stopping threads took: 0.0001170 seconds
[2023-11-13T00:48:15.554+0000][2285.286s][debug][safepoint     ] Safepoint synchronization initiated. (172 threads)
[2023-11-13T00:48:15.554+0000][2285.286s][info ][safepoint     ] Application time: 1.0002070 seconds
[2023-11-13T00:48:15.554+0000][2285.286s][info ][safepoint     ] Entering safepoint region: Cleanup
[2023-11-13T00:48:15.554+0000][2285.286s][info ][safepoint     ] Leaving safepoint region
[2023-11-13T00:48:15.554+0000][2285.286s][info ][safepoint     ] Total time for which application threads were stopped: 0.0003476 seconds, Stopping threads took: 0.0000777 seconds
[2023-11-13T00:48:16.554+0000][2286.287s][debug][safepoint     ] Safepoint synchronization initiated. (172 threads)
[2023-11-13T00:48:16.554+0000][2286.287s][info ][safepoint     ] Application time: 1.0002643 seconds
[2023-11-13T00:48:16.554+0000][2286.287s][info ][safepoint     ] Entering safepoint region: Cleanup
[2023-11-13T00:48:16.555+0000][2286.287s][info ][safepoint     ] Leaving safepoint region
[2023-11-13T00:48:16.555+0000][2286.287s][info ][safepoint     ] Total time for which application threads were stopped: 0.0005819 seconds, Stopping threads took: 0.0001102 seconds
[2023-11-13T00:48:17.555+0000][2287.287s][debug][safepoint     ] Safepoint synchronization initiated. (172 threads)
[2023-11-13T00:48:17.555+0000][2287.287s][info ][safepoint     ] Application time: 1.0002176 seconds
[2023-11-13T00:48:17.555+0000][2287.288s][info ][safepoint     ] Entering safepoint region: Cleanup
[2023-11-13T00:48:17.556+0000][2287.288s][info ][safepoint     ] Leaving safepoint region
[2023-11-13T00:48:17.556+0000][2287.288s][info ][safepoint     ] Total time for which application threads were stopped: 0.0003571 seconds, Stopping threads took: 0.0000663 seconds
[2023-11-13T00:48:18.556+0000][2288.288s][debug][safepoint     ] Safepoint synchronization initiated. (172 threads)
[2023-11-13T00:48:18.556+0000][2288.288s][info ][safepoint     ] Application time: 1.0002500 seconds
[2023-11-13T00:48:18.556+0000][2288.288s][info ][safepoint     ] Entering safepoint region: Cleanup
[2023-11-13T00:48:18.556+0000][2288.289s][info ][safepoint     ] Leaving safepoint region
[2023-11-13T00:48:18.557+0000][2288.289s][info ][safepoint     ] Total time for which application threads were stopped: 0.0009271 seconds, Stopping threads took: 0.0001186 seconds
[2023-11-13T00:48:19.557+0000][2289.290s][debug][safepoint     ] Safepoint synchronization initiated. (172 threads)
[2023-11-13T00:48:19.558+0000][2289.290s][info ][safepoint     ] Application time: 1.0008831 seconds
[2023-11-13T00:48:19.558+0000][2289.291s][info ][safepoint     ] Entering safepoint region: Cleanup
[2023-11-13T00:48:19.559+0000][2289.291s][info ][safepoint     ] Leaving safepoint region
[2023-11-13T00:48:19.559+0000][2289.291s][info ][safepoint     ] Total time for which application threads were stopped: 0.0009309 seconds, Stopping threads took: 0.0003115 seconds
[2023-11-13T00:48:20.560+0000][2290.292s][debug][safepoint     ] Safepoint synchronization initiated. (172 threads)
[2023-11-13T00:48:20.560+0000][2290.292s][info ][safepoint     ] Application time: 1.0006090 seconds
[2023-11-13T00:48:20.560+0000][2290.293s][info ][safepoint     ] Entering safepoint region: Cleanup
[2023-11-13T00:48:20.561+0000][2290.293s][info ][safepoint     ] Leaving safepoint region
[2023-11-13T00:48:20.561+0000][2290.293s][info ][safepoint     ] Total time for which application threads were stopped: 0.0005845 seconds, Stopping threads took: 0.0002106 seconds
[2023-11-13T00:48:21.561+0000][2291.293s][debug][safepoint     ] Safepoint synchronization initiated. (172 threads)
[2023-11-13T00:48:21.561+0000][2291.294s][info ][safepoint     ] Application time: 1.0005165 seconds
[2023-11-13T00:48:21.562+0000][2291.294s][info ][safepoint     ] Entering safepoint region: Cleanup
[2023-11-13T00:48:21.562+0000][2291.294s][info ][safepoint     ] Leaving safepoint region
[2023-11-13T00:48:21.562+0000][2291.294s][info ][safepoint     ] Total time for which application threads were stopped: 0.0005943 seconds, Stopping threads took: 0.0001822 seconds
[2023-11-13T00:48:22.562+0000][2292.295s][debug][safepoint     ] Safepoint synchronization initiated. (172 threads)
[2023-11-13T00:48:22.563+0000][2292.295s][info ][safepoint     ] Application time: 1.0005255 seconds
[2023-11-13T00:48:22.563+0000][2292.295s][info ][safepoint     ] Entering safepoint region: Cleanup
[2023-11-13T00:48:22.563+0000][2292.296s][info ][safepoint     ] Leaving safepoint region
[2023-11-13T00:48:22.563+0000][2292.296s][info ][safepoint     ] Total time for which application threads were stopped: 0.0005259 seconds, Stopping threads took: 0.0001673 seconds
[2023-11-13T00:48:23.564+0000][2293.296s][debug][safepoint     ] Safepoint synchronization initiated. (172 threads)
[2023-11-13T00:48:23.565+0000][2293.297s][info ][safepoint     ] Application time: 1.0009432 seconds
[2023-11-13T00:48:23.565+0000][2293.297s][info ][safepoint     ] Entering safepoint region: Cleanup
[2023-11-13T00:48:23.565+0000][2293.298s][info ][safepoint     ] Leaving safepoint region
[2023-11-13T00:48:23.566+0000][2293.298s][info ][safepoint     ] Total time for which application threads were stopped: 0.0013075 seconds, Stopping threads took: 0.0003166 seconds
[2023-11-13T00:48:24.566+0000][2294.299s][debug][safepoint     ] Safepoint synchronization initiated. (172 threads)
[2023-11-13T00:48:24.567+0000][2294.299s][info ][safepoint     ] Application time: 1.0006020 seconds
[2023-11-13T00:48:24.567+0000][2294.299s][info ][safepoint     ] Entering safepoint region: Cleanup
[2023-11-13T00:48:24.568+0000][2294.300s][info ][safepoint     ] Leaving safepoint region
[2023-11-13T00:48:24.568+0000][2294.300s][info ][safepoint     ] Total time for which application threads were stopped: 0.0005714 seconds, Stopping threads took: 0.0001898 seconds
[2023-11-13T00:48:25.568+0000][2295.300s][debug][safepoint     ] Safepoint synchronization initiated. (172 threads)
[2023-11-13T00:48:25.568+0000][2295.301s][info ][safepoint     ] Application time: 1.0005395 seconds
[2023-11-13T00:48:25.569+0000][2295.301s][info ][safepoint     ] Entering safepoint region: Cleanup
[2023-11-13T00:48:25.569+0000][2295.301s][info ][safepoint     ] Leaving safepoint region
[2023-11-13T00:48:25.569+0000][2295.301s][info ][safepoint     ] Total time for which application threads were stopped: 0.0005876 seconds, Stopping threads took: 0.0001777 seconds
[2023-11-13T00:48:26.569+0000][2296.302s][debug][safepoint     ] Safepoint synchronization initiated. (172 threads)
[2023-11-13T00:48:26.570+0000][2296.302s][info ][safepoint     ] Application time: 1.0005749 seconds
[2023-11-13T00:48:26.570+0000][2296.302s][info ][safepoint     ] Entering safepoint region: Cleanup
[2023-11-13T00:48:26.570+0000][2296.303s][info ][safepoint     ] Leaving safepoint region
[2023-11-13T00:48:26.570+0000][2296.303s][info ][safepoint     ] Total time for which application threads were stopped: 0.0005951 seconds, Stopping threads took: 0.0002113 seconds
[2023-11-13T00:48:27.571+0000][2297.303s][debug][safepoint     ] Safepoint synchronization initiated. (172 threads)
[2023-11-13T00:48:27.572+0000][2297.304s][info ][safepoint     ] Application time: 1.0009144 seconds
[2023-11-13T00:48:27.572+0000][2297.304s][info ][safepoint     ] Entering safepoint region: Cleanup
[2023-11-13T00:48:27.573+0000][2297.305s][info ][safepoint     ] Leaving safepoint region
[2023-11-13T00:48:27.573+0000][2297.305s][info ][safepoint     ] Total time for which application threads were stopped: 0.0013518 seconds, Stopping threads took: 0.0003348 seconds
[2023-11-13T00:48:28.573+0000][2298.306s][debug][safepoint     ] Safepoint synchronization initiated. (172 threads)
[2023-11-13T00:48:28.574+0000][2298.307s][info ][safepoint     ] Application time: 1.0009056 seconds
[2023-11-13T00:48:28.574+0000][2298.307s][info ][safepoint     ] Entering safepoint region: Cleanup
[2023-11-13T00:48:28.575+0000][2298.307s][info ][safepoint     ] Leaving safepoint region
[2023-11-13T00:48:28.575+0000][2298.307s][info ][safepoint     ] Total time for which application threads were stopped: 0.0005549 seconds, Stopping threads took: 0.0001819 seconds
[2023-11-13T00:48:29.575+0000][2299.308s][debug][safepoint     ] Safepoint synchronization initiated. (172 threads)
[2023-11-13T00:48:29.576+0000][2299.308s][info ][safepoint     ] Application time: 1.0008484 seconds
[2023-11-13T00:48:29.576+0000][2299.308s][info ][safepoint     ] Entering safepoint region: Cleanup
[2023-11-13T00:48:29.577+0000][2299.310s][info ][safepoint     ] Leaving safepoint region
[2023-11-13T00:48:29.577+0000][2299.310s][info ][safepoint     ] Total time for which application threads were stopped: 0.0012847 seconds, Stopping threads took: 0.0001062 seconds
[2023-11-13T00:48:30.577+0000][2300.310s][debug][safepoint     ] Safepoint synchronization initiated. (172 threads)
[2023-11-13T00:48:30.578+0000][2300.310s][info ][safepoint     ] Application time: 1.0007269 seconds
[2023-11-13T00:48:30.578+0000][2300.311s][info ][safepoint     ] Entering safepoint region: Cleanup
[2023-11-13T00:48:30.579+0000][2300.311s][info ][safepoint     ] Leaving safepoint region
[2023-11-13T00:48:30.579+0000][2300.311s][info ][safepoint     ] Total time for which application threads were stopped: 0.0004823 seconds, Stopping threads took: 0.0000836 seconds
[2023-11-13T00:48:31.579+0000][2301.311s][debug][safepoint     ] Safepoint synchronization initiated. (172 threads)
[2023-11-13T00:48:31.579+0000][2301.311s][info ][safepoint     ] Application time: 1.0001765 seconds
[2023-11-13T00:48:31.579+0000][2301.311s][info ][safepoint     ] Entering safepoint region: Cleanup
[2023-11-13T00:48:31.579+0000][2301.311s][info ][safepoint     ] Leaving safepoint region
[2023-11-13T00:48:31.579+0000][2301.311s][info ][safepoint     ] Total time for which application threads were stopped: 0.0003491 seconds, Stopping threads took: 0.0000608 seconds
[2023-11-13T00:48:32.579+0000][2302.312s][debug][safepoint     ] Safepoint synchronization initiated. (172 threads)
[2023-11-13T00:48:32.579+0000][2302.312s][info ][safepoint     ] Application time: 1.0001593 seconds
[2023-11-13T00:48:32.579+0000][2302.312s][info ][safepoint     ] Entering safepoint region: Cleanup
[2023-11-13T00:48:32.580+0000][2302.312s][info ][safepoint     ] Leaving safepoint region
[2023-11-13T00:48:32.580+0000][2302.312s][info ][safepoint     ] Total time for which application threads were stopped: 0.0003478 seconds, Stopping threads took: 0.0000903 seconds
[2023-11-13T00:48:33.580+0000][2303.312s][debug][safepoint     ] Safepoint synchronization initiated. (172 threads)
[2023-11-13T00:48:33.580+0000][2303.312s][info ][safepoint     ] Application time: 1.0001744 seconds
[2023-11-13T00:48:33.580+0000][2303.312s][info ][safepoint     ] Entering safepoint region: Cleanup
[2023-11-13T00:48:33.581+0000][2303.313s][info ][safepoint     ] Leaving safepoint region
[2023-11-13T00:48:33.581+0000][2303.313s][info ][safepoint     ] Total time for which application threads were stopped: 0.0007285 seconds, Stopping threads took: 0.0005256 seconds
[2023-11-13T00:48:34.581+0000][2304.313s][debug][safepoint     ] Safepoint synchronization initiated. (172 threads)
[2023-11-13T00:48:34.581+0000][2304.313s][info ][safepoint     ] Application time: 1.0002450 seconds
[2023-11-13T00:48:34.581+0000][2304.313s][info ][safepoint     ] Entering safepoint region: Cleanup
[2023-11-13T00:48:34.581+0000][2304.314s][info ][safepoint     ] Leaving safepoint region
[2023-11-13T00:48:34.582+0000][2304.314s][info ][safepoint     ] Total time for which application threads were stopped: 0.0005371 seconds, Stopping threads took: 0.0001168 seconds
[2023-11-13T00:48:35.582+0000][2305.314s][debug][safepoint     ] Safepoint synchronization initiated. (172 threads)
[2023-11-13T00:48:35.582+0000][2305.314s][info ][safepoint     ] Application time: 1.0001807 seconds
[2023-11-13T00:48:35.582+0000][2305.314s][info ][safepoint     ] Entering safepoint region: Cleanup
[2023-11-13T00:48:35.582+0000][2305.314s][info ][safepoint     ] Leaving safepoint region
[2023-11-13T00:48:35.582+0000][2305.314s][info ][safepoint     ] Total time for which application threads were stopped: 0.0002634 seconds, Stopping threads took: 0.0000736 seconds
[2023-11-13T00:48:36.582+0000][2306.314s][debug][safepoint     ] Safepoint synchronization initiated. (172 threads)
[2023-11-13T00:48:36.582+0000][2306.315s][info ][safepoint     ] Application time: 1.0002215 seconds
[2023-11-13T00:48:36.582+0000][2306.315s][info ][safepoint     ] Entering safepoint region: Cleanup
[2023-11-13T00:48:36.583+0000][2306.315s][info ][safepoint     ] Leaving safepoint region
[2023-11-13T00:48:36.583+0000][2306.315s][info ][safepoint     ] Total time for which application threads were stopped: 0.0005231 seconds, Stopping threads took: 0.0001200 seconds
[2023-11-13T00:48:37.583+0000][2307.315s][debug][safepoint     ] Safepoint synchronization initiated. (172 threads)
[2023-11-13T00:48:37.583+0000][2307.315s][info ][safepoint     ] Application time: 1.0002579 seconds
[2023-11-13T00:48:37.583+0000][2307.315s][info ][safepoint     ] Entering safepoint region: Cleanup
[2023-11-13T00:48:37.584+0000][2307.316s][info ][safepoint     ] Leaving safepoint region
[2023-11-13T00:48:37.584+0000][2307.316s][info ][safepoint     ] Total time for which application threads were stopped: 0.0004673 seconds, Stopping threads took: 0.0000918 seconds
[2023-11-13T00:48:38.584+0000][2308.316s][debug][safepoint     ] Safepoint synchronization initiated. (171 threads)
[2023-11-13T00:48:38.584+0000][2308.316s][info ][safepoint     ] Application time: 1.0001556 seconds
[2023-11-13T00:48:38.584+0000][2308.316s][info ][safepoint     ] Entering safepoint region: Cleanup
[2023-11-13T00:48:38.584+0000][2308.316s][info ][safepoint     ] Leaving safepoint region
[2023-11-13T00:48:38.584+0000][2308.316s][info ][safepoint     ] Total time for which application threads were stopped: 0.0002864 seconds, Stopping threads took: 0.0000684 seconds
[2023-11-13T00:48:39.584+0000][2309.317s][debug][safepoint     ] Safepoint synchronization initiated. (171 threads)
[2023-11-13T00:48:39.584+0000][2309.317s][info ][safepoint     ] Application time: 1.0003062 seconds
[2023-11-13T00:48:39.585+0000][2309.317s][info ][safepoint     ] Entering safepoint region: Cleanup
[2023-11-13T00:48:39.585+0000][2309.317s][info ][safepoint     ] Leaving safepoint region
[2023-11-13T00:48:39.585+0000][2309.317s][info ][safepoint     ] Total time for which application threads were stopped: 0.0006992 seconds, Stopping threads took: 0.0001774 seconds
[2023-11-13T00:48:39.885+0000][2309.618s][debug][safepoint     ] Safepoint synchronization initiated. (171 threads)
[2023-11-13T00:48:39.885+0000][2309.618s][info ][safepoint     ] Application time: 0.3002985 seconds
[2023-11-13T00:48:39.886+0000][2309.618s][info ][safepoint     ] Entering safepoint region: G1CollectForAllocation
[2023-11-13T00:48:39.886+0000][2309.618s][info ][gc,start      ] GC(43) Pause Young (Normal) (G1 Evacuation Pause)
[2023-11-13T00:48:39.886+0000][2309.618s][info ][gc,task       ] GC(43) Using 6 workers of 6 for evacuation
[2023-11-13T00:48:39.918+0000][2309.650s][info ][gc,phases     ] GC(43)   Pre Evacuate Collection Set: 0.1ms
[2023-11-13T00:48:39.918+0000][2309.650s][info ][gc,phases     ] GC(43)   Evacuate Collection Set: 27.3ms
[2023-11-13T00:48:39.918+0000][2309.650s][info ][gc,phases     ] GC(43)   Post Evacuate Collection Set: 4.5ms
[2023-11-13T00:48:39.918+0000][2309.650s][info ][gc,phases     ] GC(43)   Other: 0.4ms
[2023-11-13T00:48:39.918+0000][2309.650s][info ][gc,heap       ] GC(43) Eden regions: 392->0(392)
[2023-11-13T00:48:39.918+0000][2309.650s][info ][gc,heap       ] GC(43) Survivor regions: 25->25(53)
[2023-11-13T00:48:39.918+0000][2309.651s][info ][gc,heap       ] GC(43) Old regions: 129->129
[2023-11-13T00:48:39.918+0000][2309.651s][info ][gc,heap       ] GC(43) Humongous regions: 0->0
[2023-11-13T00:48:39.918+0000][2309.651s][info ][gc,metaspace  ] GC(43) Metaspace: 159531K(164944K)->159531K(164944K) NonClass: 140996K(144340K)->140996K(144340K) Class: 18535K(20604K)->18535K(20604K)
[2023-11-13T00:48:39.918+0000][2309.651s][info ][gc            ] GC(43) Pause Young (Normal) (G1 Evacuation Pause) 543M->151M(696M) 32.483ms
[2023-11-13T00:48:39.918+0000][2309.651s][info ][gc,cpu        ] GC(43) User=0.10s Sys=0.00s Real=0.04s
[2023-11-13T00:48:39.918+0000][2309.651s][info ][safepoint     ] Leaving safepoint region
[2023-11-13T00:48:39.918+0000][2309.651s][info ][safepoint     ] Total time for which application threads were stopped: 0.0329191 seconds, Stopping threads took: 0.0000621 seconds
[2023-11-13T00:48:39.919+0000][2309.651s][info ][gc,stringdedup] Concurrent String Deduplication (2309.651s)
[2023-11-13T00:48:39.919+0000][2309.651s][info ][gc,stringdedup] Concurrent String Deduplication 144.0B->144.0B(0.0B) avg 53.8% (2309.651s, 2309.651s) 0.161ms
[2023-11-13T00:48:40.919+0000][2310.651s][debug][safepoint     ] Safepoint synchronization initiated. (171 threads)
[2023-11-13T00:48:40.919+0000][2310.651s][info ][safepoint     ] Application time: 1.0002336 seconds
[2023-11-13T00:48:40.919+0000][2310.651s][info ][safepoint     ] Entering safepoint region: Cleanup
[2023-11-13T00:48:40.919+0000][2310.651s][info ][safepoint     ] Leaving safepoint region
[2023-11-13T00:48:40.919+0000][2310.651s][info ][safepoint     ] Total time for which application threads were stopped: 0.0002915 seconds, Stopping threads took: 0.0000715 seconds
[2023-11-13T00:48:41.919+0000][2311.651s][debug][safepoint     ] Safepoint synchronization initiated. (171 threads)
[2023-11-13T00:48:41.919+0000][2311.651s][info ][safepoint     ] Application time: 1.0001869 seconds
[2023-11-13T00:48:41.919+0000][2311.652s][info ][safepoint     ] Entering safepoint region: Cleanup
[2023-11-13T00:48:41.919+0000][2311.652s][info ][safepoint     ] Leaving safepoint region
[2023-11-13T00:48:41.919+0000][2311.652s][info ][safepoint     ] Total time for which application threads were stopped: 0.0002757 seconds, Stopping threads took: 0.0000648 seconds
[2023-11-13T00:48:42.920+0000][2312.652s][debug][safepoint     ] Safepoint synchronization initiated. (171 threads)
[2023-11-13T00:48:42.920+0000][2312.652s][info ][safepoint     ] Application time: 1.0002740 seconds
[2023-11-13T00:48:42.920+0000][2312.652s][info ][safepoint     ] Entering safepoint region: Cleanup
[2023-11-13T00:48:42.920+0000][2312.653s][info ][safepoint     ] Leaving safepoint region
[2023-11-13T00:48:42.920+0000][2312.653s][info ][safepoint     ] Total time for which application threads were stopped: 0.0004995 seconds, Stopping threads took: 0.0001515 seconds
[2023-11-13T00:48:43.920+0000][2313.653s][debug][safepoint     ] Safepoint synchronization initiated. (171 threads)
[2023-11-13T00:48:43.921+0000][2313.653s][info ][safepoint     ] Application time: 1.0002483 seconds
[2023-11-13T00:48:43.921+0000][2313.653s][info ][safepoint     ] Entering safepoint region: Cleanup
[2023-11-13T00:48:43.921+0000][2313.654s][info ][safepoint     ] Leaving safepoint region
[2023-11-13T00:48:43.921+0000][2313.654s][info ][safepoint     ] Total time for which application threads were stopped: 0.0008113 seconds, Stopping threads took: 0.0001176 seconds
[2023-11-13T00:48:44.922+0000][2314.654s][debug][safepoint     ] Safepoint synchronization initiated. (171 threads)
[2023-11-13T00:48:44.922+0000][2314.654s][info ][safepoint     ] Application time: 1.0003525 seconds
[2023-11-13T00:48:44.922+0000][2314.654s][info ][safepoint     ] Entering safepoint region: Cleanup
[2023-11-13T00:48:44.922+0000][2314.655s][info ][safepoint     ] Leaving safepoint region
[2023-11-13T00:48:44.922+0000][2314.655s][info ][safepoint     ] Total time for which application threads were stopped: 0.0004898 seconds, Stopping threads took: 0.0001906 seconds
[2023-11-13T00:48:45.923+0000][2315.655s][debug][safepoint     ] Safepoint synchronization initiated. (171 threads)
[2023-11-13T00:48:45.923+0000][2315.655s][info ][safepoint     ] Application time: 1.0006045 seconds
[2023-11-13T00:48:45.924+0000][2315.656s][info ][safepoint     ] Entering safepoint region: Cleanup
[2023-11-13T00:48:45.925+0000][2315.657s][info ][safepoint     ] Leaving safepoint region
[2023-11-13T00:48:45.925+0000][2315.657s][info ][safepoint     ] Total time for which application threads were stopped: 0.0009613 seconds, Stopping threads took: 0.0003751 seconds
[2023-11-13T00:48:46.925+0000][2316.658s][debug][safepoint     ] Safepoint synchronization initiated. (171 threads)
[2023-11-13T00:48:46.926+0000][2316.658s][info ][safepoint     ] Application time: 1.0003092 seconds
[2023-11-13T00:48:46.926+0000][2316.658s][info ][safepoint     ] Entering safepoint region: Cleanup
[2023-11-13T00:48:46.926+0000][2316.658s][info ][safepoint     ] Leaving safepoint region
[2023-11-13T00:48:46.926+0000][2316.658s][info ][safepoint     ] Total time for which application threads were stopped: 0.0005178 seconds, Stopping threads took: 0.0001701 seconds
[2023-11-13T00:48:47.926+0000][2317.659s][debug][safepoint     ] Safepoint synchronization initiated. (171 threads)
[2023-11-13T00:48:47.927+0000][2317.659s][info ][safepoint     ] Application time: 1.0006083 seconds
[2023-11-13T00:48:47.927+0000][2317.660s][info ][safepoint     ] Entering safepoint region: Cleanup
[2023-11-13T00:48:47.928+0000][2317.660s][info ][safepoint     ] Leaving safepoint region
[2023-11-13T00:48:47.928+0000][2317.661s][info ][safepoint     ] Total time for which application threads were stopped: 0.0011480 seconds, Stopping threads took: 0.0003727 seconds
[2023-11-13T00:48:48.929+0000][2318.661s][debug][safepoint     ] Safepoint synchronization initiated. (171 threads)
[2023-11-13T00:48:48.929+0000][2318.662s][info ][safepoint     ] Application time: 1.0007774 seconds
[2023-11-13T00:48:48.930+0000][2318.662s][info ][safepoint     ] Entering safepoint region: Cleanup
[2023-11-13T00:48:48.931+0000][2318.663s][info ][safepoint     ] Leaving safepoint region
[2023-11-13T00:48:48.931+0000][2318.664s][info ][safepoint     ] Total time for which application threads were stopped: 0.0014380 seconds, Stopping threads took: 0.0007415 seconds
[2023-11-13T00:48:49.932+0000][2319.664s][debug][safepoint     ] Safepoint synchronization initiated. (171 threads)
[2023-11-13T00:48:49.932+0000][2319.664s][info ][safepoint     ] Application time: 1.0003049 seconds
[2023-11-13T00:48:49.932+0000][2319.664s][info ][safepoint     ] Entering safepoint region: Cleanup
[2023-11-13T00:48:49.933+0000][2319.665s][info ][safepoint     ] Leaving safepoint region
[2023-11-13T00:48:49.933+0000][2319.665s][info ][safepoint     ] Total time for which application threads were stopped: 0.0007084 seconds, Stopping threads took: 0.0001609 seconds
[2023-11-13T00:48:50.933+0000][2320.665s][debug][safepoint     ] Safepoint synchronization initiated. (171 threads)
[2023-11-13T00:48:50.933+0000][2320.665s][info ][safepoint     ] Application time: 1.0002179 seconds
[2023-11-13T00:48:50.933+0000][2320.665s][info ][safepoint     ] Entering safepoint region: Cleanup
[2023-11-13T00:48:50.934+0000][2320.666s][info ][safepoint     ] Leaving safepoint region
[2023-11-13T00:48:50.934+0000][2320.666s][info ][safepoint     ] Total time for which application threads were stopped: 0.0011281 seconds, Stopping threads took: 0.0005502 seconds
[2023-11-13T00:48:51.934+0000][2321.666s][debug][safepoint     ] Safepoint synchronization initiated. (171 threads)
[2023-11-13T00:48:51.934+0000][2321.667s][info ][safepoint     ] Application time: 1.0004132 seconds
[2023-11-13T00:48:51.935+0000][2321.667s][info ][safepoint     ] Entering safepoint region: Cleanup
[2023-11-13T00:48:51.935+0000][2321.667s][info ][safepoint     ] Leaving safepoint region
[2023-11-13T00:48:51.935+0000][2321.668s][info ][safepoint     ] Total time for which application threads were stopped: 0.0006644 seconds, Stopping threads took: 0.0003049 seconds
[2023-11-13T00:48:52.936+0000][2322.668s][debug][safepoint     ] Safepoint synchronization initiated. (171 threads)
[2023-11-13T00:48:52.936+0000][2322.668s][info ][safepoint     ] Application time: 1.0003480 seconds
[2023-11-13T00:48:52.936+0000][2322.668s][info ][safepoint     ] Entering safepoint region: Cleanup
[2023-11-13T00:48:52.936+0000][2322.669s][info ][safepoint     ] Leaving safepoint region
[2023-11-13T00:48:52.937+0000][2322.669s][info ][safepoint     ] Total time for which application threads were stopped: 0.0005999 seconds, Stopping threads took: 0.0002585 seconds
[2023-11-13T00:48:53.937+0000][2323.669s][debug][safepoint     ] Safepoint synchronization initiated. (171 threads)
[2023-11-13T00:48:53.937+0000][2323.669s][info ][safepoint     ] Application time: 1.0003874 seconds
[2023-11-13T00:48:53.937+0000][2323.669s][info ][safepoint     ] Entering safepoint region: Cleanup
[2023-11-13T00:48:53.938+0000][2323.670s][info ][safepoint     ] Leaving safepoint region
[2023-11-13T00:48:53.938+0000][2323.670s][info ][safepoint     ] Total time for which application threads were stopped: 0.0004926 seconds, Stopping threads took: 0.0001732 seconds
[2023-11-13T00:48:54.938+0000][2324.670s][debug][safepoint     ] Safepoint synchronization initiated. (171 threads)
[2023-11-13T00:48:54.938+0000][2324.670s][info ][safepoint     ] Application time: 1.0002022 seconds
[2023-11-13T00:48:54.938+0000][2324.670s][info ][safepoint     ] Entering safepoint region: Cleanup
[2023-11-13T00:48:54.938+0000][2324.671s][info ][safepoint     ] Leaving safepoint region
[2023-11-13T00:48:54.938+0000][2324.671s][info ][safepoint     ] Total time for which application threads were stopped: 0.0002485 seconds, Stopping threads took: 0.0000672 seconds
[2023-11-13T00:48:55.938+0000][2325.671s][debug][safepoint     ] Safepoint synchronization initiated. (171 threads)
[2023-11-13T00:48:55.940+0000][2325.672s][info ][safepoint     ] Application time: 1.0013177 seconds
[2023-11-13T00:48:55.940+0000][2325.672s][info ][safepoint     ] Entering safepoint region: Cleanup
[2023-11-13T00:48:55.941+0000][2325.673s][info ][safepoint     ] Leaving safepoint region
[2023-11-13T00:48:55.941+0000][2325.673s][info ][safepoint     ] Total time for which application threads were stopped: 0.0008073 seconds, Stopping threads took: 0.0004056 seconds
[2023-11-13T00:48:56.941+0000][2326.673s][debug][safepoint     ] Safepoint synchronization initiated. (171 threads)
[2023-11-13T00:48:56.941+0000][2326.673s][info ][safepoint     ] Application time: 1.0002460 seconds
[2023-11-13T00:48:56.941+0000][2326.673s][info ][safepoint     ] Entering safepoint region: Cleanup
[2023-11-13T00:48:56.942+0000][2326.674s][info ][safepoint     ] Leaving safepoint region
[2023-11-13T00:48:56.942+0000][2326.674s][info ][safepoint     ] Total time for which application threads were stopped: 0.0005483 seconds, Stopping threads took: 0.0001447 seconds
[2023-11-13T00:48:57.942+0000][2327.674s][debug][safepoint     ] Safepoint synchronization initiated. (171 threads)
[2023-11-13T00:48:57.942+0000][2327.674s][info ][safepoint     ] Application time: 1.0001824 seconds
[2023-11-13T00:48:57.942+0000][2327.674s][info ][safepoint     ] Entering safepoint region: Cleanup
[2023-11-13T00:48:57.942+0000][2327.674s][info ][safepoint     ] Leaving safepoint region
[2023-11-13T00:48:57.942+0000][2327.674s][info ][safepoint     ] Total time for which application threads were stopped: 0.0002679 seconds, Stopping threads took: 0.0000717 seconds
[2023-11-13T00:48:58.942+0000][2328.675s][debug][safepoint     ] Safepoint synchronization initiated. (171 threads)
[2023-11-13T00:48:58.942+0000][2328.675s][info ][safepoint     ] Application time: 1.0002600 seconds
[2023-11-13T00:48:58.942+0000][2328.675s][info ][safepoint     ] Entering safepoint region: Cleanup
[2023-11-13T00:48:58.943+0000][2328.675s][info ][safepoint     ] Leaving safepoint region
[2023-11-13T00:48:58.943+0000][2328.675s][info ][safepoint     ] Total time for which application threads were stopped: 0.0005392 seconds, Stopping threads took: 0.0001093 seconds
[2023-11-13T00:48:59.943+0000][2329.675s][debug][safepoint     ] Safepoint synchronization initiated. (171 threads)
[2023-11-13T00:48:59.943+0000][2329.676s][info ][safepoint     ] Application time: 1.0003279 seconds
[2023-11-13T00:48:59.943+0000][2329.676s][info ][safepoint     ] Entering safepoint region: Cleanup
[2023-11-13T00:48:59.944+0000][2329.676s][info ][safepoint     ] Leaving safepoint region
[2023-11-13T00:48:59.944+0000][2329.676s][info ][safepoint     ] Total time for which application threads were stopped: 0.0005150 seconds, Stopping threads took: 0.0001091 seconds
[2023-11-13T00:49:00.945+0000][2330.677s][debug][safepoint     ] Safepoint synchronization initiated. (171 threads)
[2023-11-13T00:49:00.945+0000][2330.677s][info ][safepoint     ] Application time: 1.0013254 seconds
[2023-11-13T00:49:00.946+0000][2330.678s][info ][safepoint     ] Entering safepoint region: Cleanup
[2023-11-13T00:49:00.946+0000][2330.679s][info ][safepoint     ] Leaving safepoint region
[2023-11-13T00:49:00.946+0000][2330.679s][info ][safepoint     ] Total time for which application threads were stopped: 0.0004826 seconds, Stopping threads took: 0.0001097 seconds
[2023-11-13T00:49:01.946+0000][2331.679s][debug][safepoint     ] Safepoint synchronization initiated. (171 threads)
[2023-11-13T00:49:01.947+0000][2331.679s][info ][safepoint     ] Application time: 1.0003074 seconds
[2023-11-13T00:49:01.947+0000][2331.679s][info ][safepoint     ] Entering safepoint region: Cleanup
[2023-11-13T00:49:01.947+0000][2331.679s][info ][safepoint     ] Leaving safepoint region
[2023-11-13T00:49:01.947+0000][2331.680s][info ][safepoint     ] Total time for which application threads were stopped: 0.0005814 seconds, Stopping threads took: 0.0001096 seconds
[2023-11-13T00:49:02.947+0000][2332.680s][debug][safepoint     ] Safepoint synchronization initiated. (171 threads)
[2023-11-13T00:49:02.947+0000][2332.680s][info ][safepoint     ] Application time: 1.0001762 seconds
[2023-11-13T00:49:02.948+0000][2332.680s][info ][safepoint     ] Entering safepoint region: Cleanup
[2023-11-13T00:49:02.948+0000][2332.680s][info ][safepoint     ] Leaving safepoint region
[2023-11-13T00:49:02.948+0000][2332.680s][info ][safepoint     ] Total time for which application threads were stopped: 0.0003011 seconds, Stopping threads took: 0.0000641 seconds
[2023-11-13T00:49:03.948+0000][2333.680s][debug][safepoint     ] Safepoint synchronization initiated. (171 threads)
[2023-11-13T00:49:03.948+0000][2333.680s][info ][safepoint     ] Application time: 1.0001649 seconds
[2023-11-13T00:49:03.948+0000][2333.680s][info ][safepoint     ] Entering safepoint region: Cleanup
[2023-11-13T00:49:03.948+0000][2333.681s][info ][safepoint     ] Leaving safepoint region
[2023-11-13T00:49:03.948+0000][2333.681s][info ][safepoint     ] Total time for which application threads were stopped: 0.0003433 seconds, Stopping threads took: 0.0000984 seconds
[2023-11-13T00:49:04.948+0000][2334.681s][debug][safepoint     ] Safepoint synchronization initiated. (171 threads)
[2023-11-13T00:49:04.949+0000][2334.681s][info ][safepoint     ] Application time: 1.0006309 seconds
[2023-11-13T00:49:04.949+0000][2334.681s][info ][safepoint     ] Entering safepoint region: Cleanup
[2023-11-13T00:49:04.950+0000][2334.682s][info ][safepoint     ] Leaving safepoint region
[2023-11-13T00:49:04.950+0000][2334.682s][info ][safepoint     ] Total time for which application threads were stopped: 0.0005357 seconds, Stopping threads took: 0.0001839 seconds
[2023-11-13T00:49:05.950+0000][2335.682s][debug][safepoint     ] Safepoint synchronization initiated. (171 threads)
[2023-11-13T00:49:05.950+0000][2335.682s][info ][safepoint     ] Application time: 1.0003300 seconds
[2023-11-13T00:49:05.950+0000][2335.682s][info ][safepoint     ] Entering safepoint region: Cleanup
[2023-11-13T00:49:05.951+0000][2335.683s][info ][safepoint     ] Leaving safepoint region
[2023-11-13T00:49:05.951+0000][2335.683s][info ][safepoint     ] Total time for which application threads were stopped: 0.0005387 seconds, Stopping threads took: 0.0001101 seconds
[2023-11-13T00:49:06.951+0000][2336.683s][debug][safepoint     ] Safepoint synchronization initiated. (171 threads)
[2023-11-13T00:49:06.951+0000][2336.683s][info ][safepoint     ] Application time: 1.0003105 seconds
[2023-11-13T00:49:06.951+0000][2336.683s][info ][safepoint     ] Entering safepoint region: Cleanup
[2023-11-13T00:49:06.952+0000][2336.684s][info ][safepoint     ] Leaving safepoint region
[2023-11-13T00:49:06.952+0000][2336.684s][info ][safepoint     ] Total time for which application threads were stopped: 0.0006412 seconds, Stopping threads took: 0.0000687 seconds
[2023-11-13T00:49:07.952+0000][2337.684s][debug][safepoint     ] Safepoint synchronization initiated. (171 threads)
[2023-11-13T00:49:07.952+0000][2337.684s][info ][safepoint     ] Application time: 1.0003748 seconds
[2023-11-13T00:49:07.952+0000][2337.685s][info ][safepoint     ] Entering safepoint region: Cleanup
[2023-11-13T00:49:07.953+0000][2337.685s][info ][safepoint     ] Leaving safepoint region
[2023-11-13T00:49:07.953+0000][2337.685s][info ][safepoint     ] Total time for which application threads were stopped: 0.0005091 seconds, Stopping threads took: 0.0001709 seconds
[2023-11-13T00:49:08.953+0000][2338.685s][debug][safepoint     ] Safepoint synchronization initiated. (171 threads)
[2023-11-13T00:49:08.954+0000][2338.686s][info ][safepoint     ] Application time: 1.0010176 seconds
[2023-11-13T00:49:08.954+0000][2338.687s][info ][safepoint     ] Entering safepoint region: Cleanup
[2023-11-13T00:49:08.955+0000][2338.687s][info ][safepoint     ] Leaving safepoint region
[2023-11-13T00:49:08.955+0000][2338.688s][info ][safepoint     ] Total time for which application threads were stopped: 0.0010762 seconds, Stopping threads took: 0.0003872 seconds
[2023-11-13T00:49:09.956+0000][2339.688s][debug][safepoint     ] Safepoint synchronization initiated. (171 threads)
[2023-11-13T00:49:09.956+0000][2339.689s][info ][safepoint     ] Application time: 1.0008370 seconds
[2023-11-13T00:49:09.957+0000][2339.689s][info ][safepoint     ] Entering safepoint region: Cleanup
[2023-11-13T00:49:09.957+0000][2339.690s][info ][safepoint     ] Leaving safepoint region
[2023-11-13T00:49:09.958+0000][2339.690s][info ][safepoint     ] Total time for which application threads were stopped: 0.0008242 seconds, Stopping threads took: 0.0002755 seconds
[2023-11-13T00:49:10.958+0000][2340.690s][debug][safepoint     ] Safepoint synchronization initiated. (171 threads)
[2023-11-13T00:49:10.958+0000][2340.691s][info ][safepoint     ] Application time: 1.0006473 seconds
[2023-11-13T00:49:10.959+0000][2340.691s][info ][safepoint     ] Entering safepoint region: Cleanup
[2023-11-13T00:49:10.960+0000][2340.692s][info ][safepoint     ] Leaving safepoint region
[2023-11-13T00:49:10.960+0000][2340.692s][info ][safepoint     ] Total time for which application threads were stopped: 0.0009338 seconds, Stopping threads took: 0.0003997 seconds
[2023-11-13T00:49:11.960+0000][2341.692s][debug][safepoint     ] Safepoint synchronization initiated. (171 threads)
[2023-11-13T00:49:11.961+0000][2341.693s][info ][safepoint     ] Application time: 1.0010629 seconds
[2023-11-13T00:49:11.961+0000][2341.694s][info ][safepoint     ] Entering safepoint region: Cleanup
[2023-11-13T00:49:11.962+0000][2341.695s][info ][safepoint     ] Leaving safepoint region
[2023-11-13T00:49:11.963+0000][2341.695s][info ][safepoint     ] Total time for which application threads were stopped: 0.0012975 seconds, Stopping threads took: 0.0004648 seconds
[2023-11-13T00:49:12.963+0000][2342.695s][debug][safepoint     ] Safepoint synchronization initiated. (171 threads)
[2023-11-13T00:49:12.963+0000][2342.696s][info ][safepoint     ] Application time: 1.0005978 seconds
[2023-11-13T00:49:12.964+0000][2342.696s][info ][safepoint     ] Entering safepoint region: Cleanup
[2023-11-13T00:49:12.964+0000][2342.696s][info ][safepoint     ] Leaving safepoint region
[2023-11-13T00:49:12.964+0000][2342.696s][info ][safepoint     ] Total time for which application threads were stopped: 0.0005514 seconds, Stopping threads took: 0.0001822 seconds
[2023-11-13T00:49:13.964+0000][2343.697s][debug][safepoint     ] Safepoint synchronization initiated. (171 threads)
[2023-11-13T00:49:13.964+0000][2343.697s][info ][safepoint     ] Application time: 1.0001696 seconds
[2023-11-13T00:49:13.965+0000][2343.697s][info ][safepoint     ] Entering safepoint region: Cleanup
[2023-11-13T00:49:13.965+0000][2343.697s][info ][safepoint     ] Leaving safepoint region
[2023-11-13T00:49:13.965+0000][2343.697s][info ][safepoint     ] Total time for which application threads were stopped: 0.0003270 seconds, Stopping threads took: 0.0000721 seconds
[2023-11-13T00:49:14.965+0000][2344.697s][debug][safepoint     ] Safepoint synchronization initiated. (171 threads)
[2023-11-13T00:49:14.965+0000][2344.697s][info ][safepoint     ] Application time: 1.0002032 seconds
[2023-11-13T00:49:14.965+0000][2344.697s][info ][safepoint     ] Entering safepoint region: Cleanup
[2023-11-13T00:49:14.965+0000][2344.698s][info ][safepoint     ] Leaving safepoint region
[2023-11-13T00:49:14.965+0000][2344.698s][info ][safepoint     ] Total time for which application threads were stopped: 0.0003177 seconds, Stopping threads took: 0.0000756 seconds
[2023-11-13T00:49:15.966+0000][2345.698s][debug][safepoint     ] Safepoint synchronization initiated. (171 threads)
[2023-11-13T00:49:15.966+0000][2345.699s][info ][safepoint     ] Application time: 1.0010645 seconds
[2023-11-13T00:49:15.967+0000][2345.699s][info ][safepoint     ] Entering safepoint region: Cleanup
[2023-11-13T00:49:15.968+0000][2345.700s][info ][safepoint     ] Leaving safepoint region
[2023-11-13T00:49:15.968+0000][2345.700s][info ][safepoint     ] Total time for which application threads were stopped: 0.0009138 seconds, Stopping threads took: 0.0003786 seconds
[2023-11-13T00:49:16.968+0000][2346.700s][debug][safepoint     ] Safepoint synchronization initiated. (171 threads)
[2023-11-13T00:49:16.968+0000][2346.700s][info ][safepoint     ] Application time: 1.0003171 seconds
[2023-11-13T00:49:16.968+0000][2346.700s][info ][safepoint     ] Entering safepoint region: Cleanup
[2023-11-13T00:49:16.970+0000][2346.702s][info ][safepoint     ] Leaving safepoint region
[2023-11-13T00:49:16.970+0000][2346.702s][info ][safepoint     ] Total time for which application threads were stopped: 0.0015466 seconds, Stopping threads took: 0.0008714 seconds
[2023-11-13T00:49:17.970+0000][2347.702s][debug][safepoint     ] Safepoint synchronization initiated. (171 threads)
[2023-11-13T00:49:17.970+0000][2347.702s][info ][safepoint     ] Application time: 1.0001809 seconds
[2023-11-13T00:49:17.970+0000][2347.702s][info ][safepoint     ] Entering safepoint region: Cleanup
[2023-11-13T00:49:17.970+0000][2347.703s][info ][safepoint     ] Leaving safepoint region
[2023-11-13T00:49:17.970+0000][2347.703s][info ][safepoint     ] Total time for which application threads were stopped: 0.0005245 seconds, Stopping threads took: 0.0001298 seconds
[2023-11-13T00:49:18.971+0000][2348.703s][debug][safepoint     ] Safepoint synchronization initiated. (171 threads)
[2023-11-13T00:49:18.971+0000][2348.703s][info ][safepoint     ] Application time: 1.0002991 seconds
[2023-11-13T00:49:18.971+0000][2348.703s][info ][safepoint     ] Entering safepoint region: Cleanup
[2023-11-13T00:49:18.971+0000][2348.704s][info ][safepoint     ] Leaving safepoint region
[2023-11-13T00:49:18.972+0000][2348.704s][info ][safepoint     ] Total time for which application threads were stopped: 0.0007793 seconds, Stopping threads took: 0.0001080 seconds
[2023-11-13T00:49:19.972+0000][2349.704s][debug][safepoint     ] Safepoint synchronization initiated. (171 threads)
[2023-11-13T00:49:19.972+0000][2349.704s][info ][safepoint     ] Application time: 1.0001899 seconds
[2023-11-13T00:49:19.972+0000][2349.704s][info ][safepoint     ] Entering safepoint region: Cleanup
[2023-11-13T00:49:19.972+0000][2349.704s][info ][safepoint     ] Leaving safepoint region
[2023-11-13T00:49:19.972+0000][2349.704s][info ][safepoint     ] Total time for which application threads were stopped: 0.0004171 seconds, Stopping threads took: 0.0000638 seconds
[2023-11-13T00:49:20.972+0000][2350.705s][debug][safepoint     ] Safepoint synchronization initiated. (171 threads)
[2023-11-13T00:49:20.972+0000][2350.705s][info ][safepoint     ] Application time: 1.0001667 seconds
[2023-11-13T00:49:20.972+0000][2350.705s][info ][safepoint     ] Entering safepoint region: Cleanup
[2023-11-13T00:49:20.973+0000][2350.705s][info ][safepoint     ] Leaving safepoint region
[2023-11-13T00:49:20.973+0000][2350.705s][info ][safepoint     ] Total time for which application threads were stopped: 0.0004631 seconds, Stopping threads took: 0.0000619 seconds
[2023-11-13T00:49:21.973+0000][2351.705s][debug][safepoint     ] Safepoint synchronization initiated. (171 threads)
[2023-11-13T00:49:21.973+0000][2351.705s][info ][safepoint     ] Application time: 1.0002787 seconds
[2023-11-13T00:49:21.973+0000][2351.706s][info ][safepoint     ] Entering safepoint region: Cleanup
[2023-11-13T00:49:21.974+0000][2351.706s][info ][safepoint     ] Leaving safepoint region
[2023-11-13T00:49:21.974+0000][2351.707s][info ][safepoint     ] Total time for which application threads were stopped: 0.0011564 seconds, Stopping threads took: 0.0001180 seconds
[2023-11-13T00:49:22.975+0000][2352.707s][debug][safepoint     ] Safepoint synchronization initiated. (171 threads)
[2023-11-13T00:49:22.975+0000][2352.707s][info ][safepoint     ] Application time: 1.0003583 seconds
[2023-11-13T00:49:22.975+0000][2352.707s][info ][safepoint     ] Entering safepoint region: Cleanup
[2023-11-13T00:49:22.976+0000][2352.708s][info ][safepoint     ] Leaving safepoint region
[2023-11-13T00:49:22.976+0000][2352.708s][info ][safepoint     ] Total time for which application threads were stopped: 0.0005333 seconds, Stopping threads took: 0.0001698 seconds
[2023-11-13T00:49:23.976+0000][2353.708s][debug][safepoint     ] Safepoint synchronization initiated. (171 threads)
[2023-11-13T00:49:23.976+0000][2353.708s][info ][safepoint     ] Application time: 1.0003422 seconds
[2023-11-13T00:49:23.976+0000][2353.709s][info ][safepoint     ] Entering safepoint region: Cleanup
[2023-11-13T00:49:23.977+0000][2353.709s][info ][safepoint     ] Leaving safepoint region
[2023-11-13T00:49:23.977+0000][2353.709s][info ][safepoint     ] Total time for which application threads were stopped: 0.0005564 seconds, Stopping threads took: 0.0001790 seconds
[2023-11-13T00:49:24.977+0000][2354.709s][debug][safepoint     ] Safepoint synchronization initiated. (171 threads)
[2023-11-13T00:49:24.977+0000][2354.710s][info ][safepoint     ] Application time: 1.0003251 seconds
[2023-11-13T00:49:24.977+0000][2354.710s][info ][safepoint     ] Entering safepoint region: Cleanup
[2023-11-13T00:49:24.978+0000][2354.710s][info ][safepoint     ] Leaving safepoint region
[2023-11-13T00:49:24.978+0000][2354.710s][info ][safepoint     ] Total time for which application threads were stopped: 0.0005910 seconds, Stopping threads took: 0.0001680 seconds
[2023-11-13T00:49:25.978+0000][2355.711s][debug][safepoint     ] Safepoint synchronization initiated. (171 threads)
[2023-11-13T00:49:25.978+0000][2355.711s][info ][safepoint     ] Application time: 1.0002601 seconds
[2023-11-13T00:49:25.979+0000][2355.711s][info ][safepoint     ] Entering safepoint region: Cleanup
[2023-11-13T00:49:25.979+0000][2355.712s][info ][safepoint     ] Leaving safepoint region
[2023-11-13T00:49:25.979+0000][2355.712s][info ][safepoint     ] Total time for which application threads were stopped: 0.0008218 seconds, Stopping threads took: 0.0001191 seconds
[2023-11-13T00:49:26.979+0000][2356.712s][debug][safepoint     ] Safepoint synchronization initiated. (171 threads)
[2023-11-13T00:49:26.980+0000][2356.712s][info ][safepoint     ] Application time: 1.0002600 seconds
[2023-11-13T00:49:26.980+0000][2356.712s][info ][safepoint     ] Entering safepoint region: Cleanup
[2023-11-13T00:49:26.981+0000][2356.713s][info ][safepoint     ] Leaving safepoint region
[2023-11-13T00:49:26.981+0000][2356.713s][info ][safepoint     ] Total time for which application threads were stopped: 0.0009517 seconds, Stopping threads took: 0.0001113 seconds
[2023-11-13T00:49:27.981+0000][2357.713s][debug][safepoint     ] Safepoint synchronization initiated. (171 threads)
[2023-11-13T00:49:27.981+0000][2357.713s][info ][safepoint     ] Application time: 1.0002765 seconds
[2023-11-13T00:49:27.981+0000][2357.713s][info ][safepoint     ] Entering safepoint region: Cleanup
[2023-11-13T00:49:27.981+0000][2357.714s][info ][safepoint     ] Leaving safepoint region
[2023-11-13T00:49:27.981+0000][2357.714s][info ][safepoint     ] Total time for which application threads were stopped: 0.0004276 seconds, Stopping threads took: 0.0000640 seconds
[2023-11-13T00:49:28.981+0000][2358.714s][debug][safepoint     ] Safepoint synchronization initiated. (171 threads)
[2023-11-13T00:49:28.982+0000][2358.714s][info ][safepoint     ] Application time: 1.0001733 seconds
[2023-11-13T00:49:28.982+0000][2358.714s][info ][safepoint     ] Entering safepoint region: Cleanup
[2023-11-13T00:49:28.982+0000][2358.714s][info ][safepoint     ] Leaving safepoint region
[2023-11-13T00:49:28.982+0000][2358.714s][info ][safepoint     ] Total time for which application threads were stopped: 0.0004931 seconds, Stopping threads took: 0.0000683 seconds
[2023-11-13T00:49:29.982+0000][2359.714s][debug][safepoint     ] Safepoint synchronization initiated. (171 threads)
[2023-11-13T00:49:29.982+0000][2359.715s][info ][safepoint     ] Application time: 1.0002560 seconds
[2023-11-13T00:49:29.983+0000][2359.715s][info ][safepoint     ] Entering safepoint region: Cleanup
[2023-11-13T00:49:29.983+0000][2359.715s][info ][safepoint     ] Leaving safepoint region
[2023-11-13T00:49:29.983+0000][2359.715s][info ][safepoint     ] Total time for which application threads were stopped: 0.0008585 seconds, Stopping threads took: 0.0003744 seconds
[2023-11-13T00:49:30.983+0000][2360.716s][debug][safepoint     ] Safepoint synchronization initiated. (171 threads)
[2023-11-13T00:49:30.983+0000][2360.716s][info ][safepoint     ] Application time: 1.0001922 seconds
[2023-11-13T00:49:30.984+0000][2360.716s][info ][safepoint     ] Entering safepoint region: Cleanup
[2023-11-13T00:49:30.984+0000][2360.717s][info ][safepoint     ] Leaving safepoint region
[2023-11-13T00:49:30.984+0000][2360.717s][info ][safepoint     ] Total time for which application threads were stopped: 0.0004258 seconds, Stopping threads took: 0.0000866 seconds
[2023-11-13T00:49:31.986+0000][2361.718s][debug][safepoint     ] Safepoint synchronization initiated. (171 threads)
[2023-11-13T00:49:31.986+0000][2361.718s][info ][safepoint     ] Application time: 1.0016124 seconds
[2023-11-13T00:49:31.986+0000][2361.718s][info ][safepoint     ] Entering safepoint region: Cleanup
[2023-11-13T00:49:31.986+0000][2361.719s][info ][safepoint     ] Leaving safepoint region
[2023-11-13T00:49:31.986+0000][2361.719s][info ][safepoint     ] Total time for which application threads were stopped: 0.0004546 seconds, Stopping threads took: 0.0000846 seconds
[2023-11-13T00:49:32.987+0000][2362.719s][debug][safepoint     ] Safepoint synchronization initiated. (171 threads)
[2023-11-13T00:49:32.987+0000][2362.719s][info ][safepoint     ] Application time: 1.0001744 seconds
[2023-11-13T00:49:32.987+0000][2362.719s][info ][safepoint     ] Entering safepoint region: Cleanup
[2023-11-13T00:49:32.987+0000][2362.719s][info ][safepoint     ] Leaving safepoint region
[2023-11-13T00:49:32.987+0000][2362.719s][info ][safepoint     ] Total time for which application threads were stopped: 0.0004358 seconds, Stopping threads took: 0.0000656 seconds
[2023-11-13T00:49:33.987+0000][2363.719s][debug][safepoint     ] Safepoint synchronization initiated. (171 threads)
[2023-11-13T00:49:33.987+0000][2363.720s][info ][safepoint     ] Application time: 1.0001850 seconds
[2023-11-13T00:49:33.987+0000][2363.720s][info ][safepoint     ] Entering safepoint region: Cleanup
[2023-11-13T00:49:33.988+0000][2363.720s][info ][safepoint     ] Leaving safepoint region
[2023-11-13T00:49:33.988+0000][2363.720s][info ][safepoint     ] Total time for which application threads were stopped: 0.0004170 seconds, Stopping threads took: 0.0000608 seconds
[2023-11-13T00:49:34.988+0000][2364.720s][debug][safepoint     ] Safepoint synchronization initiated. (171 threads)
[2023-11-13T00:49:34.988+0000][2364.720s][info ][safepoint     ] Application time: 1.0002528 seconds
[2023-11-13T00:49:34.988+0000][2364.720s][info ][safepoint     ] Entering safepoint region: Cleanup
[2023-11-13T00:49:34.989+0000][2364.721s][info ][safepoint     ] Leaving safepoint region
[2023-11-13T00:49:34.989+0000][2364.721s][info ][safepoint     ] Total time for which application threads were stopped: 0.0006934 seconds, Stopping threads took: 0.0001228 seconds
[2023-11-13T00:49:35.989+0000][2365.721s][debug][safepoint     ] Safepoint synchronization initiated. (171 threads)
[2023-11-13T00:49:35.989+0000][2365.721s][info ][safepoint     ] Application time: 1.0001974 seconds
[2023-11-13T00:49:35.989+0000][2365.722s][info ][safepoint     ] Entering safepoint region: Cleanup
[2023-11-13T00:49:35.990+0000][2365.722s][info ][safepoint     ] Leaving safepoint region
[2023-11-13T00:49:35.990+0000][2365.722s][info ][safepoint     ] Total time for which application threads were stopped: 0.0004139 seconds, Stopping threads took: 0.0000755 seconds
[2023-11-13T00:49:36.990+0000][2366.722s][debug][safepoint     ] Safepoint synchronization initiated. (171 threads)
[2023-11-13T00:49:36.990+0000][2366.722s][info ][safepoint     ] Application time: 1.0001860 seconds
[2023-11-13T00:49:36.990+0000][2366.722s][info ][safepoint     ] Entering safepoint region: Cleanup
[2023-11-13T00:49:36.990+0000][2366.723s][info ][safepoint     ] Leaving safepoint region
[2023-11-13T00:49:36.990+0000][2366.723s][info ][safepoint     ] Total time for which application threads were stopped: 0.0003564 seconds, Stopping threads took: 0.0000920 seconds
[2023-11-13T00:49:37.991+0000][2367.723s][debug][safepoint     ] Safepoint synchronization initiated. (171 threads)
[2023-11-13T00:49:37.991+0000][2367.723s][info ][safepoint     ] Application time: 1.0002012 seconds
[2023-11-13T00:49:37.991+0000][2367.723s][info ][safepoint     ] Entering safepoint region: Cleanup
[2023-11-13T00:49:37.991+0000][2367.723s][info ][safepoint     ] Leaving safepoint region
[2023-11-13T00:49:37.991+0000][2367.723s][info ][safepoint     ] Total time for which application threads were stopped: 0.0002955 seconds, Stopping threads took: 0.0000647 seconds
[2023-11-13T00:49:38.991+0000][2368.723s][debug][safepoint     ] Safepoint synchronization initiated. (170 threads)
[2023-11-13T00:49:38.992+0000][2368.724s][info ][safepoint     ] Application time: 1.0005711 seconds
[2023-11-13T00:49:38.992+0000][2368.724s][info ][safepoint     ] Entering safepoint region: Cleanup
[2023-11-13T00:49:38.992+0000][2368.724s][info ][safepoint     ] Leaving safepoint region
[2023-11-13T00:49:38.992+0000][2368.725s][info ][safepoint     ] Total time for which application threads were stopped: 0.0005402 seconds, Stopping threads took: 0.0001805 seconds
[2023-11-13T00:49:39.993+0000][2369.725s][debug][safepoint     ] Safepoint synchronization initiated. (170 threads)
[2023-11-13T00:49:39.993+0000][2369.725s][info ][safepoint     ] Application time: 1.0005795 seconds
[2023-11-13T00:49:39.993+0000][2369.725s][info ][safepoint     ] Entering safepoint region: Cleanup
[2023-11-13T00:49:39.994+0000][2369.726s][info ][safepoint     ] Leaving safepoint region
[2023-11-13T00:49:39.994+0000][2369.726s][info ][safepoint     ] Total time for which application threads were stopped: 0.0005123 seconds, Stopping threads took: 0.0001702 seconds
[2023-11-13T00:49:40.994+0000][2370.726s][debug][safepoint     ] Safepoint synchronization initiated. (170 threads)
[2023-11-13T00:49:40.994+0000][2370.726s][info ][safepoint     ] Application time: 1.0002570 seconds
[2023-11-13T00:49:40.994+0000][2370.726s][info ][safepoint     ] Entering safepoint region: Cleanup
[2023-11-13T00:49:40.994+0000][2370.727s][info ][safepoint     ] Leaving safepoint region
[2023-11-13T00:49:40.994+0000][2370.727s][info ][safepoint     ] Total time for which application threads were stopped: 0.0002858 seconds, Stopping threads took: 0.0000603 seconds
[2023-11-13T00:49:41.995+0000][2371.727s][debug][safepoint     ] Safepoint synchronization initiated. (170 threads)
[2023-11-13T00:49:41.995+0000][2371.728s][info ][safepoint     ] Application time: 1.0009021 seconds
[2023-11-13T00:49:41.996+0000][2371.728s][info ][safepoint     ] Entering safepoint region: Cleanup
[2023-11-13T00:49:41.996+0000][2371.728s][info ][safepoint     ] Leaving safepoint region
[2023-11-13T00:49:41.996+0000][2371.729s][info ][safepoint     ] Total time for which application threads were stopped: 0.0008732 seconds, Stopping threads took: 0.0003061 seconds
[2023-11-13T00:49:42.997+0000][2372.729s][debug][safepoint     ] Safepoint synchronization initiated. (170 threads)
[2023-11-13T00:49:42.997+0000][2372.729s][info ][safepoint     ] Application time: 1.0004328 seconds
[2023-11-13T00:49:42.997+0000][2372.730s][info ][safepoint     ] Entering safepoint region: Cleanup
[2023-11-13T00:49:42.998+0000][2372.730s][info ][safepoint     ] Leaving safepoint region
[2023-11-13T00:49:42.998+0000][2372.730s][info ][safepoint     ] Total time for which application threads were stopped: 0.0005542 seconds, Stopping threads took: 0.0002371 seconds
[2023-11-13T00:49:43.998+0000][2373.730s][debug][safepoint     ] Safepoint synchronization initiated. (170 threads)
[2023-11-13T00:49:43.998+0000][2373.730s][info ][safepoint     ] Application time: 1.0002872 seconds
[2023-11-13T00:49:43.998+0000][2373.730s][info ][safepoint     ] Entering safepoint region: Cleanup
[2023-11-13T00:49:43.999+0000][2373.731s][info ][safepoint     ] Leaving safepoint region
[2023-11-13T00:49:43.999+0000][2373.731s][info ][safepoint     ] Total time for which application threads were stopped: 0.0005191 seconds, Stopping threads took: 0.0001150 seconds
[2023-11-13T00:49:44.999+0000][2374.731s][debug][safepoint     ] Safepoint synchronization initiated. (170 threads)
[2023-11-13T00:49:44.999+0000][2374.731s][info ][safepoint     ] Application time: 1.0001621 seconds
[2023-11-13T00:49:44.999+0000][2374.731s][info ][safepoint     ] Entering safepoint region: Cleanup
[2023-11-13T00:49:44.999+0000][2374.732s][info ][safepoint     ] Leaving safepoint region
[2023-11-13T00:49:45.000+0000][2374.732s][info ][safepoint     ] Total time for which application threads were stopped: 0.0006325 seconds, Stopping threads took: 0.0000637 seconds
[2023-11-13T00:49:46.000+0000][2375.732s][debug][safepoint     ] Safepoint synchronization initiated. (170 threads)
[2023-11-13T00:49:46.000+0000][2375.732s][info ][safepoint     ] Application time: 1.0002937 seconds
[2023-11-13T00:49:46.000+0000][2375.732s][info ][safepoint     ] Entering safepoint region: Cleanup
[2023-11-13T00:49:46.001+0000][2375.733s][info ][safepoint     ] Leaving safepoint region
[2023-11-13T00:49:46.001+0000][2375.733s][info ][safepoint     ] Total time for which application threads were stopped: 0.0011324 seconds, Stopping threads took: 0.0001114 seconds
[2023-11-13T00:49:47.001+0000][2376.733s][debug][safepoint     ] Safepoint synchronization initiated. (170 threads)
[2023-11-13T00:49:47.001+0000][2376.734s][info ][safepoint     ] Application time: 1.0001735 seconds
[2023-11-13T00:49:47.001+0000][2376.734s][info ][safepoint     ] Entering safepoint region: Cleanup
[2023-11-13T00:49:47.002+0000][2376.734s][info ][safepoint     ] Leaving safepoint region
[2023-11-13T00:49:47.002+0000][2376.734s][info ][safepoint     ] Total time for which application threads were stopped: 0.0006343 seconds, Stopping threads took: 0.0000699 seconds
[2023-11-13T00:49:48.002+0000][2377.734s][debug][safepoint     ] Safepoint synchronization initiated. (170 threads)
[2023-11-13T00:49:48.002+0000][2377.734s][info ][safepoint     ] Application time: 1.0001701 seconds
[2023-11-13T00:49:48.002+0000][2377.734s][info ][safepoint     ] Entering safepoint region: Cleanup
[2023-11-13T00:49:48.003+0000][2377.735s][info ][safepoint     ] Leaving safepoint region
[2023-11-13T00:49:48.003+0000][2377.735s][info ][safepoint     ] Total time for which application threads were stopped: 0.0004570 seconds, Stopping threads took: 0.0000939 seconds
[2023-11-13T00:49:49.003+0000][2378.735s][debug][safepoint     ] Safepoint synchronization initiated. (170 threads)
[2023-11-13T00:49:49.003+0000][2378.735s][info ][safepoint     ] Application time: 1.0001924 seconds
[2023-11-13T00:49:49.003+0000][2378.735s][info ][safepoint     ] Entering safepoint region: Cleanup
[2023-11-13T00:49:49.003+0000][2378.736s][info ][safepoint     ] Leaving safepoint region
[2023-11-13T00:49:49.003+0000][2378.736s][info ][safepoint     ] Total time for which application threads were stopped: 0.0004878 seconds, Stopping threads took: 0.0001762 seconds
[2023-11-13T00:49:50.003+0000][2379.736s][debug][safepoint     ] Safepoint synchronization initiated. (170 threads)
[2023-11-13T00:49:50.003+0000][2379.736s][info ][safepoint     ] Application time: 1.0001847 seconds
[2023-11-13T00:49:50.004+0000][2379.736s][info ][safepoint     ] Entering safepoint region: Cleanup
[2023-11-13T00:49:50.004+0000][2379.736s][info ][safepoint     ] Leaving safepoint region
[2023-11-13T00:49:50.004+0000][2379.736s][info ][safepoint     ] Total time for which application threads were stopped: 0.0003113 seconds, Stopping threads took: 0.0000644 seconds
[2023-11-13T00:49:51.004+0000][2380.736s][debug][safepoint     ] Safepoint synchronization initiated. (170 threads)
[2023-11-13T00:49:51.004+0000][2380.736s][info ][safepoint     ] Application time: 1.0001671 seconds
[2023-11-13T00:49:51.004+0000][2380.736s][info ][safepoint     ] Entering safepoint region: Cleanup
[2023-11-13T00:49:51.004+0000][2380.737s][info ][safepoint     ] Leaving safepoint region
[2023-11-13T00:49:51.004+0000][2380.737s][info ][safepoint     ] Total time for which application threads were stopped: 0.0003386 seconds, Stopping threads took: 0.0000694 seconds
[2023-11-13T00:49:52.004+0000][2381.737s][debug][safepoint     ] Safepoint synchronization initiated. (170 threads)
[2023-11-13T00:49:52.005+0000][2381.737s][info ][safepoint     ] Application time: 1.0001768 seconds
[2023-11-13T00:49:52.005+0000][2381.737s][info ][safepoint     ] Entering safepoint region: Cleanup
[2023-11-13T00:49:52.005+0000][2381.737s][info ][safepoint     ] Leaving safepoint region
[2023-11-13T00:49:52.005+0000][2381.737s][info ][safepoint     ] Total time for which application threads were stopped: 0.0003338 seconds, Stopping threads took: 0.0000757 seconds
[2023-11-13T00:49:53.005+0000][2382.737s][debug][safepoint     ] Safepoint synchronization initiated. (170 threads)
[2023-11-13T00:49:53.005+0000][2382.737s][info ][safepoint     ] Application time: 1.0001591 seconds
[2023-11-13T00:49:53.005+0000][2382.737s][info ][safepoint     ] Entering safepoint region: Cleanup
[2023-11-13T00:49:53.005+0000][2382.738s][info ][safepoint     ] Leaving safepoint region
[2023-11-13T00:49:53.005+0000][2382.738s][info ][safepoint     ] Total time for which application threads were stopped: 0.0003384 seconds, Stopping threads took: 0.0000656 seconds
[2023-11-13T00:49:54.006+0000][2383.738s][debug][safepoint     ] Safepoint synchronization initiated. (170 threads)
[2023-11-13T00:49:54.006+0000][2383.738s][info ][safepoint     ] Application time: 1.0002117 seconds
[2023-11-13T00:49:54.006+0000][2383.739s][debug][safepoint     ] ... found polling page return exception at pc = 0x00007f379922a1b7, stub =0x00007f3790841800
[2023-11-13T00:49:54.007+0000][2383.739s][debug][safepoint     ] Waiting for 1 thread(s) to block
[2023-11-13T00:49:54.007+0000][2383.739s][info ][safepoint     ] Entering safepoint region: Cleanup
[2023-11-13T00:49:54.007+0000][2383.740s][info ][safepoint     ] Leaving safepoint region
[2023-11-13T00:49:54.008+0000][2383.740s][info ][safepoint     ] Total time for which application threads were stopped: 0.0018337 seconds, Stopping threads took: 0.0013935 seconds
[2023-11-13T00:49:55.008+0000][2384.740s][debug][safepoint     ] Safepoint synchronization initiated. (170 threads)
[2023-11-13T00:49:55.008+0000][2384.740s][info ][safepoint     ] Application time: 1.0001865 seconds
[2023-11-13T00:49:55.008+0000][2384.740s][info ][safepoint     ] Entering safepoint region: Cleanup
[2023-11-13T00:49:55.008+0000][2384.740s][info ][safepoint     ] Leaving safepoint region
[2023-11-13T00:49:55.008+0000][2384.740s][info ][safepoint     ] Total time for which application threads were stopped: 0.0003476 seconds, Stopping threads took: 0.0000659 seconds
[2023-11-13T00:49:56.008+0000][2385.741s][debug][safepoint     ] Safepoint synchronization initiated. (170 threads)
[2023-11-13T00:49:56.008+0000][2385.741s][info ][safepoint     ] Application time: 1.0001887 seconds
[2023-11-13T00:49:56.008+0000][2385.741s][info ][safepoint     ] Entering safepoint region: Cleanup
[2023-11-13T00:49:56.009+0000][2385.741s][info ][safepoint     ] Leaving safepoint region
[2023-11-13T00:49:56.009+0000][2385.741s][info ][safepoint     ] Total time for which application threads were stopped: 0.0003485 seconds, Stopping threads took: 0.0000726 seconds
[2023-11-13T00:49:57.009+0000][2386.741s][debug][safepoint     ] Safepoint synchronization initiated. (170 threads)
[2023-11-13T00:49:57.009+0000][2386.741s][info ][safepoint     ] Application time: 1.0001724 seconds
[2023-11-13T00:49:57.009+0000][2386.741s][info ][safepoint     ] Entering safepoint region: Cleanup
[2023-11-13T00:49:57.009+0000][2386.741s][info ][safepoint     ] Leaving safepoint region
[2023-11-13T00:49:57.009+0000][2386.742s][info ][safepoint     ] Total time for which application threads were stopped: 0.0003571 seconds, Stopping threads took: 0.0000638 seconds
[2023-11-13T00:49:58.009+0000][2387.742s][debug][safepoint     ] Safepoint synchronization initiated. (170 threads)
[2023-11-13T00:49:58.009+0000][2387.742s][info ][safepoint     ] Application time: 1.0001572 seconds
[2023-11-13T00:49:58.009+0000][2387.742s][info ][safepoint     ] Entering safepoint region: Cleanup
[2023-11-13T00:49:58.010+0000][2387.742s][info ][safepoint     ] Leaving safepoint region
[2023-11-13T00:49:58.010+0000][2387.742s][info ][safepoint     ] Total time for which application threads were stopped: 0.0003270 seconds, Stopping threads took: 0.0000671 seconds
[2023-11-13T00:49:59.010+0000][2388.742s][debug][safepoint     ] Safepoint synchronization initiated. (170 threads)
[2023-11-13T00:49:59.010+0000][2388.742s][info ][safepoint     ] Application time: 1.0001365 seconds
[2023-11-13T00:49:59.010+0000][2388.742s][info ][safepoint     ] Entering safepoint region: Cleanup
[2023-11-13T00:49:59.010+0000][2388.743s][info ][safepoint     ] Leaving safepoint region
[2023-11-13T00:49:59.010+0000][2388.743s][info ][safepoint     ] Total time for which application threads were stopped: 0.0003380 seconds, Stopping threads took: 0.0000911 seconds
[2023-11-13T00:50:00.011+0000][2389.743s][debug][safepoint     ] Safepoint synchronization initiated. (170 threads)
[2023-11-13T00:50:00.011+0000][2389.743s][info ][safepoint     ] Application time: 1.0004274 seconds
[2023-11-13T00:50:00.011+0000][2389.743s][info ][safepoint     ] Entering safepoint region: Cleanup
[2023-11-13T00:50:00.011+0000][2389.743s][info ][safepoint     ] Leaving safepoint region
[2023-11-13T00:50:00.011+0000][2389.743s][info ][safepoint     ] Total time for which application threads were stopped: 0.0003636 seconds, Stopping threads took: 0.0000644 seconds
[2023-11-13T00:50:01.011+0000][2390.743s][debug][safepoint     ] Safepoint synchronization initiated. (170 threads)
[2023-11-13T00:50:01.011+0000][2390.744s][info ][safepoint     ] Application time: 1.0001599 seconds
[2023-11-13T00:50:01.011+0000][2390.744s][info ][safepoint     ] Entering safepoint region: Cleanup
[2023-11-13T00:50:01.012+0000][2390.744s][info ][safepoint     ] Leaving safepoint region
[2023-11-13T00:50:01.012+0000][2390.744s][info ][safepoint     ] Total time for which application threads were stopped: 0.0003565 seconds, Stopping threads took: 0.0000994 seconds
[2023-11-13T00:50:02.012+0000][2391.744s][debug][safepoint     ] Safepoint synchronization initiated. (170 threads)
[2023-11-13T00:50:02.012+0000][2391.744s][info ][safepoint     ] Application time: 1.0001660 seconds
[2023-11-13T00:50:02.012+0000][2391.744s][info ][safepoint     ] Entering safepoint region: Cleanup
[2023-11-13T00:50:02.012+0000][2391.744s][info ][safepoint     ] Leaving safepoint region
[2023-11-13T00:50:02.012+0000][2391.744s][info ][safepoint     ] Total time for which application threads were stopped: 0.0003308 seconds, Stopping threads took: 0.0000652 seconds
[2023-11-13T00:50:03.012+0000][2392.745s][debug][safepoint     ] Safepoint synchronization initiated. (170 threads)
[2023-11-13T00:50:03.012+0000][2392.745s][info ][safepoint     ] Application time: 1.0002568 seconds
[2023-11-13T00:50:03.013+0000][2392.745s][info ][safepoint     ] Entering safepoint region: Cleanup
[2023-11-13T00:50:03.013+0000][2392.745s][info ][safepoint     ] Leaving safepoint region
[2023-11-13T00:50:03.013+0000][2392.745s][info ][safepoint     ] Total time for which application threads were stopped: 0.0006146 seconds, Stopping threads took: 0.0001127 seconds
[2023-11-13T00:50:04.013+0000][2393.746s][debug][safepoint     ] Safepoint synchronization initiated. (170 threads)
[2023-11-13T00:50:04.013+0000][2393.746s][info ][safepoint     ] Application time: 1.0001804 seconds
[2023-11-13T00:50:04.013+0000][2393.746s][info ][safepoint     ] Entering safepoint region: Cleanup
[2023-11-13T00:50:04.014+0000][2393.746s][info ][safepoint     ] Leaving safepoint region
[2023-11-13T00:50:04.014+0000][2393.746s][info ][safepoint     ] Total time for which application threads were stopped: 0.0003662 seconds, Stopping threads took: 0.0000654 seconds
[2023-11-13T00:50:05.014+0000][2394.746s][debug][safepoint     ] Safepoint synchronization initiated. (170 threads)
[2023-11-13T00:50:05.014+0000][2394.746s][info ][safepoint     ] Application time: 1.0002919 seconds
[2023-11-13T00:50:05.014+0000][2394.746s][info ][safepoint     ] Entering safepoint region: Cleanup
[2023-11-13T00:50:05.015+0000][2394.747s][info ][safepoint     ] Leaving safepoint region
[2023-11-13T00:50:05.015+0000][2394.747s][info ][safepoint     ] Total time for which application threads were stopped: 0.0006151 seconds, Stopping threads took: 0.0001187 seconds
[2023-11-13T00:50:06.015+0000][2395.747s][debug][safepoint     ] Safepoint synchronization initiated. (170 threads)
[2023-11-13T00:50:06.015+0000][2395.747s][info ][safepoint     ] Application time: 1.0002069 seconds
[2023-11-13T00:50:06.015+0000][2395.747s][info ][safepoint     ] Entering safepoint region: Cleanup
[2023-11-13T00:50:06.015+0000][2395.748s][info ][safepoint     ] Leaving safepoint region
[2023-11-13T00:50:06.015+0000][2395.748s][info ][safepoint     ] Total time for which application threads were stopped: 0.0003740 seconds, Stopping threads took: 0.0000707 seconds
[2023-11-13T00:50:07.015+0000][2396.748s][debug][safepoint     ] Safepoint synchronization initiated. (170 threads)
[2023-11-13T00:50:07.016+0000][2396.748s][info ][safepoint     ] Application time: 1.0001885 seconds
[2023-11-13T00:50:07.016+0000][2396.748s][info ][safepoint     ] Entering safepoint region: Cleanup
[2023-11-13T00:50:07.016+0000][2396.748s][info ][safepoint     ] Leaving safepoint region
[2023-11-13T00:50:07.016+0000][2396.748s][info ][safepoint     ] Total time for which application threads were stopped: 0.0003333 seconds, Stopping threads took: 0.0000683 seconds
[2023-11-13T00:50:08.016+0000][2397.748s][debug][safepoint     ] Safepoint synchronization initiated. (170 threads)
[2023-11-13T00:50:08.016+0000][2397.748s][info ][safepoint     ] Application time: 1.0002552 seconds
[2023-11-13T00:50:08.016+0000][2397.749s][info ][safepoint     ] Entering safepoint region: Cleanup
[2023-11-13T00:50:08.017+0000][2397.749s][info ][safepoint     ] Leaving safepoint region
[2023-11-13T00:50:08.017+0000][2397.749s][info ][safepoint     ] Total time for which application threads were stopped: 0.0006155 seconds, Stopping threads took: 0.0001149 seconds
[2023-11-13T00:50:09.017+0000][2398.749s][debug][safepoint     ] Safepoint synchronization initiated. (170 threads)
[2023-11-13T00:50:09.017+0000][2398.749s][info ][safepoint     ] Application time: 1.0002203 seconds
[2023-11-13T00:50:09.017+0000][2398.749s][info ][safepoint     ] Entering safepoint region: Cleanup
[2023-11-13T00:50:09.018+0000][2398.750s][info ][safepoint     ] Leaving safepoint region
[2023-11-13T00:50:09.018+0000][2398.750s][info ][safepoint     ] Total time for which application threads were stopped: 0.0004556 seconds, Stopping threads took: 0.0000783 seconds
[2023-11-13T00:50:10.018+0000][2399.750s][debug][safepoint     ] Safepoint synchronization initiated. (170 threads)
[2023-11-13T00:50:10.018+0000][2399.750s][info ][safepoint     ] Application time: 1.0001843 seconds
[2023-11-13T00:50:10.018+0000][2399.750s][info ][safepoint     ] Entering safepoint region: Cleanup
[2023-11-13T00:50:10.018+0000][2399.750s][info ][safepoint     ] Leaving safepoint region
[2023-11-13T00:50:10.018+0000][2399.750s][info ][safepoint     ] Total time for which application threads were stopped: 0.0003607 seconds, Stopping threads took: 0.0000646 seconds
[2023-11-13T00:50:11.018+0000][2400.751s][debug][safepoint     ] Safepoint synchronization initiated. (170 threads)
[2023-11-13T00:50:11.019+0000][2400.751s][info ][safepoint     ] Application time: 1.0003871 seconds
[2023-11-13T00:50:11.019+0000][2400.751s][info ][safepoint     ] Entering safepoint region: Cleanup
[2023-11-13T00:50:11.019+0000][2400.752s][info ][safepoint     ] Leaving safepoint region
[2023-11-13T00:50:11.019+0000][2400.752s][info ][safepoint     ] Total time for which application threads were stopped: 0.0008617 seconds, Stopping threads took: 0.0001184 seconds
[2023-11-13T00:50:12.020+0000][2401.752s][debug][safepoint     ] Safepoint synchronization initiated. (170 threads)
[2023-11-13T00:50:12.020+0000][2401.752s][info ][safepoint     ] Application time: 1.0001603 seconds
[2023-11-13T00:50:12.020+0000][2401.752s][info ][safepoint     ] Entering safepoint region: Cleanup
[2023-11-13T00:50:12.020+0000][2401.752s][info ][safepoint     ] Leaving safepoint region
[2023-11-13T00:50:12.020+0000][2401.752s][info ][safepoint     ] Total time for which application threads were stopped: 0.0002860 seconds, Stopping threads took: 0.0000703 seconds
[2023-11-13T00:50:13.020+0000][2402.752s][debug][safepoint     ] Safepoint synchronization initiated. (170 threads)
[2023-11-13T00:50:13.020+0000][2402.752s][info ][safepoint     ] Application time: 1.0001723 seconds
[2023-11-13T00:50:13.020+0000][2402.752s][info ][safepoint     ] Entering safepoint region: Cleanup
[2023-11-13T00:50:13.020+0000][2402.753s][info ][safepoint     ] Leaving safepoint region
[2023-11-13T00:50:13.020+0000][2402.753s][info ][safepoint     ] Total time for which application threads were stopped: 0.0003338 seconds, Stopping threads took: 0.0000654 seconds
[2023-11-13T00:50:14.021+0000][2403.753s][debug][safepoint     ] Safepoint synchronization initiated. (170 threads)
[2023-11-13T00:50:14.021+0000][2403.753s][info ][safepoint     ] Application time: 1.0006327 seconds
[2023-11-13T00:50:14.021+0000][2403.754s][info ][safepoint     ] Entering safepoint region: Cleanup
[2023-11-13T00:50:14.022+0000][2403.754s][info ][safepoint     ] Leaving safepoint region
[2023-11-13T00:50:14.022+0000][2403.754s][info ][safepoint     ] Total time for which application threads were stopped: 0.0006362 seconds, Stopping threads took: 0.0002094 seconds
[2023-11-13T00:50:15.022+0000][2404.754s][debug][safepoint     ] Safepoint synchronization initiated. (170 threads)
[2023-11-13T00:50:15.023+0000][2404.755s][info ][safepoint     ] Application time: 1.0005207 seconds
[2023-11-13T00:50:15.023+0000][2404.755s][info ][safepoint     ] Entering safepoint region: Cleanup
[2023-11-13T00:50:15.023+0000][2404.755s][info ][safepoint     ] Leaving safepoint region
[2023-11-13T00:50:15.023+0000][2404.756s][info ][safepoint     ] Total time for which application threads were stopped: 0.0005402 seconds, Stopping threads took: 0.0001720 seconds
[2023-11-13T00:50:16.024+0000][2405.756s][debug][safepoint     ] Safepoint synchronization initiated. (170 threads)
[2023-11-13T00:50:16.024+0000][2405.756s][info ][safepoint     ] Application time: 1.0002653 seconds
[2023-11-13T00:50:16.024+0000][2405.756s][info ][safepoint     ] Entering safepoint region: Cleanup
[2023-11-13T00:50:16.024+0000][2405.757s][info ][safepoint     ] Leaving safepoint region
[2023-11-13T00:50:16.024+0000][2405.757s][info ][safepoint     ] Total time for which application threads were stopped: 0.0005979 seconds, Stopping threads took: 0.0001077 seconds
[2023-11-13T00:50:17.024+0000][2406.757s][debug][safepoint     ] Safepoint synchronization initiated. (170 threads)
[2023-11-13T00:50:17.025+0000][2406.757s][info ][safepoint     ] Application time: 1.0007250 seconds
[2023-11-13T00:50:17.025+0000][2406.758s][info ][safepoint     ] Entering safepoint region: Cleanup
[2023-11-13T00:50:17.026+0000][2406.758s][info ][safepoint     ] Leaving safepoint region
[2023-11-13T00:50:17.026+0000][2406.758s][info ][safepoint     ] Total time for which application threads were stopped: 0.0007739 seconds, Stopping threads took: 0.0002463 seconds
[2023-11-13T00:50:18.026+0000][2407.759s][debug][safepoint     ] Safepoint synchronization initiated. (170 threads)
[2023-11-13T00:50:18.027+0000][2407.759s][info ][safepoint     ] Application time: 1.0004954 seconds
[2023-11-13T00:50:18.027+0000][2407.759s][info ][safepoint     ] Entering safepoint region: Cleanup
[2023-11-13T00:50:18.027+0000][2407.760s][info ][safepoint     ] Leaving safepoint region
[2023-11-13T00:50:18.027+0000][2407.760s][info ][safepoint     ] Total time for which application threads were stopped: 0.0004428 seconds, Stopping threads took: 0.0001728 seconds
[2023-11-13T00:50:19.027+0000][2408.760s][debug][safepoint     ] Safepoint synchronization initiated. (170 threads)
[2023-11-13T00:50:19.028+0000][2408.760s][info ][safepoint     ] Application time: 1.0002676 seconds
[2023-11-13T00:50:19.028+0000][2408.760s][info ][safepoint     ] Entering safepoint region: Cleanup
[2023-11-13T00:50:19.029+0000][2408.761s][info ][safepoint     ] Leaving safepoint region
[2023-11-13T00:50:19.029+0000][2408.761s][info ][safepoint     ] Total time for which application threads were stopped: 0.0009176 seconds, Stopping threads took: 0.0001234 seconds
[2023-11-13T00:50:20.029+0000][2409.761s][debug][safepoint     ] Safepoint synchronization initiated. (170 threads)
[2023-11-13T00:50:20.029+0000][2409.761s][info ][safepoint     ] Application time: 1.0002495 seconds
[2023-11-13T00:50:20.029+0000][2409.761s][info ][safepoint     ] Entering safepoint region: Cleanup
[2023-11-13T00:50:20.029+0000][2409.762s][info ][safepoint     ] Leaving safepoint region
[2023-11-13T00:50:20.030+0000][2409.762s][info ][safepoint     ] Total time for which application threads were stopped: 0.0006411 seconds, Stopping threads took: 0.0000972 seconds
[2023-11-13T00:50:21.030+0000][2410.762s][debug][safepoint     ] Safepoint synchronization initiated. (170 threads)
[2023-11-13T00:50:21.030+0000][2410.762s][info ][safepoint     ] Application time: 1.0005369 seconds
[2023-11-13T00:50:21.030+0000][2410.763s][info ][safepoint     ] Entering safepoint region: Cleanup
[2023-11-13T00:50:21.031+0000][2410.763s][info ][safepoint     ] Leaving safepoint region
[2023-11-13T00:50:21.031+0000][2410.763s][info ][safepoint     ] Total time for which application threads were stopped: 0.0008918 seconds, Stopping threads took: 0.0001861 seconds
[2023-11-13T00:50:22.031+0000][2411.764s][debug][safepoint     ] Safepoint synchronization initiated. (170 threads)
[2023-11-13T00:50:22.032+0000][2411.764s][info ][safepoint     ] Application time: 1.0006105 seconds
[2023-11-13T00:50:22.032+0000][2411.764s][info ][safepoint     ] Entering safepoint region: Cleanup
[2023-11-13T00:50:22.033+0000][2411.765s][info ][safepoint     ] Leaving safepoint region
[2023-11-13T00:50:22.033+0000][2411.765s][info ][safepoint     ] Total time for which application threads were stopped: 0.0006735 seconds, Stopping threads took: 0.0001725 seconds
[2023-11-13T00:50:23.033+0000][2412.765s][debug][safepoint     ] Safepoint synchronization initiated. (170 threads)
[2023-11-13T00:50:23.033+0000][2412.766s][info ][safepoint     ] Application time: 1.0005276 seconds
[2023-11-13T00:50:23.034+0000][2412.766s][info ][safepoint     ] Entering safepoint region: Cleanup
[2023-11-13T00:50:23.034+0000][2412.766s][info ][safepoint     ] Leaving safepoint region
[2023-11-13T00:50:23.034+0000][2412.766s][info ][safepoint     ] Total time for which application threads were stopped: 0.0006613 seconds, Stopping threads took: 0.0001729 seconds
[2023-11-13T00:50:24.034+0000][2413.767s][debug][safepoint     ] Safepoint synchronization initiated. (170 threads)
[2023-11-13T00:50:24.035+0000][2413.767s][info ][safepoint     ] Application time: 1.0002719 seconds
[2023-11-13T00:50:24.035+0000][2413.767s][info ][safepoint     ] Entering safepoint region: Cleanup
[2023-11-13T00:50:24.035+0000][2413.768s][info ][safepoint     ] Leaving safepoint region
[2023-11-13T00:50:24.035+0000][2413.768s][info ][safepoint     ] Total time for which application threads were stopped: 0.0007245 seconds, Stopping threads took: 0.0001207 seconds
[2023-11-13T00:50:25.035+0000][2414.768s][debug][safepoint     ] Safepoint synchronization initiated. (170 threads)
[2023-11-13T00:50:25.036+0000][2414.768s][info ][safepoint     ] Application time: 1.0001564 seconds
[2023-11-13T00:50:25.036+0000][2414.768s][info ][safepoint     ] Entering safepoint region: Cleanup
[2023-11-13T00:50:25.036+0000][2414.768s][info ][safepoint     ] Leaving safepoint region
[2023-11-13T00:50:25.036+0000][2414.768s][info ][safepoint     ] Total time for which application threads were stopped: 0.0005404 seconds, Stopping threads took: 0.0000682 seconds
[2023-11-13T00:50:26.036+0000][2415.769s][debug][safepoint     ] Safepoint synchronization initiated. (170 threads)
[2023-11-13T00:50:26.036+0000][2415.769s][info ][safepoint     ] Application time: 1.0002861 seconds
[2023-11-13T00:50:26.037+0000][2415.769s][info ][safepoint     ] Entering safepoint region: Cleanup
[2023-11-13T00:50:26.037+0000][2415.770s][info ][safepoint     ] Leaving safepoint region
[2023-11-13T00:50:26.038+0000][2415.770s][info ][safepoint     ] Total time for which application threads were stopped: 0.0011037 seconds, Stopping threads took: 0.0001075 seconds
[2023-11-13T00:50:27.038+0000][2416.770s][debug][safepoint     ] Safepoint synchronization initiated. (170 threads)
[2023-11-13T00:50:27.038+0000][2416.770s][info ][safepoint     ] Application time: 1.0001937 seconds
[2023-11-13T00:50:27.038+0000][2416.770s][info ][safepoint     ] Entering safepoint region: Cleanup
[2023-11-13T00:50:27.038+0000][2416.771s][info ][safepoint     ] Leaving safepoint region
[2023-11-13T00:50:27.038+0000][2416.771s][info ][safepoint     ] Total time for which application threads were stopped: 0.0005521 seconds, Stopping threads took: 0.0000653 seconds
[2023-11-13T00:50:28.039+0000][2417.771s][debug][safepoint     ] Safepoint synchronization initiated. (170 threads)
[2023-11-13T00:50:28.039+0000][2417.771s][info ][safepoint     ] Application time: 1.0001912 seconds
[2023-11-13T00:50:28.039+0000][2417.771s][info ][safepoint     ] Entering safepoint region: Cleanup
[2023-11-13T00:50:28.039+0000][2417.771s][info ][safepoint     ] Leaving safepoint region
[2023-11-13T00:50:28.039+0000][2417.771s][info ][safepoint     ] Total time for which application threads were stopped: 0.0003409 seconds, Stopping threads took: 0.0000689 seconds
[2023-11-13T00:50:29.039+0000][2418.771s][debug][safepoint     ] Safepoint synchronization initiated. (170 threads)
[2023-11-13T00:50:29.039+0000][2418.771s][info ][safepoint     ] Application time: 1.0001636 seconds
[2023-11-13T00:50:29.039+0000][2418.771s][info ][safepoint     ] Entering safepoint region: Cleanup
[2023-11-13T00:50:29.039+0000][2418.772s][info ][safepoint     ] Leaving safepoint region
[2023-11-13T00:50:29.039+0000][2418.772s][info ][safepoint     ] Total time for which application threads were stopped: 0.0003266 seconds, Stopping threads took: 0.0000663 seconds
[2023-11-13T00:50:30.040+0000][2419.772s][debug][safepoint     ] Safepoint synchronization initiated. (178 threads)
[2023-11-13T00:50:30.040+0000][2419.772s][info ][safepoint     ] Application time: 1.0001595 seconds
[2023-11-13T00:50:30.047+0000][2419.779s][debug][safepoint     ] ... found polling page return exception at pc = 0x00007f3798354175, stub =0x00007f3790841800
[2023-11-13T00:50:30.047+0000][2419.779s][debug][safepoint     ] Waiting for 1 thread(s) to block
[2023-11-13T00:50:30.047+0000][2419.779s][info ][safepoint     ] Entering safepoint region: Cleanup
[2023-11-13T00:50:30.048+0000][2419.780s][info ][safepoint     ] Leaving safepoint region
[2023-11-13T00:50:30.048+0000][2419.780s][info ][safepoint     ] Total time for which application threads were stopped: 0.0082163 seconds, Stopping threads took: 0.0075105 seconds
[2023-11-13T00:50:31.048+0000][2420.780s][debug][safepoint     ] Safepoint synchronization initiated. (179 threads)
[2023-11-13T00:50:31.049+0000][2420.781s][info ][safepoint     ] Application time: 1.0009780 seconds
[2023-11-13T00:50:31.049+0000][2420.782s][info ][safepoint     ] Entering safepoint region: Cleanup
[2023-11-13T00:50:31.050+0000][2420.782s][info ][safepoint     ] Leaving safepoint region
[2023-11-13T00:50:31.051+0000][2420.783s][info ][safepoint     ] Total time for which application threads were stopped: 0.0012036 seconds, Stopping threads took: 0.0004111 seconds
[2023-11-13T00:50:32.051+0000][2421.783s][debug][safepoint     ] Safepoint synchronization initiated. (179 threads)
[2023-11-13T00:50:32.052+0000][2421.784s][info ][safepoint     ] Application time: 1.0008471 seconds
[2023-11-13T00:50:32.052+0000][2421.784s][info ][safepoint     ] Entering safepoint region: Cleanup
[2023-11-13T00:50:32.053+0000][2421.785s][info ][safepoint     ] Leaving safepoint region
[2023-11-13T00:50:32.053+0000][2421.785s][info ][safepoint     ] Total time for which application threads were stopped: 0.0008964 seconds, Stopping threads took: 0.0003216 seconds
[2023-11-13T00:50:33.053+0000][2422.785s][debug][safepoint     ] Safepoint synchronization initiated. (179 threads)
[2023-11-13T00:50:33.054+0000][2422.786s][info ][safepoint     ] Application time: 1.0009178 seconds
[2023-11-13T00:50:33.054+0000][2422.787s][info ][safepoint     ] Entering safepoint region: Cleanup
[2023-11-13T00:50:33.055+0000][2422.788s][info ][safepoint     ] Leaving safepoint region
[2023-11-13T00:50:33.056+0000][2422.788s][info ][safepoint     ] Total time for which application threads were stopped: 0.0012472 seconds, Stopping threads took: 0.0003689 seconds
[2023-11-13T00:50:34.056+0000][2423.788s][debug][safepoint     ] Safepoint synchronization initiated. (179 threads)
[2023-11-13T00:50:34.057+0000][2423.789s][info ][safepoint     ] Application time: 1.0009048 seconds
[2023-11-13T00:50:34.057+0000][2423.789s][info ][safepoint     ] Entering safepoint region: Cleanup
[2023-11-13T00:50:34.058+0000][2423.790s][info ][safepoint     ] Leaving safepoint region
[2023-11-13T00:50:34.058+0000][2423.790s][info ][safepoint     ] Total time for which application threads were stopped: 0.0011581 seconds, Stopping threads took: 0.0003629 seconds
[2023-11-13T00:50:35.059+0000][2424.791s][debug][safepoint     ] Safepoint synchronization initiated. (179 threads)
[2023-11-13T00:50:35.059+0000][2424.792s][info ][safepoint     ] Application time: 1.0009359 seconds
[2023-11-13T00:50:35.060+0000][2424.792s][info ][safepoint     ] Entering safepoint region: Cleanup
[2023-11-13T00:50:35.060+0000][2424.793s][info ][safepoint     ] Leaving safepoint region
[2023-11-13T00:50:35.061+0000][2424.793s][info ][safepoint     ] Total time for which application threads were stopped: 0.0010662 seconds, Stopping threads took: 0.0003614 seconds
[2023-11-13T00:50:36.061+0000][2425.793s][debug][safepoint     ] Safepoint synchronization initiated. (178 threads)
[2023-11-13T00:50:36.062+0000][2425.794s][info ][safepoint     ] Application time: 1.0011046 seconds
[2023-11-13T00:50:36.063+0000][2425.795s][info ][safepoint     ] Entering safepoint region: Cleanup
[2023-11-13T00:50:36.063+0000][2425.796s][info ][safepoint     ] Leaving safepoint region
[2023-11-13T00:50:36.064+0000][2425.796s][info ][safepoint     ] Total time for which application threads were stopped: 0.0011187 seconds, Stopping threads took: 0.0003716 seconds
[2023-11-13T00:50:37.064+0000][2426.796s][debug][safepoint     ] Safepoint synchronization initiated. (178 threads)
[2023-11-13T00:50:37.065+0000][2426.797s][info ][safepoint     ] Application time: 1.0010817 seconds
[2023-11-13T00:50:37.065+0000][2426.798s][info ][safepoint     ] Entering safepoint region: Cleanup
[2023-11-13T00:50:37.066+0000][2426.798s][info ][safepoint     ] Leaving safepoint region
[2023-11-13T00:50:37.066+0000][2426.799s][info ][safepoint     ] Total time for which application threads were stopped: 0.0011679 seconds, Stopping threads took: 0.0003882 seconds
[2023-11-13T00:50:38.067+0000][2427.799s][debug][safepoint     ] Safepoint synchronization initiated. (178 threads)
[2023-11-13T00:50:38.067+0000][2427.800s][info ][safepoint     ] Application time: 1.0006065 seconds
[2023-11-13T00:50:38.068+0000][2427.800s][info ][safepoint     ] Entering safepoint region: Cleanup
[2023-11-13T00:50:38.068+0000][2427.801s][info ][safepoint     ] Leaving safepoint region
[2023-11-13T00:50:38.069+0000][2427.801s][info ][safepoint     ] Total time for which application threads were stopped: 0.0011171 seconds, Stopping threads took: 0.0003820 seconds
[2023-11-13T00:50:39.070+0000][2428.802s][debug][safepoint     ] Safepoint synchronization initiated. (177 threads)
[2023-11-13T00:50:39.070+0000][2428.802s][info ][safepoint     ] Application time: 1.0010215 seconds
[2023-11-13T00:50:39.070+0000][2428.802s][info ][safepoint     ] Entering safepoint region: Cleanup
[2023-11-13T00:50:39.071+0000][2428.803s][info ][safepoint     ] Leaving safepoint region
[2023-11-13T00:50:39.071+0000][2428.803s][info ][safepoint     ] Total time for which application threads were stopped: 0.0005903 seconds, Stopping threads took: 0.0000848 seconds
[2023-11-13T00:50:40.071+0000][2429.803s][debug][safepoint     ] Safepoint synchronization initiated. (177 threads)
[2023-11-13T00:50:40.071+0000][2429.803s][info ][safepoint     ] Application time: 1.0001491 seconds
[2023-11-13T00:50:40.071+0000][2429.803s][info ][safepoint     ] Entering safepoint region: Cleanup
[2023-11-13T00:50:40.071+0000][2429.804s][info ][safepoint     ] Leaving safepoint region
[2023-11-13T00:50:40.071+0000][2429.804s][info ][safepoint     ] Total time for which application threads were stopped: 0.0003790 seconds, Stopping threads took: 0.0000735 seconds
[2023-11-13T00:50:41.071+0000][2430.804s][debug][safepoint     ] Safepoint synchronization initiated. (177 threads)
[2023-11-13T00:50:41.071+0000][2430.804s][info ][safepoint     ] Application time: 1.0001702 seconds
[2023-11-13T00:50:41.072+0000][2430.804s][info ][safepoint     ] Entering safepoint region: Cleanup
[2023-11-13T00:50:41.072+0000][2430.804s][info ][safepoint     ] Leaving safepoint region
[2023-11-13T00:50:41.072+0000][2430.804s][info ][safepoint     ] Total time for which application threads were stopped: 0.0007173 seconds, Stopping threads took: 0.0000736 seconds
[2023-11-13T00:50:42.072+0000][2431.805s][debug][safepoint     ] Safepoint synchronization initiated. (177 threads)
[2023-11-13T00:50:42.072+0000][2431.805s][info ][safepoint     ] Application time: 1.0001929 seconds
[2023-11-13T00:50:42.072+0000][2431.805s][info ][safepoint     ] Entering safepoint region: Cleanup
[2023-11-13T00:50:42.073+0000][2431.805s][info ][safepoint     ] Leaving safepoint region
[2023-11-13T00:50:42.073+0000][2431.805s][info ][safepoint     ] Total time for which application threads were stopped: 0.0004711 seconds, Stopping threads took: 0.0000741 seconds
[2023-11-13T00:50:43.073+0000][2432.805s][debug][safepoint     ] Safepoint synchronization initiated. (177 threads)
[2023-11-13T00:50:43.073+0000][2432.805s][info ][safepoint     ] Application time: 1.0001687 seconds
[2023-11-13T00:50:43.073+0000][2432.805s][info ][safepoint     ] Entering safepoint region: Cleanup
[2023-11-13T00:50:43.074+0000][2432.806s][info ][safepoint     ] Leaving safepoint region
[2023-11-13T00:50:43.074+0000][2432.806s][info ][safepoint     ] Total time for which application threads were stopped: 0.0004741 seconds, Stopping threads took: 0.0000731 seconds
[2023-11-13T00:50:44.074+0000][2433.806s][debug][safepoint     ] Safepoint synchronization initiated. (177 threads)
[2023-11-13T00:50:44.074+0000][2433.806s][info ][safepoint     ] Application time: 1.0001469 seconds
[2023-11-13T00:50:44.074+0000][2433.806s][info ][safepoint     ] Entering safepoint region: Cleanup
[2023-11-13T00:50:44.074+0000][2433.806s][info ][safepoint     ] Leaving safepoint region
[2023-11-13T00:50:44.074+0000][2433.806s][info ][safepoint     ] Total time for which application threads were stopped: 0.0003347 seconds, Stopping threads took: 0.0000607 seconds
[2023-11-13T00:50:45.074+0000][2434.807s][debug][safepoint     ] Safepoint synchronization initiated. (177 threads)
[2023-11-13T00:50:45.074+0000][2434.807s][info ][safepoint     ] Application time: 1.0002236 seconds
[2023-11-13T00:50:45.074+0000][2434.807s][debug][safepoint     ] ... found polling page return exception at pc = 0x00007f37983d2d1f, stub =0x00007f3790841800
[2023-11-13T00:50:45.075+0000][2434.807s][debug][safepoint     ] Waiting for 1 thread(s) to block
[2023-11-13T00:50:45.075+0000][2434.807s][info ][safepoint     ] Entering safepoint region: Cleanup
[2023-11-13T00:50:45.075+0000][2434.807s][info ][safepoint     ] Leaving safepoint region
[2023-11-13T00:50:45.075+0000][2434.807s][info ][safepoint     ] Total time for which application threads were stopped: 0.0007455 seconds, Stopping threads took: 0.0003644 seconds
[2023-11-13T00:50:46.075+0000][2435.808s][debug][safepoint     ] Safepoint synchronization initiated. (177 threads)
[2023-11-13T00:50:46.075+0000][2435.808s][info ][safepoint     ] Application time: 1.0001669 seconds
[2023-11-13T00:50:46.076+0000][2435.808s][info ][safepoint     ] Entering safepoint region: Cleanup
[2023-11-13T00:50:46.076+0000][2435.808s][info ][safepoint     ] Leaving safepoint region
[2023-11-13T00:50:46.076+0000][2435.808s][info ][safepoint     ] Total time for which application threads were stopped: 0.0003116 seconds, Stopping threads took: 0.0000774 seconds
[2023-11-13T00:50:47.076+0000][2436.809s][debug][safepoint     ] Safepoint synchronization initiated. (177 threads)
[2023-11-13T00:50:47.076+0000][2436.809s][info ][safepoint     ] Application time: 1.0002356 seconds
[2023-11-13T00:50:47.076+0000][2436.809s][info ][safepoint     ] Entering safepoint region: Cleanup
[2023-11-13T00:50:47.077+0000][2436.809s][info ][safepoint     ] Leaving safepoint region
[2023-11-13T00:50:47.077+0000][2436.809s][info ][safepoint     ] Total time for which application threads were stopped: 0.0005814 seconds, Stopping threads took: 0.0001105 seconds
[2023-11-13T00:50:48.077+0000][2437.809s][debug][safepoint     ] Safepoint synchronization initiated. (177 threads)
[2023-11-13T00:50:48.077+0000][2437.810s][info ][safepoint     ] Application time: 1.0002078 seconds
[2023-11-13T00:50:48.077+0000][2437.810s][info ][safepoint     ] Entering safepoint region: Cleanup
[2023-11-13T00:50:48.078+0000][2437.810s][info ][safepoint     ] Leaving safepoint region
[2023-11-13T00:50:48.078+0000][2437.810s][info ][safepoint     ] Total time for which application threads were stopped: 0.0005053 seconds, Stopping threads took: 0.0001012 seconds
[2023-11-13T00:50:49.082+0000][2438.814s][debug][safepoint     ] Safepoint synchronization initiated. (177 threads)
[2023-11-13T00:50:49.082+0000][2438.814s][info ][safepoint     ] Application time: 1.0042449 seconds
[2023-11-13T00:50:49.082+0000][2438.814s][info ][safepoint     ] Entering safepoint region: Cleanup
[2023-11-13T00:50:49.082+0000][2438.815s][info ][safepoint     ] Leaving safepoint region
[2023-11-13T00:50:49.083+0000][2438.815s][info ][safepoint     ] Total time for which application threads were stopped: 0.0004113 seconds, Stopping threads took: 0.0000809 seconds
[2023-11-13T00:50:50.083+0000][2439.815s][debug][safepoint     ] Safepoint synchronization initiated. (177 threads)
[2023-11-13T00:50:50.083+0000][2439.815s][info ][safepoint     ] Application time: 1.0002137 seconds
[2023-11-13T00:50:50.083+0000][2439.815s][info ][safepoint     ] Entering safepoint region: Cleanup
[2023-11-13T00:50:50.083+0000][2439.815s][info ][safepoint     ] Leaving safepoint region
[2023-11-13T00:50:50.083+0000][2439.815s][info ][safepoint     ] Total time for which application threads were stopped: 0.0004500 seconds, Stopping threads took: 0.0001021 seconds
[2023-11-13T00:50:51.086+0000][2440.818s][debug][safepoint     ] Safepoint synchronization initiated. (177 threads)
[2023-11-13T00:50:51.086+0000][2440.818s][info ][safepoint     ] Application time: 1.0028534 seconds
[2023-11-13T00:50:51.087+0000][2440.819s][info ][safepoint     ] Entering safepoint region: Cleanup
[2023-11-13T00:50:51.087+0000][2440.819s][info ][safepoint     ] Leaving safepoint region
[2023-11-13T00:50:51.087+0000][2440.819s][info ][safepoint     ] Total time for which application threads were stopped: 0.0003297 seconds, Stopping threads took: 0.0000736 seconds
[2023-11-13T00:50:52.087+0000][2441.819s][debug][safepoint     ] Safepoint synchronization initiated. (177 threads)
[2023-11-13T00:50:52.087+0000][2441.819s][info ][safepoint     ] Application time: 1.0001554 seconds
[2023-11-13T00:50:52.087+0000][2441.820s][info ][safepoint     ] Entering safepoint region: Cleanup
[2023-11-13T00:50:52.088+0000][2441.820s][info ][safepoint     ] Leaving safepoint region
[2023-11-13T00:50:52.088+0000][2441.820s][info ][safepoint     ] Total time for which application threads were stopped: 0.0003254 seconds, Stopping threads took: 0.0000693 seconds
[2023-11-13T00:50:53.089+0000][2442.821s][debug][safepoint     ] Safepoint synchronization initiated. (177 threads)
[2023-11-13T00:50:53.089+0000][2442.821s][info ][safepoint     ] Application time: 1.0012933 seconds
[2023-11-13T00:50:53.089+0000][2442.821s][info ][safepoint     ] Entering safepoint region: Cleanup
[2023-11-13T00:50:53.089+0000][2442.821s][info ][safepoint     ] Leaving safepoint region
[2023-11-13T00:50:53.089+0000][2442.821s][info ][safepoint     ] Total time for which application threads were stopped: 0.0003334 seconds, Stopping threads took: 0.0000720 seconds
[2023-11-13T00:50:54.091+0000][2443.823s][debug][safepoint     ] Safepoint synchronization initiated. (177 threads)
[2023-11-13T00:50:54.091+0000][2443.823s][info ][safepoint     ] Application time: 1.0014700 seconds
[2023-11-13T00:50:54.091+0000][2443.823s][info ][safepoint     ] Entering safepoint region: Cleanup
[2023-11-13T00:50:54.091+0000][2443.823s][info ][safepoint     ] Leaving safepoint region
[2023-11-13T00:50:54.091+0000][2443.823s][info ][safepoint     ] Total time for which application threads were stopped: 0.0003162 seconds, Stopping threads took: 0.0000699 seconds
[2023-11-13T00:50:55.091+0000][2444.824s][debug][safepoint     ] Safepoint synchronization initiated. (177 threads)
[2023-11-13T00:50:55.091+0000][2444.824s][info ][safepoint     ] Application time: 1.0004009 seconds
[2023-11-13T00:50:55.092+0000][2444.824s][info ][safepoint     ] Entering safepoint region: Cleanup
[2023-11-13T00:50:55.092+0000][2444.824s][info ][safepoint     ] Leaving safepoint region
[2023-11-13T00:50:55.092+0000][2444.824s][info ][safepoint     ] Total time for which application threads were stopped: 0.0003429 seconds, Stopping threads took: 0.0000729 seconds
[2023-11-13T00:50:56.092+0000][2445.824s][debug][safepoint     ] Safepoint synchronization initiated. (177 threads)
[2023-11-13T00:50:56.092+0000][2445.825s][info ][safepoint     ] Application time: 1.0006587 seconds
[2023-11-13T00:50:56.093+0000][2445.825s][info ][safepoint     ] Entering safepoint region: Cleanup
[2023-11-13T00:50:56.093+0000][2445.825s][info ][safepoint     ] Leaving safepoint region
[2023-11-13T00:50:56.093+0000][2445.825s][info ][safepoint     ] Total time for which application threads were stopped: 0.0006668 seconds, Stopping threads took: 0.0001362 seconds
[2023-11-13T00:50:57.093+0000][2446.826s][debug][safepoint     ] Safepoint synchronization initiated. (177 threads)
[2023-11-13T00:50:57.094+0000][2446.826s][info ][safepoint     ] Application time: 1.0004015 seconds
[2023-11-13T00:50:57.094+0000][2446.826s][info ][safepoint     ] Entering safepoint region: Cleanup
[2023-11-13T00:50:57.094+0000][2446.826s][info ][safepoint     ] Leaving safepoint region
[2023-11-13T00:50:57.094+0000][2446.826s][info ][safepoint     ] Total time for which application threads were stopped: 0.0003939 seconds, Stopping threads took: 0.0000726 seconds
[2023-11-13T00:50:58.094+0000][2447.827s][debug][safepoint     ] Safepoint synchronization initiated. (177 threads)
[2023-11-13T00:50:58.094+0000][2447.827s][info ][safepoint     ] Application time: 1.0001838 seconds
[2023-11-13T00:50:58.094+0000][2447.827s][info ][safepoint     ] Entering safepoint region: Cleanup
[2023-11-13T00:50:58.095+0000][2447.827s][info ][safepoint     ] Leaving safepoint region
[2023-11-13T00:50:58.095+0000][2447.827s][info ][safepoint     ] Total time for which application threads were stopped: 0.0004475 seconds, Stopping threads took: 0.0000678 seconds
[2023-11-13T00:50:59.095+0000][2448.827s][debug][safepoint     ] Safepoint synchronization initiated. (180 threads)
[2023-11-13T00:50:59.095+0000][2448.827s][info ][safepoint     ] Application time: 1.0001515 seconds
[2023-11-13T00:50:59.095+0000][2448.827s][info ][safepoint     ] Entering safepoint region: Cleanup
[2023-11-13T00:50:59.095+0000][2448.828s][info ][safepoint     ] Leaving safepoint region
[2023-11-13T00:50:59.095+0000][2448.828s][info ][safepoint     ] Total time for which application threads were stopped: 0.0005136 seconds, Stopping threads took: 0.0000740 seconds
[2023-11-13T00:51:00.096+0000][2449.828s][debug][safepoint     ] Safepoint synchronization initiated. (180 threads)
[2023-11-13T00:51:00.096+0000][2449.828s][info ][safepoint     ] Application time: 1.0001571 seconds
[2023-11-13T00:51:00.096+0000][2449.828s][info ][safepoint     ] Entering safepoint region: Cleanup
[2023-11-13T00:51:00.096+0000][2449.828s][info ][safepoint     ] Leaving safepoint region
[2023-11-13T00:51:00.096+0000][2449.828s][info ][safepoint     ] Total time for which application threads were stopped: 0.0004741 seconds, Stopping threads took: 0.0000715 seconds
[2023-11-13T00:51:01.096+0000][2450.829s][debug][safepoint     ] Safepoint synchronization initiated. (180 threads)
[2023-11-13T00:51:01.096+0000][2450.829s][info ][safepoint     ] Application time: 1.0001672 seconds
[2023-11-13T00:51:01.097+0000][2450.829s][info ][safepoint     ] Entering safepoint region: Cleanup
[2023-11-13T00:51:01.097+0000][2450.829s][info ][safepoint     ] Leaving safepoint region
[2023-11-13T00:51:01.097+0000][2450.829s][info ][safepoint     ] Total time for which application threads were stopped: 0.0004788 seconds, Stopping threads took: 0.0000873 seconds
[2023-11-13T00:51:02.102+0000][2451.834s][debug][safepoint     ] Safepoint synchronization initiated. (180 threads)
[2023-11-13T00:51:02.102+0000][2451.834s][info ][safepoint     ] Application time: 1.0048184 seconds
[2023-11-13T00:51:02.102+0000][2451.834s][info ][safepoint     ] Entering safepoint region: Cleanup
[2023-11-13T00:51:02.103+0000][2451.835s][info ][safepoint     ] Leaving safepoint region
[2023-11-13T00:51:02.103+0000][2451.835s][info ][safepoint     ] Total time for which application threads were stopped: 0.0004662 seconds, Stopping threads took: 0.0000713 seconds
[2023-11-13T00:51:03.103+0000][2452.835s][debug][safepoint     ] Safepoint synchronization initiated. (179 threads)
[2023-11-13T00:51:03.103+0000][2452.835s][info ][safepoint     ] Application time: 1.0001578 seconds
[2023-11-13T00:51:03.103+0000][2452.835s][info ][safepoint     ] Entering safepoint region: Cleanup
[2023-11-13T00:51:03.103+0000][2452.835s][info ][safepoint     ] Leaving safepoint region
[2023-11-13T00:51:03.103+0000][2452.835s][info ][safepoint     ] Total time for which application threads were stopped: 0.0004610 seconds, Stopping threads took: 0.0000691 seconds
[2023-11-13T00:51:04.110+0000][2453.842s][debug][safepoint     ] Safepoint synchronization initiated. (179 threads)
[2023-11-13T00:51:04.110+0000][2453.842s][info ][safepoint     ] Application time: 1.0068516 seconds
[2023-11-13T00:51:04.110+0000][2453.842s][info ][safepoint     ] Entering safepoint region: Cleanup
[2023-11-13T00:51:04.111+0000][2453.843s][info ][safepoint     ] Leaving safepoint region
[2023-11-13T00:51:04.111+0000][2453.843s][info ][safepoint     ] Total time for which application threads were stopped: 0.0004684 seconds, Stopping threads took: 0.0000709 seconds
[2023-11-13T00:51:05.113+0000][2454.845s][debug][safepoint     ] Safepoint synchronization initiated. (179 threads)
[2023-11-13T00:51:05.113+0000][2454.845s][info ][safepoint     ] Application time: 1.0022996 seconds
[2023-11-13T00:51:05.113+0000][2454.845s][info ][safepoint     ] Entering safepoint region: Cleanup
[2023-11-13T00:51:05.113+0000][2454.846s][info ][safepoint     ] Leaving safepoint region
[2023-11-13T00:51:05.113+0000][2454.846s][info ][safepoint     ] Total time for which application threads were stopped: 0.0004518 seconds, Stopping threads took: 0.0000742 seconds
[2023-11-13T00:51:06.113+0000][2455.846s][debug][safepoint     ] Safepoint synchronization initiated. (179 threads)
[2023-11-13T00:51:06.113+0000][2455.846s][info ][safepoint     ] Application time: 1.0001728 seconds
[2023-11-13T00:51:06.114+0000][2455.846s][info ][safepoint     ] Entering safepoint region: Cleanup
[2023-11-13T00:51:06.114+0000][2455.846s][info ][safepoint     ] Leaving safepoint region
[2023-11-13T00:51:06.114+0000][2455.846s][info ][safepoint     ] Total time for which application threads were stopped: 0.0005019 seconds, Stopping threads took: 0.0000804 seconds
[2023-11-13T00:51:07.114+0000][2456.846s][debug][safepoint     ] Safepoint synchronization initiated. (179 threads)
[2023-11-13T00:51:07.114+0000][2456.846s][info ][safepoint     ] Application time: 1.0001652 seconds
[2023-11-13T00:51:07.114+0000][2456.847s][info ][safepoint     ] Entering safepoint region: Cleanup
[2023-11-13T00:51:07.115+0000][2456.847s][info ][safepoint     ] Leaving safepoint region
[2023-11-13T00:51:07.115+0000][2456.847s][info ][safepoint     ] Total time for which application threads were stopped: 0.0005003 seconds, Stopping threads took: 0.0000701 seconds
[2023-11-13T00:51:08.115+0000][2457.847s][debug][safepoint     ] Safepoint synchronization initiated. (179 threads)
[2023-11-13T00:51:08.115+0000][2457.847s][info ][safepoint     ] Application time: 1.0001626 seconds
[2023-11-13T00:51:08.115+0000][2457.847s][info ][safepoint     ] Entering safepoint region: Cleanup
[2023-11-13T00:51:08.115+0000][2457.848s][info ][safepoint     ] Leaving safepoint region
[2023-11-13T00:51:08.115+0000][2457.848s][info ][safepoint     ] Total time for which application threads were stopped: 0.0004662 seconds, Stopping threads took: 0.0000733 seconds
[2023-11-13T00:51:09.117+0000][2458.849s][debug][safepoint     ] Safepoint synchronization initiated. (179 threads)
[2023-11-13T00:51:09.117+0000][2458.849s][info ][safepoint     ] Application time: 1.0012092 seconds
[2023-11-13T00:51:09.117+0000][2458.849s][info ][safepoint     ] Entering safepoint region: Cleanup
[2023-11-13T00:51:09.117+0000][2458.849s][info ][safepoint     ] Leaving safepoint region
[2023-11-13T00:51:09.117+0000][2458.849s][info ][safepoint     ] Total time for which application threads were stopped: 0.0004687 seconds, Stopping threads took: 0.0000716 seconds
[2023-11-13T00:51:10.121+0000][2459.854s][debug][safepoint     ] Safepoint synchronization initiated. (179 threads)
[2023-11-13T00:51:10.122+0000][2459.854s][info ][safepoint     ] Application time: 1.0044088 seconds
[2023-11-13T00:51:10.122+0000][2459.854s][info ][safepoint     ] Entering safepoint region: Cleanup
[2023-11-13T00:51:10.122+0000][2459.855s][info ][safepoint     ] Leaving safepoint region
[2023-11-13T00:51:10.122+0000][2459.855s][info ][safepoint     ] Total time for which application threads were stopped: 0.0008842 seconds, Stopping threads took: 0.0001153 seconds
[2023-11-13T00:51:11.125+0000][2460.857s][debug][safepoint     ] Safepoint synchronization initiated. (179 threads)
[2023-11-13T00:51:11.125+0000][2460.858s][info ][safepoint     ] Application time: 1.0027844 seconds
[2023-11-13T00:51:11.125+0000][2460.858s][info ][safepoint     ] Entering safepoint region: Cleanup
[2023-11-13T00:51:11.126+0000][2460.858s][info ][safepoint     ] Leaving safepoint region
[2023-11-13T00:51:11.126+0000][2460.858s][info ][safepoint     ] Total time for which application threads were stopped: 0.0006918 seconds, Stopping threads took: 0.0001000 seconds
[2023-11-13T00:51:12.126+0000][2461.858s][debug][safepoint     ] Safepoint synchronization initiated. (179 threads)
[2023-11-13T00:51:12.126+0000][2461.858s][info ][safepoint     ] Application time: 1.0001916 seconds
[2023-11-13T00:51:12.126+0000][2461.859s][info ][safepoint     ] Entering safepoint region: Cleanup
[2023-11-13T00:51:12.127+0000][2461.859s][info ][safepoint     ] Leaving safepoint region
[2023-11-13T00:51:12.127+0000][2461.859s][info ][safepoint     ] Total time for which application threads were stopped: 0.0005959 seconds, Stopping threads took: 0.0000811 seconds
[2023-11-13T00:51:13.096+0000][2462.828s][debug][safepoint     ] Safepoint synchronization initiated. (181 threads)
[2023-11-13T00:51:13.096+0000][2462.829s][info ][safepoint     ] Application time: 0.9694505 seconds
[2023-11-13T00:51:13.096+0000][2462.829s][debug][safepoint     ] Waiting for 1 thread(s) to block
[2023-11-13T00:51:13.096+0000][2462.829s][info ][safepoint     ] Entering safepoint region: CollectForMetadataAllocation
[2023-11-13T00:51:13.097+0000][2462.829s][info ][gc,start      ] GC(44) Pause Young (Concurrent Start) (Metadata GC Threshold)
[2023-11-13T00:51:13.097+0000][2462.830s][info ][gc,task       ] GC(44) Using 6 workers of 6 for evacuation
[2023-11-13T00:51:13.154+0000][2462.886s][info ][gc,phases     ] GC(44)   Pre Evacuate Collection Set: 1.0ms
[2023-11-13T00:51:13.154+0000][2462.886s][info ][gc,phases     ] GC(44)   Evacuate Collection Set: 46.5ms
[2023-11-13T00:51:13.154+0000][2462.886s][info ][gc,phases     ] GC(44)   Post Evacuate Collection Set: 8.4ms
[2023-11-13T00:51:13.154+0000][2462.886s][info ][gc,phases     ] GC(44)   Other: 0.7ms
[2023-11-13T00:51:13.154+0000][2462.886s][info ][gc,heap       ] GC(44) Eden regions: 215->0(355)
[2023-11-13T00:51:13.154+0000][2462.886s][info ][gc,heap       ] GC(44) Survivor regions: 25->23(53)
[2023-11-13T00:51:13.154+0000][2462.886s][info ][gc,heap       ] GC(44) Old regions: 129->134
[2023-11-13T00:51:13.154+0000][2462.886s][info ][gc,heap       ] GC(44) Humongous regions: 0->0
[2023-11-13T00:51:13.154+0000][2462.886s][info ][gc,metaspace  ] GC(44) Metaspace: 163626K(169040K)->163626K(169040K) NonClass: 144677K(147924K)->144677K(147924K) Class: 18948K(21116K)->18948K(21116K)
[2023-11-13T00:51:13.154+0000][2462.886s][info ][gc            ] GC(44) Pause Young (Concurrent Start) (Metadata GC Threshold) 366M->154M(696M) 56.825ms
[2023-11-13T00:51:13.154+0000][2462.886s][info ][gc,cpu        ] GC(44) User=0.13s Sys=0.00s Real=0.06s
[2023-11-13T00:51:13.155+0000][2462.887s][info ][gc            ] GC(45) Concurrent Cycle
[2023-11-13T00:51:13.155+0000][2462.887s][info ][safepoint     ] Leaving safepoint region
[2023-11-13T00:51:13.155+0000][2462.888s][info ][safepoint     ] Total time for which application threads were stopped: 0.0589362 seconds, Stopping threads took: 0.0001063 seconds
[2023-11-13T00:51:13.155+0000][2462.888s][info ][gc,marking    ] GC(45) Concurrent Clear Claimed Marks
[2023-11-13T00:51:13.155+0000][2462.888s][info ][gc,stringdedup] Concurrent String Deduplication (2462.888s)
[2023-11-13T00:51:13.156+0000][2462.888s][info ][gc,marking    ] GC(45) Concurrent Clear Claimed Marks 0.624ms
[2023-11-13T00:51:13.156+0000][2462.888s][info ][gc,marking    ] GC(45) Concurrent Scan Root Regions
[2023-11-13T00:51:13.156+0000][2462.888s][info ][gc,stringdedup] Concurrent String Deduplication 31896.0B->440.0B(31456.0B) avg 53.9% (2462.888s, 2462.888s) 0.514ms
[2023-11-13T00:51:13.181+0000][2462.914s][debug][safepoint     ] Safepoint synchronization initiated. (181 threads)
[2023-11-13T00:51:13.181+0000][2462.914s][info ][safepoint     ] Application time: 0.0261679 seconds
[2023-11-13T00:51:13.182+0000][2462.914s][info ][safepoint     ] Entering safepoint region: CollectForMetadataAllocation
[2023-11-13T00:51:13.182+0000][2462.914s][info ][safepoint     ] Leaving safepoint region
[2023-11-13T00:51:13.182+0000][2462.914s][info ][safepoint     ] Total time for which application threads were stopped: 0.0004067 seconds, Stopping threads took: 0.0000799 seconds
[2023-11-13T00:51:13.182+0000][2462.915s][debug][safepoint     ] Safepoint synchronization initiated. (181 threads)
[2023-11-13T00:51:13.182+0000][2462.915s][info ][safepoint     ] Application time: 0.0004548 seconds
[2023-11-13T00:51:13.182+0000][2462.915s][debug][safepoint     ] Waiting for 1 thread(s) to block
[2023-11-13T00:51:13.182+0000][2462.915s][info ][gc,marking    ] GC(45) Concurrent Scan Root Regions 26.513ms
[2023-11-13T00:51:13.182+0000][2462.915s][info ][gc,marking    ] GC(45) Concurrent Mark (2462.915s)
[2023-11-13T00:51:13.182+0000][2462.915s][info ][gc,marking    ] GC(45) Concurrent Mark From Roots
[2023-11-13T00:51:13.182+0000][2462.915s][info ][gc,task       ] GC(45) Using 2 workers of 2 for marking
[2023-11-13T00:51:13.183+0000][2462.915s][info ][safepoint     ] Entering safepoint region: CollectForMetadataAllocation
[2023-11-13T00:51:13.183+0000][2462.915s][info ][safepoint     ] Leaving safepoint region
[2023-11-13T00:51:13.183+0000][2462.915s][info ][safepoint     ] Total time for which application threads were stopped: 0.0005311 seconds, Stopping threads took: 0.0003339 seconds
[2023-11-13T00:51:13.503+0000][2463.235s][debug][safepoint     ] Safepoint synchronization initiated. (193 threads)
[2023-11-13T00:51:13.503+0000][2463.235s][info ][safepoint     ] Application time: 0.3199199 seconds
[2023-11-13T00:51:13.503+0000][2463.235s][debug][safepoint     ] Waiting for 2 thread(s) to block
[2023-11-13T00:51:13.503+0000][2463.236s][info ][safepoint     ] Entering safepoint region: CollectForMetadataAllocation
[2023-11-13T00:51:13.504+0000][2463.236s][info ][safepoint     ] Leaving safepoint region
[2023-11-13T00:51:13.504+0000][2463.236s][info ][safepoint     ] Total time for which application threads were stopped: 0.0011045 seconds, Stopping threads took: 0.0006342 seconds
[2023-11-13T00:51:13.754+0000][2463.486s][info ][gc,marking    ] GC(45) Concurrent Mark From Roots 571.735ms
[2023-11-13T00:51:13.754+0000][2463.487s][info ][gc,marking    ] GC(45) Concurrent Preclean
[2023-11-13T00:51:13.754+0000][2463.487s][info ][gc,marking    ] GC(45) Concurrent Preclean 0.197ms
[2023-11-13T00:51:13.754+0000][2463.487s][info ][gc,marking    ] GC(45) Concurrent Mark (2462.915s, 2463.487s) 572.041ms
[2023-11-13T00:51:13.755+0000][2463.487s][debug][safepoint     ] Safepoint synchronization initiated. (204 threads)
[2023-11-13T00:51:13.755+0000][2463.487s][info ][safepoint     ] Application time: 0.2511129 seconds
[2023-11-13T00:51:13.755+0000][2463.487s][debug][safepoint     ] ... found polling page return exception at pc = 0x00007f37992ffe9b, stub =0x00007f3790841800
[2023-11-13T00:51:13.755+0000][2463.487s][debug][safepoint     ] Waiting for 2 thread(s) to block
[2023-11-13T00:51:13.757+0000][2463.489s][info ][safepoint     ] Entering safepoint region: CGC_Operation
[2023-11-13T00:51:13.757+0000][2463.489s][info ][gc,start      ] GC(45) Pause Remark
[2023-11-13T00:51:13.800+0000][2463.532s][info ][gc,stringtable] GC(45) Cleaned string and symbol table, strings: 80445 processed, 88 removed, symbols: 400685 processed, 284 removed
[2023-11-13T00:51:13.802+0000][2463.534s][info ][gc            ] GC(45) Pause Remark 174M->174M(696M) 44.590ms
[2023-11-13T00:51:13.802+0000][2463.534s][info ][gc,cpu        ] GC(45) User=0.11s Sys=0.01s Real=0.04s
[2023-11-13T00:51:13.802+0000][2463.534s][info ][safepoint     ] Leaving safepoint region
[2023-11-13T00:51:13.802+0000][2463.534s][info ][safepoint     ] Total time for which application threads were stopped: 0.0466780 seconds, Stopping threads took: 0.0016085 seconds
[2023-11-13T00:51:13.802+0000][2463.534s][info ][gc,marking    ] GC(45) Concurrent Rebuild Remembered Sets
[2023-11-13T00:51:14.373+0000][2464.105s][info ][gc,marking    ] GC(45) Concurrent Rebuild Remembered Sets 570.671ms
[2023-11-13T00:51:14.374+0000][2464.107s][debug][safepoint     ] Safepoint synchronization initiated. (206 threads)
[2023-11-13T00:51:14.374+0000][2464.107s][info ][safepoint     ] Application time: 0.5724948 seconds
[2023-11-13T00:51:14.374+0000][2464.107s][debug][safepoint     ] ... found polling page return exception at pc = 0x00007f3791926470, stub =0x00007f3790841800
[2023-11-13T00:51:14.375+0000][2464.107s][debug][safepoint     ] ... found polling page return exception at pc = 0x00007f3792b612f3, stub =0x00007f3790841800
[2023-11-13T00:51:14.375+0000][2464.107s][debug][safepoint     ] Waiting for 3 thread(s) to block
[2023-11-13T00:51:14.376+0000][2464.108s][info ][safepoint     ] Entering safepoint region: CGC_Operation
[2023-11-13T00:51:14.377+0000][2464.109s][info ][gc,start      ] GC(45) Pause Cleanup
[2023-11-13T00:51:14.377+0000][2464.110s][info ][gc            ] GC(45) Pause Cleanup 188M->188M(696M) 0.864ms
[2023-11-13T00:51:14.377+0000][2464.110s][info ][gc,cpu        ] GC(45) User=0.00s Sys=0.00s Real=0.00s
[2023-11-13T00:51:14.377+0000][2464.110s][info ][safepoint     ] Leaving safepoint region
[2023-11-13T00:51:14.378+0000][2464.110s][info ][safepoint     ] Total time for which application threads were stopped: 0.0032261 seconds, Stopping threads took: 0.0014877 seconds
[2023-11-13T00:51:14.378+0000][2464.110s][info ][gc,marking    ] GC(45) Concurrent Cleanup for Next Mark
[2023-11-13T00:51:14.385+0000][2464.117s][info ][gc,marking    ] GC(45) Concurrent Cleanup for Next Mark 7.269ms
[2023-11-13T00:51:14.385+0000][2464.117s][info ][gc            ] GC(45) Concurrent Cycle 1229.751ms
[2023-11-13T00:51:15.202+0000][2464.934s][debug][safepoint     ] Safepoint synchronization initiated. (212 threads)
[2023-11-13T00:51:15.202+0000][2464.934s][info ][safepoint     ] Application time: 0.8245199 seconds
[2023-11-13T00:51:15.202+0000][2464.934s][debug][safepoint     ] ... found polling page return exception at pc = 0x00007f379853e6cc, stub =0x00007f3790841800
[2023-11-13T00:51:15.203+0000][2464.935s][debug][safepoint     ] Waiting for 2 thread(s) to block
[2023-11-13T00:51:15.203+0000][2464.935s][info ][safepoint     ] Entering safepoint region: ICBufferFull
[2023-11-13T00:51:15.204+0000][2464.936s][info ][safepoint     ] Leaving safepoint region
[2023-11-13T00:51:15.204+0000][2464.936s][info ][safepoint     ] Total time for which application threads were stopped: 0.0015947 seconds, Stopping threads took: 0.0008406 seconds
[2023-11-13T00:51:15.954+0000][2465.687s][debug][safepoint     ] Safepoint synchronization initiated. (217 threads)
[2023-11-13T00:51:15.954+0000][2465.687s][info ][safepoint     ] Application time: 0.7506432 seconds
[2023-11-13T00:51:15.955+0000][2465.687s][debug][safepoint     ] ... found polling page return exception at pc = 0x00007f3799372c06, stub =0x00007f3790841800
[2023-11-13T00:51:15.955+0000][2465.687s][debug][safepoint     ] Waiting for 4 thread(s) to block
[2023-11-13T00:51:15.957+0000][2465.690s][info ][safepoint     ] Entering safepoint region: ICBufferFull
[2023-11-13T00:51:15.959+0000][2465.691s][info ][safepoint     ] Leaving safepoint region
[2023-11-13T00:51:15.959+0000][2465.692s][info ][safepoint     ] Total time for which application threads were stopped: 0.0048724 seconds, Stopping threads took: 0.0038016 seconds
[2023-11-13T00:51:16.270+0000][2466.002s][debug][safepoint     ] Safepoint synchronization initiated. (217 threads)
[2023-11-13T00:51:16.270+0000][2466.002s][info ][safepoint     ] Application time: 0.3104190 seconds
[2023-11-13T00:51:16.270+0000][2466.002s][debug][safepoint     ] ... found polling page return exception at pc = 0x00007f3799344168, stub =0x00007f3790841800
[2023-11-13T00:51:16.270+0000][2466.002s][debug][safepoint     ] Waiting for 3 thread(s) to block
[2023-11-13T00:51:16.271+0000][2466.003s][info ][safepoint     ] Entering safepoint region: ICBufferFull
[2023-11-13T00:51:16.271+0000][2466.004s][info ][safepoint     ] Leaving safepoint region
[2023-11-13T00:51:16.271+0000][2466.004s][info ][safepoint     ] Total time for which application threads were stopped: 0.0016926 seconds, Stopping threads took: 0.0009597 seconds
[2023-11-13T00:51:17.273+0000][2467.005s][debug][safepoint     ] Safepoint synchronization initiated. (217 threads)
[2023-11-13T00:51:17.273+0000][2467.005s][info ][safepoint     ] Application time: 1.0015715 seconds
[2023-11-13T00:51:17.277+0000][2467.009s][debug][safepoint     ] ... found polling page return exception at pc = 0x00007f37990f7b0a, stub =0x00007f3790841800
[2023-11-13T00:51:17.277+0000][2467.010s][debug][safepoint     ] Waiting for 1 thread(s) to block
[2023-11-13T00:51:17.278+0000][2467.010s][info ][safepoint     ] Entering safepoint region: Cleanup
[2023-11-13T00:51:17.278+0000][2467.011s][info ][safepoint     ] Leaving safepoint region
[2023-11-13T00:51:17.278+0000][2467.011s][info ][safepoint     ] Total time for which application threads were stopped: 0.0053630 seconds, Stopping threads took: 0.0046515 seconds
[2023-11-13T00:51:18.279+0000][2468.011s][debug][safepoint     ] Safepoint synchronization initiated. (217 threads)
[2023-11-13T00:51:18.279+0000][2468.011s][info ][safepoint     ] Application time: 1.0005215 seconds
[2023-11-13T00:51:18.284+0000][2468.016s][debug][safepoint     ] ... found polling page return exception at pc = 0x00007f3793bf0794, stub =0x00007f3790841800
[2023-11-13T00:51:18.284+0000][2468.016s][debug][safepoint     ] Waiting for 1 thread(s) to block
[2023-11-13T00:51:18.284+0000][2468.017s][info ][safepoint     ] Entering safepoint region: Cleanup
[2023-11-13T00:51:18.287+0000][2468.019s][info ][safepoint     ] Leaving safepoint region
[2023-11-13T00:51:18.287+0000][2468.019s][info ][safepoint     ] Total time for which application threads were stopped: 0.0081090 seconds, Stopping threads took: 0.0055218 seconds
[2023-11-13T00:51:19.287+0000][2469.019s][debug][safepoint     ] Safepoint synchronization initiated. (217 threads)
[2023-11-13T00:51:19.287+0000][2469.019s][info ][safepoint     ] Application time: 1.0001473 seconds
[2023-11-13T00:51:19.287+0000][2469.020s][info ][safepoint     ] Entering safepoint region: Cleanup
[2023-11-13T00:51:19.288+0000][2469.020s][info ][safepoint     ] Leaving safepoint region
[2023-11-13T00:51:19.288+0000][2469.020s][info ][safepoint     ] Total time for which application threads were stopped: 0.0004192 seconds, Stopping threads took: 0.0000787 seconds
[2023-11-13T00:51:20.288+0000][2470.020s][debug][safepoint     ] Safepoint synchronization initiated. (217 threads)
[2023-11-13T00:51:20.288+0000][2470.020s][info ][safepoint     ] Application time: 1.0002349 seconds
[2023-11-13T00:51:20.288+0000][2470.020s][debug][safepoint     ] ... found polling page return exception at pc = 0x00007f379926c59d, stub =0x00007f3790841800
[2023-11-13T00:51:20.288+0000][2470.020s][debug][safepoint     ] Waiting for 1 thread(s) to block
[2023-11-13T00:51:20.288+0000][2470.020s][info ][safepoint     ] Entering safepoint region: Cleanup
[2023-11-13T00:51:20.289+0000][2470.021s][info ][safepoint     ] Leaving safepoint region
[2023-11-13T00:51:20.289+0000][2470.021s][info ][safepoint     ] Total time for which application threads were stopped: 0.0006617 seconds, Stopping threads took: 0.0003094 seconds
[2023-11-13T00:51:21.290+0000][2471.023s][debug][safepoint     ] Safepoint synchronization initiated. (217 threads)
[2023-11-13T00:51:21.290+0000][2471.023s][info ][safepoint     ] Application time: 1.0018388 seconds
[2023-11-13T00:51:21.291+0000][2471.023s][debug][safepoint     ] ... found polling page return exception at pc = 0x00007f379879ffa8, stub =0x00007f3790841800
[2023-11-13T00:51:21.291+0000][2471.023s][debug][safepoint     ] ... found polling page return exception at pc = 0x00007f3799051674, stub =0x00007f3790841800
[2023-11-13T00:51:21.291+0000][2471.023s][debug][safepoint     ] Waiting for 2 thread(s) to block
[2023-11-13T00:51:21.293+0000][2471.026s][info ][safepoint     ] Entering safepoint region: Cleanup
[2023-11-13T00:51:21.294+0000][2471.026s][info ][safepoint     ] Leaving safepoint region
[2023-11-13T00:51:21.294+0000][2471.026s][info ][safepoint     ] Total time for which application threads were stopped: 0.0030333 seconds, Stopping threads took: 0.0027300 seconds
[2023-11-13T00:51:22.297+0000][2472.029s][debug][safepoint     ] Safepoint synchronization initiated. (216 threads)
[2023-11-13T00:51:22.297+0000][2472.029s][info ][safepoint     ] Application time: 1.0031166 seconds
[2023-11-13T00:51:22.297+0000][2472.029s][debug][safepoint     ] ... found polling page return exception at pc = 0x00007f3798ccaaa1, stub =0x00007f3790841800
[2023-11-13T00:51:22.297+0000][2472.029s][debug][safepoint     ] Waiting for 1 thread(s) to block
[2023-11-13T00:51:22.297+0000][2472.030s][info ][safepoint     ] Entering safepoint region: Cleanup
[2023-11-13T00:51:22.298+0000][2472.030s][info ][safepoint     ] Leaving safepoint region
[2023-11-13T00:51:22.298+0000][2472.030s][info ][safepoint     ] Total time for which application threads were stopped: 0.0009294 seconds, Stopping threads took: 0.0006357 seconds
[2023-11-13T00:51:23.302+0000][2473.034s][debug][safepoint     ] Safepoint synchronization initiated. (217 threads)
[2023-11-13T00:51:23.302+0000][2473.034s][info ][safepoint     ] Application time: 1.0043924 seconds
[2023-11-13T00:51:23.302+0000][2473.034s][info ][safepoint     ] Entering safepoint region: Cleanup
[2023-11-13T00:51:23.302+0000][2473.035s][info ][safepoint     ] Leaving safepoint region
[2023-11-13T00:51:23.303+0000][2473.035s][info ][safepoint     ] Total time for which application threads were stopped: 0.0004591 seconds, Stopping threads took: 0.0001066 seconds
[2023-11-13T00:51:24.304+0000][2474.036s][debug][safepoint     ] Safepoint synchronization initiated. (217 threads)
[2023-11-13T00:51:24.304+0000][2474.036s][info ][safepoint     ] Application time: 1.0012754 seconds
[2023-11-13T00:51:24.304+0000][2474.036s][info ][safepoint     ] Entering safepoint region: Cleanup
[2023-11-13T00:51:24.304+0000][2474.037s][info ][safepoint     ] Leaving safepoint region
[2023-11-13T00:51:24.304+0000][2474.037s][info ][safepoint     ] Total time for which application threads were stopped: 0.0004582 seconds, Stopping threads took: 0.0000862 seconds
[2023-11-13T00:51:25.305+0000][2475.037s][debug][safepoint     ] Safepoint synchronization initiated. (220 threads)
[2023-11-13T00:51:25.305+0000][2475.037s][info ][safepoint     ] Application time: 1.0006561 seconds
[2023-11-13T00:51:25.305+0000][2475.037s][debug][safepoint     ] ... found polling page return exception at pc = 0x00007f3798b07c44, stub =0x00007f3790841800
[2023-11-13T00:51:25.305+0000][2475.037s][debug][safepoint     ] Waiting for 1 thread(s) to block
[2023-11-13T00:51:25.307+0000][2475.039s][info ][safepoint     ] Entering safepoint region: Cleanup
[2023-11-13T00:51:25.307+0000][2475.039s][info ][safepoint     ] Leaving safepoint region
[2023-11-13T00:51:25.307+0000][2475.039s][info ][safepoint     ] Total time for which application threads were stopped: 0.0022032 seconds, Stopping threads took: 0.0018759 seconds
[2023-11-13T00:51:26.308+0000][2476.040s][debug][safepoint     ] Safepoint synchronization initiated. (219 threads)
[2023-11-13T00:51:26.308+0000][2476.040s][info ][safepoint     ] Application time: 1.0004574 seconds
[2023-11-13T00:51:26.308+0000][2476.040s][info ][safepoint     ] Entering safepoint region: Cleanup
[2023-11-13T00:51:26.308+0000][2476.040s][info ][safepoint     ] Leaving safepoint region
[2023-11-13T00:51:26.308+0000][2476.040s][info ][safepoint     ] Total time for which application threads were stopped: 0.0005009 seconds, Stopping threads took: 0.0000825 seconds
[2023-11-13T00:51:27.308+0000][2477.041s][debug][safepoint     ] Safepoint synchronization initiated. (219 threads)
[2023-11-13T00:51:27.308+0000][2477.041s][info ][safepoint     ] Application time: 1.0002183 seconds
[2023-11-13T00:51:27.308+0000][2477.041s][info ][safepoint     ] Entering safepoint region: Cleanup
[2023-11-13T00:51:27.309+0000][2477.041s][info ][safepoint     ] Leaving safepoint region
[2023-11-13T00:51:27.309+0000][2477.041s][info ][safepoint     ] Total time for which application threads were stopped: 0.0003766 seconds, Stopping threads took: 0.0000859 seconds
[2023-11-13T00:51:27.421+0000][2477.153s][debug][safepoint     ] Safepoint synchronization initiated. (219 threads)
[2023-11-13T00:51:27.421+0000][2477.153s][info ][safepoint     ] Application time: 0.1120211 seconds
[2023-11-13T00:51:27.421+0000][2477.153s][info ][safepoint     ] Entering safepoint region: ICBufferFull
[2023-11-13T00:51:27.422+0000][2477.154s][info ][safepoint     ] Leaving safepoint region
[2023-11-13T00:51:27.422+0000][2477.154s][info ][safepoint     ] Total time for which application threads were stopped: 0.0007758 seconds, Stopping threads took: 0.0001605 seconds
[2023-11-13T00:51:28.422+0000][2478.154s][debug][safepoint     ] Safepoint synchronization initiated. (219 threads)
[2023-11-13T00:51:28.422+0000][2478.154s][info ][safepoint     ] Application time: 1.0002671 seconds
[2023-11-13T00:51:28.422+0000][2478.154s][info ][safepoint     ] Entering safepoint region: Cleanup
[2023-11-13T00:51:28.422+0000][2478.155s][info ][safepoint     ] Leaving safepoint region
[2023-11-13T00:51:28.422+0000][2478.155s][info ][safepoint     ] Total time for which application threads were stopped: 0.0004530 seconds, Stopping threads took: 0.0001225 seconds
[2023-11-13T00:51:29.422+0000][2479.155s][debug][safepoint     ] Safepoint synchronization initiated. (219 threads)
[2023-11-13T00:51:29.423+0000][2479.155s][info ][safepoint     ] Application time: 1.0001767 seconds
[2023-11-13T00:51:29.423+0000][2479.155s][info ][safepoint     ] Entering safepoint region: Cleanup
[2023-11-13T00:51:29.423+0000][2479.155s][info ][safepoint     ] Leaving safepoint region
[2023-11-13T00:51:29.423+0000][2479.155s][info ][safepoint     ] Total time for which application threads were stopped: 0.0004320 seconds, Stopping threads took: 0.0000863 seconds
[2023-11-13T00:51:29.483+0000][2479.215s][debug][safepoint     ] Safepoint synchronization initiated. (219 threads)
[2023-11-13T00:51:29.483+0000][2479.215s][info ][safepoint     ] Application time: 0.0598822 seconds
[2023-11-13T00:51:29.483+0000][2479.215s][info ][safepoint     ] Entering safepoint region: G1CollectForAllocation
[2023-11-13T00:51:29.483+0000][2479.216s][info ][gc,start      ] GC(46) Pause Young (Concurrent Start) (G1 Evacuation Pause)
[2023-11-13T00:51:29.483+0000][2479.216s][info ][gc,task       ] GC(46) Using 6 workers of 6 for evacuation
[2023-11-13T00:51:29.567+0000][2479.300s][info ][gc,phases     ] GC(46)   Pre Evacuate Collection Set: 0.6ms
[2023-11-13T00:51:29.567+0000][2479.300s][info ][gc,phases     ] GC(46)   Evacuate Collection Set: 57.8ms
[2023-11-13T00:51:29.567+0000][2479.300s][info ][gc,phases     ] GC(46)   Post Evacuate Collection Set: 25.0ms
[2023-11-13T00:51:29.567+0000][2479.300s][info ][gc,phases     ] GC(46)   Other: 0.6ms
[2023-11-13T00:51:29.567+0000][2479.300s][info ][gc,heap       ] GC(46) Eden regions: 355->0(369)
[2023-11-13T00:51:29.567+0000][2479.300s][info ][gc,heap       ] GC(46) Survivor regions: 23->21(48)
[2023-11-13T00:51:29.567+0000][2479.300s][info ][gc,heap       ] GC(46) Old regions: 134->138
[2023-11-13T00:51:29.567+0000][2479.300s][info ][gc,heap       ] GC(46) Humongous regions: 0->0
[2023-11-13T00:51:29.567+0000][2479.300s][info ][gc,metaspace  ] GC(46) Metaspace: 165363K(170964K)->165363K(170964K) NonClass: 146372K(149848K)->146372K(149848K) Class: 18990K(21116K)->18990K(21116K)
[2023-11-13T00:51:29.567+0000][2479.300s][info ][gc            ] GC(46) Pause Young (Concurrent Start) (G1 Evacuation Pause) 509M->157M(696M) 84.174ms
[2023-11-13T00:51:29.568+0000][2479.300s][info ][gc,cpu        ] GC(46) User=0.14s Sys=0.00s Real=0.09s
[2023-11-13T00:51:29.568+0000][2479.300s][info ][safepoint     ] Leaving safepoint region
[2023-11-13T00:51:29.568+0000][2479.300s][info ][safepoint     ] Total time for which application threads were stopped: 0.0846746 seconds, Stopping threads took: 0.0000831 seconds
[2023-11-13T00:51:29.568+0000][2479.300s][info ][gc,stringdedup] Concurrent String Deduplication (2479.300s)
[2023-11-13T00:51:29.568+0000][2479.300s][info ][gc,stringdedup] Concurrent String Deduplication 20000.0B->5312.0B(14688.0B) avg 53.9% (2479.300s, 2479.300s) 0.213ms
[2023-11-13T00:51:29.570+0000][2479.302s][info ][gc            ] GC(47) Concurrent Cycle
[2023-11-13T00:51:29.570+0000][2479.303s][info ][gc,marking    ] GC(47) Concurrent Clear Claimed Marks
[2023-11-13T00:51:29.571+0000][2479.303s][info ][gc,marking    ] GC(47) Concurrent Clear Claimed Marks 0.572ms
[2023-11-13T00:51:29.571+0000][2479.303s][info ][gc,marking    ] GC(47) Concurrent Scan Root Regions
[2023-11-13T00:51:29.606+0000][2479.339s][info ][gc,marking    ] GC(47) Concurrent Scan Root Regions 35.553ms
[2023-11-13T00:51:29.606+0000][2479.339s][info ][gc,marking    ] GC(47) Concurrent Mark (2479.339s)
[2023-11-13T00:51:29.606+0000][2479.339s][info ][gc,marking    ] GC(47) Concurrent Mark From Roots
[2023-11-13T00:51:29.606+0000][2479.339s][info ][gc,task       ] GC(47) Using 2 workers of 2 for marking
[2023-11-13T00:51:29.883+0000][2479.615s][info ][gc,marking    ] GC(47) Concurrent Mark From Roots 276.176ms
[2023-11-13T00:51:29.883+0000][2479.615s][info ][gc,marking    ] GC(47) Concurrent Preclean
[2023-11-13T00:51:29.883+0000][2479.615s][info ][gc,marking    ] GC(47) Concurrent Preclean 0.183ms
[2023-11-13T00:51:29.883+0000][2479.615s][info ][gc,marking    ] GC(47) Concurrent Mark (2479.339s, 2479.615s) 276.468ms
[2023-11-13T00:51:29.883+0000][2479.615s][debug][safepoint     ] Safepoint synchronization initiated. (226 threads)
[2023-11-13T00:51:29.883+0000][2479.615s][info ][safepoint     ] Application time: 0.3153650 seconds
[2023-11-13T00:51:29.883+0000][2479.615s][info ][safepoint     ] Entering safepoint region: CGC_Operation
[2023-11-13T00:51:29.884+0000][2479.616s][info ][gc,start      ] GC(47) Pause Remark
[2023-11-13T00:51:29.923+0000][2479.655s][info ][gc,stringtable] GC(47) Cleaned string and symbol table, strings: 81018 processed, 6 removed, symbols: 400409 processed, 0 removed
[2023-11-13T00:51:29.924+0000][2479.656s][info ][gc            ] GC(47) Pause Remark 172M->172M(696M) 39.759ms
[2023-11-13T00:51:29.924+0000][2479.656s][info ][gc,cpu        ] GC(47) User=0.10s Sys=0.00s Real=0.04s
[2023-11-13T00:51:29.924+0000][2479.656s][info ][safepoint     ] Leaving safepoint region
[2023-11-13T00:51:29.924+0000][2479.656s][info ][safepoint     ] Total time for which application threads were stopped: 0.0407432 seconds, Stopping threads took: 0.0000856 seconds
[2023-11-13T00:51:29.924+0000][2479.656s][info ][gc,marking    ] GC(47) Concurrent Rebuild Remembered Sets
[2023-11-13T00:51:30.190+0000][2479.922s][info ][gc,marking    ] GC(47) Concurrent Rebuild Remembered Sets 266.159ms
[2023-11-13T00:51:30.190+0000][2479.922s][debug][safepoint     ] Safepoint synchronization initiated. (226 threads)
[2023-11-13T00:51:30.190+0000][2479.922s][info ][safepoint     ] Application time: 0.2663658 seconds
[2023-11-13T00:51:30.190+0000][2479.923s][debug][safepoint     ] ... found polling page return exception at pc = 0x00007f3798f8f00b, stub =0x00007f3790841800
[2023-11-13T00:51:30.190+0000][2479.923s][debug][safepoint     ] Waiting for 1 thread(s) to block
[2023-11-13T00:51:30.191+0000][2479.923s][info ][safepoint     ] Entering safepoint region: CGC_Operation
[2023-11-13T00:51:30.191+0000][2479.923s][info ][gc,start      ] GC(47) Pause Cleanup
[2023-11-13T00:51:30.192+0000][2479.924s][info ][gc            ] GC(47) Pause Cleanup 178M->178M(696M) 0.749ms
[2023-11-13T00:51:30.192+0000][2479.924s][info ][gc,cpu        ] GC(47) User=0.00s Sys=0.00s Real=0.00s
[2023-11-13T00:51:30.192+0000][2479.924s][info ][safepoint     ] Leaving safepoint region
[2023-11-13T00:51:30.192+0000][2479.924s][info ][safepoint     ] Total time for which application threads were stopped: 0.0018487 seconds, Stopping threads took: 0.0006479 seconds
[2023-11-13T00:51:30.192+0000][2479.925s][info ][gc,marking    ] GC(47) Concurrent Cleanup for Next Mark
[2023-11-13T00:51:30.197+0000][2479.929s][info ][gc,marking    ] GC(47) Concurrent Cleanup for Next Mark 4.274ms
[2023-11-13T00:51:30.197+0000][2479.929s][info ][gc            ] GC(47) Concurrent Cycle 626.412ms
[2023-11-13T00:51:31.192+0000][2480.924s][debug][safepoint     ] Safepoint synchronization initiated. (225 threads)
[2023-11-13T00:51:31.192+0000][2480.924s][info ][safepoint     ] Application time: 1.0001886 seconds
[2023-11-13T00:51:31.192+0000][2480.925s][debug][safepoint     ] ... found polling page return exception at pc = 0x00007f3798a45132, stub =0x00007f3790841800
[2023-11-13T00:51:31.192+0000][2480.925s][debug][safepoint     ] Waiting for 1 thread(s) to block
[2023-11-13T00:51:31.193+0000][2480.925s][info ][safepoint     ] Entering safepoint region: Cleanup
[2023-11-13T00:51:31.193+0000][2480.925s][info ][safepoint     ] Leaving safepoint region
[2023-11-13T00:51:31.193+0000][2480.925s][info ][safepoint     ] Total time for which application threads were stopped: 0.0007473 seconds, Stopping threads took: 0.0004055 seconds
[2023-11-13T00:51:32.197+0000][2481.929s][debug][safepoint     ] Safepoint synchronization initiated. (225 threads)
[2023-11-13T00:51:32.197+0000][2481.929s][info ][safepoint     ] Application time: 1.0037536 seconds
[2023-11-13T00:51:32.197+0000][2481.929s][info ][safepoint     ] Entering safepoint region: Cleanup
[2023-11-13T00:51:32.198+0000][2481.930s][info ][safepoint     ] Leaving safepoint region
[2023-11-13T00:51:32.198+0000][2481.930s][info ][safepoint     ] Total time for which application threads were stopped: 0.0008184 seconds, Stopping threads took: 0.0000877 seconds
[2023-11-13T00:51:33.198+0000][2482.930s][debug][safepoint     ] Safepoint synchronization initiated. (226 threads)
[2023-11-13T00:51:33.198+0000][2482.930s][info ][safepoint     ] Application time: 1.0004519 seconds
[2023-11-13T00:51:33.198+0000][2482.930s][info ][safepoint     ] Entering safepoint region: Cleanup
[2023-11-13T00:51:33.199+0000][2482.931s][info ][safepoint     ] Leaving safepoint region
[2023-11-13T00:51:33.199+0000][2482.931s][info ][safepoint     ] Total time for which application threads were stopped: 0.0005181 seconds, Stopping threads took: 0.0001486 seconds
[2023-11-13T00:51:34.199+0000][2483.931s][debug][safepoint     ] Safepoint synchronization initiated. (226 threads)
[2023-11-13T00:51:34.203+0000][2483.935s][info ][safepoint     ] Application time: 1.0044110 seconds
[2023-11-13T00:51:34.203+0000][2483.935s][debug][safepoint     ] ... found polling page return exception at pc = 0x00007f3798bef1fd, stub =0x00007f3790841800
[2023-11-13T00:51:34.203+0000][2483.935s][debug][safepoint     ] Waiting for 1 thread(s) to block
[2023-11-13T00:51:34.203+0000][2483.935s][info ][safepoint     ] Entering safepoint region: Cleanup
[2023-11-13T00:51:34.204+0000][2483.936s][info ][safepoint     ] Leaving safepoint region
[2023-11-13T00:51:34.204+0000][2483.936s][info ][safepoint     ] Total time for which application threads were stopped: 0.0006304 seconds, Stopping threads took: 0.0002101 seconds
[2023-11-13T00:51:35.204+0000][2484.936s][debug][safepoint     ] Safepoint synchronization initiated. (227 threads)
[2023-11-13T00:51:35.204+0000][2484.936s][info ][safepoint     ] Application time: 1.0002053 seconds
[2023-11-13T00:51:35.204+0000][2484.936s][info ][safepoint     ] Entering safepoint region: Cleanup
[2023-11-13T00:51:35.204+0000][2484.937s][info ][safepoint     ] Leaving safepoint region
[2023-11-13T00:51:35.205+0000][2484.937s][info ][safepoint     ] Total time for which application threads were stopped: 0.0004879 seconds, Stopping threads took: 0.0001453 seconds
[2023-11-13T00:51:36.205+0000][2485.937s][debug][safepoint     ] Safepoint synchronization initiated. (231 threads)
[2023-11-13T00:51:36.205+0000][2485.937s][info ][safepoint     ] Application time: 1.0004557 seconds
[2023-11-13T00:51:36.205+0000][2485.937s][info ][safepoint     ] Entering safepoint region: Cleanup
[2023-11-13T00:51:36.206+0000][2485.939s][info ][safepoint     ] Leaving safepoint region
[2023-11-13T00:51:36.206+0000][2485.939s][info ][safepoint     ] Total time for which application threads were stopped: 0.0013991 seconds, Stopping threads took: 0.0000939 seconds
[2023-11-13T00:51:37.207+0000][2486.939s][debug][safepoint     ] Safepoint synchronization initiated. (232 threads)
[2023-11-13T00:51:37.207+0000][2486.939s][info ][safepoint     ] Application time: 1.0001794 seconds
[2023-11-13T00:51:37.207+0000][2486.939s][debug][safepoint     ] ... found polling page return exception at pc = 0x00007f37992ab500, stub =0x00007f3790841800
[2023-11-13T00:51:37.207+0000][2486.939s][debug][safepoint     ] Waiting for 1 thread(s) to block
[2023-11-13T00:51:37.207+0000][2486.939s][info ][safepoint     ] Entering safepoint region: Cleanup
[2023-11-13T00:51:37.208+0000][2486.940s][info ][safepoint     ] Leaving safepoint region
[2023-11-13T00:51:37.208+0000][2486.940s][info ][safepoint     ] Total time for which application threads were stopped: 0.0009587 seconds, Stopping threads took: 0.0005703 seconds
[2023-11-13T00:51:38.209+0000][2487.942s][debug][safepoint     ] Safepoint synchronization initiated. (233 threads)
[2023-11-13T00:51:38.209+0000][2487.942s][info ][safepoint     ] Application time: 1.0018540 seconds
[2023-11-13T00:51:38.210+0000][2487.942s][info ][safepoint     ] Entering safepoint region: Cleanup
[2023-11-13T00:51:38.210+0000][2487.942s][info ][safepoint     ] Leaving safepoint region
[2023-11-13T00:51:38.210+0000][2487.942s][info ][safepoint     ] Total time for which application threads were stopped: 0.0003366 seconds, Stopping threads took: 0.0000902 seconds
[2023-11-13T00:51:39.210+0000][2488.942s][debug][safepoint     ] Safepoint synchronization initiated. (232 threads)
[2023-11-13T00:51:39.210+0000][2488.942s][info ][safepoint     ] Application time: 1.0001939 seconds
[2023-11-13T00:51:39.210+0000][2488.942s][info ][safepoint     ] Entering safepoint region: Cleanup
[2023-11-13T00:51:39.211+0000][2488.943s][info ][safepoint     ] Leaving safepoint region
[2023-11-13T00:51:39.211+0000][2488.943s][info ][safepoint     ] Total time for which application threads were stopped: 0.0005827 seconds, Stopping threads took: 0.0001056 seconds
[2023-11-13T00:51:40.212+0000][2489.944s][debug][safepoint     ] Safepoint synchronization initiated. (232 threads)
[2023-11-13T00:51:40.212+0000][2489.944s][info ][safepoint     ] Application time: 1.0011711 seconds
[2023-11-13T00:51:40.212+0000][2489.944s][info ][safepoint     ] Entering safepoint region: Cleanup
[2023-11-13T00:51:40.212+0000][2489.944s][info ][safepoint     ] Leaving safepoint region
[2023-11-13T00:51:40.212+0000][2489.944s][info ][safepoint     ] Total time for which application threads were stopped: 0.0003687 seconds, Stopping threads took: 0.0000830 seconds
[2023-11-13T00:51:41.213+0000][2490.945s][debug][safepoint     ] Safepoint synchronization initiated. (233 threads)
[2023-11-13T00:51:41.213+0000][2490.945s][info ][safepoint     ] Application time: 1.0005291 seconds
[2023-11-13T00:51:41.213+0000][2490.945s][info ][safepoint     ] Entering safepoint region: Cleanup
[2023-11-13T00:51:41.213+0000][2490.946s][info ][safepoint     ] Leaving safepoint region
[2023-11-13T00:51:41.213+0000][2490.946s][info ][safepoint     ] Total time for which application threads were stopped: 0.0006236 seconds, Stopping threads took: 0.0000958 seconds
[2023-11-13T00:51:42.214+0000][2491.946s][debug][safepoint     ] Safepoint synchronization initiated. (233 threads)
[2023-11-13T00:51:42.214+0000][2491.946s][info ][safepoint     ] Application time: 1.0004688 seconds
[2023-11-13T00:51:42.214+0000][2491.946s][info ][safepoint     ] Entering safepoint region: Cleanup
[2023-11-13T00:51:42.214+0000][2491.947s][info ][safepoint     ] Leaving safepoint region
[2023-11-13T00:51:42.215+0000][2491.947s][info ][safepoint     ] Total time for which application threads were stopped: 0.0005862 seconds, Stopping threads took: 0.0001250 seconds
[2023-11-13T00:51:43.216+0000][2492.949s][debug][safepoint     ] Safepoint synchronization initiated. (233 threads)
[2023-11-13T00:51:43.216+0000][2492.949s][info ][safepoint     ] Application time: 1.0018808 seconds
[2023-11-13T00:51:43.217+0000][2492.949s][info ][safepoint     ] Entering safepoint region: Cleanup
[2023-11-13T00:51:43.217+0000][2492.949s][info ][safepoint     ] Leaving safepoint region
[2023-11-13T00:51:43.217+0000][2492.949s][info ][safepoint     ] Total time for which application threads were stopped: 0.0004227 seconds, Stopping threads took: 0.0000974 seconds
[2023-11-13T00:51:44.217+0000][2493.949s][debug][safepoint     ] Safepoint synchronization initiated. (233 threads)
[2023-11-13T00:51:44.217+0000][2493.950s][info ][safepoint     ] Application time: 1.0003689 seconds
[2023-11-13T00:51:44.217+0000][2493.950s][info ][safepoint     ] Entering safepoint region: Cleanup
[2023-11-13T00:51:44.218+0000][2493.950s][info ][safepoint     ] Leaving safepoint region
[2023-11-13T00:51:44.218+0000][2493.950s][info ][safepoint     ] Total time for which application threads were stopped: 0.0005820 seconds, Stopping threads took: 0.0000946 seconds
[2023-11-13T00:51:45.218+0000][2494.950s][debug][safepoint     ] Safepoint synchronization initiated. (232 threads)
[2023-11-13T00:51:45.218+0000][2494.951s][info ][safepoint     ] Application time: 1.0004126 seconds
[2023-11-13T00:51:45.218+0000][2494.951s][info ][safepoint     ] Entering safepoint region: Cleanup
[2023-11-13T00:51:45.219+0000][2494.951s][info ][safepoint     ] Leaving safepoint region
[2023-11-13T00:51:45.219+0000][2494.952s][info ][safepoint     ] Total time for which application threads were stopped: 0.0009664 seconds, Stopping threads took: 0.0001320 seconds
[2023-11-13T00:51:46.221+0000][2495.953s][debug][safepoint     ] Safepoint synchronization initiated. (233 threads)
[2023-11-13T00:51:46.221+0000][2495.953s][info ][safepoint     ] Application time: 1.0016678 seconds
[2023-11-13T00:51:46.221+0000][2495.953s][debug][safepoint     ] ... found polling page return exception at pc = 0x00007f3798a5651f, stub =0x00007f3790841800
[2023-11-13T00:51:46.221+0000][2495.953s][debug][safepoint     ] Waiting for 1 thread(s) to block
[2023-11-13T00:51:46.222+0000][2495.954s][info ][safepoint     ] Entering safepoint region: Cleanup
[2023-11-13T00:51:46.222+0000][2495.954s][info ][safepoint     ] Leaving safepoint region
[2023-11-13T00:51:46.222+0000][2495.954s][info ][safepoint     ] Total time for which application threads were stopped: 0.0009546 seconds, Stopping threads took: 0.0006841 seconds
[2023-11-13T00:51:46.222+0000][2495.954s][debug][safepoint     ] ... found polling page return exception at pc = 0x00007f3798afd432, stub =0x00007f3790841800
[2023-11-13T00:51:47.222+0000][2496.954s][debug][safepoint     ] Safepoint synchronization initiated. (232 threads)
[2023-11-13T00:51:47.222+0000][2496.954s][info ][safepoint     ] Application time: 1.0001496 seconds
[2023-11-13T00:51:47.222+0000][2496.954s][debug][safepoint     ] ... found polling page return exception at pc = 0x00007f379842301c, stub =0x00007f3790841800
[2023-11-13T00:51:47.222+0000][2496.954s][debug][safepoint     ] Waiting for 1 thread(s) to block
[2023-11-13T00:51:47.222+0000][2496.955s][info ][safepoint     ] Entering safepoint region: Cleanup
[2023-11-13T00:51:47.223+0000][2496.955s][info ][safepoint     ] Leaving safepoint region
[2023-11-13T00:51:47.223+0000][2496.955s][info ][safepoint     ] Total time for which application threads were stopped: 0.0004658 seconds, Stopping threads took: 0.0001812 seconds
[2023-11-13T00:51:47.790+0000][2497.522s][debug][safepoint     ] Safepoint synchronization initiated. (232 threads)
[2023-11-13T00:51:47.790+0000][2497.522s][info ][safepoint     ] Application time: 0.5674107 seconds
[2023-11-13T00:51:47.790+0000][2497.522s][info ][safepoint     ] Entering safepoint region: G1CollectForAllocation
[2023-11-13T00:51:47.790+0000][2497.523s][info ][gc,start      ] GC(48) Pause Young (Normal) (G1 Evacuation Pause)
[2023-11-13T00:51:47.790+0000][2497.523s][info ][gc,task       ] GC(48) Using 6 workers of 6 for evacuation
[2023-11-13T00:51:47.857+0000][2497.589s][info ][gc,phases     ] GC(48)   Pre Evacuate Collection Set: 0.0ms
[2023-11-13T00:51:47.857+0000][2497.589s][info ][gc,phases     ] GC(48)   Evacuate Collection Set: 51.4ms
[2023-11-13T00:51:47.857+0000][2497.589s][info ][gc,phases     ] GC(48)   Post Evacuate Collection Set: 14.5ms
[2023-11-13T00:51:47.857+0000][2497.589s][info ][gc,phases     ] GC(48)   Other: 0.7ms
[2023-11-13T00:51:47.857+0000][2497.589s][info ][gc,heap       ] GC(48) Eden regions: 369->0(381)
[2023-11-13T00:51:47.857+0000][2497.589s][info ][gc,heap       ] GC(48) Survivor regions: 21->18(49)
[2023-11-13T00:51:47.857+0000][2497.589s][info ][gc,heap       ] GC(48) Old regions: 138->142
[2023-11-13T00:51:47.857+0000][2497.589s][info ][gc,heap       ] GC(48) Humongous regions: 0->0
[2023-11-13T00:51:47.857+0000][2497.589s][info ][gc,metaspace  ] GC(48) Metaspace: 165413K(170964K)->165413K(170964K) NonClass: 146420K(149848K)->146420K(149848K) Class: 18992K(21116K)->18992K(21116K)
[2023-11-13T00:51:47.857+0000][2497.590s][info ][gc            ] GC(48) Pause Young (Normal) (G1 Evacuation Pause) 526M->158M(696M) 66.853ms
[2023-11-13T00:51:47.857+0000][2497.590s][info ][gc,cpu        ] GC(48) User=0.13s Sys=0.01s Real=0.07s
[2023-11-13T00:51:47.857+0000][2497.590s][info ][safepoint     ] Leaving safepoint region
[2023-11-13T00:51:47.857+0000][2497.590s][info ][safepoint     ] Total time for which application threads were stopped: 0.0674701 seconds, Stopping threads took: 0.0000909 seconds
[2023-11-13T00:51:47.858+0000][2497.590s][info ][gc,stringdedup] Concurrent String Deduplication (2497.590s)
[2023-11-13T00:51:47.859+0000][2497.591s][info ][gc,stringdedup] Concurrent String Deduplication 144.2K->64976.0B(82640.0B) avg 53.9% (2497.590s, 2497.591s) 1.272ms
[2023-11-13T00:51:48.858+0000][2498.590s][debug][safepoint     ] Safepoint synchronization initiated. (232 threads)
[2023-11-13T00:51:48.858+0000][2498.590s][info ][safepoint     ] Application time: 1.0001955 seconds
[2023-11-13T00:51:48.858+0000][2498.590s][info ][safepoint     ] Entering safepoint region: Cleanup
[2023-11-13T00:51:48.858+0000][2498.591s][info ][safepoint     ] Leaving safepoint region
[2023-11-13T00:51:48.858+0000][2498.591s][info ][safepoint     ] Total time for which application threads were stopped: 0.0005367 seconds, Stopping threads took: 0.0001131 seconds
[2023-11-13T00:51:49.858+0000][2499.591s][debug][safepoint     ] Safepoint synchronization initiated. (232 threads)
[2023-11-13T00:51:49.859+0000][2499.591s][info ][safepoint     ] Application time: 1.0001644 seconds
[2023-11-13T00:51:49.859+0000][2499.591s][info ][safepoint     ] Entering safepoint region: Cleanup
[2023-11-13T00:51:49.859+0000][2499.591s][info ][safepoint     ] Leaving safepoint region
[2023-11-13T00:51:49.859+0000][2499.591s][info ][safepoint     ] Total time for which application threads were stopped: 0.0004114 seconds, Stopping threads took: 0.0001294 seconds
[2023-11-13T00:51:50.859+0000][2500.591s][debug][safepoint     ] Safepoint synchronization initiated. (232 threads)
[2023-11-13T00:51:50.859+0000][2500.591s][info ][safepoint     ] Application time: 1.0001625 seconds
[2023-11-13T00:51:50.859+0000][2500.592s][info ][safepoint     ] Entering safepoint region: Cleanup
[2023-11-13T00:51:50.860+0000][2500.592s][info ][safepoint     ] Leaving safepoint region
[2023-11-13T00:51:50.860+0000][2500.592s][info ][safepoint     ] Total time for which application threads were stopped: 0.0003728 seconds, Stopping threads took: 0.0000962 seconds
[2023-11-13T00:51:51.860+0000][2501.592s][debug][safepoint     ] Safepoint synchronization initiated. (232 threads)
[2023-11-13T00:51:51.860+0000][2501.592s][info ][safepoint     ] Application time: 1.0003924 seconds
[2023-11-13T00:51:51.860+0000][2501.593s][info ][safepoint     ] Entering safepoint region: Cleanup
[2023-11-13T00:51:51.861+0000][2501.593s][info ][safepoint     ] Leaving safepoint region
[2023-11-13T00:51:51.861+0000][2501.593s][info ][safepoint     ] Total time for which application threads were stopped: 0.0006124 seconds, Stopping threads took: 0.0002249 seconds
[2023-11-13T00:51:52.861+0000][2502.593s][debug][safepoint     ] Safepoint synchronization initiated. (232 threads)
[2023-11-13T00:51:52.861+0000][2502.594s][info ][safepoint     ] Application time: 1.0001761 seconds
[2023-11-13T00:51:52.861+0000][2502.594s][info ][safepoint     ] Entering safepoint region: Cleanup
[2023-11-13T00:51:52.862+0000][2502.594s][info ][safepoint     ] Leaving safepoint region
[2023-11-13T00:51:52.862+0000][2502.594s][info ][safepoint     ] Total time for which application threads were stopped: 0.0004024 seconds, Stopping threads took: 0.0000934 seconds
[2023-11-13T00:51:53.862+0000][2503.594s][debug][safepoint     ] Safepoint synchronization initiated. (232 threads)
[2023-11-13T00:51:53.862+0000][2503.594s][info ][safepoint     ] Application time: 1.0001116 seconds
[2023-11-13T00:51:53.862+0000][2503.594s][info ][safepoint     ] Entering safepoint region: Cleanup
[2023-11-13T00:51:53.862+0000][2503.594s][info ][safepoint     ] Leaving safepoint region
[2023-11-13T00:51:53.862+0000][2503.594s][info ][safepoint     ] Total time for which application threads were stopped: 0.0003247 seconds, Stopping threads took: 0.0000916 seconds
[2023-11-13T00:51:54.862+0000][2504.595s][debug][safepoint     ] Safepoint synchronization initiated. (232 threads)
[2023-11-13T00:51:54.862+0000][2504.595s][info ][safepoint     ] Application time: 1.0001522 seconds
[2023-11-13T00:51:54.862+0000][2504.595s][info ][safepoint     ] Entering safepoint region: Cleanup
[2023-11-13T00:51:54.863+0000][2504.595s][info ][safepoint     ] Leaving safepoint region
[2023-11-13T00:51:54.863+0000][2504.595s][info ][safepoint     ] Total time for which application threads were stopped: 0.0003937 seconds, Stopping threads took: 0.0001009 seconds
[2023-11-13T00:51:55.863+0000][2505.595s][debug][safepoint     ] Safepoint synchronization initiated. (232 threads)
[2023-11-13T00:51:55.863+0000][2505.595s][info ][safepoint     ] Application time: 1.0001496 seconds
[2023-11-13T00:51:55.863+0000][2505.595s][info ][safepoint     ] Entering safepoint region: Cleanup
[2023-11-13T00:51:55.863+0000][2505.595s][info ][safepoint     ] Leaving safepoint region
[2023-11-13T00:51:55.863+0000][2505.596s][info ][safepoint     ] Total time for which application threads were stopped: 0.0003131 seconds, Stopping threads took: 0.0000948 seconds
[2023-11-13T00:51:56.866+0000][2506.599s][debug][safepoint     ] Safepoint synchronization initiated. (232 threads)
[2023-11-13T00:51:56.867+0000][2506.599s][info ][safepoint     ] Application time: 1.0033061 seconds
[2023-11-13T00:51:56.867+0000][2506.599s][info ][safepoint     ] Entering safepoint region: Cleanup
[2023-11-13T00:51:56.867+0000][2506.599s][info ][safepoint     ] Leaving safepoint region
[2023-11-13T00:51:56.867+0000][2506.599s][info ][safepoint     ] Total time for which application threads were stopped: 0.0004277 seconds, Stopping threads took: 0.0001135 seconds
[2023-11-13T00:51:57.868+0000][2507.600s][debug][safepoint     ] Safepoint synchronization initiated. (232 threads)
[2023-11-13T00:51:57.868+0000][2507.601s][info ][safepoint     ] Application time: 1.0011978 seconds
[2023-11-13T00:51:57.868+0000][2507.601s][info ][safepoint     ] Entering safepoint region: Cleanup
[2023-11-13T00:51:57.869+0000][2507.601s][info ][safepoint     ] Leaving safepoint region
[2023-11-13T00:51:57.869+0000][2507.601s][info ][safepoint     ] Total time for which application threads were stopped: 0.0003570 seconds, Stopping threads took: 0.0000954 seconds
[2023-11-13T00:51:58.875+0000][2508.608s][debug][safepoint     ] Safepoint synchronization initiated. (232 threads)
[2023-11-13T00:51:58.875+0000][2508.608s][info ][safepoint     ] Application time: 1.0067613 seconds
[2023-11-13T00:51:58.875+0000][2508.608s][info ][safepoint     ] Entering safepoint region: Cleanup
[2023-11-13T00:51:58.876+0000][2508.608s][info ][safepoint     ] Leaving safepoint region
[2023-11-13T00:51:58.876+0000][2508.608s][info ][safepoint     ] Total time for which application threads were stopped: 0.0003263 seconds, Stopping threads took: 0.0000907 seconds
[2023-11-13T00:51:59.876+0000][2509.608s][debug][safepoint     ] Safepoint synchronization initiated. (232 threads)
[2023-11-13T00:51:59.876+0000][2509.608s][info ][safepoint     ] Application time: 1.0002256 seconds
[2023-11-13T00:51:59.876+0000][2509.608s][info ][safepoint     ] Entering safepoint region: Cleanup
[2023-11-13T00:51:59.876+0000][2509.609s][info ][safepoint     ] Leaving safepoint region
[2023-11-13T00:51:59.876+0000][2509.609s][info ][safepoint     ] Total time for which application threads were stopped: 0.0004872 seconds, Stopping threads took: 0.0000959 seconds
[2023-11-13T00:52:00.877+0000][2510.609s][debug][safepoint     ] Safepoint synchronization initiated. (232 threads)
[2023-11-13T00:52:00.877+0000][2510.609s][info ][safepoint     ] Application time: 1.0001700 seconds
[2023-11-13T00:52:00.877+0000][2510.609s][info ][safepoint     ] Entering safepoint region: Cleanup
[2023-11-13T00:52:00.877+0000][2510.609s][info ][safepoint     ] Leaving safepoint region
[2023-11-13T00:52:00.877+0000][2510.609s][info ][safepoint     ] Total time for which application threads were stopped: 0.0003681 seconds, Stopping threads took: 0.0000916 seconds
[2023-11-13T00:52:01.877+0000][2511.609s][debug][safepoint     ] Safepoint synchronization initiated. (232 threads)
[2023-11-13T00:52:01.877+0000][2511.610s][info ][safepoint     ] Application time: 1.0001770 seconds
[2023-11-13T00:52:01.877+0000][2511.610s][info ][safepoint     ] Entering safepoint region: Cleanup
[2023-11-13T00:52:01.878+0000][2511.610s][info ][safepoint     ] Leaving safepoint region
[2023-11-13T00:52:01.878+0000][2511.610s][info ][safepoint     ] Total time for which application threads were stopped: 0.0004205 seconds, Stopping threads took: 0.0001475 seconds
[2023-11-13T00:52:01.878+0000][2511.610s][debug][safepoint     ] ... found polling page return exception at pc = 0x00007f3798afd432, stub =0x00007f3790841800
[2023-11-13T00:52:02.878+0000][2512.610s][debug][safepoint     ] Safepoint synchronization initiated. (232 threads)
[2023-11-13T00:52:02.878+0000][2512.610s][info ][safepoint     ] Application time: 1.0001875 seconds
[2023-11-13T00:52:02.878+0000][2512.610s][info ][safepoint     ] Entering safepoint region: Cleanup
[2023-11-13T00:52:02.878+0000][2512.611s][info ][safepoint     ] Leaving safepoint region
[2023-11-13T00:52:02.878+0000][2512.611s][info ][safepoint     ] Total time for which application threads were stopped: 0.0004470 seconds, Stopping threads took: 0.0001428 seconds
[2023-11-13T00:52:03.878+0000][2513.611s][debug][safepoint     ] Safepoint synchronization initiated. (232 threads)
[2023-11-13T00:52:03.879+0000][2513.611s][info ][safepoint     ] Application time: 1.0001574 seconds
[2023-11-13T00:52:03.879+0000][2513.611s][info ][safepoint     ] Entering safepoint region: Cleanup
[2023-11-13T00:52:03.879+0000][2513.611s][info ][safepoint     ] Leaving safepoint region
[2023-11-13T00:52:03.879+0000][2513.611s][info ][safepoint     ] Total time for which application threads were stopped: 0.0003850 seconds, Stopping threads took: 0.0001235 seconds
[2023-11-13T00:52:04.880+0000][2514.613s][debug][safepoint     ] Safepoint synchronization initiated. (232 threads)
[2023-11-13T00:52:04.880+0000][2514.613s][info ][safepoint     ] Application time: 1.0013615 seconds
[2023-11-13T00:52:04.880+0000][2514.613s][info ][safepoint     ] Entering safepoint region: Cleanup
[2023-11-13T00:52:04.881+0000][2514.613s][info ][safepoint     ] Leaving safepoint region
[2023-11-13T00:52:04.881+0000][2514.613s][info ][safepoint     ] Total time for which application threads were stopped: 0.0003387 seconds, Stopping threads took: 0.0000926 seconds
[2023-11-13T00:52:05.881+0000][2515.613s][debug][safepoint     ] Safepoint synchronization initiated. (232 threads)
[2023-11-13T00:52:05.881+0000][2515.613s][info ][safepoint     ] Application time: 1.0001515 seconds
[2023-11-13T00:52:05.881+0000][2515.613s][info ][safepoint     ] Entering safepoint region: Cleanup
[2023-11-13T00:52:05.881+0000][2515.613s][info ][safepoint     ] Leaving safepoint region
[2023-11-13T00:52:05.881+0000][2515.613s][info ][safepoint     ] Total time for which application threads were stopped: 0.0003747 seconds, Stopping threads took: 0.0000876 seconds
[2023-11-13T00:52:06.881+0000][2516.614s][debug][safepoint     ] Safepoint synchronization initiated. (232 threads)
[2023-11-13T00:52:06.881+0000][2516.614s][info ][safepoint     ] Application time: 1.0002052 seconds
[2023-11-13T00:52:06.882+0000][2516.614s][info ][safepoint     ] Entering safepoint region: Cleanup
[2023-11-13T00:52:06.882+0000][2516.614s][info ][safepoint     ] Leaving safepoint region
[2023-11-13T00:52:06.882+0000][2516.614s][info ][safepoint     ] Total time for which application threads were stopped: 0.0004194 seconds, Stopping threads took: 0.0001118 seconds
[2023-11-13T00:52:07.883+0000][2517.615s][debug][safepoint     ] Safepoint synchronization initiated. (232 threads)
[2023-11-13T00:52:07.883+0000][2517.615s][info ][safepoint     ] Application time: 1.0007463 seconds
[2023-11-13T00:52:07.883+0000][2517.615s][info ][safepoint     ] Entering safepoint region: Cleanup
[2023-11-13T00:52:07.883+0000][2517.615s][info ][safepoint     ] Leaving safepoint region
[2023-11-13T00:52:07.883+0000][2517.615s][info ][safepoint     ] Total time for which application threads were stopped: 0.0003368 seconds, Stopping threads took: 0.0000905 seconds
[2023-11-13T00:52:08.883+0000][2518.615s][debug][safepoint     ] Safepoint synchronization initiated. (232 threads)
[2023-11-13T00:52:08.883+0000][2518.615s][info ][safepoint     ] Application time: 1.0001616 seconds
[2023-11-13T00:52:08.883+0000][2518.616s][info ][safepoint     ] Entering safepoint region: Cleanup
[2023-11-13T00:52:08.884+0000][2518.616s][info ][safepoint     ] Leaving safepoint region
[2023-11-13T00:52:08.884+0000][2518.616s][info ][safepoint     ] Total time for which application threads were stopped: 0.0004315 seconds, Stopping threads took: 0.0000911 seconds
[2023-11-13T00:52:09.884+0000][2519.616s][debug][safepoint     ] Safepoint synchronization initiated. (232 threads)
[2023-11-13T00:52:09.884+0000][2519.616s][info ][safepoint     ] Application time: 1.0001750 seconds
[2023-11-13T00:52:09.884+0000][2519.616s][info ][safepoint     ] Entering safepoint region: Cleanup
[2023-11-13T00:52:09.884+0000][2519.616s][info ][safepoint     ] Leaving safepoint region
[2023-11-13T00:52:09.884+0000][2519.617s][info ][safepoint     ] Total time for which application threads were stopped: 0.0004218 seconds, Stopping threads took: 0.0001170 seconds
[2023-11-13T00:52:10.884+0000][2520.617s][debug][safepoint     ] Safepoint synchronization initiated. (232 threads)
[2023-11-13T00:52:10.884+0000][2520.617s][info ][safepoint     ] Application time: 1.0001675 seconds
[2023-11-13T00:52:10.885+0000][2520.617s][info ][safepoint     ] Entering safepoint region: Cleanup
[2023-11-13T00:52:10.885+0000][2520.617s][info ][safepoint     ] Leaving safepoint region
[2023-11-13T00:52:10.885+0000][2520.617s][info ][safepoint     ] Total time for which application threads were stopped: 0.0004055 seconds, Stopping threads took: 0.0001188 seconds
[2023-11-13T00:52:11.885+0000][2521.617s][debug][safepoint     ] Safepoint synchronization initiated. (232 threads)
[2023-11-13T00:52:11.885+0000][2521.617s][info ][safepoint     ] Application time: 1.0002530 seconds
[2023-11-13T00:52:11.885+0000][2521.618s][info ][safepoint     ] Entering safepoint region: Cleanup
[2023-11-13T00:52:11.886+0000][2521.618s][info ][safepoint     ] Leaving safepoint region
[2023-11-13T00:52:11.886+0000][2521.618s][info ][safepoint     ] Total time for which application threads were stopped: 0.0006705 seconds, Stopping threads took: 0.0001553 seconds
[2023-11-13T00:52:12.886+0000][2522.618s][debug][safepoint     ] Safepoint synchronization initiated. (232 threads)
[2023-11-13T00:52:12.886+0000][2522.618s][info ][safepoint     ] Application time: 1.0002174 seconds
[2023-11-13T00:52:12.886+0000][2522.619s][info ][safepoint     ] Entering safepoint region: Cleanup
[2023-11-13T00:52:12.887+0000][2522.619s][info ][safepoint     ] Leaving safepoint region
[2023-11-13T00:52:12.887+0000][2522.619s][info ][safepoint     ] Total time for which application threads were stopped: 0.0005161 seconds, Stopping threads took: 0.0001491 seconds
[2023-11-13T00:52:13.887+0000][2523.619s][debug][safepoint     ] Safepoint synchronization initiated. (231 threads)
[2023-11-13T00:52:13.887+0000][2523.620s][info ][safepoint     ] Application time: 1.0007003 seconds
[2023-11-13T00:52:13.888+0000][2523.620s][info ][safepoint     ] Entering safepoint region: Cleanup
[2023-11-13T00:52:13.888+0000][2523.620s][info ][safepoint     ] Leaving safepoint region
[2023-11-13T00:52:13.888+0000][2523.621s][info ][safepoint     ] Total time for which application threads were stopped: 0.0007740 seconds, Stopping threads took: 0.0002818 seconds
[2023-11-13T00:52:14.889+0000][2524.621s][debug][safepoint     ] Safepoint synchronization initiated. (231 threads)
[2023-11-13T00:52:14.890+0000][2524.622s][info ][safepoint     ] Application time: 1.0011419 seconds
[2023-11-13T00:52:14.890+0000][2524.622s][info ][safepoint     ] Entering safepoint region: Cleanup
[2023-11-13T00:52:14.890+0000][2524.623s][info ][safepoint     ] Leaving safepoint region
[2023-11-13T00:52:14.890+0000][2524.623s][info ][safepoint     ] Total time for which application threads were stopped: 0.0006573 seconds, Stopping threads took: 0.0002268 seconds
[2023-11-13T00:52:15.891+0000][2525.623s][debug][safepoint     ] Safepoint synchronization initiated. (231 threads)
[2023-11-13T00:52:15.892+0000][2525.624s][info ][safepoint     ] Application time: 1.0010324 seconds
[2023-11-13T00:52:15.892+0000][2525.624s][info ][safepoint     ] Entering safepoint region: Cleanup
[2023-11-13T00:52:15.893+0000][2525.625s][info ][safepoint     ] Leaving safepoint region
[2023-11-13T00:52:15.893+0000][2525.625s][info ][safepoint     ] Total time for which application threads were stopped: 0.0011721 seconds, Stopping threads took: 0.0004440 seconds
[2023-11-13T00:52:16.894+0000][2526.626s][debug][safepoint     ] Safepoint synchronization initiated. (231 threads)
[2023-11-13T00:52:16.894+0000][2526.627s][info ][safepoint     ] Application time: 1.0010568 seconds
[2023-11-13T00:52:16.895+0000][2526.627s][info ][safepoint     ] Entering safepoint region: Cleanup
[2023-11-13T00:52:16.896+0000][2526.628s][info ][safepoint     ] Leaving safepoint region
[2023-11-13T00:52:16.896+0000][2526.628s][info ][safepoint     ] Total time for which application threads were stopped: 0.0011516 seconds, Stopping threads took: 0.0004090 seconds
[2023-11-13T00:52:17.896+0000][2527.629s][debug][safepoint     ] Safepoint synchronization initiated. (231 threads)
[2023-11-13T00:52:17.897+0000][2527.629s][info ][safepoint     ] Application time: 1.0006289 seconds
[2023-11-13T00:52:17.897+0000][2527.630s][info ][safepoint     ] Entering safepoint region: Cleanup
[2023-11-13T00:52:17.898+0000][2527.630s][info ][safepoint     ] Leaving safepoint region
[2023-11-13T00:52:17.898+0000][2527.631s][info ][safepoint     ] Total time for which application threads were stopped: 0.0012104 seconds, Stopping threads took: 0.0004696 seconds
[2023-11-13T00:52:18.899+0000][2528.631s][debug][safepoint     ] Safepoint synchronization initiated. (231 threads)
[2023-11-13T00:52:18.899+0000][2528.631s][info ][safepoint     ] Application time: 1.0002488 seconds
[2023-11-13T00:52:18.899+0000][2528.631s][info ][safepoint     ] Entering safepoint region: Cleanup
[2023-11-13T00:52:18.900+0000][2528.632s][info ][safepoint     ] Leaving safepoint region
[2023-11-13T00:52:18.900+0000][2528.632s][info ][safepoint     ] Total time for which application threads were stopped: 0.0006270 seconds, Stopping threads took: 0.0001485 seconds
[2023-11-13T00:52:19.900+0000][2529.632s][debug][safepoint     ] Safepoint synchronization initiated. (231 threads)
[2023-11-13T00:52:19.900+0000][2529.632s][info ][safepoint     ] Application time: 1.0002873 seconds
[2023-11-13T00:52:19.900+0000][2529.632s][info ][safepoint     ] Entering safepoint region: Cleanup
[2023-11-13T00:52:19.901+0000][2529.633s][info ][safepoint     ] Leaving safepoint region
[2023-11-13T00:52:19.901+0000][2529.633s][info ][safepoint     ] Total time for which application threads were stopped: 0.0011369 seconds, Stopping threads took: 0.0001417 seconds
[2023-11-13T00:52:20.901+0000][2530.634s][debug][safepoint     ] Safepoint synchronization initiated. (231 threads)
[2023-11-13T00:52:20.901+0000][2530.634s][info ][safepoint     ] Application time: 1.0002559 seconds
[2023-11-13T00:52:20.902+0000][2530.634s][info ][safepoint     ] Entering safepoint region: Cleanup
[2023-11-13T00:52:20.903+0000][2530.635s][info ][safepoint     ] Leaving safepoint region
[2023-11-13T00:52:20.903+0000][2530.635s][info ][safepoint     ] Total time for which application threads were stopped: 0.0011698 seconds, Stopping threads took: 0.0001410 seconds
[2023-11-13T00:52:21.903+0000][2531.635s][debug][safepoint     ] Safepoint synchronization initiated. (231 threads)
[2023-11-13T00:52:21.903+0000][2531.635s][info ][safepoint     ] Application time: 1.0002088 seconds
[2023-11-13T00:52:21.903+0000][2531.635s][info ][safepoint     ] Entering safepoint region: Cleanup
[2023-11-13T00:52:21.903+0000][2531.636s][info ][safepoint     ] Leaving safepoint region
[2023-11-13T00:52:21.903+0000][2531.636s][info ][safepoint     ] Total time for which application threads were stopped: 0.0005061 seconds, Stopping threads took: 0.0001196 seconds
[2023-11-13T00:52:22.904+0000][2532.636s][debug][safepoint     ] Safepoint synchronization initiated. (231 threads)
[2023-11-13T00:52:22.904+0000][2532.636s][info ][safepoint     ] Application time: 1.0002422 seconds
[2023-11-13T00:52:22.904+0000][2532.636s][info ][safepoint     ] Entering safepoint region: Cleanup
[2023-11-13T00:52:22.904+0000][2532.636s][info ][safepoint     ] Leaving safepoint region
[2023-11-13T00:52:22.904+0000][2532.636s][info ][safepoint     ] Total time for which application threads were stopped: 0.0004726 seconds, Stopping threads took: 0.0001096 seconds
[2023-11-13T00:52:23.904+0000][2533.637s][debug][safepoint     ] Safepoint synchronization initiated. (231 threads)
[2023-11-13T00:52:23.904+0000][2533.637s][info ][safepoint     ] Application time: 1.0001874 seconds
[2023-11-13T00:52:23.905+0000][2533.637s][info ][safepoint     ] Entering safepoint region: Cleanup
[2023-11-13T00:52:23.905+0000][2533.637s][info ][safepoint     ] Leaving safepoint region
[2023-11-13T00:52:23.905+0000][2533.637s][info ][safepoint     ] Total time for which application threads were stopped: 0.0003591 seconds, Stopping threads took: 0.0001009 seconds
[2023-11-13T00:52:24.905+0000][2534.637s][debug][safepoint     ] Safepoint synchronization initiated. (231 threads)
[2023-11-13T00:52:24.905+0000][2534.637s][info ][safepoint     ] Application time: 1.0001590 seconds
[2023-11-13T00:52:24.905+0000][2534.637s][info ][safepoint     ] Entering safepoint region: Cleanup
[2023-11-13T00:52:24.905+0000][2534.638s][info ][safepoint     ] Leaving safepoint region
[2023-11-13T00:52:24.905+0000][2534.638s][info ][safepoint     ] Total time for which application threads were stopped: 0.0003757 seconds, Stopping threads took: 0.0001172 seconds
[2023-11-13T00:52:24.905+0000][2534.638s][debug][safepoint     ] ... found polling page return exception at pc = 0x00007f3798afd432, stub =0x00007f3790841800
[2023-11-13T00:52:25.905+0000][2535.638s][debug][safepoint     ] Safepoint synchronization initiated. (231 threads)
[2023-11-13T00:52:25.906+0000][2535.638s][info ][safepoint     ] Application time: 1.0001786 seconds
[2023-11-13T00:52:25.906+0000][2535.638s][info ][safepoint     ] Entering safepoint region: Cleanup
[2023-11-13T00:52:25.906+0000][2535.638s][info ][safepoint     ] Leaving safepoint region
[2023-11-13T00:52:25.906+0000][2535.638s][info ][safepoint     ] Total time for which application threads were stopped: 0.0003432 seconds, Stopping threads took: 0.0000997 seconds
[2023-11-13T00:52:26.906+0000][2536.638s][debug][safepoint     ] Safepoint synchronization initiated. (231 threads)
[2023-11-13T00:52:26.906+0000][2536.638s][info ][safepoint     ] Application time: 1.0001540 seconds
[2023-11-13T00:52:26.906+0000][2536.638s][info ][safepoint     ] Entering safepoint region: Cleanup
[2023-11-13T00:52:26.907+0000][2536.639s][info ][safepoint     ] Leaving safepoint region
[2023-11-13T00:52:26.907+0000][2536.639s][info ][safepoint     ] Total time for which application threads were stopped: 0.0007300 seconds, Stopping threads took: 0.0000998 seconds
[2023-11-13T00:52:27.907+0000][2537.639s][debug][safepoint     ] Safepoint synchronization initiated. (231 threads)
[2023-11-13T00:52:27.907+0000][2537.639s][info ][safepoint     ] Application time: 1.0001685 seconds
[2023-11-13T00:52:27.907+0000][2537.639s][info ][safepoint     ] Entering safepoint region: Cleanup
[2023-11-13T00:52:27.907+0000][2537.640s][info ][safepoint     ] Leaving safepoint region
[2023-11-13T00:52:27.907+0000][2537.640s][info ][safepoint     ] Total time for which application threads were stopped: 0.0003580 seconds, Stopping threads took: 0.0000919 seconds
[2023-11-13T00:52:28.908+0000][2538.640s][debug][safepoint     ] Safepoint synchronization initiated. (231 threads)
[2023-11-13T00:52:28.908+0000][2538.640s][info ][safepoint     ] Application time: 1.0005896 seconds
[2023-11-13T00:52:28.908+0000][2538.641s][info ][safepoint     ] Entering safepoint region: Cleanup
[2023-11-13T00:52:28.909+0000][2538.641s][info ][safepoint     ] Leaving safepoint region
[2023-11-13T00:52:28.909+0000][2538.641s][info ][safepoint     ] Total time for which application threads were stopped: 0.0006203 seconds, Stopping threads took: 0.0002142 seconds
[2023-11-13T00:52:29.910+0000][2539.642s][debug][safepoint     ] Safepoint synchronization initiated. (231 threads)
[2023-11-13T00:52:29.910+0000][2539.642s][info ][safepoint     ] Application time: 1.0009553 seconds
[2023-11-13T00:52:29.910+0000][2539.642s][info ][safepoint     ] Entering safepoint region: Cleanup
[2023-11-13T00:52:29.910+0000][2539.643s][info ][safepoint     ] Leaving safepoint region
[2023-11-13T00:52:29.910+0000][2539.643s][info ][safepoint     ] Total time for which application threads were stopped: 0.0003941 seconds, Stopping threads took: 0.0001182 seconds
[2023-11-13T00:52:30.910+0000][2540.643s][debug][safepoint     ] Safepoint synchronization initiated. (231 threads)
[2023-11-13T00:52:30.911+0000][2540.643s][info ][safepoint     ] Application time: 1.0002493 seconds
[2023-11-13T00:52:30.911+0000][2540.643s][info ][safepoint     ] Entering safepoint region: Cleanup
[2023-11-13T00:52:30.911+0000][2540.643s][info ][safepoint     ] Leaving safepoint region
[2023-11-13T00:52:30.911+0000][2540.643s][info ][safepoint     ] Total time for which application threads were stopped: 0.0005616 seconds, Stopping threads took: 0.0001062 seconds
[2023-11-13T00:52:31.911+0000][2541.644s][debug][safepoint     ] Safepoint synchronization initiated. (231 threads)
[2023-11-13T00:52:31.912+0000][2541.644s][info ][safepoint     ] Application time: 1.0007539 seconds
[2023-11-13T00:52:31.912+0000][2541.644s][info ][safepoint     ] Entering safepoint region: Cleanup
[2023-11-13T00:52:31.913+0000][2541.645s][info ][safepoint     ] Leaving safepoint region
[2023-11-13T00:52:31.913+0000][2541.645s][info ][safepoint     ] Total time for which application threads were stopped: 0.0006543 seconds, Stopping threads took: 0.0002097 seconds
[2023-11-13T00:52:32.913+0000][2542.645s][debug][safepoint     ] Safepoint synchronization initiated. (231 threads)
[2023-11-13T00:52:32.914+0000][2542.646s][info ][safepoint     ] Application time: 1.0010766 seconds
[2023-11-13T00:52:32.914+0000][2542.647s][info ][safepoint     ] Entering safepoint region: Cleanup
[2023-11-13T00:52:32.915+0000][2542.647s][info ][safepoint     ] Leaving safepoint region
[2023-11-13T00:52:32.916+0000][2542.648s][info ][safepoint     ] Total time for which application threads were stopped: 0.0012775 seconds, Stopping threads took: 0.0004115 seconds
[2023-11-13T00:52:33.916+0000][2543.648s][debug][safepoint     ] Safepoint synchronization initiated. (231 threads)
[2023-11-13T00:52:33.917+0000][2543.649s][info ][safepoint     ] Application time: 1.0009749 seconds
[2023-11-13T00:52:33.917+0000][2543.649s][info ][safepoint     ] Entering safepoint region: Cleanup
[2023-11-13T00:52:33.918+0000][2543.650s][info ][safepoint     ] Leaving safepoint region
[2023-11-13T00:52:33.918+0000][2543.651s][info ][safepoint     ] Total time for which application threads were stopped: 0.0013764 seconds, Stopping threads took: 0.0004292 seconds
[2023-11-13T00:52:34.919+0000][2544.651s][debug][safepoint     ] Safepoint synchronization initiated. (231 threads)
[2023-11-13T00:52:34.919+0000][2544.651s][info ][safepoint     ] Application time: 1.0003162 seconds
[2023-11-13T00:52:34.919+0000][2544.652s][info ][safepoint     ] Entering safepoint region: Cleanup
[2023-11-13T00:52:34.920+0000][2544.652s][info ][safepoint     ] Leaving safepoint region
[2023-11-13T00:52:34.920+0000][2544.652s][info ][safepoint     ] Total time for which application threads were stopped: 0.0006038 seconds, Stopping threads took: 0.0002042 seconds
[2023-11-13T00:52:35.920+0000][2545.652s][debug][safepoint     ] Safepoint synchronization initiated. (231 threads)
[2023-11-13T00:52:35.920+0000][2545.653s][info ][safepoint     ] Application time: 1.0003391 seconds
[2023-11-13T00:52:35.921+0000][2545.653s][info ][safepoint     ] Entering safepoint region: Cleanup
[2023-11-13T00:52:35.921+0000][2545.653s][info ][safepoint     ] Leaving safepoint region
[2023-11-13T00:52:35.921+0000][2545.653s][info ][safepoint     ] Total time for which application threads were stopped: 0.0006110 seconds, Stopping threads took: 0.0002233 seconds
[2023-11-13T00:52:36.921+0000][2546.654s][debug][safepoint     ] Safepoint synchronization initiated. (231 threads)
[2023-11-13T00:52:36.922+0000][2546.654s][info ][safepoint     ] Application time: 1.0006213 seconds
[2023-11-13T00:52:36.922+0000][2546.655s][info ][safepoint     ] Entering safepoint region: Cleanup
[2023-11-13T00:52:36.923+0000][2546.655s][info ][safepoint     ] Leaving safepoint region
[2023-11-13T00:52:36.923+0000][2546.656s][info ][safepoint     ] Total time for which application threads were stopped: 0.0011395 seconds, Stopping threads took: 0.0004182 seconds
[2023-11-13T00:52:37.924+0000][2547.656s][debug][safepoint     ] Safepoint synchronization initiated. (231 threads)
[2023-11-13T00:52:37.925+0000][2547.657s][info ][safepoint     ] Application time: 1.0011108 seconds
[2023-11-13T00:52:37.925+0000][2547.657s][info ][safepoint     ] Entering safepoint region: Cleanup
[2023-11-13T00:52:37.926+0000][2547.658s][info ][safepoint     ] Leaving safepoint region
[2023-11-13T00:52:37.926+0000][2547.658s][info ][safepoint     ] Total time for which application threads were stopped: 0.0011880 seconds, Stopping threads took: 0.0004018 seconds
[2023-11-13T00:52:38.927+0000][2548.659s][debug][safepoint     ] Safepoint synchronization initiated. (231 threads)
[2023-11-13T00:52:38.928+0000][2548.660s][info ][safepoint     ] Application time: 1.0010446 seconds
[2023-11-13T00:52:38.928+0000][2548.660s][info ][safepoint     ] Entering safepoint region: Cleanup
[2023-11-13T00:52:38.929+0000][2548.661s][info ][safepoint     ] Leaving safepoint region
[2023-11-13T00:52:38.929+0000][2548.661s][info ][safepoint     ] Total time for which application threads were stopped: 0.0012003 seconds, Stopping threads took: 0.0003879 seconds
[2023-11-13T00:52:39.929+0000][2549.662s][debug][safepoint     ] Safepoint synchronization initiated. (231 threads)
[2023-11-13T00:52:39.930+0000][2549.662s][info ][safepoint     ] Application time: 1.0007415 seconds
[2023-11-13T00:52:39.930+0000][2549.663s][info ][safepoint     ] Entering safepoint region: Cleanup
[2023-11-13T00:52:39.931+0000][2549.664s][info ][safepoint     ] Leaving safepoint region
[2023-11-13T00:52:39.932+0000][2549.664s][info ][safepoint     ] Total time for which application threads were stopped: 0.0013141 seconds, Stopping threads took: 0.0003703 seconds
[2023-11-13T00:52:40.932+0000][2550.664s][debug][safepoint     ] Safepoint synchronization initiated. (231 threads)
[2023-11-13T00:52:40.933+0000][2550.665s][info ][safepoint     ] Application time: 1.0009004 seconds
[2023-11-13T00:52:40.933+0000][2550.665s][info ][safepoint     ] Entering safepoint region: Cleanup
[2023-11-13T00:52:40.934+0000][2550.666s][info ][safepoint     ] Leaving safepoint region
[2023-11-13T00:52:40.934+0000][2550.666s][info ][safepoint     ] Total time for which application threads were stopped: 0.0010768 seconds, Stopping threads took: 0.0003303 seconds
[2023-11-13T00:52:41.935+0000][2551.667s][debug][safepoint     ] Safepoint synchronization initiated. (231 threads)
[2023-11-13T00:52:41.935+0000][2551.667s][info ][safepoint     ] Application time: 1.0002168 seconds
[2023-11-13T00:52:41.935+0000][2551.667s][info ][safepoint     ] Entering safepoint region: Cleanup
[2023-11-13T00:52:41.935+0000][2551.668s][info ][safepoint     ] Leaving safepoint region
[2023-11-13T00:52:41.935+0000][2551.668s][info ][safepoint     ] Total time for which application threads were stopped: 0.0006445 seconds, Stopping threads took: 0.0001294 seconds
[2023-11-13T00:52:42.935+0000][2552.668s][debug][safepoint     ] Safepoint synchronization initiated. (231 threads)
[2023-11-13T00:52:42.936+0000][2552.668s][info ][safepoint     ] Application time: 1.0005059 seconds
[2023-11-13T00:52:42.936+0000][2552.669s][info ][safepoint     ] Entering safepoint region: Cleanup
[2023-11-13T00:52:42.937+0000][2552.669s][info ][safepoint     ] Leaving safepoint region
[2023-11-13T00:52:42.937+0000][2552.669s][info ][safepoint     ] Total time for which application threads were stopped: 0.0010198 seconds, Stopping threads took: 0.0003807 seconds
[2023-11-13T00:52:43.937+0000][2553.670s][debug][safepoint     ] Safepoint synchronization initiated. (231 threads)
[2023-11-13T00:52:43.938+0000][2553.670s][info ][safepoint     ] Application time: 1.0003746 seconds
[2023-11-13T00:52:43.938+0000][2553.670s][info ][safepoint     ] Entering safepoint region: Cleanup
[2023-11-13T00:52:43.938+0000][2553.671s][info ][safepoint     ] Leaving safepoint region
[2023-11-13T00:52:43.939+0000][2553.671s][info ][safepoint     ] Total time for which application threads were stopped: 0.0007544 seconds, Stopping threads took: 0.0002676 seconds
[2023-11-13T00:52:44.939+0000][2554.671s][debug][safepoint     ] Safepoint synchronization initiated. (231 threads)
[2023-11-13T00:52:44.939+0000][2554.671s][info ][safepoint     ] Application time: 1.0002393 seconds
[2023-11-13T00:52:44.939+0000][2554.671s][info ][safepoint     ] Entering safepoint region: Cleanup
[2023-11-13T00:52:44.940+0000][2554.672s][info ][safepoint     ] Leaving safepoint region
[2023-11-13T00:52:44.940+0000][2554.672s][info ][safepoint     ] Total time for which application threads were stopped: 0.0007577 seconds, Stopping threads took: 0.0001466 seconds
[2023-11-13T00:52:45.940+0000][2555.672s][debug][safepoint     ] Safepoint synchronization initiated. (231 threads)
[2023-11-13T00:52:45.941+0000][2555.673s][info ][safepoint     ] Application time: 1.0008271 seconds
[2023-11-13T00:52:45.941+0000][2555.673s][info ][safepoint     ] Entering safepoint region: Cleanup
[2023-11-13T00:52:45.942+0000][2555.674s][info ][safepoint     ] Leaving safepoint region
[2023-11-13T00:52:45.942+0000][2555.674s][info ][safepoint     ] Total time for which application threads were stopped: 0.0008976 seconds, Stopping threads took: 0.0002957 seconds
[2023-11-13T00:52:46.942+0000][2556.674s][debug][safepoint     ] Safepoint synchronization initiated. (231 threads)
[2023-11-13T00:52:46.943+0000][2556.675s][info ][safepoint     ] Application time: 1.0005518 seconds
[2023-11-13T00:52:46.943+0000][2556.675s][info ][safepoint     ] Entering safepoint region: Cleanup
[2023-11-13T00:52:46.943+0000][2556.675s][info ][safepoint     ] Leaving safepoint region
[2023-11-13T00:52:46.943+0000][2556.676s][info ][safepoint     ] Total time for which application threads were stopped: 0.0006470 seconds, Stopping threads took: 0.0001994 seconds
[2023-11-13T00:52:47.944+0000][2557.676s][debug][safepoint     ] Safepoint synchronization initiated. (231 threads)
[2023-11-13T00:52:47.944+0000][2557.676s][info ][safepoint     ] Application time: 1.0004994 seconds
[2023-11-13T00:52:47.944+0000][2557.677s][info ][safepoint     ] Entering safepoint region: Cleanup
[2023-11-13T00:52:47.945+0000][2557.677s][info ][safepoint     ] Leaving safepoint region
[2023-11-13T00:52:47.945+0000][2557.678s][info ][safepoint     ] Total time for which application threads were stopped: 0.0010550 seconds, Stopping threads took: 0.0003434 seconds
[2023-11-13T00:52:48.946+0000][2558.678s][debug][safepoint     ] Safepoint synchronization initiated. (231 threads)
[2023-11-13T00:52:48.947+0000][2558.679s][info ][safepoint     ] Application time: 1.0012338 seconds
[2023-11-13T00:52:48.947+0000][2558.680s][info ][safepoint     ] Entering safepoint region: Cleanup
[2023-11-13T00:52:48.948+0000][2558.680s][info ][safepoint     ] Leaving safepoint region
[2023-11-13T00:52:48.948+0000][2558.681s][info ][safepoint     ] Total time for which application threads were stopped: 0.0012707 seconds, Stopping threads took: 0.0004253 seconds
[2023-11-13T00:52:49.949+0000][2559.681s][debug][safepoint     ] Safepoint synchronization initiated. (231 threads)
[2023-11-13T00:52:49.949+0000][2559.682s][info ][safepoint     ] Application time: 1.0006721 seconds
[2023-11-13T00:52:49.950+0000][2559.682s][info ][safepoint     ] Entering safepoint region: Cleanup
[2023-11-13T00:52:49.951+0000][2559.683s][info ][safepoint     ] Leaving safepoint region
[2023-11-13T00:52:49.951+0000][2559.683s][info ][safepoint     ] Total time for which application threads were stopped: 0.0014373 seconds, Stopping threads took: 0.0004640 seconds
[2023-11-13T00:52:50.952+0000][2560.684s][debug][safepoint     ] Safepoint synchronization initiated. (231 threads)
[2023-11-13T00:52:50.952+0000][2560.684s][info ][safepoint     ] Application time: 1.0006070 seconds
[2023-11-13T00:52:50.952+0000][2560.685s][info ][safepoint     ] Entering safepoint region: Cleanup
[2023-11-13T00:52:50.953+0000][2560.686s][info ][safepoint     ] Leaving safepoint region
[2023-11-13T00:52:50.954+0000][2560.686s][info ][safepoint     ] Total time for which application threads were stopped: 0.0011590 seconds, Stopping threads took: 0.0003836 seconds
[2023-11-13T00:52:51.954+0000][2561.686s][debug][safepoint     ] Safepoint synchronization initiated. (231 threads)
[2023-11-13T00:52:51.954+0000][2561.686s][info ][safepoint     ] Application time: 1.0003952 seconds
[2023-11-13T00:52:51.954+0000][2561.687s][info ][safepoint     ] Entering safepoint region: Cleanup
[2023-11-13T00:52:51.955+0000][2561.687s][info ][safepoint     ] Leaving safepoint region
[2023-11-13T00:52:51.955+0000][2561.687s][info ][safepoint     ] Total time for which application threads were stopped: 0.0006352 seconds, Stopping threads took: 0.0002101 seconds
[2023-11-13T00:52:52.955+0000][2562.687s][debug][safepoint     ] Safepoint synchronization initiated. (231 threads)
[2023-11-13T00:52:52.955+0000][2562.688s][info ][safepoint     ] Application time: 1.0003450 seconds
[2023-11-13T00:52:52.956+0000][2562.688s][info ][safepoint     ] Entering safepoint region: Cleanup
[2023-11-13T00:52:52.956+0000][2562.688s][info ][safepoint     ] Leaving safepoint region
[2023-11-13T00:52:52.956+0000][2562.688s][info ][safepoint     ] Total time for which application threads were stopped: 0.0006070 seconds, Stopping threads took: 0.0001967 seconds
[2023-11-13T00:52:53.956+0000][2563.689s][debug][safepoint     ] Safepoint synchronization initiated. (231 threads)
[2023-11-13T00:52:53.957+0000][2563.689s][info ][safepoint     ] Application time: 1.0003843 seconds
[2023-11-13T00:52:53.957+0000][2563.689s][info ][safepoint     ] Entering safepoint region: Cleanup
[2023-11-13T00:52:53.957+0000][2563.690s][info ][safepoint     ] Leaving safepoint region
[2023-11-13T00:52:53.958+0000][2563.690s][info ][safepoint     ] Total time for which application threads were stopped: 0.0006822 seconds, Stopping threads took: 0.0002297 seconds
[2023-11-13T00:52:54.958+0000][2564.690s][debug][safepoint     ] Safepoint synchronization initiated. (231 threads)
[2023-11-13T00:52:54.958+0000][2564.690s][info ][safepoint     ] Application time: 1.0001641 seconds
[2023-11-13T00:52:54.958+0000][2564.690s][info ][safepoint     ] Entering safepoint region: Cleanup
[2023-11-13T00:52:54.958+0000][2564.691s][info ][safepoint     ] Leaving safepoint region
[2023-11-13T00:52:54.958+0000][2564.691s][info ][safepoint     ] Total time for which application threads were stopped: 0.0006095 seconds, Stopping threads took: 0.0001039 seconds
[2023-11-13T00:52:55.959+0000][2565.691s][debug][safepoint     ] Safepoint synchronization initiated. (231 threads)
[2023-11-13T00:52:55.959+0000][2565.691s][info ][safepoint     ] Application time: 1.0003085 seconds
[2023-11-13T00:52:55.959+0000][2565.691s][info ][safepoint     ] Entering safepoint region: Cleanup
[2023-11-13T00:52:55.960+0000][2565.692s][info ][safepoint     ] Leaving safepoint region
[2023-11-13T00:52:55.960+0000][2565.692s][info ][safepoint     ] Total time for which application threads were stopped: 0.0012013 seconds, Stopping threads took: 0.0001492 seconds
[2023-11-13T00:52:56.960+0000][2566.693s][debug][safepoint     ] Safepoint synchronization initiated. (231 threads)
[2023-11-13T00:52:56.960+0000][2566.693s][info ][safepoint     ] Application time: 1.0002118 seconds
[2023-11-13T00:52:56.960+0000][2566.693s][info ][safepoint     ] Entering safepoint region: Cleanup
[2023-11-13T00:52:56.961+0000][2566.693s][info ][safepoint     ] Leaving safepoint region
[2023-11-13T00:52:56.961+0000][2566.693s][info ][safepoint     ] Total time for which application threads were stopped: 0.0005903 seconds, Stopping threads took: 0.0001199 seconds
[2023-11-13T00:52:57.961+0000][2567.693s][debug][safepoint     ] Safepoint synchronization initiated. (231 threads)
[2023-11-13T00:52:57.961+0000][2567.694s][info ][safepoint     ] Application time: 1.0002738 seconds
[2023-11-13T00:52:57.961+0000][2567.694s][info ][safepoint     ] Entering safepoint region: Cleanup
[2023-11-13T00:52:57.962+0000][2567.694s][info ][safepoint     ] Leaving safepoint region
[2023-11-13T00:52:57.962+0000][2567.694s][info ][safepoint     ] Total time for which application threads were stopped: 0.0008097 seconds, Stopping threads took: 0.0001400 seconds
[2023-11-13T00:52:58.962+0000][2568.695s][debug][safepoint     ] Safepoint synchronization initiated. (231 threads)
[2023-11-13T00:52:58.963+0000][2568.695s][info ][safepoint     ] Application time: 1.0007688 seconds
[2023-11-13T00:52:58.963+0000][2568.696s][info ][safepoint     ] Entering safepoint region: Cleanup
[2023-11-13T00:52:58.964+0000][2568.697s][info ][safepoint     ] Leaving safepoint region
[2023-11-13T00:52:58.965+0000][2568.697s][info ][safepoint     ] Total time for which application threads were stopped: 0.0013722 seconds, Stopping threads took: 0.0004095 seconds
[2023-11-13T00:52:59.965+0000][2569.697s][debug][safepoint     ] Safepoint synchronization initiated. (231 threads)
[2023-11-13T00:52:59.965+0000][2569.698s][info ][safepoint     ] Application time: 1.0004537 seconds
[2023-11-13T00:52:59.966+0000][2569.698s][info ][safepoint     ] Entering safepoint region: Cleanup
[2023-11-13T00:52:59.966+0000][2569.698s][info ][safepoint     ] Leaving safepoint region
[2023-11-13T00:52:59.966+0000][2569.699s][info ][safepoint     ] Total time for which application threads were stopped: 0.0007287 seconds, Stopping threads took: 0.0003000 seconds
[2023-11-13T00:53:00.967+0000][2570.699s][debug][safepoint     ] Safepoint synchronization initiated. (231 threads)
[2023-11-13T00:53:00.967+0000][2570.699s][info ][safepoint     ] Application time: 1.0003861 seconds
[2023-11-13T00:53:00.967+0000][2570.699s][info ][safepoint     ] Entering safepoint region: Cleanup
[2023-11-13T00:53:00.968+0000][2570.700s][info ][safepoint     ] Leaving safepoint region
[2023-11-13T00:53:00.968+0000][2570.700s][info ][safepoint     ] Total time for which application threads were stopped: 0.0005603 seconds, Stopping threads took: 0.0002043 seconds
[2023-11-13T00:53:01.968+0000][2571.700s][debug][safepoint     ] Safepoint synchronization initiated. (230 threads)
[2023-11-13T00:53:01.969+0000][2571.701s][info ][safepoint     ] Application time: 1.0010333 seconds
[2023-11-13T00:53:01.969+0000][2571.702s][info ][safepoint     ] Entering safepoint region: Cleanup
[2023-11-13T00:53:01.970+0000][2571.702s][info ][safepoint     ] Leaving safepoint region
[2023-11-13T00:53:01.970+0000][2571.703s][info ][safepoint     ] Total time for which application threads were stopped: 0.0012705 seconds, Stopping threads took: 0.0004375 seconds
[2023-11-13T00:53:02.971+0000][2572.703s][debug][safepoint     ] Safepoint synchronization initiated. (230 threads)
[2023-11-13T00:53:02.971+0000][2572.703s][info ][safepoint     ] Application time: 1.0002320 seconds
[2023-11-13T00:53:02.971+0000][2572.703s][info ][safepoint     ] Entering safepoint region: Cleanup
[2023-11-13T00:53:02.972+0000][2572.704s][info ][safepoint     ] Leaving safepoint region
[2023-11-13T00:53:02.972+0000][2572.704s][info ][safepoint     ] Total time for which application threads were stopped: 0.0005947 seconds, Stopping threads took: 0.0001302 seconds
[2023-11-13T00:53:03.972+0000][2573.704s][debug][safepoint     ] Safepoint synchronization initiated. (230 threads)
[2023-11-13T00:53:03.972+0000][2573.704s][info ][safepoint     ] Application time: 1.0002865 seconds
[2023-11-13T00:53:03.972+0000][2573.704s][info ][safepoint     ] Entering safepoint region: Cleanup
[2023-11-13T00:53:03.972+0000][2573.705s][info ][safepoint     ] Leaving safepoint region
[2023-11-13T00:53:03.972+0000][2573.705s][info ][safepoint     ] Total time for which application threads were stopped: 0.0004971 seconds, Stopping threads took: 0.0001194 seconds
[2023-11-13T00:53:04.973+0000][2574.705s][debug][safepoint     ] Safepoint synchronization initiated. (229 threads)
[2023-11-13T00:53:04.973+0000][2574.705s][info ][safepoint     ] Application time: 1.0002036 seconds
[2023-11-13T00:53:04.973+0000][2574.705s][info ][safepoint     ] Entering safepoint region: Cleanup
[2023-11-13T00:53:04.973+0000][2574.705s][info ][safepoint     ] Leaving safepoint region
[2023-11-13T00:53:04.973+0000][2574.705s][info ][safepoint     ] Total time for which application threads were stopped: 0.0004688 seconds, Stopping threads took: 0.0001171 seconds
[2023-11-13T00:53:05.973+0000][2575.706s][debug][safepoint     ] Safepoint synchronization initiated. (229 threads)
[2023-11-13T00:53:05.973+0000][2575.706s][info ][safepoint     ] Application time: 1.0001889 seconds
[2023-11-13T00:53:05.973+0000][2575.706s][info ][safepoint     ] Entering safepoint region: Cleanup
[2023-11-13T00:53:05.974+0000][2575.706s][info ][safepoint     ] Leaving safepoint region
[2023-11-13T00:53:05.974+0000][2575.706s][info ][safepoint     ] Total time for which application threads were stopped: 0.0003561 seconds, Stopping threads took: 0.0000921 seconds
[2023-11-13T00:53:06.974+0000][2576.706s][debug][safepoint     ] Safepoint synchronization initiated. (227 threads)
[2023-11-13T00:53:06.974+0000][2576.706s][info ][safepoint     ] Application time: 1.0003259 seconds
[2023-11-13T00:53:06.974+0000][2576.707s][info ][safepoint     ] Entering safepoint region: Cleanup
[2023-11-13T00:53:06.975+0000][2576.707s][info ][safepoint     ] Leaving safepoint region
[2023-11-13T00:53:06.975+0000][2576.707s][info ][safepoint     ] Total time for which application threads were stopped: 0.0009445 seconds, Stopping threads took: 0.0001398 seconds
[2023-11-13T00:53:07.976+0000][2577.708s][debug][safepoint     ] Safepoint synchronization initiated. (227 threads)
[2023-11-13T00:53:07.976+0000][2577.708s][info ][safepoint     ] Application time: 1.0005455 seconds
[2023-11-13T00:53:07.976+0000][2577.709s][info ][safepoint     ] Entering safepoint region: Cleanup
[2023-11-13T00:53:07.977+0000][2577.709s][info ][safepoint     ] Leaving safepoint region
[2023-11-13T00:53:07.977+0000][2577.710s][info ][safepoint     ] Total time for which application threads were stopped: 0.0011822 seconds, Stopping threads took: 0.0004329 seconds
[2023-11-13T00:53:08.978+0000][2578.710s][debug][safepoint     ] Safepoint synchronization initiated. (227 threads)
[2023-11-13T00:53:08.979+0000][2578.711s][info ][safepoint     ] Application time: 1.0010674 seconds
[2023-11-13T00:53:08.979+0000][2578.712s][info ][safepoint     ] Entering safepoint region: Cleanup
[2023-11-13T00:53:08.980+0000][2578.712s][info ][safepoint     ] Leaving safepoint region
[2023-11-13T00:53:08.980+0000][2578.713s][info ][safepoint     ] Total time for which application threads were stopped: 0.0011926 seconds, Stopping threads took: 0.0004410 seconds
[2023-11-13T00:53:09.981+0000][2579.713s][debug][safepoint     ] Safepoint synchronization initiated. (227 threads)
[2023-11-13T00:53:09.982+0000][2579.714s][info ][safepoint     ] Application time: 1.0010850 seconds
[2023-11-13T00:53:09.982+0000][2579.714s][info ][safepoint     ] Entering safepoint region: Cleanup
[2023-11-13T00:53:09.983+0000][2579.715s][info ][safepoint     ] Leaving safepoint region
[2023-11-13T00:53:09.983+0000][2579.715s][info ][safepoint     ] Total time for which application threads were stopped: 0.0011070 seconds, Stopping threads took: 0.0004290 seconds
[2023-11-13T00:53:10.984+0000][2580.716s][debug][safepoint     ] Safepoint synchronization initiated. (227 threads)
[2023-11-13T00:53:10.984+0000][2580.716s][info ][safepoint     ] Application time: 1.0007767 seconds
[2023-11-13T00:53:10.985+0000][2580.717s][info ][safepoint     ] Entering safepoint region: Cleanup
[2023-11-13T00:53:10.985+0000][2580.717s][info ][safepoint     ] Leaving safepoint region
[2023-11-13T00:53:10.985+0000][2580.718s][info ][safepoint     ] Total time for which application threads were stopped: 0.0008119 seconds, Stopping threads took: 0.0002906 seconds
[2023-11-13T00:53:11.986+0000][2581.718s][debug][safepoint     ] Safepoint synchronization initiated. (227 threads)
[2023-11-13T00:53:11.986+0000][2581.719s][info ][safepoint     ] Application time: 1.0008741 seconds
[2023-11-13T00:53:11.987+0000][2581.719s][info ][safepoint     ] Entering safepoint region: Cleanup
[2023-11-13T00:53:11.987+0000][2581.719s][info ][safepoint     ] Leaving safepoint region
[2023-11-13T00:53:11.987+0000][2581.719s][info ][safepoint     ] Total time for which application threads were stopped: 0.0006352 seconds, Stopping threads took: 0.0002796 seconds
[2023-11-13T00:53:11.987+0000][2581.719s][debug][safepoint     ] ... found polling page return exception at pc = 0x00007f3798afd432, stub =0x00007f3790841800
[2023-11-13T00:53:12.990+0000][2582.722s][debug][safepoint     ] Safepoint synchronization initiated. (227 threads)
[2023-11-13T00:53:12.990+0000][2582.722s][info ][safepoint     ] Application time: 1.0028444 seconds
[2023-11-13T00:53:12.990+0000][2582.722s][info ][safepoint     ] Entering safepoint region: Cleanup
[2023-11-13T00:53:12.991+0000][2582.723s][info ][safepoint     ] Leaving safepoint region
[2023-11-13T00:53:12.991+0000][2582.723s][info ][safepoint     ] Total time for which application threads were stopped: 0.0005031 seconds, Stopping threads took: 0.0001000 seconds
[2023-11-13T00:53:13.991+0000][2583.723s][debug][safepoint     ] Safepoint synchronization initiated. (227 threads)
[2023-11-13T00:53:13.991+0000][2583.723s][info ][safepoint     ] Application time: 1.0004919 seconds
[2023-11-13T00:53:13.991+0000][2583.724s][info ][safepoint     ] Entering safepoint region: Cleanup
[2023-11-13T00:53:13.992+0000][2583.724s][info ][safepoint     ] Leaving safepoint region
[2023-11-13T00:53:13.992+0000][2583.725s][info ][safepoint     ] Total time for which application threads were stopped: 0.0009978 seconds, Stopping threads took: 0.0003316 seconds
[2023-11-13T00:53:14.993+0000][2584.725s][debug][safepoint     ] Safepoint synchronization initiated. (227 threads)
[2023-11-13T00:53:14.994+0000][2584.726s][info ][safepoint     ] Application time: 1.0009315 seconds
[2023-11-13T00:53:14.994+0000][2584.726s][info ][safepoint     ] Entering safepoint region: Cleanup
[2023-11-13T00:53:14.995+0000][2584.727s][info ][safepoint     ] Leaving safepoint region
[2023-11-13T00:53:14.995+0000][2584.727s][info ][safepoint     ] Total time for which application threads were stopped: 0.0010086 seconds, Stopping threads took: 0.0004104 seconds
[2023-11-13T00:53:15.995+0000][2585.727s][debug][safepoint     ] Safepoint synchronization initiated. (227 threads)
[2023-11-13T00:53:15.995+0000][2585.728s][info ][safepoint     ] Application time: 1.0004127 seconds
[2023-11-13T00:53:15.996+0000][2585.728s][info ][safepoint     ] Entering safepoint region: Cleanup
[2023-11-13T00:53:15.996+0000][2585.729s][info ][safepoint     ] Leaving safepoint region
[2023-11-13T00:53:15.997+0000][2585.729s][info ][safepoint     ] Total time for which application threads were stopped: 0.0006971 seconds, Stopping threads took: 0.0002660 seconds
[2023-11-13T00:53:16.997+0000][2586.729s][debug][safepoint     ] Safepoint synchronization initiated. (227 threads)
[2023-11-13T00:53:16.997+0000][2586.729s][info ][safepoint     ] Application time: 1.0002365 seconds
[2023-11-13T00:53:16.997+0000][2586.729s][info ][safepoint     ] Entering safepoint region: Cleanup
[2023-11-13T00:53:16.998+0000][2586.730s][info ][safepoint     ] Leaving safepoint region
[2023-11-13T00:53:16.998+0000][2586.730s][info ][safepoint     ] Total time for which application threads were stopped: 0.0006690 seconds, Stopping threads took: 0.0001452 seconds
[2023-11-13T00:53:17.998+0000][2587.730s][debug][safepoint     ] Safepoint synchronization initiated. (227 threads)
[2023-11-13T00:53:17.998+0000][2587.730s][info ][safepoint     ] Application time: 1.0001421 seconds
[2023-11-13T00:53:17.998+0000][2587.730s][info ][safepoint     ] Entering safepoint region: Cleanup
[2023-11-13T00:53:17.998+0000][2587.730s][info ][safepoint     ] Leaving safepoint region
[2023-11-13T00:53:17.998+0000][2587.730s][info ][safepoint     ] Total time for which application threads were stopped: 0.0003488 seconds, Stopping threads took: 0.0001157 seconds
[2023-11-13T00:53:18.998+0000][2588.731s][debug][safepoint     ] Safepoint synchronization initiated. (227 threads)
[2023-11-13T00:53:18.999+0000][2588.731s][info ][safepoint     ] Application time: 1.0002656 seconds
[2023-11-13T00:53:18.999+0000][2588.731s][info ][safepoint     ] Entering safepoint region: Cleanup
[2023-11-13T00:53:18.999+0000][2588.731s][info ][safepoint     ] Leaving safepoint region
[2023-11-13T00:53:18.999+0000][2588.731s][info ][safepoint     ] Total time for which application threads were stopped: 0.0005953 seconds, Stopping threads took: 0.0001335 seconds
[2023-11-13T00:53:19.999+0000][2589.732s][debug][safepoint     ] Safepoint synchronization initiated. (227 threads)
[2023-11-13T00:53:19.999+0000][2589.732s][info ][safepoint     ] Application time: 1.0003094 seconds
[2023-11-13T00:53:20.000+0000][2589.732s][info ][safepoint     ] Entering safepoint region: Cleanup
[2023-11-13T00:53:20.000+0000][2589.732s][info ][safepoint     ] Leaving safepoint region
[2023-11-13T00:53:20.000+0000][2589.733s][info ][safepoint     ] Total time for which application threads were stopped: 0.0007545 seconds, Stopping threads took: 0.0001431 seconds
[2023-11-13T00:53:21.000+0000][2590.733s][debug][safepoint     ] Safepoint synchronization initiated. (227 threads)
[2023-11-13T00:53:21.001+0000][2590.733s][info ][safepoint     ] Application time: 1.0002499 seconds
[2023-11-13T00:53:21.001+0000][2590.733s][info ][safepoint     ] Entering safepoint region: Cleanup
[2023-11-13T00:53:21.001+0000][2590.734s][info ][safepoint     ] Leaving safepoint region
[2023-11-13T00:53:21.001+0000][2590.734s][info ][safepoint     ] Total time for which application threads were stopped: 0.0007337 seconds, Stopping threads took: 0.0001465 seconds
[2023-11-13T00:53:22.001+0000][2591.734s][debug][safepoint     ] Safepoint synchronization initiated. (227 threads)
[2023-11-13T00:53:22.002+0000][2591.734s][info ][safepoint     ] Application time: 1.0005680 seconds
[2023-11-13T00:53:22.002+0000][2591.735s][debug][safepoint     ] ... found polling page return exception at pc = 0x00007f379922a1b7, stub =0x00007f3790841800
[2023-11-13T00:53:22.003+0000][2591.735s][debug][safepoint     ] Waiting for 1 thread(s) to block
[2023-11-13T00:53:22.003+0000][2591.735s][info ][safepoint     ] Entering safepoint region: Cleanup
[2023-11-13T00:53:22.004+0000][2591.736s][info ][safepoint     ] Leaving safepoint region
[2023-11-13T00:53:22.004+0000][2591.737s][info ][safepoint     ] Total time for which application threads were stopped: 0.0020055 seconds, Stopping threads took: 0.0011808 seconds
[2023-11-13T00:53:23.005+0000][2592.737s][debug][safepoint     ] Safepoint synchronization initiated. (227 threads)
[2023-11-13T00:53:23.005+0000][2592.737s][info ][safepoint     ] Application time: 1.0003003 seconds
[2023-11-13T00:53:23.005+0000][2592.737s][info ][safepoint     ] Entering safepoint region: Cleanup
[2023-11-13T00:53:23.005+0000][2592.738s][info ][safepoint     ] Leaving safepoint region
[2023-11-13T00:53:23.005+0000][2592.738s][info ][safepoint     ] Total time for which application threads were stopped: 0.0005856 seconds, Stopping threads took: 0.0001402 seconds
[2023-11-13T00:53:24.006+0000][2593.738s][debug][safepoint     ] Safepoint synchronization initiated. (227 threads)
[2023-11-13T00:53:24.006+0000][2593.738s][info ][safepoint     ] Application time: 1.0002370 seconds
[2023-11-13T00:53:24.006+0000][2593.738s][info ][safepoint     ] Entering safepoint region: Cleanup
[2023-11-13T00:53:24.006+0000][2593.739s][info ][safepoint     ] Leaving safepoint region
[2023-11-13T00:53:24.006+0000][2593.739s][info ][safepoint     ] Total time for which application threads were stopped: 0.0005826 seconds, Stopping threads took: 0.0001374 seconds
[2023-11-13T00:53:25.006+0000][2594.739s][debug][safepoint     ] Safepoint synchronization initiated. (227 threads)
[2023-11-13T00:53:25.007+0000][2594.739s][info ][safepoint     ] Application time: 1.0002089 seconds
[2023-11-13T00:53:25.007+0000][2594.739s][info ][safepoint     ] Entering safepoint region: Cleanup
[2023-11-13T00:53:25.007+0000][2594.739s][info ][safepoint     ] Leaving safepoint region
[2023-11-13T00:53:25.007+0000][2594.739s][info ][safepoint     ] Total time for which application threads were stopped: 0.0005906 seconds, Stopping threads took: 0.0001133 seconds
[2023-11-13T00:53:26.007+0000][2595.740s][debug][safepoint     ] Safepoint synchronization initiated. (227 threads)
[2023-11-13T00:53:26.007+0000][2595.740s][info ][safepoint     ] Application time: 1.0001508 seconds
[2023-11-13T00:53:26.007+0000][2595.740s][info ][safepoint     ] Entering safepoint region: Cleanup
[2023-11-13T00:53:26.008+0000][2595.740s][info ][safepoint     ] Leaving safepoint region
[2023-11-13T00:53:26.008+0000][2595.740s][info ][safepoint     ] Total time for which application threads were stopped: 0.0003581 seconds, Stopping threads took: 0.0000877 seconds
[2023-11-13T00:53:27.008+0000][2596.740s][debug][safepoint     ] Safepoint synchronization initiated. (227 threads)
[2023-11-13T00:53:27.008+0000][2596.740s][info ][safepoint     ] Application time: 1.0001758 seconds
[2023-11-13T00:53:27.008+0000][2596.740s][info ][safepoint     ] Entering safepoint region: Cleanup
[2023-11-13T00:53:27.008+0000][2596.741s][info ][safepoint     ] Leaving safepoint region
[2023-11-13T00:53:27.008+0000][2596.741s][info ][safepoint     ] Total time for which application threads were stopped: 0.0003560 seconds, Stopping threads took: 0.0000889 seconds
[2023-11-13T00:53:28.008+0000][2597.741s][debug][safepoint     ] Safepoint synchronization initiated. (227 threads)
[2023-11-13T00:53:28.009+0000][2597.741s][info ][safepoint     ] Application time: 1.0002241 seconds
[2023-11-13T00:53:28.009+0000][2597.741s][info ][safepoint     ] Entering safepoint region: Cleanup
[2023-11-13T00:53:28.009+0000][2597.741s][info ][safepoint     ] Leaving safepoint region
[2023-11-13T00:53:28.009+0000][2597.741s][info ][safepoint     ] Total time for which application threads were stopped: 0.0006517 seconds, Stopping threads took: 0.0001228 seconds
[2023-11-13T00:53:29.009+0000][2598.742s][debug][safepoint     ] Safepoint synchronization initiated. (227 threads)
[2023-11-13T00:53:29.010+0000][2598.743s][info ][safepoint     ] Application time: 1.0010782 seconds
[2023-11-13T00:53:29.011+0000][2598.743s][info ][safepoint     ] Entering safepoint region: Cleanup
[2023-11-13T00:53:29.012+0000][2598.744s][info ][safepoint     ] Leaving safepoint region
[2023-11-13T00:53:29.012+0000][2598.744s][info ][safepoint     ] Total time for which application threads were stopped: 0.0012010 seconds, Stopping threads took: 0.0004075 seconds
[2023-11-13T00:53:30.012+0000][2599.745s][debug][safepoint     ] Safepoint synchronization initiated. (227 threads)
[2023-11-13T00:53:30.013+0000][2599.745s][info ][safepoint     ] Application time: 1.0010592 seconds
[2023-11-13T00:53:30.014+0000][2599.746s][info ][safepoint     ] Entering safepoint region: Cleanup
[2023-11-13T00:53:30.014+0000][2599.747s][info ][safepoint     ] Leaving safepoint region
[2023-11-13T00:53:30.015+0000][2599.747s][info ][safepoint     ] Total time for which application threads were stopped: 0.0009918 seconds, Stopping threads took: 0.0004610 seconds
[2023-11-13T00:53:31.015+0000][2600.747s][debug][safepoint     ] Safepoint synchronization initiated. (227 threads)
[2023-11-13T00:53:31.015+0000][2600.747s][info ][safepoint     ] Application time: 1.0002141 seconds
[2023-11-13T00:53:31.015+0000][2600.747s][info ][safepoint     ] Entering safepoint region: Cleanup
[2023-11-13T00:53:31.015+0000][2600.748s][info ][safepoint     ] Leaving safepoint region
[2023-11-13T00:53:31.015+0000][2600.748s][info ][safepoint     ] Total time for which application threads were stopped: 0.0005953 seconds, Stopping threads took: 0.0001420 seconds
[2023-11-13T00:53:32.016+0000][2601.748s][debug][safepoint     ] Safepoint synchronization initiated. (227 threads)
[2023-11-13T00:53:32.016+0000][2601.749s][info ][safepoint     ] Application time: 1.0010109 seconds
[2023-11-13T00:53:32.017+0000][2601.749s][info ][safepoint     ] Entering safepoint region: Cleanup
[2023-11-13T00:53:32.018+0000][2601.750s][info ][safepoint     ] Leaving safepoint region
[2023-11-13T00:53:32.018+0000][2601.750s][info ][safepoint     ] Total time for which application threads were stopped: 0.0012026 seconds, Stopping threads took: 0.0004125 seconds
[2023-11-13T00:53:33.018+0000][2602.751s][debug][safepoint     ] Safepoint synchronization initiated. (227 threads)
[2023-11-13T00:53:33.019+0000][2602.752s][info ][safepoint     ] Application time: 1.0010227 seconds
[2023-11-13T00:53:33.020+0000][2602.752s][info ][safepoint     ] Entering safepoint region: Cleanup
[2023-11-13T00:53:33.021+0000][2602.753s][info ][safepoint     ] Leaving safepoint region
[2023-11-13T00:53:33.021+0000][2602.753s][info ][safepoint     ] Total time for which application threads were stopped: 0.0011647 seconds, Stopping threads took: 0.0004201 seconds
[2023-11-13T00:53:34.021+0000][2603.754s][debug][safepoint     ] Safepoint synchronization initiated. (227 threads)
[2023-11-13T00:53:34.022+0000][2603.755s][info ][safepoint     ] Application time: 1.0011913 seconds
[2023-11-13T00:53:34.023+0000][2603.755s][info ][safepoint     ] Entering safepoint region: Cleanup
[2023-11-13T00:53:34.024+0000][2603.756s][info ][safepoint     ] Leaving safepoint region
[2023-11-13T00:53:34.024+0000][2603.756s][info ][safepoint     ] Total time for which application threads were stopped: 0.0011832 seconds, Stopping threads took: 0.0004121 seconds
[2023-11-13T00:53:35.025+0000][2604.758s][debug][safepoint     ] Safepoint synchronization initiated. (227 threads)
[2023-11-13T00:53:35.026+0000][2604.759s][info ][safepoint     ] Application time: 1.0021657 seconds
[2023-11-13T00:53:35.027+0000][2604.759s][info ][safepoint     ] Entering safepoint region: Cleanup
[2023-11-13T00:53:35.028+0000][2604.760s][info ][safepoint     ] Leaving safepoint region
[2023-11-13T00:53:35.028+0000][2604.760s][info ][safepoint     ] Total time for which application threads were stopped: 0.0011446 seconds, Stopping threads took: 0.0004190 seconds
[2023-11-13T00:53:36.029+0000][2605.761s][debug][safepoint     ] Safepoint synchronization initiated. (227 threads)
[2023-11-13T00:53:36.029+0000][2605.762s][info ][safepoint     ] Application time: 1.0011685 seconds
[2023-11-13T00:53:36.030+0000][2605.762s][info ][safepoint     ] Entering safepoint region: Cleanup
[2023-11-13T00:53:36.031+0000][2605.763s][info ][safepoint     ] Leaving safepoint region
[2023-11-13T00:53:36.031+0000][2605.763s][info ][safepoint     ] Total time for which application threads were stopped: 0.0012327 seconds, Stopping threads took: 0.0004174 seconds
[2023-11-13T00:53:37.031+0000][2606.764s][debug][safepoint     ] Safepoint synchronization initiated. (227 threads)
[2023-11-13T00:53:37.032+0000][2606.764s][info ][safepoint     ] Application time: 1.0008065 seconds
[2023-11-13T00:53:37.032+0000][2606.765s][info ][safepoint     ] Entering safepoint region: Cleanup
[2023-11-13T00:53:37.033+0000][2606.765s][info ][safepoint     ] Leaving safepoint region
[2023-11-13T00:53:37.033+0000][2606.765s][info ][safepoint     ] Total time for which application threads were stopped: 0.0008856 seconds, Stopping threads took: 0.0002866 seconds
[2023-11-13T00:53:38.033+0000][2607.766s][debug][safepoint     ] Safepoint synchronization initiated. (227 threads)
[2023-11-13T00:53:38.034+0000][2607.766s][info ][safepoint     ] Application time: 1.0007504 seconds
[2023-11-13T00:53:38.034+0000][2607.767s][info ][safepoint     ] Entering safepoint region: Cleanup
[2023-11-13T00:53:38.035+0000][2607.768s][info ][safepoint     ] Leaving safepoint region
[2023-11-13T00:53:38.035+0000][2607.768s][info ][safepoint     ] Total time for which application threads were stopped: 0.0010443 seconds, Stopping threads took: 0.0004133 seconds
[2023-11-13T00:53:39.036+0000][2608.768s][debug][safepoint     ] Safepoint synchronization initiated. (227 threads)
[2023-11-13T00:53:39.036+0000][2608.768s][info ][safepoint     ] Application time: 1.0003445 seconds
[2023-11-13T00:53:39.036+0000][2608.768s][info ][safepoint     ] Entering safepoint region: Cleanup
[2023-11-13T00:53:39.037+0000][2608.769s][info ][safepoint     ] Leaving safepoint region
[2023-11-13T00:53:39.037+0000][2608.769s][info ][safepoint     ] Total time for which application threads were stopped: 0.0013429 seconds, Stopping threads took: 0.0001960 seconds
[2023-11-13T00:53:40.037+0000][2609.770s][debug][safepoint     ] Safepoint synchronization initiated. (227 threads)
[2023-11-13T00:53:40.038+0000][2609.770s][info ][safepoint     ] Application time: 1.0003407 seconds
[2023-11-13T00:53:40.038+0000][2609.770s][info ][safepoint     ] Entering safepoint region: Cleanup
[2023-11-13T00:53:40.039+0000][2609.771s][info ][safepoint     ] Leaving safepoint region
[2023-11-13T00:53:40.039+0000][2609.771s][info ][safepoint     ] Total time for which application threads were stopped: 0.0012768 seconds, Stopping threads took: 0.0001806 seconds
[2023-11-13T00:53:41.039+0000][2610.772s][debug][safepoint     ] Safepoint synchronization initiated. (227 threads)
[2023-11-13T00:53:41.041+0000][2610.773s][info ][safepoint     ] Application time: 1.0018400 seconds
[2023-11-13T00:53:41.043+0000][2610.775s][info ][safepoint     ] Entering safepoint region: Cleanup
[2023-11-13T00:53:41.044+0000][2610.776s][info ][safepoint     ] Leaving safepoint region
[2023-11-13T00:53:41.044+0000][2610.777s][info ][safepoint     ] Total time for which application threads were stopped: 0.0017578 seconds, Stopping threads took: 0.0006952 seconds
[2023-11-13T00:53:42.045+0000][2611.777s][debug][safepoint     ] Safepoint synchronization initiated. (227 threads)
[2023-11-13T00:53:42.045+0000][2611.777s][info ][safepoint     ] Application time: 1.0003257 seconds
[2023-11-13T00:53:42.045+0000][2611.778s][info ][safepoint     ] Entering safepoint region: Cleanup
[2023-11-13T00:53:42.046+0000][2611.778s][info ][safepoint     ] Leaving safepoint region
[2023-11-13T00:53:42.046+0000][2611.778s][info ][safepoint     ] Total time for which application threads were stopped: 0.0009134 seconds, Stopping threads took: 0.0001807 seconds
[2023-11-13T00:53:43.047+0000][2612.779s][debug][safepoint     ] Safepoint synchronization initiated. (227 threads)
[2023-11-13T00:53:43.048+0000][2612.780s][info ][safepoint     ] Application time: 1.0018339 seconds
[2023-11-13T00:53:43.048+0000][2612.781s][info ][safepoint     ] Entering safepoint region: Cleanup
[2023-11-13T00:53:43.049+0000][2612.781s][info ][safepoint     ] Leaving safepoint region
[2023-11-13T00:53:43.050+0000][2612.782s][info ][safepoint     ] Total time for which application threads were stopped: 0.0012769 seconds, Stopping threads took: 0.0004218 seconds
[2023-11-13T00:53:44.051+0000][2613.784s][debug][safepoint     ] Safepoint synchronization initiated. (227 threads)
[2023-11-13T00:53:44.052+0000][2613.784s][info ][safepoint     ] Application time: 1.0010836 seconds
[2023-11-13T00:53:44.052+0000][2613.785s][info ][safepoint     ] Entering safepoint region: Cleanup
[2023-11-13T00:53:44.053+0000][2613.785s][info ][safepoint     ] Leaving safepoint region
[2023-11-13T00:53:44.053+0000][2613.785s][info ][safepoint     ] Total time for which application threads were stopped: 0.0007199 seconds, Stopping threads took: 0.0001453 seconds
[2023-11-13T00:53:45.053+0000][2614.785s][debug][safepoint     ] Safepoint synchronization initiated. (227 threads)
[2023-11-13T00:53:45.053+0000][2614.785s][info ][safepoint     ] Application time: 1.0001927 seconds
[2023-11-13T00:53:45.053+0000][2614.786s][info ][safepoint     ] Entering safepoint region: Cleanup
[2023-11-13T00:53:45.054+0000][2614.786s][info ][safepoint     ] Leaving safepoint region
[2023-11-13T00:53:45.054+0000][2614.786s][info ][safepoint     ] Total time for which application threads were stopped: 0.0005299 seconds, Stopping threads took: 0.0001151 seconds
[2023-11-13T00:53:46.054+0000][2615.786s][debug][safepoint     ] Safepoint synchronization initiated. (227 threads)
[2023-11-13T00:53:46.054+0000][2615.786s][info ][safepoint     ] Application time: 1.0002074 seconds
[2023-11-13T00:53:46.054+0000][2615.786s][info ][safepoint     ] Entering safepoint region: Cleanup
[2023-11-13T00:53:46.054+0000][2615.787s][info ][safepoint     ] Leaving safepoint region
[2023-11-13T00:53:46.054+0000][2615.787s][info ][safepoint     ] Total time for which application threads were stopped: 0.0004057 seconds, Stopping threads took: 0.0000873 seconds
[2023-11-13T00:53:47.055+0000][2616.787s][debug][safepoint     ] Safepoint synchronization initiated. (227 threads)
[2023-11-13T00:53:47.055+0000][2616.787s][info ][safepoint     ] Application time: 1.0002535 seconds
[2023-11-13T00:53:47.055+0000][2616.787s][info ][safepoint     ] Entering safepoint region: Cleanup
[2023-11-13T00:53:47.055+0000][2616.788s][info ][safepoint     ] Leaving safepoint region
[2023-11-13T00:53:47.055+0000][2616.788s][info ][safepoint     ] Total time for which application threads were stopped: 0.0006817 seconds, Stopping threads took: 0.0001509 seconds
[2023-11-13T00:53:48.056+0000][2617.788s][debug][safepoint     ] Safepoint synchronization initiated. (227 threads)
[2023-11-13T00:53:48.056+0000][2617.788s][info ][safepoint     ] Application time: 1.0003176 seconds
[2023-11-13T00:53:48.056+0000][2617.788s][info ][safepoint     ] Entering safepoint region: Cleanup
[2023-11-13T00:53:48.056+0000][2617.789s][info ][safepoint     ] Leaving safepoint region
[2023-11-13T00:53:48.056+0000][2617.789s][info ][safepoint     ] Total time for which application threads were stopped: 0.0006884 seconds, Stopping threads took: 0.0001315 seconds
[2023-11-13T00:53:49.057+0000][2618.789s][debug][safepoint     ] Safepoint synchronization initiated. (227 threads)
[2023-11-13T00:53:49.057+0000][2618.789s][info ][safepoint     ] Application time: 1.0001868 seconds
[2023-11-13T00:53:49.057+0000][2618.789s][info ][safepoint     ] Entering safepoint region: Cleanup
[2023-11-13T00:53:49.058+0000][2618.790s][info ][safepoint     ] Leaving safepoint region
[2023-11-13T00:53:49.058+0000][2618.790s][info ][safepoint     ] Total time for which application threads were stopped: 0.0009493 seconds, Stopping threads took: 0.0005519 seconds
[2023-11-13T00:53:50.058+0000][2619.790s][debug][safepoint     ] Safepoint synchronization initiated. (227 threads)
[2023-11-13T00:53:50.058+0000][2619.790s][info ][safepoint     ] Application time: 1.0002467 seconds
[2023-11-13T00:53:50.058+0000][2619.790s][info ][safepoint     ] Entering safepoint region: Cleanup
[2023-11-13T00:53:50.059+0000][2619.791s][info ][safepoint     ] Leaving safepoint region
[2023-11-13T00:53:50.059+0000][2619.791s][info ][safepoint     ] Total time for which application threads were stopped: 0.0007285 seconds, Stopping threads took: 0.0001621 seconds
[2023-11-13T00:53:51.059+0000][2620.791s][debug][safepoint     ] Safepoint synchronization initiated. (227 threads)
[2023-11-13T00:53:51.059+0000][2620.791s][info ][safepoint     ] Application time: 1.0001789 seconds
[2023-11-13T00:53:51.059+0000][2620.791s][info ][safepoint     ] Entering safepoint region: Cleanup
[2023-11-13T00:53:51.059+0000][2620.792s][info ][safepoint     ] Leaving safepoint region
[2023-11-13T00:53:51.059+0000][2620.792s][info ][safepoint     ] Total time for which application threads were stopped: 0.0004566 seconds, Stopping threads took: 0.0001203 seconds
[2023-11-13T00:53:52.060+0000][2621.792s][debug][safepoint     ] Safepoint synchronization initiated. (227 threads)
[2023-11-13T00:53:52.060+0000][2621.792s][info ][safepoint     ] Application time: 1.0002609 seconds
[2023-11-13T00:53:52.060+0000][2621.792s][info ][safepoint     ] Entering safepoint region: Cleanup
[2023-11-13T00:53:52.060+0000][2621.793s][info ][safepoint     ] Leaving safepoint region
[2023-11-13T00:53:52.061+0000][2621.793s][info ][safepoint     ] Total time for which application threads were stopped: 0.0009689 seconds, Stopping threads took: 0.0001484 seconds
[2023-11-13T00:53:53.061+0000][2622.793s][debug][safepoint     ] Safepoint synchronization initiated. (227 threads)
[2023-11-13T00:53:53.061+0000][2622.794s][info ][safepoint     ] Application time: 1.0004932 seconds
[2023-11-13T00:53:53.062+0000][2622.794s][info ][safepoint     ] Entering safepoint region: Cleanup
[2023-11-13T00:53:53.063+0000][2622.795s][info ][safepoint     ] Leaving safepoint region
[2023-11-13T00:53:53.063+0000][2622.795s][info ][safepoint     ] Total time for which application threads were stopped: 0.0010743 seconds, Stopping threads took: 0.0003692 seconds
[2023-11-13T00:53:53.810+0000][2623.543s][debug][safepoint     ] Safepoint synchronization initiated. (227 threads)
[2023-11-13T00:53:53.810+0000][2623.543s][info ][safepoint     ] Application time: 0.7473488 seconds
[2023-11-13T00:53:53.810+0000][2623.543s][info ][safepoint     ] Entering safepoint region: G1CollectForAllocation
[2023-11-13T00:53:53.811+0000][2623.543s][info ][gc,start      ] GC(49) Pause Young (Normal) (G1 Evacuation Pause)
[2023-11-13T00:53:53.811+0000][2623.543s][info ][gc,task       ] GC(49) Using 6 workers of 6 for evacuation
[2023-11-13T00:53:53.868+0000][2623.600s][info ][gc,phases     ] GC(49)   Pre Evacuate Collection Set: 0.1ms
[2023-11-13T00:53:53.868+0000][2623.601s][info ][gc,phases     ] GC(49)   Evacuate Collection Set: 47.2ms
[2023-11-13T00:53:53.869+0000][2623.601s][info ][gc,phases     ] GC(49)   Post Evacuate Collection Set: 8.9ms
[2023-11-13T00:53:53.869+0000][2623.601s][info ][gc,phases     ] GC(49)   Other: 0.6ms
[2023-11-13T00:53:53.869+0000][2623.601s][info ][gc,heap       ] GC(49) Eden regions: 381->0(391)
[2023-11-13T00:53:53.869+0000][2623.602s][info ][gc,heap       ] GC(49) Survivor regions: 18->14(50)
[2023-11-13T00:53:53.870+0000][2623.602s][info ][gc,heap       ] GC(49) Old regions: 142->147
[2023-11-13T00:53:53.870+0000][2623.602s][info ][gc,heap       ] GC(49) Humongous regions: 0->0
[2023-11-13T00:53:53.870+0000][2623.603s][info ][gc,metaspace  ] GC(49) Metaspace: 165481K(170964K)->165481K(170964K) NonClass: 146485K(149848K)->146485K(149848K) Class: 18995K(21116K)->18995K(21116K)
[2023-11-13T00:53:53.871+0000][2623.603s][info ][gc            ] GC(49) Pause Young (Normal) (G1 Evacuation Pause) 539M->158M(696M) 59.702ms
[2023-11-13T00:53:53.871+0000][2623.603s][info ][gc,cpu        ] GC(49) User=0.16s Sys=0.00s Real=0.06s
[2023-11-13T00:53:53.871+0000][2623.604s][info ][safepoint     ] Leaving safepoint region
[2023-11-13T00:53:53.872+0000][2623.604s][info ][safepoint     ] Total time for which application threads were stopped: 0.0613049 seconds, Stopping threads took: 0.0001173 seconds
[2023-11-13T00:53:53.872+0000][2623.605s][info ][gc,stringdedup] Concurrent String Deduplication (2623.605s)
[2023-11-13T00:53:53.873+0000][2623.605s][info ][gc,stringdedup] Concurrent String Deduplication 12384.0B->7312.0B(5072.0B) avg 53.9% (2623.605s, 2623.605s) 0.466ms
[2023-11-13T00:53:54.872+0000][2624.604s][debug][safepoint     ] Safepoint synchronization initiated. (227 threads)
[2023-11-13T00:53:54.872+0000][2624.605s][info ][safepoint     ] Application time: 1.0003896 seconds
[2023-11-13T00:53:54.873+0000][2624.605s][info ][safepoint     ] Entering safepoint region: Cleanup
[2023-11-13T00:53:54.873+0000][2624.605s][info ][safepoint     ] Leaving safepoint region
[2023-11-13T00:53:54.873+0000][2624.605s][info ][safepoint     ] Total time for which application threads were stopped: 0.0005118 seconds, Stopping threads took: 0.0002037 seconds
[2023-11-13T00:53:55.873+0000][2625.606s][debug][safepoint     ] Safepoint synchronization initiated. (227 threads)
[2023-11-13T00:53:55.873+0000][2625.606s][info ][safepoint     ] Application time: 1.0002821 seconds
[2023-11-13T00:53:55.874+0000][2625.606s][info ][safepoint     ] Entering safepoint region: Cleanup
[2023-11-13T00:53:55.875+0000][2625.607s][info ][safepoint     ] Leaving safepoint region
[2023-11-13T00:53:55.875+0000][2625.607s][info ][safepoint     ] Total time for which application threads were stopped: 0.0014777 seconds, Stopping threads took: 0.0001839 seconds
[2023-11-13T00:53:56.875+0000][2626.607s][debug][safepoint     ] Safepoint synchronization initiated. (227 threads)
[2023-11-13T00:53:56.875+0000][2626.608s][info ][safepoint     ] Application time: 1.0002501 seconds
[2023-11-13T00:53:56.875+0000][2626.608s][info ][safepoint     ] Entering safepoint region: Cleanup
[2023-11-13T00:53:56.876+0000][2626.608s][info ][safepoint     ] Leaving safepoint region
[2023-11-13T00:53:56.876+0000][2626.608s][info ][safepoint     ] Total time for which application threads were stopped: 0.0005969 seconds, Stopping threads took: 0.0001372 seconds
[2023-11-13T00:53:57.876+0000][2627.608s][debug][safepoint     ] Safepoint synchronization initiated. (227 threads)
[2023-11-13T00:53:57.877+0000][2627.609s][info ][safepoint     ] Application time: 1.0010759 seconds
[2023-11-13T00:53:57.877+0000][2627.610s][info ][safepoint     ] Entering safepoint region: Cleanup
[2023-11-13T00:53:57.878+0000][2627.610s][info ][safepoint     ] Leaving safepoint region
[2023-11-13T00:53:57.879+0000][2627.611s][info ][safepoint     ] Total time for which application threads were stopped: 0.0011960 seconds, Stopping threads took: 0.0004185 seconds
[2023-11-13T00:53:58.879+0000][2628.611s][debug][safepoint     ] Safepoint synchronization initiated. (227 threads)
[2023-11-13T00:53:58.880+0000][2628.612s][info ][safepoint     ] Application time: 1.0008032 seconds
[2023-11-13T00:53:58.880+0000][2628.612s][info ][safepoint     ] Entering safepoint region: Cleanup
[2023-11-13T00:53:58.881+0000][2628.613s][info ][safepoint     ] Leaving safepoint region
[2023-11-13T00:53:58.881+0000][2628.613s][info ][safepoint     ] Total time for which application threads were stopped: 0.0009325 seconds, Stopping threads took: 0.0003430 seconds
[2023-11-13T00:53:59.881+0000][2629.613s][debug][safepoint     ] Safepoint synchronization initiated. (227 threads)
[2023-11-13T00:53:59.882+0000][2629.614s][info ][safepoint     ] Application time: 1.0006674 seconds
[2023-11-13T00:53:59.882+0000][2629.614s][info ][safepoint     ] Entering safepoint region: Cleanup
[2023-11-13T00:53:59.882+0000][2629.615s][info ][safepoint     ] Leaving safepoint region
[2023-11-13T00:53:59.883+0000][2629.615s][info ][safepoint     ] Total time for which application threads were stopped: 0.0006889 seconds, Stopping threads took: 0.0002757 seconds
[2023-11-13T00:54:00.883+0000][2630.615s][debug][safepoint     ] Safepoint synchronization initiated. (227 threads)
[2023-11-13T00:54:00.884+0000][2630.616s][info ][safepoint     ] Application time: 1.0009862 seconds
[2023-11-13T00:54:00.884+0000][2630.616s][info ][safepoint     ] Entering safepoint region: Cleanup
[2023-11-13T00:54:00.884+0000][2630.617s][info ][safepoint     ] Leaving safepoint region
[2023-11-13T00:54:00.884+0000][2630.617s][info ][safepoint     ] Total time for which application threads were stopped: 0.0006241 seconds, Stopping threads took: 0.0001675 seconds
[2023-11-13T00:54:01.885+0000][2631.617s][debug][safepoint     ] Safepoint synchronization initiated. (226 threads)
[2023-11-13T00:54:01.885+0000][2631.617s][info ][safepoint     ] Application time: 1.0002770 seconds
[2023-11-13T00:54:01.885+0000][2631.617s][info ][safepoint     ] Entering safepoint region: Cleanup
[2023-11-13T00:54:01.885+0000][2631.618s][info ][safepoint     ] Leaving safepoint region
[2023-11-13T00:54:01.885+0000][2631.618s][info ][safepoint     ] Total time for which application threads were stopped: 0.0006030 seconds, Stopping threads took: 0.0001422 seconds
[2023-11-13T00:54:02.886+0000][2632.618s][debug][safepoint     ] Safepoint synchronization initiated. (226 threads)
[2023-11-13T00:54:02.886+0000][2632.618s][info ][safepoint     ] Application time: 1.0002545 seconds
[2023-11-13T00:54:02.886+0000][2632.618s][info ][safepoint     ] Entering safepoint region: Cleanup
[2023-11-13T00:54:02.886+0000][2632.619s][info ][safepoint     ] Leaving safepoint region
[2023-11-13T00:54:02.886+0000][2632.619s][info ][safepoint     ] Total time for which application threads were stopped: 0.0006204 seconds, Stopping threads took: 0.0001407 seconds
[2023-11-13T00:54:03.887+0000][2633.619s][debug][safepoint     ] Safepoint synchronization initiated. (226 threads)
[2023-11-13T00:54:03.887+0000][2633.619s][info ][safepoint     ] Application time: 1.0006786 seconds
[2023-11-13T00:54:03.888+0000][2633.620s][info ][safepoint     ] Entering safepoint region: Cleanup
[2023-11-13T00:54:03.888+0000][2633.621s][info ][safepoint     ] Leaving safepoint region
[2023-11-13T00:54:03.889+0000][2633.621s][info ][safepoint     ] Total time for which application threads were stopped: 0.0011545 seconds, Stopping threads took: 0.0005069 seconds
[2023-11-13T00:54:04.889+0000][2634.621s][debug][safepoint     ] Safepoint synchronization initiated. (225 threads)
[2023-11-13T00:54:04.889+0000][2634.621s][info ][safepoint     ] Application time: 1.0003353 seconds
[2023-11-13T00:54:04.890+0000][2634.622s][info ][safepoint     ] Entering safepoint region: Cleanup
[2023-11-13T00:54:04.891+0000][2634.623s][info ][safepoint     ] Leaving safepoint region
[2023-11-13T00:54:04.891+0000][2634.623s][info ][safepoint     ] Total time for which application threads were stopped: 0.0007832 seconds, Stopping threads took: 0.0002892 seconds
[2023-11-13T00:54:05.891+0000][2635.623s][debug][safepoint     ] Safepoint synchronization initiated. (225 threads)
[2023-11-13T00:54:05.891+0000][2635.623s][info ][safepoint     ] Application time: 1.0003207 seconds
[2023-11-13T00:54:05.891+0000][2635.623s][info ][safepoint     ] Entering safepoint region: Cleanup
[2023-11-13T00:54:05.892+0000][2635.624s][info ][safepoint     ] Leaving safepoint region
[2023-11-13T00:54:05.892+0000][2635.624s][info ][safepoint     ] Total time for which application threads were stopped: 0.0005968 seconds, Stopping threads took: 0.0001423 seconds
[2023-11-13T00:54:06.892+0000][2636.624s][debug][safepoint     ] Safepoint synchronization initiated. (225 threads)
[2023-11-13T00:54:06.892+0000][2636.624s][info ][safepoint     ] Application time: 1.0002696 seconds
[2023-11-13T00:54:06.892+0000][2636.624s][info ][safepoint     ] Entering safepoint region: Cleanup
[2023-11-13T00:54:06.892+0000][2636.625s][info ][safepoint     ] Leaving safepoint region
[2023-11-13T00:54:06.892+0000][2636.625s][info ][safepoint     ] Total time for which application threads were stopped: 0.0004753 seconds, Stopping threads took: 0.0001224 seconds
[2023-11-13T00:54:07.893+0000][2637.625s][debug][safepoint     ] Safepoint synchronization initiated. (224 threads)
[2023-11-13T00:54:07.893+0000][2637.625s][info ][safepoint     ] Application time: 1.0006086 seconds
[2023-11-13T00:54:07.893+0000][2637.626s][info ][safepoint     ] Entering safepoint region: Cleanup
[2023-11-13T00:54:07.894+0000][2637.627s][info ][safepoint     ] Leaving safepoint region
[2023-11-13T00:54:07.895+0000][2637.627s][info ][safepoint     ] Total time for which application threads were stopped: 0.0012118 seconds, Stopping threads took: 0.0004075 seconds
[2023-11-13T00:54:08.895+0000][2638.627s][debug][safepoint     ] Safepoint synchronization initiated. (224 threads)
[2023-11-13T00:54:08.896+0000][2638.628s][info ][safepoint     ] Application time: 1.0009484 seconds
[2023-11-13T00:54:08.896+0000][2638.629s][info ][safepoint     ] Entering safepoint region: Cleanup
[2023-11-13T00:54:08.897+0000][2638.629s][info ][safepoint     ] Leaving safepoint region
[2023-11-13T00:54:08.897+0000][2638.629s][info ][safepoint     ] Total time for which application threads were stopped: 0.0009767 seconds, Stopping threads took: 0.0003558 seconds
[2023-11-13T00:54:09.898+0000][2639.630s][debug][safepoint     ] Safepoint synchronization initiated. (224 threads)
[2023-11-13T00:54:09.898+0000][2639.630s][info ][safepoint     ] Application time: 1.0002340 seconds
[2023-11-13T00:54:09.898+0000][2639.630s][info ][safepoint     ] Entering safepoint region: Cleanup
[2023-11-13T00:54:09.898+0000][2639.630s][info ][safepoint     ] Leaving safepoint region
[2023-11-13T00:54:09.899+0000][2639.631s][info ][safepoint     ] Total time for which application threads were stopped: 0.0008176 seconds, Stopping threads took: 0.0001056 seconds
[2023-11-13T00:54:10.899+0000][2640.631s][debug][safepoint     ] Safepoint synchronization initiated. (224 threads)
[2023-11-13T00:54:10.899+0000][2640.631s][info ][safepoint     ] Application time: 1.0005483 seconds
[2023-11-13T00:54:10.899+0000][2640.632s][info ][safepoint     ] Entering safepoint region: Cleanup
[2023-11-13T00:54:10.900+0000][2640.632s][info ][safepoint     ] Leaving safepoint region
[2023-11-13T00:54:10.900+0000][2640.632s][info ][safepoint     ] Total time for which application threads were stopped: 0.0005458 seconds, Stopping threads took: 0.0002209 seconds
[2023-11-13T00:54:11.900+0000][2641.632s][debug][safepoint     ] Safepoint synchronization initiated. (224 threads)
[2023-11-13T00:54:11.900+0000][2641.632s][info ][safepoint     ] Application time: 1.0002302 seconds
[2023-11-13T00:54:11.900+0000][2641.633s][info ][safepoint     ] Entering safepoint region: Cleanup
[2023-11-13T00:54:11.901+0000][2641.633s][info ][safepoint     ] Leaving safepoint region
[2023-11-13T00:54:11.901+0000][2641.633s][info ][safepoint     ] Total time for which application threads were stopped: 0.0004847 seconds, Stopping threads took: 0.0001333 seconds
[2023-11-13T00:54:12.901+0000][2642.633s][debug][safepoint     ] Safepoint synchronization initiated. (224 threads)
[2023-11-13T00:54:12.902+0000][2642.634s][info ][safepoint     ] Application time: 1.0008907 seconds
[2023-11-13T00:54:12.902+0000][2642.634s][info ][safepoint     ] Entering safepoint region: Cleanup
[2023-11-13T00:54:12.902+0000][2642.635s][info ][safepoint     ] Leaving safepoint region
[2023-11-13T00:54:12.903+0000][2642.635s][info ][safepoint     ] Total time for which application threads were stopped: 0.0008761 seconds, Stopping threads took: 0.0003569 seconds
[2023-11-13T00:54:13.903+0000][2643.635s][debug][safepoint     ] Safepoint synchronization initiated. (224 threads)
[2023-11-13T00:54:13.904+0000][2643.636s][info ][safepoint     ] Application time: 1.0010074 seconds
[2023-11-13T00:54:13.904+0000][2643.637s][info ][safepoint     ] Entering safepoint region: Cleanup
[2023-11-13T00:54:13.905+0000][2643.637s][info ][safepoint     ] Leaving safepoint region
[2023-11-13T00:54:13.905+0000][2643.638s][info ][safepoint     ] Total time for which application threads were stopped: 0.0010766 seconds, Stopping threads took: 0.0004094 seconds
[2023-11-13T00:54:14.906+0000][2644.638s][debug][safepoint     ] Safepoint synchronization initiated. (224 threads)
[2023-11-13T00:54:14.908+0000][2644.640s][info ][safepoint     ] Application time: 1.0020392 seconds
[2023-11-13T00:54:14.908+0000][2644.640s][info ][safepoint     ] Entering safepoint region: Cleanup
[2023-11-13T00:54:14.909+0000][2644.641s][info ][safepoint     ] Leaving safepoint region
[2023-11-13T00:54:14.909+0000][2644.641s][info ][safepoint     ] Total time for which application threads were stopped: 0.0009139 seconds, Stopping threads took: 0.0003574 seconds
[2023-11-13T00:54:15.909+0000][2645.641s][debug][safepoint     ] Safepoint synchronization initiated. (224 threads)
[2023-11-13T00:54:15.909+0000][2645.642s][info ][safepoint     ] Application time: 1.0002020 seconds
[2023-11-13T00:54:15.909+0000][2645.642s][info ][safepoint     ] Entering safepoint region: Cleanup
[2023-11-13T00:54:15.910+0000][2645.642s][info ][safepoint     ] Leaving safepoint region
[2023-11-13T00:54:15.910+0000][2645.642s][info ][safepoint     ] Total time for which application threads were stopped: 0.0004086 seconds, Stopping threads took: 0.0001181 seconds
[2023-11-13T00:54:16.910+0000][2646.642s][debug][safepoint     ] Safepoint synchronization initiated. (224 threads)
[2023-11-13T00:54:16.910+0000][2646.643s][info ][safepoint     ] Application time: 1.0005903 seconds
[2023-11-13T00:54:16.911+0000][2646.643s][info ][safepoint     ] Entering safepoint region: Cleanup
[2023-11-13T00:54:16.911+0000][2646.643s][info ][safepoint     ] Leaving safepoint region
[2023-11-13T00:54:16.911+0000][2646.643s][info ][safepoint     ] Total time for which application threads were stopped: 0.0004522 seconds, Stopping threads took: 0.0001944 seconds
[2023-11-13T00:54:17.911+0000][2647.643s][debug][safepoint     ] Safepoint synchronization initiated. (224 threads)
[2023-11-13T00:54:17.911+0000][2647.643s][info ][safepoint     ] Application time: 1.0002269 seconds
[2023-11-13T00:54:17.911+0000][2647.644s][info ][safepoint     ] Entering safepoint region: Cleanup
[2023-11-13T00:54:17.912+0000][2647.644s][info ][safepoint     ] Leaving safepoint region
[2023-11-13T00:54:17.912+0000][2647.644s][info ][safepoint     ] Total time for which application threads were stopped: 0.0006197 seconds, Stopping threads took: 0.0001396 seconds
[2023-11-13T00:54:18.912+0000][2648.644s][debug][safepoint     ] Safepoint synchronization initiated. (224 threads)
[2023-11-13T00:54:18.912+0000][2648.644s][info ][safepoint     ] Application time: 1.0002465 seconds
[2023-11-13T00:54:18.912+0000][2648.645s][info ][safepoint     ] Entering safepoint region: Cleanup
[2023-11-13T00:54:18.913+0000][2648.645s][info ][safepoint     ] Leaving safepoint region
[2023-11-13T00:54:18.913+0000][2648.645s][info ][safepoint     ] Total time for which application threads were stopped: 0.0005647 seconds, Stopping threads took: 0.0001367 seconds
[2023-11-13T00:54:19.913+0000][2649.645s][debug][safepoint     ] Safepoint synchronization initiated. (224 threads)
[2023-11-13T00:54:19.913+0000][2649.646s][info ][safepoint     ] Application time: 1.0005581 seconds
[2023-11-13T00:54:19.914+0000][2649.646s][info ][safepoint     ] Entering safepoint region: Cleanup
[2023-11-13T00:54:19.915+0000][2649.647s][info ][safepoint     ] Leaving safepoint region
[2023-11-13T00:54:19.915+0000][2649.647s][info ][safepoint     ] Total time for which application threads were stopped: 0.0014544 seconds, Stopping threads took: 0.0008595 seconds
[2023-11-13T00:54:20.915+0000][2650.648s][debug][safepoint     ] Safepoint synchronization initiated. (224 threads)
[2023-11-13T00:54:20.916+0000][2650.648s][info ][safepoint     ] Application time: 1.0004611 seconds
[2023-11-13T00:54:20.916+0000][2650.648s][info ][safepoint     ] Entering safepoint region: Cleanup
[2023-11-13T00:54:20.917+0000][2650.649s][info ][safepoint     ] Leaving safepoint region
[2023-11-13T00:54:20.917+0000][2650.649s][info ][safepoint     ] Total time for which application threads were stopped: 0.0008954 seconds, Stopping threads took: 0.0003172 seconds
[2023-11-13T00:54:21.917+0000][2651.649s][debug][safepoint     ] Safepoint synchronization initiated. (224 threads)
[2023-11-13T00:54:21.917+0000][2651.650s][info ][safepoint     ] Application time: 1.0002728 seconds
[2023-11-13T00:54:21.918+0000][2651.650s][info ][safepoint     ] Entering safepoint region: Cleanup
[2023-11-13T00:54:21.918+0000][2651.650s][info ][safepoint     ] Leaving safepoint region
[2023-11-13T00:54:21.918+0000][2651.650s][info ][safepoint     ] Total time for which application threads were stopped: 0.0004766 seconds, Stopping threads took: 0.0002125 seconds
[2023-11-13T00:54:22.918+0000][2652.650s][debug][safepoint     ] Safepoint synchronization initiated. (224 threads)
[2023-11-13T00:54:22.918+0000][2652.651s][info ][safepoint     ] Application time: 1.0002679 seconds
[2023-11-13T00:54:22.918+0000][2652.651s][info ][safepoint     ] Entering safepoint region: Cleanup
[2023-11-13T00:54:22.919+0000][2652.651s][info ][safepoint     ] Leaving safepoint region
[2023-11-13T00:54:22.919+0000][2652.651s][info ][safepoint     ] Total time for which application threads were stopped: 0.0005236 seconds, Stopping threads took: 0.0001290 seconds
[2023-11-13T00:54:23.919+0000][2653.651s][debug][safepoint     ] Safepoint synchronization initiated. (224 threads)
[2023-11-13T00:54:23.919+0000][2653.651s][info ][safepoint     ] Application time: 1.0001800 seconds
[2023-11-13T00:54:23.919+0000][2653.651s][info ][safepoint     ] Entering safepoint region: Cleanup
[2023-11-13T00:54:23.919+0000][2653.652s][info ][safepoint     ] Leaving safepoint region
[2023-11-13T00:54:23.920+0000][2653.652s][info ][safepoint     ] Total time for which application threads were stopped: 0.0004666 seconds, Stopping threads took: 0.0000883 seconds
[2023-11-13T00:54:24.920+0000][2654.652s][debug][safepoint     ] Safepoint synchronization initiated. (224 threads)
[2023-11-13T00:54:24.920+0000][2654.653s][info ][safepoint     ] Application time: 1.0005603 seconds
[2023-11-13T00:54:24.921+0000][2654.653s][info ][safepoint     ] Entering safepoint region: Cleanup
[2023-11-13T00:54:24.921+0000][2654.653s][info ][safepoint     ] Leaving safepoint region
[2023-11-13T00:54:24.921+0000][2654.654s][info ][safepoint     ] Total time for which application threads were stopped: 0.0009699 seconds, Stopping threads took: 0.0003688 seconds
[2023-11-13T00:54:25.922+0000][2655.654s][debug][safepoint     ] Safepoint synchronization initiated. (224 threads)
[2023-11-13T00:54:25.922+0000][2655.654s][info ][safepoint     ] Application time: 1.0004644 seconds
[2023-11-13T00:54:25.922+0000][2655.655s][debug][safepoint     ] ... found polling page return exception at pc = 0x00007f379922a1b7, stub =0x00007f3790841800
[2023-11-13T00:54:25.923+0000][2655.655s][debug][safepoint     ] Waiting for 1 thread(s) to block
[2023-11-13T00:54:25.923+0000][2655.655s][info ][safepoint     ] Entering safepoint region: Cleanup
[2023-11-13T00:54:25.923+0000][2655.656s][info ][safepoint     ] Leaving safepoint region
[2023-11-13T00:54:25.924+0000][2655.656s][info ][safepoint     ] Total time for which application threads were stopped: 0.0011281 seconds, Stopping threads took: 0.0006875 seconds
[2023-11-13T00:54:26.924+0000][2656.656s][debug][safepoint     ] Safepoint synchronization initiated. (224 threads)
[2023-11-13T00:54:26.924+0000][2656.656s][info ][safepoint     ] Application time: 1.0002524 seconds
[2023-11-13T00:54:26.924+0000][2656.656s][info ][safepoint     ] Entering safepoint region: Cleanup
[2023-11-13T00:54:26.925+0000][2656.657s][info ][safepoint     ] Leaving safepoint region
[2023-11-13T00:54:26.925+0000][2656.657s][info ][safepoint     ] Total time for which application threads were stopped: 0.0005991 seconds, Stopping threads took: 0.0001435 seconds
[2023-11-13T00:54:27.925+0000][2657.657s][debug][safepoint     ] Safepoint synchronization initiated. (224 threads)
[2023-11-13T00:54:27.925+0000][2657.657s][info ][safepoint     ] Application time: 1.0002575 seconds
[2023-11-13T00:54:27.925+0000][2657.657s][info ][safepoint     ] Entering safepoint region: Cleanup
[2023-11-13T00:54:27.926+0000][2657.658s][info ][safepoint     ] Leaving safepoint region
[2023-11-13T00:54:27.926+0000][2657.658s][info ][safepoint     ] Total time for which application threads were stopped: 0.0007045 seconds, Stopping threads took: 0.0001510 seconds
[2023-11-13T00:54:28.926+0000][2658.658s][debug][safepoint     ] Safepoint synchronization initiated. (224 threads)
[2023-11-13T00:54:28.926+0000][2658.658s][info ][safepoint     ] Application time: 1.0001620 seconds
[2023-11-13T00:54:28.926+0000][2658.658s][info ][safepoint     ] Entering safepoint region: Cleanup
[2023-11-13T00:54:28.926+0000][2658.658s][info ][safepoint     ] Leaving safepoint region
[2023-11-13T00:54:28.926+0000][2658.658s][info ][safepoint     ] Total time for which application threads were stopped: 0.0003724 seconds, Stopping threads took: 0.0000897 seconds
[2023-11-13T00:54:29.926+0000][2659.659s][debug][safepoint     ] Safepoint synchronization initiated. (224 threads)
[2023-11-13T00:54:29.926+0000][2659.659s][info ][safepoint     ] Application time: 1.0001844 seconds
[2023-11-13T00:54:29.926+0000][2659.659s][info ][safepoint     ] Entering safepoint region: Cleanup
[2023-11-13T00:54:29.927+0000][2659.659s][info ][safepoint     ] Leaving safepoint region
[2023-11-13T00:54:29.927+0000][2659.659s][info ][safepoint     ] Total time for which application threads were stopped: 0.0003406 seconds, Stopping threads took: 0.0000872 seconds
[2023-11-13T00:54:30.927+0000][2660.659s][debug][safepoint     ] Safepoint synchronization initiated. (224 threads)
[2023-11-13T00:54:30.927+0000][2660.659s][info ][safepoint     ] Application time: 1.0002430 seconds
[2023-11-13T00:54:30.927+0000][2660.659s][info ][safepoint     ] Entering safepoint region: Cleanup
[2023-11-13T00:54:30.928+0000][2660.660s][info ][safepoint     ] Leaving safepoint region
[2023-11-13T00:54:30.928+0000][2660.660s][info ][safepoint     ] Total time for which application threads were stopped: 0.0006258 seconds, Stopping threads took: 0.0001448 seconds
[2023-11-13T00:54:31.928+0000][2661.660s][debug][safepoint     ] Safepoint synchronization initiated. (224 threads)
[2023-11-13T00:54:31.928+0000][2661.660s][info ][safepoint     ] Application time: 1.0002816 seconds
[2023-11-13T00:54:31.928+0000][2661.660s][info ][safepoint     ] Entering safepoint region: Cleanup
[2023-11-13T00:54:31.929+0000][2661.661s][info ][safepoint     ] Leaving safepoint region
[2023-11-13T00:54:31.929+0000][2661.661s][info ][safepoint     ] Total time for which application threads were stopped: 0.0006086 seconds, Stopping threads took: 0.0001474 seconds
[2023-11-13T00:54:32.929+0000][2662.661s][debug][safepoint     ] Safepoint synchronization initiated. (224 threads)
[2023-11-13T00:54:32.929+0000][2662.661s][info ][safepoint     ] Application time: 1.0001653 seconds
[2023-11-13T00:54:32.929+0000][2662.661s][info ][safepoint     ] Entering safepoint region: Cleanup
[2023-11-13T00:54:32.929+0000][2662.661s][info ][safepoint     ] Leaving safepoint region
[2023-11-13T00:54:32.929+0000][2662.662s][info ][safepoint     ] Total time for which application threads were stopped: 0.0005134 seconds, Stopping threads took: 0.0000882 seconds
[2023-11-13T00:54:33.930+0000][2663.662s][debug][safepoint     ] Safepoint synchronization initiated. (224 threads)
[2023-11-13T00:54:33.930+0000][2663.662s][info ][safepoint     ] Application time: 1.0003029 seconds
[2023-11-13T00:54:33.930+0000][2663.662s][info ][safepoint     ] Entering safepoint region: Cleanup
[2023-11-13T00:54:33.930+0000][2663.663s][info ][safepoint     ] Leaving safepoint region
[2023-11-13T00:54:33.931+0000][2663.663s][info ][safepoint     ] Total time for which application threads were stopped: 0.0009633 seconds, Stopping threads took: 0.0001917 seconds
[2023-11-13T00:54:34.931+0000][2664.664s][debug][safepoint     ] Safepoint synchronization initiated. (224 threads)
[2023-11-13T00:54:34.932+0000][2664.664s][info ][safepoint     ] Application time: 1.0006172 seconds
[2023-11-13T00:54:34.932+0000][2664.664s][info ][safepoint     ] Entering safepoint region: Cleanup
[2023-11-13T00:54:34.933+0000][2664.665s][info ][safepoint     ] Leaving safepoint region
[2023-11-13T00:54:34.933+0000][2664.666s][info ][safepoint     ] Total time for which application threads were stopped: 0.0012580 seconds, Stopping threads took: 0.0004429 seconds
[2023-11-13T00:54:35.934+0000][2665.666s][debug][safepoint     ] Safepoint synchronization initiated. (224 threads)
[2023-11-13T00:54:35.934+0000][2665.666s][info ][safepoint     ] Application time: 1.0003803 seconds
[2023-11-13T00:54:35.934+0000][2665.666s][info ][safepoint     ] Entering safepoint region: Cleanup
[2023-11-13T00:54:35.935+0000][2665.667s][info ][safepoint     ] Leaving safepoint region
[2023-11-13T00:54:35.935+0000][2665.667s][info ][safepoint     ] Total time for which application threads were stopped: 0.0005927 seconds, Stopping threads took: 0.0002240 seconds
[2023-11-13T00:54:36.935+0000][2666.667s][debug][safepoint     ] Safepoint synchronization initiated. (224 threads)
[2023-11-13T00:54:36.935+0000][2666.668s][info ][safepoint     ] Application time: 1.0006150 seconds
[2023-11-13T00:54:36.936+0000][2666.668s][info ][safepoint     ] Entering safepoint region: Cleanup
[2023-11-13T00:54:36.937+0000][2666.669s][info ][safepoint     ] Leaving safepoint region
[2023-11-13T00:54:36.937+0000][2666.669s][info ][safepoint     ] Total time for which application threads were stopped: 0.0012482 seconds, Stopping threads took: 0.0004123 seconds
[2023-11-13T00:54:37.937+0000][2667.670s][debug][safepoint     ] Safepoint synchronization initiated. (224 threads)
[2023-11-13T00:54:37.938+0000][2667.670s][info ][safepoint     ] Application time: 1.0006917 seconds
[2023-11-13T00:54:37.938+0000][2667.671s][info ][safepoint     ] Entering safepoint region: Cleanup
[2023-11-13T00:54:37.939+0000][2667.671s][info ][safepoint     ] Leaving safepoint region
[2023-11-13T00:54:37.939+0000][2667.672s][info ][safepoint     ] Total time for which application threads were stopped: 0.0011690 seconds, Stopping threads took: 0.0004105 seconds
[2023-11-13T00:54:38.940+0000][2668.672s][debug][safepoint     ] Safepoint synchronization initiated. (224 threads)
[2023-11-13T00:54:38.940+0000][2668.673s][info ][safepoint     ] Application time: 1.0005314 seconds
[2023-11-13T00:54:38.941+0000][2668.673s][info ][safepoint     ] Entering safepoint region: Cleanup
[2023-11-13T00:54:38.941+0000][2668.674s][info ][safepoint     ] Leaving safepoint region
[2023-11-13T00:54:38.942+0000][2668.674s][info ][safepoint     ] Total time for which application threads were stopped: 0.0010004 seconds, Stopping threads took: 0.0003486 seconds
[2023-11-13T00:54:39.942+0000][2669.674s][debug][safepoint     ] Safepoint synchronization initiated. (224 threads)
[2023-11-13T00:54:39.943+0000][2669.675s][info ][safepoint     ] Application time: 1.0008341 seconds
[2023-11-13T00:54:39.943+0000][2669.675s][info ][safepoint     ] Entering safepoint region: Cleanup
[2023-11-13T00:54:39.944+0000][2669.676s][info ][safepoint     ] Leaving safepoint region
[2023-11-13T00:54:39.944+0000][2669.676s][info ][safepoint     ] Total time for which application threads were stopped: 0.0009418 seconds, Stopping threads took: 0.0003536 seconds
[2023-11-13T00:54:40.944+0000][2670.676s][debug][safepoint     ] Safepoint synchronization initiated. (224 threads)
[2023-11-13T00:54:40.945+0000][2670.677s][info ][safepoint     ] Application time: 1.0010425 seconds
[2023-11-13T00:54:40.945+0000][2670.678s][info ][safepoint     ] Entering safepoint region: Cleanup
[2023-11-13T00:54:40.946+0000][2670.679s][info ][safepoint     ] Leaving safepoint region
[2023-11-13T00:54:40.946+0000][2670.679s][info ][safepoint     ] Total time for which application threads were stopped: 0.0010172 seconds, Stopping threads took: 0.0004157 seconds
[2023-11-13T00:54:41.947+0000][2671.679s][debug][safepoint     ] Safepoint synchronization initiated. (224 threads)
[2023-11-13T00:54:41.948+0000][2671.680s][info ][safepoint     ] Application time: 1.0010840 seconds
[2023-11-13T00:54:41.948+0000][2671.681s][debug][safepoint     ] ... found polling page return exception at pc = 0x00007f379938ee5e, stub =0x00007f3790841800
[2023-11-13T00:54:41.949+0000][2671.681s][debug][safepoint     ] Waiting for 1 thread(s) to block
[2023-11-13T00:54:41.949+0000][2671.681s][info ][safepoint     ] Entering safepoint region: Cleanup
[2023-11-13T00:54:41.950+0000][2671.682s][info ][safepoint     ] Leaving safepoint region
[2023-11-13T00:54:41.950+0000][2671.682s][info ][safepoint     ] Total time for which application threads were stopped: 0.0023042 seconds, Stopping threads took: 0.0014557 seconds
[2023-11-13T00:54:42.951+0000][2672.683s][debug][safepoint     ] Safepoint synchronization initiated. (224 threads)
[2023-11-13T00:54:42.951+0000][2672.684s][info ][safepoint     ] Application time: 1.0007944 seconds
[2023-11-13T00:54:42.952+0000][2672.684s][info ][safepoint     ] Entering safepoint region: Cleanup
[2023-11-13T00:54:42.952+0000][2672.684s][info ][safepoint     ] Leaving safepoint region
[2023-11-13T00:54:42.952+0000][2672.685s][info ][safepoint     ] Total time for which application threads were stopped: 0.0008092 seconds, Stopping threads took: 0.0002964 seconds
[2023-11-13T00:54:43.953+0000][2673.685s][debug][safepoint     ] Safepoint synchronization initiated. (224 threads)
[2023-11-13T00:54:43.953+0000][2673.685s][info ][safepoint     ] Application time: 1.0006328 seconds
[2023-11-13T00:54:43.960+0000][2673.692s][debug][safepoint     ] ... found polling page return exception at pc = 0x00007f3798a75af6, stub =0x00007f3790841800
[2023-11-13T00:54:43.960+0000][2673.692s][debug][safepoint     ] Waiting for 1 thread(s) to block
[2023-11-13T00:54:43.960+0000][2673.692s][info ][safepoint     ] Entering safepoint region: Cleanup
[2023-11-13T00:54:43.961+0000][2673.693s][info ][safepoint     ] Leaving safepoint region
[2023-11-13T00:54:43.961+0000][2673.693s][info ][safepoint     ] Total time for which application threads were stopped: 0.0074260 seconds, Stopping threads took: 0.0067637 seconds
[2023-11-13T00:54:44.962+0000][2674.694s][debug][safepoint     ] Safepoint synchronization initiated. (224 threads)
[2023-11-13T00:54:44.962+0000][2674.694s][info ][safepoint     ] Application time: 1.0008720 seconds
[2023-11-13T00:54:44.962+0000][2674.694s][info ][safepoint     ] Entering safepoint region: Cleanup
[2023-11-13T00:54:44.962+0000][2674.695s][info ][safepoint     ] Leaving safepoint region
[2023-11-13T00:54:44.962+0000][2674.695s][info ][safepoint     ] Total time for which application threads were stopped: 0.0004902 seconds, Stopping threads took: 0.0000866 seconds
[2023-11-13T00:54:45.962+0000][2675.695s][debug][safepoint     ] Safepoint synchronization initiated. (224 threads)
[2023-11-13T00:54:45.963+0000][2675.695s][info ][safepoint     ] Application time: 1.0002320 seconds
[2023-11-13T00:54:45.963+0000][2675.695s][info ][safepoint     ] Entering safepoint region: Cleanup
[2023-11-13T00:54:45.963+0000][2675.695s][info ][safepoint     ] Leaving safepoint region
[2023-11-13T00:54:45.963+0000][2675.695s][info ][safepoint     ] Total time for which application threads were stopped: 0.0005484 seconds, Stopping threads took: 0.0001194 seconds
[2023-11-13T00:54:46.964+0000][2676.696s][debug][safepoint     ] Safepoint synchronization initiated. (224 threads)
[2023-11-13T00:54:46.964+0000][2676.697s][info ][safepoint     ] Application time: 1.0012253 seconds
[2023-11-13T00:54:46.964+0000][2676.697s][info ][safepoint     ] Entering safepoint region: Cleanup
[2023-11-13T00:54:46.965+0000][2676.697s][info ][safepoint     ] Leaving safepoint region
[2023-11-13T00:54:46.965+0000][2676.697s][info ][safepoint     ] Total time for which application threads were stopped: 0.0008226 seconds, Stopping threads took: 0.0001103 seconds
[2023-11-13T00:54:47.965+0000][2677.698s][debug][safepoint     ] Safepoint synchronization initiated. (224 threads)
[2023-11-13T00:54:47.966+0000][2677.698s][info ][safepoint     ] Application time: 1.0003086 seconds
[2023-11-13T00:54:47.966+0000][2677.698s][info ][safepoint     ] Entering safepoint region: Cleanup
[2023-11-13T00:54:47.966+0000][2677.698s][info ][safepoint     ] Leaving safepoint region
[2023-11-13T00:54:47.966+0000][2677.699s][info ][safepoint     ] Total time for which application threads were stopped: 0.0006330 seconds, Stopping threads took: 0.0001397 seconds
[2023-11-13T00:54:48.966+0000][2678.699s][debug][safepoint     ] Safepoint synchronization initiated. (224 threads)
[2023-11-13T00:54:48.967+0000][2678.699s][info ][safepoint     ] Application time: 1.0002422 seconds
[2023-11-13T00:54:48.967+0000][2678.699s][info ][safepoint     ] Entering safepoint region: Cleanup
[2023-11-13T00:54:48.967+0000][2678.699s][info ][safepoint     ] Leaving safepoint region
[2023-11-13T00:54:48.967+0000][2678.699s][info ][safepoint     ] Total time for which application threads were stopped: 0.0006200 seconds, Stopping threads took: 0.0001416 seconds
[2023-11-13T00:54:49.967+0000][2679.700s][debug][safepoint     ] Safepoint synchronization initiated. (224 threads)
[2023-11-13T00:54:49.967+0000][2679.700s][info ][safepoint     ] Application time: 1.0002472 seconds
[2023-11-13T00:54:49.968+0000][2679.700s][info ][safepoint     ] Entering safepoint region: Cleanup
[2023-11-13T00:54:49.968+0000][2679.700s][info ][safepoint     ] Leaving safepoint region
[2023-11-13T00:54:49.968+0000][2679.700s][info ][safepoint     ] Total time for which application threads were stopped: 0.0006217 seconds, Stopping threads took: 0.0001378 seconds
[2023-11-13T00:54:50.968+0000][2680.701s][debug][safepoint     ] Safepoint synchronization initiated. (224 threads)
[2023-11-13T00:54:50.969+0000][2680.701s][info ][safepoint     ] Application time: 1.0003821 seconds
[2023-11-13T00:54:50.969+0000][2680.701s][info ][safepoint     ] Entering safepoint region: Cleanup
[2023-11-13T00:54:50.969+0000][2680.702s][info ][safepoint     ] Leaving safepoint region
[2023-11-13T00:54:50.970+0000][2680.702s][info ][safepoint     ] Total time for which application threads were stopped: 0.0011799 seconds, Stopping threads took: 0.0003041 seconds
[2023-11-13T00:54:51.970+0000][2681.702s][debug][safepoint     ] Safepoint synchronization initiated. (224 threads)
[2023-11-13T00:54:51.970+0000][2681.702s][info ][safepoint     ] Application time: 1.0002571 seconds
[2023-11-13T00:54:51.970+0000][2681.702s][info ][safepoint     ] Entering safepoint region: Cleanup
[2023-11-13T00:54:51.971+0000][2681.703s][info ][safepoint     ] Leaving safepoint region
[2023-11-13T00:54:51.971+0000][2681.703s][info ][safepoint     ] Total time for which application threads were stopped: 0.0005722 seconds, Stopping threads took: 0.0001112 seconds
[2023-11-13T00:54:52.971+0000][2682.703s][debug][safepoint     ] Safepoint synchronization initiated. (224 threads)
[2023-11-13T00:54:52.971+0000][2682.703s][info ][safepoint     ] Application time: 1.0001977 seconds
[2023-11-13T00:54:52.971+0000][2682.703s][info ][safepoint     ] Entering safepoint region: Cleanup
[2023-11-13T00:54:52.971+0000][2682.704s][info ][safepoint     ] Leaving safepoint region
[2023-11-13T00:54:52.972+0000][2682.704s][info ][safepoint     ] Total time for which application threads were stopped: 0.0006177 seconds, Stopping threads took: 0.0000960 seconds
[2023-11-13T00:54:53.972+0000][2683.704s][debug][safepoint     ] Safepoint synchronization initiated. (224 threads)
[2023-11-13T00:54:53.973+0000][2683.705s][info ][safepoint     ] Application time: 1.0010489 seconds
[2023-11-13T00:54:53.973+0000][2683.705s][info ][safepoint     ] Entering safepoint region: Cleanup
[2023-11-13T00:54:53.974+0000][2683.706s][info ][safepoint     ] Leaving safepoint region
[2023-11-13T00:54:53.974+0000][2683.706s][info ][safepoint     ] Total time for which application threads were stopped: 0.0010015 seconds, Stopping threads took: 0.0004173 seconds
[2023-11-13T00:54:54.974+0000][2684.706s][debug][safepoint     ] Safepoint synchronization initiated. (224 threads)
[2023-11-13T00:54:54.974+0000][2684.707s][info ][safepoint     ] Application time: 1.0002274 seconds
[2023-11-13T00:54:54.974+0000][2684.707s][info ][safepoint     ] Entering safepoint region: Cleanup
[2023-11-13T00:54:54.975+0000][2684.707s][info ][safepoint     ] Leaving safepoint region
[2023-11-13T00:54:54.975+0000][2684.707s][info ][safepoint     ] Total time for which application threads were stopped: 0.0005928 seconds, Stopping threads took: 0.0001291 seconds
[2023-11-13T00:54:55.975+0000][2685.707s][debug][safepoint     ] Safepoint synchronization initiated. (224 threads)
[2023-11-13T00:54:55.975+0000][2685.707s][info ][safepoint     ] Application time: 1.0001678 seconds
[2023-11-13T00:54:55.975+0000][2685.707s][info ][safepoint     ] Entering safepoint region: Cleanup
[2023-11-13T00:54:55.975+0000][2685.708s][info ][safepoint     ] Leaving safepoint region
[2023-11-13T00:54:55.976+0000][2685.708s][info ][safepoint     ] Total time for which application threads were stopped: 0.0003759 seconds, Stopping threads took: 0.0000888 seconds
[2023-11-13T00:54:56.604+0000][2686.336s][debug][safepoint     ] Safepoint synchronization initiated. (224 threads)
[2023-11-13T00:54:56.604+0000][2686.336s][info ][safepoint     ] Application time: 0.6286280 seconds
[2023-11-13T00:54:56.604+0000][2686.337s][info ][safepoint     ] Entering safepoint region: Deoptimize
[2023-11-13T00:54:56.608+0000][2686.340s][info ][safepoint     ] Leaving safepoint region
[2023-11-13T00:54:56.608+0000][2686.340s][info ][safepoint     ] Total time for which application threads were stopped: 0.0034463 seconds, Stopping threads took: 0.0000877 seconds
[2023-11-13T00:54:57.608+0000][2687.340s][debug][safepoint     ] Safepoint synchronization initiated. (224 threads)
[2023-11-13T00:54:57.608+0000][2687.340s][info ][safepoint     ] Application time: 1.0002792 seconds
[2023-11-13T00:54:57.608+0000][2687.340s][info ][safepoint     ] Entering safepoint region: Cleanup
[2023-11-13T00:54:57.609+0000][2687.341s][info ][safepoint     ] Leaving safepoint region
[2023-11-13T00:54:57.609+0000][2687.341s][info ][safepoint     ] Total time for which application threads were stopped: 0.0007115 seconds, Stopping threads took: 0.0001412 seconds
[2023-11-13T00:54:58.609+0000][2688.341s][debug][safepoint     ] Safepoint synchronization initiated. (224 threads)
[2023-11-13T00:54:58.609+0000][2688.341s][info ][safepoint     ] Application time: 1.0003024 seconds
[2023-11-13T00:54:58.609+0000][2688.341s][info ][safepoint     ] Entering safepoint region: Cleanup
[2023-11-13T00:54:58.610+0000][2688.342s][info ][safepoint     ] Leaving safepoint region
[2023-11-13T00:54:58.610+0000][2688.342s][info ][safepoint     ] Total time for which application threads were stopped: 0.0006592 seconds, Stopping threads took: 0.0001476 seconds
[2023-11-13T00:54:59.610+0000][2689.342s][debug][safepoint     ] Safepoint synchronization initiated. (225 threads)
[2023-11-13T00:54:59.610+0000][2689.342s][info ][safepoint     ] Application time: 1.0002369 seconds
[2023-11-13T00:54:59.610+0000][2689.342s][info ][safepoint     ] Entering safepoint region: Cleanup
[2023-11-13T00:54:59.611+0000][2689.343s][info ][safepoint     ] Leaving safepoint region
[2023-11-13T00:54:59.611+0000][2689.343s][info ][safepoint     ] Total time for which application threads were stopped: 0.0009236 seconds, Stopping threads took: 0.0001197 seconds
[2023-11-13T00:55:00.611+0000][2690.344s][debug][safepoint     ] Safepoint synchronization initiated. (224 threads)
[2023-11-13T00:55:00.612+0000][2690.344s][info ][safepoint     ] Application time: 1.0004325 seconds
[2023-11-13T00:55:00.612+0000][2690.344s][info ][safepoint     ] Entering safepoint region: Cleanup
[2023-11-13T00:55:00.612+0000][2690.345s][info ][safepoint     ] Leaving safepoint region
[2023-11-13T00:55:00.613+0000][2690.345s][info ][safepoint     ] Total time for which application threads were stopped: 0.0008576 seconds, Stopping threads took: 0.0003098 seconds
[2023-11-13T00:55:01.613+0000][2691.345s][debug][safepoint     ] Safepoint synchronization initiated. (223 threads)
[2023-11-13T00:55:01.613+0000][2691.346s][info ][safepoint     ] Application time: 1.0003791 seconds
[2023-11-13T00:55:01.614+0000][2691.346s][info ][safepoint     ] Entering safepoint region: Cleanup
[2023-11-13T00:55:01.614+0000][2691.346s][info ][safepoint     ] Leaving safepoint region
[2023-11-13T00:55:01.614+0000][2691.347s][info ][safepoint     ] Total time for which application threads were stopped: 0.0007684 seconds, Stopping threads took: 0.0002674 seconds
[2023-11-13T00:55:02.615+0000][2692.347s][debug][safepoint     ] Safepoint synchronization initiated. (223 threads)
[2023-11-13T00:55:02.616+0000][2692.348s][info ][safepoint     ] Application time: 1.0012987 seconds
[2023-11-13T00:55:02.616+0000][2692.348s][info ][safepoint     ] Entering safepoint region: Cleanup
[2023-11-13T00:55:02.617+0000][2692.349s][info ][safepoint     ] Leaving safepoint region
[2023-11-13T00:55:02.617+0000][2692.350s][info ][safepoint     ] Total time for which application threads were stopped: 0.0012374 seconds, Stopping threads took: 0.0004150 seconds
[2023-11-13T00:55:03.618+0000][2693.350s][debug][safepoint     ] Safepoint synchronization initiated. (225 threads)
[2023-11-13T00:55:03.619+0000][2693.351s][info ][safepoint     ] Application time: 1.0012166 seconds
[2023-11-13T00:55:03.619+0000][2693.351s][debug][safepoint     ] Waiting for 1 thread(s) to block
[2023-11-13T00:55:03.620+0000][2693.353s][info ][safepoint     ] Entering safepoint region: Cleanup
[2023-11-13T00:55:03.622+0000][2693.354s][info ][safepoint     ] Leaving safepoint region
[2023-11-13T00:55:03.622+0000][2693.354s][info ][safepoint     ] Total time for which application threads were stopped: 0.0030679 seconds, Stopping threads took: 0.0016178 seconds
[2023-11-13T00:55:04.622+0000][2694.355s][debug][safepoint     ] Safepoint synchronization initiated. (224 threads)
[2023-11-13T00:55:04.622+0000][2694.355s][info ][safepoint     ] Application time: 1.0002639 seconds
[2023-11-13T00:55:04.623+0000][2694.355s][info ][safepoint     ] Entering safepoint region: Cleanup
[2023-11-13T00:55:04.623+0000][2694.355s][info ][safepoint     ] Leaving safepoint region
[2023-11-13T00:55:04.623+0000][2694.356s][info ][safepoint     ] Total time for which application threads were stopped: 0.0007892 seconds, Stopping threads took: 0.0001408 seconds
[2023-11-13T00:55:05.623+0000][2695.356s][debug][safepoint     ] Safepoint synchronization initiated. (224 threads)
[2023-11-13T00:55:05.624+0000][2695.356s][info ][safepoint     ] Application time: 1.0002384 seconds
[2023-11-13T00:55:05.624+0000][2695.356s][info ][safepoint     ] Entering safepoint region: Cleanup
[2023-11-13T00:55:05.624+0000][2695.356s][info ][safepoint     ] Leaving safepoint region
[2023-11-13T00:55:05.624+0000][2695.357s][info ][safepoint     ] Total time for which application threads were stopped: 0.0006479 seconds, Stopping threads took: 0.0001428 seconds
[2023-11-13T00:55:06.624+0000][2696.357s][debug][safepoint     ] Safepoint synchronization initiated. (224 threads)
[2023-11-13T00:55:06.625+0000][2696.357s][info ][safepoint     ] Application time: 1.0002783 seconds
[2023-11-13T00:55:06.625+0000][2696.357s][info ][safepoint     ] Entering safepoint region: Cleanup
[2023-11-13T00:55:06.625+0000][2696.357s][info ][safepoint     ] Leaving safepoint region
[2023-11-13T00:55:06.626+0000][2696.358s][info ][safepoint     ] Total time for which application threads were stopped: 0.0009109 seconds, Stopping threads took: 0.0001887 seconds
[2023-11-13T00:55:07.626+0000][2697.358s][debug][safepoint     ] Safepoint synchronization initiated. (223 threads)
[2023-11-13T00:55:07.626+0000][2697.359s][info ][safepoint     ] Application time: 1.0006449 seconds
[2023-11-13T00:55:07.627+0000][2697.359s][debug][safepoint     ] ... found polling page loop exception at pc = 0x00007f379894b3c0, stub =0x00007f3790841b00
[2023-11-13T00:55:07.627+0000][2697.359s][debug][safepoint     ] Waiting for 1 thread(s) to block
[2023-11-13T00:55:07.628+0000][2697.360s][info ][safepoint     ] Entering safepoint region: Cleanup
[2023-11-13T00:55:07.628+0000][2697.360s][info ][safepoint     ] Leaving safepoint region
[2023-11-13T00:55:07.628+0000][2697.360s][info ][safepoint     ] Total time for which application threads were stopped: 0.0014249 seconds, Stopping threads took: 0.0009679 seconds
[2023-11-13T00:55:08.628+0000][2698.361s][debug][safepoint     ] Safepoint synchronization initiated. (223 threads)
[2023-11-13T00:55:08.629+0000][2698.361s][info ][safepoint     ] Application time: 1.0003186 seconds
[2023-11-13T00:55:08.629+0000][2698.361s][info ][safepoint     ] Entering safepoint region: Cleanup
[2023-11-13T00:55:08.629+0000][2698.361s][info ][safepoint     ] Leaving safepoint region
[2023-11-13T00:55:08.629+0000][2698.362s][info ][safepoint     ] Total time for which application threads were stopped: 0.0007186 seconds, Stopping threads took: 0.0002007 seconds
[2023-11-13T00:55:09.629+0000][2699.362s][debug][safepoint     ] Safepoint synchronization initiated. (223 threads)
[2023-11-13T00:55:09.630+0000][2699.362s][info ][safepoint     ] Application time: 1.0002481 seconds
[2023-11-13T00:55:09.630+0000][2699.362s][info ][safepoint     ] Entering safepoint region: Cleanup
[2023-11-13T00:55:09.630+0000][2699.362s][info ][safepoint     ] Leaving safepoint region
[2023-11-13T00:55:09.630+0000][2699.363s][info ][safepoint     ] Total time for which application threads were stopped: 0.0006274 seconds, Stopping threads took: 0.0001436 seconds
[2023-11-13T00:55:10.630+0000][2700.363s][debug][safepoint     ] Safepoint synchronization initiated. (223 threads)
[2023-11-13T00:55:10.631+0000][2700.363s][info ][safepoint     ] Application time: 1.0002216 seconds
[2023-11-13T00:55:10.631+0000][2700.363s][debug][safepoint     ] ... found polling page return exception at pc = 0x00007f3798c6da00, stub =0x00007f3790841800
[2023-11-13T00:55:10.631+0000][2700.363s][debug][safepoint     ] Waiting for 1 thread(s) to block
[2023-11-13T00:55:10.631+0000][2700.363s][info ][safepoint     ] Entering safepoint region: Cleanup
[2023-11-13T00:55:10.631+0000][2700.363s][info ][safepoint     ] Leaving safepoint region
[2023-11-13T00:55:10.631+0000][2700.363s][info ][safepoint     ] Total time for which application threads were stopped: 0.0006375 seconds, Stopping threads took: 0.0002835 seconds
[2023-11-13T00:55:11.631+0000][2701.364s][debug][safepoint     ] Safepoint synchronization initiated. (223 threads)
[2023-11-13T00:55:11.631+0000][2701.364s][info ][safepoint     ] Application time: 1.0001973 seconds
[2023-11-13T00:55:11.631+0000][2701.364s][debug][safepoint     ] ... found polling page return exception at pc = 0x00007f3798b07c44, stub =0x00007f3790841800
[2023-11-13T00:55:11.632+0000][2701.364s][debug][safepoint     ] Waiting for 1 thread(s) to block
[2023-11-13T00:55:11.632+0000][2701.364s][info ][safepoint     ] Entering safepoint region: Cleanup
[2023-11-13T00:55:11.632+0000][2701.364s][info ][safepoint     ] Leaving safepoint region
[2023-11-13T00:55:11.632+0000][2701.364s][info ][safepoint     ] Total time for which application threads were stopped: 0.0004070 seconds, Stopping threads took: 0.0001742 seconds
[2023-11-13T00:55:12.632+0000][2702.364s][debug][safepoint     ] Safepoint synchronization initiated. (223 threads)
[2023-11-13T00:55:12.632+0000][2702.365s][info ][safepoint     ] Application time: 1.0005498 seconds
[2023-11-13T00:55:12.633+0000][2702.365s][info ][safepoint     ] Entering safepoint region: Cleanup
[2023-11-13T00:55:12.633+0000][2702.366s][info ][safepoint     ] Leaving safepoint region
[2023-11-13T00:55:12.634+0000][2702.366s][info ][safepoint     ] Total time for which application threads were stopped: 0.0009470 seconds, Stopping threads took: 0.0003725 seconds
[2023-11-13T00:55:13.635+0000][2703.367s][debug][safepoint     ] Safepoint synchronization initiated. (223 threads)
[2023-11-13T00:55:13.635+0000][2703.368s][info ][safepoint     ] Application time: 1.0015127 seconds
[2023-11-13T00:55:13.636+0000][2703.368s][info ][safepoint     ] Entering safepoint region: Cleanup
[2023-11-13T00:55:13.636+0000][2703.368s][info ][safepoint     ] Leaving safepoint region
[2023-11-13T00:55:13.636+0000][2703.369s][info ][safepoint     ] Total time for which application threads were stopped: 0.0007205 seconds, Stopping threads took: 0.0002739 seconds
[2023-11-13T00:55:14.637+0000][2704.369s][debug][safepoint     ] Safepoint synchronization initiated. (223 threads)
[2023-11-13T00:55:14.638+0000][2704.370s][info ][safepoint     ] Application time: 1.0010708 seconds
[2023-11-13T00:55:14.638+0000][2704.370s][info ][safepoint     ] Entering safepoint region: Cleanup
[2023-11-13T00:55:14.639+0000][2704.371s][info ][safepoint     ] Leaving safepoint region
[2023-11-13T00:55:14.639+0000][2704.371s][info ][safepoint     ] Total time for which application threads were stopped: 0.0012063 seconds, Stopping threads took: 0.0004603 seconds
[2023-11-13T00:55:15.640+0000][2705.372s][debug][safepoint     ] Safepoint synchronization initiated. (223 threads)
[2023-11-13T00:55:15.641+0000][2705.373s][info ][safepoint     ] Application time: 1.0011244 seconds
[2023-11-13T00:55:15.641+0000][2705.373s][info ][safepoint     ] Entering safepoint region: Cleanup
[2023-11-13T00:55:15.642+0000][2705.374s][info ][safepoint     ] Leaving safepoint region
[2023-11-13T00:55:15.642+0000][2705.374s][info ][safepoint     ] Total time for which application threads were stopped: 0.0011913 seconds, Stopping threads took: 0.0004188 seconds
[2023-11-13T00:55:16.643+0000][2706.375s][debug][safepoint     ] Safepoint synchronization initiated. (223 threads)
[2023-11-13T00:55:16.643+0000][2706.376s][info ][safepoint     ] Application time: 1.0009447 seconds
[2023-11-13T00:55:16.644+0000][2706.376s][info ][safepoint     ] Entering safepoint region: Cleanup
[2023-11-13T00:55:16.644+0000][2706.377s][info ][safepoint     ] Leaving safepoint region
[2023-11-13T00:55:16.644+0000][2706.377s][info ][safepoint     ] Total time for which application threads were stopped: 0.0007440 seconds, Stopping threads took: 0.0001501 seconds
[2023-11-13T00:55:17.644+0000][2707.377s][debug][safepoint     ] Safepoint synchronization initiated. (223 threads)
[2023-11-13T00:55:17.645+0000][2707.377s][info ][safepoint     ] Application time: 1.0002669 seconds
[2023-11-13T00:55:17.645+0000][2707.377s][info ][safepoint     ] Entering safepoint region: Cleanup
[2023-11-13T00:55:17.646+0000][2707.378s][info ][safepoint     ] Leaving safepoint region
[2023-11-13T00:55:17.646+0000][2707.378s][info ][safepoint     ] Total time for which application threads were stopped: 0.0010578 seconds, Stopping threads took: 0.0003365 seconds
[2023-11-13T00:55:18.646+0000][2708.378s][debug][safepoint     ] Safepoint synchronization initiated. (223 threads)
[2023-11-13T00:55:18.646+0000][2708.378s][info ][safepoint     ] Application time: 1.0002076 seconds
[2023-11-13T00:55:18.646+0000][2708.378s][info ][safepoint     ] Entering safepoint region: Cleanup
[2023-11-13T00:55:18.647+0000][2708.379s][info ][safepoint     ] Leaving safepoint region
[2023-11-13T00:55:18.647+0000][2708.379s][info ][safepoint     ] Total time for which application threads were stopped: 0.0007062 seconds, Stopping threads took: 0.0001117 seconds
[2023-11-13T00:55:19.647+0000][2709.379s][debug][safepoint     ] Safepoint synchronization initiated. (223 threads)
[2023-11-13T00:55:19.647+0000][2709.379s][info ][safepoint     ] Application time: 1.0002898 seconds
[2023-11-13T00:55:19.647+0000][2709.379s][info ][safepoint     ] Entering safepoint region: Cleanup
[2023-11-13T00:55:19.648+0000][2709.380s][info ][safepoint     ] Leaving safepoint region
[2023-11-13T00:55:19.648+0000][2709.380s][info ][safepoint     ] Total time for which application threads were stopped: 0.0007646 seconds, Stopping threads took: 0.0001435 seconds
[2023-11-13T00:55:20.184+0000][2709.917s][debug][safepoint     ] Safepoint synchronization initiated. (223 threads)
[2023-11-13T00:55:20.184+0000][2709.917s][info ][safepoint     ] Application time: 0.5365771 seconds
[2023-11-13T00:55:20.185+0000][2709.917s][debug][safepoint     ] ... found polling page return exception at pc = 0x00007f379895281f, stub =0x00007f3790841800
[2023-11-13T00:55:20.185+0000][2709.917s][debug][safepoint     ] Waiting for 2 thread(s) to block
[2023-11-13T00:55:20.185+0000][2709.917s][info ][safepoint     ] Entering safepoint region: Deoptimize
[2023-11-13T00:55:20.190+0000][2709.922s][info ][safepoint     ] Leaving safepoint region
[2023-11-13T00:55:20.190+0000][2709.922s][info ][safepoint     ] Total time for which application threads were stopped: 0.0052512 seconds, Stopping threads took: 0.0004798 seconds
[2023-11-13T00:55:21.190+0000][2710.922s][debug][safepoint     ] Safepoint synchronization initiated. (223 threads)
[2023-11-13T00:55:21.190+0000][2710.922s][info ][safepoint     ] Application time: 1.0001886 seconds
[2023-11-13T00:55:21.190+0000][2710.922s][info ][safepoint     ] Entering safepoint region: Cleanup
[2023-11-13T00:55:21.191+0000][2710.923s][info ][safepoint     ] Leaving safepoint region
[2023-11-13T00:55:21.191+0000][2710.923s][info ][safepoint     ] Total time for which application threads were stopped: 0.0006643 seconds, Stopping threads took: 0.0000835 seconds
[2023-11-13T00:55:22.191+0000][2711.923s][debug][safepoint     ] Safepoint synchronization initiated. (224 threads)
[2023-11-13T00:55:22.191+0000][2711.923s][info ][safepoint     ] Application time: 1.0001882 seconds
[2023-11-13T00:55:22.191+0000][2711.923s][info ][safepoint     ] Entering safepoint region: Cleanup
[2023-11-13T00:55:22.191+0000][2711.924s][info ][safepoint     ] Leaving safepoint region
[2023-11-13T00:55:22.191+0000][2711.924s][info ][safepoint     ] Total time for which application threads were stopped: 0.0005543 seconds, Stopping threads took: 0.0000855 seconds
[2023-11-13T00:55:23.192+0000][2712.924s][debug][safepoint     ] Safepoint synchronization initiated. (224 threads)
[2023-11-13T00:55:23.192+0000][2712.924s][info ][safepoint     ] Application time: 1.0001632 seconds
[2023-11-13T00:55:23.192+0000][2712.924s][info ][safepoint     ] Entering safepoint region: Cleanup
[2023-11-13T00:55:23.192+0000][2712.924s][info ][safepoint     ] Leaving safepoint region
[2023-11-13T00:55:23.192+0000][2712.924s][info ][safepoint     ] Total time for which application threads were stopped: 0.0005613 seconds, Stopping threads took: 0.0000939 seconds
[2023-11-13T00:55:24.192+0000][2713.925s][debug][safepoint     ] Safepoint synchronization initiated. (224 threads)
[2023-11-13T00:55:24.193+0000][2713.925s][info ][safepoint     ] Application time: 1.0010138 seconds
[2023-11-13T00:55:24.194+0000][2713.926s][info ][safepoint     ] Entering safepoint region: Cleanup
[2023-11-13T00:55:24.194+0000][2713.927s][info ][safepoint     ] Leaving safepoint region
[2023-11-13T00:55:24.195+0000][2713.927s][info ][safepoint     ] Total time for which application threads were stopped: 0.0012525 seconds, Stopping threads took: 0.0004768 seconds
[2023-11-13T00:55:25.195+0000][2714.928s][debug][safepoint     ] Safepoint synchronization initiated. (224 threads)
[2023-11-13T00:55:25.197+0000][2714.929s][info ][safepoint     ] Application time: 1.0017142 seconds
[2023-11-13T00:55:25.197+0000][2714.930s][info ][safepoint     ] Entering safepoint region: Cleanup
[2023-11-13T00:55:25.198+0000][2714.930s][info ][safepoint     ] Leaving safepoint region
[2023-11-13T00:55:25.198+0000][2714.931s][info ][safepoint     ] Total time for which application threads were stopped: 0.0013610 seconds, Stopping threads took: 0.0004108 seconds
[2023-11-13T00:55:25.198+0000][2714.930s][debug][safepoint     ] ... found polling page return exception at pc = 0x00007f3798afd432, stub =0x00007f3790841800
[2023-11-13T00:55:26.199+0000][2715.931s][debug][safepoint     ] Safepoint synchronization initiated. (224 threads)
[2023-11-13T00:55:26.199+0000][2715.932s][info ][safepoint     ] Application time: 1.0006107 seconds
[2023-11-13T00:55:26.200+0000][2715.932s][info ][safepoint     ] Entering safepoint region: Cleanup
[2023-11-13T00:55:26.200+0000][2715.933s][info ][safepoint     ] Leaving safepoint region
[2023-11-13T00:55:26.201+0000][2715.933s][info ][safepoint     ] Total time for which application threads were stopped: 0.0009545 seconds, Stopping threads took: 0.0003292 seconds
[2023-11-13T00:55:27.201+0000][2716.933s][debug][safepoint     ] Safepoint synchronization initiated. (224 threads)
[2023-11-13T00:55:27.201+0000][2716.934s][info ][safepoint     ] Application time: 1.0004699 seconds
[2023-11-13T00:55:27.202+0000][2716.934s][info ][safepoint     ] Entering safepoint region: Cleanup
[2023-11-13T00:55:27.202+0000][2716.934s][info ][safepoint     ] Leaving safepoint region
[2023-11-13T00:55:27.202+0000][2716.935s][info ][safepoint     ] Total time for which application threads were stopped: 0.0008056 seconds, Stopping threads took: 0.0002872 seconds
[2023-11-13T00:55:28.203+0000][2717.935s][debug][safepoint     ] Safepoint synchronization initiated. (224 threads)
[2023-11-13T00:55:28.203+0000][2717.935s][info ][safepoint     ] Application time: 1.0005468 seconds
[2023-11-13T00:55:28.203+0000][2717.936s][info ][safepoint     ] Entering safepoint region: Cleanup
[2023-11-13T00:55:28.204+0000][2717.936s][info ][safepoint     ] Leaving safepoint region
[2023-11-13T00:55:28.204+0000][2717.936s][info ][safepoint     ] Total time for which application threads were stopped: 0.0004489 seconds, Stopping threads took: 0.0001955 seconds
[2023-11-13T00:55:29.204+0000][2718.936s][debug][safepoint     ] Safepoint synchronization initiated. (224 threads)
[2023-11-13T00:55:29.204+0000][2718.936s][info ][safepoint     ] Application time: 1.0002989 seconds
[2023-11-13T00:55:29.204+0000][2718.936s][info ][safepoint     ] Entering safepoint region: Cleanup
[2023-11-13T00:55:29.205+0000][2718.937s][info ][safepoint     ] Leaving safepoint region
[2023-11-13T00:55:29.205+0000][2718.937s][info ][safepoint     ] Total time for which application threads were stopped: 0.0005822 seconds, Stopping threads took: 0.0001345 seconds
[2023-11-13T00:55:30.205+0000][2719.937s][debug][safepoint     ] Safepoint synchronization initiated. (224 threads)
[2023-11-13T00:55:30.205+0000][2719.937s][info ][safepoint     ] Application time: 1.0002821 seconds
[2023-11-13T00:55:30.205+0000][2719.937s][info ][safepoint     ] Entering safepoint region: Cleanup
[2023-11-13T00:55:30.205+0000][2719.938s][info ][safepoint     ] Leaving safepoint region
[2023-11-13T00:55:30.206+0000][2719.938s][info ][safepoint     ] Total time for which application threads were stopped: 0.0005493 seconds, Stopping threads took: 0.0001203 seconds
[2023-11-13T00:55:31.206+0000][2720.938s][debug][safepoint     ] Safepoint synchronization initiated. (224 threads)
[2023-11-13T00:55:31.206+0000][2720.938s][info ][safepoint     ] Application time: 1.0002560 seconds
[2023-11-13T00:55:31.206+0000][2720.938s][info ][safepoint     ] Entering safepoint region: Cleanup
[2023-11-13T00:55:31.207+0000][2720.939s][info ][safepoint     ] Leaving safepoint region
[2023-11-13T00:55:31.207+0000][2720.939s][info ][safepoint     ] Total time for which application threads were stopped: 0.0007343 seconds, Stopping threads took: 0.0002025 seconds
[2023-11-13T00:55:32.207+0000][2721.939s][debug][safepoint     ] Safepoint synchronization initiated. (224 threads)
[2023-11-13T00:55:32.207+0000][2721.939s][info ][safepoint     ] Application time: 1.0002521 seconds
[2023-11-13T00:55:32.207+0000][2721.939s][info ][safepoint     ] Entering safepoint region: Cleanup
[2023-11-13T00:55:32.208+0000][2721.940s][info ][safepoint     ] Leaving safepoint region
[2023-11-13T00:55:32.208+0000][2721.940s][info ][safepoint     ] Total time for which application threads were stopped: 0.0009367 seconds, Stopping threads took: 0.0001443 seconds
[2023-11-13T00:55:33.208+0000][2722.940s][debug][safepoint     ] Safepoint synchronization initiated. (224 threads)
[2023-11-13T00:55:33.208+0000][2722.940s][info ][safepoint     ] Application time: 1.0002537 seconds
[2023-11-13T00:55:33.208+0000][2722.941s][info ][safepoint     ] Entering safepoint region: Cleanup
[2023-11-13T00:55:33.209+0000][2722.941s][info ][safepoint     ] Leaving safepoint region
[2023-11-13T00:55:33.209+0000][2722.941s][info ][safepoint     ] Total time for which application threads were stopped: 0.0006898 seconds, Stopping threads took: 0.0001472 seconds
[2023-11-13T00:55:33.209+0000][2722.941s][debug][safepoint     ] ... found polling page return exception at pc = 0x00007f3798afd432, stub =0x00007f3790841800
[2023-11-13T00:55:34.209+0000][2723.941s][debug][safepoint     ] Safepoint synchronization initiated. (224 threads)
[2023-11-13T00:55:34.209+0000][2723.941s][info ][safepoint     ] Application time: 1.0002652 seconds
[2023-11-13T00:55:34.209+0000][2723.942s][info ][safepoint     ] Entering safepoint region: Cleanup
[2023-11-13T00:55:34.210+0000][2723.942s][info ][safepoint     ] Leaving safepoint region
[2023-11-13T00:55:34.210+0000][2723.942s][info ][safepoint     ] Total time for which application threads were stopped: 0.0008160 seconds, Stopping threads took: 0.0001399 seconds
[2023-11-13T00:55:35.210+0000][2724.943s][debug][safepoint     ] Safepoint synchronization initiated. (224 threads)
[2023-11-13T00:55:35.210+0000][2724.943s][info ][safepoint     ] Application time: 1.0002612 seconds
[2023-11-13T00:55:35.210+0000][2724.943s][info ][safepoint     ] Entering safepoint region: Cleanup
[2023-11-13T00:55:35.211+0000][2724.943s][info ][safepoint     ] Leaving safepoint region
[2023-11-13T00:55:35.211+0000][2724.944s][info ][safepoint     ] Total time for which application threads were stopped: 0.0010224 seconds, Stopping threads took: 0.0001380 seconds
[2023-11-13T00:55:36.212+0000][2725.944s][debug][safepoint     ] Safepoint synchronization initiated. (224 threads)
[2023-11-13T00:55:36.212+0000][2725.945s][info ][safepoint     ] Application time: 1.0006115 seconds
[2023-11-13T00:55:36.213+0000][2725.945s][info ][safepoint     ] Entering safepoint region: Cleanup
[2023-11-13T00:55:36.214+0000][2725.946s][info ][safepoint     ] Leaving safepoint region
[2023-11-13T00:55:36.214+0000][2725.946s][info ][safepoint     ] Total time for which application threads were stopped: 0.0013308 seconds, Stopping threads took: 0.0004144 seconds
[2023-11-13T00:55:37.214+0000][2726.947s][debug][safepoint     ] Safepoint synchronization initiated. (224 threads)
[2023-11-13T00:55:37.215+0000][2726.948s][info ][safepoint     ] Application time: 1.0011294 seconds
[2023-11-13T00:55:37.216+0000][2726.948s][info ][safepoint     ] Entering safepoint region: Cleanup
[2023-11-13T00:55:37.217+0000][2726.949s][info ][safepoint     ] Leaving safepoint region
[2023-11-13T00:55:37.217+0000][2726.949s][info ][safepoint     ] Total time for which application threads were stopped: 0.0012789 seconds, Stopping threads took: 0.0004066 seconds
[2023-11-13T00:55:38.217+0000][2727.950s][debug][safepoint     ] Safepoint synchronization initiated. (224 threads)
[2023-11-13T00:55:38.218+0000][2727.951s][info ][safepoint     ] Application time: 1.0011301 seconds
[2023-11-13T00:55:38.219+0000][2727.951s][info ][safepoint     ] Entering safepoint region: Cleanup
[2023-11-13T00:55:38.220+0000][2727.952s][info ][safepoint     ] Leaving safepoint region
[2023-11-13T00:55:38.220+0000][2727.952s][info ][safepoint     ] Total time for which application threads were stopped: 0.0011929 seconds, Stopping threads took: 0.0003775 seconds
[2023-11-13T00:55:39.220+0000][2728.953s][debug][safepoint     ] Safepoint synchronization initiated. (224 threads)
[2023-11-13T00:55:39.221+0000][2728.953s][info ][safepoint     ] Application time: 1.0009336 seconds
[2023-11-13T00:55:39.221+0000][2728.954s][info ][safepoint     ] Entering safepoint region: Cleanup
[2023-11-13T00:55:39.222+0000][2728.955s][info ][safepoint     ] Leaving safepoint region
[2023-11-13T00:55:39.222+0000][2728.955s][info ][safepoint     ] Total time for which application threads were stopped: 0.0011310 seconds, Stopping threads took: 0.0003650 seconds
[2023-11-13T00:55:40.223+0000][2729.955s][debug][safepoint     ] Safepoint synchronization initiated. (224 threads)
[2023-11-13T00:55:40.224+0000][2729.956s][info ][safepoint     ] Application time: 1.0009245 seconds
[2023-11-13T00:55:40.224+0000][2729.956s][info ][safepoint     ] Entering safepoint region: Cleanup
[2023-11-13T00:55:40.225+0000][2729.957s][info ][safepoint     ] Leaving safepoint region
[2023-11-13T00:55:40.225+0000][2729.957s][info ][safepoint     ] Total time for which application threads were stopped: 0.0010186 seconds, Stopping threads took: 0.0003438 seconds
[2023-11-13T00:55:41.225+0000][2730.958s][debug][safepoint     ] Safepoint synchronization initiated. (224 threads)
[2023-11-13T00:55:41.226+0000][2730.958s][info ][safepoint     ] Application time: 1.0008175 seconds
[2023-11-13T00:55:41.226+0000][2730.959s][info ][safepoint     ] Entering safepoint region: Cleanup
[2023-11-13T00:55:41.227+0000][2730.959s][info ][safepoint     ] Leaving safepoint region
[2023-11-13T00:55:41.227+0000][2730.959s][info ][safepoint     ] Total time for which application threads were stopped: 0.0008268 seconds, Stopping threads took: 0.0002857 seconds
[2023-11-13T00:55:42.227+0000][2731.960s][debug][safepoint     ] Safepoint synchronization initiated. (224 threads)
[2023-11-13T00:55:42.228+0000][2731.960s][info ][safepoint     ] Application time: 1.0009137 seconds
[2023-11-13T00:55:42.228+0000][2731.961s][info ][safepoint     ] Entering safepoint region: Cleanup
[2023-11-13T00:55:42.229+0000][2731.961s][info ][safepoint     ] Leaving safepoint region
[2023-11-13T00:55:42.229+0000][2731.962s][info ][safepoint     ] Total time for which application threads were stopped: 0.0010319 seconds, Stopping threads took: 0.0003378 seconds
[2023-11-13T00:55:43.230+0000][2732.962s][debug][safepoint     ] Safepoint synchronization initiated. (224 threads)
[2023-11-13T00:55:43.230+0000][2732.963s][info ][safepoint     ] Application time: 1.0007755 seconds
[2023-11-13T00:55:43.231+0000][2732.963s][info ][safepoint     ] Entering safepoint region: Cleanup
[2023-11-13T00:55:43.232+0000][2732.964s][info ][safepoint     ] Leaving safepoint region
[2023-11-13T00:55:43.232+0000][2732.964s][info ][safepoint     ] Total time for which application threads were stopped: 0.0010461 seconds, Stopping threads took: 0.0003555 seconds
[2023-11-13T00:55:44.232+0000][2733.965s][debug][safepoint     ] Safepoint synchronization initiated. (224 threads)
[2023-11-13T00:55:44.233+0000][2733.965s][info ][safepoint     ] Application time: 1.0010799 seconds
[2023-11-13T00:55:44.234+0000][2733.966s][info ][safepoint     ] Entering safepoint region: Cleanup
[2023-11-13T00:55:44.234+0000][2733.967s][info ][safepoint     ] Leaving safepoint region
[2023-11-13T00:55:44.235+0000][2733.967s][info ][safepoint     ] Total time for which application threads were stopped: 0.0012291 seconds, Stopping threads took: 0.0004050 seconds
[2023-11-13T00:55:45.235+0000][2734.967s][debug][safepoint     ] Safepoint synchronization initiated. (224 threads)
[2023-11-13T00:55:45.236+0000][2734.968s][info ][safepoint     ] Application time: 1.0005723 seconds
[2023-11-13T00:55:45.236+0000][2734.968s][info ][safepoint     ] Entering safepoint region: Cleanup
[2023-11-13T00:55:45.236+0000][2734.969s][info ][safepoint     ] Leaving safepoint region
[2023-11-13T00:55:45.236+0000][2734.969s][info ][safepoint     ] Total time for which application threads were stopped: 0.0006415 seconds, Stopping threads took: 0.0001960 seconds
[2023-11-13T00:55:46.237+0000][2735.969s][debug][safepoint     ] Safepoint synchronization initiated. (224 threads)
[2023-11-13T00:55:46.237+0000][2735.969s][info ][safepoint     ] Application time: 1.0005395 seconds
[2023-11-13T00:55:46.237+0000][2735.970s][info ][safepoint     ] Entering safepoint region: Cleanup
[2023-11-13T00:55:46.238+0000][2735.970s][info ][safepoint     ] Leaving safepoint region
[2023-11-13T00:55:46.238+0000][2735.970s][info ][safepoint     ] Total time for which application threads were stopped: 0.0006304 seconds, Stopping threads took: 0.0001937 seconds
[2023-11-13T00:55:47.238+0000][2736.971s][debug][safepoint     ] Safepoint synchronization initiated. (224 threads)
[2023-11-13T00:55:47.238+0000][2736.971s][info ][safepoint     ] Application time: 1.0003086 seconds
[2023-11-13T00:55:47.238+0000][2736.971s][info ][safepoint     ] Entering safepoint region: Cleanup
[2023-11-13T00:55:47.240+0000][2736.972s][info ][safepoint     ] Leaving safepoint region
[2023-11-13T00:55:47.240+0000][2736.972s][info ][safepoint     ] Total time for which application threads were stopped: 0.0015666 seconds, Stopping threads took: 0.0001398 seconds
[2023-11-13T00:55:48.240+0000][2737.972s][debug][safepoint     ] Safepoint synchronization initiated. (224 threads)
[2023-11-13T00:55:48.241+0000][2737.973s][info ][safepoint     ] Application time: 1.0008605 seconds
[2023-11-13T00:55:48.241+0000][2737.973s][info ][safepoint     ] Entering safepoint region: Cleanup
[2023-11-13T00:55:48.242+0000][2737.974s][info ][safepoint     ] Leaving safepoint region
[2023-11-13T00:55:48.242+0000][2737.974s][info ][safepoint     ] Total time for which application threads were stopped: 0.0010775 seconds, Stopping threads took: 0.0003350 seconds
[2023-11-13T00:55:49.242+0000][2738.975s][debug][safepoint     ] Safepoint synchronization initiated. (224 threads)
[2023-11-13T00:55:49.243+0000][2738.975s][info ][safepoint     ] Application time: 1.0003691 seconds
[2023-11-13T00:55:49.243+0000][2738.975s][debug][safepoint     ] ... found polling page return exception at pc = 0x00007f3798afd432, stub =0x00007f3790841800
[2023-11-13T00:55:49.243+0000][2738.975s][debug][safepoint     ] Waiting for 1 thread(s) to block
[2023-11-13T00:55:49.243+0000][2738.976s][info ][safepoint     ] Entering safepoint region: Cleanup
[2023-11-13T00:55:49.244+0000][2738.976s][info ][safepoint     ] Leaving safepoint region
[2023-11-13T00:55:49.244+0000][2738.976s][info ][safepoint     ] Total time for which application threads were stopped: 0.0008560 seconds, Stopping threads took: 0.0005479 seconds
[2023-11-13T00:55:50.244+0000][2739.976s][debug][safepoint     ] Safepoint synchronization initiated. (224 threads)
[2023-11-13T00:55:50.244+0000][2739.976s][info ][safepoint     ] Application time: 1.0003056 seconds
[2023-11-13T00:55:50.244+0000][2739.977s][info ][safepoint     ] Entering safepoint region: Cleanup
[2023-11-13T00:55:50.245+0000][2739.977s][info ][safepoint     ] Leaving safepoint region
[2023-11-13T00:55:50.245+0000][2739.977s][info ][safepoint     ] Total time for which application threads were stopped: 0.0009411 seconds, Stopping threads took: 0.0001386 seconds
[2023-11-13T00:55:51.246+0000][2740.978s][debug][safepoint     ] Safepoint synchronization initiated. (224 threads)
[2023-11-13T00:55:51.246+0000][2740.978s][info ][safepoint     ] Application time: 1.0006086 seconds
[2023-11-13T00:55:51.246+0000][2740.979s][info ][safepoint     ] Entering safepoint region: Cleanup
[2023-11-13T00:55:51.247+0000][2740.979s][info ][safepoint     ] Leaving safepoint region
[2023-11-13T00:55:51.247+0000][2740.980s][info ][safepoint     ] Total time for which application threads were stopped: 0.0010911 seconds, Stopping threads took: 0.0004236 seconds
[2023-11-13T00:55:52.248+0000][2741.980s][debug][safepoint     ] Safepoint synchronization initiated. (224 threads)
[2023-11-13T00:55:52.248+0000][2741.980s][info ][safepoint     ] Application time: 1.0004358 seconds
[2023-11-13T00:55:52.248+0000][2741.981s][info ][safepoint     ] Entering safepoint region: Cleanup
[2023-11-13T00:55:52.249+0000][2741.981s][info ][safepoint     ] Leaving safepoint region
[2023-11-13T00:55:52.249+0000][2741.981s][info ][safepoint     ] Total time for which application threads were stopped: 0.0008024 seconds, Stopping threads took: 0.0003694 seconds
[2023-11-13T00:55:53.249+0000][2742.982s][debug][safepoint     ] Safepoint synchronization initiated. (224 threads)
[2023-11-13T00:55:53.250+0000][2742.982s][info ][safepoint     ] Application time: 1.0006823 seconds
[2023-11-13T00:55:53.250+0000][2742.983s][info ][safepoint     ] Entering safepoint region: Cleanup
[2023-11-13T00:55:53.251+0000][2742.983s][info ][safepoint     ] Leaving safepoint region
[2023-11-13T00:55:53.251+0000][2742.984s][info ][safepoint     ] Total time for which application threads were stopped: 0.0011901 seconds, Stopping threads took: 0.0004149 seconds
[2023-11-13T00:55:54.252+0000][2743.984s][debug][safepoint     ] Safepoint synchronization initiated. (224 threads)
[2023-11-13T00:55:54.252+0000][2743.985s][info ][safepoint     ] Application time: 1.0006443 seconds
[2023-11-13T00:55:54.253+0000][2743.985s][info ][safepoint     ] Entering safepoint region: Cleanup
[2023-11-13T00:55:54.254+0000][2743.986s][info ][safepoint     ] Leaving safepoint region
[2023-11-13T00:55:54.254+0000][2743.986s][info ][safepoint     ] Total time for which application threads were stopped: 0.0010927 seconds, Stopping threads took: 0.0003802 seconds
[2023-11-13T00:55:55.254+0000][2744.987s][debug][safepoint     ] Safepoint synchronization initiated. (224 threads)
[2023-11-13T00:55:55.255+0000][2744.987s][info ][safepoint     ] Application time: 1.0010173 seconds
[2023-11-13T00:55:55.256+0000][2744.988s][info ][safepoint     ] Entering safepoint region: Cleanup
[2023-11-13T00:55:55.256+0000][2744.988s][info ][safepoint     ] Leaving safepoint region
[2023-11-13T00:55:55.256+0000][2744.989s][info ][safepoint     ] Total time for which application threads were stopped: 0.0008635 seconds, Stopping threads took: 0.0003854 seconds
[2023-11-13T00:55:56.256+0000][2745.989s][debug][safepoint     ] Safepoint synchronization initiated. (224 threads)
[2023-11-13T00:55:56.257+0000][2745.989s][info ][safepoint     ] Application time: 1.0006181 seconds
[2023-11-13T00:55:56.257+0000][2745.990s][info ][safepoint     ] Entering safepoint region: Cleanup
[2023-11-13T00:55:56.258+0000][2745.990s][info ][safepoint     ] Leaving safepoint region
[2023-11-13T00:55:56.258+0000][2745.991s][info ][safepoint     ] Total time for which application threads were stopped: 0.0011606 seconds, Stopping threads took: 0.0004064 seconds
[2023-11-13T00:55:57.259+0000][2746.991s][debug][safepoint     ] Safepoint synchronization initiated. (224 threads)
[2023-11-13T00:55:57.259+0000][2746.992s][info ][safepoint     ] Application time: 1.0005735 seconds
[2023-11-13T00:55:57.260+0000][2746.992s][info ][safepoint     ] Entering safepoint region: Cleanup
[2023-11-13T00:55:57.260+0000][2746.993s][info ][safepoint     ] Leaving safepoint region
[2023-11-13T00:55:57.261+0000][2746.993s][info ][safepoint     ] Total time for which application threads were stopped: 0.0011778 seconds, Stopping threads took: 0.0004335 seconds
[2023-11-13T00:55:58.261+0000][2747.993s][debug][safepoint     ] Safepoint synchronization initiated. (224 threads)
[2023-11-13T00:55:58.262+0000][2747.994s][info ][safepoint     ] Application time: 1.0011454 seconds
[2023-11-13T00:55:58.263+0000][2747.995s][info ][safepoint     ] Entering safepoint region: Cleanup
[2023-11-13T00:55:58.263+0000][2747.996s][info ][safepoint     ] Leaving safepoint region
[2023-11-13T00:55:58.264+0000][2747.996s][info ][safepoint     ] Total time for which application threads were stopped: 0.0012002 seconds, Stopping threads took: 0.0004059 seconds
[2023-11-13T00:55:59.264+0000][2748.996s][debug][safepoint     ] Safepoint synchronization initiated. (224 threads)
[2023-11-13T00:55:59.265+0000][2748.997s][info ][safepoint     ] Application time: 1.0005891 seconds
[2023-11-13T00:55:59.265+0000][2748.997s][info ][safepoint     ] Entering safepoint region: Cleanup
[2023-11-13T00:55:59.266+0000][2748.998s][info ][safepoint     ] Leaving safepoint region
[2023-11-13T00:55:59.266+0000][2748.999s][info ][safepoint     ] Total time for which application threads were stopped: 0.0014276 seconds, Stopping threads took: 0.0004451 seconds
[2023-11-13T00:56:00.267+0000][2749.999s][debug][safepoint     ] Safepoint synchronization initiated. (224 threads)
[2023-11-13T00:56:00.268+0000][2750.000s][info ][safepoint     ] Application time: 1.0009454 seconds
[2023-11-13T00:56:00.268+0000][2750.000s][info ][safepoint     ] Entering safepoint region: Cleanup
[2023-11-13T00:56:00.269+0000][2750.001s][info ][safepoint     ] Leaving safepoint region
[2023-11-13T00:56:00.269+0000][2750.001s][info ][safepoint     ] Total time for which application threads were stopped: 0.0010860 seconds, Stopping threads took: 0.0004176 seconds
[2023-11-13T00:56:01.269+0000][2751.002s][debug][safepoint     ] Safepoint synchronization initiated. (224 threads)
[2023-11-13T00:56:01.270+0000][2751.003s][info ][safepoint     ] Application time: 1.0011320 seconds
[2023-11-13T00:56:01.271+0000][2751.003s][info ][safepoint     ] Entering safepoint region: Cleanup
[2023-11-13T00:56:01.272+0000][2751.004s][info ][safepoint     ] Leaving safepoint region
[2023-11-13T00:56:01.272+0000][2751.004s][info ][safepoint     ] Total time for which application threads were stopped: 0.0012259 seconds, Stopping threads took: 0.0004526 seconds
[2023-11-13T00:56:02.272+0000][2752.005s][debug][safepoint     ] Safepoint synchronization initiated. (224 threads)
[2023-11-13T00:56:02.272+0000][2752.005s][info ][safepoint     ] Application time: 1.0001939 seconds
[2023-11-13T00:56:02.272+0000][2752.005s][info ][safepoint     ] Entering safepoint region: Cleanup
[2023-11-13T00:56:02.273+0000][2752.005s][info ][safepoint     ] Leaving safepoint region
[2023-11-13T00:56:02.273+0000][2752.005s][info ][safepoint     ] Total time for which application threads were stopped: 0.0003357 seconds, Stopping threads took: 0.0000858 seconds
[2023-11-13T00:56:03.273+0000][2753.005s][debug][safepoint     ] Safepoint synchronization initiated. (224 threads)
[2023-11-13T00:56:03.273+0000][2753.006s][info ][safepoint     ] Application time: 1.0005943 seconds
[2023-11-13T00:56:03.274+0000][2753.006s][info ][safepoint     ] Entering safepoint region: Cleanup
[2023-11-13T00:56:03.274+0000][2753.006s][info ][safepoint     ] Leaving safepoint region
[2023-11-13T00:56:03.274+0000][2753.006s][info ][safepoint     ] Total time for which application threads were stopped: 0.0005919 seconds, Stopping threads took: 0.0002035 seconds
[2023-11-13T00:56:04.274+0000][2754.007s][debug][safepoint     ] Safepoint synchronization initiated. (224 threads)
[2023-11-13T00:56:04.275+0000][2754.007s][info ][safepoint     ] Application time: 1.0006261 seconds
[2023-11-13T00:56:04.275+0000][2754.007s][debug][safepoint     ] ... found polling page return exception at pc = 0x00007f3798a75af6, stub =0x00007f3790841800
[2023-11-13T00:56:04.275+0000][2754.008s][debug][safepoint     ] Waiting for 1 thread(s) to block
[2023-11-13T00:56:04.275+0000][2754.008s][info ][safepoint     ] Entering safepoint region: Cleanup
[2023-11-13T00:56:04.276+0000][2754.008s][info ][safepoint     ] Leaving safepoint region
[2023-11-13T00:56:04.276+0000][2754.008s][info ][safepoint     ] Total time for which application threads were stopped: 0.0010417 seconds, Stopping threads took: 0.0006298 seconds
[2023-11-13T00:56:05.276+0000][2755.009s][debug][safepoint     ] Safepoint synchronization initiated. (224 threads)
[2023-11-13T00:56:05.277+0000][2755.009s][info ][safepoint     ] Application time: 1.0006928 seconds
[2023-11-13T00:56:05.277+0000][2755.009s][info ][safepoint     ] Entering safepoint region: Cleanup
[2023-11-13T00:56:05.277+0000][2755.010s][info ][safepoint     ] Leaving safepoint region
[2023-11-13T00:56:05.278+0000][2755.010s][info ][safepoint     ] Total time for which application threads were stopped: 0.0005524 seconds, Stopping threads took: 0.0001928 seconds
[2023-11-13T00:56:06.278+0000][2756.010s][debug][safepoint     ] Safepoint synchronization initiated. (224 threads)
[2023-11-13T00:56:06.279+0000][2756.011s][info ][safepoint     ] Application time: 1.0010200 seconds
[2023-11-13T00:56:06.279+0000][2756.011s][info ][safepoint     ] Entering safepoint region: Cleanup
[2023-11-13T00:56:06.279+0000][2756.012s][info ][safepoint     ] Leaving safepoint region
[2023-11-13T00:56:06.280+0000][2756.012s][info ][safepoint     ] Total time for which application threads were stopped: 0.0007116 seconds, Stopping threads took: 0.0001515 seconds
[2023-11-13T00:56:06.279+0000][2756.012s][debug][safepoint     ] ... found polling page return exception at pc = 0x00007f3798afd432, stub =0x00007f3790841800
[2023-11-13T00:56:07.280+0000][2757.012s][debug][safepoint     ] Safepoint synchronization initiated. (224 threads)
[2023-11-13T00:56:07.280+0000][2757.012s][info ][safepoint     ] Application time: 1.0002207 seconds
[2023-11-13T00:56:07.280+0000][2757.012s][info ][safepoint     ] Entering safepoint region: Cleanup
[2023-11-13T00:56:07.280+0000][2757.013s][info ][safepoint     ] Leaving safepoint region
[2023-11-13T00:56:07.280+0000][2757.013s][info ][safepoint     ] Total time for which application threads were stopped: 0.0006585 seconds, Stopping threads took: 0.0001291 seconds
[2023-11-13T00:56:08.281+0000][2758.013s][debug][safepoint     ] Safepoint synchronization initiated. (224 threads)
[2023-11-13T00:56:08.281+0000][2758.013s][info ][safepoint     ] Application time: 1.0002385 seconds
[2023-11-13T00:56:08.281+0000][2758.013s][info ][safepoint     ] Entering safepoint region: Cleanup
[2023-11-13T00:56:08.281+0000][2758.014s][info ][safepoint     ] Leaving safepoint region
[2023-11-13T00:56:08.281+0000][2758.014s][info ][safepoint     ] Total time for which application threads were stopped: 0.0005980 seconds, Stopping threads took: 0.0001163 seconds
[2023-11-13T00:56:09.282+0000][2759.014s][debug][safepoint     ] Safepoint synchronization initiated. (224 threads)
[2023-11-13T00:56:09.282+0000][2759.014s][info ][safepoint     ] Application time: 1.0002558 seconds
[2023-11-13T00:56:09.282+0000][2759.014s][info ][safepoint     ] Entering safepoint region: Cleanup
[2023-11-13T00:56:09.282+0000][2759.015s][info ][safepoint     ] Leaving safepoint region
[2023-11-13T00:56:09.282+0000][2759.015s][info ][safepoint     ] Total time for which application threads were stopped: 0.0007568 seconds, Stopping threads took: 0.0001393 seconds
[2023-11-13T00:56:10.283+0000][2760.015s][debug][safepoint     ] Safepoint synchronization initiated. (224 threads)
[2023-11-13T00:56:10.283+0000][2760.015s][info ][safepoint     ] Application time: 1.0002448 seconds
[2023-11-13T00:56:10.283+0000][2760.015s][info ][safepoint     ] Entering safepoint region: Cleanup
[2023-11-13T00:56:10.284+0000][2760.016s][info ][safepoint     ] Leaving safepoint region
[2023-11-13T00:56:10.284+0000][2760.016s][info ][safepoint     ] Total time for which application threads were stopped: 0.0010934 seconds, Stopping threads took: 0.0001210 seconds
[2023-11-13T00:56:11.284+0000][2761.016s][debug][safepoint     ] Safepoint synchronization initiated. (224 threads)
[2023-11-13T00:56:11.284+0000][2761.016s][info ][safepoint     ] Application time: 1.0002053 seconds
[2023-11-13T00:56:11.284+0000][2761.016s][info ][safepoint     ] Entering safepoint region: Cleanup
[2023-11-13T00:56:11.285+0000][2761.017s][info ][safepoint     ] Leaving safepoint region
[2023-11-13T00:56:11.285+0000][2761.017s][info ][safepoint     ] Total time for which application threads were stopped: 0.0009768 seconds, Stopping threads took: 0.0001079 seconds
[2023-11-13T00:56:12.285+0000][2762.018s][debug][safepoint     ] Safepoint synchronization initiated. (224 threads)
[2023-11-13T00:56:12.286+0000][2762.018s][info ][safepoint     ] Application time: 1.0002864 seconds
[2023-11-13T00:56:12.286+0000][2762.018s][info ][safepoint     ] Entering safepoint region: Cleanup
[2023-11-13T00:56:12.286+0000][2762.018s][info ][safepoint     ] Leaving safepoint region
[2023-11-13T00:56:12.286+0000][2762.019s][info ][safepoint     ] Total time for which application threads were stopped: 0.0006003 seconds, Stopping threads took: 0.0001924 seconds
[2023-11-13T00:56:13.287+0000][2763.019s][debug][safepoint     ] Safepoint synchronization initiated. (224 threads)
[2023-11-13T00:56:13.287+0000][2763.019s][info ][safepoint     ] Application time: 1.0005987 seconds
[2023-11-13T00:56:13.287+0000][2763.020s][info ][safepoint     ] Entering safepoint region: Cleanup
[2023-11-13T00:56:13.288+0000][2763.020s][info ][safepoint     ] Leaving safepoint region
[2023-11-13T00:56:13.288+0000][2763.021s][info ][safepoint     ] Total time for which application threads were stopped: 0.0009414 seconds, Stopping threads took: 0.0003283 seconds
[2023-11-13T00:56:14.289+0000][2764.021s][debug][safepoint     ] Safepoint synchronization initiated. (224 threads)
[2023-11-13T00:56:14.289+0000][2764.021s][info ][safepoint     ] Application time: 1.0004431 seconds
[2023-11-13T00:56:14.289+0000][2764.021s][info ][safepoint     ] Entering safepoint region: Cleanup
[2023-11-13T00:56:14.290+0000][2764.022s][info ][safepoint     ] Leaving safepoint region
[2023-11-13T00:56:14.290+0000][2764.022s][info ][safepoint     ] Total time for which application threads were stopped: 0.0007717 seconds, Stopping threads took: 0.0002785 seconds
[2023-11-13T00:56:15.290+0000][2765.023s][debug][safepoint     ] Safepoint synchronization initiated. (224 threads)
[2023-11-13T00:56:15.291+0000][2765.023s][info ][safepoint     ] Application time: 1.0007900 seconds
[2023-11-13T00:56:15.291+0000][2765.023s][info ][safepoint     ] Entering safepoint region: Cleanup
[2023-11-13T00:56:15.292+0000][2765.024s][info ][safepoint     ] Leaving safepoint region
[2023-11-13T00:56:15.292+0000][2765.024s][info ][safepoint     ] Total time for which application threads were stopped: 0.0007045 seconds, Stopping threads took: 0.0001734 seconds
[2023-11-13T00:56:16.292+0000][2766.024s][debug][safepoint     ] Safepoint synchronization initiated. (224 threads)
[2023-11-13T00:56:16.293+0000][2766.025s][info ][safepoint     ] Application time: 1.0011661 seconds
[2023-11-13T00:56:16.293+0000][2766.026s][info ][safepoint     ] Entering safepoint region: Cleanup
[2023-11-13T00:56:16.294+0000][2766.027s][info ][safepoint     ] Leaving safepoint region
[2023-11-13T00:56:16.294+0000][2766.027s][info ][safepoint     ] Total time for which application threads were stopped: 0.0011862 seconds, Stopping threads took: 0.0004461 seconds
[2023-11-13T00:56:16.294+0000][2766.027s][debug][safepoint     ] ... found polling page return exception at pc = 0x00007f3798afd432, stub =0x00007f3790841800
[2023-11-13T00:56:17.295+0000][2767.027s][debug][safepoint     ] Safepoint synchronization initiated. (224 threads)
[2023-11-13T00:56:17.295+0000][2767.027s][info ][safepoint     ] Application time: 1.0002179 seconds
[2023-11-13T00:56:17.295+0000][2767.027s][info ][safepoint     ] Entering safepoint region: Cleanup
[2023-11-13T00:56:17.295+0000][2767.028s][info ][safepoint     ] Leaving safepoint region
[2023-11-13T00:56:17.295+0000][2767.028s][info ][safepoint     ] Total time for which application threads were stopped: 0.0005279 seconds, Stopping threads took: 0.0001186 seconds
[2023-11-13T00:56:18.295+0000][2768.028s][debug][safepoint     ] Safepoint synchronization initiated. (224 threads)
[2023-11-13T00:56:18.296+0000][2768.028s][info ][safepoint     ] Application time: 1.0002583 seconds
[2023-11-13T00:56:18.296+0000][2768.028s][info ][safepoint     ] Entering safepoint region: Cleanup
[2023-11-13T00:56:18.296+0000][2768.029s][info ][safepoint     ] Leaving safepoint region
[2023-11-13T00:56:18.296+0000][2768.029s][info ][safepoint     ] Total time for which application threads were stopped: 0.0007241 seconds, Stopping threads took: 0.0001517 seconds
[2023-11-13T00:56:19.296+0000][2769.029s][debug][safepoint     ] Safepoint synchronization initiated. (224 threads)
[2023-11-13T00:56:19.297+0000][2769.029s][info ][safepoint     ] Application time: 1.0001763 seconds
[2023-11-13T00:56:19.297+0000][2769.029s][info ][safepoint     ] Entering safepoint region: Cleanup
[2023-11-13T00:56:19.297+0000][2769.029s][info ][safepoint     ] Leaving safepoint region
[2023-11-13T00:56:19.297+0000][2769.029s][info ][safepoint     ] Total time for which application threads were stopped: 0.0004484 seconds, Stopping threads took: 0.0001163 seconds
[2023-11-13T00:56:20.297+0000][2770.029s][debug][safepoint     ] Safepoint synchronization initiated. (224 threads)
[2023-11-13T00:56:20.297+0000][2770.030s][info ][safepoint     ] Application time: 1.0002856 seconds
[2023-11-13T00:56:20.297+0000][2770.030s][info ][safepoint     ] Entering safepoint region: Cleanup
[2023-11-13T00:56:20.298+0000][2770.030s][info ][safepoint     ] Leaving safepoint region
[2023-11-13T00:56:20.298+0000][2770.030s][info ][safepoint     ] Total time for which application threads were stopped: 0.0007695 seconds, Stopping threads took: 0.0001385 seconds
[2023-11-13T00:56:21.298+0000][2771.031s][debug][safepoint     ] Safepoint synchronization initiated. (224 threads)
[2023-11-13T00:56:21.298+0000][2771.031s][info ][safepoint     ] Application time: 1.0002513 seconds
[2023-11-13T00:56:21.299+0000][2771.031s][info ][safepoint     ] Entering safepoint region: Cleanup
[2023-11-13T00:56:21.300+0000][2771.032s][info ][safepoint     ] Leaving safepoint region
[2023-11-13T00:56:21.300+0000][2771.032s][info ][safepoint     ] Total time for which application threads were stopped: 0.0010808 seconds, Stopping threads took: 0.0001571 seconds
[2023-11-13T00:56:22.301+0000][2772.033s][debug][safepoint     ] Safepoint synchronization initiated. (224 threads)
[2023-11-13T00:56:22.301+0000][2772.033s][info ][safepoint     ] Application time: 1.0006368 seconds
[2023-11-13T00:56:22.301+0000][2772.034s][info ][safepoint     ] Entering safepoint region: Cleanup
[2023-11-13T00:56:22.302+0000][2772.034s][info ][safepoint     ] Leaving safepoint region
[2023-11-13T00:56:22.302+0000][2772.034s][info ][safepoint     ] Total time for which application threads were stopped: 0.0005782 seconds, Stopping threads took: 0.0002076 seconds
[2023-11-13T00:56:23.302+0000][2773.034s][debug][safepoint     ] Safepoint synchronization initiated. (224 threads)
[2023-11-13T00:56:23.303+0000][2773.035s][info ][safepoint     ] Application time: 1.0005900 seconds
[2023-11-13T00:56:23.303+0000][2773.035s][info ][safepoint     ] Entering safepoint region: Cleanup
[2023-11-13T00:56:23.303+0000][2773.036s][info ][safepoint     ] Leaving safepoint region
[2023-11-13T00:56:23.303+0000][2773.036s][info ][safepoint     ] Total time for which application threads were stopped: 0.0004674 seconds, Stopping threads took: 0.0002043 seconds
[2023-11-13T00:56:24.303+0000][2774.036s][debug][safepoint     ] Safepoint synchronization initiated. (224 threads)
[2023-11-13T00:56:24.303+0000][2774.036s][info ][safepoint     ] Application time: 1.0001923 seconds
[2023-11-13T00:56:24.304+0000][2774.036s][info ][safepoint     ] Entering safepoint region: Cleanup
[2023-11-13T00:56:24.304+0000][2774.036s][info ][safepoint     ] Leaving safepoint region
[2023-11-13T00:56:24.304+0000][2774.036s][info ][safepoint     ] Total time for which application threads were stopped: 0.0006762 seconds, Stopping threads took: 0.0001282 seconds
[2023-11-13T00:56:25.304+0000][2775.037s][debug][safepoint     ] Safepoint synchronization initiated. (224 threads)
[2023-11-13T00:56:25.304+0000][2775.037s][info ][safepoint     ] Application time: 1.0002584 seconds
[2023-11-13T00:56:25.305+0000][2775.037s][info ][safepoint     ] Entering safepoint region: Cleanup
[2023-11-13T00:56:25.305+0000][2775.038s][info ][safepoint     ] Leaving safepoint region
[2023-11-13T00:56:25.305+0000][2775.038s][info ][safepoint     ] Total time for which application threads were stopped: 0.0008545 seconds, Stopping threads took: 0.0001458 seconds
[2023-11-13T00:56:26.306+0000][2776.038s][debug][safepoint     ] Safepoint synchronization initiated. (224 threads)
[2023-11-13T00:56:26.306+0000][2776.038s][info ][safepoint     ] Application time: 1.0002295 seconds
[2023-11-13T00:56:26.306+0000][2776.039s][info ][safepoint     ] Entering safepoint region: Cleanup
[2023-11-13T00:56:26.307+0000][2776.039s][info ][safepoint     ] Leaving safepoint region
[2023-11-13T00:56:26.307+0000][2776.039s][info ][safepoint     ] Total time for which application threads were stopped: 0.0006945 seconds, Stopping threads took: 0.0001741 seconds
[2023-11-13T00:56:27.308+0000][2777.041s][debug][safepoint     ] Safepoint synchronization initiated. (224 threads)
[2023-11-13T00:56:27.309+0000][2777.041s][info ][safepoint     ] Application time: 1.0015866 seconds
[2023-11-13T00:56:27.309+0000][2777.041s][info ][safepoint     ] Entering safepoint region: Cleanup
[2023-11-13T00:56:27.309+0000][2777.042s][info ][safepoint     ] Leaving safepoint region
[2023-11-13T00:56:27.309+0000][2777.042s][info ][safepoint     ] Total time for which application threads were stopped: 0.0007293 seconds, Stopping threads took: 0.0001361 seconds
[2023-11-13T00:56:28.309+0000][2778.042s][debug][safepoint     ] Safepoint synchronization initiated. (224 threads)
[2023-11-13T00:56:28.310+0000][2778.042s][info ][safepoint     ] Application time: 1.0002516 seconds
[2023-11-13T00:56:28.310+0000][2778.042s][info ][safepoint     ] Entering safepoint region: Cleanup
[2023-11-13T00:56:28.310+0000][2778.042s][info ][safepoint     ] Leaving safepoint region
[2023-11-13T00:56:28.310+0000][2778.043s][info ][safepoint     ] Total time for which application threads were stopped: 0.0006299 seconds, Stopping threads took: 0.0001358 seconds
[2023-11-13T00:56:29.310+0000][2779.043s][debug][safepoint     ] Safepoint synchronization initiated. (224 threads)
[2023-11-13T00:56:29.311+0000][2779.043s][info ][safepoint     ] Application time: 1.0003051 seconds
[2023-11-13T00:56:29.311+0000][2779.043s][info ][safepoint     ] Entering safepoint region: Cleanup
[2023-11-13T00:56:29.311+0000][2779.043s][info ][safepoint     ] Leaving safepoint region
[2023-11-13T00:56:29.311+0000][2779.043s][info ][safepoint     ] Total time for which application threads were stopped: 0.0005367 seconds, Stopping threads took: 0.0001455 seconds
[2023-11-13T00:56:30.311+0000][2780.044s][debug][safepoint     ] Safepoint synchronization initiated. (224 threads)
[2023-11-13T00:56:30.311+0000][2780.044s][info ][safepoint     ] Application time: 1.0002862 seconds
[2023-11-13T00:56:30.312+0000][2780.044s][info ][safepoint     ] Entering safepoint region: Cleanup
[2023-11-13T00:56:30.312+0000][2780.044s][info ][safepoint     ] Leaving safepoint region
[2023-11-13T00:56:30.312+0000][2780.044s][info ][safepoint     ] Total time for which application threads were stopped: 0.0005199 seconds, Stopping threads took: 0.0001257 seconds
[2023-11-13T00:56:31.312+0000][2781.045s][debug][safepoint     ] Safepoint synchronization initiated. (224 threads)
[2023-11-13T00:56:31.313+0000][2781.046s][info ][safepoint     ] Application time: 1.0012314 seconds
[2023-11-13T00:56:31.314+0000][2781.046s][info ][safepoint     ] Entering safepoint region: Cleanup
[2023-11-13T00:56:31.315+0000][2781.047s][info ][safepoint     ] Leaving safepoint region
[2023-11-13T00:56:31.315+0000][2781.047s][info ][safepoint     ] Total time for which application threads were stopped: 0.0012698 seconds, Stopping threads took: 0.0005120 seconds
[2023-11-13T00:56:32.315+0000][2782.048s][debug][safepoint     ] Safepoint synchronization initiated. (224 threads)
[2023-11-13T00:56:32.316+0000][2782.048s][info ][safepoint     ] Application time: 1.0005515 seconds
[2023-11-13T00:56:32.316+0000][2782.048s][info ][safepoint     ] Entering safepoint region: Cleanup
[2023-11-13T00:56:32.317+0000][2782.049s][info ][safepoint     ] Leaving safepoint region
[2023-11-13T00:56:32.317+0000][2782.050s][info ][safepoint     ] Total time for which application threads were stopped: 0.0011597 seconds, Stopping threads took: 0.0004086 seconds
[2023-11-13T00:56:33.318+0000][2783.050s][debug][safepoint     ] Safepoint synchronization initiated. (224 threads)
[2023-11-13T00:56:33.318+0000][2783.051s][info ][safepoint     ] Application time: 1.0007490 seconds
[2023-11-13T00:56:33.319+0000][2783.051s][info ][safepoint     ] Entering safepoint region: Cleanup
[2023-11-13T00:56:33.320+0000][2783.052s][info ][safepoint     ] Leaving safepoint region
[2023-11-13T00:56:33.320+0000][2783.052s][info ][safepoint     ] Total time for which application threads were stopped: 0.0012928 seconds, Stopping threads took: 0.0005400 seconds
[2023-11-13T00:56:34.320+0000][2784.053s][debug][safepoint     ] Safepoint synchronization initiated. (224 threads)
[2023-11-13T00:56:34.321+0000][2784.053s][info ][safepoint     ] Application time: 1.0007751 seconds
[2023-11-13T00:56:34.321+0000][2784.054s][info ][safepoint     ] Entering safepoint region: Cleanup
[2023-11-13T00:56:34.322+0000][2784.054s][info ][safepoint     ] Leaving safepoint region
[2023-11-13T00:56:34.322+0000][2784.054s][info ][safepoint     ] Total time for which application threads were stopped: 0.0006663 seconds, Stopping threads took: 0.0003219 seconds
[2023-11-13T00:56:35.322+0000][2785.054s][debug][safepoint     ] Safepoint synchronization initiated. (224 threads)
[2023-11-13T00:56:35.322+0000][2785.054s][info ][safepoint     ] Application time: 1.0001714 seconds
[2023-11-13T00:56:35.322+0000][2785.055s][info ][safepoint     ] Entering safepoint region: Cleanup
[2023-11-13T00:56:35.322+0000][2785.055s][info ][safepoint     ] Leaving safepoint region
[2023-11-13T00:56:35.322+0000][2785.055s][info ][safepoint     ] Total time for which application threads were stopped: 0.0003175 seconds, Stopping threads took: 0.0000823 seconds
[2023-11-13T00:56:36.323+0000][2786.055s][debug][safepoint     ] Safepoint synchronization initiated. (224 threads)
[2023-11-13T00:56:36.323+0000][2786.055s][info ][safepoint     ] Application time: 1.0001958 seconds
[2023-11-13T00:56:36.323+0000][2786.056s][info ][safepoint     ] Entering safepoint region: Cleanup
[2023-11-13T00:56:36.324+0000][2786.056s][info ][safepoint     ] Leaving safepoint region
[2023-11-13T00:56:36.324+0000][2786.056s][info ][safepoint     ] Total time for which application threads were stopped: 0.0003508 seconds, Stopping threads took: 0.0001053 seconds
[2023-11-13T00:56:37.324+0000][2787.056s][debug][safepoint     ] Safepoint synchronization initiated. (224 threads)
[2023-11-13T00:56:37.324+0000][2787.056s][info ][safepoint     ] Application time: 1.0002651 seconds
[2023-11-13T00:56:37.324+0000][2787.056s][info ][safepoint     ] Entering safepoint region: Cleanup
[2023-11-13T00:56:37.324+0000][2787.057s][info ][safepoint     ] Leaving safepoint region
[2023-11-13T00:56:37.324+0000][2787.057s][info ][safepoint     ] Total time for which application threads were stopped: 0.0005966 seconds, Stopping threads took: 0.0001442 seconds
[2023-11-13T00:56:38.325+0000][2788.057s][debug][safepoint     ] Safepoint synchronization initiated. (224 threads)
[2023-11-13T00:56:38.325+0000][2788.057s][info ][safepoint     ] Application time: 1.0002543 seconds
[2023-11-13T00:56:38.325+0000][2788.057s][info ][safepoint     ] Entering safepoint region: Cleanup
[2023-11-13T00:56:38.325+0000][2788.058s][info ][safepoint     ] Leaving safepoint region
[2023-11-13T00:56:38.325+0000][2788.058s][info ][safepoint     ] Total time for which application threads were stopped: 0.0006299 seconds, Stopping threads took: 0.0001410 seconds
[2023-11-13T00:56:39.326+0000][2789.058s][debug][safepoint     ] Safepoint synchronization initiated. (224 threads)
[2023-11-13T00:56:39.326+0000][2789.058s][info ][safepoint     ] Application time: 1.0002765 seconds
[2023-11-13T00:56:39.326+0000][2789.058s][info ][safepoint     ] Entering safepoint region: Cleanup
[2023-11-13T00:56:39.326+0000][2789.059s][info ][safepoint     ] Leaving safepoint region
[2023-11-13T00:56:39.326+0000][2789.059s][info ][safepoint     ] Total time for which application threads were stopped: 0.0005128 seconds, Stopping threads took: 0.0001234 seconds
[2023-11-13T00:56:40.326+0000][2790.059s][debug][safepoint     ] Safepoint synchronization initiated. (224 threads)
[2023-11-13T00:56:40.327+0000][2790.059s][info ][safepoint     ] Application time: 1.0001603 seconds
[2023-11-13T00:56:40.327+0000][2790.059s][info ][safepoint     ] Entering safepoint region: Cleanup
[2023-11-13T00:56:40.327+0000][2790.059s][info ][safepoint     ] Leaving safepoint region
[2023-11-13T00:56:40.327+0000][2790.059s][info ][safepoint     ] Total time for which application threads were stopped: 0.0003322 seconds, Stopping threads took: 0.0001154 seconds
[2023-11-13T00:56:41.327+0000][2791.059s][debug][safepoint     ] Safepoint synchronization initiated. (224 threads)
[2023-11-13T00:56:41.327+0000][2791.060s][info ][safepoint     ] Application time: 1.0004046 seconds
[2023-11-13T00:56:41.327+0000][2791.060s][info ][safepoint     ] Entering safepoint region: Cleanup
[2023-11-13T00:56:41.328+0000][2791.060s][info ][safepoint     ] Leaving safepoint region
[2023-11-13T00:56:41.328+0000][2791.060s][info ][safepoint     ] Total time for which application threads were stopped: 0.0007465 seconds, Stopping threads took: 0.0001465 seconds
[2023-11-13T00:56:42.328+0000][2792.061s][debug][safepoint     ] Safepoint synchronization initiated. (224 threads)
[2023-11-13T00:56:42.329+0000][2792.061s][info ][safepoint     ] Application time: 1.0005458 seconds
[2023-11-13T00:56:42.329+0000][2792.061s][info ][safepoint     ] Entering safepoint region: Cleanup
[2023-11-13T00:56:42.330+0000][2792.062s][info ][safepoint     ] Leaving safepoint region
[2023-11-13T00:56:42.330+0000][2792.063s][info ][safepoint     ] Total time for which application threads were stopped: 0.0014220 seconds, Stopping threads took: 0.0004043 seconds
[2023-11-13T00:56:43.331+0000][2793.063s][debug][safepoint     ] Safepoint synchronization initiated. (224 threads)
[2023-11-13T00:56:43.331+0000][2793.064s][info ][safepoint     ] Application time: 1.0005475 seconds
[2023-11-13T00:56:43.332+0000][2793.064s][info ][safepoint     ] Entering safepoint region: Cleanup
[2023-11-13T00:56:43.332+0000][2793.065s][info ][safepoint     ] Leaving safepoint region
[2023-11-13T00:56:43.333+0000][2793.065s][info ][safepoint     ] Total time for which application threads were stopped: 0.0009953 seconds, Stopping threads took: 0.0003571 seconds
[2023-11-13T00:56:44.333+0000][2794.065s][debug][safepoint     ] Safepoint synchronization initiated. (224 threads)
[2023-11-13T00:56:44.333+0000][2794.066s][info ][safepoint     ] Application time: 1.0005353 seconds
[2023-11-13T00:56:44.334+0000][2794.066s][info ][safepoint     ] Entering safepoint region: Cleanup
[2023-11-13T00:56:44.334+0000][2794.067s][info ][safepoint     ] Leaving safepoint region
[2023-11-13T00:56:44.335+0000][2794.067s][info ][safepoint     ] Total time for which application threads were stopped: 0.0009584 seconds, Stopping threads took: 0.0003315 seconds
[2023-11-13T00:56:45.335+0000][2795.067s][debug][safepoint     ] Safepoint synchronization initiated. (224 threads)
[2023-11-13T00:56:45.336+0000][2795.068s][info ][safepoint     ] Application time: 1.0008899 seconds
[2023-11-13T00:56:45.336+0000][2795.068s][info ][safepoint     ] Entering safepoint region: Cleanup
[2023-11-13T00:56:45.336+0000][2795.069s][info ][safepoint     ] Leaving safepoint region
[2023-11-13T00:56:45.336+0000][2795.069s][info ][safepoint     ] Total time for which application threads were stopped: 0.0005954 seconds, Stopping threads took: 0.0002618 seconds
[2023-11-13T00:56:46.337+0000][2796.069s][debug][safepoint     ] Safepoint synchronization initiated. (224 threads)
[2023-11-13T00:56:46.337+0000][2796.069s][info ][safepoint     ] Application time: 1.0002559 seconds
[2023-11-13T00:56:46.337+0000][2796.069s][info ][safepoint     ] Entering safepoint region: Cleanup
[2023-11-13T00:56:46.337+0000][2796.070s][info ][safepoint     ] Leaving safepoint region
[2023-11-13T00:56:46.337+0000][2796.070s][info ][safepoint     ] Total time for which application threads were stopped: 0.0006545 seconds, Stopping threads took: 0.0001743 seconds
[2023-11-13T00:56:47.338+0000][2797.070s][debug][safepoint     ] Safepoint synchronization initiated. (224 threads)
[2023-11-13T00:56:47.338+0000][2797.070s][info ][safepoint     ] Application time: 1.0002176 seconds
[2023-11-13T00:56:47.338+0000][2797.070s][info ][safepoint     ] Entering safepoint region: Cleanup
[2023-11-13T00:56:47.338+0000][2797.071s][info ][safepoint     ] Leaving safepoint region
[2023-11-13T00:56:47.338+0000][2797.071s][info ][safepoint     ] Total time for which application threads were stopped: 0.0006299 seconds, Stopping threads took: 0.0001573 seconds
[2023-11-13T00:56:48.338+0000][2798.071s][debug][safepoint     ] Safepoint synchronization initiated. (224 threads)
[2023-11-13T00:56:48.339+0000][2798.071s][info ][safepoint     ] Application time: 1.0001980 seconds
[2023-11-13T00:56:48.339+0000][2798.071s][info ][safepoint     ] Entering safepoint region: Cleanup
[2023-11-13T00:56:48.339+0000][2798.071s][info ][safepoint     ] Leaving safepoint region
[2023-11-13T00:56:48.339+0000][2798.071s][info ][safepoint     ] Total time for which application threads were stopped: 0.0004989 seconds, Stopping threads took: 0.0001129 seconds
[2023-11-13T00:56:49.339+0000][2799.072s][debug][safepoint     ] Safepoint synchronization initiated. (224 threads)
[2023-11-13T00:56:49.339+0000][2799.072s][info ][safepoint     ] Application time: 1.0002676 seconds
[2023-11-13T00:56:49.340+0000][2799.072s][info ][safepoint     ] Entering safepoint region: Cleanup
[2023-11-13T00:56:49.340+0000][2799.072s][info ][safepoint     ] Leaving safepoint region
[2023-11-13T00:56:49.340+0000][2799.072s][info ][safepoint     ] Total time for which application threads were stopped: 0.0007623 seconds, Stopping threads took: 0.0001698 seconds
[2023-11-13T00:56:50.340+0000][2800.073s][debug][safepoint     ] Safepoint synchronization initiated. (224 threads)
[2023-11-13T00:56:50.340+0000][2800.073s][info ][safepoint     ] Application time: 1.0002455 seconds
[2023-11-13T00:56:50.341+0000][2800.073s][info ][safepoint     ] Entering safepoint region: Cleanup
[2023-11-13T00:56:50.341+0000][2800.073s][info ][safepoint     ] Leaving safepoint region
[2023-11-13T00:56:50.341+0000][2800.073s][info ][safepoint     ] Total time for which application threads were stopped: 0.0005646 seconds, Stopping threads took: 0.0001197 seconds
[2023-11-13T00:56:51.341+0000][2801.074s][debug][safepoint     ] Safepoint synchronization initiated. (224 threads)
[2023-11-13T00:56:51.342+0000][2801.074s][info ][safepoint     ] Application time: 1.0011029 seconds
[2023-11-13T00:56:51.343+0000][2801.075s][info ][safepoint     ] Entering safepoint region: Cleanup
[2023-11-13T00:56:51.346+0000][2801.079s][info ][safepoint     ] Leaving safepoint region
[2023-11-13T00:56:51.347+0000][2801.079s][info ][safepoint     ] Total time for which application threads were stopped: 0.0042441 seconds, Stopping threads took: 0.0004046 seconds
[2023-11-13T00:56:52.347+0000][2802.079s][debug][safepoint     ] Safepoint synchronization initiated. (224 threads)
[2023-11-13T00:56:52.348+0000][2802.080s][info ][safepoint     ] Application time: 1.0010391 seconds
[2023-11-13T00:56:52.348+0000][2802.081s][info ][safepoint     ] Entering safepoint region: Cleanup
[2023-11-13T00:56:52.349+0000][2802.082s][info ][safepoint     ] Leaving safepoint region
[2023-11-13T00:56:52.350+0000][2802.082s][info ][safepoint     ] Total time for which application threads were stopped: 0.0013791 seconds, Stopping threads took: 0.0003669 seconds
[2023-11-13T00:56:53.351+0000][2803.084s][debug][safepoint     ] Safepoint synchronization initiated. (224 threads)
[2023-11-13T00:56:53.352+0000][2803.084s][info ][safepoint     ] Application time: 1.0015234 seconds
[2023-11-13T00:56:53.352+0000][2803.084s][info ][safepoint     ] Entering safepoint region: Cleanup
[2023-11-13T00:56:53.352+0000][2803.085s][info ][safepoint     ] Leaving safepoint region
[2023-11-13T00:56:53.352+0000][2803.085s][info ][safepoint     ] Total time for which application threads were stopped: 0.0008317 seconds, Stopping threads took: 0.0001284 seconds
[2023-11-13T00:56:54.353+0000][2804.085s][debug][safepoint     ] Safepoint synchronization initiated. (224 threads)
[2023-11-13T00:56:54.353+0000][2804.085s][info ][safepoint     ] Application time: 1.0001904 seconds
[2023-11-13T00:56:54.353+0000][2804.085s][info ][safepoint     ] Entering safepoint region: Cleanup
[2023-11-13T00:56:54.353+0000][2804.086s][info ][safepoint     ] Leaving safepoint region
[2023-11-13T00:56:54.353+0000][2804.086s][info ][safepoint     ] Total time for which application threads were stopped: 0.0006710 seconds, Stopping threads took: 0.0001276 seconds
[2023-11-13T00:56:55.354+0000][2805.086s][debug][safepoint     ] Safepoint synchronization initiated. (224 threads)
[2023-11-13T00:56:55.354+0000][2805.086s][info ][safepoint     ] Application time: 1.0005629 seconds
[2023-11-13T00:56:55.354+0000][2805.086s][info ][safepoint     ] Entering safepoint region: Cleanup
[2023-11-13T00:56:55.355+0000][2805.087s][info ][safepoint     ] Leaving safepoint region
[2023-11-13T00:56:55.355+0000][2805.087s][info ][safepoint     ] Total time for which application threads were stopped: 0.0008383 seconds, Stopping threads took: 0.0002416 seconds
[2023-11-13T00:56:56.356+0000][2806.088s][debug][safepoint     ] Safepoint synchronization initiated. (224 threads)
[2023-11-13T00:56:56.356+0000][2806.088s][info ][safepoint     ] Application time: 1.0007864 seconds
[2023-11-13T00:56:56.356+0000][2806.088s][info ][safepoint     ] Entering safepoint region: Cleanup
[2023-11-13T00:56:56.357+0000][2806.089s][info ][safepoint     ] Leaving safepoint region
[2023-11-13T00:56:56.357+0000][2806.089s][info ][safepoint     ] Total time for which application threads were stopped: 0.0009720 seconds, Stopping threads took: 0.0001394 seconds
[2023-11-13T00:56:57.357+0000][2807.089s][debug][safepoint     ] Safepoint synchronization initiated. (224 threads)
[2023-11-13T00:56:57.358+0000][2807.090s][info ][safepoint     ] Application time: 1.0006347 seconds
[2023-11-13T00:56:57.358+0000][2807.090s][info ][safepoint     ] Entering safepoint region: Cleanup
[2023-11-13T00:56:57.359+0000][2807.091s][info ][safepoint     ] Leaving safepoint region
[2023-11-13T00:56:57.359+0000][2807.092s][info ][safepoint     ] Total time for which application threads were stopped: 0.0015700 seconds, Stopping threads took: 0.0004939 seconds
[2023-11-13T00:56:58.361+0000][2808.093s][debug][safepoint     ] Safepoint synchronization initiated. (224 threads)
[2023-11-13T00:56:58.361+0000][2808.093s][info ][safepoint     ] Application time: 1.0013053 seconds
[2023-11-13T00:56:58.361+0000][2808.093s][info ][safepoint     ] Entering safepoint region: Cleanup
[2023-11-13T00:56:58.362+0000][2808.094s][info ][safepoint     ] Leaving safepoint region
[2023-11-13T00:56:58.362+0000][2808.094s][info ][safepoint     ] Total time for which application threads were stopped: 0.0009852 seconds, Stopping threads took: 0.0001698 seconds
[2023-11-13T00:56:59.362+0000][2809.094s][debug][safepoint     ] Safepoint synchronization initiated. (224 threads)
[2023-11-13T00:56:59.362+0000][2809.095s][info ][safepoint     ] Application time: 1.0002008 seconds
[2023-11-13T00:56:59.362+0000][2809.095s][info ][safepoint     ] Entering safepoint region: Cleanup
[2023-11-13T00:56:59.363+0000][2809.095s][info ][safepoint     ] Leaving safepoint region
[2023-11-13T00:56:59.363+0000][2809.095s][info ][safepoint     ] Total time for which application threads were stopped: 0.0006240 seconds, Stopping threads took: 0.0000986 seconds
[2023-11-13T00:57:00.363+0000][2810.096s][debug][safepoint     ] Safepoint synchronization initiated. (224 threads)
[2023-11-13T00:57:00.363+0000][2810.096s][info ][safepoint     ] Application time: 1.0005331 seconds
[2023-11-13T00:57:00.364+0000][2810.096s][info ][safepoint     ] Entering safepoint region: Cleanup
[2023-11-13T00:57:00.364+0000][2810.096s][info ][safepoint     ] Leaving safepoint region
[2023-11-13T00:57:00.364+0000][2810.096s][info ][safepoint     ] Total time for which application threads were stopped: 0.0006298 seconds, Stopping threads took: 0.0001036 seconds
[2023-11-13T00:57:01.372+0000][2811.104s][debug][safepoint     ] Safepoint synchronization initiated. (224 threads)
[2023-11-13T00:57:01.372+0000][2811.104s][info ][safepoint     ] Application time: 1.0079367 seconds
[2023-11-13T00:57:01.372+0000][2811.104s][info ][safepoint     ] Entering safepoint region: Cleanup
[2023-11-13T00:57:01.373+0000][2811.105s][info ][safepoint     ] Leaving safepoint region
[2023-11-13T00:57:01.373+0000][2811.105s][info ][safepoint     ] Total time for which application threads were stopped: 0.0005567 seconds, Stopping threads took: 0.0001047 seconds
[2023-11-13T00:57:02.373+0000][2812.105s][debug][safepoint     ] Safepoint synchronization initiated. (224 threads)
[2023-11-13T00:57:02.373+0000][2812.105s][info ][safepoint     ] Application time: 1.0002558 seconds
[2023-11-13T00:57:02.374+0000][2812.106s][info ][safepoint     ] Entering safepoint region: Cleanup
[2023-11-13T00:57:02.375+0000][2812.107s][info ][safepoint     ] Leaving safepoint region
[2023-11-13T00:57:02.375+0000][2812.107s][info ][safepoint     ] Total time for which application threads were stopped: 0.0008878 seconds, Stopping threads took: 0.0001630 seconds
[2023-11-13T00:57:03.375+0000][2813.107s][debug][safepoint     ] Safepoint synchronization initiated. (224 threads)
[2023-11-13T00:57:03.375+0000][2813.107s][info ][safepoint     ] Application time: 1.0001606 seconds
[2023-11-13T00:57:03.375+0000][2813.107s][info ][safepoint     ] Entering safepoint region: Cleanup
[2023-11-13T00:57:03.375+0000][2813.107s][info ][safepoint     ] Leaving safepoint region
[2023-11-13T00:57:03.375+0000][2813.107s][info ][safepoint     ] Total time for which application threads were stopped: 0.0003752 seconds, Stopping threads took: 0.0000983 seconds
[2023-11-13T00:57:04.377+0000][2814.109s][debug][safepoint     ] Safepoint synchronization initiated. (224 threads)
[2023-11-13T00:57:04.377+0000][2814.109s][info ][safepoint     ] Application time: 1.0016334 seconds
[2023-11-13T00:57:04.377+0000][2814.109s][info ][safepoint     ] Entering safepoint region: Cleanup
[2023-11-13T00:57:04.378+0000][2814.111s][info ][safepoint     ] Leaving safepoint region
[2023-11-13T00:57:04.379+0000][2814.111s][info ][safepoint     ] Total time for which application threads were stopped: 0.0016397 seconds, Stopping threads took: 0.0001487 seconds
[2023-11-13T00:57:05.379+0000][2815.111s][debug][safepoint     ] Safepoint synchronization initiated. (224 threads)
[2023-11-13T00:57:05.379+0000][2815.111s][info ][safepoint     ] Application time: 1.0002861 seconds
[2023-11-13T00:57:05.379+0000][2815.111s][info ][safepoint     ] Entering safepoint region: Cleanup
[2023-11-13T00:57:05.379+0000][2815.112s][info ][safepoint     ] Leaving safepoint region
[2023-11-13T00:57:05.379+0000][2815.112s][info ][safepoint     ] Total time for which application threads were stopped: 0.0005286 seconds, Stopping threads took: 0.0001320 seconds
[2023-11-13T00:57:06.380+0000][2816.112s][debug][safepoint     ] Safepoint synchronization initiated. (224 threads)
[2023-11-13T00:57:06.380+0000][2816.112s][info ][safepoint     ] Application time: 1.0007395 seconds
[2023-11-13T00:57:06.380+0000][2816.113s][info ][safepoint     ] Entering safepoint region: Cleanup
[2023-11-13T00:57:06.381+0000][2816.113s][info ][safepoint     ] Leaving safepoint region
[2023-11-13T00:57:06.381+0000][2816.114s][info ][safepoint     ] Total time for which application threads were stopped: 0.0011334 seconds, Stopping threads took: 0.0001511 seconds
[2023-11-13T00:57:07.382+0000][2817.114s][debug][safepoint     ] Safepoint synchronization initiated. (224 threads)
[2023-11-13T00:57:07.382+0000][2817.114s][info ][safepoint     ] Application time: 1.0003023 seconds
[2023-11-13T00:57:07.382+0000][2817.114s][info ][safepoint     ] Entering safepoint region: Cleanup
[2023-11-13T00:57:07.383+0000][2817.115s][info ][safepoint     ] Leaving safepoint region
[2023-11-13T00:57:07.383+0000][2817.115s][info ][safepoint     ] Total time for which application threads were stopped: 0.0006902 seconds, Stopping threads took: 0.0001867 seconds
[2023-11-13T00:57:08.383+0000][2818.115s][debug][safepoint     ] Safepoint synchronization initiated. (224 threads)
[2023-11-13T00:57:08.383+0000][2818.115s][info ][safepoint     ] Application time: 1.0003196 seconds
[2023-11-13T00:57:08.383+0000][2818.116s][info ][safepoint     ] Entering safepoint region: Cleanup
[2023-11-13T00:57:08.384+0000][2818.116s][info ][safepoint     ] Leaving safepoint region
[2023-11-13T00:57:08.384+0000][2818.116s][info ][safepoint     ] Total time for which application threads were stopped: 0.0005718 seconds, Stopping threads took: 0.0001493 seconds
[2023-11-13T00:57:09.384+0000][2819.116s][debug][safepoint     ] Safepoint synchronization initiated. (224 threads)
[2023-11-13T00:57:09.384+0000][2819.116s][info ][safepoint     ] Application time: 1.0002263 seconds
[2023-11-13T00:57:09.384+0000][2819.116s][info ][safepoint     ] Entering safepoint region: Cleanup
[2023-11-13T00:57:09.385+0000][2819.117s][info ][safepoint     ] Leaving safepoint region
[2023-11-13T00:57:09.385+0000][2819.117s][info ][safepoint     ] Total time for which application threads were stopped: 0.0005567 seconds, Stopping threads took: 0.0001299 seconds
[2023-11-13T00:57:10.385+0000][2820.117s][debug][safepoint     ] Safepoint synchronization initiated. (221 threads)
[2023-11-13T00:57:10.385+0000][2820.117s][info ][safepoint     ] Application time: 1.0002421 seconds
[2023-11-13T00:57:10.385+0000][2820.117s][info ][safepoint     ] Entering safepoint region: Cleanup
[2023-11-13T00:57:10.385+0000][2820.118s][info ][safepoint     ] Leaving safepoint region
[2023-11-13T00:57:10.385+0000][2820.118s][info ][safepoint     ] Total time for which application threads were stopped: 0.0005990 seconds, Stopping threads took: 0.0001433 seconds
[2023-11-13T00:57:11.386+0000][2821.118s][debug][safepoint     ] Safepoint synchronization initiated. (221 threads)
[2023-11-13T00:57:11.386+0000][2821.118s][info ][safepoint     ] Application time: 1.0002524 seconds
[2023-11-13T00:57:11.386+0000][2821.118s][info ][safepoint     ] Entering safepoint region: Cleanup
[2023-11-13T00:57:11.386+0000][2821.119s][info ][safepoint     ] Leaving safepoint region
[2023-11-13T00:57:11.386+0000][2821.119s][info ][safepoint     ] Total time for which application threads were stopped: 0.0006171 seconds, Stopping threads took: 0.0001466 seconds
[2023-11-13T00:57:12.387+0000][2822.119s][debug][safepoint     ] Safepoint synchronization initiated. (221 threads)
[2023-11-13T00:57:12.387+0000][2822.119s][info ][safepoint     ] Application time: 1.0002301 seconds
[2023-11-13T00:57:12.387+0000][2822.120s][info ][safepoint     ] Entering safepoint region: Cleanup
[2023-11-13T00:57:12.388+0000][2822.120s][info ][safepoint     ] Leaving safepoint region
[2023-11-13T00:57:12.388+0000][2822.120s][info ][safepoint     ] Total time for which application threads were stopped: 0.0011796 seconds, Stopping threads took: 0.0007273 seconds
[2023-11-13T00:57:13.389+0000][2823.122s][debug][safepoint     ] Safepoint synchronization initiated. (221 threads)
[2023-11-13T00:57:13.390+0000][2823.122s][info ][safepoint     ] Application time: 1.0016392 seconds
[2023-11-13T00:57:13.390+0000][2823.122s][info ][safepoint     ] Entering safepoint region: Cleanup
[2023-11-13T00:57:13.390+0000][2823.122s][info ][safepoint     ] Leaving safepoint region
[2023-11-13T00:57:13.390+0000][2823.123s][info ][safepoint     ] Total time for which application threads were stopped: 0.0006232 seconds, Stopping threads took: 0.0001482 seconds
[2023-11-13T00:57:14.390+0000][2824.123s][debug][safepoint     ] Safepoint synchronization initiated. (221 threads)
[2023-11-13T00:57:14.390+0000][2824.123s][info ][safepoint     ] Application time: 1.0002177 seconds
[2023-11-13T00:57:14.391+0000][2824.123s][info ][safepoint     ] Entering safepoint region: Cleanup
[2023-11-13T00:57:14.391+0000][2824.123s][info ][safepoint     ] Leaving safepoint region
[2023-11-13T00:57:14.391+0000][2824.123s][info ][safepoint     ] Total time for which application threads were stopped: 0.0004748 seconds, Stopping threads took: 0.0001333 seconds
[2023-11-13T00:57:15.394+0000][2825.126s][debug][safepoint     ] Safepoint synchronization initiated. (221 threads)
[2023-11-13T00:57:15.394+0000][2825.126s][info ][safepoint     ] Application time: 1.0030844 seconds
[2023-11-13T00:57:15.394+0000][2825.126s][info ][safepoint     ] Entering safepoint region: Cleanup
[2023-11-13T00:57:15.395+0000][2825.127s][info ][safepoint     ] Leaving safepoint region
[2023-11-13T00:57:15.395+0000][2825.127s][info ][safepoint     ] Total time for which application threads were stopped: 0.0004060 seconds, Stopping threads took: 0.0001062 seconds
[2023-11-13T00:57:16.395+0000][2826.127s][debug][safepoint     ] Safepoint synchronization initiated. (221 threads)
[2023-11-13T00:57:16.395+0000][2826.127s][info ][safepoint     ] Application time: 1.0002047 seconds
[2023-11-13T00:57:16.395+0000][2826.127s][info ][safepoint     ] Entering safepoint region: Cleanup
[2023-11-13T00:57:16.395+0000][2826.127s][info ][safepoint     ] Leaving safepoint region
[2023-11-13T00:57:16.395+0000][2826.127s][info ][safepoint     ] Total time for which application threads were stopped: 0.0004228 seconds, Stopping threads took: 0.0001001 seconds
[2023-11-13T00:57:17.395+0000][2827.128s][debug][safepoint     ] Safepoint synchronization initiated. (221 threads)
[2023-11-13T00:57:17.395+0000][2827.128s][info ][safepoint     ] Application time: 1.0002353 seconds
[2023-11-13T00:57:17.396+0000][2827.128s][info ][safepoint     ] Entering safepoint region: Cleanup
[2023-11-13T00:57:17.396+0000][2827.128s][info ][safepoint     ] Leaving safepoint region
[2023-11-13T00:57:17.396+0000][2827.128s][info ][safepoint     ] Total time for which application threads were stopped: 0.0003283 seconds, Stopping threads took: 0.0000875 seconds
[2023-11-13T00:57:18.396+0000][2828.128s][debug][safepoint     ] Safepoint synchronization initiated. (221 threads)
[2023-11-13T00:57:18.396+0000][2828.128s][info ][safepoint     ] Application time: 1.0001651 seconds
[2023-11-13T00:57:18.396+0000][2828.128s][info ][safepoint     ] Entering safepoint region: Cleanup
[2023-11-13T00:57:18.396+0000][2828.129s][info ][safepoint     ] Leaving safepoint region
[2023-11-13T00:57:18.396+0000][2828.129s][info ][safepoint     ] Total time for which application threads were stopped: 0.0003124 seconds, Stopping threads took: 0.0000920 seconds
[2023-11-13T00:57:19.396+0000][2829.129s][debug][safepoint     ] Safepoint synchronization initiated. (221 threads)
[2023-11-13T00:57:19.397+0000][2829.129s][info ][safepoint     ] Application time: 1.0005586 seconds
[2023-11-13T00:57:19.397+0000][2829.130s][info ][safepoint     ] Entering safepoint region: Cleanup
[2023-11-13T00:57:19.398+0000][2829.130s][info ][safepoint     ] Leaving safepoint region
[2023-11-13T00:57:19.398+0000][2829.131s][info ][safepoint     ] Total time for which application threads were stopped: 0.0012518 seconds, Stopping threads took: 0.0003970 seconds
[2023-11-13T00:57:20.399+0000][2830.131s][debug][safepoint     ] Safepoint synchronization initiated. (221 threads)
[2023-11-13T00:57:20.399+0000][2830.131s][info ][safepoint     ] Application time: 1.0001995 seconds
[2023-11-13T00:57:20.399+0000][2830.131s][info ][safepoint     ] Entering safepoint region: Cleanup
[2023-11-13T00:57:20.399+0000][2830.132s][info ][safepoint     ] Leaving safepoint region
[2023-11-13T00:57:20.399+0000][2830.132s][info ][safepoint     ] Total time for which application threads were stopped: 0.0005432 seconds, Stopping threads took: 0.0001217 seconds
[2023-11-13T00:57:21.400+0000][2831.132s][debug][safepoint     ] Safepoint synchronization initiated. (221 threads)
[2023-11-13T00:57:21.400+0000][2831.132s][info ][safepoint     ] Application time: 1.0001621 seconds
[2023-11-13T00:57:21.400+0000][2831.132s][info ][safepoint     ] Entering safepoint region: Cleanup
[2023-11-13T00:57:21.400+0000][2831.132s][info ][safepoint     ] Leaving safepoint region
[2023-11-13T00:57:21.400+0000][2831.132s][info ][safepoint     ] Total time for which application threads were stopped: 0.0003823 seconds, Stopping threads took: 0.0001132 seconds
[2023-11-13T00:57:22.400+0000][2832.132s][debug][safepoint     ] Safepoint synchronization initiated. (221 threads)
[2023-11-13T00:57:22.401+0000][2832.133s][info ][safepoint     ] Application time: 1.0005886 seconds
[2023-11-13T00:57:22.401+0000][2832.133s][info ][safepoint     ] Entering safepoint region: Cleanup
[2023-11-13T00:57:22.401+0000][2832.133s][info ][safepoint     ] Leaving safepoint region
[2023-11-13T00:57:22.401+0000][2832.133s][info ][safepoint     ] Total time for which application threads were stopped: 0.0003221 seconds, Stopping threads took: 0.0000891 seconds
[2023-11-13T00:57:23.401+0000][2833.133s][debug][safepoint     ] Safepoint synchronization initiated. (221 threads)
[2023-11-13T00:57:23.401+0000][2833.134s][info ][safepoint     ] Application time: 1.0002505 seconds
[2023-11-13T00:57:23.401+0000][2833.134s][info ][safepoint     ] Entering safepoint region: Cleanup
[2023-11-13T00:57:23.402+0000][2833.134s][info ][safepoint     ] Leaving safepoint region
[2023-11-13T00:57:23.402+0000][2833.134s][info ][safepoint     ] Total time for which application threads were stopped: 0.0006942 seconds, Stopping threads took: 0.0001399 seconds
[2023-11-13T00:57:24.402+0000][2834.134s][debug][safepoint     ] Safepoint synchronization initiated. (221 threads)
[2023-11-13T00:57:24.402+0000][2834.135s][info ][safepoint     ] Application time: 1.0001524 seconds
[2023-11-13T00:57:24.402+0000][2834.135s][info ][safepoint     ] Entering safepoint region: Cleanup
[2023-11-13T00:57:24.403+0000][2834.135s][info ][safepoint     ] Leaving safepoint region
[2023-11-13T00:57:24.403+0000][2834.135s][info ][safepoint     ] Total time for which application threads were stopped: 0.0003620 seconds, Stopping threads took: 0.0000816 seconds
[2023-11-13T00:57:25.403+0000][2835.135s][debug][safepoint     ] Safepoint synchronization initiated. (221 threads)
[2023-11-13T00:57:25.403+0000][2835.135s][info ][safepoint     ] Application time: 1.0001631 seconds
[2023-11-13T00:57:25.403+0000][2835.135s][info ][safepoint     ] Entering safepoint region: Cleanup
[2023-11-13T00:57:25.403+0000][2835.135s][info ][safepoint     ] Leaving safepoint region
[2023-11-13T00:57:25.403+0000][2835.136s][info ][safepoint     ] Total time for which application threads were stopped: 0.0004426 seconds, Stopping threads took: 0.0001109 seconds
[2023-11-13T00:57:26.403+0000][2836.136s][debug][safepoint     ] Safepoint synchronization initiated. (221 threads)
[2023-11-13T00:57:26.403+0000][2836.136s][info ][safepoint     ] Application time: 1.0001691 seconds
[2023-11-13T00:57:26.404+0000][2836.136s][info ][safepoint     ] Entering safepoint region: Cleanup
[2023-11-13T00:57:26.404+0000][2836.136s][info ][safepoint     ] Leaving safepoint region
[2023-11-13T00:57:26.404+0000][2836.136s][info ][safepoint     ] Total time for which application threads were stopped: 0.0005092 seconds, Stopping threads took: 0.0000785 seconds
[2023-11-13T00:57:27.404+0000][2837.136s][debug][safepoint     ] Safepoint synchronization initiated. (221 threads)
[2023-11-13T00:57:27.404+0000][2837.137s][info ][safepoint     ] Application time: 1.0001563 seconds
[2023-11-13T00:57:27.404+0000][2837.137s][info ][safepoint     ] Entering safepoint region: Cleanup
[2023-11-13T00:57:27.405+0000][2837.137s][info ][safepoint     ] Leaving safepoint region
[2023-11-13T00:57:27.405+0000][2837.137s][info ][safepoint     ] Total time for which application threads were stopped: 0.0005467 seconds, Stopping threads took: 0.0000955 seconds
[2023-11-13T00:57:28.405+0000][2838.137s][debug][safepoint     ] Safepoint synchronization initiated. (221 threads)
[2023-11-13T00:57:28.405+0000][2838.137s][info ][safepoint     ] Application time: 1.0003430 seconds
[2023-11-13T00:57:28.405+0000][2838.138s][info ][safepoint     ] Entering safepoint region: Cleanup
[2023-11-13T00:57:28.406+0000][2838.138s][info ][safepoint     ] Leaving safepoint region
[2023-11-13T00:57:28.406+0000][2838.138s][info ][safepoint     ] Total time for which application threads were stopped: 0.0006072 seconds, Stopping threads took: 0.0001974 seconds
[2023-11-13T00:57:29.406+0000][2839.138s][debug][safepoint     ] Safepoint synchronization initiated. (221 threads)
[2023-11-13T00:57:29.407+0000][2839.139s][info ][safepoint     ] Application time: 1.0006437 seconds
[2023-11-13T00:57:29.407+0000][2839.139s][info ][safepoint     ] Entering safepoint region: Cleanup
[2023-11-13T00:57:29.408+0000][2839.140s][info ][safepoint     ] Leaving safepoint region
[2023-11-13T00:57:29.408+0000][2839.141s][info ][safepoint     ] Total time for which application threads were stopped: 0.0011952 seconds, Stopping threads took: 0.0004042 seconds
[2023-11-13T00:57:30.409+0000][2840.142s][debug][safepoint     ] Safepoint synchronization initiated. (221 threads)
[2023-11-13T00:57:30.409+0000][2840.142s][info ][safepoint     ] Application time: 1.0009107 seconds
[2023-11-13T00:57:30.410+0000][2840.142s][info ][safepoint     ] Entering safepoint region: Cleanup
[2023-11-13T00:57:30.410+0000][2840.142s][info ][safepoint     ] Leaving safepoint region
[2023-11-13T00:57:30.410+0000][2840.142s][info ][safepoint     ] Total time for which application threads were stopped: 0.0005449 seconds, Stopping threads took: 0.0000860 seconds
[2023-11-13T00:57:31.410+0000][2841.143s][debug][safepoint     ] Safepoint synchronization initiated. (221 threads)
[2023-11-13T00:57:31.410+0000][2841.143s][info ][safepoint     ] Application time: 1.0003175 seconds
[2023-11-13T00:57:31.410+0000][2841.143s][info ][safepoint     ] Entering safepoint region: Cleanup
[2023-11-13T00:57:31.411+0000][2841.143s][info ][safepoint     ] Leaving safepoint region
[2023-11-13T00:57:31.411+0000][2841.143s][info ][safepoint     ] Total time for which application threads were stopped: 0.0005108 seconds, Stopping threads took: 0.0000900 seconds
[2023-11-13T00:57:32.411+0000][2842.143s][debug][safepoint     ] Safepoint synchronization initiated. (221 threads)
[2023-11-13T00:57:32.411+0000][2842.143s][info ][safepoint     ] Application time: 1.0001487 seconds
[2023-11-13T00:57:32.411+0000][2842.143s][info ][safepoint     ] Entering safepoint region: Cleanup
[2023-11-13T00:57:32.411+0000][2842.144s][info ][safepoint     ] Leaving safepoint region
[2023-11-13T00:57:32.411+0000][2842.144s][info ][safepoint     ] Total time for which application threads were stopped: 0.0003226 seconds, Stopping threads took: 0.0000907 seconds
[2023-11-13T00:57:33.412+0000][2843.144s][debug][safepoint     ] Safepoint synchronization initiated. (221 threads)
[2023-11-13T00:57:33.412+0000][2843.144s][info ][safepoint     ] Application time: 1.0006814 seconds
[2023-11-13T00:57:33.412+0000][2843.144s][info ][safepoint     ] Entering safepoint region: Cleanup
[2023-11-13T00:57:33.412+0000][2843.145s][info ][safepoint     ] Leaving safepoint region
[2023-11-13T00:57:33.412+0000][2843.145s][info ][safepoint     ] Total time for which application threads were stopped: 0.0003231 seconds, Stopping threads took: 0.0000894 seconds
[2023-11-13T00:57:34.413+0000][2844.145s][debug][safepoint     ] Safepoint synchronization initiated. (221 threads)
[2023-11-13T00:57:34.413+0000][2844.145s][info ][safepoint     ] Application time: 1.0003741 seconds
[2023-11-13T00:57:34.413+0000][2844.145s][info ][safepoint     ] Entering safepoint region: Cleanup
[2023-11-13T00:57:34.413+0000][2844.145s][info ][safepoint     ] Leaving safepoint region
[2023-11-13T00:57:34.413+0000][2844.145s][info ][safepoint     ] Total time for which application threads were stopped: 0.0003501 seconds, Stopping threads took: 0.0000901 seconds
[2023-11-13T00:57:35.413+0000][2845.146s][debug][safepoint     ] Safepoint synchronization initiated. (221 threads)
[2023-11-13T00:57:35.413+0000][2845.146s][info ][safepoint     ] Application time: 1.0002053 seconds
[2023-11-13T00:57:35.413+0000][2845.146s][info ][safepoint     ] Entering safepoint region: Cleanup
[2023-11-13T00:57:35.414+0000][2845.146s][info ][safepoint     ] Leaving safepoint region
[2023-11-13T00:57:35.414+0000][2845.146s][info ][safepoint     ] Total time for which application threads were stopped: 0.0003681 seconds, Stopping threads took: 0.0000908 seconds
[2023-11-13T00:57:36.414+0000][2846.146s][debug][safepoint     ] Safepoint synchronization initiated. (221 threads)
[2023-11-13T00:57:36.414+0000][2846.146s][info ][safepoint     ] Application time: 1.0001711 seconds
[2023-11-13T00:57:36.414+0000][2846.146s][info ][safepoint     ] Entering safepoint region: Cleanup
[2023-11-13T00:57:36.414+0000][2846.147s][info ][safepoint     ] Leaving safepoint region
[2023-11-13T00:57:36.414+0000][2846.147s][info ][safepoint     ] Total time for which application threads were stopped: 0.0003596 seconds, Stopping threads took: 0.0000854 seconds
[2023-11-13T00:57:37.415+0000][2847.147s][debug][safepoint     ] Safepoint synchronization initiated. (221 threads)
[2023-11-13T00:57:37.415+0000][2847.147s][info ][safepoint     ] Application time: 1.0004626 seconds
[2023-11-13T00:57:37.415+0000][2847.147s][info ][safepoint     ] Entering safepoint region: Cleanup
[2023-11-13T00:57:37.415+0000][2847.147s][info ][safepoint     ] Leaving safepoint region
[2023-11-13T00:57:37.415+0000][2847.147s][info ][safepoint     ] Total time for which application threads were stopped: 0.0003394 seconds, Stopping threads took: 0.0000871 seconds
[2023-11-13T00:57:38.418+0000][2848.150s][debug][safepoint     ] Safepoint synchronization initiated. (221 threads)
[2023-11-13T00:57:38.418+0000][2848.150s][info ][safepoint     ] Application time: 1.0028372 seconds
[2023-11-13T00:57:38.418+0000][2848.150s][info ][safepoint     ] Entering safepoint region: Cleanup
[2023-11-13T00:57:38.419+0000][2848.151s][info ][safepoint     ] Leaving safepoint region
[2023-11-13T00:57:38.419+0000][2848.151s][info ][safepoint     ] Total time for which application threads were stopped: 0.0005195 seconds, Stopping threads took: 0.0000907 seconds
[2023-11-13T00:57:39.423+0000][2849.156s][debug][safepoint     ] Safepoint synchronization initiated. (221 threads)
[2023-11-13T00:57:39.423+0000][2849.156s][info ][safepoint     ] Application time: 1.0048119 seconds
[2023-11-13T00:57:39.423+0000][2849.156s][info ][safepoint     ] Entering safepoint region: Cleanup
[2023-11-13T00:57:39.424+0000][2849.156s][info ][safepoint     ] Leaving safepoint region
[2023-11-13T00:57:39.424+0000][2849.156s][info ][safepoint     ] Total time for which application threads were stopped: 0.0003096 seconds, Stopping threads took: 0.0000876 seconds
[2023-11-13T00:57:40.424+0000][2850.156s][debug][safepoint     ] Safepoint synchronization initiated. (221 threads)
[2023-11-13T00:57:40.424+0000][2850.156s][info ][safepoint     ] Application time: 1.0001730 seconds
[2023-11-13T00:57:40.424+0000][2850.156s][info ][safepoint     ] Entering safepoint region: Cleanup
[2023-11-13T00:57:40.424+0000][2850.157s][info ][safepoint     ] Leaving safepoint region
[2023-11-13T00:57:40.424+0000][2850.157s][info ][safepoint     ] Total time for which application threads were stopped: 0.0003257 seconds, Stopping threads took: 0.0000930 seconds
[2023-11-13T00:57:41.424+0000][2851.157s][debug][safepoint     ] Safepoint synchronization initiated. (221 threads)
[2023-11-13T00:57:41.424+0000][2851.157s][info ][safepoint     ] Application time: 1.0001555 seconds
[2023-11-13T00:57:41.425+0000][2851.157s][info ][safepoint     ] Entering safepoint region: Cleanup
[2023-11-13T00:57:41.425+0000][2851.157s][info ][safepoint     ] Leaving safepoint region
[2023-11-13T00:57:41.425+0000][2851.157s][info ][safepoint     ] Total time for which application threads were stopped: 0.0005175 seconds, Stopping threads took: 0.0000894 seconds
[2023-11-13T00:57:42.425+0000][2852.157s][debug][safepoint     ] Safepoint synchronization initiated. (221 threads)
[2023-11-13T00:57:42.425+0000][2852.158s][info ][safepoint     ] Application time: 1.0002522 seconds
[2023-11-13T00:57:42.425+0000][2852.158s][info ][safepoint     ] Entering safepoint region: Cleanup
[2023-11-13T00:57:42.426+0000][2852.158s][info ][safepoint     ] Leaving safepoint region
[2023-11-13T00:57:42.426+0000][2852.158s][info ][safepoint     ] Total time for which application threads were stopped: 0.0008609 seconds, Stopping threads took: 0.0001246 seconds
[2023-11-13T00:57:43.426+0000][2853.159s][debug][safepoint     ] Safepoint synchronization initiated. (221 threads)
[2023-11-13T00:57:43.426+0000][2853.159s][info ][safepoint     ] Application time: 1.0002423 seconds
[2023-11-13T00:57:43.427+0000][2853.159s][info ][safepoint     ] Entering safepoint region: Cleanup
[2023-11-13T00:57:43.427+0000][2853.159s][info ][safepoint     ] Leaving safepoint region
[2023-11-13T00:57:43.427+0000][2853.159s][info ][safepoint     ] Total time for which application threads were stopped: 0.0003979 seconds, Stopping threads took: 0.0000990 seconds
[2023-11-13T00:57:44.427+0000][2854.159s][debug][safepoint     ] Safepoint synchronization initiated. (221 threads)
[2023-11-13T00:57:44.427+0000][2854.159s][info ][safepoint     ] Application time: 1.0001884 seconds
[2023-11-13T00:57:44.427+0000][2854.159s][info ][safepoint     ] Entering safepoint region: Cleanup
[2023-11-13T00:57:44.427+0000][2854.160s][info ][safepoint     ] Leaving safepoint region
[2023-11-13T00:57:44.427+0000][2854.160s][info ][safepoint     ] Total time for which application threads were stopped: 0.0004337 seconds, Stopping threads took: 0.0000879 seconds
[2023-11-13T00:57:45.428+0000][2855.160s][debug][safepoint     ] Safepoint synchronization initiated. (221 threads)
[2023-11-13T00:57:45.428+0000][2855.160s][info ][safepoint     ] Application time: 1.0001720 seconds
[2023-11-13T00:57:45.428+0000][2855.160s][info ][safepoint     ] Entering safepoint region: Cleanup
[2023-11-13T00:57:45.428+0000][2855.161s][info ][safepoint     ] Leaving safepoint region
[2023-11-13T00:57:45.428+0000][2855.161s][info ][safepoint     ] Total time for which application threads were stopped: 0.0008077 seconds, Stopping threads took: 0.0000812 seconds
[2023-11-13T00:57:46.429+0000][2856.161s][debug][safepoint     ] Safepoint synchronization initiated. (221 threads)
[2023-11-13T00:57:46.429+0000][2856.161s][info ][safepoint     ] Application time: 1.0001738 seconds
[2023-11-13T00:57:46.429+0000][2856.161s][info ][safepoint     ] Entering safepoint region: Cleanup
[2023-11-13T00:57:46.429+0000][2856.161s][info ][safepoint     ] Leaving safepoint region
[2023-11-13T00:57:46.429+0000][2856.161s][info ][safepoint     ] Total time for which application threads were stopped: 0.0003488 seconds, Stopping threads took: 0.0000858 seconds
[2023-11-13T00:57:47.429+0000][2857.161s][debug][safepoint     ] Safepoint synchronization initiated. (221 threads)
[2023-11-13T00:57:47.429+0000][2857.161s][info ][safepoint     ] Application time: 1.0001651 seconds
[2023-11-13T00:57:47.429+0000][2857.162s][info ][safepoint     ] Entering safepoint region: Cleanup
[2023-11-13T00:57:47.430+0000][2857.162s][info ][safepoint     ] Leaving safepoint region
[2023-11-13T00:57:47.430+0000][2857.162s][info ][safepoint     ] Total time for which application threads were stopped: 0.0006446 seconds, Stopping threads took: 0.0000904 seconds
[2023-11-13T00:57:48.430+0000][2858.162s][debug][safepoint     ] Safepoint synchronization initiated. (221 threads)
[2023-11-13T00:57:48.431+0000][2858.163s][info ][safepoint     ] Application time: 1.0010346 seconds
[2023-11-13T00:57:48.431+0000][2858.163s][info ][safepoint     ] Entering safepoint region: Cleanup
[2023-11-13T00:57:48.432+0000][2858.164s][info ][safepoint     ] Leaving safepoint region
[2023-11-13T00:57:48.432+0000][2858.164s][info ][safepoint     ] Total time for which application threads were stopped: 0.0006417 seconds, Stopping threads took: 0.0002125 seconds
[2023-11-13T00:57:49.432+0000][2859.164s][debug][safepoint     ] Safepoint synchronization initiated. (221 threads)
[2023-11-13T00:57:49.432+0000][2859.164s][info ][safepoint     ] Application time: 1.0001678 seconds
[2023-11-13T00:57:49.432+0000][2859.164s][info ][safepoint     ] Entering safepoint region: Cleanup
[2023-11-13T00:57:49.432+0000][2859.165s][info ][safepoint     ] Leaving safepoint region
[2023-11-13T00:57:49.432+0000][2859.165s][info ][safepoint     ] Total time for which application threads were stopped: 0.0004216 seconds, Stopping threads took: 0.0000900 seconds
[2023-11-13T00:57:50.433+0000][2860.165s][debug][safepoint     ] Safepoint synchronization initiated. (221 threads)
[2023-11-13T00:57:50.433+0000][2860.165s][info ][safepoint     ] Application time: 1.0001904 seconds
[2023-11-13T00:57:50.433+0000][2860.165s][info ][safepoint     ] Entering safepoint region: Cleanup
[2023-11-13T00:57:50.433+0000][2860.165s][info ][safepoint     ] Leaving safepoint region
[2023-11-13T00:57:50.433+0000][2860.165s][info ][safepoint     ] Total time for which application threads were stopped: 0.0004086 seconds, Stopping threads took: 0.0000967 seconds
[2023-11-13T00:57:51.438+0000][2861.170s][debug][safepoint     ] Safepoint synchronization initiated. (221 threads)
[2023-11-13T00:57:51.438+0000][2861.170s][info ][safepoint     ] Application time: 1.0049408 seconds
[2023-11-13T00:57:51.438+0000][2861.170s][debug][safepoint     ] ... found polling page return exception at pc = 0x00007f379922a1b7, stub =0x00007f3790841800
[2023-11-13T00:57:51.438+0000][2861.170s][debug][safepoint     ] Waiting for 1 thread(s) to block
[2023-11-13T00:57:51.441+0000][2861.173s][info ][safepoint     ] Entering safepoint region: Cleanup
[2023-11-13T00:57:51.441+0000][2861.174s][info ][safepoint     ] Leaving safepoint region
[2023-11-13T00:57:51.441+0000][2861.174s][info ][safepoint     ] Total time for which application threads were stopped: 0.0032197 seconds, Stopping threads took: 0.0027883 seconds
[2023-11-13T00:57:52.441+0000][2862.174s][debug][safepoint     ] Safepoint synchronization initiated. (221 threads)
[2023-11-13T00:57:52.441+0000][2862.174s][info ][safepoint     ] Application time: 1.0002061 seconds
[2023-11-13T00:57:52.442+0000][2862.174s][info ][safepoint     ] Entering safepoint region: Cleanup
[2023-11-13T00:57:52.443+0000][2862.175s][info ][safepoint     ] Leaving safepoint region
[2023-11-13T00:57:52.443+0000][2862.175s][info ][safepoint     ] Total time for which application threads were stopped: 0.0011908 seconds, Stopping threads took: 0.0001084 seconds
[2023-11-13T00:57:53.443+0000][2863.175s][debug][safepoint     ] Safepoint synchronization initiated. (221 threads)
[2023-11-13T00:57:53.443+0000][2863.175s][info ][safepoint     ] Application time: 1.0001652 seconds
[2023-11-13T00:57:53.443+0000][2863.175s][info ][safepoint     ] Entering safepoint region: Cleanup
[2023-11-13T00:57:53.444+0000][2863.176s][info ][safepoint     ] Leaving safepoint region
[2023-11-13T00:57:53.444+0000][2863.176s][info ][safepoint     ] Total time for which application threads were stopped: 0.0005987 seconds, Stopping threads took: 0.0000859 seconds
[2023-11-13T00:57:53.444+0000][2863.176s][debug][safepoint     ] ... found polling page return exception at pc = 0x00007f3798afd432, stub =0x00007f3790841800
[2023-11-13T00:57:54.444+0000][2864.176s][debug][safepoint     ] Safepoint synchronization initiated. (221 threads)
[2023-11-13T00:57:54.444+0000][2864.177s][info ][safepoint     ] Application time: 1.0005715 seconds
[2023-11-13T00:57:54.444+0000][2864.177s][info ][safepoint     ] Entering safepoint region: Cleanup
[2023-11-13T00:57:54.445+0000][2864.177s][info ][safepoint     ] Leaving safepoint region
[2023-11-13T00:57:54.445+0000][2864.177s][info ][safepoint     ] Total time for which application threads were stopped: 0.0007970 seconds, Stopping threads took: 0.0000907 seconds
[2023-11-13T00:57:55.445+0000][2865.178s][debug][safepoint     ] Safepoint synchronization initiated. (221 threads)
[2023-11-13T00:57:55.445+0000][2865.178s][info ][safepoint     ] Application time: 1.0001550 seconds
[2023-11-13T00:57:55.446+0000][2865.178s][info ][safepoint     ] Entering safepoint region: Cleanup
[2023-11-13T00:57:55.446+0000][2865.178s][info ][safepoint     ] Leaving safepoint region
[2023-11-13T00:57:55.446+0000][2865.178s][info ][safepoint     ] Total time for which application threads were stopped: 0.0005698 seconds, Stopping threads took: 0.0000869 seconds
[2023-11-13T00:57:56.448+0000][2866.180s][debug][safepoint     ] Safepoint synchronization initiated. (221 threads)
[2023-11-13T00:57:56.448+0000][2866.180s][info ][safepoint     ] Application time: 1.0016517 seconds
[2023-11-13T00:57:56.448+0000][2866.180s][info ][safepoint     ] Entering safepoint region: Cleanup
[2023-11-13T00:57:56.448+0000][2866.180s][info ][safepoint     ] Leaving safepoint region
[2023-11-13T00:57:56.448+0000][2866.181s][info ][safepoint     ] Total time for which application threads were stopped: 0.0005445 seconds, Stopping threads took: 0.0001482 seconds
[2023-11-13T00:57:57.448+0000][2867.181s][debug][safepoint     ] Safepoint synchronization initiated. (221 threads)
[2023-11-13T00:57:57.448+0000][2867.181s][info ][safepoint     ] Application time: 1.0002372 seconds
[2023-11-13T00:57:57.449+0000][2867.181s][info ][safepoint     ] Entering safepoint region: Cleanup
[2023-11-13T00:57:57.449+0000][2867.181s][info ][safepoint     ] Leaving safepoint region
[2023-11-13T00:57:57.449+0000][2867.181s][info ][safepoint     ] Total time for which application threads were stopped: 0.0003912 seconds, Stopping threads took: 0.0000861 seconds
[2023-11-13T00:57:58.449+0000][2868.181s][debug][safepoint     ] Safepoint synchronization initiated. (221 threads)
[2023-11-13T00:57:58.449+0000][2868.181s][info ][safepoint     ] Application time: 1.0001983 seconds
[2023-11-13T00:57:58.450+0000][2868.182s][info ][safepoint     ] Entering safepoint region: Cleanup
[2023-11-13T00:57:58.450+0000][2868.182s][info ][safepoint     ] Leaving safepoint region
[2023-11-13T00:57:58.450+0000][2868.182s][info ][safepoint     ] Total time for which application threads were stopped: 0.0004344 seconds, Stopping threads took: 0.0001124 seconds
[2023-11-13T00:57:59.450+0000][2869.183s][debug][safepoint     ] Safepoint synchronization initiated. (221 threads)
[2023-11-13T00:57:59.450+0000][2869.183s][info ][safepoint     ] Application time: 1.0001759 seconds
[2023-11-13T00:57:59.450+0000][2869.183s][info ][safepoint     ] Entering safepoint region: Cleanup
[2023-11-13T00:57:59.451+0000][2869.183s][info ][safepoint     ] Leaving safepoint region
[2023-11-13T00:57:59.451+0000][2869.183s][info ][safepoint     ] Total time for which application threads were stopped: 0.0003865 seconds, Stopping threads took: 0.0000836 seconds
[2023-11-13T00:58:00.451+0000][2870.183s][debug][safepoint     ] Safepoint synchronization initiated. (221 threads)
[2023-11-13T00:58:00.451+0000][2870.183s][info ][safepoint     ] Application time: 1.0001644 seconds
[2023-11-13T00:58:00.451+0000][2870.183s][info ][safepoint     ] Entering safepoint region: Cleanup
[2023-11-13T00:58:00.451+0000][2870.184s][info ][safepoint     ] Leaving safepoint region
[2023-11-13T00:58:00.451+0000][2870.184s][info ][safepoint     ] Total time for which application threads were stopped: 0.0004041 seconds, Stopping threads took: 0.0000932 seconds
[2023-11-13T00:58:01.451+0000][2871.184s][debug][safepoint     ] Safepoint synchronization initiated. (221 threads)
[2023-11-13T00:58:01.452+0000][2871.184s][info ][safepoint     ] Application time: 1.0001716 seconds
[2023-11-13T00:58:01.452+0000][2871.184s][info ][safepoint     ] Entering safepoint region: Cleanup
[2023-11-13T00:58:01.452+0000][2871.185s][info ][safepoint     ] Leaving safepoint region
[2023-11-13T00:58:01.452+0000][2871.185s][info ][safepoint     ] Total time for which application threads were stopped: 0.0007590 seconds, Stopping threads took: 0.0000932 seconds
[2023-11-13T00:58:02.452+0000][2872.185s][debug][safepoint     ] Safepoint synchronization initiated. (221 threads)
[2023-11-13T00:58:02.452+0000][2872.185s][info ][safepoint     ] Application time: 1.0001811 seconds
[2023-11-13T00:58:02.453+0000][2872.185s][info ][safepoint     ] Entering safepoint region: Cleanup
[2023-11-13T00:58:02.453+0000][2872.185s][info ][safepoint     ] Leaving safepoint region
[2023-11-13T00:58:02.453+0000][2872.185s][info ][safepoint     ] Total time for which application threads were stopped: 0.0003296 seconds, Stopping threads took: 0.0000838 seconds
[2023-11-13T00:58:03.453+0000][2873.185s][debug][safepoint     ] Safepoint synchronization initiated. (221 threads)
[2023-11-13T00:58:03.453+0000][2873.185s][info ][safepoint     ] Application time: 1.0001960 seconds
[2023-11-13T00:58:03.453+0000][2873.185s][info ][safepoint     ] Entering safepoint region: Cleanup
[2023-11-13T00:58:03.454+0000][2873.186s][info ][safepoint     ] Leaving safepoint region
[2023-11-13T00:58:03.454+0000][2873.186s][info ][safepoint     ] Total time for which application threads were stopped: 0.0005947 seconds, Stopping threads took: 0.0001305 seconds
[2023-11-13T00:58:04.458+0000][2874.190s][debug][safepoint     ] Safepoint synchronization initiated. (221 threads)
[2023-11-13T00:58:04.458+0000][2874.190s][info ][safepoint     ] Application time: 1.0043579 seconds
[2023-11-13T00:58:04.458+0000][2874.190s][info ][safepoint     ] Entering safepoint region: Cleanup
[2023-11-13T00:58:04.458+0000][2874.191s][info ][safepoint     ] Leaving safepoint region
[2023-11-13T00:58:04.458+0000][2874.191s][info ][safepoint     ] Total time for which application threads were stopped: 0.0003470 seconds, Stopping threads took: 0.0000901 seconds
[2023-11-13T00:58:05.459+0000][2875.191s][debug][safepoint     ] Safepoint synchronization initiated. (221 threads)
[2023-11-13T00:58:05.459+0000][2875.191s][info ][safepoint     ] Application time: 1.0007632 seconds
[2023-11-13T00:58:05.459+0000][2875.192s][info ][safepoint     ] Entering safepoint region: Cleanup
[2023-11-13T00:58:05.460+0000][2875.192s][info ][safepoint     ] Leaving safepoint region
[2023-11-13T00:58:05.460+0000][2875.192s][info ][safepoint     ] Total time for which application threads were stopped: 0.0006028 seconds, Stopping threads took: 0.0001372 seconds
[2023-11-13T00:58:06.461+0000][2876.193s][debug][safepoint     ] Safepoint synchronization initiated. (221 threads)
[2023-11-13T00:58:06.461+0000][2876.193s][info ][safepoint     ] Application time: 1.0012675 seconds
[2023-11-13T00:58:06.461+0000][2876.193s][info ][safepoint     ] Entering safepoint region: Cleanup
[2023-11-13T00:58:06.461+0000][2876.194s][info ][safepoint     ] Leaving safepoint region
[2023-11-13T00:58:06.461+0000][2876.194s][info ][safepoint     ] Total time for which application threads were stopped: 0.0003511 seconds, Stopping threads took: 0.0000925 seconds
[2023-11-13T00:58:07.462+0000][2877.194s][debug][safepoint     ] Safepoint synchronization initiated. (221 threads)
[2023-11-13T00:58:07.462+0000][2877.194s][info ][safepoint     ] Application time: 1.0001907 seconds
[2023-11-13T00:58:07.462+0000][2877.194s][info ][safepoint     ] Entering safepoint region: Cleanup
[2023-11-13T00:58:07.462+0000][2877.194s][info ][safepoint     ] Leaving safepoint region
[2023-11-13T00:58:07.462+0000][2877.195s][info ][safepoint     ] Total time for which application threads were stopped: 0.0005478 seconds, Stopping threads took: 0.0000864 seconds
[2023-11-13T00:58:08.465+0000][2878.198s][debug][safepoint     ] Safepoint synchronization initiated. (221 threads)
[2023-11-13T00:58:08.465+0000][2878.198s][info ][safepoint     ] Application time: 1.0031458 seconds
[2023-11-13T00:58:08.465+0000][2878.198s][info ][safepoint     ] Entering safepoint region: Cleanup
[2023-11-13T00:58:08.466+0000][2878.198s][info ][safepoint     ] Leaving safepoint region
[2023-11-13T00:58:08.466+0000][2878.198s][info ][safepoint     ] Total time for which application threads were stopped: 0.0005430 seconds, Stopping threads took: 0.0000890 seconds
[2023-11-13T00:58:09.466+0000][2879.198s][debug][safepoint     ] Safepoint synchronization initiated. (221 threads)
[2023-11-13T00:58:09.466+0000][2879.198s][info ][safepoint     ] Application time: 1.0001889 seconds
[2023-11-13T00:58:09.466+0000][2879.199s][info ][safepoint     ] Entering safepoint region: Cleanup
[2023-11-13T00:58:09.467+0000][2879.199s][info ][safepoint     ] Leaving safepoint region
[2023-11-13T00:58:09.467+0000][2879.199s][info ][safepoint     ] Total time for which application threads were stopped: 0.0005124 seconds, Stopping threads took: 0.0000873 seconds
[2023-11-13T00:58:10.467+0000][2880.199s][debug][safepoint     ] Safepoint synchronization initiated. (220 threads)
[2023-11-13T00:58:10.467+0000][2880.200s][info ][safepoint     ] Application time: 1.0005765 seconds
[2023-11-13T00:58:10.467+0000][2880.200s][info ][safepoint     ] Entering safepoint region: Cleanup
[2023-11-13T00:58:10.468+0000][2880.201s][info ][safepoint     ] Leaving safepoint region
[2023-11-13T00:58:10.468+0000][2880.201s][info ][safepoint     ] Total time for which application threads were stopped: 0.0011336 seconds, Stopping threads took: 0.0001221 seconds
[2023-11-13T00:58:11.469+0000][2881.201s][debug][safepoint     ] Safepoint synchronization initiated. (220 threads)
[2023-11-13T00:58:11.469+0000][2881.201s][info ][safepoint     ] Application time: 1.0003945 seconds
[2023-11-13T00:58:11.469+0000][2881.201s][info ][safepoint     ] Entering safepoint region: Cleanup
[2023-11-13T00:58:11.469+0000][2881.202s][info ][safepoint     ] Leaving safepoint region
[2023-11-13T00:58:11.469+0000][2881.202s][info ][safepoint     ] Total time for which application threads were stopped: 0.0004506 seconds, Stopping threads took: 0.0000966 seconds
[2023-11-13T00:58:12.469+0000][2882.202s][debug][safepoint     ] Safepoint synchronization initiated. (220 threads)
[2023-11-13T00:58:12.469+0000][2882.202s][info ][safepoint     ] Application time: 1.0001490 seconds
[2023-11-13T00:58:12.470+0000][2882.202s][info ][safepoint     ] Entering safepoint region: Cleanup
[2023-11-13T00:58:12.470+0000][2882.202s][info ][safepoint     ] Leaving safepoint region
[2023-11-13T00:58:12.470+0000][2882.202s][info ][safepoint     ] Total time for which application threads were stopped: 0.0005252 seconds, Stopping threads took: 0.0000940 seconds
[2023-11-13T00:58:13.471+0000][2883.203s][debug][safepoint     ] Safepoint synchronization initiated. (220 threads)
[2023-11-13T00:58:13.471+0000][2883.203s][info ][safepoint     ] Application time: 1.0006644 seconds
[2023-11-13T00:58:13.471+0000][2883.203s][info ][safepoint     ] Entering safepoint region: Cleanup
[2023-11-13T00:58:13.471+0000][2883.203s][info ][safepoint     ] Leaving safepoint region
[2023-11-13T00:58:13.471+0000][2883.203s][info ][safepoint     ] Total time for which application threads were stopped: 0.0003372 seconds, Stopping threads took: 0.0000805 seconds
[2023-11-13T00:58:14.471+0000][2884.203s][debug][safepoint     ] Safepoint synchronization initiated. (220 threads)
[2023-11-13T00:58:14.471+0000][2884.204s][info ][safepoint     ] Application time: 1.0001768 seconds
[2023-11-13T00:58:14.471+0000][2884.204s][info ][safepoint     ] Entering safepoint region: Cleanup
[2023-11-13T00:58:14.472+0000][2884.204s][info ][safepoint     ] Leaving safepoint region
[2023-11-13T00:58:14.472+0000][2884.204s][info ][safepoint     ] Total time for which application threads were stopped: 0.0003358 seconds, Stopping threads took: 0.0000861 seconds
[2023-11-13T00:58:15.472+0000][2885.204s][debug][safepoint     ] Safepoint synchronization initiated. (220 threads)
[2023-11-13T00:58:15.472+0000][2885.204s][info ][safepoint     ] Application time: 1.0002730 seconds
[2023-11-13T00:58:15.472+0000][2885.204s][info ][safepoint     ] Entering safepoint region: Cleanup
[2023-11-13T00:58:15.472+0000][2885.205s][info ][safepoint     ] Leaving safepoint region
[2023-11-13T00:58:15.472+0000][2885.205s][info ][safepoint     ] Total time for which application threads were stopped: 0.0004082 seconds, Stopping threads took: 0.0000918 seconds
[2023-11-13T00:58:16.472+0000][2886.205s][debug][safepoint     ] Safepoint synchronization initiated. (220 threads)
[2023-11-13T00:58:16.473+0000][2886.205s][info ][safepoint     ] Application time: 1.0001634 seconds
[2023-11-13T00:58:16.473+0000][2886.205s][info ][safepoint     ] Entering safepoint region: Cleanup
[2023-11-13T00:58:16.473+0000][2886.205s][info ][safepoint     ] Leaving safepoint region
[2023-11-13T00:58:16.473+0000][2886.205s][info ][safepoint     ] Total time for which application threads were stopped: 0.0005021 seconds, Stopping threads took: 0.0000880 seconds
[2023-11-13T00:58:17.475+0000][2887.207s][debug][safepoint     ] Safepoint synchronization initiated. (220 threads)
[2023-11-13T00:58:17.475+0000][2887.207s][info ][safepoint     ] Application time: 1.0015695 seconds
[2023-11-13T00:58:17.475+0000][2887.207s][info ][safepoint     ] Entering safepoint region: Cleanup
[2023-11-13T00:58:17.475+0000][2887.207s][info ][safepoint     ] Leaving safepoint region
[2023-11-13T00:58:17.475+0000][2887.207s][info ][safepoint     ] Total time for which application threads were stopped: 0.0005512 seconds, Stopping threads took: 0.0001127 seconds
[2023-11-13T00:58:18.475+0000][2888.208s][debug][safepoint     ] Safepoint synchronization initiated. (220 threads)
[2023-11-13T00:58:18.476+0000][2888.208s][info ][safepoint     ] Application time: 1.0005931 seconds
[2023-11-13T00:58:18.476+0000][2888.208s][info ][safepoint     ] Entering safepoint region: Cleanup
[2023-11-13T00:58:18.476+0000][2888.209s][info ][safepoint     ] Leaving safepoint region
[2023-11-13T00:58:18.476+0000][2888.209s][info ][safepoint     ] Total time for which application threads were stopped: 0.0006490 seconds, Stopping threads took: 0.0000924 seconds
[2023-11-13T00:58:19.477+0000][2889.209s][debug][safepoint     ] Safepoint synchronization initiated. (220 threads)
[2023-11-13T00:58:19.477+0000][2889.209s][info ][safepoint     ] Application time: 1.0001609 seconds
[2023-11-13T00:58:19.477+0000][2889.209s][info ][safepoint     ] Entering safepoint region: Cleanup
[2023-11-13T00:58:19.477+0000][2889.210s][info ][safepoint     ] Leaving safepoint region
[2023-11-13T00:58:19.477+0000][2889.210s][info ][safepoint     ] Total time for which application threads were stopped: 0.0008208 seconds, Stopping threads took: 0.0000874 seconds
[2023-11-13T00:58:20.478+0000][2890.210s][debug][safepoint     ] Safepoint synchronization initiated. (220 threads)
[2023-11-13T00:58:20.478+0000][2890.210s][info ][safepoint     ] Application time: 1.0005650 seconds
[2023-11-13T00:58:20.478+0000][2890.210s][info ][safepoint     ] Entering safepoint region: Cleanup
[2023-11-13T00:58:20.479+0000][2890.211s][info ][safepoint     ] Leaving safepoint region
[2023-11-13T00:58:20.479+0000][2890.211s][info ][safepoint     ] Total time for which application threads were stopped: 0.0004850 seconds, Stopping threads took: 0.0000898 seconds
[2023-11-13T00:58:21.479+0000][2891.211s][debug][safepoint     ] Safepoint synchronization initiated. (220 threads)
[2023-11-13T00:58:21.479+0000][2891.211s][info ][safepoint     ] Application time: 1.0001732 seconds
[2023-11-13T00:58:21.479+0000][2891.211s][info ][safepoint     ] Entering safepoint region: Cleanup
[2023-11-13T00:58:21.479+0000][2891.211s][info ][safepoint     ] Leaving safepoint region
[2023-11-13T00:58:21.479+0000][2891.211s][info ][safepoint     ] Total time for which application threads were stopped: 0.0004315 seconds, Stopping threads took: 0.0000866 seconds
[2023-11-13T00:58:22.482+0000][2892.214s][debug][safepoint     ] Safepoint synchronization initiated. (220 threads)
[2023-11-13T00:58:22.482+0000][2892.214s][info ][safepoint     ] Application time: 1.0028818 seconds
[2023-11-13T00:58:22.482+0000][2892.214s][info ][safepoint     ] Entering safepoint region: Cleanup
[2023-11-13T00:58:22.483+0000][2892.215s][info ][safepoint     ] Leaving safepoint region
[2023-11-13T00:58:22.483+0000][2892.215s][info ][safepoint     ] Total time for which application threads were stopped: 0.0005500 seconds, Stopping threads took: 0.0001023 seconds
[2023-11-13T00:58:23.483+0000][2893.215s][debug][safepoint     ] Safepoint synchronization initiated. (220 threads)
[2023-11-13T00:58:23.483+0000][2893.215s][info ][safepoint     ] Application time: 1.0001648 seconds
[2023-11-13T00:58:23.483+0000][2893.215s][info ][safepoint     ] Entering safepoint region: Cleanup
[2023-11-13T00:58:23.483+0000][2893.215s][info ][safepoint     ] Leaving safepoint region
[2023-11-13T00:58:23.483+0000][2893.216s][info ][safepoint     ] Total time for which application threads were stopped: 0.0004988 seconds, Stopping threads took: 0.0001038 seconds
[2023-11-13T00:58:24.484+0000][2894.216s][debug][safepoint     ] Safepoint synchronization initiated. (220 threads)
[2023-11-13T00:58:24.484+0000][2894.216s][info ][safepoint     ] Application time: 1.0002714 seconds
[2023-11-13T00:58:24.484+0000][2894.216s][info ][safepoint     ] Entering safepoint region: Cleanup
[2023-11-13T00:58:24.485+0000][2894.217s][info ][safepoint     ] Leaving safepoint region
[2023-11-13T00:58:24.485+0000][2894.217s][info ][safepoint     ] Total time for which application threads were stopped: 0.0009036 seconds, Stopping threads took: 0.0000944 seconds
[2023-11-13T00:58:25.485+0000][2895.217s][debug][safepoint     ] Safepoint synchronization initiated. (220 threads)
[2023-11-13T00:58:25.485+0000][2895.217s][info ][safepoint     ] Application time: 1.0002859 seconds
[2023-11-13T00:58:25.485+0000][2895.217s][info ][safepoint     ] Entering safepoint region: Cleanup
[2023-11-13T00:58:25.486+0000][2895.218s][info ][safepoint     ] Leaving safepoint region
[2023-11-13T00:58:25.486+0000][2895.218s][info ][safepoint     ] Total time for which application threads were stopped: 0.0012415 seconds, Stopping threads took: 0.0001430 seconds
[2023-11-13T00:58:26.486+0000][2896.219s][debug][safepoint     ] Safepoint synchronization initiated. (220 threads)
[2023-11-13T00:58:26.486+0000][2896.219s][info ][safepoint     ] Application time: 1.0002090 seconds
[2023-11-13T00:58:26.487+0000][2896.219s][info ][safepoint     ] Entering safepoint region: Cleanup
[2023-11-13T00:58:26.487+0000][2896.219s][info ][safepoint     ] Leaving safepoint region
[2023-11-13T00:58:26.487+0000][2896.219s][info ][safepoint     ] Total time for which application threads were stopped: 0.0005853 seconds, Stopping threads took: 0.0001246 seconds
[2023-11-13T00:58:27.487+0000][2897.219s][debug][safepoint     ] Safepoint synchronization initiated. (220 threads)
[2023-11-13T00:58:27.488+0000][2897.220s][info ][safepoint     ] Application time: 1.0003863 seconds
[2023-11-13T00:58:27.488+0000][2897.220s][info ][safepoint     ] Entering safepoint region: Cleanup
[2023-11-13T00:58:27.488+0000][2897.221s][info ][safepoint     ] Leaving safepoint region
[2023-11-13T00:58:27.489+0000][2897.221s][info ][safepoint     ] Total time for which application threads were stopped: 0.0007771 seconds, Stopping threads took: 0.0002545 seconds
[2023-11-13T00:58:28.489+0000][2898.221s][debug][safepoint     ] Safepoint synchronization initiated. (220 threads)
[2023-11-13T00:58:28.489+0000][2898.221s][info ][safepoint     ] Application time: 1.0001759 seconds
[2023-11-13T00:58:28.489+0000][2898.221s][info ][safepoint     ] Entering safepoint region: Cleanup
[2023-11-13T00:58:28.489+0000][2898.222s][info ][safepoint     ] Leaving safepoint region
[2023-11-13T00:58:28.489+0000][2898.222s][info ][safepoint     ] Total time for which application threads were stopped: 0.0004068 seconds, Stopping threads took: 0.0001002 seconds
[2023-11-13T00:58:29.494+0000][2899.226s][debug][safepoint     ] Safepoint synchronization initiated. (220 threads)
[2023-11-13T00:58:29.494+0000][2899.226s][info ][safepoint     ] Application time: 1.0047426 seconds
[2023-11-13T00:58:29.494+0000][2899.226s][info ][safepoint     ] Entering safepoint region: Cleanup
[2023-11-13T00:58:29.495+0000][2899.227s][info ][safepoint     ] Leaving safepoint region
[2023-11-13T00:58:29.495+0000][2899.227s][info ][safepoint     ] Total time for which application threads were stopped: 0.0005197 seconds, Stopping threads took: 0.0000891 seconds
[2023-11-13T00:58:30.495+0000][2900.227s][debug][safepoint     ] Safepoint synchronization initiated. (220 threads)
[2023-11-13T00:58:30.495+0000][2900.227s][info ][safepoint     ] Application time: 1.0001696 seconds
[2023-11-13T00:58:30.495+0000][2900.227s][info ][safepoint     ] Entering safepoint region: Cleanup
[2023-11-13T00:58:30.495+0000][2900.227s][info ][safepoint     ] Leaving safepoint region
[2023-11-13T00:58:30.495+0000][2900.227s][info ][safepoint     ] Total time for which application threads were stopped: 0.0004121 seconds, Stopping threads took: 0.0000961 seconds
[2023-11-13T00:58:31.495+0000][2901.228s][debug][safepoint     ] Safepoint synchronization initiated. (220 threads)
[2023-11-13T00:58:31.495+0000][2901.228s][info ][safepoint     ] Application time: 1.0001734 seconds
[2023-11-13T00:58:31.495+0000][2901.228s][info ][safepoint     ] Entering safepoint region: Cleanup
[2023-11-13T00:58:31.496+0000][2901.228s][info ][safepoint     ] Leaving safepoint region
[2023-11-13T00:58:31.496+0000][2901.228s][info ][safepoint     ] Total time for which application threads were stopped: 0.0004293 seconds, Stopping threads took: 0.0000883 seconds
[2023-11-13T00:58:32.496+0000][2902.228s][debug][safepoint     ] Safepoint synchronization initiated. (220 threads)
[2023-11-13T00:58:32.496+0000][2902.228s][info ][safepoint     ] Application time: 1.0002523 seconds
[2023-11-13T00:58:32.496+0000][2902.229s][info ][safepoint     ] Entering safepoint region: Cleanup
[2023-11-13T00:58:32.497+0000][2902.229s][info ][safepoint     ] Leaving safepoint region
[2023-11-13T00:58:32.497+0000][2902.229s][info ][safepoint     ] Total time for which application threads were stopped: 0.0009528 seconds, Stopping threads took: 0.0001378 seconds
[2023-11-13T00:58:33.497+0000][2903.230s][debug][safepoint     ] Safepoint synchronization initiated. (220 threads)
[2023-11-13T00:58:33.497+0000][2903.230s][info ][safepoint     ] Application time: 1.0002751 seconds
[2023-11-13T00:58:33.498+0000][2903.230s][info ][safepoint     ] Entering safepoint region: Cleanup
[2023-11-13T00:58:33.498+0000][2903.231s][info ][safepoint     ] Leaving safepoint region
[2023-11-13T00:58:33.498+0000][2903.231s][info ][safepoint     ] Total time for which application threads were stopped: 0.0008730 seconds, Stopping threads took: 0.0001466 seconds
[2023-11-13T00:58:34.498+0000][2904.231s][debug][safepoint     ] Safepoint synchronization initiated. (220 threads)
[2023-11-13T00:58:34.499+0000][2904.231s][info ][safepoint     ] Application time: 1.0001908 seconds
[2023-11-13T00:58:34.499+0000][2904.231s][info ][safepoint     ] Entering safepoint region: Cleanup
[2023-11-13T00:58:34.499+0000][2904.231s][info ][safepoint     ] Leaving safepoint region
[2023-11-13T00:58:34.499+0000][2904.232s][info ][safepoint     ] Total time for which application threads were stopped: 0.0006744 seconds, Stopping threads took: 0.0000908 seconds
[2023-11-13T00:58:35.499+0000][2905.232s][debug][safepoint     ] Safepoint synchronization initiated. (220 threads)
[2023-11-13T00:58:35.500+0000][2905.232s][info ][safepoint     ] Application time: 1.0003616 seconds
[2023-11-13T00:58:35.500+0000][2905.232s][info ][safepoint     ] Entering safepoint region: Cleanup
[2023-11-13T00:58:35.500+0000][2905.233s][info ][safepoint     ] Leaving safepoint region
[2023-11-13T00:58:35.501+0000][2905.233s][info ][safepoint     ] Total time for which application threads were stopped: 0.0006257 seconds, Stopping threads took: 0.0003059 seconds
[2023-11-13T00:58:36.501+0000][2906.233s][debug][safepoint     ] Safepoint synchronization initiated. (220 threads)
[2023-11-13T00:58:36.501+0000][2906.233s][info ][safepoint     ] Application time: 1.0002254 seconds
[2023-11-13T00:58:36.501+0000][2906.233s][info ][safepoint     ] Entering safepoint region: Cleanup
[2023-11-13T00:58:36.502+0000][2906.234s][info ][safepoint     ] Leaving safepoint region
[2023-11-13T00:58:36.502+0000][2906.234s][info ][safepoint     ] Total time for which application threads were stopped: 0.0008752 seconds, Stopping threads took: 0.0001388 seconds
[2023-11-13T00:58:37.502+0000][2907.234s][debug][safepoint     ] Safepoint synchronization initiated. (220 threads)
[2023-11-13T00:58:37.502+0000][2907.234s][info ][safepoint     ] Application time: 1.0002000 seconds
[2023-11-13T00:58:37.502+0000][2907.234s][info ][safepoint     ] Entering safepoint region: Cleanup
[2023-11-13T00:58:37.502+0000][2907.235s][info ][safepoint     ] Leaving safepoint region
[2023-11-13T00:58:37.502+0000][2907.235s][info ][safepoint     ] Total time for which application threads were stopped: 0.0004930 seconds, Stopping threads took: 0.0001204 seconds
[2023-11-13T00:58:38.503+0000][2908.235s][debug][safepoint     ] Safepoint synchronization initiated. (220 threads)
[2023-11-13T00:58:38.503+0000][2908.235s][info ][safepoint     ] Application time: 1.0001692 seconds
[2023-11-13T00:58:38.503+0000][2908.235s][info ][safepoint     ] Entering safepoint region: Cleanup
[2023-11-13T00:58:38.503+0000][2908.235s][info ][safepoint     ] Leaving safepoint region
[2023-11-13T00:58:38.503+0000][2908.235s][info ][safepoint     ] Total time for which application threads were stopped: 0.0004403 seconds, Stopping threads took: 0.0000894 seconds
[2023-11-13T00:58:39.503+0000][2909.236s][debug][safepoint     ] Safepoint synchronization initiated. (220 threads)
[2023-11-13T00:58:39.504+0000][2909.236s][info ][safepoint     ] Application time: 1.0008049 seconds
[2023-11-13T00:58:39.505+0000][2909.237s][info ][safepoint     ] Entering safepoint region: Cleanup
[2023-11-13T00:58:39.505+0000][2909.238s][info ][safepoint     ] Leaving safepoint region
[2023-11-13T00:58:39.506+0000][2909.238s][info ][safepoint     ] Total time for which application threads were stopped: 0.0012953 seconds, Stopping threads took: 0.0004054 seconds
[2023-11-13T00:58:40.506+0000][2910.238s][debug][safepoint     ] Safepoint synchronization initiated. (220 threads)
[2023-11-13T00:58:40.507+0000][2910.239s][info ][safepoint     ] Application time: 1.0010228 seconds
[2023-11-13T00:58:40.507+0000][2910.240s][info ][safepoint     ] Entering safepoint region: Cleanup
[2023-11-13T00:58:40.508+0000][2910.241s][info ][safepoint     ] Leaving safepoint region
[2023-11-13T00:58:40.509+0000][2910.241s][info ][safepoint     ] Total time for which application threads were stopped: 0.0012578 seconds, Stopping threads took: 0.0004244 seconds
[2023-11-13T00:58:41.509+0000][2911.241s][debug][safepoint     ] Safepoint synchronization initiated. (220 threads)
[2023-11-13T00:58:41.510+0000][2911.242s][info ][safepoint     ] Application time: 1.0008074 seconds
[2023-11-13T00:58:41.510+0000][2911.242s][info ][safepoint     ] Entering safepoint region: Cleanup
[2023-11-13T00:58:41.511+0000][2911.243s][info ][safepoint     ] Leaving safepoint region
[2023-11-13T00:58:41.511+0000][2911.243s][info ][safepoint     ] Total time for which application threads were stopped: 0.0009905 seconds, Stopping threads took: 0.0003308 seconds
[2023-11-13T00:58:42.511+0000][2912.244s][debug][safepoint     ] Safepoint synchronization initiated. (220 threads)
[2023-11-13T00:58:42.512+0000][2912.245s][info ][safepoint     ] Application time: 1.0010532 seconds
[2023-11-13T00:58:42.513+0000][2912.245s][info ][safepoint     ] Entering safepoint region: Cleanup
[2023-11-13T00:58:42.514+0000][2912.246s][info ][safepoint     ] Leaving safepoint region
[2023-11-13T00:58:42.514+0000][2912.247s][info ][safepoint     ] Total time for which application threads were stopped: 0.0017655 seconds, Stopping threads took: 0.0004024 seconds
[2023-11-13T00:58:43.515+0000][2913.247s][debug][safepoint     ] Safepoint synchronization initiated. (220 threads)
[2023-11-13T00:58:43.516+0000][2913.248s][info ][safepoint     ] Application time: 1.0010201 seconds
[2023-11-13T00:58:43.516+0000][2913.248s][info ][safepoint     ] Entering safepoint region: Cleanup
[2023-11-13T00:58:43.517+0000][2913.249s][info ][safepoint     ] Leaving safepoint region
[2023-11-13T00:58:43.517+0000][2913.250s][info ][safepoint     ] Total time for which application threads were stopped: 0.0012851 seconds, Stopping threads took: 0.0004158 seconds
[2023-11-13T00:58:44.518+0000][2914.250s][debug][safepoint     ] Safepoint synchronization initiated. (220 threads)
[2023-11-13T00:58:44.518+0000][2914.251s][info ][safepoint     ] Application time: 1.0006625 seconds
[2023-11-13T00:58:44.519+0000][2914.251s][info ][safepoint     ] Entering safepoint region: Cleanup
[2023-11-13T00:58:44.519+0000][2914.251s][info ][safepoint     ] Leaving safepoint region
[2023-11-13T00:58:44.519+0000][2914.251s][info ][safepoint     ] Total time for which application threads were stopped: 0.0007178 seconds, Stopping threads took: 0.0002408 seconds
[2023-11-13T00:58:45.519+0000][2915.252s][debug][safepoint     ] Safepoint synchronization initiated. (219 threads)
[2023-11-13T00:58:45.520+0000][2915.252s][info ][safepoint     ] Application time: 1.0006744 seconds
[2023-11-13T00:58:45.520+0000][2915.253s][info ][safepoint     ] Entering safepoint region: Cleanup
[2023-11-13T00:58:45.521+0000][2915.253s][info ][safepoint     ] Leaving safepoint region
[2023-11-13T00:58:45.521+0000][2915.253s][info ][safepoint     ] Total time for which application threads were stopped: 0.0008557 seconds, Stopping threads took: 0.0002489 seconds
[2023-11-13T00:58:46.521+0000][2916.254s][debug][safepoint     ] Safepoint synchronization initiated. (219 threads)
[2023-11-13T00:58:46.522+0000][2916.254s][info ][safepoint     ] Application time: 1.0005955 seconds
[2023-11-13T00:58:46.522+0000][2916.254s][info ][safepoint     ] Entering safepoint region: Cleanup
[2023-11-13T00:58:46.523+0000][2916.255s][info ][safepoint     ] Leaving safepoint region
[2023-11-13T00:58:46.523+0000][2916.255s][info ][safepoint     ] Total time for which application threads were stopped: 0.0006469 seconds, Stopping threads took: 0.0002197 seconds
[2023-11-13T00:58:47.523+0000][2917.255s][debug][safepoint     ] Safepoint synchronization initiated. (219 threads)
[2023-11-13T00:58:47.523+0000][2917.256s][info ][safepoint     ] Application time: 1.0005897 seconds
[2023-11-13T00:58:47.524+0000][2917.256s][info ][safepoint     ] Entering safepoint region: Cleanup
[2023-11-13T00:58:47.524+0000][2917.256s][info ][safepoint     ] Leaving safepoint region
[2023-11-13T00:58:47.524+0000][2917.257s][info ][safepoint     ] Total time for which application threads were stopped: 0.0008047 seconds, Stopping threads took: 0.0002105 seconds
[2023-11-13T00:58:48.527+0000][2918.259s][debug][safepoint     ] Safepoint synchronization initiated. (219 threads)
[2023-11-13T00:58:48.527+0000][2918.259s][info ][safepoint     ] Application time: 1.0025773 seconds
[2023-11-13T00:58:48.527+0000][2918.260s][info ][safepoint     ] Entering safepoint region: Cleanup
[2023-11-13T00:58:48.528+0000][2918.260s][info ][safepoint     ] Leaving safepoint region
[2023-11-13T00:58:48.528+0000][2918.260s][info ][safepoint     ] Total time for which application threads were stopped: 0.0007044 seconds, Stopping threads took: 0.0001458 seconds
[2023-11-13T00:58:49.528+0000][2919.260s][debug][safepoint     ] Safepoint synchronization initiated. (219 threads)
[2023-11-13T00:58:49.528+0000][2919.260s][info ][safepoint     ] Application time: 1.0002545 seconds
[2023-11-13T00:58:49.528+0000][2919.261s][info ][safepoint     ] Entering safepoint region: Cleanup
[2023-11-13T00:58:49.529+0000][2919.261s][info ][safepoint     ] Leaving safepoint region
[2023-11-13T00:58:49.529+0000][2919.261s][info ][safepoint     ] Total time for which application threads were stopped: 0.0007452 seconds, Stopping threads took: 0.0001506 seconds
[2023-11-13T00:58:50.529+0000][2920.261s][debug][safepoint     ] Safepoint synchronization initiated. (219 threads)
[2023-11-13T00:58:50.530+0000][2920.262s][info ][safepoint     ] Application time: 1.0008650 seconds
[2023-11-13T00:58:50.530+0000][2920.262s][info ][safepoint     ] Entering safepoint region: Cleanup
[2023-11-13T00:58:50.531+0000][2920.263s][info ][safepoint     ] Leaving safepoint region
[2023-11-13T00:58:50.531+0000][2920.263s][info ][safepoint     ] Total time for which application threads were stopped: 0.0008409 seconds, Stopping threads took: 0.0003545 seconds
[2023-11-13T00:58:51.531+0000][2921.263s][debug][safepoint     ] Safepoint synchronization initiated. (219 threads)
[2023-11-13T00:58:51.531+0000][2921.263s][info ][safepoint     ] Application time: 1.0002120 seconds
[2023-11-13T00:58:51.531+0000][2921.264s][info ][safepoint     ] Entering safepoint region: Cleanup
[2023-11-13T00:58:51.532+0000][2921.264s][info ][safepoint     ] Leaving safepoint region
[2023-11-13T00:58:51.532+0000][2921.264s][info ][safepoint     ] Total time for which application threads were stopped: 0.0007081 seconds, Stopping threads took: 0.0001156 seconds
[2023-11-13T00:58:52.533+0000][2922.265s][debug][safepoint     ] Safepoint synchronization initiated. (219 threads)
[2023-11-13T00:58:52.533+0000][2922.265s][info ][safepoint     ] Application time: 1.0008889 seconds
[2023-11-13T00:58:52.533+0000][2922.266s][info ][safepoint     ] Entering safepoint region: Cleanup
[2023-11-13T00:58:52.534+0000][2922.266s][info ][safepoint     ] Leaving safepoint region
[2023-11-13T00:58:52.534+0000][2922.266s][info ][safepoint     ] Total time for which application threads were stopped: 0.0009837 seconds, Stopping threads took: 0.0001876 seconds
[2023-11-13T00:58:53.534+0000][2923.267s][debug][safepoint     ] Safepoint synchronization initiated. (219 threads)
[2023-11-13T00:58:53.534+0000][2923.267s][info ][safepoint     ] Application time: 1.0002607 seconds
[2023-11-13T00:58:53.535+0000][2923.267s][info ][safepoint     ] Entering safepoint region: Cleanup
[2023-11-13T00:58:53.535+0000][2923.267s][info ][safepoint     ] Leaving safepoint region
[2023-11-13T00:58:53.535+0000][2923.267s][info ][safepoint     ] Total time for which application threads were stopped: 0.0007583 seconds, Stopping threads took: 0.0001526 seconds
[2023-11-13T00:58:54.536+0000][2924.268s][debug][safepoint     ] Safepoint synchronization initiated. (219 threads)
[2023-11-13T00:58:54.536+0000][2924.268s][info ][safepoint     ] Application time: 1.0009295 seconds
[2023-11-13T00:58:54.536+0000][2924.269s][info ][safepoint     ] Entering safepoint region: Cleanup
[2023-11-13T00:58:54.537+0000][2924.269s][info ][safepoint     ] Leaving safepoint region
[2023-11-13T00:58:54.537+0000][2924.269s][info ][safepoint     ] Total time for which application threads were stopped: 0.0009182 seconds, Stopping threads took: 0.0001544 seconds
[2023-11-13T00:58:55.537+0000][2925.270s][debug][safepoint     ] Safepoint synchronization initiated. (219 threads)
[2023-11-13T00:58:55.537+0000][2925.270s][info ][safepoint     ] Application time: 1.0002661 seconds
[2023-11-13T00:58:55.538+0000][2925.270s][info ][safepoint     ] Entering safepoint region: Cleanup
[2023-11-13T00:58:55.538+0000][2925.271s][info ][safepoint     ] Leaving safepoint region
[2023-11-13T00:58:55.538+0000][2925.271s][info ][safepoint     ] Total time for which application threads were stopped: 0.0010755 seconds, Stopping threads took: 0.0001676 seconds
[2023-11-13T00:58:56.539+0000][2926.271s][debug][safepoint     ] Safepoint synchronization initiated. (219 threads)
[2023-11-13T00:58:56.540+0000][2926.272s][info ][safepoint     ] Application time: 1.0011278 seconds
[2023-11-13T00:58:56.540+0000][2926.272s][info ][safepoint     ] Entering safepoint region: Cleanup
[2023-11-13T00:58:56.541+0000][2926.273s][info ][safepoint     ] Leaving safepoint region
[2023-11-13T00:58:56.541+0000][2926.273s][info ][safepoint     ] Total time for which application threads were stopped: 0.0011506 seconds, Stopping threads took: 0.0003889 seconds
[2023-11-13T00:58:57.541+0000][2927.274s][debug][safepoint     ] Safepoint synchronization initiated. (219 threads)
[2023-11-13T00:58:57.542+0000][2927.274s][info ][safepoint     ] Application time: 1.0007726 seconds
[2023-11-13T00:58:57.542+0000][2927.275s][info ][safepoint     ] Entering safepoint region: Cleanup
[2023-11-13T00:58:57.543+0000][2927.275s][info ][safepoint     ] Leaving safepoint region
[2023-11-13T00:58:57.544+0000][2927.276s][info ][safepoint     ] Total time for which application threads were stopped: 0.0011820 seconds, Stopping threads took: 0.0002797 seconds
[2023-11-13T00:58:58.544+0000][2928.276s][debug][safepoint     ] Safepoint synchronization initiated. (219 threads)
[2023-11-13T00:58:58.545+0000][2928.277s][info ][safepoint     ] Application time: 1.0009924 seconds
[2023-11-13T00:58:58.545+0000][2928.277s][info ][safepoint     ] Entering safepoint region: Cleanup
[2023-11-13T00:58:58.547+0000][2928.279s][info ][safepoint     ] Leaving safepoint region
[2023-11-13T00:58:58.547+0000][2928.279s][info ][safepoint     ] Total time for which application threads were stopped: 0.0020547 seconds, Stopping threads took: 0.0004163 seconds
[2023-11-13T00:58:59.548+0000][2929.280s][debug][safepoint     ] Safepoint synchronization initiated. (219 threads)
[2023-11-13T00:58:59.548+0000][2929.280s][info ][safepoint     ] Application time: 1.0006233 seconds
[2023-11-13T00:58:59.549+0000][2929.281s][info ][safepoint     ] Entering safepoint region: Cleanup
[2023-11-13T00:58:59.550+0000][2929.282s][info ][safepoint     ] Leaving safepoint region
[2023-11-13T00:58:59.550+0000][2929.282s][info ][safepoint     ] Total time for which application threads were stopped: 0.0016005 seconds, Stopping threads took: 0.0004317 seconds
[2023-11-13T00:59:00.551+0000][2930.283s][debug][safepoint     ] Safepoint synchronization initiated. (219 threads)
[2023-11-13T00:59:00.551+0000][2930.283s][info ][safepoint     ] Application time: 1.0007960 seconds
[2023-11-13T00:59:00.552+0000][2930.284s][info ][safepoint     ] Entering safepoint region: Cleanup
[2023-11-13T00:59:00.552+0000][2930.285s][info ][safepoint     ] Leaving safepoint region
[2023-11-13T00:59:00.553+0000][2930.285s][info ][safepoint     ] Total time for which application threads were stopped: 0.0011710 seconds, Stopping threads took: 0.0003241 seconds
[2023-11-13T00:59:01.553+0000][2931.285s][debug][safepoint     ] Safepoint synchronization initiated. (219 threads)
[2023-11-13T00:59:01.554+0000][2931.286s][info ][safepoint     ] Application time: 1.0008118 seconds
[2023-11-13T00:59:01.554+0000][2931.286s][info ][safepoint     ] Entering safepoint region: Cleanup
[2023-11-13T00:59:01.555+0000][2931.287s][info ][safepoint     ] Leaving safepoint region
[2023-11-13T00:59:01.555+0000][2931.288s][info ][safepoint     ] Total time for which application threads were stopped: 0.0012812 seconds, Stopping threads took: 0.0004391 seconds
[2023-11-13T00:59:02.556+0000][2932.288s][debug][safepoint     ] Safepoint synchronization initiated. (219 threads)
[2023-11-13T00:59:02.557+0000][2932.289s][info ][safepoint     ] Application time: 1.0010712 seconds
[2023-11-13T00:59:02.557+0000][2932.289s][info ][safepoint     ] Entering safepoint region: Cleanup
[2023-11-13T00:59:02.558+0000][2932.290s][info ][safepoint     ] Leaving safepoint region
[2023-11-13T00:59:02.558+0000][2932.291s][info ][safepoint     ] Total time for which application threads were stopped: 0.0012195 seconds, Stopping threads took: 0.0004087 seconds
[2023-11-13T00:59:03.559+0000][2933.291s][debug][safepoint     ] Safepoint synchronization initiated. (219 threads)
[2023-11-13T00:59:03.559+0000][2933.291s][info ][safepoint     ] Application time: 1.0005769 seconds
[2023-11-13T00:59:03.559+0000][2933.292s][info ][safepoint     ] Entering safepoint region: Cleanup
[2023-11-13T00:59:03.560+0000][2933.292s][info ][safepoint     ] Leaving safepoint region
[2023-11-13T00:59:03.560+0000][2933.292s][info ][safepoint     ] Total time for which application threads were stopped: 0.0006547 seconds, Stopping threads took: 0.0002011 seconds
[2023-11-13T00:59:04.560+0000][2934.293s][debug][safepoint     ] Safepoint synchronization initiated. (219 threads)
[2023-11-13T00:59:04.561+0000][2934.293s][info ][safepoint     ] Application time: 1.0010423 seconds
[2023-11-13T00:59:04.562+0000][2934.294s][info ][safepoint     ] Entering safepoint region: Cleanup
[2023-11-13T00:59:04.562+0000][2934.295s][info ][safepoint     ] Leaving safepoint region
[2023-11-13T00:59:04.563+0000][2934.295s][info ][safepoint     ] Total time for which application threads were stopped: 0.0012496 seconds, Stopping threads took: 0.0004516 seconds
[2023-11-13T00:59:05.563+0000][2935.295s][debug][safepoint     ] Safepoint synchronization initiated. (219 threads)
[2023-11-13T00:59:05.564+0000][2935.296s][info ][safepoint     ] Application time: 1.0010690 seconds
[2023-11-13T00:59:05.565+0000][2935.297s][info ][safepoint     ] Entering safepoint region: Cleanup
[2023-11-13T00:59:05.565+0000][2935.297s][info ][safepoint     ] Leaving safepoint region
[2023-11-13T00:59:05.566+0000][2935.298s][info ][safepoint     ] Total time for which application threads were stopped: 0.0011510 seconds, Stopping threads took: 0.0004573 seconds
[2023-11-13T00:59:06.566+0000][2936.298s][debug][safepoint     ] Safepoint synchronization initiated. (219 threads)
[2023-11-13T00:59:06.566+0000][2936.298s][info ][safepoint     ] Application time: 1.0003143 seconds
[2023-11-13T00:59:06.566+0000][2936.299s][info ][safepoint     ] Entering safepoint region: Cleanup
[2023-11-13T00:59:06.567+0000][2936.299s][info ][safepoint     ] Leaving safepoint region
[2023-11-13T00:59:06.567+0000][2936.299s][info ][safepoint     ] Total time for which application threads were stopped: 0.0005513 seconds, Stopping threads took: 0.0001414 seconds
[2023-11-13T00:59:07.567+0000][2937.299s][debug][safepoint     ] Safepoint synchronization initiated. (219 threads)
[2023-11-13T00:59:07.567+0000][2937.299s][info ][safepoint     ] Application time: 1.0002778 seconds
[2023-11-13T00:59:07.567+0000][2937.300s][info ][safepoint     ] Entering safepoint region: Cleanup
[2023-11-13T00:59:07.568+0000][2937.300s][info ][safepoint     ] Leaving safepoint region
[2023-11-13T00:59:07.568+0000][2937.300s][info ][safepoint     ] Total time for which application threads were stopped: 0.0009107 seconds, Stopping threads took: 0.0001492 seconds
[2023-11-13T00:59:08.569+0000][2938.301s][debug][safepoint     ] Safepoint synchronization initiated. (219 threads)
[2023-11-13T00:59:08.569+0000][2938.301s][info ][safepoint     ] Application time: 1.0005975 seconds
[2023-11-13T00:59:08.569+0000][2938.302s][info ][safepoint     ] Entering safepoint region: Cleanup
[2023-11-13T00:59:08.570+0000][2938.302s][info ][safepoint     ] Leaving safepoint region
[2023-11-13T00:59:08.571+0000][2938.303s][info ][safepoint     ] Total time for which application threads were stopped: 0.0012744 seconds, Stopping threads took: 0.0004528 seconds
[2023-11-13T00:59:09.571+0000][2939.303s][debug][safepoint     ] Safepoint synchronization initiated. (219 threads)
[2023-11-13T00:59:09.571+0000][2939.303s][info ][safepoint     ] Application time: 1.0002399 seconds
[2023-11-13T00:59:09.571+0000][2939.303s][info ][safepoint     ] Entering safepoint region: Cleanup
[2023-11-13T00:59:09.572+0000][2939.304s][info ][safepoint     ] Leaving safepoint region
[2023-11-13T00:59:09.572+0000][2939.304s][info ][safepoint     ] Total time for which application threads were stopped: 0.0004877 seconds, Stopping threads took: 0.0001233 seconds
[2023-11-13T00:59:22.574+0000][2952.306s][debug][safepoint     ] Safepoint synchronization initiated. (218 threads)
[2023-11-13T00:59:22.574+0000][2952.306s][info ][safepoint     ] Application time: 13.0025018 seconds
[2023-11-13T00:59:22.574+0000][2952.307s][info ][safepoint     ] Entering safepoint region: Cleanup
[2023-11-13T00:59:22.575+0000][2952.307s][info ][safepoint     ] Leaving safepoint region
[2023-11-13T00:59:22.575+0000][2952.307s][info ][safepoint     ] Total time for which application threads were stopped: 0.0004848 seconds, Stopping threads took: 0.0001206 seconds
[2023-11-13T01:00:12.657+0000][3002.390s][debug][safepoint     ] Safepoint synchronization initiated. (216 threads)
[2023-11-13T01:00:12.658+0000][3002.390s][info ][safepoint     ] Application time: 50.0831257 seconds
[2023-11-13T01:00:12.658+0000][3002.391s][info ][safepoint     ] Entering safepoint region: G1CollectForAllocation
[2023-11-13T01:00:12.659+0000][3002.391s][info ][gc,start      ] GC(50) Pause Young (Normal) (G1 Evacuation Pause)
[2023-11-13T01:00:12.659+0000][3002.392s][info ][gc,task       ] GC(50) Using 6 workers of 6 for evacuation
[2023-11-13T01:00:12.717+0000][3002.449s][info ][gc,phases     ] GC(50)   Pre Evacuate Collection Set: 0.1ms
[2023-11-13T01:00:12.718+0000][3002.450s][info ][gc,phases     ] GC(50)   Evacuate Collection Set: 40.4ms
[2023-11-13T01:00:12.718+0000][3002.450s][info ][gc,phases     ] GC(50)   Post Evacuate Collection Set: 16.3ms
[2023-11-13T01:00:12.718+0000][3002.450s][info ][gc,phases     ] GC(50)   Other: 1.4ms
[2023-11-13T01:00:12.718+0000][3002.451s][info ][gc,heap       ] GC(50) Eden regions: 391->0(402)
[2023-11-13T01:00:12.718+0000][3002.451s][info ][gc,heap       ] GC(50) Survivor regions: 14->8(51)
[2023-11-13T01:00:12.718+0000][3002.451s][info ][gc,heap       ] GC(50) Old regions: 147->152
[2023-11-13T01:00:12.718+0000][3002.451s][info ][gc,heap       ] GC(50) Humongous regions: 0->0
[2023-11-13T01:00:12.718+0000][3002.451s][info ][gc,metaspace  ] GC(50) Metaspace: 166496K(172116K)->166496K(172116K) NonClass: 147407K(150872K)->147407K(150872K) Class: 19088K(21244K)->19088K(21244K)
[2023-11-13T01:00:12.719+0000][3002.451s][info ][gc            ] GC(50) Pause Young (Normal) (G1 Evacuation Pause) 549M->158M(696M) 59.342ms
[2023-11-13T01:00:12.719+0000][3002.451s][info ][gc,cpu        ] GC(50) User=0.14s Sys=0.00s Real=0.06s
[2023-11-13T01:00:12.719+0000][3002.451s][info ][safepoint     ] Leaving safepoint region
[2023-11-13T01:00:12.719+0000][3002.451s][info ][safepoint     ] Total time for which application threads were stopped: 0.0606462 seconds, Stopping threads took: 0.0004144 seconds
[2023-11-13T01:00:12.719+0000][3002.451s][info ][gc,stringdedup] Concurrent String Deduplication (3002.451s)
[2023-11-13T01:00:12.719+0000][3002.451s][info ][gc,stringdedup] Concurrent String Deduplication 1064.0B->840.0B(224.0B) avg 53.9% (3002.451s, 3002.451s) 0.252ms
[2023-11-13T01:00:13.719+0000][3003.451s][debug][safepoint     ] Safepoint synchronization initiated. (216 threads)
[2023-11-13T01:00:13.720+0000][3003.452s][info ][safepoint     ] Application time: 1.0010959 seconds
[2023-11-13T01:00:13.720+0000][3003.452s][info ][safepoint     ] Entering safepoint region: Cleanup
[2023-11-13T01:00:13.721+0000][3003.453s][info ][safepoint     ] Leaving safepoint region
[2023-11-13T01:00:13.721+0000][3003.453s][info ][safepoint     ] Total time for which application threads were stopped: 0.0007095 seconds, Stopping threads took: 0.0001505 seconds
[2023-11-13T01:00:49.736+0000][3039.468s][debug][safepoint     ] Safepoint synchronization initiated. (215 threads)
[2023-11-13T01:00:49.736+0000][3039.469s][info ][safepoint     ] Application time: 36.0155341 seconds
[2023-11-13T01:00:49.736+0000][3039.469s][info ][safepoint     ] Entering safepoint region: Cleanup
[2023-11-13T01:00:49.737+0000][3039.469s][info ][safepoint     ] Leaving safepoint region
[2023-11-13T01:00:49.737+0000][3039.469s][info ][safepoint     ] Total time for which application threads were stopped: 0.0006571 seconds, Stopping threads took: 0.0000910 seconds
[2023-11-13T01:01:00.738+0000][3050.471s][debug][safepoint     ] Safepoint synchronization initiated. (215 threads)
[2023-11-13T01:01:00.739+0000][3050.471s][info ][safepoint     ] Application time: 11.0021437 seconds
[2023-11-13T01:01:00.740+0000][3050.472s][info ][safepoint     ] Entering safepoint region: Cleanup
[2023-11-13T01:01:00.741+0000][3050.473s][info ][safepoint     ] Leaving safepoint region
[2023-11-13T01:01:00.741+0000][3050.473s][info ][safepoint     ] Total time for which application threads were stopped: 0.0013491 seconds, Stopping threads took: 0.0004580 seconds
[2023-11-13T01:02:16.779+0000][3126.511s][debug][safepoint     ] Safepoint synchronization initiated. (212 threads)
[2023-11-13T01:02:16.779+0000][3126.511s][info ][safepoint     ] Application time: 76.0375143 seconds
[2023-11-13T01:02:16.779+0000][3126.511s][info ][safepoint     ] Entering safepoint region: Cleanup
[2023-11-13T01:02:16.779+0000][3126.512s][info ][safepoint     ] Leaving safepoint region
[2023-11-13T01:02:16.779+0000][3126.512s][info ][safepoint     ] Total time for which application threads were stopped: 0.0006943 seconds, Stopping threads took: 0.0001399 seconds
[2023-11-13T01:06:15.923+0000][3365.655s][debug][safepoint     ] Safepoint synchronization initiated. (204 threads)
[2023-11-13T01:06:15.923+0000][3365.655s][info ][safepoint     ] Application time: 239.1433370 seconds
[2023-11-13T01:06:15.923+0000][3365.655s][info ][safepoint     ] Entering safepoint region: Cleanup
[2023-11-13T01:06:15.923+0000][3365.655s][info ][safepoint     ] Leaving safepoint region
[2023-11-13T01:06:15.923+0000][3365.656s][info ][safepoint     ] Total time for which application threads were stopped: 0.0003514 seconds, Stopping threads took: 0.0001140 seconds
[2023-11-13T01:06:22.925+0000][3372.657s][debug][safepoint     ] Safepoint synchronization initiated. (204 threads)
[2023-11-13T01:06:22.925+0000][3372.657s][info ][safepoint     ] Application time: 7.0014756 seconds
[2023-11-13T01:06:22.925+0000][3372.657s][info ][safepoint     ] Entering safepoint region: Cleanup
[2023-11-13T01:06:22.925+0000][3372.657s][info ][safepoint     ] Leaving safepoint region
[2023-11-13T01:06:22.925+0000][3372.657s][info ][safepoint     ] Total time for which application threads were stopped: 0.0003153 seconds, Stopping threads took: 0.0000849 seconds
[2023-11-13T01:07:52.258+0000][3461.990s][debug][safepoint     ] Safepoint synchronization initiated. (202 threads)
[2023-11-13T01:07:52.258+0000][3461.990s][info ][safepoint     ] Application time: 89.3325959 seconds
[2023-11-13T01:07:52.258+0000][3461.990s][info ][safepoint     ] Entering safepoint region: G1CollectForAllocation
[2023-11-13T01:07:52.259+0000][3461.991s][info ][gc,start      ] GC(51) Pause Young (Normal) (G1 Evacuation Pause)
[2023-11-13T01:07:52.259+0000][3461.991s][info ][gc,task       ] GC(51) Using 6 workers of 6 for evacuation
[2023-11-13T01:07:52.271+0000][3462.003s][info ][gc,phases     ] GC(51)   Pre Evacuate Collection Set: 0.1ms
[2023-11-13T01:07:52.271+0000][3462.003s][info ][gc,phases     ] GC(51)   Evacuate Collection Set: 7.3ms
[2023-11-13T01:07:52.271+0000][3462.003s][info ][gc,phases     ] GC(51)   Post Evacuate Collection Set: 4.8ms
[2023-11-13T01:07:52.271+0000][3462.003s][info ][gc,phases     ] GC(51)   Other: 0.5ms
[2023-11-13T01:07:52.271+0000][3462.003s][info ][gc,heap       ] GC(51) Eden regions: 402->0(406)
[2023-11-13T01:07:52.271+0000][3462.003s][info ][gc,heap       ] GC(51) Survivor regions: 8->7(52)
[2023-11-13T01:07:52.271+0000][3462.003s][info ][gc,heap       ] GC(51) Old regions: 152->152
[2023-11-13T01:07:52.271+0000][3462.003s][info ][gc,heap       ] GC(51) Humongous regions: 0->0
[2023-11-13T01:07:52.271+0000][3462.004s][info ][gc,metaspace  ] GC(51) Metaspace: 166543K(172116K)->166543K(172116K) NonClass: 147455K(150872K)->147455K(150872K) Class: 19088K(21244K)->19088K(21244K)
[2023-11-13T01:07:52.271+0000][3462.004s][info ][gc            ] GC(51) Pause Young (Normal) (G1 Evacuation Pause) 560M->157M(696M) 12.776ms
[2023-11-13T01:07:52.271+0000][3462.004s][info ][gc,cpu        ] GC(51) User=0.05s Sys=0.00s Real=0.01s
[2023-11-13T01:07:52.271+0000][3462.004s][info ][safepoint     ] Leaving safepoint region
[2023-11-13T01:07:52.271+0000][3462.004s][info ][safepoint     ] Total time for which application threads were stopped: 0.0137307 seconds, Stopping threads took: 0.0001027 seconds
[2023-11-13T01:07:52.274+0000][3462.006s][info ][gc,stringdedup] Concurrent String Deduplication (3462.006s)
[2023-11-13T01:07:52.274+0000][3462.006s][info ][gc,stringdedup] Concurrent String Deduplication 1168.0B->360.0B(808.0B) avg 53.9% (3462.006s, 3462.006s) 0.129ms
[2023-11-13T01:07:53.272+0000][3463.004s][debug][safepoint     ] Safepoint synchronization initiated. (202 threads)
[2023-11-13T01:07:53.272+0000][3463.004s][info ][safepoint     ] Application time: 1.0001992 seconds
[2023-11-13T01:07:53.272+0000][3463.004s][info ][safepoint     ] Entering safepoint region: Cleanup
[2023-11-13T01:07:53.272+0000][3463.004s][info ][safepoint     ] Leaving safepoint region
[2023-11-13T01:07:53.272+0000][3463.004s][info ][safepoint     ] Total time for which application threads were stopped: 0.0003627 seconds, Stopping threads took: 0.0000937 seconds
[2023-11-13T01:07:56.278+0000][3466.010s][debug][safepoint     ] Safepoint synchronization initiated. (202 threads)
[2023-11-13T01:07:56.278+0000][3466.010s][info ][safepoint     ] Application time: 3.0061478 seconds
[2023-11-13T01:07:56.278+0000][3466.011s][info ][safepoint     ] Entering safepoint region: Cleanup
[2023-11-13T01:07:56.279+0000][3466.011s][info ][safepoint     ] Leaving safepoint region
[2023-11-13T01:07:56.279+0000][3466.011s][info ][safepoint     ] Total time for which application threads were stopped: 0.0005073 seconds, Stopping threads took: 0.0000896 seconds
[2023-11-13T01:08:01.280+0000][3471.012s][debug][safepoint     ] Safepoint synchronization initiated. (202 threads)
[2023-11-13T01:08:01.280+0000][3471.013s][info ][safepoint     ] Application time: 5.0015606 seconds
[2023-11-13T01:08:01.280+0000][3471.013s][info ][safepoint     ] Entering safepoint region: Cleanup
[2023-11-13T01:08:01.281+0000][3471.013s][info ][safepoint     ] Leaving safepoint region
[2023-11-13T01:08:01.281+0000][3471.013s][info ][safepoint     ] Total time for which application threads were stopped: 0.0004160 seconds, Stopping threads took: 0.0000854 seconds
[2023-11-13T01:08:16.283+0000][3486.016s][debug][safepoint     ] Safepoint synchronization initiated. (202 threads)
[2023-11-13T01:08:16.283+0000][3486.016s][info ][safepoint     ] Application time: 15.0026474 seconds
[2023-11-13T01:08:16.283+0000][3486.016s][info ][safepoint     ] Entering safepoint region: Cleanup
[2023-11-13T01:08:16.284+0000][3486.016s][info ][safepoint     ] Leaving safepoint region
[2023-11-13T01:08:16.284+0000][3486.016s][info ][safepoint     ] Total time for which application threads were stopped: 0.0003563 seconds, Stopping threads took: 0.0000836 seconds
[2023-11-13T01:08:36.296+0000][3506.028s][debug][safepoint     ] Safepoint synchronization initiated. (202 threads)
[2023-11-13T01:08:36.296+0000][3506.028s][info ][safepoint     ] Application time: 20.0120911 seconds
[2023-11-13T01:08:36.296+0000][3506.029s][info ][safepoint     ] Entering safepoint region: Cleanup
[2023-11-13T01:08:36.297+0000][3506.029s][info ][safepoint     ] Leaving safepoint region
[2023-11-13T01:08:36.297+0000][3506.029s][info ][safepoint     ] Total time for which application threads were stopped: 0.0004355 seconds, Stopping threads took: 0.0000934 seconds
[2023-11-13T01:09:13.306+0000][3543.038s][debug][safepoint     ] Safepoint synchronization initiated. (203 threads)
[2023-11-13T01:09:13.306+0000][3543.038s][info ][safepoint     ] Application time: 37.0093125 seconds
[2023-11-13T01:09:13.306+0000][3543.038s][info ][safepoint     ] Entering safepoint region: Cleanup
[2023-11-13T01:09:13.306+0000][3543.039s][info ][safepoint     ] Leaving safepoint region
[2023-11-13T01:09:13.306+0000][3543.039s][info ][safepoint     ] Total time for which application threads were stopped: 0.0003872 seconds, Stopping threads took: 0.0001086 seconds
[2023-11-13T01:09:13.306+0000][3543.039s][debug][safepoint     ] ... found polling page return exception at pc = 0x00007f3798afd432, stub =0x00007f3790841800
[2023-11-13T01:09:28.312+0000][3558.044s][debug][safepoint     ] Safepoint synchronization initiated. (203 threads)
[2023-11-13T01:09:28.312+0000][3558.044s][info ][safepoint     ] Application time: 15.0056424 seconds
[2023-11-13T01:09:28.312+0000][3558.044s][info ][safepoint     ] Entering safepoint region: Cleanup
[2023-11-13T01:09:28.312+0000][3558.045s][info ][safepoint     ] Leaving safepoint region
[2023-11-13T01:09:28.312+0000][3558.045s][info ][safepoint     ] Total time for which application threads were stopped: 0.0003215 seconds, Stopping threads took: 0.0000862 seconds
[2023-11-13T01:09:37.314+0000][3567.046s][debug][safepoint     ] Safepoint synchronization initiated. (202 threads)
[2023-11-13T01:09:37.314+0000][3567.046s][info ][safepoint     ] Application time: 9.0012754 seconds
[2023-11-13T01:09:37.314+0000][3567.046s][info ][safepoint     ] Entering safepoint region: Cleanup
[2023-11-13T01:09:37.314+0000][3567.046s][info ][safepoint     ] Leaving safepoint region
[2023-11-13T01:09:37.314+0000][3567.046s][info ][safepoint     ] Total time for which application threads were stopped: 0.0003582 seconds, Stopping threads took: 0.0000939 seconds
[2023-11-13T01:09:46.320+0000][3576.052s][debug][safepoint     ] Safepoint synchronization initiated. (199 threads)
[2023-11-13T01:09:46.320+0000][3576.052s][info ][safepoint     ] Application time: 9.0056844 seconds
[2023-11-13T01:09:46.320+0000][3576.052s][info ][safepoint     ] Entering safepoint region: Cleanup
[2023-11-13T01:09:46.320+0000][3576.053s][info ][safepoint     ] Leaving safepoint region
[2023-11-13T01:09:46.320+0000][3576.053s][info ][safepoint     ] Total time for which application threads were stopped: 0.0006201 seconds, Stopping threads took: 0.0001523 seconds
[2023-11-13T01:09:55.321+0000][3585.054s][debug][safepoint     ] Safepoint synchronization initiated. (201 threads)
[2023-11-13T01:09:55.322+0000][3585.054s][info ][safepoint     ] Application time: 9.0012507 seconds
[2023-11-13T01:09:55.322+0000][3585.054s][info ][safepoint     ] Entering safepoint region: Cleanup
[2023-11-13T01:09:55.322+0000][3585.055s][info ][safepoint     ] Leaving safepoint region
[2023-11-13T01:09:55.322+0000][3585.055s][info ][safepoint     ] Total time for which application threads were stopped: 0.0004645 seconds, Stopping threads took: 0.0000978 seconds
[2023-11-13T01:10:03.326+0000][3593.058s][debug][safepoint     ] Safepoint synchronization initiated. (200 threads)
[2023-11-13T01:10:03.326+0000][3593.058s][info ][safepoint     ] Application time: 8.0036986 seconds
[2023-11-13T01:10:03.326+0000][3593.058s][info ][safepoint     ] Entering safepoint region: Cleanup
[2023-11-13T01:10:03.326+0000][3593.059s][info ][safepoint     ] Leaving safepoint region
[2023-11-13T01:10:03.326+0000][3593.059s][info ][safepoint     ] Total time for which application threads were stopped: 0.0003667 seconds, Stopping threads took: 0.0000805 seconds
[2023-11-13T01:10:54.364+0000][3644.096s][debug][safepoint     ] Safepoint synchronization initiated. (199 threads)
[2023-11-13T01:10:54.364+0000][3644.096s][info ][safepoint     ] Application time: 51.0377272 seconds
[2023-11-13T01:10:54.364+0000][3644.096s][info ][safepoint     ] Entering safepoint region: Cleanup
[2023-11-13T01:10:54.364+0000][3644.097s][info ][safepoint     ] Leaving safepoint region
[2023-11-13T01:10:54.364+0000][3644.097s][info ][safepoint     ] Total time for which application threads were stopped: 0.0003123 seconds, Stopping threads took: 0.0000769 seconds
[2023-11-13T01:11:00.372+0000][3650.104s][debug][safepoint     ] Safepoint synchronization initiated. (199 threads)
[2023-11-13T01:11:00.372+0000][3650.104s][info ][safepoint     ] Application time: 6.0073649 seconds
[2023-11-13T01:11:00.372+0000][3650.104s][info ][safepoint     ] Entering safepoint region: Cleanup
[2023-11-13T01:11:00.373+0000][3650.105s][info ][safepoint     ] Leaving safepoint region
[2023-11-13T01:11:00.373+0000][3650.105s][info ][safepoint     ] Total time for which application threads were stopped: 0.0006832 seconds, Stopping threads took: 0.0001574 seconds
[2023-11-13T01:14:51.502+0000][3881.234s][debug][safepoint     ] Safepoint synchronization initiated. (199 threads)
[2023-11-13T01:14:51.502+0000][3881.234s][info ][safepoint     ] Application time: 231.1294849 seconds
[2023-11-13T01:14:51.502+0000][3881.234s][info ][safepoint     ] Entering safepoint region: Cleanup
[2023-11-13T01:14:51.502+0000][3881.235s][info ][safepoint     ] Leaving safepoint region
[2023-11-13T01:14:51.502+0000][3881.235s][info ][safepoint     ] Total time for which application threads were stopped: 0.0003462 seconds, Stopping threads took: 0.0001082 seconds
[2023-11-13T01:15:13.511+0000][3903.243s][debug][safepoint     ] Safepoint synchronization initiated. (198 threads)
[2023-11-13T01:15:13.511+0000][3903.243s][info ][safepoint     ] Application time: 22.0081983 seconds
[2023-11-13T01:15:13.511+0000][3903.243s][info ][safepoint     ] Entering safepoint region: Cleanup
[2023-11-13T01:15:13.511+0000][3903.243s][info ][safepoint     ] Leaving safepoint region
[2023-11-13T01:15:13.511+0000][3903.243s][info ][safepoint     ] Total time for which application threads were stopped: 0.0003771 seconds, Stopping threads took: 0.0000968 seconds
[2023-11-13T01:15:16.512+0000][3906.244s][debug][safepoint     ] Safepoint synchronization initiated. (198 threads)
[2023-11-13T01:15:16.512+0000][3906.244s][info ][safepoint     ] Application time: 3.0008287 seconds
[2023-11-13T01:15:16.512+0000][3906.244s][info ][safepoint     ] Entering safepoint region: Cleanup
[2023-11-13T01:15:16.518+0000][3906.250s][info ][safepoint     ] Leaving safepoint region
[2023-11-13T01:15:16.518+0000][3906.250s][info ][safepoint     ] Total time for which application threads were stopped: 0.0061441 seconds, Stopping threads took: 0.0000793 seconds
[2023-11-13T01:15:33.879+0000][3923.612s][debug][safepoint     ] Safepoint synchronization initiated. (198 threads)
[2023-11-13T01:15:33.880+0000][3923.612s][info ][safepoint     ] Application time: 17.3614277 seconds
[2023-11-13T01:15:33.880+0000][3923.612s][info ][safepoint     ] Entering safepoint region: G1CollectForAllocation
[2023-11-13T01:15:33.880+0000][3923.612s][info ][gc,start      ] GC(52) Pause Young (Normal) (G1 Evacuation Pause)
[2023-11-13T01:15:33.880+0000][3923.612s][info ][gc,task       ] GC(52) Using 6 workers of 6 for evacuation
[2023-11-13T01:15:33.921+0000][3923.653s][info ][gc,phases     ] GC(52)   Pre Evacuate Collection Set: 0.1ms
[2023-11-13T01:15:33.921+0000][3923.654s][info ][gc,phases     ] GC(52)   Evacuate Collection Set: 17.8ms
[2023-11-13T01:15:33.921+0000][3923.654s][info ][gc,phases     ] GC(52)   Post Evacuate Collection Set: 23.1ms
[2023-11-13T01:15:33.921+0000][3923.654s][info ][gc,phases     ] GC(52)   Other: 0.4ms
[2023-11-13T01:15:33.921+0000][3923.654s][info ][gc,heap       ] GC(52) Eden regions: 406->0(409)
[2023-11-13T01:15:33.921+0000][3923.654s][info ][gc,heap       ] GC(52) Survivor regions: 7->8(52)
[2023-11-13T01:15:33.921+0000][3923.654s][info ][gc,heap       ] GC(52) Old regions: 152->153
[2023-11-13T01:15:33.921+0000][3923.654s][info ][gc,heap       ] GC(52) Humongous regions: 0->0
[2023-11-13T01:15:33.921+0000][3923.654s][info ][gc,metaspace  ] GC(52) Metaspace: 166630K(172116K)->166630K(172116K) NonClass: 147539K(150872K)->147539K(150872K) Class: 19090K(21244K)->19090K(21244K)
[2023-11-13T01:15:33.921+0000][3923.654s][info ][gc            ] GC(52) Pause Young (Normal) (G1 Evacuation Pause) 563M->158M(696M) 41.549ms
[2023-11-13T01:15:33.921+0000][3923.654s][info ][gc,cpu        ] GC(52) User=0.08s Sys=0.00s Real=0.04s
[2023-11-13T01:15:33.922+0000][3923.654s][info ][safepoint     ] Leaving safepoint region
[2023-11-13T01:15:33.922+0000][3923.654s][info ][safepoint     ] Total time for which application threads were stopped: 0.0420156 seconds, Stopping threads took: 0.0000969 seconds
[2023-11-13T01:15:33.922+0000][3923.654s][info ][gc,stringdedup] Concurrent String Deduplication (3923.654s)
[2023-11-13T01:15:33.922+0000][3923.654s][info ][gc,stringdedup] Concurrent String Deduplication 71024.0B->33616.0B(37408.0B) avg 53.9% (3923.654s, 3923.654s) 0.599ms
[2023-11-13T01:16:39.935+0000][3989.667s][debug][safepoint     ] Safepoint synchronization initiated. (199 threads)
[2023-11-13T01:16:39.935+0000][3989.667s][info ][safepoint     ] Application time: 66.0133731 seconds
[2023-11-13T01:16:39.935+0000][3989.667s][info ][safepoint     ] Entering safepoint region: Cleanup
[2023-11-13T01:16:39.935+0000][3989.668s][info ][safepoint     ] Leaving safepoint region
[2023-11-13T01:16:39.935+0000][3989.668s][info ][safepoint     ] Total time for which application threads were stopped: 0.0004037 seconds, Stopping threads took: 0.0000796 seconds
[2023-11-13T01:17:07.944+0000][4017.676s][debug][safepoint     ] Safepoint synchronization initiated. (198 threads)
[2023-11-13T01:17:07.944+0000][4017.676s][info ][safepoint     ] Application time: 28.0086156 seconds
[2023-11-13T01:17:07.944+0000][4017.676s][info ][safepoint     ] Entering safepoint region: Cleanup
[2023-11-13T01:17:07.944+0000][4017.677s][info ][safepoint     ] Leaving safepoint region
[2023-11-13T01:17:07.944+0000][4017.677s][info ][safepoint     ] Total time for which application threads were stopped: 0.0003112 seconds, Stopping threads took: 0.0000867 seconds
[2023-11-13T01:18:08.963+0000][4078.696s][debug][safepoint     ] Safepoint synchronization initiated. (217 threads)
[2023-11-13T01:18:08.963+0000][4078.696s][info ][safepoint     ] Application time: 61.0191596 seconds
[2023-11-13T01:18:08.964+0000][4078.696s][info ][safepoint     ] Entering safepoint region: Cleanup
[2023-11-13T01:18:08.969+0000][4078.701s][info ][safepoint     ] Leaving safepoint region
[2023-11-13T01:18:08.969+0000][4078.701s][info ][safepoint     ] Total time for which application threads were stopped: 0.0054872 seconds, Stopping threads took: 0.0001281 seconds
[2023-11-13T01:18:09.969+0000][4079.701s][debug][safepoint     ] Safepoint synchronization initiated. (217 threads)
[2023-11-13T01:18:09.969+0000][4079.701s][info ][safepoint     ] Application time: 1.0001441 seconds
[2023-11-13T01:18:09.969+0000][4079.702s][info ][safepoint     ] Entering safepoint region: Cleanup
[2023-11-13T01:18:09.970+0000][4079.702s][info ][safepoint     ] Leaving safepoint region
[2023-11-13T01:18:09.970+0000][4079.702s][info ][safepoint     ] Total time for which application threads were stopped: 0.0005420 seconds, Stopping threads took: 0.0000743 seconds
[2023-11-13T01:18:10.970+0000][4080.702s][debug][safepoint     ] Safepoint synchronization initiated. (220 threads)
[2023-11-13T01:18:10.970+0000][4080.703s][info ][safepoint     ] Application time: 1.0006253 seconds
[2023-11-13T01:18:10.971+0000][4080.703s][info ][safepoint     ] Entering safepoint region: Cleanup
[2023-11-13T01:18:10.971+0000][4080.703s][info ][safepoint     ] Leaving safepoint region
[2023-11-13T01:18:10.971+0000][4080.703s][info ][safepoint     ] Total time for which application threads were stopped: 0.0006540 seconds, Stopping threads took: 0.0002266 seconds
[2023-11-13T01:18:11.972+0000][4081.705s][debug][safepoint     ] Safepoint synchronization initiated. (220 threads)
[2023-11-13T01:18:11.973+0000][4081.705s][info ][safepoint     ] Application time: 1.0015222 seconds
[2023-11-13T01:18:11.973+0000][4081.705s][info ][safepoint     ] Entering safepoint region: Cleanup
[2023-11-13T01:18:11.973+0000][4081.706s][info ][safepoint     ] Leaving safepoint region
[2023-11-13T01:18:11.974+0000][4081.706s][info ][safepoint     ] Total time for which application threads were stopped: 0.0007596 seconds, Stopping threads took: 0.0000863 seconds
[2023-11-13T01:18:12.974+0000][4082.706s][debug][safepoint     ] Safepoint synchronization initiated. (220 threads)
[2023-11-13T01:18:12.974+0000][4082.706s][info ][safepoint     ] Application time: 1.0001700 seconds
[2023-11-13T01:18:12.974+0000][4082.706s][info ][safepoint     ] Entering safepoint region: Cleanup
[2023-11-13T01:18:12.975+0000][4082.707s][info ][safepoint     ] Leaving safepoint region
[2023-11-13T01:18:12.975+0000][4082.707s][info ][safepoint     ] Total time for which application threads were stopped: 0.0007650 seconds, Stopping threads took: 0.0000974 seconds
[2023-11-13T01:18:13.976+0000][4083.708s][debug][safepoint     ] Safepoint synchronization initiated. (220 threads)
[2023-11-13T01:18:13.976+0000][4083.708s][info ][safepoint     ] Application time: 1.0012060 seconds
[2023-11-13T01:18:13.976+0000][4083.708s][info ][safepoint     ] Entering safepoint region: Cleanup
[2023-11-13T01:18:13.976+0000][4083.709s][info ][safepoint     ] Leaving safepoint region
[2023-11-13T01:18:13.976+0000][4083.709s][info ][safepoint     ] Total time for which application threads were stopped: 0.0005577 seconds, Stopping threads took: 0.0000872 seconds
[2023-11-13T01:18:14.977+0000][4084.709s][debug][safepoint     ] Safepoint synchronization initiated. (220 threads)
[2023-11-13T01:18:14.977+0000][4084.709s][info ][safepoint     ] Application time: 1.0002583 seconds
[2023-11-13T01:18:14.977+0000][4084.709s][debug][safepoint     ] ... found polling page return exception at pc = 0x00007f3799377391, stub =0x00007f3790841800
[2023-11-13T01:18:14.977+0000][4084.710s][debug][safepoint     ] Waiting for 1 thread(s) to block
[2023-11-13T01:18:14.978+0000][4084.710s][info ][safepoint     ] Entering safepoint region: Cleanup
[2023-11-13T01:18:14.978+0000][4084.711s][info ][safepoint     ] Leaving safepoint region
[2023-11-13T01:18:14.978+0000][4084.711s][info ][safepoint     ] Total time for which application threads were stopped: 0.0016997 seconds, Stopping threads took: 0.0013210 seconds
[2023-11-13T01:18:15.979+0000][4085.711s][debug][safepoint     ] Safepoint synchronization initiated. (221 threads)
[2023-11-13T01:18:15.979+0000][4085.711s][info ][safepoint     ] Application time: 1.0001596 seconds
[2023-11-13T01:18:15.979+0000][4085.711s][info ][safepoint     ] Entering safepoint region: Cleanup
[2023-11-13T01:18:15.979+0000][4085.711s][info ][safepoint     ] Leaving safepoint region
[2023-11-13T01:18:15.979+0000][4085.711s][info ][safepoint     ] Total time for which application threads were stopped: 0.0004375 seconds, Stopping threads took: 0.0000811 seconds
[2023-11-13T01:18:16.979+0000][4086.711s][debug][safepoint     ] Safepoint synchronization initiated. (221 threads)
[2023-11-13T01:18:16.979+0000][4086.712s][info ][safepoint     ] Application time: 1.0002409 seconds
[2023-11-13T01:18:16.979+0000][4086.712s][info ][safepoint     ] Entering safepoint region: Cleanup
[2023-11-13T01:18:16.980+0000][4086.712s][info ][safepoint     ] Leaving safepoint region
[2023-11-13T01:18:16.980+0000][4086.712s][info ][safepoint     ] Total time for which application threads were stopped: 0.0008469 seconds, Stopping threads took: 0.0001469 seconds
[2023-11-13T01:18:17.586+0000][4087.319s][debug][safepoint     ] Safepoint synchronization initiated. (224 threads)
[2023-11-13T01:18:17.586+0000][4087.319s][info ][safepoint     ] Application time: 0.6062772 seconds
[2023-11-13T01:18:17.587+0000][4087.319s][info ][safepoint     ] Entering safepoint region: G1CollectForAllocation
[2023-11-13T01:18:17.587+0000][4087.319s][info ][gc,start      ] GC(53) Pause Young (Normal) (G1 Evacuation Pause)
[2023-11-13T01:18:17.587+0000][4087.319s][info ][gc,task       ] GC(53) Using 6 workers of 6 for evacuation
[2023-11-13T01:18:17.624+0000][4087.357s][info ][gc,phases     ] GC(53)   Pre Evacuate Collection Set: 0.1ms
[2023-11-13T01:18:17.625+0000][4087.357s][info ][gc,phases     ] GC(53)   Evacuate Collection Set: 22.7ms
[2023-11-13T01:18:17.625+0000][4087.357s][info ][gc,phases     ] GC(53)   Post Evacuate Collection Set: 14.4ms
[2023-11-13T01:18:17.625+0000][4087.357s][info ][gc,phases     ] GC(53)   Other: 0.4ms
[2023-11-13T01:18:17.625+0000][4087.357s][info ][gc,heap       ] GC(53) Eden regions: 409->0(408)
[2023-11-13T01:18:17.625+0000][4087.357s][info ][gc,heap       ] GC(53) Survivor regions: 8->9(53)
[2023-11-13T01:18:17.625+0000][4087.357s][info ][gc,heap       ] GC(53) Old regions: 153->153
[2023-11-13T01:18:17.625+0000][4087.357s][info ][gc,heap       ] GC(53) Humongous regions: 0->0
[2023-11-13T01:18:17.625+0000][4087.357s][info ][gc,metaspace  ] GC(53) Metaspace: 166646K(172116K)->166646K(172116K) NonClass: 147555K(150872K)->147555K(150872K) Class: 19090K(21244K)->19090K(21244K)
[2023-11-13T01:18:17.625+0000][4087.357s][info ][gc            ] GC(53) Pause Young (Normal) (G1 Evacuation Pause) 567M->159M(696M) 37.736ms
[2023-11-13T01:18:17.625+0000][4087.357s][info ][gc,cpu        ] GC(53) User=0.09s Sys=0.00s Real=0.03s
[2023-11-13T01:18:17.625+0000][4087.357s][info ][safepoint     ] Leaving safepoint region
[2023-11-13T01:18:17.625+0000][4087.357s][info ][safepoint     ] Total time for which application threads were stopped: 0.0383481 seconds, Stopping threads took: 0.0000975 seconds
[2023-11-13T01:18:17.625+0000][4087.357s][info ][gc,stringdedup] Concurrent String Deduplication (4087.357s)
[2023-11-13T01:18:17.625+0000][4087.357s][info ][gc,stringdedup] Concurrent String Deduplication 40.0B->40.0B(0.0B) avg 53.9% (4087.357s, 4087.357s) 0.029ms
[2023-11-13T01:18:18.630+0000][4088.362s][debug][safepoint     ] Safepoint synchronization initiated. (224 threads)
[2023-11-13T01:18:18.630+0000][4088.362s][info ][safepoint     ] Application time: 1.0051944 seconds
[2023-11-13T01:18:18.630+0000][4088.362s][info ][safepoint     ] Entering safepoint region: Cleanup
[2023-11-13T01:18:18.631+0000][4088.363s][info ][safepoint     ] Leaving safepoint region
[2023-11-13T01:18:18.631+0000][4088.363s][info ][safepoint     ] Total time for which application threads were stopped: 0.0007198 seconds, Stopping threads took: 0.0000834 seconds
[2023-11-13T01:18:19.631+0000][4089.363s][debug][safepoint     ] Safepoint synchronization initiated. (224 threads)
[2023-11-13T01:18:19.631+0000][4089.363s][info ][safepoint     ] Application time: 1.0001705 seconds
[2023-11-13T01:18:19.631+0000][4089.363s][info ][safepoint     ] Entering safepoint region: Cleanup
[2023-11-13T01:18:19.631+0000][4089.364s][info ][safepoint     ] Leaving safepoint region
[2023-11-13T01:18:19.631+0000][4089.364s][info ][safepoint     ] Total time for which application threads were stopped: 0.0003106 seconds, Stopping threads took: 0.0000882 seconds
[2023-11-13T01:18:20.631+0000][4090.364s][debug][safepoint     ] Safepoint synchronization initiated. (224 threads)
[2023-11-13T01:18:20.632+0000][4090.364s][info ][safepoint     ] Application time: 1.0001664 seconds
[2023-11-13T01:18:20.632+0000][4090.364s][info ][safepoint     ] Entering safepoint region: Cleanup
[2023-11-13T01:18:20.632+0000][4090.364s][info ][safepoint     ] Leaving safepoint region
[2023-11-13T01:18:20.632+0000][4090.364s][info ][safepoint     ] Total time for which application threads were stopped: 0.0004257 seconds, Stopping threads took: 0.0000835 seconds
[2023-11-13T01:18:20.632+0000][4090.364s][debug][safepoint     ] ... found polling page return exception at pc = 0x00007f3798afd432, stub =0x00007f3790841800
[2023-11-13T01:18:21.634+0000][4091.366s][debug][safepoint     ] Safepoint synchronization initiated. (225 threads)
[2023-11-13T01:18:21.634+0000][4091.366s][info ][safepoint     ] Application time: 1.0020718 seconds
[2023-11-13T01:18:21.634+0000][4091.366s][info ][safepoint     ] Entering safepoint region: Cleanup
[2023-11-13T01:18:21.634+0000][4091.367s][info ][safepoint     ] Leaving safepoint region
[2023-11-13T01:18:21.634+0000][4091.367s][info ][safepoint     ] Total time for which application threads were stopped: 0.0003835 seconds, Stopping threads took: 0.0000915 seconds
[2023-11-13T01:18:22.635+0000][4092.367s][debug][safepoint     ] Safepoint synchronization initiated. (225 threads)
[2023-11-13T01:18:22.635+0000][4092.367s][info ][safepoint     ] Application time: 1.0001963 seconds
[2023-11-13T01:18:22.635+0000][4092.367s][info ][safepoint     ] Entering safepoint region: Cleanup
[2023-11-13T01:18:22.635+0000][4092.367s][info ][safepoint     ] Leaving safepoint region
[2023-11-13T01:18:22.635+0000][4092.367s][info ][safepoint     ] Total time for which application threads were stopped: 0.0004748 seconds, Stopping threads took: 0.0000997 seconds
[2023-11-13T01:18:23.638+0000][4093.370s][debug][safepoint     ] Safepoint synchronization initiated. (225 threads)
[2023-11-13T01:18:23.638+0000][4093.370s][info ][safepoint     ] Application time: 1.0030372 seconds
[2023-11-13T01:18:23.638+0000][4093.371s][info ][safepoint     ] Entering safepoint region: Cleanup
[2023-11-13T01:18:23.639+0000][4093.371s][info ][safepoint     ] Leaving safepoint region
[2023-11-13T01:18:23.639+0000][4093.371s][info ][safepoint     ] Total time for which application threads were stopped: 0.0005241 seconds, Stopping threads took: 0.0000965 seconds
[2023-11-13T01:18:24.639+0000][4094.371s][debug][safepoint     ] Safepoint synchronization initiated. (225 threads)
[2023-11-13T01:18:24.639+0000][4094.371s][info ][safepoint     ] Application time: 1.0001810 seconds
[2023-11-13T01:18:24.639+0000][4094.371s][info ][safepoint     ] Entering safepoint region: Cleanup
[2023-11-13T01:18:24.640+0000][4094.372s][info ][safepoint     ] Leaving safepoint region
[2023-11-13T01:18:24.640+0000][4094.372s][info ][safepoint     ] Total time for which application threads were stopped: 0.0006290 seconds, Stopping threads took: 0.0000944 seconds
[2023-11-13T01:18:25.641+0000][4095.373s][debug][safepoint     ] Safepoint synchronization initiated. (225 threads)
[2023-11-13T01:18:25.641+0000][4095.373s][info ][safepoint     ] Application time: 1.0012627 seconds
[2023-11-13T01:18:25.641+0000][4095.373s][info ][safepoint     ] Entering safepoint region: Cleanup
[2023-11-13T01:18:25.641+0000][4095.373s][info ][safepoint     ] Leaving safepoint region
[2023-11-13T01:18:25.641+0000][4095.374s][info ][safepoint     ] Total time for which application threads were stopped: 0.0003534 seconds, Stopping threads took: 0.0000916 seconds
[2023-11-13T01:18:26.642+0000][4096.374s][debug][safepoint     ] Safepoint synchronization initiated. (225 threads)
[2023-11-13T01:18:26.642+0000][4096.374s][info ][safepoint     ] Application time: 1.0008284 seconds
[2023-11-13T01:18:26.642+0000][4096.374s][info ][safepoint     ] Entering safepoint region: Cleanup
[2023-11-13T01:18:26.642+0000][4096.375s][info ][safepoint     ] Leaving safepoint region
[2023-11-13T01:18:26.642+0000][4096.375s][info ][safepoint     ] Total time for which application threads were stopped: 0.0004080 seconds, Stopping threads took: 0.0000884 seconds
[2023-11-13T01:18:27.647+0000][4097.379s][debug][safepoint     ] Safepoint synchronization initiated. (227 threads)
[2023-11-13T01:18:27.647+0000][4097.379s][info ][safepoint     ] Application time: 1.0041566 seconds
[2023-11-13T01:18:27.647+0000][4097.379s][info ][safepoint     ] Entering safepoint region: Cleanup
[2023-11-13T01:18:27.649+0000][4097.381s][info ][safepoint     ] Leaving safepoint region
[2023-11-13T01:18:27.649+0000][4097.381s][info ][safepoint     ] Total time for which application threads were stopped: 0.0025166 seconds, Stopping threads took: 0.0000920 seconds
[2023-11-13T01:18:28.650+0000][4098.382s][debug][safepoint     ] Safepoint synchronization initiated. (227 threads)
[2023-11-13T01:18:28.650+0000][4098.382s][info ][safepoint     ] Application time: 1.0008235 seconds
[2023-11-13T01:18:28.650+0000][4098.382s][info ][safepoint     ] Entering safepoint region: Cleanup
[2023-11-13T01:18:28.656+0000][4098.388s][info ][safepoint     ] Leaving safepoint region
[2023-11-13T01:18:28.656+0000][4098.388s][info ][safepoint     ] Total time for which application threads were stopped: 0.0060458 seconds, Stopping threads took: 0.0000931 seconds
[2023-11-13T01:18:29.657+0000][4099.390s][debug][safepoint     ] Safepoint synchronization initiated. (227 threads)
[2023-11-13T01:18:29.658+0000][4099.390s][info ][safepoint     ] Application time: 1.0013768 seconds
[2023-11-13T01:18:29.658+0000][4099.390s][info ][safepoint     ] Entering safepoint region: Cleanup
[2023-11-13T01:18:29.658+0000][4099.390s][info ][safepoint     ] Leaving safepoint region
[2023-11-13T01:18:29.658+0000][4099.390s][info ][safepoint     ] Total time for which application threads were stopped: 0.0005504 seconds, Stopping threads took: 0.0000910 seconds
[2023-11-13T01:18:30.661+0000][4100.393s][debug][safepoint     ] Safepoint synchronization initiated. (227 threads)
[2023-11-13T01:18:30.661+0000][4100.393s][info ][safepoint     ] Application time: 1.0030808 seconds
[2023-11-13T01:18:30.661+0000][4100.394s][info ][safepoint     ] Entering safepoint region: Cleanup
[2023-11-13T01:18:30.662+0000][4100.394s][info ][safepoint     ] Leaving safepoint region
[2023-11-13T01:18:30.662+0000][4100.394s][info ][safepoint     ] Total time for which application threads were stopped: 0.0003712 seconds, Stopping threads took: 0.0000914 seconds
[2023-11-13T01:18:31.648+0000][4101.380s][debug][safepoint     ] Safepoint synchronization initiated. (227 threads)
[2023-11-13T01:18:31.648+0000][4101.380s][info ][safepoint     ] Application time: 0.9866095 seconds
[2023-11-13T01:18:31.648+0000][4101.381s][debug][safepoint     ] ... found polling page loop exception at pc = 0x00007f3798fb3c6a, stub =0x00007f3790841b00
[2023-11-13T01:18:31.648+0000][4101.381s][debug][safepoint     ] Waiting for 1 thread(s) to block
[2023-11-13T01:18:31.648+0000][4101.381s][info ][safepoint     ] Entering safepoint region: G1CollectForAllocation
[2023-11-13T01:18:31.649+0000][4101.381s][info ][gc,start      ] GC(54) Pause Young (Normal) (G1 Evacuation Pause)
[2023-11-13T01:18:31.649+0000][4101.381s][info ][gc,task       ] GC(54) Using 6 workers of 6 for evacuation
[2023-11-13T01:18:31.711+0000][4101.444s][info ][gc,phases     ] GC(54)   Pre Evacuate Collection Set: 0.0ms
[2023-11-13T01:18:31.711+0000][4101.444s][info ][gc,phases     ] GC(54)   Evacuate Collection Set: 26.5ms
[2023-11-13T01:18:31.711+0000][4101.444s][info ][gc,phases     ] GC(54)   Post Evacuate Collection Set: 35.6ms
[2023-11-13T01:18:31.711+0000][4101.444s][info ][gc,phases     ] GC(54)   Other: 0.5ms
[2023-11-13T01:18:31.712+0000][4101.444s][info ][gc,heap       ] GC(54) Eden regions: 408->0(407)
[2023-11-13T01:18:31.712+0000][4101.444s][info ][gc,heap       ] GC(54) Survivor regions: 9->10(53)
[2023-11-13T01:18:31.712+0000][4101.444s][info ][gc,heap       ] GC(54) Old regions: 153->153
[2023-11-13T01:18:31.712+0000][4101.444s][info ][gc,heap       ] GC(54) Humongous regions: 0->0
[2023-11-13T01:18:31.712+0000][4101.444s][info ][gc,metaspace  ] GC(54) Metaspace: 166677K(172372K)->166677K(172372K) NonClass: 147586K(151128K)->147586K(151128K) Class: 19090K(21244K)->19090K(21244K)
[2023-11-13T01:18:31.712+0000][4101.444s][info ][gc            ] GC(54) Pause Young (Normal) (G1 Evacuation Pause) 567M->160M(696M) 62.834ms
[2023-11-13T01:18:31.712+0000][4101.444s][info ][gc,cpu        ] GC(54) User=0.07s Sys=0.00s Real=0.06s
[2023-11-13T01:18:31.712+0000][4101.444s][info ][safepoint     ] Leaving safepoint region
[2023-11-13T01:18:31.712+0000][4101.444s][info ][safepoint     ] Total time for which application threads were stopped: 0.0635646 seconds, Stopping threads took: 0.0002369 seconds
[2023-11-13T01:18:31.712+0000][4101.445s][info ][gc,stringdedup] Concurrent String Deduplication (4101.445s)
[2023-11-13T01:18:31.713+0000][4101.445s][info ][gc,stringdedup] Concurrent String Deduplication 34144.0B->864.0B(33280.0B) avg 53.9% (4101.445s, 4101.445s) 0.298ms
[2023-11-13T01:18:32.712+0000][4102.444s][debug][safepoint     ] Safepoint synchronization initiated. (227 threads)
[2023-11-13T01:18:32.712+0000][4102.444s][info ][safepoint     ] Application time: 1.0001814 seconds
[2023-11-13T01:18:32.712+0000][4102.444s][info ][safepoint     ] Entering safepoint region: Cleanup
[2023-11-13T01:18:32.712+0000][4102.445s][info ][safepoint     ] Leaving safepoint region
[2023-11-13T01:18:32.712+0000][4102.445s][info ][safepoint     ] Total time for which application threads were stopped: 0.0004037 seconds, Stopping threads took: 0.0000883 seconds
[2023-11-13T01:18:33.713+0000][4103.445s][debug][safepoint     ] Safepoint synchronization initiated. (227 threads)
[2023-11-13T01:18:33.713+0000][4103.445s][info ][safepoint     ] Application time: 1.0003252 seconds
[2023-11-13T01:18:33.713+0000][4103.445s][info ][safepoint     ] Entering safepoint region: Cleanup
[2023-11-13T01:18:33.713+0000][4103.445s][info ][safepoint     ] Leaving safepoint region
[2023-11-13T01:18:33.713+0000][4103.445s][info ][safepoint     ] Total time for which application threads were stopped: 0.0003668 seconds, Stopping threads took: 0.0000865 seconds
[2023-11-13T01:18:34.713+0000][4104.446s][debug][safepoint     ] Safepoint synchronization initiated. (227 threads)
[2023-11-13T01:18:34.713+0000][4104.446s][info ][safepoint     ] Application time: 1.0002494 seconds
[2023-11-13T01:18:34.714+0000][4104.446s][info ][safepoint     ] Entering safepoint region: Cleanup
[2023-11-13T01:18:34.714+0000][4104.446s][info ][safepoint     ] Leaving safepoint region
[2023-11-13T01:18:34.714+0000][4104.446s][info ][safepoint     ] Total time for which application threads were stopped: 0.0007037 seconds, Stopping threads took: 0.0001464 seconds
[2023-11-13T01:18:35.714+0000][4105.447s][debug][safepoint     ] Safepoint synchronization initiated. (227 threads)
[2023-11-13T01:18:35.714+0000][4105.447s][info ][safepoint     ] Application time: 1.0003065 seconds
[2023-11-13T01:18:35.714+0000][4105.447s][info ][safepoint     ] Entering safepoint region: Cleanup
[2023-11-13T01:18:35.715+0000][4105.447s][info ][safepoint     ] Leaving safepoint region
[2023-11-13T01:18:35.715+0000][4105.447s][info ][safepoint     ] Total time for which application threads were stopped: 0.0005582 seconds, Stopping threads took: 0.0000875 seconds
[2023-11-13T01:18:36.715+0000][4106.447s][debug][safepoint     ] Safepoint synchronization initiated. (227 threads)
[2023-11-13T01:18:36.715+0000][4106.447s][info ][safepoint     ] Application time: 1.0001684 seconds
[2023-11-13T01:18:36.715+0000][4106.448s][info ][safepoint     ] Entering safepoint region: Cleanup
[2023-11-13T01:18:36.716+0000][4106.448s][info ][safepoint     ] Leaving safepoint region
[2023-11-13T01:18:36.716+0000][4106.448s][info ][safepoint     ] Total time for which application threads were stopped: 0.0008231 seconds, Stopping threads took: 0.0000808 seconds
[2023-11-13T01:18:37.716+0000][4107.448s][debug][safepoint     ] Safepoint synchronization initiated. (227 threads)
[2023-11-13T01:18:37.716+0000][4107.448s][info ][safepoint     ] Application time: 1.0001628 seconds
[2023-11-13T01:18:37.722+0000][4107.454s][debug][safepoint     ] ... found polling page loop exception at pc = 0x00007f379852716b, stub =0x00007f3790841b00
[2023-11-13T01:18:37.723+0000][4107.455s][debug][safepoint     ] Waiting for 2 thread(s) to block
[2023-11-13T01:18:37.734+0000][4107.466s][info ][safepoint     ] Entering safepoint region: Cleanup
[2023-11-13T01:18:37.734+0000][4107.466s][info ][safepoint     ] Leaving safepoint region
[2023-11-13T01:18:37.734+0000][4107.467s][info ][safepoint     ] Total time for which application threads were stopped: 0.0180359 seconds, Stopping threads took: 0.0176996 seconds
[2023-11-13T01:18:38.737+0000][4108.469s][debug][safepoint     ] Safepoint synchronization initiated. (227 threads)
[2023-11-13T01:18:38.737+0000][4108.469s][info ][safepoint     ] Application time: 1.0026350 seconds
[2023-11-13T01:18:38.737+0000][4108.469s][debug][safepoint     ] ... found polling page return exception at pc = 0x00007f379937cac2, stub =0x00007f3790841800
[2023-11-13T01:18:38.737+0000][4108.469s][debug][safepoint     ] Waiting for 1 thread(s) to block
[2023-11-13T01:18:38.737+0000][4108.469s][info ][safepoint     ] Entering safepoint region: Cleanup
[2023-11-13T01:18:38.737+0000][4108.470s][info ][safepoint     ] Leaving safepoint region
[2023-11-13T01:18:38.737+0000][4108.470s][info ][safepoint     ] Total time for which application threads were stopped: 0.0005045 seconds, Stopping threads took: 0.0002498 seconds
[2023-11-13T01:18:39.738+0000][4109.470s][debug][safepoint     ] Safepoint synchronization initiated. (227 threads)
[2023-11-13T01:18:39.738+0000][4109.470s][info ][safepoint     ] Application time: 1.0004674 seconds
[2023-11-13T01:18:39.738+0000][4109.470s][info ][safepoint     ] Entering safepoint region: Cleanup
[2023-11-13T01:18:39.738+0000][4109.471s][info ][safepoint     ] Leaving safepoint region
[2023-11-13T01:18:39.738+0000][4109.471s][info ][safepoint     ] Total time for which application threads were stopped: 0.0004335 seconds, Stopping threads took: 0.0001428 seconds
[2023-11-13T01:18:40.738+0000][4110.471s][debug][safepoint     ] Safepoint synchronization initiated. (227 threads)
[2023-11-13T01:18:40.738+0000][4110.471s][info ][safepoint     ] Application time: 1.0001499 seconds
[2023-11-13T01:18:40.739+0000][4110.471s][info ][safepoint     ] Entering safepoint region: Cleanup
[2023-11-13T01:18:40.739+0000][4110.471s][info ][safepoint     ] Leaving safepoint region
[2023-11-13T01:18:40.739+0000][4110.471s][info ][safepoint     ] Total time for which application threads were stopped: 0.0004190 seconds, Stopping threads took: 0.0001067 seconds
[2023-11-13T01:18:41.739+0000][4111.471s][debug][safepoint     ] Safepoint synchronization initiated. (227 threads)
[2023-11-13T01:18:41.739+0000][4111.471s][info ][safepoint     ] Application time: 1.0001584 seconds
[2023-11-13T01:18:41.739+0000][4111.471s][debug][safepoint     ] ... found polling page loop exception at pc = 0x00007f3798b21ce2, stub =0x00007f3790841b00
[2023-11-13T01:18:41.739+0000][4111.472s][debug][safepoint     ] Waiting for 2 thread(s) to block
[2023-11-13T01:18:41.740+0000][4111.472s][info ][safepoint     ] Entering safepoint region: Cleanup
[2023-11-13T01:18:41.740+0000][4111.472s][info ][safepoint     ] Leaving safepoint region
[2023-11-13T01:18:41.740+0000][4111.472s][info ][safepoint     ] Total time for which application threads were stopped: 0.0008917 seconds, Stopping threads took: 0.0006142 seconds
[2023-11-13T01:18:42.741+0000][4112.473s][debug][safepoint     ] Safepoint synchronization initiated. (227 threads)
[2023-11-13T01:18:42.741+0000][4112.473s][info ][safepoint     ] Application time: 1.0006474 seconds
[2023-11-13T01:18:42.741+0000][4112.473s][info ][safepoint     ] Entering safepoint region: Cleanup
[2023-11-13T01:18:42.741+0000][4112.473s][info ][safepoint     ] Leaving safepoint region
[2023-11-13T01:18:42.741+0000][4112.473s][info ][safepoint     ] Total time for which application threads were stopped: 0.0003966 seconds, Stopping threads took: 0.0000947 seconds
[2023-11-13T01:18:43.741+0000][4113.473s][debug][safepoint     ] Safepoint synchronization initiated. (227 threads)
[2023-11-13T01:18:43.741+0000][4113.474s][info ][safepoint     ] Application time: 1.0001497 seconds
[2023-11-13T01:18:43.741+0000][4113.474s][info ][safepoint     ] Entering safepoint region: Cleanup
[2023-11-13T01:18:43.742+0000][4113.474s][info ][safepoint     ] Leaving safepoint region
[2023-11-13T01:18:43.742+0000][4113.474s][info ][safepoint     ] Total time for which application threads were stopped: 0.0002995 seconds, Stopping threads took: 0.0000892 seconds
[2023-11-13T01:18:44.742+0000][4114.474s][debug][safepoint     ] Safepoint synchronization initiated. (227 threads)
[2023-11-13T01:18:44.742+0000][4114.474s][info ][safepoint     ] Application time: 1.0001542 seconds
[2023-11-13T01:18:44.742+0000][4114.474s][info ][safepoint     ] Entering safepoint region: Cleanup
[2023-11-13T01:18:44.742+0000][4114.475s][info ][safepoint     ] Leaving safepoint region
[2023-11-13T01:18:44.742+0000][4114.475s][info ][safepoint     ] Total time for which application threads were stopped: 0.0006925 seconds, Stopping threads took: 0.0000865 seconds
[2023-11-13T01:18:45.743+0000][4115.475s][debug][safepoint     ] Safepoint synchronization initiated. (227 threads)
[2023-11-13T01:18:45.743+0000][4115.475s][info ][safepoint     ] Application time: 1.0001666 seconds
[2023-11-13T01:18:45.743+0000][4115.475s][info ][safepoint     ] Entering safepoint region: Cleanup
[2023-11-13T01:18:45.743+0000][4115.475s][info ][safepoint     ] Leaving safepoint region
[2023-11-13T01:18:45.743+0000][4115.475s][info ][safepoint     ] Total time for which application threads were stopped: 0.0003835 seconds, Stopping threads took: 0.0000873 seconds
[2023-11-13T01:18:46.275+0000][4116.007s][debug][safepoint     ] Safepoint synchronization initiated. (227 threads)
[2023-11-13T01:18:46.275+0000][4116.007s][info ][safepoint     ] Application time: 0.5320192 seconds
[2023-11-13T01:18:46.275+0000][4116.007s][info ][safepoint     ] Entering safepoint region: G1CollectForAllocation
[2023-11-13T01:18:46.276+0000][4116.008s][info ][gc,start      ] GC(55) Pause Young (Normal) (G1 Evacuation Pause)
[2023-11-13T01:18:46.276+0000][4116.008s][info ][gc,task       ] GC(55) Using 6 workers of 6 for evacuation
[2023-11-13T01:18:46.339+0000][4116.071s][info ][gc,phases     ] GC(55)   Pre Evacuate Collection Set: 0.0ms
[2023-11-13T01:18:46.339+0000][4116.071s][info ][gc,phases     ] GC(55)   Evacuate Collection Set: 42.2ms
[2023-11-13T01:18:46.339+0000][4116.071s][info ][gc,phases     ] GC(55)   Post Evacuate Collection Set: 20.8ms
[2023-11-13T01:18:46.339+0000][4116.071s][info ][gc,phases     ] GC(55)   Other: 0.4ms
[2023-11-13T01:18:46.339+0000][4116.071s][info ][gc,heap       ] GC(55) Eden regions: 407->0(408)
[2023-11-13T01:18:46.339+0000][4116.071s][info ][gc,heap       ] GC(55) Survivor regions: 10->9(53)
[2023-11-13T01:18:46.339+0000][4116.071s][info ][gc,heap       ] GC(55) Old regions: 153->153
[2023-11-13T01:18:46.339+0000][4116.071s][info ][gc,heap       ] GC(55) Humongous regions: 0->0
[2023-11-13T01:18:46.339+0000][4116.071s][info ][gc,metaspace  ] GC(55) Metaspace: 166680K(172372K)->166680K(172372K) NonClass: 147590K(151128K)->147590K(151128K) Class: 19090K(21244K)->19090K(21244K)
[2023-11-13T01:18:46.339+0000][4116.071s][info ][gc            ] GC(55) Pause Young (Normal) (G1 Evacuation Pause) 567M->160M(696M) 63.578ms
[2023-11-13T01:18:46.339+0000][4116.071s][info ][gc,cpu        ] GC(55) User=0.07s Sys=0.01s Real=0.06s
[2023-11-13T01:18:46.339+0000][4116.072s][info ][safepoint     ] Leaving safepoint region
[2023-11-13T01:18:46.339+0000][4116.072s][info ][safepoint     ] Total time for which application threads were stopped: 0.0641736 seconds, Stopping threads took: 0.0000869 seconds
[2023-11-13T01:18:46.346+0000][4116.078s][info ][gc,stringdedup] Concurrent String Deduplication (4116.078s)
[2023-11-13T01:18:46.346+0000][4116.078s][info ][gc,stringdedup] Concurrent String Deduplication 5328.0B->3008.0B(2320.0B) avg 53.9% (4116.078s, 4116.078s) 0.209ms
[2023-11-13T01:18:47.340+0000][4117.072s][debug][safepoint     ] Safepoint synchronization initiated. (227 threads)
[2023-11-13T01:18:47.340+0000][4117.072s][info ][safepoint     ] Application time: 1.0005202 seconds
[2023-11-13T01:18:47.340+0000][4117.072s][info ][safepoint     ] Entering safepoint region: Cleanup
[2023-11-13T01:18:47.340+0000][4117.073s][info ][safepoint     ] Leaving safepoint region
[2023-11-13T01:18:47.340+0000][4117.073s][info ][safepoint     ] Total time for which application threads were stopped: 0.0005511 seconds, Stopping threads took: 0.0000898 seconds
[2023-11-13T01:18:48.341+0000][4118.073s][debug][safepoint     ] Safepoint synchronization initiated. (227 threads)
[2023-11-13T01:18:48.341+0000][4118.073s][info ][safepoint     ] Application time: 1.0003868 seconds
[2023-11-13T01:18:48.341+0000][4118.073s][info ][safepoint     ] Entering safepoint region: Cleanup
[2023-11-13T01:18:48.341+0000][4118.073s][info ][safepoint     ] Leaving safepoint region
[2023-11-13T01:18:48.341+0000][4118.073s][info ][safepoint     ] Total time for which application threads were stopped: 0.0004002 seconds, Stopping threads took: 0.0000928 seconds
[2023-11-13T01:18:49.342+0000][4119.074s][debug][safepoint     ] Safepoint synchronization initiated. (227 threads)
[2023-11-13T01:18:49.342+0000][4119.074s][info ][safepoint     ] Application time: 1.0008039 seconds
[2023-11-13T01:18:49.342+0000][4119.074s][info ][safepoint     ] Entering safepoint region: Cleanup
[2023-11-13T01:18:49.342+0000][4119.075s][info ][safepoint     ] Leaving safepoint region
[2023-11-13T01:18:49.342+0000][4119.075s][info ][safepoint     ] Total time for which application threads were stopped: 0.0003781 seconds, Stopping threads took: 0.0000861 seconds
[2023-11-13T01:18:50.344+0000][4120.076s][debug][safepoint     ] Safepoint synchronization initiated. (227 threads)
[2023-11-13T01:18:50.344+0000][4120.076s][info ][safepoint     ] Application time: 1.0016890 seconds
[2023-11-13T01:18:50.344+0000][4120.076s][info ][safepoint     ] Entering safepoint region: Cleanup
[2023-11-13T01:18:50.345+0000][4120.077s][info ][safepoint     ] Leaving safepoint region
[2023-11-13T01:18:50.345+0000][4120.077s][info ][safepoint     ] Total time for which application threads were stopped: 0.0004329 seconds, Stopping threads took: 0.0000865 seconds
[2023-11-13T01:18:51.346+0000][4121.079s][debug][safepoint     ] Safepoint synchronization initiated. (227 threads)
[2023-11-13T01:18:51.347+0000][4121.079s][info ][safepoint     ] Application time: 1.0019064 seconds
[2023-11-13T01:18:51.347+0000][4121.079s][info ][safepoint     ] Entering safepoint region: Cleanup
[2023-11-13T01:18:51.347+0000][4121.079s][info ][safepoint     ] Leaving safepoint region
[2023-11-13T01:18:51.347+0000][4121.079s][info ][safepoint     ] Total time for which application threads were stopped: 0.0004352 seconds, Stopping threads took: 0.0000857 seconds
[2023-11-13T01:18:52.347+0000][4122.079s][debug][safepoint     ] Safepoint synchronization initiated. (227 threads)
[2023-11-13T01:18:52.347+0000][4122.079s][info ][safepoint     ] Application time: 1.0001685 seconds
[2023-11-13T01:18:52.347+0000][4122.080s][info ][safepoint     ] Entering safepoint region: Cleanup
[2023-11-13T01:18:52.347+0000][4122.080s][info ][safepoint     ] Leaving safepoint region
[2023-11-13T01:18:52.348+0000][4122.080s][info ][safepoint     ] Total time for which application threads were stopped: 0.0003554 seconds, Stopping threads took: 0.0000894 seconds
[2023-11-13T01:18:53.350+0000][4123.082s][debug][safepoint     ] Safepoint synchronization initiated. (227 threads)
[2023-11-13T01:18:53.350+0000][4123.082s][info ][safepoint     ] Application time: 1.0025146 seconds
[2023-11-13T01:18:53.350+0000][4123.082s][info ][safepoint     ] Entering safepoint region: Cleanup
[2023-11-13T01:18:53.351+0000][4123.083s][info ][safepoint     ] Leaving safepoint region
[2023-11-13T01:18:53.351+0000][4123.083s][info ][safepoint     ] Total time for which application threads were stopped: 0.0005870 seconds, Stopping threads took: 0.0001062 seconds
[2023-11-13T01:18:54.351+0000][4124.083s][debug][safepoint     ] Safepoint synchronization initiated. (227 threads)
[2023-11-13T01:18:54.351+0000][4124.083s][info ][safepoint     ] Application time: 1.0001556 seconds
[2023-11-13T01:18:54.351+0000][4124.083s][info ][safepoint     ] Entering safepoint region: Cleanup
[2023-11-13T01:18:54.351+0000][4124.084s][info ][safepoint     ] Leaving safepoint region
[2023-11-13T01:18:54.351+0000][4124.084s][info ][safepoint     ] Total time for which application threads were stopped: 0.0005437 seconds, Stopping threads took: 0.0000916 seconds
[2023-11-13T01:18:55.352+0000][4125.084s][debug][safepoint     ] Safepoint synchronization initiated. (227 threads)
[2023-11-13T01:18:55.352+0000][4125.084s][info ][safepoint     ] Application time: 1.0003257 seconds
[2023-11-13T01:18:55.352+0000][4125.084s][info ][safepoint     ] Entering safepoint region: Cleanup
[2023-11-13T01:18:55.352+0000][4125.084s][info ][safepoint     ] Leaving safepoint region
[2023-11-13T01:18:55.352+0000][4125.084s][info ][safepoint     ] Total time for which application threads were stopped: 0.0003677 seconds, Stopping threads took: 0.0000883 seconds
[2023-11-13T01:18:56.352+0000][4126.085s][debug][safepoint     ] Safepoint synchronization initiated. (227 threads)
[2023-11-13T01:18:56.352+0000][4126.085s][info ][safepoint     ] Application time: 1.0001938 seconds
[2023-11-13T01:18:56.352+0000][4126.085s][info ][safepoint     ] Entering safepoint region: Cleanup
[2023-11-13T01:18:56.353+0000][4126.085s][info ][safepoint     ] Leaving safepoint region
[2023-11-13T01:18:56.353+0000][4126.085s][info ][safepoint     ] Total time for which application threads were stopped: 0.0003517 seconds, Stopping threads took: 0.0000853 seconds
[2023-11-13T01:18:57.353+0000][4127.085s][debug][safepoint     ] Safepoint synchronization initiated. (227 threads)
[2023-11-13T01:18:57.353+0000][4127.085s][info ][safepoint     ] Application time: 1.0002102 seconds
[2023-11-13T01:18:57.353+0000][4127.085s][debug][safepoint     ] ... found polling page return exception at pc = 0x00007f37983051ce, stub =0x00007f3790841800
[2023-11-13T01:18:57.353+0000][4127.086s][debug][safepoint     ] Waiting for 1 thread(s) to block
[2023-11-13T01:18:57.365+0000][4127.097s][info ][safepoint     ] Entering safepoint region: Cleanup
[2023-11-13T01:18:57.365+0000][4127.097s][info ][safepoint     ] Leaving safepoint region
[2023-11-13T01:18:57.365+0000][4127.097s][info ][safepoint     ] Total time for which application threads were stopped: 0.0122327 seconds, Stopping threads took: 0.0119101 seconds
[2023-11-13T01:18:58.366+0000][4128.098s][debug][safepoint     ] Safepoint synchronization initiated. (227 threads)
[2023-11-13T01:18:58.366+0000][4128.098s][info ][safepoint     ] Application time: 1.0009144 seconds
[2023-11-13T01:18:58.366+0000][4128.099s][info ][safepoint     ] Entering safepoint region: Cleanup
[2023-11-13T01:18:58.367+0000][4128.099s][info ][safepoint     ] Leaving safepoint region
[2023-11-13T01:18:58.367+0000][4128.099s][info ][safepoint     ] Total time for which application threads were stopped: 0.0005192 seconds, Stopping threads took: 0.0001564 seconds
[2023-11-13T01:18:59.370+0000][4129.102s][debug][safepoint     ] Safepoint synchronization initiated. (227 threads)
[2023-11-13T01:18:59.370+0000][4129.102s][info ][safepoint     ] Application time: 1.0033587 seconds
[2023-11-13T01:18:59.370+0000][4129.102s][debug][safepoint     ] ... found polling page loop exception at pc = 0x00007f37988fecea, stub =0x00007f3790841b00
[2023-11-13T01:18:59.370+0000][4129.102s][debug][safepoint     ] Waiting for 1 thread(s) to block
[2023-11-13T01:18:59.372+0000][4129.104s][info ][safepoint     ] Entering safepoint region: Cleanup
[2023-11-13T01:18:59.372+0000][4129.105s][info ][safepoint     ] Leaving safepoint region
[2023-11-13T01:18:59.372+0000][4129.105s][info ][safepoint     ] Total time for which application threads were stopped: 0.0024329 seconds, Stopping threads took: 0.0021751 seconds
[2023-11-13T01:19:00.373+0000][4130.105s][debug][safepoint     ] Safepoint synchronization initiated. (227 threads)
[2023-11-13T01:19:00.373+0000][4130.105s][info ][safepoint     ] Application time: 1.0001545 seconds
[2023-11-13T01:19:00.373+0000][4130.105s][info ][safepoint     ] Entering safepoint region: Cleanup
[2023-11-13T01:19:00.373+0000][4130.105s][info ][safepoint     ] Leaving safepoint region
[2023-11-13T01:19:00.373+0000][4130.105s][info ][safepoint     ] Total time for which application threads were stopped: 0.0003652 seconds, Stopping threads took: 0.0000878 seconds
[2023-11-13T01:19:00.771+0000][4130.503s][debug][safepoint     ] Safepoint synchronization initiated. (227 threads)
[2023-11-13T01:19:00.771+0000][4130.503s][info ][safepoint     ] Application time: 0.3978675 seconds
[2023-11-13T01:19:00.771+0000][4130.503s][info ][safepoint     ] Entering safepoint region: G1CollectForAllocation
[2023-11-13T01:19:00.772+0000][4130.504s][info ][gc,start      ] GC(56) Pause Young (Normal) (G1 Evacuation Pause)
[2023-11-13T01:19:00.772+0000][4130.504s][info ][gc,task       ] GC(56) Using 6 workers of 6 for evacuation
[2023-11-13T01:19:00.788+0000][4130.520s][info ][gc,phases     ] GC(56)   Pre Evacuate Collection Set: 0.1ms
[2023-11-13T01:19:00.788+0000][4130.520s][info ][gc,phases     ] GC(56)   Evacuate Collection Set: 11.4ms
[2023-11-13T01:19:00.788+0000][4130.520s][info ][gc,phases     ] GC(56)   Post Evacuate Collection Set: 4.2ms
[2023-11-13T01:19:00.788+0000][4130.520s][info ][gc,phases     ] GC(56)   Other: 0.4ms
[2023-11-13T01:19:00.788+0000][4130.520s][info ][gc,heap       ] GC(56) Eden regions: 408->0(410)
[2023-11-13T01:19:00.788+0000][4130.520s][info ][gc,heap       ] GC(56) Survivor regions: 9->7(53)
[2023-11-13T01:19:00.788+0000][4130.520s][info ][gc,heap       ] GC(56) Old regions: 153->155
[2023-11-13T01:19:00.788+0000][4130.520s][info ][gc,heap       ] GC(56) Humongous regions: 0->0
[2023-11-13T01:19:00.788+0000][4130.520s][info ][gc,metaspace  ] GC(56) Metaspace: 166681K(172372K)->166681K(172372K) NonClass: 147590K(151128K)->147590K(151128K) Class: 19090K(21244K)->19090K(21244K)
[2023-11-13T01:19:00.788+0000][4130.520s][info ][gc            ] GC(56) Pause Young (Normal) (G1 Evacuation Pause) 568M->160M(696M) 16.302ms
[2023-11-13T01:19:00.788+0000][4130.520s][info ][gc,cpu        ] GC(56) User=0.05s Sys=0.00s Real=0.02s
[2023-11-13T01:19:00.788+0000][4130.520s][info ][safepoint     ] Leaving safepoint region
[2023-11-13T01:19:00.788+0000][4130.520s][info ][safepoint     ] Total time for which application threads were stopped: 0.0169827 seconds, Stopping threads took: 0.0000877 seconds
[2023-11-13T01:19:00.791+0000][4130.523s][info ][gc,stringdedup] Concurrent String Deduplication (4130.523s)
[2023-11-13T01:19:00.791+0000][4130.523s][info ][gc,stringdedup] Concurrent String Deduplication 160.0B->160.0B(0.0B) avg 53.9% (4130.523s, 4130.523s) 0.090ms
[2023-11-13T01:19:01.794+0000][4131.526s][debug][safepoint     ] Safepoint synchronization initiated. (227 threads)
[2023-11-13T01:19:01.794+0000][4131.526s][info ][safepoint     ] Application time: 1.0061002 seconds
[2023-11-13T01:19:01.794+0000][4131.526s][info ][safepoint     ] Entering safepoint region: Cleanup
[2023-11-13T01:19:01.795+0000][4131.527s][info ][safepoint     ] Leaving safepoint region
[2023-11-13T01:19:01.795+0000][4131.527s][info ][safepoint     ] Total time for which application threads were stopped: 0.0005278 seconds, Stopping threads took: 0.0000835 seconds
[2023-11-13T01:19:02.795+0000][4132.527s][debug][safepoint     ] Safepoint synchronization initiated. (227 threads)
[2023-11-13T01:19:02.795+0000][4132.527s][info ][safepoint     ] Application time: 1.0001924 seconds
[2023-11-13T01:19:02.795+0000][4132.527s][debug][safepoint     ] ... found polling page return exception at pc = 0x00007f379889ca2a, stub =0x00007f3790841800
[2023-11-13T01:19:02.795+0000][4132.527s][debug][safepoint     ] Waiting for 1 thread(s) to block
[2023-11-13T01:19:02.795+0000][4132.527s][info ][safepoint     ] Entering safepoint region: Cleanup
[2023-11-13T01:19:02.795+0000][4132.528s][info ][safepoint     ] Leaving safepoint region
[2023-11-13T01:19:02.795+0000][4132.528s][info ][safepoint     ] Total time for which application threads were stopped: 0.0004157 seconds, Stopping threads took: 0.0001722 seconds
[2023-11-13T01:19:03.796+0000][4133.528s][debug][safepoint     ] Safepoint synchronization initiated. (227 threads)
[2023-11-13T01:19:03.796+0000][4133.528s][info ][safepoint     ] Application time: 1.0007119 seconds
[2023-11-13T01:19:03.796+0000][4133.528s][debug][safepoint     ] ... found polling page return exception at pc = 0x00007f37985d6282, stub =0x00007f3790841800
[2023-11-13T01:19:03.796+0000][4133.528s][debug][safepoint     ] ... found polling page loop exception at pc = 0x00007f379921d59c, stub =0x00007f3790841b00
[2023-11-13T01:19:03.797+0000][4133.529s][debug][safepoint     ] Waiting for 2 thread(s) to block
[2023-11-13T01:19:03.797+0000][4133.529s][info ][safepoint     ] Entering safepoint region: Cleanup
[2023-11-13T01:19:03.798+0000][4133.531s][info ][safepoint     ] Leaving safepoint region
[2023-11-13T01:19:03.798+0000][4133.531s][info ][safepoint     ] Total time for which application threads were stopped: 0.0023105 seconds, Stopping threads took: 0.0011270 seconds
[2023-11-13T01:19:04.799+0000][4134.531s][debug][safepoint     ] Safepoint synchronization initiated. (227 threads)
[2023-11-13T01:19:04.799+0000][4134.531s][info ][safepoint     ] Application time: 1.0004788 seconds
[2023-11-13T01:19:04.799+0000][4134.532s][debug][safepoint     ] ... found polling page return exception at pc = 0x00007f37994e76da, stub =0x00007f3790841800
[2023-11-13T01:19:04.800+0000][4134.532s][debug][safepoint     ] Waiting for 3 thread(s) to block
[2023-11-13T01:19:04.801+0000][4134.533s][info ][safepoint     ] Entering safepoint region: Cleanup
[2023-11-13T01:19:04.801+0000][4134.534s][info ][safepoint     ] Leaving safepoint region
[2023-11-13T01:19:04.801+0000][4134.534s][info ][safepoint     ] Total time for which application threads were stopped: 0.0025083 seconds, Stopping threads took: 0.0019228 seconds
[2023-11-13T01:19:05.802+0000][4135.534s][debug][safepoint     ] Safepoint synchronization initiated. (227 threads)
[2023-11-13T01:19:05.802+0000][4135.535s][info ][safepoint     ] Application time: 1.0010745 seconds
[2023-11-13T01:19:05.803+0000][4135.535s][debug][safepoint     ] Waiting for 1 thread(s) to block
[2023-11-13T01:19:05.803+0000][4135.536s][info ][safepoint     ] Entering safepoint region: Cleanup
[2023-11-13T01:19:05.804+0000][4135.536s][info ][safepoint     ] Leaving safepoint region
[2023-11-13T01:19:05.804+0000][4135.537s][info ][safepoint     ] Total time for which application threads were stopped: 0.0015571 seconds, Stopping threads took: 0.0008716 seconds
[2023-11-13T01:19:06.805+0000][4136.537s][debug][safepoint     ] Safepoint synchronization initiated. (227 threads)
[2023-11-13T01:19:06.806+0000][4136.538s][info ][safepoint     ] Application time: 1.0010363 seconds
[2023-11-13T01:19:06.806+0000][4136.538s][debug][safepoint     ] ... found polling page return exception at pc = 0x00007f379873fef3, stub =0x00007f3790841800
[2023-11-13T01:19:06.806+0000][4136.539s][debug][safepoint     ] Waiting for 1 thread(s) to block
[2023-11-13T01:19:06.807+0000][4136.539s][info ][safepoint     ] Entering safepoint region: Cleanup
[2023-11-13T01:19:06.808+0000][4136.540s][info ][safepoint     ] Leaving safepoint region
[2023-11-13T01:19:06.808+0000][4136.540s][info ][safepoint     ] Total time for which application threads were stopped: 0.0019243 seconds, Stopping threads took: 0.0011790 seconds
[2023-11-13T01:19:07.808+0000][4137.541s][debug][safepoint     ] Safepoint synchronization initiated. (227 threads)
[2023-11-13T01:19:07.809+0000][4137.541s][info ][safepoint     ] Application time: 1.0003390 seconds
[2023-11-13T01:19:07.809+0000][4137.541s][debug][safepoint     ] ... found polling page return exception at pc = 0x00007f3799231203, stub =0x00007f3790841800
[2023-11-13T01:19:07.809+0000][4137.541s][debug][safepoint     ] ... found polling page return exception at pc = 0x00007f3798a0c24d, stub =0x00007f3790841800
[2023-11-13T01:19:07.809+0000][4137.541s][debug][safepoint     ] Waiting for 2 thread(s) to block
[2023-11-13T01:19:07.809+0000][4137.541s][info ][safepoint     ] Entering safepoint region: Cleanup
[2023-11-13T01:19:07.810+0000][4137.542s][info ][safepoint     ] Leaving safepoint region
[2023-11-13T01:19:07.810+0000][4137.543s][info ][safepoint     ] Total time for which application threads were stopped: 0.0015997 seconds, Stopping threads took: 0.0005321 seconds
[2023-11-13T01:19:08.810+0000][4138.543s][debug][safepoint     ] Safepoint synchronization initiated. (227 threads)
[2023-11-13T01:19:08.811+0000][4138.543s][info ][safepoint     ] Application time: 1.0003365 seconds
[2023-11-13T01:19:08.811+0000][4138.543s][debug][safepoint     ] ... found polling page return exception at pc = 0x00007f3798310305, stub =0x00007f3790841800
[2023-11-13T01:19:08.811+0000][4138.543s][debug][safepoint     ] Waiting for 1 thread(s) to block
[2023-11-13T01:19:08.811+0000][4138.543s][info ][safepoint     ] Entering safepoint region: Cleanup
[2023-11-13T01:19:08.812+0000][4138.544s][info ][safepoint     ] Leaving safepoint region
[2023-11-13T01:19:08.812+0000][4138.544s][info ][safepoint     ] Total time for which application threads were stopped: 0.0009727 seconds, Stopping threads took: 0.0003445 seconds
[2023-11-13T01:19:09.812+0000][4139.544s][debug][safepoint     ] Safepoint synchronization initiated. (227 threads)
[2023-11-13T01:19:09.812+0000][4139.544s][info ][safepoint     ] Application time: 1.0002692 seconds
[2023-11-13T01:19:09.812+0000][4139.544s][debug][safepoint     ] ... found polling page loop exception at pc = 0x00007f379950633b, stub =0x00007f3790841b00
[2023-11-13T01:19:09.812+0000][4139.544s][debug][safepoint     ] ... found polling page return exception at pc = 0x00007f379914d21f, stub =0x00007f3790841800
[2023-11-13T01:19:09.813+0000][4139.545s][debug][safepoint     ] Waiting for 2 thread(s) to block
[2023-11-13T01:19:09.814+0000][4139.546s][info ][safepoint     ] Entering safepoint region: Cleanup
[2023-11-13T01:19:09.815+0000][4139.547s][info ][safepoint     ] Leaving safepoint region
[2023-11-13T01:19:09.815+0000][4139.547s][info ][safepoint     ] Total time for which application threads were stopped: 0.0030734 seconds, Stopping threads took: 0.0020817 seconds
[2023-11-13T01:19:10.815+0000][4140.548s][debug][safepoint     ] Safepoint synchronization initiated. (227 threads)
[2023-11-13T01:19:10.815+0000][4140.548s][info ][safepoint     ] Application time: 1.0002673 seconds
[2023-11-13T01:19:10.816+0000][4140.548s][debug][safepoint     ] Waiting for 1 thread(s) to block
[2023-11-13T01:19:10.816+0000][4140.548s][info ][safepoint     ] Entering safepoint region: Cleanup
[2023-11-13T01:19:10.816+0000][4140.549s][info ][safepoint     ] Leaving safepoint region
[2023-11-13T01:19:10.816+0000][4140.549s][info ][safepoint     ] Total time for which application threads were stopped: 0.0008479 seconds, Stopping threads took: 0.0003368 seconds
[2023-11-13T01:19:11.816+0000][4141.549s][debug][safepoint     ] Safepoint synchronization initiated. (227 threads)
[2023-11-13T01:19:11.817+0000][4141.549s][info ][safepoint     ] Application time: 1.0002479 seconds
[2023-11-13T01:19:11.817+0000][4141.549s][debug][safepoint     ] ... found polling page return exception at pc = 0x00007f37994c308c, stub =0x00007f3790841800
[2023-11-13T01:19:11.817+0000][4141.549s][debug][safepoint     ] ... found polling page return exception at pc = 0x00007f3798cd55fa, stub =0x00007f3790841800
[2023-11-13T01:19:11.817+0000][4141.549s][debug][safepoint     ] ... found polling page return exception at pc = 0x00007f3798b1eff6, stub =0x00007f3790841800
[2023-11-13T01:19:11.817+0000][4141.550s][debug][safepoint     ] Waiting for 3 thread(s) to block
[2023-11-13T01:19:11.818+0000][4141.550s][info ][safepoint     ] Entering safepoint region: Cleanup
[2023-11-13T01:19:11.819+0000][4141.551s][info ][safepoint     ] Leaving safepoint region
[2023-11-13T01:19:11.819+0000][4141.551s][info ][safepoint     ] Total time for which application threads were stopped: 0.0023623 seconds, Stopping threads took: 0.0014524 seconds
[2023-11-13T01:19:12.820+0000][4142.552s][debug][safepoint     ] Safepoint synchronization initiated. (227 threads)
[2023-11-13T01:19:12.820+0000][4142.552s][info ][safepoint     ] Application time: 1.0009638 seconds
[2023-11-13T01:19:12.820+0000][4142.552s][debug][safepoint     ] ... found polling page loop exception at pc = 0x00007f3799608954, stub =0x00007f3790841b00
[2023-11-13T01:19:12.820+0000][4142.552s][debug][safepoint     ] Waiting for 1 thread(s) to block
[2023-11-13T01:19:12.821+0000][4142.554s][info ][safepoint     ] Entering safepoint region: Cleanup
[2023-11-13T01:19:12.822+0000][4142.554s][info ][safepoint     ] Leaving safepoint region
[2023-11-13T01:19:12.822+0000][4142.554s][info ][safepoint     ] Total time for which application threads were stopped: 0.0016615 seconds, Stopping threads took: 0.0012466 seconds
[2023-11-13T01:19:13.822+0000][4143.554s][debug][safepoint     ] Safepoint synchronization initiated. (227 threads)
[2023-11-13T01:19:13.822+0000][4143.554s][info ][safepoint     ] Application time: 1.0003547 seconds
[2023-11-13T01:19:13.822+0000][4143.554s][debug][safepoint     ] ... found polling page loop exception at pc = 0x00007f379921d59c, stub =0x00007f3790841b00
[2023-11-13T01:19:13.822+0000][4143.555s][debug][safepoint     ] Waiting for 1 thread(s) to block
[2023-11-13T01:19:13.823+0000][4143.555s][info ][safepoint     ] Entering safepoint region: Cleanup
[2023-11-13T01:19:13.824+0000][4143.556s][info ][safepoint     ] Leaving safepoint region
[2023-11-13T01:19:13.824+0000][4143.556s][info ][safepoint     ] Total time for which application threads were stopped: 0.0018095 seconds, Stopping threads took: 0.0011179 seconds
[2023-11-13T01:19:14.824+0000][4144.557s][debug][safepoint     ] Safepoint synchronization initiated. (227 threads)
[2023-11-13T01:19:14.825+0000][4144.557s][info ][safepoint     ] Application time: 1.0006096 seconds
[2023-11-13T01:19:14.825+0000][4144.558s][debug][safepoint     ] ... found polling page return exception at pc = 0x00007f37994c47f3, stub =0x00007f3790841800
[2023-11-13T01:19:14.826+0000][4144.558s][debug][safepoint     ] Waiting for 1 thread(s) to block
[2023-11-13T01:19:14.826+0000][4144.559s][info ][safepoint     ] Entering safepoint region: Cleanup
[2023-11-13T01:19:14.827+0000][4144.559s][info ][safepoint     ] Leaving safepoint region
[2023-11-13T01:19:14.827+0000][4144.560s][info ][safepoint     ] Total time for which application threads were stopped: 0.0020837 seconds, Stopping threads took: 0.0013691 seconds
[2023-11-13T01:19:14.827+0000][4144.559s][debug][safepoint     ] ... found polling page return exception at pc = 0x00007f3798afd432, stub =0x00007f3790841800
[2023-11-13T01:19:15.828+0000][4145.560s][debug][safepoint     ] Safepoint synchronization initiated. (227 threads)
[2023-11-13T01:19:15.828+0000][4145.560s][info ][safepoint     ] Application time: 1.0006364 seconds
[2023-11-13T01:19:15.829+0000][4145.561s][debug][safepoint     ] Waiting for 1 thread(s) to block
[2023-11-13T01:19:15.829+0000][4145.561s][info ][safepoint     ] Entering safepoint region: Cleanup
[2023-11-13T01:19:15.830+0000][4145.562s][info ][safepoint     ] Leaving safepoint region
[2023-11-13T01:19:15.830+0000][4145.562s][info ][safepoint     ] Total time for which application threads were stopped: 0.0016967 seconds, Stopping threads took: 0.0008766 seconds
[2023-11-13T01:19:16.831+0000][4146.563s][debug][safepoint     ] Safepoint synchronization initiated. (227 threads)
[2023-11-13T01:19:16.831+0000][4146.563s][info ][safepoint     ] Application time: 1.0006913 seconds
[2023-11-13T01:19:16.832+0000][4146.564s][info ][safepoint     ] Entering safepoint region: Cleanup
[2023-11-13T01:19:16.833+0000][4146.565s][info ][safepoint     ] Leaving safepoint region
[2023-11-13T01:19:16.833+0000][4146.565s][info ][safepoint     ] Total time for which application threads were stopped: 0.0015919 seconds, Stopping threads took: 0.0004913 seconds
[2023-11-13T01:19:17.834+0000][4147.566s][debug][safepoint     ] Safepoint synchronization initiated. (227 threads)
[2023-11-13T01:19:17.834+0000][4147.566s][info ][safepoint     ] Application time: 1.0004290 seconds
[2023-11-13T01:19:17.834+0000][4147.566s][debug][safepoint     ] ... found polling page return exception at pc = 0x00007f37993efb9c, stub =0x00007f3790841800
[2023-11-13T01:19:17.834+0000][4147.566s][debug][safepoint     ] Waiting for 1 thread(s) to block
[2023-11-13T01:19:17.834+0000][4147.567s][info ][safepoint     ] Entering safepoint region: Cleanup
[2023-11-13T01:19:17.835+0000][4147.567s][info ][safepoint     ] Leaving safepoint region
[2023-11-13T01:19:17.835+0000][4147.567s][info ][safepoint     ] Total time for which application threads were stopped: 0.0009532 seconds, Stopping threads took: 0.0003566 seconds
[2023-11-13T01:19:18.835+0000][4148.568s][debug][safepoint     ] Safepoint synchronization initiated. (227 threads)
[2023-11-13T01:19:18.835+0000][4148.568s][info ][safepoint     ] Application time: 1.0003924 seconds
[2023-11-13T01:19:18.836+0000][4148.568s][debug][safepoint     ] ... found polling page return exception at pc = 0x00007f379882d661, stub =0x00007f3790841800
[2023-11-13T01:19:18.836+0000][4148.568s][debug][safepoint     ] ... found polling page return exception at pc = 0x00007f3799372c06, stub =0x00007f3790841800
[2023-11-13T01:19:18.836+0000][4148.568s][debug][safepoint     ] ... found polling page loop exception at pc = 0x00007f37994ee56d, stub =0x00007f3790841b00
[2023-11-13T01:19:18.837+0000][4148.569s][debug][safepoint     ] Waiting for 5 thread(s) to block
[2023-11-13T01:19:18.837+0000][4148.570s][info ][safepoint     ] Entering safepoint region: Cleanup
[2023-11-13T01:19:18.838+0000][4148.570s][info ][safepoint     ] Leaving safepoint region
[2023-11-13T01:19:18.838+0000][4148.570s][info ][safepoint     ] Total time for which application threads were stopped: 0.0024187 seconds, Stopping threads took: 0.0019116 seconds
[2023-11-13T01:19:19.838+0000][4149.570s][debug][safepoint     ] Safepoint synchronization initiated. (227 threads)
[2023-11-13T01:19:19.838+0000][4149.570s][info ][safepoint     ] Application time: 1.0002576 seconds
[2023-11-13T01:19:19.838+0000][4149.571s][debug][safepoint     ] ... found polling page return exception at pc = 0x00007f3798d41d9c, stub =0x00007f3790841800
[2023-11-13T01:19:19.839+0000][4149.571s][debug][safepoint     ] ... found polling page return exception at pc = 0x00007f37984d0c0a, stub =0x00007f3790841800
[2023-11-13T01:19:19.839+0000][4149.571s][debug][safepoint     ] Waiting for 2 thread(s) to block
[2023-11-13T01:19:19.840+0000][4149.573s][info ][safepoint     ] Entering safepoint region: Cleanup
[2023-11-13T01:19:19.841+0000][4149.573s][info ][safepoint     ] Leaving safepoint region
[2023-11-13T01:19:19.841+0000][4149.573s][info ][safepoint     ] Total time for which application threads were stopped: 0.0027660 seconds, Stopping threads took: 0.0022244 seconds
[2023-11-13T01:19:20.841+0000][4150.573s][debug][safepoint     ] Safepoint synchronization initiated. (227 threads)
[2023-11-13T01:19:20.841+0000][4150.574s][info ][safepoint     ] Application time: 1.0002508 seconds
[2023-11-13T01:19:20.841+0000][4150.574s][debug][safepoint     ] Waiting for 1 thread(s) to block
[2023-11-13T01:19:20.842+0000][4150.574s][info ][safepoint     ] Entering safepoint region: Cleanup
[2023-11-13T01:19:20.843+0000][4150.575s][info ][safepoint     ] Leaving safepoint region
[2023-11-13T01:19:20.843+0000][4150.575s][info ][safepoint     ] Total time for which application threads were stopped: 0.0013381 seconds, Stopping threads took: 0.0007946 seconds
[2023-11-13T01:19:20.843+0000][4150.575s][debug][safepoint     ] ... found polling page return exception at pc = 0x00007f3799260859, stub =0x00007f3790841800
[2023-11-13T01:19:21.138+0000][4150.870s][debug][safepoint     ] Safepoint synchronization initiated. (227 threads)
[2023-11-13T01:19:21.138+0000][4150.871s][info ][safepoint     ] Application time: 0.2955676 seconds
[2023-11-13T01:19:21.138+0000][4150.871s][debug][safepoint     ] ... found polling page return exception at pc = 0x00007f3798826f44, stub =0x00007f3790841800
[2023-11-13T01:19:21.138+0000][4150.871s][debug][safepoint     ] ... found polling page return exception at pc = 0x00007f3799281986, stub =0x00007f3790841800
[2023-11-13T01:19:21.139+0000][4150.871s][debug][safepoint     ] Waiting for 2 thread(s) to block
[2023-11-13T01:19:21.140+0000][4150.872s][info ][safepoint     ] Entering safepoint region: G1CollectForAllocation
[2023-11-13T01:19:21.140+0000][4150.872s][info ][gc,start      ] GC(57) Pause Young (Normal) (G1 Evacuation Pause)
[2023-11-13T01:19:21.140+0000][4150.873s][info ][gc,task       ] GC(57) Using 6 workers of 6 for evacuation
[2023-11-13T01:19:21.160+0000][4150.892s][info ][gc,phases     ] GC(57)   Pre Evacuate Collection Set: 0.1ms
[2023-11-13T01:19:21.160+0000][4150.892s][info ][gc,phases     ] GC(57)   Evacuate Collection Set: 10.2ms
[2023-11-13T01:19:21.160+0000][4150.892s][info ][gc,phases     ] GC(57)   Post Evacuate Collection Set: 8.5ms
[2023-11-13T01:19:21.160+0000][4150.892s][info ][gc,phases     ] GC(57)   Other: 0.7ms
[2023-11-13T01:19:21.160+0000][4150.892s][info ][gc,heap       ] GC(57) Eden regions: 410->0(411)
[2023-11-13T01:19:21.160+0000][4150.892s][info ][gc,heap       ] GC(57) Survivor regions: 7->6(53)
[2023-11-13T01:19:21.160+0000][4150.892s][info ][gc,heap       ] GC(57) Old regions: 155->157
[2023-11-13T01:19:21.160+0000][4150.892s][info ][gc,heap       ] GC(57) Humongous regions: 0->0
[2023-11-13T01:19:21.160+0000][4150.892s][info ][gc,metaspace  ] GC(57) Metaspace: 166695K(172372K)->166695K(172372K) NonClass: 147605K(151128K)->147605K(151128K) Class: 19090K(21244K)->19090K(21244K)
[2023-11-13T01:19:21.160+0000][4150.892s][info ][gc            ] GC(57) Pause Young (Normal) (G1 Evacuation Pause) 570M->160M(696M) 19.783ms
[2023-11-13T01:19:21.160+0000][4150.892s][info ][gc,cpu        ] GC(57) User=0.08s Sys=0.00s Real=0.02s
[2023-11-13T01:19:21.160+0000][4150.892s][info ][safepoint     ] Leaving safepoint region
[2023-11-13T01:19:21.160+0000][4150.893s][info ][safepoint     ] Total time for which application threads were stopped: 0.0219434 seconds, Stopping threads took: 0.0014445 seconds
[2023-11-13T01:19:21.160+0000][4150.893s][info ][gc,stringdedup] Concurrent String Deduplication (4150.893s)
[2023-11-13T01:19:21.160+0000][4150.893s][info ][gc,stringdedup] Concurrent String Deduplication 0.0B->0.0B(0.0B) avg 53.9% (4150.893s, 4150.893s) 0.052ms
[2023-11-13T01:19:22.160+0000][4151.893s][debug][safepoint     ] Safepoint synchronization initiated. (227 threads)
[2023-11-13T01:19:22.161+0000][4151.893s][info ][safepoint     ] Application time: 1.0002933 seconds
[2023-11-13T01:19:22.161+0000][4151.893s][info ][safepoint     ] Entering safepoint region: Cleanup
[2023-11-13T01:19:22.161+0000][4151.893s][info ][safepoint     ] Leaving safepoint region
[2023-11-13T01:19:22.161+0000][4151.894s][info ][safepoint     ] Total time for which application threads were stopped: 0.0006815 seconds, Stopping threads took: 0.0001272 seconds
[2023-11-13T01:19:23.161+0000][4152.894s][debug][safepoint     ] Safepoint synchronization initiated. (227 threads)
[2023-11-13T01:19:23.162+0000][4152.894s][info ][safepoint     ] Application time: 1.0002444 seconds
[2023-11-13T01:19:23.162+0000][4152.894s][info ][safepoint     ] Entering safepoint region: Cleanup
[2023-11-13T01:19:23.162+0000][4152.894s][info ][safepoint     ] Leaving safepoint region
[2023-11-13T01:19:23.162+0000][4152.895s][info ][safepoint     ] Total time for which application threads were stopped: 0.0006443 seconds, Stopping threads took: 0.0001277 seconds
[2023-11-13T01:19:24.162+0000][4153.895s][debug][safepoint     ] Safepoint synchronization initiated. (227 threads)
[2023-11-13T01:19:24.163+0000][4153.895s][info ][safepoint     ] Application time: 1.0002820 seconds
[2023-11-13T01:19:24.163+0000][4153.895s][info ][safepoint     ] Entering safepoint region: Cleanup
[2023-11-13T01:19:24.163+0000][4153.896s][info ][safepoint     ] Leaving safepoint region
[2023-11-13T01:19:24.163+0000][4153.896s][info ][safepoint     ] Total time for which application threads were stopped: 0.0007788 seconds, Stopping threads took: 0.0001335 seconds
[2023-11-13T01:19:25.164+0000][4154.896s][debug][safepoint     ] Safepoint synchronization initiated. (227 threads)
[2023-11-13T01:19:25.164+0000][4154.897s][info ][safepoint     ] Application time: 1.0009066 seconds
[2023-11-13T01:19:25.165+0000][4154.897s][info ][safepoint     ] Entering safepoint region: Cleanup
[2023-11-13T01:19:25.165+0000][4154.897s][info ][safepoint     ] Leaving safepoint region
[2023-11-13T01:19:25.165+0000][4154.897s][info ][safepoint     ] Total time for which application threads were stopped: 0.0007800 seconds, Stopping threads took: 0.0001514 seconds
[2023-11-13T01:19:26.165+0000][4155.898s][debug][safepoint     ] Safepoint synchronization initiated. (227 threads)
[2023-11-13T01:19:26.166+0000][4155.898s][info ][safepoint     ] Application time: 1.0006476 seconds
[2023-11-13T01:19:26.166+0000][4155.899s][info ][safepoint     ] Entering safepoint region: Cleanup
[2023-11-13T01:19:26.167+0000][4155.899s][info ][safepoint     ] Leaving safepoint region
[2023-11-13T01:19:26.167+0000][4155.900s][info ][safepoint     ] Total time for which application threads were stopped: 0.0011384 seconds, Stopping threads took: 0.0004390 seconds
[2023-11-13T01:19:27.168+0000][4156.900s][debug][safepoint     ] Safepoint synchronization initiated. (227 threads)
[2023-11-13T01:19:27.168+0000][4156.900s][info ][safepoint     ] Application time: 1.0003308 seconds
[2023-11-13T01:19:27.168+0000][4156.900s][info ][safepoint     ] Entering safepoint region: Cleanup
[2023-11-13T01:19:27.169+0000][4156.901s][info ][safepoint     ] Leaving safepoint region
[2023-11-13T01:19:27.169+0000][4156.901s][info ][safepoint     ] Total time for which application threads were stopped: 0.0009393 seconds, Stopping threads took: 0.0001641 seconds
[2023-11-13T01:19:28.169+0000][4157.901s][debug][safepoint     ] Safepoint synchronization initiated. (227 threads)
[2023-11-13T01:19:28.169+0000][4157.902s][info ][safepoint     ] Application time: 1.0002757 seconds
[2023-11-13T01:19:28.169+0000][4157.902s][info ][safepoint     ] Entering safepoint region: Cleanup
[2023-11-13T01:19:28.170+0000][4157.902s][info ][safepoint     ] Leaving safepoint region
[2023-11-13T01:19:28.170+0000][4157.902s][info ][safepoint     ] Total time for which application threads were stopped: 0.0007508 seconds, Stopping threads took: 0.0001507 seconds
[2023-11-13T01:19:29.170+0000][4158.903s][debug][safepoint     ] Safepoint synchronization initiated. (227 threads)
[2023-11-13T01:19:29.170+0000][4158.903s][info ][safepoint     ] Application time: 1.0002388 seconds
[2023-11-13T01:19:29.170+0000][4158.903s][info ][safepoint     ] Entering safepoint region: Cleanup
[2023-11-13T01:19:29.172+0000][4158.904s][info ][safepoint     ] Leaving safepoint region
[2023-11-13T01:19:29.172+0000][4158.904s][info ][safepoint     ] Total time for which application threads were stopped: 0.0014588 seconds, Stopping threads took: 0.0001805 seconds
[2023-11-13T01:19:30.172+0000][4159.904s][debug][safepoint     ] Safepoint synchronization initiated. (227 threads)
[2023-11-13T01:19:30.173+0000][4159.905s][info ][safepoint     ] Application time: 1.0011217 seconds
[2023-11-13T01:19:30.173+0000][4159.906s][info ][safepoint     ] Entering safepoint region: Cleanup
[2023-11-13T01:19:30.174+0000][4159.906s][info ][safepoint     ] Leaving safepoint region
[2023-11-13T01:19:30.175+0000][4159.907s][info ][safepoint     ] Total time for which application threads were stopped: 0.0011763 seconds, Stopping threads took: 0.0004076 seconds
[2023-11-13T01:19:31.175+0000][4160.907s][debug][safepoint     ] Safepoint synchronization initiated. (227 threads)
[2023-11-13T01:19:31.176+0000][4160.908s][info ][safepoint     ] Application time: 1.0009483 seconds
[2023-11-13T01:19:31.176+0000][4160.908s][debug][safepoint     ] ... found polling page return exception at pc = 0x00007f37983c0a72, stub =0x00007f3790841800
[2023-11-13T01:19:31.176+0000][4160.908s][debug][safepoint     ] Waiting for 1 thread(s) to block
[2023-11-13T01:19:31.176+0000][4160.908s][info ][safepoint     ] Entering safepoint region: Cleanup
[2023-11-13T01:19:31.177+0000][4160.909s][info ][safepoint     ] Leaving safepoint region
[2023-11-13T01:19:31.177+0000][4160.909s][info ][safepoint     ] Total time for which application threads were stopped: 0.0009443 seconds, Stopping threads took: 0.0003926 seconds
[2023-11-13T01:19:32.177+0000][4161.909s][debug][safepoint     ] Safepoint synchronization initiated. (227 threads)
[2023-11-13T01:19:32.177+0000][4161.909s][info ][safepoint     ] Application time: 1.0003099 seconds
[2023-11-13T01:19:32.177+0000][4161.910s][debug][safepoint     ] Waiting for 2 thread(s) to block
[2023-11-13T01:19:32.177+0000][4161.910s][info ][safepoint     ] Entering safepoint region: Cleanup
[2023-11-13T01:19:32.178+0000][4161.910s][info ][safepoint     ] Leaving safepoint region
[2023-11-13T01:19:32.178+0000][4161.910s][info ][safepoint     ] Total time for which application threads were stopped: 0.0009017 seconds, Stopping threads took: 0.0003839 seconds
[2023-11-13T01:19:33.178+0000][4162.911s][debug][safepoint     ] Safepoint synchronization initiated. (227 threads)
[2023-11-13T01:19:33.178+0000][4162.911s][info ][safepoint     ] Application time: 1.0002589 seconds
[2023-11-13T01:19:33.179+0000][4162.911s][info ][safepoint     ] Entering safepoint region: Cleanup
[2023-11-13T01:19:33.179+0000][4162.911s][info ][safepoint     ] Leaving safepoint region
[2023-11-13T01:19:33.179+0000][4162.911s][info ][safepoint     ] Total time for which application threads were stopped: 0.0006469 seconds, Stopping threads took: 0.0001365 seconds
[2023-11-13T01:19:34.179+0000][4163.912s][debug][safepoint     ] Safepoint synchronization initiated. (227 threads)
[2023-11-13T01:19:34.179+0000][4163.912s][info ][safepoint     ] Application time: 1.0003227 seconds
[2023-11-13T01:19:34.180+0000][4163.912s][info ][safepoint     ] Entering safepoint region: Cleanup
[2023-11-13T01:19:34.180+0000][4163.913s][info ][safepoint     ] Leaving safepoint region
[2023-11-13T01:19:34.180+0000][4163.913s][info ][safepoint     ] Total time for which application threads were stopped: 0.0008513 seconds, Stopping threads took: 0.0001609 seconds
[2023-11-13T01:19:35.181+0000][4164.913s][debug][safepoint     ] Safepoint synchronization initiated. (227 threads)
[2023-11-13T01:19:35.181+0000][4164.913s][info ][safepoint     ] Application time: 1.0002912 seconds
[2023-11-13T01:19:35.181+0000][4164.913s][info ][safepoint     ] Entering safepoint region: Cleanup
[2023-11-13T01:19:35.181+0000][4164.914s][info ][safepoint     ] Leaving safepoint region
[2023-11-13T01:19:35.182+0000][4164.914s][info ][safepoint     ] Total time for which application threads were stopped: 0.0010680 seconds, Stopping threads took: 0.0001278 seconds
[2023-11-13T01:19:36.182+0000][4165.915s][debug][safepoint     ] Safepoint synchronization initiated. (227 threads)
[2023-11-13T01:19:36.182+0000][4165.915s][info ][safepoint     ] Application time: 1.0002458 seconds
[2023-11-13T01:19:36.182+0000][4165.915s][info ][safepoint     ] Entering safepoint region: Cleanup
[2023-11-13T01:19:36.183+0000][4165.915s][info ][safepoint     ] Leaving safepoint region
[2023-11-13T01:19:36.183+0000][4165.915s][debug][safepoint     ] ... found polling page return exception at pc = 0x00007f3799260859, stub =0x00007f3790841800
[2023-11-13T01:19:36.183+0000][4165.915s][info ][safepoint     ] Total time for which application threads were stopped: 0.0006737 seconds, Stopping threads took: 0.0001505 seconds
[2023-11-13T01:19:37.186+0000][4166.918s][debug][safepoint     ] Safepoint synchronization initiated. (227 threads)
[2023-11-13T01:19:37.186+0000][4166.918s][info ][safepoint     ] Application time: 1.0021863 seconds
[2023-11-13T01:19:37.186+0000][4166.918s][info ][safepoint     ] Entering safepoint region: Cleanup
[2023-11-13T01:19:37.187+0000][4166.919s][info ][safepoint     ] Leaving safepoint region
[2023-11-13T01:19:37.187+0000][4166.919s][info ][safepoint     ] Total time for which application threads were stopped: 0.0011334 seconds, Stopping threads took: 0.0001820 seconds
[2023-11-13T01:19:38.187+0000][4167.920s][debug][safepoint     ] Safepoint synchronization initiated. (227 threads)
[2023-11-13T01:19:38.187+0000][4167.920s][info ][safepoint     ] Application time: 1.0002491 seconds
[2023-11-13T01:19:38.189+0000][4167.922s][debug][safepoint     ] ... found polling page return exception at pc = 0x00007f37984d7593, stub =0x00007f3790841800
[2023-11-13T01:19:38.189+0000][4167.922s][debug][safepoint     ] Waiting for 1 thread(s) to block
[2023-11-13T01:19:38.190+0000][4167.922s][info ][safepoint     ] Entering safepoint region: Cleanup
[2023-11-13T01:19:38.190+0000][4167.922s][info ][safepoint     ] Leaving safepoint region
[2023-11-13T01:19:38.190+0000][4167.922s][info ][safepoint     ] Total time for which application threads were stopped: 0.0027326 seconds, Stopping threads took: 0.0022261 seconds
[2023-11-13T01:19:39.190+0000][4168.923s][debug][safepoint     ] Safepoint synchronization initiated. (227 threads)
[2023-11-13T01:19:39.190+0000][4168.923s][info ][safepoint     ] Application time: 1.0001732 seconds
[2023-11-13T01:19:39.190+0000][4168.923s][debug][safepoint     ] ... found polling page loop exception at pc = 0x00007f37995f9759, stub =0x00007f3790841b00
[2023-11-13T01:19:39.191+0000][4168.923s][debug][safepoint     ] Waiting for 1 thread(s) to block
[2023-11-13T01:19:39.191+0000][4168.923s][info ][safepoint     ] Entering safepoint region: Cleanup
[2023-11-13T01:19:39.191+0000][4168.923s][info ][safepoint     ] Leaving safepoint region
[2023-11-13T01:19:39.191+0000][4168.923s][info ][safepoint     ] Total time for which application threads were stopped: 0.0006577 seconds, Stopping threads took: 0.0002745 seconds
[2023-11-13T01:19:40.191+0000][4169.924s][debug][safepoint     ] Safepoint synchronization initiated. (227 threads)
[2023-11-13T01:19:40.191+0000][4169.924s][info ][safepoint     ] Application time: 1.0002555 seconds
[2023-11-13T01:19:40.191+0000][4169.924s][info ][safepoint     ] Entering safepoint region: Cleanup
[2023-11-13T01:19:40.192+0000][4169.924s][info ][safepoint     ] Leaving safepoint region
[2023-11-13T01:19:40.192+0000][4169.924s][info ][safepoint     ] Total time for which application threads were stopped: 0.0006579 seconds, Stopping threads took: 0.0001490 seconds
[2023-11-13T01:19:41.193+0000][4170.925s][debug][safepoint     ] Safepoint synchronization initiated. (227 threads)
[2023-11-13T01:19:41.193+0000][4170.925s][info ][safepoint     ] Application time: 1.0008483 seconds
[2023-11-13T01:19:41.193+0000][4170.925s][info ][safepoint     ] Entering safepoint region: Cleanup
[2023-11-13T01:19:41.194+0000][4170.926s][info ][safepoint     ] Leaving safepoint region
[2023-11-13T01:19:41.194+0000][4170.926s][info ][safepoint     ] Total time for which application threads were stopped: 0.0006400 seconds, Stopping threads took: 0.0001435 seconds
[2023-11-13T01:19:42.194+0000][4171.926s][debug][safepoint     ] Safepoint synchronization initiated. (227 threads)
[2023-11-13T01:19:42.194+0000][4171.926s][info ][safepoint     ] Application time: 1.0002896 seconds
[2023-11-13T01:19:42.194+0000][4171.926s][info ][safepoint     ] Entering safepoint region: Cleanup
[2023-11-13T01:19:42.195+0000][4171.927s][info ][safepoint     ] Leaving safepoint region
[2023-11-13T01:19:42.195+0000][4171.927s][info ][safepoint     ] Total time for which application threads were stopped: 0.0008752 seconds, Stopping threads took: 0.0001550 seconds
[2023-11-13T01:19:43.195+0000][4172.927s][debug][safepoint     ] Safepoint synchronization initiated. (227 threads)
[2023-11-13T01:19:43.195+0000][4172.927s][info ][safepoint     ] Application time: 1.0002615 seconds
[2023-11-13T01:19:43.195+0000][4172.928s][info ][safepoint     ] Entering safepoint region: Cleanup
[2023-11-13T01:19:43.196+0000][4172.928s][info ][safepoint     ] Leaving safepoint region
[2023-11-13T01:19:43.196+0000][4172.928s][info ][safepoint     ] Total time for which application threads were stopped: 0.0007660 seconds, Stopping threads took: 0.0001429 seconds
[2023-11-13T01:19:43.601+0000][4173.333s][debug][safepoint     ] Safepoint synchronization initiated. (227 threads)
[2023-11-13T01:19:43.601+0000][4173.333s][info ][safepoint     ] Application time: 0.4050699 seconds
[2023-11-13T01:19:43.602+0000][4173.334s][info ][safepoint     ] Entering safepoint region: G1CollectForAllocation
[2023-11-13T01:19:43.602+0000][4173.335s][info ][gc,start      ] GC(58) Pause Young (Normal) (G1 Evacuation Pause)
[2023-11-13T01:19:43.603+0000][4173.335s][info ][gc,task       ] GC(58) Using 6 workers of 6 for evacuation
[2023-11-13T01:19:43.620+0000][4173.352s][info ][gc,phases     ] GC(58)   Pre Evacuate Collection Set: 0.1ms
[2023-11-13T01:19:43.620+0000][4173.352s][info ][gc,phases     ] GC(58)   Evacuate Collection Set: 7.6ms
[2023-11-13T01:19:43.620+0000][4173.353s][info ][gc,phases     ] GC(58)   Post Evacuate Collection Set: 8.5ms
[2023-11-13T01:19:43.621+0000][4173.353s][info ][gc,phases     ] GC(58)   Other: 1.2ms
[2023-11-13T01:19:43.621+0000][4173.353s][info ][gc,heap       ] GC(58) Eden regions: 411->0(412)
[2023-11-13T01:19:43.621+0000][4173.354s][info ][gc,heap       ] GC(58) Survivor regions: 6->5(53)
[2023-11-13T01:19:43.622+0000][4173.354s][info ][gc,heap       ] GC(58) Old regions: 157->157
[2023-11-13T01:19:43.622+0000][4173.354s][info ][gc,heap       ] GC(58) Humongous regions: 0->0
[2023-11-13T01:19:43.622+0000][4173.355s][info ][gc,metaspace  ] GC(58) Metaspace: 166704K(172372K)->166704K(172372K) NonClass: 147613K(151128K)->147613K(151128K) Class: 19090K(21244K)->19090K(21244K)
[2023-11-13T01:19:43.623+0000][4173.355s][info ][gc            ] GC(58) Pause Young (Normal) (G1 Evacuation Pause) 571M->160M(696M) 20.376ms
[2023-11-13T01:19:43.623+0000][4173.355s][info ][gc,cpu        ] GC(58) User=0.07s Sys=0.00s Real=0.02s
[2023-11-13T01:19:43.624+0000][4173.356s][info ][safepoint     ] Leaving safepoint region
[2023-11-13T01:19:43.624+0000][4173.356s][info ][safepoint     ] Total time for which application threads were stopped: 0.0223858 seconds, Stopping threads took: 0.0004537 seconds
[2023-11-13T01:19:43.624+0000][4173.357s][info ][gc,stringdedup] Concurrent String Deduplication (4173.357s)
[2023-11-13T01:19:43.625+0000][4173.357s][info ][gc,stringdedup] Concurrent String Deduplication 632.0B->0.0B(632.0B) avg 53.9% (4173.357s, 4173.357s) 0.378ms
[2023-11-13T01:19:44.624+0000][4174.357s][debug][safepoint     ] Safepoint synchronization initiated. (227 threads)
[2023-11-13T01:19:44.625+0000][4174.357s][info ][safepoint     ] Application time: 1.0003389 seconds
[2023-11-13T01:19:44.625+0000][4174.357s][info ][safepoint     ] Entering safepoint region: Cleanup
[2023-11-13T01:19:44.625+0000][4174.358s][info ][safepoint     ] Leaving safepoint region
[2023-11-13T01:19:44.625+0000][4174.358s][info ][safepoint     ] Total time for which application threads were stopped: 0.0009161 seconds, Stopping threads took: 0.0001394 seconds
[2023-11-13T01:19:45.626+0000][4175.358s][debug][safepoint     ] Safepoint synchronization initiated. (227 threads)
[2023-11-13T01:19:45.626+0000][4175.358s][info ][safepoint     ] Application time: 1.0002571 seconds
[2023-11-13T01:19:45.626+0000][4175.358s][info ][safepoint     ] Entering safepoint region: Cleanup
[2023-11-13T01:19:45.626+0000][4175.359s][info ][safepoint     ] Leaving safepoint region
[2023-11-13T01:19:45.627+0000][4175.359s][info ][safepoint     ] Total time for which application threads were stopped: 0.0008912 seconds, Stopping threads took: 0.0001414 seconds
[2023-11-13T01:19:46.627+0000][4176.359s][debug][safepoint     ] Safepoint synchronization initiated. (227 threads)
[2023-11-13T01:19:46.627+0000][4176.360s][info ][safepoint     ] Application time: 1.0004451 seconds
[2023-11-13T01:19:46.628+0000][4176.360s][info ][safepoint     ] Entering safepoint region: Cleanup
[2023-11-13T01:19:46.628+0000][4176.360s][info ][safepoint     ] Leaving safepoint region
[2023-11-13T01:19:46.628+0000][4176.361s][info ][safepoint     ] Total time for which application threads were stopped: 0.0006029 seconds, Stopping threads took: 0.0002628 seconds
[2023-11-13T01:19:47.629+0000][4177.361s][debug][safepoint     ] Safepoint synchronization initiated. (228 threads)
[2023-11-13T01:19:47.629+0000][4177.361s][info ][safepoint     ] Application time: 1.0003027 seconds
[2023-11-13T01:19:47.629+0000][4177.361s][info ][safepoint     ] Entering safepoint region: Cleanup
[2023-11-13T01:19:47.629+0000][4177.362s][info ][safepoint     ] Leaving safepoint region
[2023-11-13T01:19:47.629+0000][4177.362s][info ][safepoint     ] Total time for which application threads were stopped: 0.0006623 seconds, Stopping threads took: 0.0001416 seconds
[2023-11-13T01:19:48.630+0000][4178.362s][debug][safepoint     ] Safepoint synchronization initiated. (228 threads)
[2023-11-13T01:19:48.630+0000][4178.362s][info ][safepoint     ] Application time: 1.0003058 seconds
[2023-11-13T01:19:48.630+0000][4178.362s][info ][safepoint     ] Entering safepoint region: Cleanup
[2023-11-13T01:19:48.630+0000][4178.363s][info ][safepoint     ] Leaving safepoint region
[2023-11-13T01:19:48.631+0000][4178.363s][info ][safepoint     ] Total time for which application threads were stopped: 0.0009332 seconds, Stopping threads took: 0.0001478 seconds
[2023-11-13T01:19:49.631+0000][4179.363s][debug][safepoint     ] Safepoint synchronization initiated. (228 threads)
[2023-11-13T01:19:49.632+0000][4179.364s][info ][safepoint     ] Application time: 1.0005791 seconds
[2023-11-13T01:19:49.632+0000][4179.364s][info ][safepoint     ] Entering safepoint region: Cleanup
[2023-11-13T01:19:49.633+0000][4179.365s][info ][safepoint     ] Leaving safepoint region
[2023-11-13T01:19:49.633+0000][4179.365s][info ][safepoint     ] Total time for which application threads were stopped: 0.0011496 seconds, Stopping threads took: 0.0004123 seconds
[2023-11-13T01:19:50.634+0000][4180.366s][debug][safepoint     ] Safepoint synchronization initiated. (228 threads)
[2023-11-13T01:19:50.634+0000][4180.367s][info ][safepoint     ] Application time: 1.0010497 seconds
[2023-11-13T01:19:50.635+0000][4180.367s][info ][safepoint     ] Entering safepoint region: Cleanup
[2023-11-13T01:19:50.635+0000][4180.367s][info ][safepoint     ] Leaving safepoint region
[2023-11-13T01:19:50.635+0000][4180.367s][info ][safepoint     ] Total time for which application threads were stopped: 0.0006709 seconds, Stopping threads took: 0.0001521 seconds
[2023-11-13T01:19:50.635+0000][4180.367s][debug][safepoint     ] ... found polling page return exception at pc = 0x00007f3798afd432, stub =0x00007f3790841800
[2023-11-13T01:19:51.635+0000][4181.368s][debug][safepoint     ] Safepoint synchronization initiated. (228 threads)
[2023-11-13T01:19:51.635+0000][4181.368s][info ][safepoint     ] Application time: 1.0002537 seconds
[2023-11-13T01:19:51.636+0000][4181.368s][info ][safepoint     ] Entering safepoint region: Cleanup
[2023-11-13T01:19:51.636+0000][4181.368s][info ][safepoint     ] Leaving safepoint region
[2023-11-13T01:19:51.636+0000][4181.368s][info ][safepoint     ] Total time for which application threads were stopped: 0.0006385 seconds, Stopping threads took: 0.0001429 seconds
[2023-11-13T01:19:52.636+0000][4182.369s][debug][safepoint     ] Safepoint synchronization initiated. (228 threads)
[2023-11-13T01:19:52.636+0000][4182.369s][info ][safepoint     ] Application time: 1.0002927 seconds
[2023-11-13T01:19:52.637+0000][4182.369s][info ][safepoint     ] Entering safepoint region: Cleanup
[2023-11-13T01:19:52.637+0000][4182.369s][info ][safepoint     ] Leaving safepoint region
[2023-11-13T01:19:52.637+0000][4182.369s][info ][safepoint     ] Total time for which application threads were stopped: 0.0006242 seconds, Stopping threads took: 0.0001491 seconds
[2023-11-13T01:19:53.637+0000][4183.370s][debug][safepoint     ] Safepoint synchronization initiated. (228 threads)
[2023-11-13T01:19:53.638+0000][4183.370s][info ][safepoint     ] Application time: 1.0006663 seconds
[2023-11-13T01:19:53.638+0000][4183.371s][info ][safepoint     ] Entering safepoint region: Cleanup
[2023-11-13T01:19:53.639+0000][4183.372s][info ][safepoint     ] Leaving safepoint region
[2023-11-13T01:19:53.640+0000][4183.372s][info ][safepoint     ] Total time for which application threads were stopped: 0.0013122 seconds, Stopping threads took: 0.0004226 seconds
[2023-11-13T01:19:54.640+0000][4184.372s][debug][safepoint     ] Safepoint synchronization initiated. (228 threads)
[2023-11-13T01:19:54.641+0000][4184.373s][info ][safepoint     ] Application time: 1.0008386 seconds
[2023-11-13T01:19:54.641+0000][4184.373s][info ][safepoint     ] Entering safepoint region: Cleanup
[2023-11-13T01:19:54.642+0000][4184.374s][info ][safepoint     ] Leaving safepoint region
[2023-11-13T01:19:54.642+0000][4184.375s][info ][safepoint     ] Total time for which application threads were stopped: 0.0014930 seconds, Stopping threads took: 0.0004269 seconds
[2023-11-13T01:19:55.643+0000][4185.375s][debug][safepoint     ] Safepoint synchronization initiated. (228 threads)
[2023-11-13T01:19:55.643+0000][4185.376s][info ][safepoint     ] Application time: 1.0006326 seconds
[2023-11-13T01:19:55.644+0000][4185.376s][info ][safepoint     ] Entering safepoint region: Cleanup
[2023-11-13T01:19:55.645+0000][4185.377s][info ][safepoint     ] Leaving safepoint region
[2023-11-13T01:19:55.645+0000][4185.377s][info ][safepoint     ] Total time for which application threads were stopped: 0.0011470 seconds, Stopping threads took: 0.0004169 seconds
[2023-11-13T01:19:56.645+0000][4186.378s][debug][safepoint     ] Safepoint synchronization initiated. (228 threads)
[2023-11-13T01:19:56.646+0000][4186.378s][info ][safepoint     ] Application time: 1.0009969 seconds
[2023-11-13T01:19:56.646+0000][4186.379s][info ][safepoint     ] Entering safepoint region: Cleanup
[2023-11-13T01:19:56.647+0000][4186.379s][info ][safepoint     ] Leaving safepoint region
[2023-11-13T01:19:56.647+0000][4186.379s][info ][safepoint     ] Total time for which application threads were stopped: 0.0005740 seconds, Stopping threads took: 0.0001539 seconds
[2023-11-13T01:19:57.647+0000][4187.379s][debug][safepoint     ] Safepoint synchronization initiated. (228 threads)
[2023-11-13T01:19:57.647+0000][4187.379s][info ][safepoint     ] Application time: 1.0002556 seconds
[2023-11-13T01:19:57.647+0000][4187.380s][info ][safepoint     ] Entering safepoint region: Cleanup
[2023-11-13T01:19:57.648+0000][4187.380s][info ][safepoint     ] Leaving safepoint region
[2023-11-13T01:19:57.648+0000][4187.380s][info ][safepoint     ] Total time for which application threads were stopped: 0.0005864 seconds, Stopping threads took: 0.0001400 seconds
[2023-11-13T01:19:58.648+0000][4188.380s][debug][safepoint     ] Safepoint synchronization initiated. (228 threads)
[2023-11-13T01:19:58.648+0000][4188.380s][info ][safepoint     ] Application time: 1.0002616 seconds
[2023-11-13T01:19:58.648+0000][4188.380s][info ][safepoint     ] Entering safepoint region: Cleanup
[2023-11-13T01:19:58.649+0000][4188.381s][info ][safepoint     ] Leaving safepoint region
[2023-11-13T01:19:58.649+0000][4188.381s][info ][safepoint     ] Total time for which application threads were stopped: 0.0007902 seconds, Stopping threads took: 0.0001913 seconds
[2023-11-13T01:19:59.649+0000][4189.381s][debug][safepoint     ] Safepoint synchronization initiated. (228 threads)
[2023-11-13T01:19:59.649+0000][4189.381s][info ][safepoint     ] Application time: 1.0002673 seconds
[2023-11-13T01:19:59.649+0000][4189.382s][info ][safepoint     ] Entering safepoint region: Cleanup
[2023-11-13T01:19:59.650+0000][4189.382s][info ][safepoint     ] Leaving safepoint region
[2023-11-13T01:19:59.650+0000][4189.382s][info ][safepoint     ] Total time for which application threads were stopped: 0.0007023 seconds, Stopping threads took: 0.0001526 seconds
[2023-11-13T01:20:00.650+0000][4190.382s][debug][safepoint     ] Safepoint synchronization initiated. (228 threads)
[2023-11-13T01:20:00.650+0000][4190.383s][info ][safepoint     ] Application time: 1.0003033 seconds
[2023-11-13T01:20:00.650+0000][4190.383s][info ][safepoint     ] Entering safepoint region: Cleanup
[2023-11-13T01:20:00.651+0000][4190.383s][info ][safepoint     ] Leaving safepoint region
[2023-11-13T01:20:00.651+0000][4190.384s][info ][safepoint     ] Total time for which application threads were stopped: 0.0011340 seconds, Stopping threads took: 0.0001470 seconds
[2023-11-13T01:20:01.652+0000][4191.384s][debug][safepoint     ] Safepoint synchronization initiated. (228 threads)
[2023-11-13T01:20:01.652+0000][4191.385s][info ][safepoint     ] Application time: 1.0006321 seconds
[2023-11-13T01:20:01.653+0000][4191.385s][debug][safepoint     ] ... found polling page loop exception at pc = 0x00007f3798422fdc, stub =0x00007f3790841b00
[2023-11-13T01:20:01.653+0000][4191.385s][debug][safepoint     ] Waiting for 1 thread(s) to block
[2023-11-13T01:20:01.654+0000][4191.386s][info ][safepoint     ] Entering safepoint region: Cleanup
[2023-11-13T01:20:01.654+0000][4191.387s][info ][safepoint     ] Leaving safepoint region
[2023-11-13T01:20:01.655+0000][4191.387s][info ][safepoint     ] Total time for which application threads were stopped: 0.0019521 seconds, Stopping threads took: 0.0012471 seconds
[2023-11-13T01:20:02.655+0000][4192.387s][debug][safepoint     ] Safepoint synchronization initiated. (228 threads)
[2023-11-13T01:20:02.655+0000][4192.388s][info ][safepoint     ] Application time: 1.0002794 seconds
[2023-11-13T01:20:02.655+0000][4192.388s][debug][safepoint     ] ... found polling page return exception at pc = 0x00007f3798faf50a, stub =0x00007f3790841800
[2023-11-13T01:20:02.655+0000][4192.388s][debug][safepoint     ] Waiting for 1 thread(s) to block
[2023-11-13T01:20:02.656+0000][4192.388s][info ][safepoint     ] Entering safepoint region: Cleanup
[2023-11-13T01:20:02.657+0000][4192.389s][info ][safepoint     ] Leaving safepoint region
[2023-11-13T01:20:02.657+0000][4192.389s][info ][safepoint     ] Total time for which application threads were stopped: 0.0014291 seconds, Stopping threads took: 0.0003533 seconds
[2023-11-13T01:20:03.658+0000][4193.390s][debug][safepoint     ] Safepoint synchronization initiated. (228 threads)
[2023-11-13T01:20:03.658+0000][4193.390s][info ][safepoint     ] Application time: 1.0013431 seconds
[2023-11-13T01:20:03.658+0000][4193.390s][debug][safepoint     ] ... found polling page return exception at pc = 0x00007f379964e0b0, stub =0x00007f3790841800
[2023-11-13T01:20:03.658+0000][4193.391s][debug][safepoint     ] Waiting for 1 thread(s) to block
[2023-11-13T01:20:03.662+0000][4193.394s][info ][safepoint     ] Entering safepoint region: Cleanup
[2023-11-13T01:20:03.663+0000][4193.395s][info ][safepoint     ] Leaving safepoint region
[2023-11-13T01:20:03.663+0000][4193.395s][info ][safepoint     ] Total time for which application threads were stopped: 0.0048296 seconds, Stopping threads took: 0.0039996 seconds
[2023-11-13T01:20:04.663+0000][4194.395s][debug][safepoint     ] Safepoint synchronization initiated. (228 threads)
[2023-11-13T01:20:04.663+0000][4194.396s][info ][safepoint     ] Application time: 1.0002614 seconds
[2023-11-13T01:20:04.663+0000][4194.396s][info ][safepoint     ] Entering safepoint region: Cleanup
[2023-11-13T01:20:04.664+0000][4194.396s][info ][safepoint     ] Leaving safepoint region
[2023-11-13T01:20:04.664+0000][4194.397s][info ][safepoint     ] Total time for which application threads were stopped: 0.0009257 seconds, Stopping threads took: 0.0001533 seconds
[2023-11-13T01:20:05.664+0000][4195.397s][debug][safepoint     ] Safepoint synchronization initiated. (228 threads)
[2023-11-13T01:20:05.665+0000][4195.397s][info ][safepoint     ] Application time: 1.0006072 seconds
[2023-11-13T01:20:05.665+0000][4195.398s][info ][safepoint     ] Entering safepoint region: Cleanup
[2023-11-13T01:20:05.666+0000][4195.398s][info ][safepoint     ] Leaving safepoint region
[2023-11-13T01:20:05.666+0000][4195.399s][info ][safepoint     ] Total time for which application threads were stopped: 0.0012879 seconds, Stopping threads took: 0.0004676 seconds
[2023-11-13T01:20:05.994+0000][4195.726s][debug][safepoint     ] Safepoint synchronization initiated. (228 threads)
[2023-11-13T01:20:05.994+0000][4195.726s][info ][safepoint     ] Application time: 0.3272738 seconds
[2023-11-13T01:20:05.994+0000][4195.727s][debug][safepoint     ] ... found polling page return exception at pc = 0x00007f379922a1b7, stub =0x00007f3790841800
[2023-11-13T01:20:05.995+0000][4195.727s][debug][safepoint     ] Waiting for 1 thread(s) to block
[2023-11-13T01:20:05.995+0000][4195.728s][info ][safepoint     ] Entering safepoint region: G1CollectForAllocation
[2023-11-13T01:20:05.996+0000][4195.728s][info ][gc,start      ] GC(59) Pause Young (Normal) (G1 Evacuation Pause)
[2023-11-13T01:20:05.996+0000][4195.729s][info ][gc,task       ] GC(59) Using 6 workers of 6 for evacuation
[2023-11-13T01:20:06.016+0000][4195.749s][info ][gc,phases     ] GC(59)   Pre Evacuate Collection Set: 0.2ms
[2023-11-13T01:20:06.017+0000][4195.749s][info ][gc,phases     ] GC(59)   Evacuate Collection Set: 10.4ms
[2023-11-13T01:20:06.017+0000][4195.749s][info ][gc,phases     ] GC(59)   Post Evacuate Collection Set: 8.4ms
[2023-11-13T01:20:06.018+0000][4195.750s][info ][gc,phases     ] GC(59)   Other: 1.5ms
[2023-11-13T01:20:06.018+0000][4195.750s][info ][gc,heap       ] GC(59) Eden regions: 412->0(412)
[2023-11-13T01:20:06.018+0000][4195.750s][info ][gc,heap       ] GC(59) Survivor regions: 5->5(53)
[2023-11-13T01:20:06.018+0000][4195.751s][info ][gc,heap       ] GC(59) Old regions: 157->157
[2023-11-13T01:20:06.019+0000][4195.751s][info ][gc,heap       ] GC(59) Humongous regions: 0->0
[2023-11-13T01:20:06.019+0000][4195.751s][info ][gc,metaspace  ] GC(59) Metaspace: 166716K(172372K)->166716K(172372K) NonClass: 147626K(151128K)->147626K(151128K) Class: 19090K(21244K)->19090K(21244K)
[2023-11-13T01:20:06.019+0000][4195.752s][info ][gc            ] GC(59) Pause Young (Normal) (G1 Evacuation Pause) 572M->160M(696M) 23.322ms
[2023-11-13T01:20:06.020+0000][4195.752s][info ][gc,cpu        ] GC(59) User=0.07s Sys=0.00s Real=0.02s
[2023-11-13T01:20:06.020+0000][4195.753s][info ][safepoint     ] Leaving safepoint region
[2023-11-13T01:20:06.021+0000][4195.753s][info ][safepoint     ] Total time for which application threads were stopped: 0.0262882 seconds, Stopping threads took: 0.0012381 seconds
[2023-11-13T01:20:07.021+0000][4196.753s][debug][safepoint     ] Safepoint synchronization initiated. (228 threads)
[2023-11-13T01:20:07.021+0000][4196.754s][info ][safepoint     ] Application time: 1.0003568 seconds
[2023-11-13T01:20:07.021+0000][4196.754s][info ][safepoint     ] Entering safepoint region: Cleanup
[2023-11-13T01:20:07.022+0000][4196.754s][info ][safepoint     ] Leaving safepoint region
[2023-11-13T01:20:07.022+0000][4196.754s][info ][safepoint     ] Total time for which application threads were stopped: 0.0006908 seconds, Stopping threads took: 0.0001432 seconds
[2023-11-13T01:20:08.024+0000][4197.756s][debug][safepoint     ] Safepoint synchronization initiated. (228 threads)
[2023-11-13T01:20:08.026+0000][4197.758s][info ][safepoint     ] Application time: 1.0040500 seconds
[2023-11-13T01:20:08.026+0000][4197.759s][info ][safepoint     ] Entering safepoint region: Cleanup
[2023-11-13T01:20:08.030+0000][4197.762s][info ][safepoint     ] Leaving safepoint region
[2023-11-13T01:20:08.030+0000][4197.762s][info ][safepoint     ] Total time for which application threads were stopped: 0.0039706 seconds, Stopping threads took: 0.0001551 seconds
[2023-11-13T01:20:09.030+0000][4198.763s][debug][safepoint     ] Safepoint synchronization initiated. (228 threads)
[2023-11-13T01:20:09.031+0000][4198.763s][info ][safepoint     ] Application time: 1.0002887 seconds
[2023-11-13T01:20:09.031+0000][4198.763s][debug][safepoint     ] ... found polling page return exception at pc = 0x00007f3798438de2, stub =0x00007f3790841800
[2023-11-13T01:20:09.031+0000][4198.763s][debug][safepoint     ] ... found polling page return exception at pc = 0x00007f3798afd432, stub =0x00007f3790841800
[2023-11-13T01:20:09.031+0000][4198.763s][debug][safepoint     ] ... found polling page loop exception at pc = 0x00007f37990708e8, stub =0x00007f3790841b00
[2023-11-13T01:20:09.031+0000][4198.763s][debug][safepoint     ] Waiting for 3 thread(s) to block
[2023-11-13T01:20:09.032+0000][4198.764s][info ][safepoint     ] Entering safepoint region: Cleanup
[2023-11-13T01:20:09.033+0000][4198.765s][info ][safepoint     ] Leaving safepoint region
[2023-11-13T01:20:09.033+0000][4198.765s][info ][safepoint     ] Total time for which application threads were stopped: 0.0022456 seconds, Stopping threads took: 0.0012044 seconds
[2023-11-13T01:20:10.034+0000][4199.766s][debug][safepoint     ] Safepoint synchronization initiated. (228 threads)
[2023-11-13T01:20:10.034+0000][4199.766s][info ][safepoint     ] Application time: 1.0013103 seconds
[2023-11-13T01:20:10.034+0000][4199.767s][info ][safepoint     ] Entering safepoint region: Cleanup
[2023-11-13T01:20:10.037+0000][4199.769s][info ][safepoint     ] Leaving safepoint region
[2023-11-13T01:20:10.037+0000][4199.769s][info ][safepoint     ] Total time for which application threads were stopped: 0.0024275 seconds, Stopping threads took: 0.0001393 seconds
[2023-11-13T01:20:11.037+0000][4200.769s][debug][safepoint     ] Safepoint synchronization initiated. (228 threads)
[2023-11-13T01:20:11.037+0000][4200.769s][info ][safepoint     ] Application time: 1.0003128 seconds
[2023-11-13T01:20:11.037+0000][4200.769s][info ][safepoint     ] Entering safepoint region: Cleanup
[2023-11-13T01:20:11.037+0000][4200.770s][info ][safepoint     ] Leaving safepoint region
[2023-11-13T01:20:11.038+0000][4200.770s][debug][safepoint     ] ... found polling page return exception at pc = 0x00007f3798afd432, stub =0x00007f3790841800
[2023-11-13T01:20:11.038+0000][4200.770s][info ][safepoint     ] Total time for which application threads were stopped: 0.0005658 seconds, Stopping threads took: 0.0001405 seconds
[2023-11-13T01:20:12.038+0000][4201.770s][debug][safepoint     ] Safepoint synchronization initiated. (228 threads)
[2023-11-13T01:20:12.038+0000][4201.770s][info ][safepoint     ] Application time: 1.0003330 seconds
[2023-11-13T01:20:12.038+0000][4201.770s][info ][safepoint     ] Entering safepoint region: Cleanup
[2023-11-13T01:20:12.039+0000][4201.771s][info ][safepoint     ] Leaving safepoint region
[2023-11-13T01:20:12.039+0000][4201.771s][info ][safepoint     ] Total time for which application threads were stopped: 0.0005445 seconds, Stopping threads took: 0.0001443 seconds
[2023-11-13T01:20:13.039+0000][4202.771s][debug][safepoint     ] Safepoint synchronization initiated. (228 threads)
[2023-11-13T01:20:13.039+0000][4202.771s][info ][safepoint     ] Application time: 1.0002375 seconds
[2023-11-13T01:20:13.039+0000][4202.771s][info ][safepoint     ] Entering safepoint region: Cleanup
[2023-11-13T01:20:13.040+0000][4202.772s][info ][safepoint     ] Leaving safepoint region
[2023-11-13T01:20:13.040+0000][4202.772s][info ][safepoint     ] Total time for which application threads were stopped: 0.0009304 seconds, Stopping threads took: 0.0001331 seconds
[2023-11-13T01:20:14.040+0000][4203.772s][debug][safepoint     ] Safepoint synchronization initiated. (228 threads)
[2023-11-13T01:20:14.040+0000][4203.772s][info ][safepoint     ] Application time: 1.0003122 seconds
[2023-11-13T01:20:14.040+0000][4203.773s][info ][safepoint     ] Entering safepoint region: Cleanup
[2023-11-13T01:20:14.041+0000][4203.773s][info ][safepoint     ] Leaving safepoint region
[2023-11-13T01:20:14.041+0000][4203.773s][info ][safepoint     ] Total time for which application threads were stopped: 0.0005788 seconds, Stopping threads took: 0.0001353 seconds
[2023-11-13T01:20:15.041+0000][4204.773s][debug][safepoint     ] Safepoint synchronization initiated. (228 threads)
[2023-11-13T01:20:15.041+0000][4204.774s][info ][safepoint     ] Application time: 1.0005426 seconds
[2023-11-13T01:20:15.042+0000][4204.774s][debug][safepoint     ] ... found polling page return exception at pc = 0x00007f379879ffa8, stub =0x00007f3790841800
[2023-11-13T01:20:15.042+0000][4204.775s][debug][safepoint     ] Waiting for 1 thread(s) to block
[2023-11-13T01:20:15.043+0000][4204.775s][info ][safepoint     ] Entering safepoint region: Cleanup
[2023-11-13T01:20:15.044+0000][4204.776s][info ][safepoint     ] Leaving safepoint region
[2023-11-13T01:20:15.044+0000][4204.776s][info ][safepoint     ] Total time for which application threads were stopped: 0.0023190 seconds, Stopping threads took: 0.0013617 seconds
[2023-11-13T01:20:16.045+0000][4205.777s][debug][safepoint     ] Safepoint synchronization initiated. (228 threads)
[2023-11-13T01:20:16.045+0000][4205.778s][info ][safepoint     ] Application time: 1.0009116 seconds
[2023-11-13T01:20:16.045+0000][4205.778s][info ][safepoint     ] Entering safepoint region: Cleanup
[2023-11-13T01:20:16.046+0000][4205.778s][info ][safepoint     ] Leaving safepoint region
[2023-11-13T01:20:16.046+0000][4205.778s][info ][safepoint     ] Total time for which application threads were stopped: 0.0006252 seconds, Stopping threads took: 0.0001404 seconds
[2023-11-13T01:20:17.046+0000][4206.778s][debug][safepoint     ] Safepoint synchronization initiated. (228 threads)
[2023-11-13T01:20:17.046+0000][4206.778s][info ][safepoint     ] Application time: 1.0002679 seconds
[2023-11-13T01:20:17.046+0000][4206.779s][debug][safepoint     ] ... found polling page return exception at pc = 0x00007f37991f8c1d, stub =0x00007f3790841800
[2023-11-13T01:20:17.046+0000][4206.779s][debug][safepoint     ] Waiting for 2 thread(s) to block
[2023-11-13T01:20:17.050+0000][4206.783s][info ][safepoint     ] Entering safepoint region: Cleanup
[2023-11-13T01:20:17.051+0000][4206.783s][info ][safepoint     ] Leaving safepoint region
[2023-11-13T01:20:17.051+0000][4206.783s][info ][safepoint     ] Total time for which application threads were stopped: 0.0047374 seconds, Stopping threads took: 0.0042261 seconds
[2023-11-13T01:20:18.052+0000][4207.784s][debug][safepoint     ] Safepoint synchronization initiated. (228 threads)
[2023-11-13T01:20:18.052+0000][4207.784s][info ][safepoint     ] Application time: 1.0006155 seconds
[2023-11-13T01:20:18.052+0000][4207.784s][debug][safepoint     ] ... found polling page return exception at pc = 0x00007f379926c59d, stub =0x00007f3790841800
[2023-11-13T01:20:18.052+0000][4207.784s][debug][safepoint     ] Waiting for 1 thread(s) to block
[2023-11-13T01:20:18.058+0000][4207.790s][info ][safepoint     ] Entering safepoint region: Cleanup
[2023-11-13T01:20:18.060+0000][4207.792s][info ][safepoint     ] Leaving safepoint region
[2023-11-13T01:20:18.060+0000][4207.792s][info ][safepoint     ] Total time for which application threads were stopped: 0.0084802 seconds, Stopping threads took: 0.0064053 seconds
[2023-11-13T01:20:19.060+0000][4208.793s][debug][safepoint     ] Safepoint synchronization initiated. (228 threads)
[2023-11-13T01:20:19.062+0000][4208.794s][info ][safepoint     ] Application time: 1.0013735 seconds
[2023-11-13T01:20:19.062+0000][4208.794s][info ][safepoint     ] Entering safepoint region: Cleanup
[2023-11-13T01:20:19.062+0000][4208.795s][info ][safepoint     ] Leaving safepoint region
[2023-11-13T01:20:19.062+0000][4208.795s][info ][safepoint     ] Total time for which application threads were stopped: 0.0008861 seconds, Stopping threads took: 0.0001375 seconds
[2023-11-13T01:20:20.063+0000][4209.795s][debug][safepoint     ] Safepoint synchronization initiated. (228 threads)
[2023-11-13T01:20:20.063+0000][4209.795s][info ][safepoint     ] Application time: 1.0002970 seconds
[2023-11-13T01:20:20.063+0000][4209.795s][info ][safepoint     ] Entering safepoint region: Cleanup
[2023-11-13T01:20:20.063+0000][4209.796s][info ][safepoint     ] Leaving safepoint region
[2023-11-13T01:20:20.063+0000][4209.796s][info ][safepoint     ] Total time for which application threads were stopped: 0.0006056 seconds, Stopping threads took: 0.0001452 seconds
[2023-11-13T01:20:21.064+0000][4210.796s][debug][safepoint     ] Safepoint synchronization initiated. (228 threads)
[2023-11-13T01:20:21.064+0000][4210.796s][info ][safepoint     ] Application time: 1.0002971 seconds
[2023-11-13T01:20:21.064+0000][4210.796s][debug][safepoint     ] Waiting for 1 thread(s) to block
[2023-11-13T01:20:21.064+0000][4210.796s][info ][safepoint     ] Entering safepoint region: Cleanup
[2023-11-13T01:20:21.065+0000][4210.797s][info ][safepoint     ] Leaving safepoint region
[2023-11-13T01:20:21.065+0000][4210.797s][info ][safepoint     ] Total time for which application threads were stopped: 0.0007625 seconds, Stopping threads took: 0.0003267 seconds
[2023-11-13T01:20:22.067+0000][4211.800s][debug][safepoint     ] Safepoint synchronization initiated. (228 threads)
[2023-11-13T01:20:22.068+0000][4211.800s][info ][safepoint     ] Application time: 1.0029514 seconds
[2023-11-13T01:20:22.070+0000][4211.802s][debug][safepoint     ] ... found polling page return exception at pc = 0x00007f37994277a9, stub =0x00007f3790841800
[2023-11-13T01:20:22.070+0000][4211.803s][debug][safepoint     ] Waiting for 1 thread(s) to block
[2023-11-13T01:20:22.072+0000][4211.804s][info ][safepoint     ] Entering safepoint region: Cleanup
[2023-11-13T01:20:22.072+0000][4211.804s][info ][safepoint     ] Leaving safepoint region
[2023-11-13T01:20:22.072+0000][4211.805s][info ][safepoint     ] Total time for which application threads were stopped: 0.0046396 seconds, Stopping threads took: 0.0040837 seconds
[2023-11-13T01:20:23.073+0000][4212.805s][debug][safepoint     ] Safepoint synchronization initiated. (228 threads)
[2023-11-13T01:20:23.073+0000][4212.805s][info ][safepoint     ] Application time: 1.0004175 seconds
[2023-11-13T01:20:23.073+0000][4212.805s][debug][safepoint     ] ... found polling page return exception at pc = 0x00007f37989f6393, stub =0x00007f3790841800
[2023-11-13T01:20:23.073+0000][4212.805s][debug][safepoint     ] Waiting for 1 thread(s) to block
[2023-11-13T01:20:23.073+0000][4212.805s][info ][safepoint     ] Entering safepoint region: Cleanup
[2023-11-13T01:20:23.074+0000][4212.806s][info ][safepoint     ] Leaving safepoint region
[2023-11-13T01:20:23.074+0000][4212.806s][info ][safepoint     ] Total time for which application threads were stopped: 0.0009571 seconds, Stopping threads took: 0.0003811 seconds
[2023-11-13T01:20:24.074+0000][4213.806s][debug][safepoint     ] Safepoint synchronization initiated. (228 threads)
[2023-11-13T01:20:24.074+0000][4213.806s][info ][safepoint     ] Application time: 1.0002739 seconds
[2023-11-13T01:20:24.074+0000][4213.806s][debug][safepoint     ] Waiting for 1 thread(s) to block
[2023-11-13T01:20:24.074+0000][4213.807s][info ][safepoint     ] Entering safepoint region: Cleanup
[2023-11-13T01:20:24.075+0000][4213.808s][info ][safepoint     ] Leaving safepoint region
[2023-11-13T01:20:24.075+0000][4213.808s][info ][safepoint     ] Total time for which application threads were stopped: 0.0012398 seconds, Stopping threads took: 0.0003187 seconds
[2023-11-13T01:20:25.076+0000][4214.808s][debug][safepoint     ] Safepoint synchronization initiated. (228 threads)
[2023-11-13T01:20:25.076+0000][4214.808s][info ][safepoint     ] Application time: 1.0006407 seconds
[2023-11-13T01:20:25.076+0000][4214.808s][info ][safepoint     ] Entering safepoint region: Cleanup
[2023-11-13T01:20:25.077+0000][4214.809s][info ][safepoint     ] Leaving safepoint region
[2023-11-13T01:20:25.077+0000][4214.809s][info ][safepoint     ] Total time for which application threads were stopped: 0.0007390 seconds, Stopping threads took: 0.0001351 seconds
[2023-11-13T01:20:26.077+0000][4215.809s][debug][safepoint     ] Safepoint synchronization initiated. (228 threads)
[2023-11-13T01:20:26.077+0000][4215.809s][info ][safepoint     ] Application time: 1.0002601 seconds
[2023-11-13T01:20:26.077+0000][4215.809s][debug][safepoint     ] ... found polling page loop exception at pc = 0x00007f379888d71a, stub =0x00007f3790841b00
[2023-11-13T01:20:26.077+0000][4215.810s][debug][safepoint     ] Waiting for 1 thread(s) to block
[2023-11-13T01:20:26.077+0000][4215.810s][info ][safepoint     ] Entering safepoint region: Cleanup
[2023-11-13T01:20:26.078+0000][4215.810s][info ][safepoint     ] Leaving safepoint region
[2023-11-13T01:20:26.078+0000][4215.810s][info ][safepoint     ] Total time for which application threads were stopped: 0.0009637 seconds, Stopping threads took: 0.0004251 seconds
[2023-11-13T01:20:27.078+0000][4216.811s][debug][safepoint     ] Safepoint synchronization initiated. (228 threads)
[2023-11-13T01:20:27.078+0000][4216.811s][info ][safepoint     ] Application time: 1.0003648 seconds
[2023-11-13T01:20:27.079+0000][4216.811s][debug][safepoint     ] ... found polling page return exception at pc = 0x00007f3798e7531d, stub =0x00007f3790841800
[2023-11-13T01:20:27.079+0000][4216.811s][debug][safepoint     ] Waiting for 1 thread(s) to block
[2023-11-13T01:20:27.079+0000][4216.811s][info ][safepoint     ] Entering safepoint region: Cleanup
[2023-11-13T01:20:27.079+0000][4216.812s][info ][safepoint     ] Leaving safepoint region
[2023-11-13T01:20:27.080+0000][4216.812s][info ][safepoint     ] Total time for which application threads were stopped: 0.0009934 seconds, Stopping threads took: 0.0003890 seconds
[2023-11-13T01:20:28.080+0000][4217.812s][debug][safepoint     ] Safepoint synchronization initiated. (228 threads)
[2023-11-13T01:20:28.080+0000][4217.813s][info ][safepoint     ] Application time: 1.0007617 seconds
[2023-11-13T01:20:28.081+0000][4217.813s][debug][safepoint     ] Waiting for 1 thread(s) to block
[2023-11-13T01:20:28.081+0000][4217.813s][info ][safepoint     ] Entering safepoint region: Cleanup
[2023-11-13T01:20:28.082+0000][4217.814s][info ][safepoint     ] Leaving safepoint region
[2023-11-13T01:20:28.082+0000][4217.814s][info ][safepoint     ] Total time for which application threads were stopped: 0.0015876 seconds, Stopping threads took: 0.0008040 seconds
[2023-11-13T01:20:29.083+0000][4218.815s][debug][safepoint     ] Safepoint synchronization initiated. (228 threads)
[2023-11-13T01:20:29.083+0000][4218.815s][info ][safepoint     ] Application time: 1.0002539 seconds
[2023-11-13T01:20:29.083+0000][4218.815s][debug][safepoint     ] ... found polling page return exception at pc = 0x00007f3798985652, stub =0x00007f3790841800
[2023-11-13T01:20:29.083+0000][4218.815s][debug][safepoint     ] Waiting for 1 thread(s) to block
[2023-11-13T01:20:29.084+0000][4218.817s][info ][safepoint     ] Entering safepoint region: Cleanup
[2023-11-13T01:20:29.085+0000][4218.817s][info ][safepoint     ] Leaving safepoint region
[2023-11-13T01:20:29.085+0000][4218.817s][info ][safepoint     ] Total time for which application threads were stopped: 0.0022655 seconds, Stopping threads took: 0.0017069 seconds
[2023-11-13T01:20:29.177+0000][4218.909s][debug][safepoint     ] Safepoint synchronization initiated. (228 threads)
[2023-11-13T01:20:29.177+0000][4218.910s][info ][safepoint     ] Application time: 0.0921450 seconds
[2023-11-13T01:20:29.178+0000][4218.910s][debug][safepoint     ] ... found polling page return exception at pc = 0x00007f37987c45fc, stub =0x00007f3790841800
[2023-11-13T01:20:29.178+0000][4218.910s][debug][safepoint     ] Waiting for 2 thread(s) to block
[2023-11-13T01:20:29.179+0000][4218.911s][info ][safepoint     ] Entering safepoint region: G1CollectForAllocation
[2023-11-13T01:20:29.179+0000][4218.911s][info ][gc,start      ] GC(60) Pause Young (Normal) (G1 Evacuation Pause)
[2023-11-13T01:20:29.179+0000][4218.912s][info ][gc,task       ] GC(60) Using 6 workers of 6 for evacuation
[2023-11-13T01:20:29.200+0000][4218.932s][info ][gc,phases     ] GC(60)   Pre Evacuate Collection Set: 0.0ms
[2023-11-13T01:20:29.200+0000][4218.933s][info ][gc,phases     ] GC(60)   Evacuate Collection Set: 10.4ms
[2023-11-13T01:20:29.201+0000][4218.933s][info ][gc,phases     ] GC(60)   Post Evacuate Collection Set: 9.7ms
[2023-11-13T01:20:29.201+0000][4218.933s][info ][gc,phases     ] GC(60)   Other: 0.8ms
[2023-11-13T01:20:29.201+0000][4218.934s][info ][gc,heap       ] GC(60) Eden regions: 412->0(412)
[2023-11-13T01:20:29.202+0000][4218.934s][info ][gc,heap       ] GC(60) Survivor regions: 5->5(53)
[2023-11-13T01:20:29.202+0000][4218.934s][info ][gc,heap       ] GC(60) Old regions: 157->158
[2023-11-13T01:20:29.202+0000][4218.935s][info ][gc,heap       ] GC(60) Humongous regions: 0->0
[2023-11-13T01:20:29.203+0000][4218.935s][info ][gc,metaspace  ] GC(60) Metaspace: 166719K(172372K)->166719K(172372K) NonClass: 147628K(151128K)->147628K(151128K) Class: 19091K(21244K)->19091K(21244K)
[2023-11-13T01:20:29.203+0000][4218.935s][info ][gc            ] GC(60) Pause Young (Normal) (G1 Evacuation Pause) 572M->160M(696M) 23.973ms
[2023-11-13T01:20:29.204+0000][4218.936s][info ][gc,cpu        ] GC(60) User=0.08s Sys=0.01s Real=0.02s
[2023-11-13T01:20:29.204+0000][4218.936s][info ][safepoint     ] Leaving safepoint region
[2023-11-13T01:20:29.204+0000][4218.937s][info ][safepoint     ] Total time for which application threads were stopped: 0.0269792 seconds, Stopping threads took: 0.0013945 seconds
[2023-11-13T01:20:29.205+0000][4218.937s][info ][gc,stringdedup] Concurrent String Deduplication (4218.937s)
[2023-11-13T01:20:29.205+0000][4218.937s][info ][gc,stringdedup] Concurrent String Deduplication 656.0B->0.0B(656.0B) avg 53.9% (4218.937s, 4218.937s) 0.158ms
[2023-11-13T01:20:30.205+0000][4219.937s][debug][safepoint     ] Safepoint synchronization initiated. (228 threads)
[2023-11-13T01:20:30.205+0000][4219.937s][info ][safepoint     ] Application time: 1.0005148 seconds
[2023-11-13T01:20:30.205+0000][4219.938s][info ][safepoint     ] Entering safepoint region: Cleanup
[2023-11-13T01:20:30.206+0000][4219.938s][info ][safepoint     ] Leaving safepoint region
[2023-11-13T01:20:30.206+0000][4219.938s][info ][safepoint     ] Total time for which application threads were stopped: 0.0005955 seconds, Stopping threads took: 0.0001362 seconds
[2023-11-13T01:20:31.206+0000][4220.938s][debug][safepoint     ] Safepoint synchronization initiated. (228 threads)
[2023-11-13T01:20:31.206+0000][4220.938s][info ][safepoint     ] Application time: 1.0003719 seconds
[2023-11-13T01:20:31.206+0000][4220.939s][info ][safepoint     ] Entering safepoint region: Cleanup
[2023-11-13T01:20:31.207+0000][4220.939s][info ][safepoint     ] Leaving safepoint region
[2023-11-13T01:20:31.207+0000][4220.939s][info ][safepoint     ] Total time for which application threads were stopped: 0.0006084 seconds, Stopping threads took: 0.0001299 seconds
[2023-11-13T01:20:32.207+0000][4221.939s][debug][safepoint     ] Safepoint synchronization initiated. (228 threads)
[2023-11-13T01:20:32.207+0000][4221.939s][info ][safepoint     ] Application time: 1.0002947 seconds
[2023-11-13T01:20:32.207+0000][4221.940s][info ][safepoint     ] Entering safepoint region: Cleanup
[2023-11-13T01:20:32.208+0000][4221.940s][info ][safepoint     ] Leaving safepoint region
[2023-11-13T01:20:32.208+0000][4221.940s][info ][safepoint     ] Total time for which application threads were stopped: 0.0006658 seconds, Stopping threads took: 0.0001395 seconds
[2023-11-13T01:20:33.208+0000][4222.940s][debug][safepoint     ] Safepoint synchronization initiated. (228 threads)
[2023-11-13T01:20:33.208+0000][4222.940s][info ][safepoint     ] Application time: 1.0002612 seconds
[2023-11-13T01:20:33.208+0000][4222.941s][info ][safepoint     ] Entering safepoint region: Cleanup
[2023-11-13T01:20:33.209+0000][4222.941s][info ][safepoint     ] Leaving safepoint region
[2023-11-13T01:20:33.209+0000][4222.941s][info ][safepoint     ] Total time for which application threads were stopped: 0.0007154 seconds, Stopping threads took: 0.0001443 seconds
[2023-11-13T01:20:34.209+0000][4223.941s][debug][safepoint     ] Safepoint synchronization initiated. (228 threads)
[2023-11-13T01:20:34.209+0000][4223.942s][info ][safepoint     ] Application time: 1.0005419 seconds
[2023-11-13T01:20:34.210+0000][4223.942s][info ][safepoint     ] Entering safepoint region: Cleanup
[2023-11-13T01:20:34.211+0000][4223.943s][info ][safepoint     ] Leaving safepoint region
[2023-11-13T01:20:34.211+0000][4223.943s][info ][safepoint     ] Total time for which application threads were stopped: 0.0011916 seconds, Stopping threads took: 0.0004510 seconds
[2023-11-13T01:20:35.212+0000][4224.944s][debug][safepoint     ] Safepoint synchronization initiated. (228 threads)
[2023-11-13T01:20:35.212+0000][4224.945s][info ][safepoint     ] Application time: 1.0011488 seconds
[2023-11-13T01:20:35.213+0000][4224.945s][info ][safepoint     ] Entering safepoint region: Cleanup
[2023-11-13T01:20:35.214+0000][4224.946s][info ][safepoint     ] Leaving safepoint region
[2023-11-13T01:20:35.214+0000][4224.946s][info ][safepoint     ] Total time for which application threads were stopped: 0.0013222 seconds, Stopping threads took: 0.0006360 seconds
[2023-11-13T01:20:36.215+0000][4225.947s][debug][safepoint     ] Safepoint synchronization initiated. (228 threads)
[2023-11-13T01:20:36.215+0000][4225.947s][info ][safepoint     ] Application time: 1.0006134 seconds
[2023-11-13T01:20:36.215+0000][4225.948s][info ][safepoint     ] Entering safepoint region: Cleanup
[2023-11-13T01:20:36.216+0000][4225.948s][info ][safepoint     ] Leaving safepoint region
[2023-11-13T01:20:36.216+0000][4225.949s][info ][safepoint     ] Total time for which application threads were stopped: 0.0011087 seconds, Stopping threads took: 0.0004439 seconds
[2023-11-13T01:20:37.217+0000][4226.949s][debug][safepoint     ] Safepoint synchronization initiated. (228 threads)
[2023-11-13T01:20:37.217+0000][4226.949s][info ][safepoint     ] Application time: 1.0005409 seconds
[2023-11-13T01:20:37.218+0000][4226.950s][info ][safepoint     ] Entering safepoint region: Cleanup
[2023-11-13T01:20:37.218+0000][4226.951s][info ][safepoint     ] Leaving safepoint region
[2023-11-13T01:20:37.219+0000][4226.951s][info ][safepoint     ] Total time for which application threads were stopped: 0.0012426 seconds, Stopping threads took: 0.0003866 seconds
[2023-11-13T01:20:38.219+0000][4227.952s][debug][safepoint     ] Safepoint synchronization initiated. (228 threads)
[2023-11-13T01:20:38.220+0000][4227.952s][info ][safepoint     ] Application time: 1.0010579 seconds
[2023-11-13T01:20:38.220+0000][4227.953s][info ][safepoint     ] Entering safepoint region: Cleanup
[2023-11-13T01:20:38.221+0000][4227.953s][info ][safepoint     ] Leaving safepoint region
[2023-11-13T01:20:38.221+0000][4227.953s][info ][safepoint     ] Total time for which application threads were stopped: 0.0006237 seconds, Stopping threads took: 0.0001507 seconds
[2023-11-13T01:20:39.221+0000][4228.953s][debug][safepoint     ] Safepoint synchronization initiated. (228 threads)
[2023-11-13T01:20:39.222+0000][4228.954s][info ][safepoint     ] Application time: 1.0006716 seconds
[2023-11-13T01:20:39.222+0000][4228.954s][info ][safepoint     ] Entering safepoint region: Cleanup
[2023-11-13T01:20:39.222+0000][4228.955s][info ][safepoint     ] Leaving safepoint region
[2023-11-13T01:20:39.223+0000][4228.955s][info ][safepoint     ] Total time for which application threads were stopped: 0.0010133 seconds, Stopping threads took: 0.0001471 seconds
[2023-11-13T01:20:40.223+0000][4229.955s][debug][safepoint     ] Safepoint synchronization initiated. (228 threads)
[2023-11-13T01:20:40.224+0000][4229.956s][info ][safepoint     ] Application time: 1.0010708 seconds
[2023-11-13T01:20:40.224+0000][4229.957s][info ][safepoint     ] Entering safepoint region: Cleanup
[2023-11-13T01:20:40.225+0000][4229.957s][info ][safepoint     ] Leaving safepoint region
[2023-11-13T01:20:40.225+0000][4229.957s][info ][safepoint     ] Total time for which application threads were stopped: 0.0009167 seconds, Stopping threads took: 0.0003961 seconds
[2023-11-13T01:20:41.225+0000][4230.958s][debug][safepoint     ] Safepoint synchronization initiated. (228 threads)
[2023-11-13T01:20:41.226+0000][4230.958s][info ][safepoint     ] Application time: 1.0002937 seconds
[2023-11-13T01:20:41.226+0000][4230.958s][info ][safepoint     ] Entering safepoint region: Cleanup
[2023-11-13T01:20:41.226+0000][4230.959s][info ][safepoint     ] Leaving safepoint region
[2023-11-13T01:20:41.226+0000][4230.959s][info ][safepoint     ] Total time for which application threads were stopped: 0.0007607 seconds, Stopping threads took: 0.0001407 seconds
[2023-11-13T01:20:42.227+0000][4231.959s][debug][safepoint     ] Safepoint synchronization initiated. (228 threads)
[2023-11-13T01:20:42.227+0000][4231.959s][info ][safepoint     ] Application time: 1.0003055 seconds
[2023-11-13T01:20:42.227+0000][4231.959s][info ][safepoint     ] Entering safepoint region: Cleanup
[2023-11-13T01:20:42.227+0000][4231.960s][info ][safepoint     ] Leaving safepoint region
[2023-11-13T01:20:42.227+0000][4231.960s][info ][safepoint     ] Total time for which application threads were stopped: 0.0007391 seconds, Stopping threads took: 0.0001474 seconds
[2023-11-13T01:20:43.228+0000][4232.960s][debug][safepoint     ] Safepoint synchronization initiated. (228 threads)
[2023-11-13T01:20:43.228+0000][4232.960s][info ][safepoint     ] Application time: 1.0003008 seconds
[2023-11-13T01:20:43.228+0000][4232.960s][info ][safepoint     ] Entering safepoint region: Cleanup
[2023-11-13T01:20:43.229+0000][4232.961s][info ][safepoint     ] Leaving safepoint region
[2023-11-13T01:20:43.229+0000][4232.961s][info ][safepoint     ] Total time for which application threads were stopped: 0.0009888 seconds, Stopping threads took: 0.0001485 seconds
[2023-11-13T01:20:44.229+0000][4233.961s][debug][safepoint     ] Safepoint synchronization initiated. (228 threads)
[2023-11-13T01:20:44.229+0000][4233.961s][info ][safepoint     ] Application time: 1.0002836 seconds
[2023-11-13T01:20:44.229+0000][4233.962s][info ][safepoint     ] Entering safepoint region: Cleanup
[2023-11-13T01:20:44.230+0000][4233.962s][info ][safepoint     ] Leaving safepoint region
[2023-11-13T01:20:44.230+0000][4233.962s][info ][safepoint     ] Total time for which application threads were stopped: 0.0006916 seconds, Stopping threads took: 0.0001255 seconds
[2023-11-13T01:20:44.230+0000][4233.962s][debug][safepoint     ] ... found polling page return exception at pc = 0x00007f3799260859, stub =0x00007f3790841800
[2023-11-13T01:20:45.230+0000][4234.962s][debug][safepoint     ] Safepoint synchronization initiated. (228 threads)
[2023-11-13T01:20:45.230+0000][4234.962s][info ][safepoint     ] Application time: 1.0001981 seconds
[2023-11-13T01:20:45.230+0000][4234.963s][info ][safepoint     ] Entering safepoint region: Cleanup
[2023-11-13T01:20:45.231+0000][4234.963s][info ][safepoint     ] Leaving safepoint region
[2023-11-13T01:20:45.231+0000][4234.964s][info ][safepoint     ] Total time for which application threads were stopped: 0.0010214 seconds, Stopping threads took: 0.0001349 seconds
[2023-11-13T01:20:46.232+0000][4235.964s][debug][safepoint     ] Safepoint synchronization initiated. (228 threads)
[2023-11-13T01:20:46.232+0000][4235.964s][info ][safepoint     ] Application time: 1.0006426 seconds
[2023-11-13T01:20:46.233+0000][4235.965s][info ][safepoint     ] Entering safepoint region: Cleanup
[2023-11-13T01:20:46.234+0000][4235.966s][info ][safepoint     ] Leaving safepoint region
[2023-11-13T01:20:46.234+0000][4235.966s][info ][safepoint     ] Total time for which application threads were stopped: 0.0012771 seconds, Stopping threads took: 0.0005120 seconds
[2023-11-13T01:20:47.234+0000][4236.967s][debug][safepoint     ] Safepoint synchronization initiated. (228 threads)
[2023-11-13T01:20:47.235+0000][4236.967s][info ][safepoint     ] Application time: 1.0007750 seconds
[2023-11-13T01:20:47.235+0000][4236.968s][info ][safepoint     ] Entering safepoint region: Cleanup
[2023-11-13T01:20:47.236+0000][4236.969s][info ][safepoint     ] Leaving safepoint region
[2023-11-13T01:20:47.237+0000][4236.969s][info ][safepoint     ] Total time for which application threads were stopped: 0.0012323 seconds, Stopping threads took: 0.0004657 seconds
[2023-11-13T01:20:48.237+0000][4237.969s][debug][safepoint     ] Safepoint synchronization initiated. (228 threads)
[2023-11-13T01:20:48.238+0000][4237.970s][info ][safepoint     ] Application time: 1.0006764 seconds
[2023-11-13T01:20:48.238+0000][4237.970s][info ][safepoint     ] Entering safepoint region: Cleanup
[2023-11-13T01:20:48.239+0000][4237.971s][info ][safepoint     ] Leaving safepoint region
[2023-11-13T01:20:48.239+0000][4237.971s][info ][safepoint     ] Total time for which application threads were stopped: 0.0013448 seconds, Stopping threads took: 0.0004961 seconds
[2023-11-13T01:20:49.240+0000][4238.972s][debug][safepoint     ] Safepoint synchronization initiated. (228 threads)
[2023-11-13T01:20:49.240+0000][4238.972s][info ][safepoint     ] Application time: 1.0006881 seconds
[2023-11-13T01:20:49.241+0000][4238.973s][info ][safepoint     ] Entering safepoint region: Cleanup
[2023-11-13T01:20:49.241+0000][4238.974s][info ][safepoint     ] Leaving safepoint region
[2023-11-13T01:20:49.242+0000][4238.974s][info ][safepoint     ] Total time for which application threads were stopped: 0.0011502 seconds, Stopping threads took: 0.0004184 seconds
[2023-11-13T01:20:50.242+0000][4239.975s][debug][safepoint     ] Safepoint synchronization initiated. (228 threads)
[2023-11-13T01:20:50.243+0000][4239.975s][info ][safepoint     ] Application time: 1.0009043 seconds
[2023-11-13T01:20:50.243+0000][4239.976s][info ][safepoint     ] Entering safepoint region: Cleanup
[2023-11-13T01:20:50.244+0000][4239.976s][info ][safepoint     ] Leaving safepoint region
[2023-11-13T01:20:50.244+0000][4239.977s][info ][safepoint     ] Total time for which application threads were stopped: 0.0012248 seconds, Stopping threads took: 0.0005130 seconds
[2023-11-13T01:20:51.245+0000][4240.977s][debug][safepoint     ] Safepoint synchronization initiated. (228 threads)
[2023-11-13T01:20:51.245+0000][4240.978s][info ][safepoint     ] Application time: 1.0007146 seconds
[2023-11-13T01:20:51.246+0000][4240.978s][info ][safepoint     ] Entering safepoint region: Cleanup
[2023-11-13T01:20:51.247+0000][4240.979s][info ][safepoint     ] Leaving safepoint region
[2023-11-13T01:20:51.247+0000][4240.979s][info ][safepoint     ] Total time for which application threads were stopped: 0.0012866 seconds, Stopping threads took: 0.0005215 seconds
[2023-11-13T01:20:51.723+0000][4241.455s][debug][safepoint     ] Safepoint synchronization initiated. (228 threads)
[2023-11-13T01:20:51.723+0000][4241.455s][info ][safepoint     ] Application time: 0.4756997 seconds
[2023-11-13T01:20:51.723+0000][4241.456s][debug][safepoint     ] ... found polling page return exception at pc = 0x00007f37993a3b4a, stub =0x00007f3790841800
[2023-11-13T01:20:51.724+0000][4241.456s][debug][safepoint     ] Waiting for 2 thread(s) to block
[2023-11-13T01:20:51.724+0000][4241.457s][info ][safepoint     ] Entering safepoint region: G1CollectForAllocation
[2023-11-13T01:20:51.725+0000][4241.457s][info ][gc,start      ] GC(61) Pause Young (Normal) (G1 Evacuation Pause)
[2023-11-13T01:20:51.725+0000][4241.457s][info ][gc,task       ] GC(61) Using 6 workers of 6 for evacuation
[2023-11-13T01:20:51.749+0000][4241.482s][info ][gc,phases     ] GC(61)   Pre Evacuate Collection Set: 0.1ms
[2023-11-13T01:20:51.749+0000][4241.482s][info ][gc,phases     ] GC(61)   Evacuate Collection Set: 12.1ms
[2023-11-13T01:20:51.749+0000][4241.482s][info ][gc,phases     ] GC(61)   Post Evacuate Collection Set: 11.6ms
[2023-11-13T01:20:51.750+0000][4241.482s][info ][gc,phases     ] GC(61)   Other: 0.7ms
[2023-11-13T01:20:51.750+0000][4241.482s][info ][gc,heap       ] GC(61) Eden regions: 412->0(413)
[2023-11-13T01:20:51.750+0000][4241.482s][info ][gc,heap       ] GC(61) Survivor regions: 5->4(53)
[2023-11-13T01:20:51.750+0000][4241.482s][info ][gc,heap       ] GC(61) Old regions: 158->158
[2023-11-13T01:20:51.750+0000][4241.482s][info ][gc,heap       ] GC(61) Humongous regions: 0->0
[2023-11-13T01:20:51.750+0000][4241.482s][info ][gc,metaspace  ] GC(61) Metaspace: 166727K(172372K)->166727K(172372K) NonClass: 147636K(151128K)->147636K(151128K) Class: 19091K(21244K)->19091K(21244K)
[2023-11-13T01:20:51.750+0000][4241.482s][info ][gc            ] GC(61) Pause Young (Normal) (G1 Evacuation Pause) 572M->160M(696M) 24.906ms
[2023-11-13T01:20:51.750+0000][4241.482s][info ][gc,cpu        ] GC(61) User=0.07s Sys=0.01s Real=0.03s
[2023-11-13T01:20:51.750+0000][4241.482s][info ][safepoint     ] Leaving safepoint region
[2023-11-13T01:20:51.750+0000][4241.482s][info ][safepoint     ] Total time for which application threads were stopped: 0.0270194 seconds, Stopping threads took: 0.0012276 seconds
[2023-11-13T01:20:51.750+0000][4241.483s][info ][gc,stringdedup] Concurrent String Deduplication (4241.483s)
[2023-11-13T01:20:51.750+0000][4241.483s][info ][gc,stringdedup] Concurrent String Deduplication 632.0B->56.0B(576.0B) avg 53.9% (4241.483s, 4241.483s) 0.084ms
[2023-11-13T01:20:52.750+0000][4242.483s][debug][safepoint     ] Safepoint synchronization initiated. (228 threads)
[2023-11-13T01:20:52.751+0000][4242.483s][info ][safepoint     ] Application time: 1.0006021 seconds
[2023-11-13T01:20:52.751+0000][4242.483s][info ][safepoint     ] Entering safepoint region: Cleanup
[2023-11-13T01:20:52.752+0000][4242.484s][info ][safepoint     ] Leaving safepoint region
[2023-11-13T01:20:52.752+0000][4242.484s][info ][safepoint     ] Total time for which application threads were stopped: 0.0011438 seconds, Stopping threads took: 0.0004149 seconds
[2023-11-13T01:20:53.753+0000][4243.485s][debug][safepoint     ] Safepoint synchronization initiated. (228 threads)
[2023-11-13T01:20:53.753+0000][4243.485s][info ][safepoint     ] Application time: 1.0006207 seconds
[2023-11-13T01:20:53.754+0000][4243.486s][info ][safepoint     ] Entering safepoint region: Cleanup
[2023-11-13T01:20:53.754+0000][4243.487s][info ][safepoint     ] Leaving safepoint region
[2023-11-13T01:20:53.755+0000][4243.487s][info ][safepoint     ] Total time for which application threads were stopped: 0.0011818 seconds, Stopping threads took: 0.0004125 seconds
[2023-11-13T01:20:54.755+0000][4244.487s][debug][safepoint     ] Safepoint synchronization initiated. (228 threads)
[2023-11-13T01:20:54.756+0000][4244.488s][info ][safepoint     ] Application time: 1.0009158 seconds
[2023-11-13T01:20:54.756+0000][4244.488s][info ][safepoint     ] Entering safepoint region: Cleanup
[2023-11-13T01:20:54.757+0000][4244.489s][info ][safepoint     ] Leaving safepoint region
[2023-11-13T01:20:54.757+0000][4244.489s][info ][safepoint     ] Total time for which application threads were stopped: 0.0008027 seconds, Stopping threads took: 0.0002070 seconds
[2023-11-13T01:20:55.757+0000][4245.489s][debug][safepoint     ] Safepoint synchronization initiated. (228 threads)
[2023-11-13T01:20:55.757+0000][4245.489s][info ][safepoint     ] Application time: 1.0002973 seconds
[2023-11-13T01:20:55.757+0000][4245.489s][debug][safepoint     ] ... found polling page return exception at pc = 0x00007f3798c7274b, stub =0x00007f3790841800
[2023-11-13T01:20:55.757+0000][4245.490s][debug][safepoint     ] Waiting for 2 thread(s) to block
[2023-11-13T01:20:55.757+0000][4245.490s][info ][safepoint     ] Entering safepoint region: Cleanup
[2023-11-13T01:20:55.758+0000][4245.490s][info ][safepoint     ] Leaving safepoint region
[2023-11-13T01:20:55.758+0000][4245.490s][info ][safepoint     ] Total time for which application threads were stopped: 0.0007920 seconds, Stopping threads took: 0.0003827 seconds
[2023-11-13T01:20:56.758+0000][4246.490s][debug][safepoint     ] Safepoint synchronization initiated. (228 threads)
[2023-11-13T01:20:56.758+0000][4246.491s][info ][safepoint     ] Application time: 1.0003241 seconds
[2023-11-13T01:20:56.758+0000][4246.491s][info ][safepoint     ] Entering safepoint region: Cleanup
[2023-11-13T01:20:56.759+0000][4246.491s][info ][safepoint     ] Leaving safepoint region
[2023-11-13T01:20:56.759+0000][4246.491s][info ][safepoint     ] Total time for which application threads were stopped: 0.0006006 seconds, Stopping threads took: 0.0001452 seconds
[2023-11-13T01:20:57.759+0000][4247.492s][debug][safepoint     ] Safepoint synchronization initiated. (228 threads)
[2023-11-13T01:20:57.760+0000][4247.492s][info ][safepoint     ] Application time: 1.0006324 seconds
[2023-11-13T01:20:57.760+0000][4247.492s][info ][safepoint     ] Entering safepoint region: Cleanup
[2023-11-13T01:20:57.760+0000][4247.493s][info ][safepoint     ] Leaving safepoint region
[2023-11-13T01:20:57.760+0000][4247.493s][info ][safepoint     ] Total time for which application threads were stopped: 0.0007537 seconds, Stopping threads took: 0.0001274 seconds
[2023-11-13T01:20:58.761+0000][4248.493s][debug][safepoint     ] Safepoint synchronization initiated. (228 threads)
[2023-11-13T01:20:58.761+0000][4248.493s][info ][safepoint     ] Application time: 1.0002859 seconds
[2023-11-13T01:20:58.761+0000][4248.493s][info ][safepoint     ] Entering safepoint region: Cleanup
[2023-11-13T01:20:58.761+0000][4248.494s][info ][safepoint     ] Leaving safepoint region
[2023-11-13T01:20:58.761+0000][4248.494s][info ][safepoint     ] Total time for which application threads were stopped: 0.0007649 seconds, Stopping threads took: 0.0001272 seconds
[2023-11-13T01:20:59.762+0000][4249.494s][debug][safepoint     ] Safepoint synchronization initiated. (228 threads)
[2023-11-13T01:20:59.762+0000][4249.494s][info ][safepoint     ] Application time: 1.0002958 seconds
[2023-11-13T01:20:59.762+0000][4249.494s][info ][safepoint     ] Entering safepoint region: Cleanup
[2023-11-13T01:20:59.763+0000][4249.495s][info ][safepoint     ] Leaving safepoint region
[2023-11-13T01:20:59.763+0000][4249.495s][info ][safepoint     ] Total time for which application threads were stopped: 0.0010533 seconds, Stopping threads took: 0.0002483 seconds
[2023-11-13T01:21:00.763+0000][4250.495s][debug][safepoint     ] Safepoint synchronization initiated. (228 threads)
[2023-11-13T01:21:00.763+0000][4250.496s][info ][safepoint     ] Application time: 1.0003419 seconds
[2023-11-13T01:21:00.763+0000][4250.496s][info ][safepoint     ] Entering safepoint region: Cleanup
[2023-11-13T01:21:00.764+0000][4250.496s][info ][safepoint     ] Leaving safepoint region
[2023-11-13T01:21:00.764+0000][4250.496s][info ][safepoint     ] Total time for which application threads were stopped: 0.0007355 seconds, Stopping threads took: 0.0001393 seconds
[2023-11-13T01:21:01.765+0000][4251.497s][debug][safepoint     ] Safepoint synchronization initiated. (228 threads)
[2023-11-13T01:21:01.765+0000][4251.498s][info ][safepoint     ] Application time: 1.0012027 seconds
[2023-11-13T01:21:01.765+0000][4251.498s][info ][safepoint     ] Entering safepoint region: Cleanup
[2023-11-13T01:21:01.766+0000][4251.498s][info ][safepoint     ] Leaving safepoint region
[2023-11-13T01:21:01.766+0000][4251.498s][info ][safepoint     ] Total time for which application threads were stopped: 0.0007768 seconds, Stopping threads took: 0.0001512 seconds
[2023-11-13T01:21:02.766+0000][4252.499s][debug][safepoint     ] Safepoint synchronization initiated. (228 threads)
[2023-11-13T01:21:02.766+0000][4252.499s][info ][safepoint     ] Application time: 1.0002297 seconds
[2023-11-13T01:21:02.766+0000][4252.499s][info ][safepoint     ] Entering safepoint region: Cleanup
[2023-11-13T01:21:02.767+0000][4252.499s][info ][safepoint     ] Leaving safepoint region
[2023-11-13T01:21:02.767+0000][4252.499s][info ][safepoint     ] Total time for which application threads were stopped: 0.0007333 seconds, Stopping threads took: 0.0001322 seconds
[2023-11-13T01:21:03.767+0000][4253.500s][debug][safepoint     ] Safepoint synchronization initiated. (228 threads)
[2023-11-13T01:21:03.768+0000][4253.501s][info ][safepoint     ] Application time: 1.0010628 seconds
[2023-11-13T01:21:03.769+0000][4253.501s][info ][safepoint     ] Entering safepoint region: Cleanup
[2023-11-13T01:21:03.770+0000][4253.502s][info ][safepoint     ] Leaving safepoint region
[2023-11-13T01:21:03.770+0000][4253.502s][info ][safepoint     ] Total time for which application threads were stopped: 0.0016028 seconds, Stopping threads took: 0.0007088 seconds
[2023-11-13T01:21:04.771+0000][4254.503s][debug][safepoint     ] Safepoint synchronization initiated. (228 threads)
[2023-11-13T01:21:04.772+0000][4254.504s][info ][safepoint     ] Application time: 1.0010835 seconds
[2023-11-13T01:21:04.772+0000][4254.504s][info ][safepoint     ] Entering safepoint region: Cleanup
[2023-11-13T01:21:04.773+0000][4254.505s][info ][safepoint     ] Leaving safepoint region
[2023-11-13T01:21:04.773+0000][4254.506s][info ][safepoint     ] Total time for which application threads were stopped: 0.0013562 seconds, Stopping threads took: 0.0004207 seconds
[2023-11-13T01:21:05.774+0000][4255.506s][debug][safepoint     ] Safepoint synchronization initiated. (228 threads)
[2023-11-13T01:21:05.774+0000][4255.507s][info ][safepoint     ] Application time: 1.0007406 seconds
[2023-11-13T01:21:05.775+0000][4255.508s][debug][safepoint     ] ... found polling page return exception at pc = 0x00007f379888d75e, stub =0x00007f3790841800
[2023-11-13T01:21:05.776+0000][4255.508s][debug][safepoint     ] Waiting for 1 thread(s) to block
[2023-11-13T01:21:05.776+0000][4255.508s][info ][safepoint     ] Entering safepoint region: Cleanup
[2023-11-13T01:21:05.777+0000][4255.509s][info ][safepoint     ] Leaving safepoint region
[2023-11-13T01:21:05.777+0000][4255.510s][info ][safepoint     ] Total time for which application threads were stopped: 0.0022065 seconds, Stopping threads took: 0.0012635 seconds
[2023-11-13T01:21:06.778+0000][4256.510s][debug][safepoint     ] Safepoint synchronization initiated. (228 threads)
[2023-11-13T01:21:06.778+0000][4256.510s][info ][safepoint     ] Application time: 1.0005169 seconds
[2023-11-13T01:21:06.778+0000][4256.511s][info ][safepoint     ] Entering safepoint region: Cleanup
[2023-11-13T01:21:06.779+0000][4256.511s][info ][safepoint     ] Leaving safepoint region
[2023-11-13T01:21:06.779+0000][4256.511s][info ][safepoint     ] Total time for which application threads were stopped: 0.0007533 seconds, Stopping threads took: 0.0001410 seconds
[2023-11-13T01:21:07.779+0000][4257.511s][debug][safepoint     ] Safepoint synchronization initiated. (228 threads)
[2023-11-13T01:21:07.779+0000][4257.512s][info ][safepoint     ] Application time: 1.0003256 seconds
[2023-11-13T01:21:07.780+0000][4257.512s][debug][safepoint     ] ... found polling page return exception at pc = 0x00007f379938ee5e, stub =0x00007f3790841800
[2023-11-13T01:21:07.780+0000][4257.512s][debug][safepoint     ] Waiting for 1 thread(s) to block
[2023-11-13T01:21:07.780+0000][4257.513s][info ][safepoint     ] Entering safepoint region: Cleanup
[2023-11-13T01:21:07.782+0000][4257.514s][info ][safepoint     ] Leaving safepoint region
[2023-11-13T01:21:07.782+0000][4257.514s][info ][safepoint     ] Total time for which application threads were stopped: 0.0025378 seconds, Stopping threads took: 0.0011758 seconds
[2023-11-13T01:21:08.782+0000][4258.514s][debug][safepoint     ] Safepoint synchronization initiated. (228 threads)
[2023-11-13T01:21:08.782+0000][4258.514s][info ][safepoint     ] Application time: 1.0002588 seconds
[2023-11-13T01:21:08.782+0000][4258.515s][info ][safepoint     ] Entering safepoint region: Cleanup
[2023-11-13T01:21:08.783+0000][4258.515s][info ][safepoint     ] Leaving safepoint region
[2023-11-13T01:21:08.783+0000][4258.515s][info ][safepoint     ] Total time for which application threads were stopped: 0.0006398 seconds, Stopping threads took: 0.0001464 seconds
[2023-11-13T01:21:09.784+0000][4259.516s][debug][safepoint     ] Safepoint synchronization initiated. (228 threads)
[2023-11-13T01:21:09.784+0000][4259.516s][info ][safepoint     ] Application time: 1.0010221 seconds
[2023-11-13T01:21:09.784+0000][4259.516s][info ][safepoint     ] Entering safepoint region: Cleanup
[2023-11-13T01:21:09.785+0000][4259.517s][info ][safepoint     ] Leaving safepoint region
[2023-11-13T01:21:09.785+0000][4259.517s][info ][safepoint     ] Total time for which application threads were stopped: 0.0007300 seconds, Stopping threads took: 0.0001671 seconds
[2023-11-13T01:21:10.785+0000][4260.517s][debug][safepoint     ] Safepoint synchronization initiated. (228 threads)
[2023-11-13T01:21:10.785+0000][4260.517s][info ][safepoint     ] Application time: 1.0002519 seconds
[2023-11-13T01:21:10.785+0000][4260.517s][info ][safepoint     ] Entering safepoint region: Cleanup
[2023-11-13T01:21:10.786+0000][4260.518s][info ][safepoint     ] Leaving safepoint region
[2023-11-13T01:21:10.786+0000][4260.518s][info ][safepoint     ] Total time for which application threads were stopped: 0.0008891 seconds, Stopping threads took: 0.0001392 seconds
[2023-11-13T01:21:11.787+0000][4261.520s][debug][safepoint     ] Safepoint synchronization initiated. (228 threads)
[2023-11-13T01:21:11.787+0000][4261.520s][info ][safepoint     ] Application time: 1.0002954 seconds
[2023-11-13T01:21:11.788+0000][4261.520s][info ][safepoint     ] Entering safepoint region: Cleanup
[2023-11-13T01:21:11.788+0000][4261.520s][info ][safepoint     ] Leaving safepoint region
[2023-11-13T01:21:11.788+0000][4261.520s][info ][safepoint     ] Total time for which application threads were stopped: 0.0006649 seconds, Stopping threads took: 0.0001413 seconds
[2023-11-13T01:21:12.788+0000][4262.521s][debug][safepoint     ] Safepoint synchronization initiated. (228 threads)
[2023-11-13T01:21:12.788+0000][4262.521s][info ][safepoint     ] Application time: 1.0002612 seconds
[2023-11-13T01:21:12.789+0000][4262.521s][info ][safepoint     ] Entering safepoint region: Cleanup
[2023-11-13T01:21:12.789+0000][4262.521s][info ][safepoint     ] Leaving safepoint region
[2023-11-13T01:21:12.789+0000][4262.521s][info ][safepoint     ] Total time for which application threads were stopped: 0.0006604 seconds, Stopping threads took: 0.0001434 seconds
[2023-11-13T01:21:13.789+0000][4263.522s][debug][safepoint     ] Safepoint synchronization initiated. (228 threads)
[2023-11-13T01:21:13.790+0000][4263.522s][info ][safepoint     ] Application time: 1.0006720 seconds
[2023-11-13T01:21:13.790+0000][4263.523s][info ][safepoint     ] Entering safepoint region: Cleanup
[2023-11-13T01:21:13.791+0000][4263.523s][info ][safepoint     ] Leaving safepoint region
[2023-11-13T01:21:13.791+0000][4263.524s][info ][safepoint     ] Total time for which application threads were stopped: 0.0011790 seconds, Stopping threads took: 0.0004217 seconds
[2023-11-13T01:21:14.270+0000][4264.002s][debug][safepoint     ] Safepoint synchronization initiated. (228 threads)
[2023-11-13T01:21:14.270+0000][4264.003s][info ][safepoint     ] Application time: 0.4787562 seconds
[2023-11-13T01:21:14.271+0000][4264.003s][debug][safepoint     ] ... found polling page return exception at pc = 0x00007f37987c45fc, stub =0x00007f3790841800
[2023-11-13T01:21:14.271+0000][4264.004s][debug][safepoint     ] Waiting for 1 thread(s) to block
[2023-11-13T01:21:14.272+0000][4264.004s][info ][safepoint     ] Entering safepoint region: G1CollectForAllocation
[2023-11-13T01:21:14.273+0000][4264.005s][info ][gc,start      ] GC(62) Pause Young (Normal) (G1 Evacuation Pause)
[2023-11-13T01:21:14.273+0000][4264.005s][info ][gc,task       ] GC(62) Using 6 workers of 6 for evacuation
[2023-11-13T01:21:14.290+0000][4264.022s][info ][gc,phases     ] GC(62)   Pre Evacuate Collection Set: 0.1ms
[2023-11-13T01:21:14.290+0000][4264.023s][info ][gc,phases     ] GC(62)   Evacuate Collection Set: 8.1ms
[2023-11-13T01:21:14.291+0000][4264.023s][info ][gc,phases     ] GC(62)   Post Evacuate Collection Set: 7.8ms
[2023-11-13T01:21:14.291+0000][4264.023s][info ][gc,phases     ] GC(62)   Other: 1.3ms
[2023-11-13T01:21:14.291+0000][4264.024s][info ][gc,heap       ] GC(62) Eden regions: 413->0(414)
[2023-11-13T01:21:14.292+0000][4264.024s][info ][gc,heap       ] GC(62) Survivor regions: 4->3(53)
[2023-11-13T01:21:14.292+0000][4264.024s][info ][gc,heap       ] GC(62) Old regions: 158->159
[2023-11-13T01:21:14.292+0000][4264.025s][info ][gc,heap       ] GC(62) Humongous regions: 0->0
[2023-11-13T01:21:14.293+0000][4264.025s][info ][gc,metaspace  ] GC(62) Metaspace: 166739K(172372K)->166739K(172372K) NonClass: 147648K(151128K)->147648K(151128K) Class: 19091K(21244K)->19091K(21244K)
[2023-11-13T01:21:14.293+0000][4264.025s][info ][gc            ] GC(62) Pause Young (Normal) (G1 Evacuation Pause) 573M->160M(696M) 20.538ms
[2023-11-13T01:21:14.293+0000][4264.026s][info ][gc,cpu        ] GC(62) User=0.06s Sys=0.01s Real=0.02s
[2023-11-13T01:21:14.294+0000][4264.026s][info ][safepoint     ] Leaving safepoint region
[2023-11-13T01:21:14.294+0000][4264.027s][info ][safepoint     ] Total time for which application threads were stopped: 0.0234830 seconds, Stopping threads took: 0.0011984 seconds
[2023-11-13T01:21:14.295+0000][4264.027s][info ][gc,stringdedup] Concurrent String Deduplication (4264.027s)
[2023-11-13T01:21:14.295+0000][4264.027s][info ][gc,stringdedup] Concurrent String Deduplication 456.0B->80.0B(376.0B) avg 53.9% (4264.027s, 4264.027s) 0.133ms
[2023-11-13T01:21:15.295+0000][4265.027s][debug][safepoint     ] Safepoint synchronization initiated. (228 threads)
[2023-11-13T01:21:15.296+0000][4265.028s][info ][safepoint     ] Application time: 1.0011496 seconds
[2023-11-13T01:21:15.296+0000][4265.029s][info ][safepoint     ] Entering safepoint region: Cleanup
[2023-11-13T01:21:15.297+0000][4265.029s][info ][safepoint     ] Leaving safepoint region
[2023-11-13T01:21:15.297+0000][4265.030s][info ][safepoint     ] Total time for which application threads were stopped: 0.0011014 seconds, Stopping threads took: 0.0004141 seconds
[2023-11-13T01:21:16.298+0000][4266.030s][debug][safepoint     ] Safepoint synchronization initiated. (228 threads)
[2023-11-13T01:21:16.298+0000][4266.030s][info ][safepoint     ] Application time: 1.0002904 seconds
[2023-11-13T01:21:16.298+0000][4266.030s][info ][safepoint     ] Entering safepoint region: Cleanup
[2023-11-13T01:21:16.299+0000][4266.031s][info ][safepoint     ] Leaving safepoint region
[2023-11-13T01:21:16.299+0000][4266.031s][info ][safepoint     ] Total time for which application threads were stopped: 0.0012564 seconds, Stopping threads took: 0.0001981 seconds
[2023-11-13T01:21:17.299+0000][4267.032s][debug][safepoint     ] Safepoint synchronization initiated. (228 threads)
[2023-11-13T01:21:17.300+0000][4267.032s][info ][safepoint     ] Application time: 1.0004414 seconds
[2023-11-13T01:21:17.300+0000][4267.032s][info ][safepoint     ] Entering safepoint region: Cleanup
[2023-11-13T01:21:17.300+0000][4267.032s][info ][safepoint     ] Leaving safepoint region
[2023-11-13T01:21:17.300+0000][4267.032s][info ][safepoint     ] Total time for which application threads were stopped: 0.0005375 seconds, Stopping threads took: 0.0001295 seconds
[2023-11-13T01:21:18.300+0000][4268.033s][debug][safepoint     ] Safepoint synchronization initiated. (228 threads)
[2023-11-13T01:21:18.300+0000][4268.033s][info ][safepoint     ] Application time: 1.0002748 seconds
[2023-11-13T01:21:18.301+0000][4268.033s][info ][safepoint     ] Entering safepoint region: Cleanup
[2023-11-13T01:21:18.301+0000][4268.033s][info ][safepoint     ] Leaving safepoint region
[2023-11-13T01:21:18.301+0000][4268.033s][info ][safepoint     ] Total time for which application threads were stopped: 0.0006196 seconds, Stopping threads took: 0.0001449 seconds
[2023-11-13T01:21:19.301+0000][4269.034s][debug][safepoint     ] Safepoint synchronization initiated. (228 threads)
[2023-11-13T01:21:19.302+0000][4269.034s][info ][safepoint     ] Application time: 1.0006557 seconds
[2023-11-13T01:21:19.302+0000][4269.035s][info ][safepoint     ] Entering safepoint region: Cleanup
[2023-11-13T01:21:19.303+0000][4269.035s][info ][safepoint     ] Leaving safepoint region
[2023-11-13T01:21:19.303+0000][4269.036s][info ][safepoint     ] Total time for which application threads were stopped: 0.0011351 seconds, Stopping threads took: 0.0004234 seconds
[2023-11-13T01:21:20.304+0000][4270.036s][debug][safepoint     ] Safepoint synchronization initiated. (228 threads)
[2023-11-13T01:21:20.304+0000][4270.037s][info ][safepoint     ] Application time: 1.0006242 seconds
[2023-11-13T01:21:20.305+0000][4270.037s][info ][safepoint     ] Entering safepoint region: Cleanup
[2023-11-13T01:21:20.305+0000][4270.038s][info ][safepoint     ] Leaving safepoint region
[2023-11-13T01:21:20.306+0000][4270.038s][info ][safepoint     ] Total time for which application threads were stopped: 0.0011950 seconds, Stopping threads took: 0.0004167 seconds
[2023-11-13T01:21:21.306+0000][4271.039s][debug][safepoint     ] Safepoint synchronization initiated. (228 threads)
[2023-11-13T01:21:21.306+0000][4271.039s][info ][safepoint     ] Application time: 1.0003302 seconds
[2023-11-13T01:21:21.307+0000][4271.039s][info ][safepoint     ] Entering safepoint region: Cleanup
[2023-11-13T01:21:21.307+0000][4271.039s][info ][safepoint     ] Leaving safepoint region
[2023-11-13T01:21:21.307+0000][4271.039s][info ][safepoint     ] Total time for which application threads were stopped: 0.0006683 seconds, Stopping threads took: 0.0001794 seconds
[2023-11-13T01:21:22.307+0000][4272.040s][debug][safepoint     ] Safepoint synchronization initiated. (228 threads)
[2023-11-13T01:21:22.307+0000][4272.040s][info ][safepoint     ] Application time: 1.0002690 seconds
[2023-11-13T01:21:22.308+0000][4272.040s][info ][safepoint     ] Entering safepoint region: Cleanup
[2023-11-13T01:21:22.309+0000][4272.041s][info ][safepoint     ] Leaving safepoint region
[2023-11-13T01:21:22.309+0000][4272.041s][info ][safepoint     ] Total time for which application threads were stopped: 0.0013632 seconds, Stopping threads took: 0.0001379 seconds
[2023-11-13T01:21:23.309+0000][4273.041s][debug][safepoint     ] Safepoint synchronization initiated. (228 threads)
[2023-11-13T01:21:23.309+0000][4273.041s][info ][safepoint     ] Application time: 1.0002598 seconds
[2023-11-13T01:21:23.309+0000][4273.042s][debug][safepoint     ] ... found polling page return exception at pc = 0x00007f3798a75af6, stub =0x00007f3790841800
[2023-11-13T01:21:23.309+0000][4273.042s][debug][safepoint     ] Waiting for 1 thread(s) to block
[2023-11-13T01:21:23.310+0000][4273.042s][info ][safepoint     ] Entering safepoint region: Cleanup
[2023-11-13T01:21:23.310+0000][4273.042s][info ][safepoint     ] Leaving safepoint region
[2023-11-13T01:21:23.310+0000][4273.042s][info ][safepoint     ] Total time for which application threads were stopped: 0.0009705 seconds, Stopping threads took: 0.0003471 seconds
[2023-11-13T01:21:24.310+0000][4274.043s][debug][safepoint     ] Safepoint synchronization initiated. (228 threads)
[2023-11-13T01:21:24.311+0000][4274.043s][info ][safepoint     ] Application time: 1.0003007 seconds
[2023-11-13T01:21:24.311+0000][4274.043s][info ][safepoint     ] Entering safepoint region: Cleanup
[2023-11-13T01:21:24.311+0000][4274.043s][info ][safepoint     ] Leaving safepoint region
[2023-11-13T01:21:24.311+0000][4274.043s][info ][safepoint     ] Total time for which application threads were stopped: 0.0006530 seconds, Stopping threads took: 0.0001389 seconds
[2023-11-13T01:21:25.311+0000][4275.044s][debug][safepoint     ] Safepoint synchronization initiated. (228 threads)
[2023-11-13T01:21:25.312+0000][4275.044s][info ][safepoint     ] Application time: 1.0003206 seconds
[2023-11-13T01:21:25.312+0000][4275.044s][info ][safepoint     ] Entering safepoint region: Cleanup
[2023-11-13T01:21:25.312+0000][4275.045s][info ][safepoint     ] Leaving safepoint region
[2023-11-13T01:21:25.312+0000][4275.045s][info ][safepoint     ] Total time for which application threads were stopped: 0.0006872 seconds, Stopping threads took: 0.0001607 seconds
[2023-11-13T01:21:26.312+0000][4276.045s][debug][safepoint     ] Safepoint synchronization initiated. (228 threads)
[2023-11-13T01:21:26.313+0000][4276.045s][info ][safepoint     ] Application time: 1.0002774 seconds
[2023-11-13T01:21:26.313+0000][4276.045s][info ][safepoint     ] Entering safepoint region: Cleanup
[2023-11-13T01:21:26.313+0000][4276.045s][info ][safepoint     ] Leaving safepoint region
[2023-11-13T01:21:26.313+0000][4276.046s][info ][safepoint     ] Total time for which application threads were stopped: 0.0006026 seconds, Stopping threads took: 0.0001393 seconds
[2023-11-13T01:21:27.313+0000][4277.046s][debug][safepoint     ] Safepoint synchronization initiated. (228 threads)
[2023-11-13T01:21:27.314+0000][4277.046s][info ][safepoint     ] Application time: 1.0002691 seconds
[2023-11-13T01:21:27.314+0000][4277.046s][info ][safepoint     ] Entering safepoint region: Cleanup
[2023-11-13T01:21:27.314+0000][4277.046s][info ][safepoint     ] Leaving safepoint region
[2023-11-13T01:21:27.314+0000][4277.047s][info ][safepoint     ] Total time for which application threads were stopped: 0.0006946 seconds, Stopping threads took: 0.0001381 seconds
[2023-11-13T01:21:28.315+0000][4278.047s][debug][safepoint     ] Safepoint synchronization initiated. (228 threads)
[2023-11-13T01:21:28.315+0000][4278.048s][info ][safepoint     ] Application time: 1.0011110 seconds
[2023-11-13T01:21:28.316+0000][4278.048s][info ][safepoint     ] Entering safepoint region: Cleanup
[2023-11-13T01:21:28.316+0000][4278.048s][info ][safepoint     ] Leaving safepoint region
[2023-11-13T01:21:28.316+0000][4278.048s][info ][safepoint     ] Total time for which application threads were stopped: 0.0006338 seconds, Stopping threads took: 0.0001507 seconds
