[2023-11-13T02:26:50.093+0000][0.009s][info][gc,heap] Heap region size: 1M
[2023-11-13T02:26:50.110+0000][0.026s][info][gc     ] Using G1
[2023-11-13T02:26:50.110+0000][0.026s][info][gc,heap,coops] Heap address: 0x0000000706200000, size: 3998 MB, Compressed Oops mode: Zero based, Oop shift amount: 3
[2023-11-13T02:26:50.111+0000][0.027s][info][gc,cds       ] Mark closed archive regions in map: [0x00000007bfc00000, 0x00000007bfc6aff8]
[2023-11-13T02:26:50.111+0000][0.027s][info][gc,cds       ] Mark open archive regions in map: [0x00000007bf800000, 0x00000007bf847ff8]
[2023-11-13T02:26:50.224+0000][0.140s][debug][safepoint    ] Safepoint synchronization initiated. (9 threads)
[2023-11-13T02:26:50.224+0000][0.140s][info ][safepoint    ] Application time: 0.0556610 seconds
[2023-11-13T02:26:50.224+0000][0.140s][info ][safepoint    ] Entering safepoint region: Deoptimize
[2023-11-13T02:26:50.224+0000][0.140s][info ][safepoint    ] Leaving safepoint region
[2023-11-13T02:26:50.224+0000][0.140s][info ][safepoint    ] Total time for which application threads were stopped: 0.0001475 seconds, Stopping threads took: 0.0000169 seconds
[2023-11-13T02:26:51.225+0000][1.140s][debug][safepoint    ] Safepoint synchronization initiated. (10 threads)
[2023-11-13T02:26:51.225+0000][1.141s][info ][safepoint    ] Application time: 1.0001855 seconds
[2023-11-13T02:26:51.226+0000][1.142s][debug][safepoint    ] ... found polling page return exception at pc = 0x00007f76a0303205, stub =0x00007f7698841800
[2023-11-13T02:26:51.226+0000][1.142s][debug][safepoint    ] Waiting for 2 thread(s) to block
[2023-11-13T02:26:51.227+0000][1.142s][info ][safepoint    ] Entering safepoint region: Cleanup
[2023-11-13T02:26:51.227+0000][1.143s][info ][safepoint    ] Leaving safepoint region
[2023-11-13T02:26:51.227+0000][1.143s][info ][safepoint    ] Total time for which application threads were stopped: 0.0020817 seconds, Stopping threads took: 0.0019286 seconds
[2023-11-13T02:26:51.545+0000][1.461s][debug][safepoint    ] Safepoint synchronization initiated. (10 threads)
[2023-11-13T02:26:51.545+0000][1.461s][info ][safepoint    ] Application time: 0.3186822 seconds
[2023-11-13T02:26:51.545+0000][1.461s][info ][safepoint    ] Entering safepoint region: G1CollectForAllocation
[2023-11-13T02:26:51.546+0000][1.461s][info ][gc,start     ] GC(0) Pause Young (Normal) (G1 Evacuation Pause)
[2023-11-13T02:26:51.551+0000][1.467s][info ][gc,task      ] GC(0) Using 6 workers of 6 for evacuation
[2023-11-13T02:26:51.582+0000][1.498s][info ][gc,phases    ] GC(0)   Pre Evacuate Collection Set: 0.0ms
[2023-11-13T02:26:51.582+0000][1.498s][info ][gc,phases    ] GC(0)   Evacuate Collection Set: 27.0ms
[2023-11-13T02:26:51.582+0000][1.498s][info ][gc,phases    ] GC(0)   Post Evacuate Collection Set: 3.6ms
[2023-11-13T02:26:51.582+0000][1.498s][info ][gc,phases    ] GC(0)   Other: 5.5ms
[2023-11-13T02:26:51.582+0000][1.498s][info ][gc,heap      ] GC(0) Eden regions: 56->0(143)
[2023-11-13T02:26:51.582+0000][1.498s][info ][gc,heap      ] GC(0) Survivor regions: 0->7(7)
[2023-11-13T02:26:51.582+0000][1.498s][info ][gc,heap      ] GC(0) Old regions: 2->3
[2023-11-13T02:26:51.582+0000][1.498s][info ][gc,heap      ] GC(0) Humongous regions: 2->0
[2023-11-13T02:26:51.582+0000][1.498s][info ][gc,metaspace ] GC(0) Metaspace: 2353K(5760K)->2353K(5760K) NonClass: 2155K(5120K)->2155K(5120K) Class: 198K(640K)->198K(640K)
[2023-11-13T02:26:51.582+0000][1.498s][info ][gc           ] GC(0) Pause Young (Normal) (G1 Evacuation Pause) 58M->8M(252M) 36.332ms
[2023-11-13T02:26:51.582+0000][1.498s][info ][gc,cpu       ] GC(0) User=0.08s Sys=0.02s Real=0.04s
[2023-11-13T02:26:51.582+0000][1.498s][info ][safepoint    ] Leaving safepoint region
[2023-11-13T02:26:51.582+0000][1.498s][info ][safepoint    ] Total time for which application threads were stopped: 0.0369961 seconds, Stopping threads took: 0.0000174 seconds
[2023-11-13T02:26:51.583+0000][1.498s][info ][gc,stringdedup] Concurrent String Deduplication (1.498s)
[2023-11-13T02:26:51.585+0000][1.500s][info ][gc,stringdedup] Concurrent String Deduplication 283.0K->281.5K(1560.0B) avg 0.3% (1.498s, 1.500s) 2.021ms
[2023-11-13T02:26:51.719+0000][1.634s][debug][safepoint     ] Safepoint synchronization initiated. (10 threads)
[2023-11-13T02:26:51.719+0000][1.634s][info ][safepoint     ] Application time: 0.1361672 seconds
[2023-11-13T02:26:51.719+0000][1.635s][debug][safepoint     ] Waiting for 1 thread(s) to block
[2023-11-13T02:26:51.719+0000][1.635s][info ][safepoint     ] Entering safepoint region: Deoptimize
[2023-11-13T02:26:51.719+0000][1.635s][info ][safepoint     ] Leaving safepoint region
[2023-11-13T02:26:51.719+0000][1.635s][info ][safepoint     ] Total time for which application threads were stopped: 0.0002621 seconds, Stopping threads took: 0.0000633 seconds
[2023-11-13T02:26:51.738+0000][1.654s][debug][safepoint     ] Safepoint synchronization initiated. (10 threads)
[2023-11-13T02:26:51.738+0000][1.654s][info ][safepoint     ] Application time: 0.0194898 seconds
[2023-11-13T02:26:51.738+0000][1.654s][debug][safepoint     ] Waiting for 1 thread(s) to block
[2023-11-13T02:26:51.738+0000][1.654s][info ][safepoint     ] Entering safepoint region: Deoptimize
[2023-11-13T02:26:51.739+0000][1.655s][info ][safepoint     ] Leaving safepoint region
[2023-11-13T02:26:51.739+0000][1.655s][info ][safepoint     ] Total time for which application threads were stopped: 0.0002476 seconds, Stopping threads took: 0.0000491 seconds
[2023-11-13T02:26:51.827+0000][1.743s][debug][safepoint     ] Safepoint synchronization initiated. (10 threads)
[2023-11-13T02:26:51.827+0000][1.743s][info ][safepoint     ] Application time: 0.0887146 seconds
[2023-11-13T02:26:51.828+0000][1.743s][debug][safepoint     ] Waiting for 1 thread(s) to block
[2023-11-13T02:26:51.828+0000][1.744s][info ][safepoint     ] Entering safepoint region: Deoptimize
[2023-11-13T02:26:51.828+0000][1.744s][info ][safepoint     ] Leaving safepoint region
[2023-11-13T02:26:51.828+0000][1.744s][info ][safepoint     ] Total time for which application threads were stopped: 0.0008060 seconds, Stopping threads took: 0.0004080 seconds
[2023-11-13T02:26:51.841+0000][1.757s][debug][safepoint     ] Safepoint synchronization initiated. (10 threads)
[2023-11-13T02:26:51.842+0000][1.758s][info ][safepoint     ] Application time: 0.0131081 seconds
[2023-11-13T02:26:51.842+0000][1.758s][debug][safepoint     ] Waiting for 1 thread(s) to block
[2023-11-13T02:26:51.842+0000][1.758s][info ][safepoint     ] Entering safepoint region: Deoptimize
[2023-11-13T02:26:51.843+0000][1.758s][info ][safepoint     ] Leaving safepoint region
[2023-11-13T02:26:51.843+0000][1.759s][info ][safepoint     ] Total time for which application threads were stopped: 0.0008726 seconds, Stopping threads took: 0.0004967 seconds
[2023-11-13T02:26:52.636+0000][2.552s][debug][safepoint     ] Safepoint synchronization initiated. (11 threads)
[2023-11-13T02:26:52.637+0000][2.553s][info ][safepoint     ] Application time: 0.7938051 seconds
[2023-11-13T02:26:52.637+0000][2.553s][info ][safepoint     ] Entering safepoint region: G1CollectForAllocation
[2023-11-13T02:26:52.637+0000][2.553s][info ][gc,start      ] GC(1) Pause Young (Normal) (G1 Evacuation Pause)
[2023-11-13T02:26:52.638+0000][2.553s][info ][gc,task       ] GC(1) Using 6 workers of 6 for evacuation
[2023-11-13T02:26:52.657+0000][2.573s][info ][gc,phases     ] GC(1)   Pre Evacuate Collection Set: 0.0ms
[2023-11-13T02:26:52.657+0000][2.573s][info ][gc,phases     ] GC(1)   Evacuate Collection Set: 17.9ms
[2023-11-13T02:26:52.657+0000][2.573s][info ][gc,phases     ] GC(1)   Post Evacuate Collection Set: 1.4ms
[2023-11-13T02:26:52.657+0000][2.573s][info ][gc,phases     ] GC(1)   Other: 0.6ms
[2023-11-13T02:26:52.657+0000][2.573s][info ][gc,heap       ] GC(1) Eden regions: 143->0(140)
[2023-11-13T02:26:52.657+0000][2.573s][info ][gc,heap       ] GC(1) Survivor regions: 7->10(19)
[2023-11-13T02:26:52.657+0000][2.573s][info ][gc,heap       ] GC(1) Old regions: 3->3
[2023-11-13T02:26:52.657+0000][2.573s][info ][gc,heap       ] GC(1) Humongous regions: 0->0
[2023-11-13T02:26:52.657+0000][2.573s][info ][gc,metaspace  ] GC(1) Metaspace: 7325K(9088K)->7325K(9088K) NonClass: 6487K(7936K)->6487K(7936K) Class: 838K(1152K)->838K(1152K)
[2023-11-13T02:26:52.658+0000][2.573s][info ][gc            ] GC(1) Pause Young (Normal) (G1 Evacuation Pause) 151M->10M(252M) 20.103ms
[2023-11-13T02:26:52.658+0000][2.573s][info ][gc,cpu        ] GC(1) User=0.06s Sys=0.02s Real=0.02s
[2023-11-13T02:26:52.658+0000][2.573s][info ][safepoint     ] Leaving safepoint region
[2023-11-13T02:26:52.658+0000][2.573s][info ][safepoint     ] Total time for which application threads were stopped: 0.0205972 seconds, Stopping threads took: 0.0001992 seconds
[2023-11-13T02:26:53.314+0000][3.230s][debug][safepoint     ] Safepoint synchronization initiated. (11 threads)
[2023-11-13T02:26:53.315+0000][3.230s][info ][safepoint     ] Application time: 0.6569420 seconds
[2023-11-13T02:26:53.315+0000][3.230s][debug][safepoint     ] Waiting for 1 thread(s) to block
[2023-11-13T02:26:53.315+0000][3.230s][info ][safepoint     ] Entering safepoint region: Deoptimize
[2023-11-13T02:26:53.315+0000][3.231s][info ][safepoint     ] Leaving safepoint region
[2023-11-13T02:26:53.315+0000][3.231s][info ][safepoint     ] Total time for which application threads were stopped: 0.0004441 seconds, Stopping threads took: 0.0000495 seconds
[2023-11-13T02:26:53.527+0000][3.442s][debug][safepoint     ] Safepoint synchronization initiated. (11 threads)
[2023-11-13T02:26:53.527+0000][3.442s][info ][safepoint     ] Application time: 0.2115813 seconds
[2023-11-13T02:26:53.527+0000][3.442s][debug][safepoint     ] Waiting for 1 thread(s) to block
[2023-11-13T02:26:53.527+0000][3.443s][info ][safepoint     ] Entering safepoint region: G1CollectForAllocation
[2023-11-13T02:26:53.527+0000][3.443s][info ][gc,start      ] GC(2) Pause Young (Normal) (G1 Evacuation Pause)
[2023-11-13T02:26:53.527+0000][3.443s][info ][gc,task       ] GC(2) Using 6 workers of 6 for evacuation
[2023-11-13T02:26:53.547+0000][3.463s][info ][gc,phases     ] GC(2)   Pre Evacuate Collection Set: 0.0ms
[2023-11-13T02:26:53.547+0000][3.463s][info ][gc,phases     ] GC(2)   Evacuate Collection Set: 17.8ms
[2023-11-13T02:26:53.547+0000][3.463s][info ][gc,phases     ] GC(2)   Post Evacuate Collection Set: 2.1ms
[2023-11-13T02:26:53.547+0000][3.463s][info ][gc,phases     ] GC(2)   Other: 0.2ms
[2023-11-13T02:26:53.547+0000][3.463s][info ][gc,heap       ] GC(2) Eden regions: 140->0(137)
[2023-11-13T02:26:53.547+0000][3.463s][info ][gc,heap       ] GC(2) Survivor regions: 10->13(19)
[2023-11-13T02:26:53.547+0000][3.463s][info ][gc,heap       ] GC(2) Old regions: 3->3
[2023-11-13T02:26:53.547+0000][3.463s][info ][gc,heap       ] GC(2) Humongous regions: 0->0
[2023-11-13T02:26:53.547+0000][3.463s][info ][gc,metaspace  ] GC(2) Metaspace: 12110K(12800K)->12110K(12800K) NonClass: 10614K(11008K)->10614K(11008K) Class: 1495K(1792K)->1495K(1792K)
[2023-11-13T02:26:53.547+0000][3.463s][info ][gc            ] GC(2) Pause Young (Normal) (G1 Evacuation Pause) 150M->13M(252M) 20.171ms
[2023-11-13T02:26:53.547+0000][3.463s][info ][gc,cpu        ] GC(2) User=0.07s Sys=0.00s Real=0.02s
[2023-11-13T02:26:53.547+0000][3.463s][info ][safepoint     ] Leaving safepoint region
[2023-11-13T02:26:53.547+0000][3.463s][info ][safepoint     ] Total time for which application threads were stopped: 0.0204788 seconds, Stopping threads took: 0.0000623 seconds
[2023-11-13T02:26:53.547+0000][3.463s][info ][gc,stringdedup] Concurrent String Deduplication (3.463s)
[2023-11-13T02:26:53.581+0000][3.497s][info ][gc,stringdedup] Concurrent String Deduplication 1898.2K->1705.0K(193.2K) avg 7.9% (3.463s, 3.497s) 34.156ms
[2023-11-13T02:26:53.928+0000][3.844s][debug][safepoint     ] Safepoint synchronization initiated. (12 threads)
[2023-11-13T02:26:53.928+0000][3.844s][info ][safepoint     ] Application time: 0.3807995 seconds
[2023-11-13T02:26:53.928+0000][3.844s][debug][safepoint     ] ... found polling page loop exception at pc = 0x00007f76a0397665, stub =0x00007f7698841b00
[2023-11-13T02:26:53.928+0000][3.844s][debug][safepoint     ] Waiting for 2 thread(s) to block
[2023-11-13T02:26:53.928+0000][3.844s][info ][safepoint     ] Entering safepoint region: ICBufferFull
[2023-11-13T02:26:53.928+0000][3.844s][info ][safepoint     ] Leaving safepoint region
[2023-11-13T02:26:53.928+0000][3.844s][info ][safepoint     ] Total time for which application threads were stopped: 0.0004441 seconds, Stopping threads took: 0.0002571 seconds
[2023-11-13T02:26:54.010+0000][3.926s][debug][safepoint     ] Safepoint synchronization initiated. (12 threads)
[2023-11-13T02:26:54.010+0000][3.926s][info ][safepoint     ] Application time: 0.0816566 seconds
[2023-11-13T02:26:54.010+0000][3.926s][info ][safepoint     ] Entering safepoint region: G1CollectForAllocation
[2023-11-13T02:26:54.010+0000][3.926s][info ][gc,start      ] GC(3) Pause Young (Normal) (G1 Evacuation Pause)
[2023-11-13T02:26:54.010+0000][3.926s][info ][gc,task       ] GC(3) Using 6 workers of 6 for evacuation
[2023-11-13T02:26:54.028+0000][3.944s][info ][gc,phases     ] GC(3)   Pre Evacuate Collection Set: 0.0ms
[2023-11-13T02:26:54.028+0000][3.944s][info ][gc,phases     ] GC(3)   Evacuate Collection Set: 16.4ms
[2023-11-13T02:26:54.029+0000][3.944s][info ][gc,phases     ] GC(3)   Post Evacuate Collection Set: 1.7ms
[2023-11-13T02:26:54.029+0000][3.944s][info ][gc,phases     ] GC(3)   Other: 0.1ms
[2023-11-13T02:26:54.029+0000][3.944s][info ][gc,heap       ] GC(3) Eden regions: 137->0(143)
[2023-11-13T02:26:54.029+0000][3.944s][info ][gc,heap       ] GC(3) Survivor regions: 13->7(19)
[2023-11-13T02:26:54.029+0000][3.944s][info ][gc,heap       ] GC(3) Old regions: 3->10
[2023-11-13T02:26:54.029+0000][3.944s][info ][gc,heap       ] GC(3) Humongous regions: 0->0
[2023-11-13T02:26:54.029+0000][3.944s][info ][gc,metaspace  ] GC(3) Metaspace: 16266K(17280K)->16266K(17280K) NonClass: 14155K(14848K)->14155K(14848K) Class: 2110K(2432K)->2110K(2432K)
[2023-11-13T02:26:54.029+0000][3.944s][info ][gc            ] GC(3) Pause Young (Normal) (G1 Evacuation Pause) 150M->14M(252M) 18.444ms
[2023-11-13T02:26:54.029+0000][3.945s][info ][gc,cpu        ] GC(3) User=0.04s Sys=0.02s Real=0.02s
[2023-11-13T02:26:54.029+0000][3.945s][info ][safepoint     ] Leaving safepoint region
[2023-11-13T02:26:54.029+0000][3.945s][info ][safepoint     ] Total time for which application threads were stopped: 0.0186404 seconds, Stopping threads took: 0.0000163 seconds
[2023-11-13T02:26:54.029+0000][3.945s][info ][gc,stringdedup] Concurrent String Deduplication (3.945s)
[2023-11-13T02:26:54.030+0000][3.946s][info ][gc,stringdedup] Concurrent String Deduplication 168.8K->56400.0B(113.7K) avg 11.8% (3.945s, 3.946s) 1.456ms
[2023-11-13T02:26:54.104+0000][4.019s][debug][safepoint     ] Safepoint synchronization initiated. (12 threads)
[2023-11-13T02:26:54.104+0000][4.019s][info ][safepoint     ] Application time: 0.0749037 seconds
[2023-11-13T02:26:54.104+0000][4.020s][debug][safepoint     ] Waiting for 1 thread(s) to block
[2023-11-13T02:26:54.104+0000][4.020s][info ][safepoint     ] Entering safepoint region: Deoptimize
[2023-11-13T02:26:54.104+0000][4.020s][info ][safepoint     ] Leaving safepoint region
[2023-11-13T02:26:54.104+0000][4.020s][info ][safepoint     ] Total time for which application threads were stopped: 0.0005866 seconds, Stopping threads took: 0.0001620 seconds
[2023-11-13T02:26:54.244+0000][4.160s][debug][safepoint     ] Safepoint synchronization initiated. (12 threads)
[2023-11-13T02:26:54.244+0000][4.160s][info ][safepoint     ] Application time: 0.1396390 seconds
[2023-11-13T02:26:54.244+0000][4.160s][debug][safepoint     ] Waiting for 1 thread(s) to block
[2023-11-13T02:26:54.244+0000][4.160s][info ][safepoint     ] Entering safepoint region: Deoptimize
[2023-11-13T02:26:54.244+0000][4.160s][info ][safepoint     ] Leaving safepoint region
[2023-11-13T02:26:54.244+0000][4.160s][info ][safepoint     ] Total time for which application threads were stopped: 0.0005010 seconds, Stopping threads took: 0.0000495 seconds
[2023-11-13T02:26:54.453+0000][4.369s][debug][safepoint     ] Safepoint synchronization initiated. (12 threads)
[2023-11-13T02:26:54.453+0000][4.369s][info ][safepoint     ] Application time: 0.2086729 seconds
[2023-11-13T02:26:54.453+0000][4.369s][info ][safepoint     ] Entering safepoint region: CollectForMetadataAllocation
[2023-11-13T02:26:54.453+0000][4.369s][info ][safepoint     ] Leaving safepoint region
[2023-11-13T02:26:54.453+0000][4.369s][info ][safepoint     ] Total time for which application threads were stopped: 0.0002155 seconds, Stopping threads took: 0.0000321 seconds
[2023-11-13T02:26:54.454+0000][4.370s][debug][safepoint     ] Safepoint synchronization initiated. (12 threads)
[2023-11-13T02:26:54.454+0000][4.370s][info ][safepoint     ] Application time: 0.0003412 seconds
[2023-11-13T02:26:54.454+0000][4.370s][debug][safepoint     ] Waiting for 2 thread(s) to block
[2023-11-13T02:26:54.455+0000][4.371s][info ][safepoint     ] Entering safepoint region: G1CollectForAllocation
[2023-11-13T02:26:54.455+0000][4.371s][info ][gc,start      ] GC(4) Pause Young (Concurrent Start) (GCLocker Initiated GC)
[2023-11-13T02:26:54.455+0000][4.371s][info ][gc,task       ] GC(4) Using 6 workers of 6 for evacuation
[2023-11-13T02:26:54.471+0000][4.386s][info ][gc,phases     ] GC(4)   Pre Evacuate Collection Set: 0.1ms
[2023-11-13T02:26:54.471+0000][4.386s][info ][gc,phases     ] GC(4)   Evacuate Collection Set: 11.1ms
[2023-11-13T02:26:54.471+0000][4.387s][info ][gc,phases     ] GC(4)   Post Evacuate Collection Set: 4.2ms
[2023-11-13T02:26:54.471+0000][4.387s][info ][gc,phases     ] GC(4)   Other: 0.4ms
[2023-11-13T02:26:54.471+0000][4.387s][info ][gc,heap       ] GC(4) Eden regions: 129->0(178)
[2023-11-13T02:26:54.471+0000][4.387s][info ][gc,heap       ] GC(4) Survivor regions: 7->8(19)
[2023-11-13T02:26:54.471+0000][4.387s][info ][gc,heap       ] GC(4) Old regions: 10->10
[2023-11-13T02:26:54.471+0000][4.387s][info ][gc,heap       ] GC(4) Humongous regions: 0->0
[2023-11-13T02:26:54.471+0000][4.387s][info ][gc,metaspace  ] GC(4) Metaspace: 20479K(21376K)->20479K(21376K) NonClass: 17899K(18432K)->17899K(18432K) Class: 2579K(2944K)->2579K(2944K)
[2023-11-13T02:26:54.471+0000][4.387s][info ][gc            ] GC(4) Pause Young (Concurrent Start) (GCLocker Initiated GC) 143M->16M(310M) 15.885ms
[2023-11-13T02:26:54.471+0000][4.387s][info ][gc,cpu        ] GC(4) User=0.03s Sys=0.01s Real=0.01s
[2023-11-13T02:26:54.471+0000][4.387s][info ][safepoint     ] Leaving safepoint region
[2023-11-13T02:26:54.471+0000][4.387s][info ][safepoint     ] Total time for which application threads were stopped: 0.0171274 seconds, Stopping threads took: 0.0010884 seconds
[2023-11-13T02:26:54.471+0000][4.387s][info ][gc            ] GC(5) Concurrent Cycle
[2023-11-13T02:26:54.471+0000][4.387s][info ][gc,marking    ] GC(5) Concurrent Clear Claimed Marks
[2023-11-13T02:26:54.471+0000][4.387s][info ][gc,stringdedup] Concurrent String Deduplication (4.387s)
[2023-11-13T02:26:54.471+0000][4.387s][info ][gc,marking    ] GC(5) Concurrent Clear Claimed Marks 0.052ms
[2023-11-13T02:26:54.471+0000][4.387s][info ][gc,marking    ] GC(5) Concurrent Scan Root Regions
[2023-11-13T02:26:54.473+0000][4.389s][info ][gc,stringdedup] Concurrent String Deduplication 208.7K->125.4K(85216.0B) avg 13.8% (4.387s, 4.389s) 1.850ms
[2023-11-13T02:26:54.475+0000][4.391s][info ][gc,marking    ] GC(5) Concurrent Scan Root Regions 3.923ms
[2023-11-13T02:26:54.475+0000][4.391s][info ][gc,marking    ] GC(5) Concurrent Mark (4.391s)
[2023-11-13T02:26:54.475+0000][4.391s][info ][gc,marking    ] GC(5) Concurrent Mark From Roots
[2023-11-13T02:26:54.475+0000][4.391s][info ][gc,task       ] GC(5) Using 2 workers of 2 for marking
[2023-11-13T02:26:54.482+0000][4.398s][info ][gc,marking    ] GC(5) Concurrent Mark From Roots 6.966ms
[2023-11-13T02:26:54.482+0000][4.398s][info ][gc,marking    ] GC(5) Concurrent Preclean
[2023-11-13T02:26:54.482+0000][4.398s][info ][gc,marking    ] GC(5) Concurrent Preclean 0.169ms
[2023-11-13T02:26:54.482+0000][4.398s][info ][gc,marking    ] GC(5) Concurrent Mark (4.391s, 4.398s) 7.236ms
[2023-11-13T02:26:54.482+0000][4.398s][debug][safepoint     ] Safepoint synchronization initiated. (12 threads)
[2023-11-13T02:26:54.482+0000][4.398s][info ][safepoint     ] Application time: 0.0113841 seconds
[2023-11-13T02:26:54.482+0000][4.398s][debug][safepoint     ] ... found polling page loop exception at pc = 0x00007f76a0431614, stub =0x00007f7698841b00
[2023-11-13T02:26:54.482+0000][4.398s][debug][safepoint     ] Waiting for 3 thread(s) to block
[2023-11-13T02:26:54.483+0000][4.399s][info ][safepoint     ] Entering safepoint region: CGC_Operation
[2023-11-13T02:26:54.483+0000][4.399s][info ][gc,start      ] GC(5) Pause Remark
[2023-11-13T02:26:54.486+0000][4.402s][info ][gc,stringtable] GC(5) Cleaned string and symbol table, strings: 8002 processed, 7 removed, symbols: 55449 processed, 119 removed
[2023-11-13T02:26:54.486+0000][4.402s][info ][gc            ] GC(5) Pause Remark 17M->17M(310M) 3.376ms
[2023-11-13T02:26:54.486+0000][4.402s][info ][gc,cpu        ] GC(5) User=0.01s Sys=0.00s Real=0.01s
[2023-11-13T02:26:54.486+0000][4.402s][info ][safepoint     ] Leaving safepoint region
[2023-11-13T02:26:54.486+0000][4.402s][info ][safepoint     ] Total time for which application threads were stopped: 0.0039947 seconds, Stopping threads took: 0.0004272 seconds
[2023-11-13T02:26:54.486+0000][4.402s][info ][gc,marking    ] GC(5) Concurrent Rebuild Remembered Sets
[2023-11-13T02:26:54.493+0000][4.409s][info ][gc,marking    ] GC(5) Concurrent Rebuild Remembered Sets 6.825ms
[2023-11-13T02:26:54.493+0000][4.409s][debug][safepoint     ] Safepoint synchronization initiated. (12 threads)
[2023-11-13T02:26:54.493+0000][4.409s][info ][safepoint     ] Application time: 0.0069829 seconds
[2023-11-13T02:26:54.493+0000][4.409s][debug][safepoint     ] Waiting for 1 thread(s) to block
[2023-11-13T02:26:54.494+0000][4.410s][info ][safepoint     ] Entering safepoint region: CGC_Operation
[2023-11-13T02:26:54.494+0000][4.410s][info ][gc,start      ] GC(5) Pause Cleanup
[2023-11-13T02:26:54.494+0000][4.410s][info ][gc            ] GC(5) Pause Cleanup 18M->18M(310M) 0.172ms
[2023-11-13T02:26:54.494+0000][4.410s][info ][gc,cpu        ] GC(5) User=0.00s Sys=0.00s Real=0.00s
[2023-11-13T02:26:54.494+0000][4.410s][info ][safepoint     ] Leaving safepoint region
[2023-11-13T02:26:54.494+0000][4.410s][info ][safepoint     ] Total time for which application threads were stopped: 0.0010881 seconds, Stopping threads took: 0.0007880 seconds
[2023-11-13T02:26:54.494+0000][4.410s][info ][gc,marking    ] GC(5) Concurrent Cleanup for Next Mark
[2023-11-13T02:26:54.497+0000][4.413s][info ][gc,marking    ] GC(5) Concurrent Cleanup for Next Mark 3.009ms
[2023-11-13T02:26:54.497+0000][4.413s][info ][gc            ] GC(5) Concurrent Cycle 26.642ms
[2023-11-13T02:26:54.767+0000][4.683s][debug][safepoint     ] Safepoint synchronization initiated. (12 threads)
[2023-11-13T02:26:54.767+0000][4.683s][info ][safepoint     ] Application time: 0.2729600 seconds
[2023-11-13T02:26:54.767+0000][4.683s][debug][safepoint     ] ... found polling page return exception at pc = 0x00007f7698e0baa3, stub =0x00007f7698841800
[2023-11-13T02:26:54.767+0000][4.683s][debug][safepoint     ] Waiting for 1 thread(s) to block
[2023-11-13T02:26:54.767+0000][4.683s][info ][safepoint     ] Entering safepoint region: Deoptimize
[2023-11-13T02:26:54.768+0000][4.684s][info ][safepoint     ] Leaving safepoint region
[2023-11-13T02:26:54.768+0000][4.684s][info ][safepoint     ] Total time for which application threads were stopped: 0.0006261 seconds, Stopping threads took: 0.0001313 seconds
[2023-11-13T02:26:55.431+0000][5.347s][debug][safepoint     ] Safepoint synchronization initiated. (11 threads)
[2023-11-13T02:26:55.431+0000][5.347s][info ][safepoint     ] Application time: 0.6633559 seconds
[2023-11-13T02:26:55.431+0000][5.347s][info ][safepoint     ] Entering safepoint region: G1CollectForAllocation
[2023-11-13T02:26:55.432+0000][5.347s][info ][gc,start      ] GC(6) Pause Young (Normal) (G1 Evacuation Pause)
[2023-11-13T02:26:55.432+0000][5.347s][info ][gc,task       ] GC(6) Using 6 workers of 6 for evacuation
[2023-11-13T02:26:55.444+0000][5.360s][info ][gc,phases     ] GC(6)   Pre Evacuate Collection Set: 0.0ms
[2023-11-13T02:26:55.444+0000][5.360s][info ][gc,phases     ] GC(6)   Evacuate Collection Set: 10.3ms
[2023-11-13T02:26:55.444+0000][5.360s][info ][gc,phases     ] GC(6)   Post Evacuate Collection Set: 2.0ms
[2023-11-13T02:26:55.444+0000][5.360s][info ][gc,phases     ] GC(6)   Other: 0.2ms
[2023-11-13T02:26:55.444+0000][5.360s][info ][gc,heap       ] GC(6) Eden regions: 178->0(173)
[2023-11-13T02:26:55.444+0000][5.360s][info ][gc,heap       ] GC(6) Survivor regions: 8->13(24)
[2023-11-13T02:26:55.444+0000][5.360s][info ][gc,heap       ] GC(6) Old regions: 10->10
[2023-11-13T02:26:55.444+0000][5.360s][info ][gc,heap       ] GC(6) Humongous regions: 0->0
[2023-11-13T02:26:55.444+0000][5.360s][info ][gc,metaspace  ] GC(6) Metaspace: 24047K(25216K)->24047K(25216K) NonClass: 21013K(21760K)->21013K(21760K) Class: 3033K(3456K)->3033K(3456K)
[2023-11-13T02:26:55.444+0000][5.360s][info ][gc            ] GC(6) Pause Young (Normal) (G1 Evacuation Pause) 194M->20M(310M) 12.670ms
[2023-11-13T02:26:55.444+0000][5.360s][info ][gc,cpu        ] GC(6) User=0.04s Sys=0.01s Real=0.01s
[2023-11-13T02:26:55.444+0000][5.360s][info ][safepoint     ] Leaving safepoint region
[2023-11-13T02:26:55.444+0000][5.360s][info ][safepoint     ] Total time for which application threads were stopped: 0.0129055 seconds, Stopping threads took: 0.0000168 seconds
[2023-11-13T02:26:55.445+0000][5.360s][info ][gc,stringdedup] Concurrent String Deduplication (5.360s)
[2023-11-13T02:26:55.445+0000][5.361s][info ][gc,stringdedup] Concurrent String Deduplication 136.9K->28648.0B(109.0K) avg 16.9% (5.360s, 5.361s) 0.893ms
[2023-11-13T02:26:56.444+0000][6.360s][debug][safepoint     ] Safepoint synchronization initiated. (11 threads)
[2023-11-13T02:26:56.444+0000][6.360s][info ][safepoint     ] Application time: 1.0001664 seconds
[2023-11-13T02:26:56.444+0000][6.360s][debug][safepoint     ] ... found polling page return exception at pc = 0x00007f76993ca41b, stub =0x00007f7698841800
[2023-11-13T02:26:56.445+0000][6.360s][debug][safepoint     ] Waiting for 1 thread(s) to block
[2023-11-13T02:26:56.445+0000][6.361s][info ][safepoint     ] Entering safepoint region: Cleanup
[2023-11-13T02:26:56.445+0000][6.361s][info ][safepoint     ] Leaving safepoint region
[2023-11-13T02:26:56.445+0000][6.361s][info ][safepoint     ] Total time for which application threads were stopped: 0.0007667 seconds, Stopping threads took: 0.0005790 seconds
[2023-11-13T02:26:56.518+0000][6.434s][debug][safepoint     ] Safepoint synchronization initiated. (11 threads)
[2023-11-13T02:26:56.518+0000][6.434s][info ][safepoint     ] Application time: 0.0732324 seconds
[2023-11-13T02:26:56.519+0000][6.434s][info ][safepoint     ] Entering safepoint region: G1CollectForAllocation
[2023-11-13T02:26:56.519+0000][6.435s][info ][gc,start      ] GC(7) Pause Young (Normal) (G1 Evacuation Pause)
[2023-11-13T02:26:56.519+0000][6.435s][info ][gc,task       ] GC(7) Using 6 workers of 6 for evacuation
[2023-11-13T02:26:56.536+0000][6.452s][info ][gc,phases     ] GC(7)   Pre Evacuate Collection Set: 0.0ms
[2023-11-13T02:26:56.536+0000][6.452s][info ][gc,phases     ] GC(7)   Evacuate Collection Set: 15.7ms
[2023-11-13T02:26:56.536+0000][6.452s][info ][gc,phases     ] GC(7)   Post Evacuate Collection Set: 1.6ms
[2023-11-13T02:26:56.536+0000][6.452s][info ][gc,phases     ] GC(7)   Other: 0.2ms
[2023-11-13T02:26:56.536+0000][6.452s][info ][gc,heap       ] GC(7) Eden regions: 173->0(169)
[2023-11-13T02:26:56.536+0000][6.452s][info ][gc,heap       ] GC(7) Survivor regions: 13->17(24)
[2023-11-13T02:26:56.536+0000][6.452s][info ][gc,heap       ] GC(7) Old regions: 10->10
[2023-11-13T02:26:56.536+0000][6.452s][info ][gc,heap       ] GC(7) Humongous regions: 0->0
[2023-11-13T02:26:56.536+0000][6.452s][info ][gc,metaspace  ] GC(7) Metaspace: 24652K(25728K)->24652K(25728K) NonClass: 21559K(22272K)->21559K(22272K) Class: 3093K(3456K)->3093K(3456K)
[2023-11-13T02:26:56.536+0000][6.452s][info ][gc            ] GC(7) Pause Young (Normal) (G1 Evacuation Pause) 193M->24M(310M) 17.681ms
[2023-11-13T02:26:56.536+0000][6.452s][info ][gc,cpu        ] GC(7) User=0.06s Sys=0.00s Real=0.02s
[2023-11-13T02:26:56.536+0000][6.452s][info ][safepoint     ] Leaving safepoint region
[2023-11-13T02:26:56.536+0000][6.452s][info ][safepoint     ] Total time for which application threads were stopped: 0.0179104 seconds, Stopping threads took: 0.0000168 seconds
[2023-11-13T02:26:56.537+0000][6.453s][info ][gc,stringdedup] Concurrent String Deduplication (6.453s)
[2023-11-13T02:26:56.540+0000][6.456s][info ][gc,stringdedup] Concurrent String Deduplication 793.4K->724.9K(70176.0B) avg 15.1% (6.453s, 6.456s) 3.727ms
[2023-11-13T02:26:57.099+0000][7.014s][debug][safepoint     ] Safepoint synchronization initiated. (12 threads)
[2023-11-13T02:26:57.099+0000][7.015s][info ][safepoint     ] Application time: 0.5622425 seconds
[2023-11-13T02:26:57.099+0000][7.015s][debug][safepoint     ] ... found polling page loop exception at pc = 0x00007f76a0431614, stub =0x00007f7698841b00
[2023-11-13T02:26:57.099+0000][7.015s][debug][safepoint     ] Waiting for 1 thread(s) to block
[2023-11-13T02:26:57.099+0000][7.015s][info ][safepoint     ] Entering safepoint region: G1CollectForAllocation
[2023-11-13T02:26:57.099+0000][7.015s][info ][gc,start      ] GC(8) Pause Young (Normal) (G1 Evacuation Pause)
[2023-11-13T02:26:57.099+0000][7.015s][info ][gc,task       ] GC(8) Using 6 workers of 6 for evacuation
[2023-11-13T02:26:57.116+0000][7.032s][info ][gc,phases     ] GC(8)   Pre Evacuate Collection Set: 0.0ms
[2023-11-13T02:26:57.116+0000][7.032s][info ][gc,phases     ] GC(8)   Evacuate Collection Set: 14.9ms
[2023-11-13T02:26:57.116+0000][7.032s][info ][gc,phases     ] GC(8)   Post Evacuate Collection Set: 1.6ms
[2023-11-13T02:26:57.116+0000][7.032s][info ][gc,phases     ] GC(8)   Other: 0.2ms
[2023-11-13T02:26:57.116+0000][7.032s][info ][gc,heap       ] GC(8) Eden regions: 169->0(171)
[2023-11-13T02:26:57.116+0000][7.032s][info ][gc,heap       ] GC(8) Survivor regions: 17->15(24)
[2023-11-13T02:26:57.116+0000][7.032s][info ][gc,heap       ] GC(8) Old regions: 10->15
[2023-11-13T02:26:57.116+0000][7.032s][info ][gc,heap       ] GC(8) Humongous regions: 0->0
[2023-11-13T02:26:57.116+0000][7.032s][info ][gc,metaspace  ] GC(8) Metaspace: 25836K(26880K)->25836K(26880K) NonClass: 22651K(23296K)->22651K(23296K) Class: 3184K(3584K)->3184K(3584K)
[2023-11-13T02:26:57.116+0000][7.032s][info ][gc            ] GC(8) Pause Young (Normal) (G1 Evacuation Pause) 193M->27M(310M) 16.872ms
[2023-11-13T02:26:57.116+0000][7.032s][info ][gc,cpu        ] GC(8) User=0.06s Sys=0.00s Real=0.02s
[2023-11-13T02:26:57.116+0000][7.032s][info ][safepoint     ] Leaving safepoint region
[2023-11-13T02:26:57.116+0000][7.032s][info ][safepoint     ] Total time for which application threads were stopped: 0.0172796 seconds, Stopping threads took: 0.0001501 seconds
[2023-11-13T02:26:57.116+0000][7.032s][info ][gc,stringdedup] Concurrent String Deduplication (7.032s)
[2023-11-13T02:26:57.123+0000][7.039s][info ][gc,stringdedup] Concurrent String Deduplication 1412.5K->742.5K(670.0K) avg 24.0% (7.032s, 7.039s) 7.356ms
[2023-11-13T02:26:57.479+0000][7.395s][debug][safepoint     ] Safepoint synchronization initiated. (11 threads)
[2023-11-13T02:26:57.479+0000][7.395s][info ][safepoint     ] Application time: 0.3633761 seconds
[2023-11-13T02:26:57.479+0000][7.395s][info ][safepoint     ] Entering safepoint region: G1CollectForAllocation
[2023-11-13T02:26:57.480+0000][7.395s][info ][gc,start      ] GC(9) Pause Young (Normal) (G1 Evacuation Pause)
[2023-11-13T02:26:57.480+0000][7.395s][info ][gc,task       ] GC(9) Using 6 workers of 6 for evacuation
[2023-11-13T02:26:57.501+0000][7.417s][info ][gc,phases     ] GC(9)   Pre Evacuate Collection Set: 0.0ms
[2023-11-13T02:26:57.501+0000][7.417s][info ][gc,phases     ] GC(9)   Evacuate Collection Set: 16.4ms
[2023-11-13T02:26:57.501+0000][7.417s][info ][gc,phases     ] GC(9)   Post Evacuate Collection Set: 4.7ms
[2023-11-13T02:26:57.501+0000][7.417s][info ][gc,phases     ] GC(9)   Other: 0.2ms
[2023-11-13T02:26:57.501+0000][7.417s][info ][gc,heap       ] GC(9) Eden regions: 171->0(212)
[2023-11-13T02:26:57.501+0000][7.417s][info ][gc,heap       ] GC(9) Survivor regions: 15->11(24)
[2023-11-13T02:26:57.501+0000][7.417s][info ][gc,heap       ] GC(9) Old regions: 15->17
[2023-11-13T02:26:57.501+0000][7.417s][info ][gc,heap       ] GC(9) Humongous regions: 0->0
[2023-11-13T02:26:57.501+0000][7.417s][info ][gc,metaspace  ] GC(9) Metaspace: 26269K(27136K)->26269K(27136K) NonClass: 23046K(23552K)->23046K(23552K) Class: 3222K(3584K)->3222K(3584K)
[2023-11-13T02:26:57.501+0000][7.417s][info ][gc            ] GC(9) Pause Young (Normal) (G1 Evacuation Pause) 198M->26M(372M) 21.490ms
[2023-11-13T02:26:57.501+0000][7.417s][info ][gc,cpu        ] GC(9) User=0.05s Sys=0.00s Real=0.02s
[2023-11-13T02:26:57.501+0000][7.417s][info ][safepoint     ] Leaving safepoint region
[2023-11-13T02:26:57.501+0000][7.417s][info ][safepoint     ] Total time for which application threads were stopped: 0.0217175 seconds, Stopping threads took: 0.0000163 seconds
[2023-11-13T02:26:57.501+0000][7.417s][info ][gc,stringdedup] Concurrent String Deduplication (7.417s)
[2023-11-13T02:26:57.514+0000][7.430s][info ][gc,stringdedup] Concurrent String Deduplication 1136.9K->330.1K(806.8K) avg 32.4% (7.417s, 7.430s) 12.304ms
[2023-11-13T02:26:58.502+0000][8.418s][debug][safepoint     ] Safepoint synchronization initiated. (11 threads)
[2023-11-13T02:26:58.502+0000][8.418s][info ][safepoint     ] Application time: 1.0010278 seconds
[2023-11-13T02:26:58.502+0000][8.418s][debug][safepoint     ] ... found polling page loop exception at pc = 0x00007f76a042d770, stub =0x00007f7698841b00
[2023-11-13T02:26:58.502+0000][8.418s][debug][safepoint     ] Waiting for 1 thread(s) to block
[2023-11-13T02:26:58.506+0000][8.422s][info ][safepoint     ] Entering safepoint region: Cleanup
[2023-11-13T02:26:58.510+0000][8.426s][info ][safepoint     ] Leaving safepoint region
[2023-11-13T02:26:58.510+0000][8.426s][info ][safepoint     ] Total time for which application threads were stopped: 0.0078570 seconds, Stopping threads took: 0.0038509 seconds
[2023-11-13T02:26:58.542+0000][8.458s][debug][safepoint     ] Safepoint synchronization initiated. (11 threads)
[2023-11-13T02:26:58.542+0000][8.458s][info ][safepoint     ] Application time: 0.0318611 seconds
[2023-11-13T02:26:58.542+0000][8.458s][info ][safepoint     ] Entering safepoint region: G1CollectForAllocation
[2023-11-13T02:26:58.542+0000][8.458s][info ][gc,start      ] GC(10) Pause Young (Normal) (G1 Evacuation Pause)
[2023-11-13T02:26:58.542+0000][8.458s][info ][gc,task       ] GC(10) Using 6 workers of 6 for evacuation
[2023-11-13T02:26:58.556+0000][8.472s][info ][gc,phases     ] GC(10)   Pre Evacuate Collection Set: 0.0ms
[2023-11-13T02:26:58.556+0000][8.472s][info ][gc,phases     ] GC(10)   Evacuate Collection Set: 12.0ms
[2023-11-13T02:26:58.556+0000][8.472s][info ][gc,phases     ] GC(10)   Post Evacuate Collection Set: 1.6ms
[2023-11-13T02:26:58.557+0000][8.473s][info ][gc,phases     ] GC(10)   Other: 0.2ms
[2023-11-13T02:26:58.557+0000][8.473s][info ][gc,heap       ] GC(10) Eden regions: 212->0(211)
[2023-11-13T02:26:58.557+0000][8.473s][info ][gc,heap       ] GC(10) Survivor regions: 11->12(28)
[2023-11-13T02:26:58.557+0000][8.473s][info ][gc,heap       ] GC(10) Old regions: 17->17
[2023-11-13T02:26:58.557+0000][8.473s][info ][gc,heap       ] GC(10) Humongous regions: 0->0
[2023-11-13T02:26:58.557+0000][8.473s][info ][gc,metaspace  ] GC(10) Metaspace: 31835K(32896K)->31835K(32896K) NonClass: 28013K(28672K)->28013K(28672K) Class: 3821K(4224K)->3821K(4224K)
[2023-11-13T02:26:58.557+0000][8.473s][info ][gc            ] GC(10) Pause Young (Normal) (G1 Evacuation Pause) 238M->27M(372M) 14.693ms
[2023-11-13T02:26:58.557+0000][8.473s][info ][gc,cpu        ] GC(10) User=0.04s Sys=0.00s Real=0.02s
[2023-11-13T02:26:58.557+0000][8.473s][info ][safepoint     ] Leaving safepoint region
[2023-11-13T02:26:58.557+0000][8.473s][info ][safepoint     ] Total time for which application threads were stopped: 0.0150865 seconds, Stopping threads took: 0.0000164 seconds
[2023-11-13T02:26:58.557+0000][8.473s][info ][gc,stringdedup] Concurrent String Deduplication (8.473s)
[2023-11-13T02:26:58.561+0000][8.476s][info ][gc,stringdedup] Concurrent String Deduplication 1179.0K->261.1K(917.9K) avg 39.6% (8.473s, 8.476s) 3.353ms
[2023-11-13T02:26:58.947+0000][8.863s][debug][safepoint     ] Safepoint synchronization initiated. (11 threads)
[2023-11-13T02:26:58.948+0000][8.864s][info ][safepoint     ] Application time: 0.3906966 seconds
[2023-11-13T02:26:58.948+0000][8.864s][info ][safepoint     ] Entering safepoint region: ICBufferFull
[2023-11-13T02:26:58.950+0000][8.866s][info ][safepoint     ] Leaving safepoint region
[2023-11-13T02:26:58.950+0000][8.866s][info ][safepoint     ] Total time for which application threads were stopped: 0.0022876 seconds, Stopping threads took: 0.0002144 seconds
[2023-11-13T02:26:59.007+0000][8.923s][debug][safepoint     ] Safepoint synchronization initiated. (11 threads)
[2023-11-13T02:26:59.007+0000][8.923s][info ][safepoint     ] Application time: 0.0564765 seconds
[2023-11-13T02:26:59.007+0000][8.923s][info ][safepoint     ] Entering safepoint region: Deoptimize
[2023-11-13T02:26:59.008+0000][8.924s][info ][safepoint     ] Leaving safepoint region
[2023-11-13T02:26:59.008+0000][8.924s][info ][safepoint     ] Total time for which application threads were stopped: 0.0008213 seconds, Stopping threads took: 0.0000179 seconds
[2023-11-13T02:26:59.361+0000][9.277s][debug][safepoint     ] Safepoint synchronization initiated. (11 threads)
[2023-11-13T02:26:59.361+0000][9.277s][info ][safepoint     ] Application time: 0.3530281 seconds
[2023-11-13T02:26:59.361+0000][9.277s][info ][safepoint     ] Entering safepoint region: G1CollectForAllocation
[2023-11-13T02:26:59.361+0000][9.277s][info ][gc,start      ] GC(11) Pause Young (Normal) (G1 Evacuation Pause)
[2023-11-13T02:26:59.361+0000][9.277s][info ][gc,task       ] GC(11) Using 6 workers of 6 for evacuation
[2023-11-13T02:26:59.373+0000][9.289s][info ][gc,phases     ] GC(11)   Pre Evacuate Collection Set: 0.0ms
[2023-11-13T02:26:59.373+0000][9.289s][info ][gc,phases     ] GC(11)   Evacuate Collection Set: 8.7ms
[2023-11-13T02:26:59.373+0000][9.289s][info ][gc,phases     ] GC(11)   Post Evacuate Collection Set: 2.8ms
[2023-11-13T02:26:59.373+0000][9.289s][info ][gc,phases     ] GC(11)   Other: 0.2ms
[2023-11-13T02:26:59.373+0000][9.289s][info ][gc,heap       ] GC(11) Eden regions: 211->0(210)
[2023-11-13T02:26:59.373+0000][9.289s][info ][gc,heap       ] GC(11) Survivor regions: 12->13(28)
[2023-11-13T02:26:59.373+0000][9.289s][info ][gc,heap       ] GC(11) Old regions: 17->17
[2023-11-13T02:26:59.373+0000][9.289s][info ][gc,heap       ] GC(11) Humongous regions: 0->0
[2023-11-13T02:26:59.373+0000][9.289s][info ][gc,metaspace  ] GC(11) Metaspace: 32793K(33792K)->32793K(33792K) NonClass: 28840K(29440K)->28840K(29440K) Class: 3952K(4352K)->3952K(4352K)
[2023-11-13T02:26:59.373+0000][9.289s][info ][gc            ] GC(11) Pause Young (Normal) (G1 Evacuation Pause) 238M->28M(372M) 11.953ms
[2023-11-13T02:26:59.373+0000][9.289s][info ][gc,cpu        ] GC(11) User=0.05s Sys=0.00s Real=0.01s
[2023-11-13T02:26:59.373+0000][9.289s][info ][safepoint     ] Leaving safepoint region
[2023-11-13T02:26:59.373+0000][9.289s][info ][safepoint     ] Total time for which application threads were stopped: 0.0124099 seconds, Stopping threads took: 0.0000170 seconds
[2023-11-13T02:26:59.378+0000][9.294s][info ][gc,stringdedup] Concurrent String Deduplication (9.294s)
[2023-11-13T02:26:59.378+0000][9.294s][info ][gc,stringdedup] Concurrent String Deduplication 38960.0B->7280.0B(31680.0B) avg 39.8% (9.294s, 9.294s) 0.321ms
[2023-11-13T02:26:59.493+0000][9.409s][debug][safepoint     ] Safepoint synchronization initiated. (11 threads)
[2023-11-13T02:26:59.493+0000][9.409s][info ][safepoint     ] Application time: 0.1196703 seconds
[2023-11-13T02:26:59.493+0000][9.409s][debug][safepoint     ] Waiting for 1 thread(s) to block
[2023-11-13T02:26:59.493+0000][9.409s][info ][safepoint     ] Entering safepoint region: Deoptimize
[2023-11-13T02:26:59.493+0000][9.409s][info ][safepoint     ] Leaving safepoint region
[2023-11-13T02:26:59.494+0000][9.409s][info ][safepoint     ] Total time for which application threads were stopped: 0.0006467 seconds, Stopping threads took: 0.0000490 seconds
[2023-11-13T02:26:59.857+0000][9.773s][debug][safepoint     ] Safepoint synchronization initiated. (11 threads)
[2023-11-13T02:26:59.857+0000][9.773s][info ][safepoint     ] Application time: 0.3638258 seconds
[2023-11-13T02:26:59.857+0000][9.773s][debug][safepoint     ] Waiting for 1 thread(s) to block
[2023-11-13T02:26:59.857+0000][9.773s][info ][safepoint     ] Entering safepoint region: Deoptimize
[2023-11-13T02:26:59.858+0000][9.774s][info ][safepoint     ] Leaving safepoint region
[2023-11-13T02:26:59.858+0000][9.774s][info ][safepoint     ] Total time for which application threads were stopped: 0.0007294 seconds, Stopping threads took: 0.0000491 seconds
[2023-11-13T02:26:59.868+0000][9.784s][debug][safepoint     ] Safepoint synchronization initiated. (11 threads)
[2023-11-13T02:26:59.868+0000][9.784s][info ][safepoint     ] Application time: 0.0102638 seconds
[2023-11-13T02:26:59.868+0000][9.784s][info ][safepoint     ] Entering safepoint region: Deoptimize
[2023-11-13T02:26:59.869+0000][9.785s][info ][safepoint     ] Leaving safepoint region
[2023-11-13T02:26:59.869+0000][9.785s][info ][safepoint     ] Total time for which application threads were stopped: 0.0005731 seconds, Stopping threads took: 0.0000168 seconds
[2023-11-13T02:26:59.889+0000][9.805s][debug][safepoint     ] Safepoint synchronization initiated. (11 threads)
[2023-11-13T02:26:59.889+0000][9.805s][info ][safepoint     ] Application time: 0.0204361 seconds
[2023-11-13T02:26:59.889+0000][9.805s][debug][safepoint     ] Waiting for 1 thread(s) to block
[2023-11-13T02:26:59.889+0000][9.805s][info ][safepoint     ] Entering safepoint region: Deoptimize
[2023-11-13T02:26:59.890+0000][9.806s][info ][safepoint     ] Leaving safepoint region
[2023-11-13T02:26:59.890+0000][9.806s][info ][safepoint     ] Total time for which application threads were stopped: 0.0006564 seconds, Stopping threads took: 0.0000516 seconds
[2023-11-13T02:26:59.949+0000][9.865s][debug][safepoint     ] Safepoint synchronization initiated. (11 threads)
[2023-11-13T02:26:59.949+0000][9.865s][info ][safepoint     ] Application time: 0.0591258 seconds
[2023-11-13T02:26:59.949+0000][9.865s][debug][safepoint     ] Waiting for 2 thread(s) to block
[2023-11-13T02:26:59.950+0000][9.866s][info ][safepoint     ] Entering safepoint region: CollectForMetadataAllocation
[2023-11-13T02:26:59.950+0000][9.866s][info ][gc,start      ] GC(12) Pause Young (Concurrent Start) (Metadata GC Threshold)
[2023-11-13T02:26:59.950+0000][9.866s][info ][gc,task       ] GC(12) Using 6 workers of 6 for evacuation
[2023-11-13T02:26:59.966+0000][9.882s][info ][gc,phases     ] GC(12)   Pre Evacuate Collection Set: 0.1ms
[2023-11-13T02:26:59.966+0000][9.882s][info ][gc,phases     ] GC(12)   Evacuate Collection Set: 13.7ms
[2023-11-13T02:26:59.966+0000][9.882s][info ][gc,phases     ] GC(12)   Post Evacuate Collection Set: 1.9ms
[2023-11-13T02:26:59.966+0000][9.882s][info ][gc,phases     ] GC(12)   Other: 0.2ms
[2023-11-13T02:26:59.966+0000][9.882s][info ][gc,heap       ] GC(12) Eden regions: 148->0(210)
[2023-11-13T02:26:59.966+0000][9.882s][info ][gc,heap       ] GC(12) Survivor regions: 13->13(28)
[2023-11-13T02:26:59.966+0000][9.882s][info ][gc,heap       ] GC(12) Old regions: 17->17
[2023-11-13T02:26:59.966+0000][9.882s][info ][gc,heap       ] GC(12) Humongous regions: 0->0
[2023-11-13T02:26:59.966+0000][9.882s][info ][gc,metaspace  ] GC(12) Metaspace: 34645K(35584K)->34645K(35584K) NonClass: 30461K(30976K)->30461K(30976K) Class: 4184K(4608K)->4184K(4608K)
[2023-11-13T02:26:59.966+0000][9.882s][info ][gc            ] GC(12) Pause Young (Concurrent Start) (Metadata GC Threshold) 176M->28M(372M) 16.112ms
[2023-11-13T02:26:59.966+0000][9.882s][info ][gc,cpu        ] GC(12) User=0.05s Sys=0.00s Real=0.02s
[2023-11-13T02:26:59.966+0000][9.882s][info ][safepoint     ] Leaving safepoint region
[2023-11-13T02:26:59.966+0000][9.882s][info ][safepoint     ] Total time for which application threads were stopped: 0.0171610 seconds, Stopping threads took: 0.0007740 seconds
[2023-11-13T02:26:59.967+0000][9.882s][info ][gc,stringdedup] Concurrent String Deduplication (9.882s)
[2023-11-13T02:26:59.967+0000][9.883s][info ][gc            ] GC(13) Concurrent Cycle
[2023-11-13T02:26:59.967+0000][9.883s][info ][gc,marking    ] GC(13) Concurrent Clear Claimed Marks
[2023-11-13T02:26:59.967+0000][9.883s][info ][gc,marking    ] GC(13) Concurrent Clear Claimed Marks 0.286ms
[2023-11-13T02:26:59.968+0000][9.883s][info ][gc,marking    ] GC(13) Concurrent Scan Root Regions
[2023-11-13T02:26:59.968+0000][9.884s][info ][gc,stringdedup] Concurrent String Deduplication 163.5K->34320.0B(129.9K) avg 40.6% (9.882s, 9.884s) 1.234ms
[2023-11-13T02:26:59.981+0000][9.896s][debug][safepoint     ] Safepoint synchronization initiated. (11 threads)
[2023-11-13T02:26:59.981+0000][9.896s][info ][safepoint     ] Application time: 0.0141219 seconds
[2023-11-13T02:26:59.981+0000][9.896s][debug][safepoint     ] Waiting for 1 thread(s) to block
[2023-11-13T02:26:59.981+0000][9.897s][info ][safepoint     ] Entering safepoint region: Deoptimize
[2023-11-13T02:26:59.981+0000][9.897s][info ][gc,marking    ] GC(13) Concurrent Scan Root Regions 13.539ms
[2023-11-13T02:26:59.981+0000][9.897s][info ][gc,marking    ] GC(13) Concurrent Mark (9.897s)
[2023-11-13T02:26:59.981+0000][9.897s][info ][gc,marking    ] GC(13) Concurrent Mark From Roots
[2023-11-13T02:26:59.981+0000][9.897s][info ][gc,task       ] GC(13) Using 2 workers of 2 for marking
[2023-11-13T02:26:59.982+0000][9.897s][info ][safepoint     ] Leaving safepoint region
[2023-11-13T02:26:59.982+0000][9.897s][info ][safepoint     ] Total time for which application threads were stopped: 0.0009390 seconds, Stopping threads took: 0.0003410 seconds
[2023-11-13T02:27:00.020+0000][9.936s][info ][gc,marking    ] GC(13) Concurrent Mark From Roots 39.058ms
[2023-11-13T02:27:00.020+0000][9.936s][info ][gc,marking    ] GC(13) Concurrent Preclean
[2023-11-13T02:27:00.020+0000][9.936s][info ][gc,marking    ] GC(13) Concurrent Preclean 0.161ms
[2023-11-13T02:27:00.020+0000][9.936s][info ][gc,marking    ] GC(13) Concurrent Mark (9.897s, 9.936s) 39.329ms
[2023-11-13T02:27:00.021+0000][9.936s][debug][safepoint     ] Safepoint synchronization initiated. (11 threads)
[2023-11-13T02:27:00.021+0000][9.936s][info ][safepoint     ] Application time: 0.0389767 seconds
[2023-11-13T02:27:00.021+0000][9.936s][debug][safepoint     ] Waiting for 1 thread(s) to block
[2023-11-13T02:27:00.021+0000][9.937s][info ][safepoint     ] Entering safepoint region: CGC_Operation
[2023-11-13T02:27:00.021+0000][9.937s][info ][gc,start      ] GC(13) Pause Remark
[2023-11-13T02:27:00.031+0000][9.947s][info ][gc,stringtable] GC(13) Cleaned string and symbol table, strings: 12609 processed, 28 removed, symbols: 121876 processed, 319 removed
[2023-11-13T02:27:00.032+0000][9.948s][info ][gc            ] GC(13) Pause Remark 30M->30M(372M) 10.927ms
[2023-11-13T02:27:00.032+0000][9.948s][info ][gc,cpu        ] GC(13) User=0.04s Sys=0.00s Real=0.01s
[2023-11-13T02:27:00.032+0000][9.948s][info ][safepoint     ] Leaving safepoint region
[2023-11-13T02:27:00.032+0000][9.948s][info ][safepoint     ] Total time for which application threads were stopped: 0.0114318 seconds, Stopping threads took: 0.0003408 seconds
[2023-11-13T02:27:00.032+0000][9.948s][info ][gc,marking    ] GC(13) Concurrent Rebuild Remembered Sets
[2023-11-13T02:27:00.032+0000][9.948s][debug][safepoint     ] Safepoint synchronization initiated. (11 threads)
[2023-11-13T02:27:00.032+0000][9.948s][info ][safepoint     ] Application time: 0.0001029 seconds
[2023-11-13T02:27:00.032+0000][9.948s][info ][safepoint     ] Entering safepoint region: CollectForMetadataAllocation
[2023-11-13T02:27:00.032+0000][9.948s][info ][safepoint     ] Leaving safepoint region
[2023-11-13T02:27:00.032+0000][9.948s][info ][safepoint     ] Total time for which application threads were stopped: 0.0001077 seconds, Stopping threads took: 0.0000147 seconds
[2023-11-13T02:27:00.059+0000][9.975s][info ][gc,marking    ] GC(13) Concurrent Rebuild Remembered Sets 26.717ms
[2023-11-13T02:27:00.059+0000][9.975s][debug][safepoint     ] Safepoint synchronization initiated. (11 threads)
[2023-11-13T02:27:00.059+0000][9.975s][info ][safepoint     ] Application time: 0.0267050 seconds
[2023-11-13T02:27:00.059+0000][9.975s][debug][safepoint     ] Waiting for 1 thread(s) to block
[2023-11-13T02:27:00.059+0000][9.975s][info ][safepoint     ] Entering safepoint region: CGC_Operation
[2023-11-13T02:27:00.059+0000][9.975s][info ][gc,start      ] GC(13) Pause Cleanup
[2023-11-13T02:27:00.059+0000][9.975s][info ][gc            ] GC(13) Pause Cleanup 36M->36M(372M) 0.170ms
[2023-11-13T02:27:00.059+0000][9.975s][info ][gc,cpu        ] GC(13) User=0.00s Sys=0.00s Real=0.00s
[2023-11-13T02:27:00.059+0000][9.975s][info ][safepoint     ] Leaving safepoint region
[2023-11-13T02:27:00.059+0000][9.975s][info ][safepoint     ] Total time for which application threads were stopped: 0.0003570 seconds, Stopping threads took: 0.0000543 seconds
[2023-11-13T02:27:00.059+0000][9.975s][info ][gc,marking    ] GC(13) Concurrent Cleanup for Next Mark
[2023-11-13T02:27:00.063+0000][9.979s][info ][gc,marking    ] GC(13) Concurrent Cleanup for Next Mark 3.720ms
[2023-11-13T02:27:00.063+0000][9.979s][info ][gc            ] GC(13) Concurrent Cycle 96.354ms
[2023-11-13T02:27:00.368+0000][10.284s][debug][safepoint     ] Safepoint synchronization initiated. (11 threads)
[2023-11-13T02:27:00.368+0000][10.284s][info ][safepoint     ] Application time: 0.3083781 seconds
[2023-11-13T02:27:00.368+0000][10.284s][debug][safepoint     ] Waiting for 1 thread(s) to block
[2023-11-13T02:27:00.368+0000][10.284s][info ][safepoint     ] Entering safepoint region: Deoptimize
[2023-11-13T02:27:00.368+0000][10.284s][info ][safepoint     ] Leaving safepoint region
[2023-11-13T02:27:00.368+0000][10.284s][info ][safepoint     ] Total time for which application threads were stopped: 0.0007199 seconds, Stopping threads took: 0.0000506 seconds
[2023-11-13T02:27:00.848+0000][10.763s][debug][safepoint     ] Safepoint synchronization initiated. (11 threads)
[2023-11-13T02:27:00.848+0000][10.764s][info ][safepoint     ] Application time: 0.4792742 seconds
[2023-11-13T02:27:00.848+0000][10.764s][debug][safepoint     ] Waiting for 1 thread(s) to block
[2023-11-13T02:27:00.848+0000][10.764s][info ][safepoint     ] Entering safepoint region: G1CollectForAllocation
[2023-11-13T02:27:00.848+0000][10.764s][info ][gc,start      ] GC(14) Pause Young (Normal) (G1 Evacuation Pause)
[2023-11-13T02:27:00.848+0000][10.764s][info ][gc,task       ] GC(14) Using 6 workers of 6 for evacuation
[2023-11-13T02:27:00.876+0000][10.792s][info ][gc,phases     ] GC(14)   Pre Evacuate Collection Set: 0.0ms
[2023-11-13T02:27:00.876+0000][10.792s][info ][gc,phases     ] GC(14)   Evacuate Collection Set: 21.4ms
[2023-11-13T02:27:00.876+0000][10.792s][info ][gc,phases     ] GC(14)   Post Evacuate Collection Set: 6.1ms
[2023-11-13T02:27:00.876+0000][10.792s][info ][gc,phases     ] GC(14)   Other: 0.2ms
[2023-11-13T02:27:00.876+0000][10.792s][info ][gc,heap       ] GC(14) Eden regions: 210->0(254)
[2023-11-13T02:27:00.876+0000][10.792s][info ][gc,heap       ] GC(14) Survivor regions: 13->14(28)
[2023-11-13T02:27:00.876+0000][10.792s][info ][gc,heap       ] GC(14) Old regions: 17->17
[2023-11-13T02:27:00.876+0000][10.792s][info ][gc,heap       ] GC(14) Humongous regions: 0->0
[2023-11-13T02:27:00.876+0000][10.792s][info ][gc,metaspace  ] GC(14) Metaspace: 37847K(39040K)->37847K(39040K) NonClass: 33210K(34048K)->33210K(34048K) Class: 4636K(4992K)->4636K(4992K)
[2023-11-13T02:27:00.876+0000][10.792s][info ][gc            ] GC(14) Pause Young (Normal) (G1 Evacuation Pause) 238M->29M(447M) 27.972ms
[2023-11-13T02:27:00.876+0000][10.792s][info ][gc,cpu        ] GC(14) User=0.07s Sys=0.00s Real=0.03s
[2023-11-13T02:27:00.876+0000][10.792s][info ][safepoint     ] Leaving safepoint region
[2023-11-13T02:27:00.876+0000][10.792s][info ][safepoint     ] Total time for which application threads were stopped: 0.0282636 seconds, Stopping threads took: 0.0000618 seconds
[2023-11-13T02:27:00.876+0000][10.792s][info ][gc,stringdedup] Concurrent String Deduplication (10.792s)
[2023-11-13T02:27:00.879+0000][10.795s][info ][gc,stringdedup] Concurrent String Deduplication 476.7K->246.5K(230.2K) avg 41.1% (10.792s, 10.795s) 2.596ms
[2023-11-13T02:27:00.926+0000][10.842s][debug][safepoint     ] Safepoint synchronization initiated. (11 threads)
[2023-11-13T02:27:00.926+0000][10.842s][info ][safepoint     ] Application time: 0.0499735 seconds
[2023-11-13T02:27:00.926+0000][10.842s][info ][safepoint     ] Entering safepoint region: Deoptimize
[2023-11-13T02:27:00.927+0000][10.843s][info ][safepoint     ] Leaving safepoint region
[2023-11-13T02:27:00.927+0000][10.843s][info ][safepoint     ] Total time for which application threads were stopped: 0.0006676 seconds, Stopping threads took: 0.0000177 seconds
[2023-11-13T02:27:01.510+0000][11.426s][debug][safepoint     ] Safepoint synchronization initiated. (11 threads)
[2023-11-13T02:27:01.510+0000][11.426s][info ][safepoint     ] Application time: 0.5833748 seconds
[2023-11-13T02:27:01.510+0000][11.426s][info ][safepoint     ] Entering safepoint region: ICBufferFull
[2023-11-13T02:27:01.511+0000][11.427s][info ][safepoint     ] Leaving safepoint region
[2023-11-13T02:27:01.511+0000][11.427s][info ][safepoint     ] Total time for which application threads were stopped: 0.0006245 seconds, Stopping threads took: 0.0002059 seconds
[2023-11-13T02:27:02.514+0000][12.430s][debug][safepoint     ] Safepoint synchronization initiated. (11 threads)
[2023-11-13T02:27:02.514+0000][12.430s][info ][safepoint     ] Application time: 1.0029178 seconds
[2023-11-13T02:27:02.514+0000][12.430s][debug][safepoint     ] Waiting for 1 thread(s) to block
[2023-11-13T02:27:02.514+0000][12.430s][info ][safepoint     ] Entering safepoint region: Cleanup
[2023-11-13T02:27:02.514+0000][12.430s][info ][safepoint     ] Leaving safepoint region
[2023-11-13T02:27:02.514+0000][12.430s][info ][safepoint     ] Total time for which application threads were stopped: 0.0002645 seconds, Stopping threads took: 0.0000735 seconds
[2023-11-13T02:27:02.641+0000][12.557s][debug][safepoint     ] Safepoint synchronization initiated. (11 threads)
[2023-11-13T02:27:02.641+0000][12.557s][info ][safepoint     ] Application time: 0.1266233 seconds
[2023-11-13T02:27:02.641+0000][12.557s][debug][safepoint     ] Waiting for 1 thread(s) to block
[2023-11-13T02:27:02.641+0000][12.557s][info ][safepoint     ] Entering safepoint region: Deoptimize
[2023-11-13T02:27:02.642+0000][12.558s][info ][safepoint     ] Leaving safepoint region
[2023-11-13T02:27:02.642+0000][12.558s][info ][safepoint     ] Total time for which application threads were stopped: 0.0007396 seconds, Stopping threads took: 0.0000526 seconds
[2023-11-13T02:27:02.668+0000][12.584s][debug][safepoint     ] Safepoint synchronization initiated. (11 threads)
[2023-11-13T02:27:02.668+0000][12.584s][info ][safepoint     ] Application time: 0.0261192 seconds
[2023-11-13T02:27:02.668+0000][12.584s][debug][safepoint     ] Waiting for 2 thread(s) to block
[2023-11-13T02:27:02.668+0000][12.584s][info ][safepoint     ] Entering safepoint region: G1CollectForAllocation
[2023-11-13T02:27:02.668+0000][12.584s][info ][gc,start      ] GC(15) Pause Young (Normal) (G1 Evacuation Pause)
[2023-11-13T02:27:02.668+0000][12.584s][info ][gc,task       ] GC(15) Using 6 workers of 6 for evacuation
[2023-11-13T02:27:02.704+0000][12.620s][info ][gc,phases     ] GC(15)   Pre Evacuate Collection Set: 0.0ms
[2023-11-13T02:27:02.704+0000][12.620s][info ][gc,phases     ] GC(15)   Evacuate Collection Set: 33.6ms
[2023-11-13T02:27:02.704+0000][12.620s][info ][gc,phases     ] GC(15)   Post Evacuate Collection Set: 2.2ms
[2023-11-13T02:27:02.704+0000][12.620s][info ][gc,phases     ] GC(15)   Other: 0.2ms
[2023-11-13T02:27:02.704+0000][12.620s][info ][gc,heap       ] GC(15) Eden regions: 254->0(251)
[2023-11-13T02:27:02.704+0000][12.620s][info ][gc,heap       ] GC(15) Survivor regions: 14->17(34)
[2023-11-13T02:27:02.704+0000][12.620s][info ][gc,heap       ] GC(15) Old regions: 17->17
[2023-11-13T02:27:02.705+0000][12.620s][info ][gc,heap       ] GC(15) Humongous regions: 0->0
[2023-11-13T02:27:02.705+0000][12.620s][info ][gc,metaspace  ] GC(15) Metaspace: 41480K(42752K)->41480K(42752K) NonClass: 36325K(37120K)->36325K(37120K) Class: 5154K(5632K)->5154K(5632K)
[2023-11-13T02:27:02.705+0000][12.620s][info ][gc            ] GC(15) Pause Young (Normal) (G1 Evacuation Pause) 283M->32M(447M) 36.369ms
[2023-11-13T02:27:02.705+0000][12.620s][info ][gc,cpu        ] GC(15) User=0.09s Sys=0.00s Real=0.03s
[2023-11-13T02:27:02.705+0000][12.620s][info ][safepoint     ] Leaving safepoint region
[2023-11-13T02:27:02.705+0000][12.620s][info ][safepoint     ] Total time for which application threads were stopped: 0.0367423 seconds, Stopping threads took: 0.0001985 seconds
[2023-11-13T02:27:02.705+0000][12.621s][info ][gc,stringdedup] Concurrent String Deduplication (12.621s)
[2023-11-13T02:27:02.706+0000][12.621s][info ][gc,stringdedup] Concurrent String Deduplication 148.7K->52784.0B(99472.0B) avg 41.5% (12.621s, 12.621s) 0.834ms
[2023-11-13T02:27:02.708+0000][12.624s][debug][safepoint     ] Safepoint synchronization initiated. (11 threads)
[2023-11-13T02:27:02.708+0000][12.624s][info ][safepoint     ] Application time: 0.0031182 seconds
[2023-11-13T02:27:02.708+0000][12.624s][debug][safepoint     ] Waiting for 1 thread(s) to block
[2023-11-13T02:27:02.708+0000][12.624s][info ][safepoint     ] Entering safepoint region: Deoptimize
[2023-11-13T02:27:02.709+0000][12.625s][info ][safepoint     ] Leaving safepoint region
[2023-11-13T02:27:02.709+0000][12.625s][info ][safepoint     ] Total time for which application threads were stopped: 0.0009959 seconds, Stopping threads took: 0.0002965 seconds
[2023-11-13T02:27:02.739+0000][12.655s][debug][safepoint     ] Safepoint synchronization initiated. (11 threads)
[2023-11-13T02:27:02.739+0000][12.655s][info ][safepoint     ] Application time: 0.0300841 seconds
[2023-11-13T02:27:02.739+0000][12.655s][debug][safepoint     ] Waiting for 1 thread(s) to block
[2023-11-13T02:27:02.739+0000][12.655s][info ][safepoint     ] Entering safepoint region: Deoptimize
[2023-11-13T02:27:02.740+0000][12.656s][info ][safepoint     ] Leaving safepoint region
[2023-11-13T02:27:02.740+0000][12.656s][info ][safepoint     ] Total time for which application threads were stopped: 0.0010267 seconds, Stopping threads took: 0.0000513 seconds
[2023-11-13T02:27:03.223+0000][13.139s][debug][safepoint     ] Safepoint synchronization initiated. (11 threads)
[2023-11-13T02:27:03.223+0000][13.139s][info ][safepoint     ] Application time: 0.4832635 seconds
[2023-11-13T02:27:03.223+0000][13.139s][info ][safepoint     ] Entering safepoint region: Deoptimize
[2023-11-13T02:27:03.227+0000][13.142s][info ][safepoint     ] Leaving safepoint region
[2023-11-13T02:27:03.227+0000][13.143s][info ][safepoint     ] Total time for which application threads were stopped: 0.0034725 seconds, Stopping threads took: 0.0000188 seconds
[2023-11-13T02:27:03.234+0000][13.150s][debug][safepoint     ] Safepoint synchronization initiated. (11 threads)
[2023-11-13T02:27:03.234+0000][13.150s][info ][safepoint     ] Application time: 0.0074034 seconds
[2023-11-13T02:27:03.234+0000][13.150s][info ][safepoint     ] Entering safepoint region: Deoptimize
[2023-11-13T02:27:03.235+0000][13.150s][info ][safepoint     ] Leaving safepoint region
[2023-11-13T02:27:03.235+0000][13.150s][info ][safepoint     ] Total time for which application threads were stopped: 0.0005210 seconds, Stopping threads took: 0.0000165 seconds
[2023-11-13T02:27:03.378+0000][13.294s][debug][safepoint     ] Safepoint synchronization initiated. (11 threads)
[2023-11-13T02:27:03.378+0000][13.294s][info ][safepoint     ] Application time: 0.1433929 seconds
[2023-11-13T02:27:03.378+0000][13.294s][info ][safepoint     ] Entering safepoint region: Deoptimize
[2023-11-13T02:27:03.379+0000][13.295s][info ][safepoint     ] Leaving safepoint region
[2023-11-13T02:27:03.379+0000][13.295s][info ][safepoint     ] Total time for which application threads were stopped: 0.0010862 seconds, Stopping threads took: 0.0000179 seconds
[2023-11-13T02:27:03.808+0000][13.724s][debug][safepoint     ] Safepoint synchronization initiated. (12 threads)
[2023-11-13T02:27:03.808+0000][13.724s][info ][safepoint     ] Application time: 0.4292085 seconds
[2023-11-13T02:27:03.810+0000][13.726s][info ][safepoint     ] Entering safepoint region: Deoptimize
[2023-11-13T02:27:03.811+0000][13.727s][info ][safepoint     ] Leaving safepoint region
[2023-11-13T02:27:03.811+0000][13.727s][info ][safepoint     ] Total time for which application threads were stopped: 0.0009253 seconds, Stopping threads took: 0.0000393 seconds
[2023-11-13T02:27:03.812+0000][13.728s][debug][safepoint     ] Safepoint synchronization initiated. (12 threads)
[2023-11-13T02:27:03.812+0000][13.728s][info ][safepoint     ] Application time: 0.0008246 seconds
[2023-11-13T02:27:03.812+0000][13.728s][debug][safepoint     ] Waiting for 1 thread(s) to block
[2023-11-13T02:27:03.812+0000][13.728s][info ][safepoint     ] Entering safepoint region: Deoptimize
[2023-11-13T02:27:03.813+0000][13.729s][info ][safepoint     ] Leaving safepoint region
[2023-11-13T02:27:03.813+0000][13.729s][info ][safepoint     ] Total time for which application threads were stopped: 0.0006693 seconds, Stopping threads took: 0.0000477 seconds
[2023-11-13T02:27:04.035+0000][13.951s][debug][safepoint     ] Safepoint synchronization initiated. (12 threads)
[2023-11-13T02:27:04.035+0000][13.951s][info ][safepoint     ] Application time: 0.2224979 seconds
[2023-11-13T02:27:04.035+0000][13.951s][debug][safepoint     ] Waiting for 1 thread(s) to block
[2023-11-13T02:27:04.035+0000][13.951s][info ][safepoint     ] Entering safepoint region: Deoptimize
[2023-11-13T02:27:04.036+0000][13.952s][info ][safepoint     ] Leaving safepoint region
[2023-11-13T02:27:04.036+0000][13.952s][info ][safepoint     ] Total time for which application threads were stopped: 0.0011023 seconds, Stopping threads took: 0.0000534 seconds
[2023-11-13T02:27:04.232+0000][14.148s][debug][safepoint     ] Safepoint synchronization initiated. (12 threads)
[2023-11-13T02:27:04.232+0000][14.148s][info ][safepoint     ] Application time: 0.1955062 seconds
[2023-11-13T02:27:04.232+0000][14.148s][debug][safepoint     ] Waiting for 1 thread(s) to block
[2023-11-13T02:27:04.232+0000][14.148s][info ][safepoint     ] Entering safepoint region: Deoptimize
[2023-11-13T02:27:04.233+0000][14.149s][info ][safepoint     ] Leaving safepoint region
[2023-11-13T02:27:04.233+0000][14.149s][info ][safepoint     ] Total time for which application threads were stopped: 0.0009924 seconds, Stopping threads took: 0.0000530 seconds
[2023-11-13T02:27:04.508+0000][14.424s][debug][safepoint     ] Safepoint synchronization initiated. (12 threads)
[2023-11-13T02:27:04.508+0000][14.424s][info ][safepoint     ] Application time: 0.2752327 seconds
[2023-11-13T02:27:04.508+0000][14.424s][debug][safepoint     ] ... found polling page loop exception at pc = 0x00007f769937b019, stub =0x00007f7698841b00
[2023-11-13T02:27:04.508+0000][14.424s][debug][safepoint     ] Waiting for 1 thread(s) to block
[2023-11-13T02:27:04.508+0000][14.424s][info ][safepoint     ] Entering safepoint region: ICBufferFull
[2023-11-13T02:27:04.509+0000][14.425s][info ][safepoint     ] Leaving safepoint region
[2023-11-13T02:27:04.509+0000][14.425s][info ][safepoint     ] Total time for which application threads were stopped: 0.0005985 seconds, Stopping threads took: 0.0003689 seconds
[2023-11-13T02:27:04.713+0000][14.629s][debug][safepoint     ] Safepoint synchronization initiated. (12 threads)
[2023-11-13T02:27:04.713+0000][14.629s][info ][safepoint     ] Application time: 0.2042934 seconds
[2023-11-13T02:27:04.713+0000][14.629s][info ][safepoint     ] Entering safepoint region: Deoptimize
[2023-11-13T02:27:04.714+0000][14.630s][info ][safepoint     ] Leaving safepoint region
[2023-11-13T02:27:04.714+0000][14.630s][info ][safepoint     ] Total time for which application threads were stopped: 0.0008501 seconds, Stopping threads took: 0.0000191 seconds
[2023-11-13T02:27:04.748+0000][14.664s][debug][safepoint     ] Safepoint synchronization initiated. (14 threads)
[2023-11-13T02:27:04.748+0000][14.664s][info ][safepoint     ] Application time: 0.0344276 seconds
[2023-11-13T02:27:04.748+0000][14.664s][debug][safepoint     ] Waiting for 1 thread(s) to block
[2023-11-13T02:27:04.748+0000][14.664s][info ][safepoint     ] Entering safepoint region: G1CollectForAllocation
[2023-11-13T02:27:04.749+0000][14.664s][info ][gc,start      ] GC(16) Pause Young (Normal) (G1 Evacuation Pause)
[2023-11-13T02:27:04.749+0000][14.665s][info ][gc,task       ] GC(16) Using 6 workers of 6 for evacuation
[2023-11-13T02:27:04.798+0000][14.714s][info ][gc,phases     ] GC(16)   Pre Evacuate Collection Set: 0.0ms
[2023-11-13T02:27:04.798+0000][14.714s][info ][gc,phases     ] GC(16)   Evacuate Collection Set: 45.4ms
[2023-11-13T02:27:04.798+0000][14.714s][info ][gc,phases     ] GC(16)   Post Evacuate Collection Set: 3.6ms
[2023-11-13T02:27:04.798+0000][14.714s][info ][gc,phases     ] GC(16)   Other: 0.2ms
[2023-11-13T02:27:04.798+0000][14.714s][info ][gc,heap       ] GC(16) Eden regions: 251->0(248)
[2023-11-13T02:27:04.798+0000][14.714s][info ][gc,heap       ] GC(16) Survivor regions: 17->20(34)
[2023-11-13T02:27:04.798+0000][14.714s][info ][gc,heap       ] GC(16) Old regions: 17->17
[2023-11-13T02:27:04.798+0000][14.714s][info ][gc,heap       ] GC(16) Humongous regions: 0->0
[2023-11-13T02:27:04.798+0000][14.714s][info ][gc,metaspace  ] GC(16) Metaspace: 50682K(52096K)->50682K(52096K) NonClass: 44427K(45312K)->44427K(45312K) Class: 6255K(6784K)->6255K(6784K)
[2023-11-13T02:27:04.798+0000][14.714s][info ][gc            ] GC(16) Pause Young (Normal) (G1 Evacuation Pause) 283M->35M(447M) 49.493ms
[2023-11-13T02:27:04.798+0000][14.714s][info ][gc,cpu        ] GC(16) User=0.16s Sys=0.00s Real=0.05s
[2023-11-13T02:27:04.798+0000][14.714s][info ][safepoint     ] Leaving safepoint region
[2023-11-13T02:27:04.798+0000][14.714s][info ][safepoint     ] Total time for which application threads were stopped: 0.0497660 seconds, Stopping threads took: 0.0000589 seconds
[2023-11-13T02:27:04.798+0000][14.714s][info ][gc,stringdedup] Concurrent String Deduplication (14.714s)
[2023-11-13T02:27:04.799+0000][14.715s][info ][gc,stringdedup] Concurrent String Deduplication 131.0K->46520.0B(87584.0B) avg 41.9% (14.714s, 14.715s) 0.790ms
[2023-11-13T02:27:05.799+0000][15.715s][debug][safepoint     ] Safepoint synchronization initiated. (14 threads)
[2023-11-13T02:27:05.799+0000][15.715s][info ][safepoint     ] Application time: 1.0010575 seconds
[2023-11-13T02:27:05.799+0000][15.715s][info ][safepoint     ] Entering safepoint region: Cleanup
[2023-11-13T02:27:05.799+0000][15.715s][info ][safepoint     ] Leaving safepoint region
[2023-11-13T02:27:05.799+0000][15.715s][info ][safepoint     ] Total time for which application threads were stopped: 0.0001369 seconds, Stopping threads took: 0.0000203 seconds
[2023-11-13T02:27:05.920+0000][15.836s][debug][safepoint     ] Safepoint synchronization initiated. (14 threads)
[2023-11-13T02:27:05.920+0000][15.836s][info ][safepoint     ] Application time: 0.1207808 seconds
[2023-11-13T02:27:05.920+0000][15.836s][debug][safepoint     ] Waiting for 1 thread(s) to block
[2023-11-13T02:27:05.920+0000][15.836s][info ][safepoint     ] Entering safepoint region: Deoptimize
[2023-11-13T02:27:05.921+0000][15.837s][info ][safepoint     ] Leaving safepoint region
[2023-11-13T02:27:05.921+0000][15.837s][info ][safepoint     ] Total time for which application threads were stopped: 0.0008279 seconds, Stopping threads took: 0.0000537 seconds
[2023-11-13T02:27:06.050+0000][15.966s][debug][safepoint     ] Safepoint synchronization initiated. (14 threads)
[2023-11-13T02:27:06.050+0000][15.966s][info ][safepoint     ] Application time: 0.1290114 seconds
[2023-11-13T02:27:06.050+0000][15.966s][debug][safepoint     ] Waiting for 1 thread(s) to block
[2023-11-13T02:27:06.058+0000][15.974s][info ][safepoint     ] Entering safepoint region: Deoptimize
[2023-11-13T02:27:06.062+0000][15.978s][info ][safepoint     ] Leaving safepoint region
[2023-11-13T02:27:06.062+0000][15.978s][info ][safepoint     ] Total time for which application threads were stopped: 0.0123783 seconds, Stopping threads took: 0.0080605 seconds
[2023-11-13T02:27:06.690+0000][16.606s][debug][safepoint     ] Safepoint synchronization initiated. (14 threads)
[2023-11-13T02:27:06.690+0000][16.606s][info ][safepoint     ] Application time: 0.6275626 seconds
[2023-11-13T02:27:06.690+0000][16.606s][info ][safepoint     ] Entering safepoint region: ICBufferFull
[2023-11-13T02:27:06.690+0000][16.606s][info ][safepoint     ] Leaving safepoint region
[2023-11-13T02:27:06.690+0000][16.606s][info ][safepoint     ] Total time for which application threads were stopped: 0.0002719 seconds, Stopping threads took: 0.0000209 seconds
[2023-11-13T02:27:07.542+0000][17.458s][debug][safepoint     ] Safepoint synchronization initiated. (14 threads)
[2023-11-13T02:27:07.542+0000][17.458s][info ][safepoint     ] Application time: 0.8516426 seconds
[2023-11-13T02:27:07.542+0000][17.458s][info ][safepoint     ] Entering safepoint region: G1CollectForAllocation
[2023-11-13T02:27:07.542+0000][17.458s][info ][gc,start      ] GC(17) Pause Young (Normal) (G1 Evacuation Pause)
[2023-11-13T02:27:07.542+0000][17.458s][info ][gc,task       ] GC(17) Using 6 workers of 6 for evacuation
[2023-11-13T02:27:07.578+0000][17.493s][info ][gc,phases     ] GC(17)   Pre Evacuate Collection Set: 0.0ms
[2023-11-13T02:27:07.578+0000][17.494s][info ][gc,phases     ] GC(17)   Evacuate Collection Set: 31.5ms
[2023-11-13T02:27:07.578+0000][17.494s][info ][gc,phases     ] GC(17)   Post Evacuate Collection Set: 3.5ms
[2023-11-13T02:27:07.578+0000][17.494s][info ][gc,phases     ] GC(17)   Other: 0.2ms
[2023-11-13T02:27:07.578+0000][17.494s][info ][gc,heap       ] GC(17) Eden regions: 248->0(248)
[2023-11-13T02:27:07.578+0000][17.494s][info ][gc,heap       ] GC(17) Survivor regions: 20->20(34)
[2023-11-13T02:27:07.578+0000][17.494s][info ][gc,heap       ] GC(17) Old regions: 17->21
[2023-11-13T02:27:07.578+0000][17.494s][info ][gc,heap       ] GC(17) Humongous regions: 0->0
[2023-11-13T02:27:07.578+0000][17.494s][info ][gc,metaspace  ] GC(17) Metaspace: 55633K(57216K)->55633K(57216K) NonClass: 48714K(49664K)->48714K(49664K) Class: 6919K(7552K)->6919K(7552K)
[2023-11-13T02:27:07.578+0000][17.494s][info ][gc            ] GC(17) Pause Young (Normal) (G1 Evacuation Pause) 283M->38M(447M) 35.441ms
[2023-11-13T02:27:07.578+0000][17.494s][info ][gc,cpu        ] GC(17) User=0.09s Sys=0.00s Real=0.04s
[2023-11-13T02:27:07.578+0000][17.494s][info ][safepoint     ] Leaving safepoint region
[2023-11-13T02:27:07.578+0000][17.494s][info ][safepoint     ] Total time for which application threads were stopped: 0.0358249 seconds, Stopping threads took: 0.0000181 seconds
[2023-11-13T02:27:07.578+0000][17.494s][info ][gc,stringdedup] Concurrent String Deduplication (17.494s)
[2023-11-13T02:27:07.580+0000][17.496s][info ][gc,stringdedup] Concurrent String Deduplication 366.9K->116.5K(250.4K) avg 43.0% (17.494s, 17.496s) 1.977ms
[2023-11-13T02:27:08.026+0000][17.942s][debug][safepoint     ] Safepoint synchronization initiated. (13 threads)
[2023-11-13T02:27:08.026+0000][17.942s][info ][safepoint     ] Application time: 0.4478536 seconds
[2023-11-13T02:27:08.026+0000][17.942s][info ][safepoint     ] Entering safepoint region: CollectForMetadataAllocation
[2023-11-13T02:27:08.026+0000][17.942s][info ][gc,start      ] GC(18) Pause Young (Concurrent Start) (Metadata GC Threshold)
[2023-11-13T02:27:08.026+0000][17.942s][info ][gc,task       ] GC(18) Using 6 workers of 6 for evacuation
[2023-11-13T02:27:08.055+0000][17.971s][info ][gc,phases     ] GC(18)   Pre Evacuate Collection Set: 0.1ms
[2023-11-13T02:27:08.056+0000][17.971s][info ][gc,phases     ] GC(18)   Evacuate Collection Set: 17.8ms
[2023-11-13T02:27:08.056+0000][17.971s][info ][gc,phases     ] GC(18)   Post Evacuate Collection Set: 11.3ms
[2023-11-13T02:27:08.056+0000][17.971s][info ][gc,phases     ] GC(18)   Other: 0.3ms
[2023-11-13T02:27:08.056+0000][17.971s][info ][gc,heap       ] GC(18) Eden regions: 117->0(327)
[2023-11-13T02:27:08.056+0000][17.972s][info ][gc,heap       ] GC(18) Survivor regions: 20->17(34)
[2023-11-13T02:27:08.056+0000][17.972s][info ][gc,heap       ] GC(18) Old regions: 21->24
[2023-11-13T02:27:08.056+0000][17.972s][info ][gc,heap       ] GC(18) Humongous regions: 0->0
[2023-11-13T02:27:08.056+0000][17.972s][info ][gc,metaspace  ] GC(18) Metaspace: 58288K(59648K)->58288K(59648K) NonClass: 50898K(51712K)->50898K(51712K) Class: 7390K(7936K)->7390K(7936K)
[2023-11-13T02:27:08.056+0000][17.972s][info ][gc            ] GC(18) Pause Young (Concurrent Start) (Metadata GC Threshold) 155M->39M(574M) 29.822ms
[2023-11-13T02:27:08.056+0000][17.972s][info ][gc,cpu        ] GC(18) User=0.08s Sys=0.01s Real=0.04s
[2023-11-13T02:27:08.056+0000][17.972s][info ][gc            ] GC(19) Concurrent Cycle
[2023-11-13T02:27:08.056+0000][17.972s][info ][gc,marking    ] GC(19) Concurrent Clear Claimed Marks
[2023-11-13T02:27:08.056+0000][17.972s][info ][gc,marking    ] GC(19) Concurrent Clear Claimed Marks 0.145ms
[2023-11-13T02:27:08.056+0000][17.972s][info ][gc,marking    ] GC(19) Concurrent Scan Root Regions
[2023-11-13T02:27:08.056+0000][17.972s][info ][safepoint     ] Leaving safepoint region
[2023-11-13T02:27:08.056+0000][17.972s][info ][safepoint     ] Total time for which application threads were stopped: 0.0303368 seconds, Stopping threads took: 0.0000185 seconds
[2023-11-13T02:27:08.056+0000][17.972s][info ][gc,stringdedup] Concurrent String Deduplication (17.972s)
[2023-11-13T02:27:08.061+0000][17.977s][info ][gc,stringdedup] Concurrent String Deduplication 339.4K->154.8K(184.6K) avg 43.4% (17.972s, 17.977s) 4.346ms
[2023-11-13T02:27:08.070+0000][17.986s][info ][gc,marking    ] GC(19) Concurrent Scan Root Regions 14.028ms
[2023-11-13T02:27:08.070+0000][17.986s][info ][gc,marking    ] GC(19) Concurrent Mark (17.986s)
[2023-11-13T02:27:08.070+0000][17.986s][info ][gc,marking    ] GC(19) Concurrent Mark From Roots
[2023-11-13T02:27:08.070+0000][17.986s][info ][gc,task       ] GC(19) Using 2 workers of 2 for marking
[2023-11-13T02:27:08.105+0000][18.021s][info ][gc,marking    ] GC(19) Concurrent Mark From Roots 35.231ms
[2023-11-13T02:27:08.105+0000][18.021s][info ][gc,marking    ] GC(19) Concurrent Preclean
[2023-11-13T02:27:08.106+0000][18.021s][info ][gc,marking    ] GC(19) Concurrent Preclean 0.228ms
[2023-11-13T02:27:08.106+0000][18.021s][info ][gc,marking    ] GC(19) Concurrent Mark (17.986s, 18.021s) 35.578ms
[2023-11-13T02:27:08.106+0000][18.022s][debug][safepoint     ] Safepoint synchronization initiated. (14 threads)
[2023-11-13T02:27:08.106+0000][18.022s][info ][safepoint     ] Application time: 0.0496061 seconds
[2023-11-13T02:27:08.106+0000][18.022s][info ][safepoint     ] Entering safepoint region: CGC_Operation
[2023-11-13T02:27:08.106+0000][18.022s][info ][gc,start      ] GC(19) Pause Remark
[2023-11-13T02:27:08.119+0000][18.035s][info ][gc,stringtable] GC(19) Cleaned string and symbol table, strings: 23164 processed, 1 removed, symbols: 190118 processed, 199 removed
[2023-11-13T02:27:08.120+0000][18.036s][info ][gc            ] GC(19) Pause Remark 44M->44M(574M) 13.935ms
[2023-11-13T02:27:08.120+0000][18.036s][info ][gc,cpu        ] GC(19) User=0.04s Sys=0.00s Real=0.02s
[2023-11-13T02:27:08.120+0000][18.036s][info ][safepoint     ] Leaving safepoint region
[2023-11-13T02:27:08.120+0000][18.036s][info ][safepoint     ] Total time for which application threads were stopped: 0.0141647 seconds, Stopping threads took: 0.0000181 seconds
[2023-11-13T02:27:08.120+0000][18.036s][info ][gc,marking    ] GC(19) Concurrent Rebuild Remembered Sets
[2023-11-13T02:27:08.165+0000][18.081s][info ][gc,marking    ] GC(19) Concurrent Rebuild Remembered Sets 44.720ms
[2023-11-13T02:27:08.165+0000][18.081s][debug][safepoint     ] Safepoint synchronization initiated. (14 threads)
[2023-11-13T02:27:08.165+0000][18.081s][info ][safepoint     ] Application time: 0.0451606 seconds
[2023-11-13T02:27:08.165+0000][18.081s][info ][safepoint     ] Entering safepoint region: CGC_Operation
[2023-11-13T02:27:08.165+0000][18.081s][info ][gc,start      ] GC(19) Pause Cleanup
[2023-11-13T02:27:08.166+0000][18.082s][info ][gc            ] GC(19) Pause Cleanup 46M->46M(574M) 0.314ms
[2023-11-13T02:27:08.166+0000][18.082s][info ][gc,cpu        ] GC(19) User=0.00s Sys=0.00s Real=0.00s
[2023-11-13T02:27:08.166+0000][18.082s][info ][safepoint     ] Leaving safepoint region
[2023-11-13T02:27:08.166+0000][18.082s][info ][safepoint     ] Total time for which application threads were stopped: 0.0007288 seconds, Stopping threads took: 0.0000587 seconds
[2023-11-13T02:27:08.166+0000][18.082s][info ][gc,marking    ] GC(19) Concurrent Cleanup for Next Mark
[2023-11-13T02:27:08.170+0000][18.085s][info ][gc,marking    ] GC(19) Concurrent Cleanup for Next Mark 3.498ms
[2023-11-13T02:27:08.170+0000][18.086s][info ][gc            ] GC(19) Concurrent Cycle 113.864ms
[2023-11-13T02:27:09.032+0000][18.948s][debug][safepoint     ] Safepoint synchronization initiated. (16 threads)
[2023-11-13T02:27:09.032+0000][18.948s][info ][safepoint     ] Application time: 0.8661203 seconds
[2023-11-13T02:27:09.032+0000][18.948s][info ][safepoint     ] Entering safepoint region: ICBufferFull
[2023-11-13T02:27:09.032+0000][18.948s][info ][safepoint     ] Leaving safepoint region
[2023-11-13T02:27:09.032+0000][18.948s][info ][safepoint     ] Total time for which application threads were stopped: 0.0002612 seconds, Stopping threads took: 0.0000188 seconds
[2023-11-13T02:27:09.307+0000][19.223s][debug][safepoint     ] Safepoint synchronization initiated. (16 threads)
[2023-11-13T02:27:09.308+0000][19.223s][info ][safepoint     ] Application time: 0.2753137 seconds
[2023-11-13T02:27:09.308+0000][19.223s][info ][safepoint     ] Entering safepoint region: Deoptimize
[2023-11-13T02:27:09.310+0000][19.226s][info ][safepoint     ] Leaving safepoint region
[2023-11-13T02:27:09.310+0000][19.226s][info ][safepoint     ] Total time for which application threads were stopped: 0.0028105 seconds, Stopping threads took: 0.0000191 seconds
[2023-11-13T02:27:09.373+0000][19.289s][debug][safepoint     ] Safepoint synchronization initiated. (16 threads)
[2023-11-13T02:27:09.373+0000][19.289s][info ][safepoint     ] Application time: 0.0625710 seconds
[2023-11-13T02:27:09.373+0000][19.289s][info ][safepoint     ] Entering safepoint region: Deoptimize
[2023-11-13T02:27:09.374+0000][19.290s][info ][safepoint     ] Leaving safepoint region
[2023-11-13T02:27:09.374+0000][19.290s][info ][safepoint     ] Total time for which application threads were stopped: 0.0008912 seconds, Stopping threads took: 0.0000185 seconds
[2023-11-13T02:27:09.825+0000][19.741s][debug][safepoint     ] Safepoint synchronization initiated. (16 threads)
[2023-11-13T02:27:09.825+0000][19.741s][info ][safepoint     ] Application time: 0.4514894 seconds
[2023-11-13T02:27:09.826+0000][19.741s][debug][safepoint     ] Waiting for 1 thread(s) to block
[2023-11-13T02:27:09.826+0000][19.742s][info ][safepoint     ] Entering safepoint region: ICBufferFull
[2023-11-13T02:27:09.826+0000][19.742s][info ][safepoint     ] Leaving safepoint region
[2023-11-13T02:27:09.826+0000][19.742s][info ][safepoint     ] Total time for which application threads were stopped: 0.0008771 seconds, Stopping threads took: 0.0004568 seconds
[2023-11-13T02:27:10.447+0000][20.363s][debug][safepoint     ] Safepoint synchronization initiated. (16 threads)
[2023-11-13T02:27:10.447+0000][20.363s][info ][safepoint     ] Application time: 0.6208190 seconds
[2023-11-13T02:27:10.448+0000][20.364s][debug][safepoint     ] Waiting for 1 thread(s) to block
[2023-11-13T02:27:10.448+0000][20.364s][info ][safepoint     ] Entering safepoint region: G1CollectForAllocation
[2023-11-13T02:27:10.448+0000][20.364s][info ][gc,start      ] GC(20) Pause Young (Normal) (G1 Evacuation Pause)
[2023-11-13T02:27:10.449+0000][20.364s][info ][gc,task       ] GC(20) Using 6 workers of 6 for evacuation
[2023-11-13T02:27:10.474+0000][20.390s][info ][gc,phases     ] GC(20)   Pre Evacuate Collection Set: 0.0ms
[2023-11-13T02:27:10.474+0000][20.390s][info ][gc,phases     ] GC(20)   Evacuate Collection Set: 22.6ms
[2023-11-13T02:27:10.474+0000][20.390s][info ][gc,phases     ] GC(20)   Post Evacuate Collection Set: 2.3ms
[2023-11-13T02:27:10.475+0000][20.390s][info ][gc,phases     ] GC(20)   Other: 0.6ms
[2023-11-13T02:27:10.475+0000][20.391s][info ][gc,heap       ] GC(20) Eden regions: 327->0(323)
[2023-11-13T02:27:10.475+0000][20.391s][info ][gc,heap       ] GC(20) Survivor regions: 17->21(43)
[2023-11-13T02:27:10.475+0000][20.391s][info ][gc,heap       ] GC(20) Old regions: 24->25
[2023-11-13T02:27:10.475+0000][20.391s][info ][gc,heap       ] GC(20) Humongous regions: 0->0
[2023-11-13T02:27:10.476+0000][20.391s][info ][gc,metaspace  ] GC(20) Metaspace: 67445K(69120K)->67445K(69120K) NonClass: 58810K(59904K)->58810K(59904K) Class: 8635K(9216K)->8635K(9216K)
[2023-11-13T02:27:10.476+0000][20.392s][info ][gc            ] GC(20) Pause Young (Normal) (G1 Evacuation Pause) 366M->43M(574M) 27.471ms
[2023-11-13T02:27:10.476+0000][20.392s][info ][gc,cpu        ] GC(20) User=0.12s Sys=0.00s Real=0.03s
[2023-11-13T02:27:10.476+0000][20.392s][info ][safepoint     ] Leaving safepoint region
[2023-11-13T02:27:10.476+0000][20.392s][info ][safepoint     ] Total time for which application threads were stopped: 0.0287569 seconds, Stopping threads took: 0.0004325 seconds
[2023-11-13T02:27:10.477+0000][20.393s][info ][gc,stringdedup] Concurrent String Deduplication (20.393s)
[2023-11-13T02:27:10.478+0000][20.394s][info ][gc,stringdedup] Concurrent String Deduplication 256.7K->82240.0B(176.4K) avg 44.1% (20.393s, 20.394s) 1.768ms
[2023-11-13T02:27:10.829+0000][20.745s][debug][safepoint     ] Safepoint synchronization initiated. (16 threads)
[2023-11-13T02:27:10.830+0000][20.745s][info ][safepoint     ] Application time: 0.3529130 seconds
[2023-11-13T02:27:10.830+0000][20.745s][debug][safepoint     ] Waiting for 1 thread(s) to block
[2023-11-13T02:27:10.830+0000][20.745s][info ][safepoint     ] Entering safepoint region: ICBufferFull
[2023-11-13T02:27:10.834+0000][20.750s][info ][safepoint     ] Leaving safepoint region
[2023-11-13T02:27:10.834+0000][20.750s][info ][safepoint     ] Total time for which application threads were stopped: 0.0048476 seconds, Stopping threads took: 0.0000613 seconds
[2023-11-13T02:27:10.978+0000][20.893s][debug][safepoint     ] Safepoint synchronization initiated. (16 threads)
[2023-11-13T02:27:10.978+0000][20.894s][info ][safepoint     ] Application time: 0.1432771 seconds
[2023-11-13T02:27:10.978+0000][20.894s][info ][safepoint     ] Entering safepoint region: ICBufferFull
[2023-11-13T02:27:10.978+0000][20.894s][info ][safepoint     ] Leaving safepoint region
[2023-11-13T02:27:10.978+0000][20.894s][info ][safepoint     ] Total time for which application threads were stopped: 0.0002565 seconds, Stopping threads took: 0.0000290 seconds
[2023-11-13T02:27:11.085+0000][21.001s][debug][safepoint     ] Safepoint synchronization initiated. (16 threads)
[2023-11-13T02:27:11.085+0000][21.001s][info ][safepoint     ] Application time: 0.1067257 seconds
[2023-11-13T02:27:11.085+0000][21.001s][info ][safepoint     ] Entering safepoint region: ICBufferFull
[2023-11-13T02:27:11.085+0000][21.001s][info ][safepoint     ] Leaving safepoint region
[2023-11-13T02:27:11.085+0000][21.001s][info ][safepoint     ] Total time for which application threads were stopped: 0.0002561 seconds, Stopping threads took: 0.0000203 seconds
[2023-11-13T02:27:11.222+0000][21.138s][debug][safepoint     ] Safepoint synchronization initiated. (16 threads)
[2023-11-13T02:27:11.222+0000][21.138s][info ][safepoint     ] Application time: 0.1374001 seconds
[2023-11-13T02:27:11.222+0000][21.138s][debug][safepoint     ] Waiting for 1 thread(s) to block
[2023-11-13T02:27:11.222+0000][21.138s][info ][safepoint     ] Entering safepoint region: ICBufferFull
[2023-11-13T02:27:11.223+0000][21.139s][info ][safepoint     ] Leaving safepoint region
[2023-11-13T02:27:11.223+0000][21.139s][info ][safepoint     ] Total time for which application threads were stopped: 0.0002898 seconds, Stopping threads took: 0.0000527 seconds
[2023-11-13T02:27:11.399+0000][21.314s][debug][safepoint     ] Safepoint synchronization initiated. (16 threads)
[2023-11-13T02:27:11.399+0000][21.315s][info ][safepoint     ] Application time: 0.1759110 seconds
[2023-11-13T02:27:11.399+0000][21.315s][debug][safepoint     ] Waiting for 1 thread(s) to block
[2023-11-13T02:27:11.399+0000][21.315s][info ][safepoint     ] Entering safepoint region: ICBufferFull
[2023-11-13T02:27:11.399+0000][21.315s][info ][safepoint     ] Leaving safepoint region
[2023-11-13T02:27:11.399+0000][21.315s][info ][safepoint     ] Total time for which application threads were stopped: 0.0002567 seconds, Stopping threads took: 0.0000532 seconds
[2023-11-13T02:27:11.895+0000][21.811s][debug][safepoint     ] Safepoint synchronization initiated. (16 threads)
[2023-11-13T02:27:11.895+0000][21.811s][info ][safepoint     ] Application time: 0.4959732 seconds
[2023-11-13T02:27:11.895+0000][21.811s][debug][safepoint     ] Waiting for 1 thread(s) to block
[2023-11-13T02:27:11.895+0000][21.811s][info ][safepoint     ] Entering safepoint region: ICBufferFull
[2023-11-13T02:27:11.895+0000][21.811s][info ][safepoint     ] Leaving safepoint region
[2023-11-13T02:27:11.895+0000][21.811s][info ][safepoint     ] Total time for which application threads were stopped: 0.0002554 seconds, Stopping threads took: 0.0000541 seconds
[2023-11-13T02:27:12.165+0000][22.081s][debug][safepoint     ] Safepoint synchronization initiated. (16 threads)
[2023-11-13T02:27:12.165+0000][22.081s][info ][safepoint     ] Application time: 0.2702424 seconds
[2023-11-13T02:27:12.165+0000][22.081s][debug][safepoint     ] Waiting for 1 thread(s) to block
[2023-11-13T02:27:12.166+0000][22.081s][info ][safepoint     ] Entering safepoint region: ICBufferFull
[2023-11-13T02:27:12.166+0000][22.082s][info ][safepoint     ] Leaving safepoint region
[2023-11-13T02:27:12.166+0000][22.082s][info ][safepoint     ] Total time for which application threads were stopped: 0.0002547 seconds, Stopping threads took: 0.0000553 seconds
[2023-11-13T02:27:12.172+0000][22.088s][debug][safepoint     ] Safepoint synchronization initiated. (16 threads)
[2023-11-13T02:27:12.172+0000][22.088s][info ][safepoint     ] Application time: 0.0065599 seconds
[2023-11-13T02:27:12.172+0000][22.088s][debug][safepoint     ] Waiting for 1 thread(s) to block
[2023-11-13T02:27:12.172+0000][22.088s][info ][safepoint     ] Entering safepoint region: Deoptimize
[2023-11-13T02:27:12.173+0000][22.089s][info ][safepoint     ] Leaving safepoint region
[2023-11-13T02:27:12.173+0000][22.089s][info ][safepoint     ] Total time for which application threads were stopped: 0.0011761 seconds, Stopping threads took: 0.0000522 seconds
[2023-11-13T02:27:12.175+0000][22.090s][debug][safepoint     ] Safepoint synchronization initiated. (16 threads)
[2023-11-13T02:27:12.175+0000][22.090s][info ][safepoint     ] Application time: 0.0010519 seconds
[2023-11-13T02:27:12.175+0000][22.090s][debug][safepoint     ] Waiting for 1 thread(s) to block
[2023-11-13T02:27:12.175+0000][22.090s][info ][safepoint     ] Entering safepoint region: Deoptimize
[2023-11-13T02:27:12.175+0000][22.091s][info ][safepoint     ] Leaving safepoint region
[2023-11-13T02:27:12.175+0000][22.091s][info ][safepoint     ] Total time for which application threads were stopped: 0.0005410 seconds, Stopping threads took: 0.0000487 seconds
[2023-11-13T02:27:12.474+0000][22.390s][debug][safepoint     ] Safepoint synchronization initiated. (16 threads)
[2023-11-13T02:27:12.474+0000][22.390s][info ][safepoint     ] Application time: 0.2992153 seconds
[2023-11-13T02:27:12.474+0000][22.390s][info ][safepoint     ] Entering safepoint region: G1CollectForAllocation
[2023-11-13T02:27:12.475+0000][22.391s][info ][gc,start      ] GC(21) Pause Young (Normal) (G1 Evacuation Pause)
[2023-11-13T02:27:12.475+0000][22.391s][info ][gc,task       ] GC(21) Using 6 workers of 6 for evacuation
[2023-11-13T02:27:12.502+0000][22.418s][info ][gc,phases     ] GC(21)   Pre Evacuate Collection Set: 0.0ms
[2023-11-13T02:27:12.502+0000][22.418s][info ][gc,phases     ] GC(21)   Evacuate Collection Set: 24.3ms
[2023-11-13T02:27:12.502+0000][22.418s][info ][gc,phases     ] GC(21)   Post Evacuate Collection Set: 2.7ms
[2023-11-13T02:27:12.502+0000][22.418s][info ][gc,phases     ] GC(21)   Other: 0.2ms
[2023-11-13T02:27:12.502+0000][22.418s][info ][gc,heap       ] GC(21) Eden regions: 323->0(322)
[2023-11-13T02:27:12.502+0000][22.418s][info ][gc,heap       ] GC(21) Survivor regions: 21->22(43)
[2023-11-13T02:27:12.502+0000][22.418s][info ][gc,heap       ] GC(21) Old regions: 25->25
[2023-11-13T02:27:12.502+0000][22.418s][info ][gc,heap       ] GC(21) Humongous regions: 0->0
[2023-11-13T02:27:12.502+0000][22.418s][info ][gc,metaspace  ] GC(21) Metaspace: 73409K(75392K)->73409K(75392K) NonClass: 64027K(65280K)->64027K(65280K) Class: 9382K(10112K)->9382K(10112K)
[2023-11-13T02:27:12.502+0000][22.418s][info ][gc            ] GC(21) Pause Young (Normal) (G1 Evacuation Pause) 366M->45M(574M) 27.467ms
[2023-11-13T02:27:12.502+0000][22.418s][info ][gc,cpu        ] GC(21) User=0.11s Sys=0.01s Real=0.02s
[2023-11-13T02:27:12.502+0000][22.418s][info ][safepoint     ] Leaving safepoint region
[2023-11-13T02:27:12.502+0000][22.418s][info ][safepoint     ] Total time for which application threads were stopped: 0.0278290 seconds, Stopping threads took: 0.0000199 seconds
[2023-11-13T02:27:12.502+0000][22.418s][info ][gc,stringdedup] Concurrent String Deduplication (22.418s)
[2023-11-13T02:27:12.503+0000][22.419s][info ][gc,stringdedup] Concurrent String Deduplication 62000.0B->17240.0B(44760.0B) avg 44.3% (22.418s, 22.419s) 0.499ms
[2023-11-13T02:27:12.593+0000][22.508s][debug][safepoint     ] Safepoint synchronization initiated. (16 threads)
[2023-11-13T02:27:12.593+0000][22.509s][info ][safepoint     ] Application time: 0.0904838 seconds
[2023-11-13T02:27:12.593+0000][22.509s][info ][safepoint     ] Entering safepoint region: Deoptimize
[2023-11-13T02:27:12.599+0000][22.515s][info ][safepoint     ] Leaving safepoint region
[2023-11-13T02:27:12.599+0000][22.515s][info ][safepoint     ] Total time for which application threads were stopped: 0.0062758 seconds, Stopping threads took: 0.0000192 seconds
[2023-11-13T02:27:12.853+0000][22.769s][debug][safepoint     ] Safepoint synchronization initiated. (16 threads)
[2023-11-13T02:27:12.853+0000][22.769s][info ][safepoint     ] Application time: 0.2544395 seconds
[2023-11-13T02:27:12.853+0000][22.769s][info ][safepoint     ] Entering safepoint region: Deoptimize
[2023-11-13T02:27:12.855+0000][22.771s][info ][safepoint     ] Leaving safepoint region
[2023-11-13T02:27:12.855+0000][22.771s][info ][safepoint     ] Total time for which application threads were stopped: 0.0014255 seconds, Stopping threads took: 0.0000206 seconds
[2023-11-13T02:27:13.010+0000][22.926s][debug][safepoint     ] Safepoint synchronization initiated. (16 threads)
[2023-11-13T02:27:13.010+0000][22.926s][info ][safepoint     ] Application time: 0.1554177 seconds
[2023-11-13T02:27:13.010+0000][22.926s][info ][safepoint     ] Entering safepoint region: Deoptimize
[2023-11-13T02:27:13.011+0000][22.927s][info ][safepoint     ] Leaving safepoint region
[2023-11-13T02:27:13.011+0000][22.927s][info ][safepoint     ] Total time for which application threads were stopped: 0.0011058 seconds, Stopping threads took: 0.0000185 seconds
[2023-11-13T02:27:13.342+0000][23.258s][debug][safepoint     ] Safepoint synchronization initiated. (16 threads)
[2023-11-13T02:27:13.342+0000][23.258s][info ][safepoint     ] Application time: 0.3305783 seconds
[2023-11-13T02:27:13.342+0000][23.258s][info ][safepoint     ] Entering safepoint region: ICBufferFull
[2023-11-13T02:27:13.346+0000][23.262s][info ][safepoint     ] Leaving safepoint region
[2023-11-13T02:27:13.346+0000][23.262s][info ][safepoint     ] Total time for which application threads were stopped: 0.0039731 seconds, Stopping threads took: 0.0000198 seconds
[2023-11-13T02:27:14.213+0000][24.129s][debug][safepoint     ] Safepoint synchronization initiated. (16 threads)
[2023-11-13T02:27:14.213+0000][24.129s][info ][safepoint     ] Application time: 0.8668144 seconds
[2023-11-13T02:27:14.213+0000][24.129s][info ][safepoint     ] Entering safepoint region: ICBufferFull
[2023-11-13T02:27:14.213+0000][24.129s][info ][safepoint     ] Leaving safepoint region
[2023-11-13T02:27:14.214+0000][24.129s][info ][safepoint     ] Total time for which application threads were stopped: 0.0006015 seconds, Stopping threads took: 0.0000235 seconds
[2023-11-13T02:27:14.705+0000][24.621s][debug][safepoint     ] Safepoint synchronization initiated. (16 threads)
[2023-11-13T02:27:14.706+0000][24.621s][info ][safepoint     ] Application time: 0.4918295 seconds
[2023-11-13T02:27:14.706+0000][24.622s][debug][safepoint     ] Waiting for 1 thread(s) to block
[2023-11-13T02:27:14.706+0000][24.622s][info ][safepoint     ] Entering safepoint region: ICBufferFull
[2023-11-13T02:27:14.707+0000][24.622s][info ][safepoint     ] Leaving safepoint region
[2023-11-13T02:27:14.707+0000][24.623s][info ][safepoint     ] Total time for which application threads were stopped: 0.0009631 seconds, Stopping threads took: 0.0005528 seconds
[2023-11-13T02:27:15.020+0000][24.936s][debug][safepoint     ] Safepoint synchronization initiated. (16 threads)
[2023-11-13T02:27:15.020+0000][24.936s][info ][safepoint     ] Application time: 0.3132650 seconds
[2023-11-13T02:27:15.020+0000][24.936s][debug][safepoint     ] Waiting for 2 thread(s) to block
[2023-11-13T02:27:15.024+0000][24.940s][info ][safepoint     ] Entering safepoint region: G1CollectForAllocation
[2023-11-13T02:27:15.025+0000][24.941s][info ][gc,start      ] GC(22) Pause Young (Normal) (G1 Evacuation Pause)
[2023-11-13T02:27:15.025+0000][24.941s][info ][gc,task       ] GC(22) Using 6 workers of 6 for evacuation
[2023-11-13T02:27:15.069+0000][24.985s][info ][gc,phases     ] GC(22)   Pre Evacuate Collection Set: 0.0ms
[2023-11-13T02:27:15.069+0000][24.985s][info ][gc,phases     ] GC(22)   Evacuate Collection Set: 26.9ms
[2023-11-13T02:27:15.070+0000][24.986s][info ][gc,phases     ] GC(22)   Post Evacuate Collection Set: 17.0ms
[2023-11-13T02:27:15.070+0000][24.986s][info ][gc,phases     ] GC(22)   Other: 0.6ms
[2023-11-13T02:27:15.070+0000][24.986s][info ][gc,heap       ] GC(22) Eden regions: 322->0(316)
[2023-11-13T02:27:15.070+0000][24.986s][info ][gc,heap       ] GC(22) Survivor regions: 22->28(43)
[2023-11-13T02:27:15.070+0000][24.986s][info ][gc,heap       ] GC(22) Old regions: 25->26
[2023-11-13T02:27:15.070+0000][24.986s][info ][gc,heap       ] GC(22) Humongous regions: 0->0
[2023-11-13T02:27:15.070+0000][24.986s][info ][gc,metaspace  ] GC(22) Metaspace: 78938K(81024K)->78938K(81024K) NonClass: 69048K(70400K)->69048K(70400K) Class: 9889K(10624K)->9889K(10624K)
[2023-11-13T02:27:15.070+0000][24.986s][info ][gc            ] GC(22) Pause Young (Normal) (G1 Evacuation Pause) 367M->52M(574M) 45.706ms
[2023-11-13T02:27:15.070+0000][24.986s][info ][gc,cpu        ] GC(22) User=0.14s Sys=0.01s Real=0.05s
[2023-11-13T02:27:15.070+0000][24.986s][info ][safepoint     ] Leaving safepoint region
[2023-11-13T02:27:15.070+0000][24.986s][info ][safepoint     ] Total time for which application threads were stopped: 0.0500611 seconds, Stopping threads took: 0.0040853 seconds
[2023-11-13T02:27:15.075+0000][24.991s][info ][gc,stringdedup] Concurrent String Deduplication (24.991s)
[2023-11-13T02:27:15.091+0000][25.007s][info ][gc,stringdedup] Concurrent String Deduplication 347.0K->100128.0B(249.2K) avg 45.3% (24.991s, 25.007s) 16.018ms
[2023-11-13T02:27:15.737+0000][25.653s][debug][safepoint     ] Safepoint synchronization initiated. (16 threads)
[2023-11-13T02:27:15.737+0000][25.653s][info ][safepoint     ] Application time: 0.6662160 seconds
[2023-11-13T02:27:15.737+0000][25.653s][info ][safepoint     ] Entering safepoint region: ICBufferFull
[2023-11-13T02:27:15.737+0000][25.653s][info ][safepoint     ] Leaving safepoint region
[2023-11-13T02:27:15.737+0000][25.653s][info ][safepoint     ] Total time for which application threads were stopped: 0.0002334 seconds, Stopping threads took: 0.0000191 seconds
[2023-11-13T02:27:16.065+0000][25.981s][debug][safepoint     ] Safepoint synchronization initiated. (16 threads)
[2023-11-13T02:27:16.066+0000][25.981s][info ][safepoint     ] Application time: 0.3286278 seconds
[2023-11-13T02:27:16.066+0000][25.982s][debug][safepoint     ] ... found polling page return exception at pc = 0x00007f76a04c6234, stub =0x00007f7698841800
[2023-11-13T02:27:16.066+0000][25.982s][debug][safepoint     ] Waiting for 1 thread(s) to block
[2023-11-13T02:27:16.066+0000][25.982s][info ][safepoint     ] Entering safepoint region: ICBufferFull
[2023-11-13T02:27:16.067+0000][25.983s][info ][safepoint     ] Leaving safepoint region
[2023-11-13T02:27:16.067+0000][25.983s][info ][safepoint     ] Total time for which application threads were stopped: 0.0012263 seconds, Stopping threads took: 0.0007562 seconds
[2023-11-13T02:27:16.083+0000][25.999s][debug][safepoint     ] Safepoint synchronization initiated. (16 threads)
[2023-11-13T02:27:16.084+0000][25.999s][info ][safepoint     ] Application time: 0.0163063 seconds
[2023-11-13T02:27:16.084+0000][26.000s][debug][safepoint     ] ... found polling page return exception at pc = 0x00007f76a09c3e44, stub =0x00007f7698841800
[2023-11-13T02:27:16.084+0000][26.000s][debug][safepoint     ] Waiting for 2 thread(s) to block
[2023-11-13T02:27:16.084+0000][26.000s][info ][safepoint     ] Entering safepoint region: ICBufferFull
[2023-11-13T02:27:16.085+0000][26.001s][info ][safepoint     ] Leaving safepoint region
[2023-11-13T02:27:16.085+0000][26.001s][info ][safepoint     ] Total time for which application threads were stopped: 0.0008881 seconds, Stopping threads took: 0.0005800 seconds
[2023-11-13T02:27:16.106+0000][26.021s][debug][safepoint     ] Safepoint synchronization initiated. (16 threads)
[2023-11-13T02:27:16.106+0000][26.022s][info ][safepoint     ] Application time: 0.0211565 seconds
[2023-11-13T02:27:16.106+0000][26.022s][info ][safepoint     ] Entering safepoint region: Deoptimize
[2023-11-13T02:27:16.108+0000][26.023s][info ][safepoint     ] Leaving safepoint region
[2023-11-13T02:27:16.108+0000][26.024s][info ][safepoint     ] Total time for which application threads were stopped: 0.0017224 seconds, Stopping threads took: 0.0002271 seconds
[2023-11-13T02:27:16.430+0000][26.346s][debug][safepoint     ] Safepoint synchronization initiated. (16 threads)
[2023-11-13T02:27:16.430+0000][26.346s][info ][safepoint     ] Application time: 0.3224513 seconds
[2023-11-13T02:27:16.430+0000][26.346s][debug][safepoint     ] Waiting for 1 thread(s) to block
[2023-11-13T02:27:16.431+0000][26.346s][info ][safepoint     ] Entering safepoint region: ICBufferFull
[2023-11-13T02:27:16.431+0000][26.347s][info ][safepoint     ] Leaving safepoint region
[2023-11-13T02:27:16.431+0000][26.347s][info ][safepoint     ] Total time for which application threads were stopped: 0.0004200 seconds, Stopping threads took: 0.0000557 seconds
[2023-11-13T02:27:17.176+0000][27.092s][debug][safepoint     ] Safepoint synchronization initiated. (20 threads)
[2023-11-13T02:27:17.176+0000][27.092s][info ][safepoint     ] Application time: 0.7455582 seconds
[2023-11-13T02:27:17.177+0000][27.093s][debug][safepoint     ] Waiting for 1 thread(s) to block
[2023-11-13T02:27:17.177+0000][27.093s][info ][safepoint     ] Entering safepoint region: ICBufferFull
[2023-11-13T02:27:17.177+0000][27.093s][info ][safepoint     ] Leaving safepoint region
[2023-11-13T02:27:17.178+0000][27.093s][info ][safepoint     ] Total time for which application threads were stopped: 0.0008802 seconds, Stopping threads took: 0.0004318 seconds
[2023-11-13T02:27:17.308+0000][27.224s][debug][safepoint     ] Safepoint synchronization initiated. (20 threads)
[2023-11-13T02:27:17.309+0000][27.225s][info ][safepoint     ] Application time: 0.1311633 seconds
[2023-11-13T02:27:17.309+0000][27.225s][debug][safepoint     ] Waiting for 1 thread(s) to block
[2023-11-13T02:27:17.309+0000][27.225s][info ][safepoint     ] Entering safepoint region: G1CollectForAllocation
[2023-11-13T02:27:17.309+0000][27.225s][info ][gc,start      ] GC(23) Pause Young (Normal) (G1 Evacuation Pause)
[2023-11-13T02:27:17.309+0000][27.225s][info ][gc,task       ] GC(23) Using 6 workers of 6 for evacuation
[2023-11-13T02:27:17.343+0000][27.259s][info ][gc,phases     ] GC(23)   Pre Evacuate Collection Set: 0.0ms
[2023-11-13T02:27:17.343+0000][27.259s][info ][gc,phases     ] GC(23)   Evacuate Collection Set: 31.2ms
[2023-11-13T02:27:17.344+0000][27.260s][info ][gc,phases     ] GC(23)   Post Evacuate Collection Set: 2.6ms
[2023-11-13T02:27:17.344+0000][27.260s][info ][gc,phases     ] GC(23)   Other: 0.2ms
[2023-11-13T02:27:17.344+0000][27.260s][info ][gc,heap       ] GC(23) Eden regions: 316->0(313)
[2023-11-13T02:27:17.344+0000][27.260s][info ][gc,heap       ] GC(23) Survivor regions: 28->31(43)
[2023-11-13T02:27:17.344+0000][27.260s][info ][gc,heap       ] GC(23) Old regions: 26->32
[2023-11-13T02:27:17.345+0000][27.261s][info ][gc,heap       ] GC(23) Humongous regions: 0->0
[2023-11-13T02:27:17.345+0000][27.261s][info ][gc,metaspace  ] GC(23) Metaspace: 82664K(85120K)->82664K(85120K) NonClass: 72377K(73984K)->72377K(73984K) Class: 10286K(11136K)->10286K(11136K)
[2023-11-13T02:27:17.345+0000][27.261s][info ][gc            ] GC(23) Pause Young (Normal) (G1 Evacuation Pause) 368M->60M(574M) 35.921ms
[2023-11-13T02:27:17.345+0000][27.261s][info ][gc,cpu        ] GC(23) User=0.14s Sys=0.00s Real=0.03s
[2023-11-13T02:27:17.346+0000][27.261s][info ][safepoint     ] Leaving safepoint region
[2023-11-13T02:27:17.346+0000][27.262s][info ][safepoint     ] Total time for which application threads were stopped: 0.0367466 seconds, Stopping threads took: 0.0000573 seconds
[2023-11-13T02:27:17.346+0000][27.262s][info ][gc,stringdedup] Concurrent String Deduplication (27.262s)
[2023-11-13T02:27:17.351+0000][27.267s][info ][gc,stringdedup] Concurrent String Deduplication 320.5K->195.3K(125.2K) avg 45.1% (27.262s, 27.267s) 4.706ms
[2023-11-13T02:27:18.194+0000][28.110s][debug][safepoint     ] Safepoint synchronization initiated. (20 threads)
[2023-11-13T02:27:18.194+0000][28.110s][info ][safepoint     ] Application time: 0.8484678 seconds
[2023-11-13T02:27:18.195+0000][28.110s][debug][safepoint     ] Waiting for 1 thread(s) to block
[2023-11-13T02:27:18.195+0000][28.111s][info ][safepoint     ] Entering safepoint region: Deoptimize
[2023-11-13T02:27:18.197+0000][28.112s][info ][safepoint     ] Leaving safepoint region
[2023-11-13T02:27:18.197+0000][28.113s][info ][safepoint     ] Total time for which application threads were stopped: 0.0022169 seconds, Stopping threads took: 0.0004805 seconds
[2023-11-13T02:27:18.582+0000][28.498s][debug][safepoint     ] Safepoint synchronization initiated. (20 threads)
[2023-11-13T02:27:18.582+0000][28.498s][info ][safepoint     ] Application time: 0.3852537 seconds
[2023-11-13T02:27:18.582+0000][28.498s][debug][safepoint     ] Waiting for 1 thread(s) to block
[2023-11-13T02:27:18.582+0000][28.498s][info ][safepoint     ] Entering safepoint region: Deoptimize
[2023-11-13T02:27:18.584+0000][28.500s][info ][safepoint     ] Leaving safepoint region
[2023-11-13T02:27:18.584+0000][28.500s][info ][safepoint     ] Total time for which application threads were stopped: 0.0014472 seconds, Stopping threads took: 0.0000541 seconds
[2023-11-13T02:27:18.728+0000][28.643s][debug][safepoint     ] Safepoint synchronization initiated. (21 threads)
[2023-11-13T02:27:18.728+0000][28.643s][info ][safepoint     ] Application time: 0.1438228 seconds
[2023-11-13T02:27:18.728+0000][28.643s][debug][safepoint     ] Waiting for 1 thread(s) to block
[2023-11-13T02:27:18.728+0000][28.643s][info ][safepoint     ] Entering safepoint region: Deoptimize
[2023-11-13T02:27:18.729+0000][28.645s][info ][safepoint     ] Leaving safepoint region
[2023-11-13T02:27:18.729+0000][28.645s][info ][safepoint     ] Total time for which application threads were stopped: 0.0015188 seconds, Stopping threads took: 0.0000580 seconds
[2023-11-13T02:27:19.284+0000][29.200s][debug][safepoint     ] Safepoint synchronization initiated. (23 threads)
[2023-11-13T02:27:19.284+0000][29.200s][info ][safepoint     ] Application time: 0.5553651 seconds
[2023-11-13T02:27:19.285+0000][29.200s][debug][safepoint     ] Waiting for 1 thread(s) to block
[2023-11-13T02:27:19.285+0000][29.200s][info ][safepoint     ] Entering safepoint region: G1CollectForAllocation
[2023-11-13T02:27:19.285+0000][29.201s][info ][gc,start      ] GC(24) Pause Young (Normal) (G1 Evacuation Pause)
[2023-11-13T02:27:19.285+0000][29.201s][info ][gc,task       ] GC(24) Using 6 workers of 6 for evacuation
[2023-11-13T02:27:19.332+0000][29.248s][info ][gc,phases     ] GC(24)   Pre Evacuate Collection Set: 0.0ms
[2023-11-13T02:27:19.332+0000][29.248s][info ][gc,phases     ] GC(24)   Evacuate Collection Set: 40.3ms
[2023-11-13T02:27:19.332+0000][29.248s][info ][gc,phases     ] GC(24)   Post Evacuate Collection Set: 6.9ms
[2023-11-13T02:27:19.332+0000][29.248s][info ][gc,phases     ] GC(24)   Other: 0.2ms
[2023-11-13T02:27:19.332+0000][29.248s][info ][gc,heap       ] GC(24) Eden regions: 313->0(317)
[2023-11-13T02:27:19.332+0000][29.248s][info ][gc,heap       ] GC(24) Survivor regions: 31->27(43)
[2023-11-13T02:27:19.332+0000][29.248s][info ][gc,heap       ] GC(24) Old regions: 32->43
[2023-11-13T02:27:19.332+0000][29.248s][info ][gc,heap       ] GC(24) Humongous regions: 0->0
[2023-11-13T02:27:19.332+0000][29.248s][info ][gc,metaspace  ] GC(24) Metaspace: 88626K(91264K)->88626K(91264K) NonClass: 77631K(79360K)->77631K(79360K) Class: 10994K(11904K)->10994K(11904K)
[2023-11-13T02:27:19.333+0000][29.248s][info ][gc            ] GC(24) Pause Young (Normal) (G1 Evacuation Pause) 373M->67M(574M) 47.720ms
[2023-11-13T02:27:19.333+0000][29.248s][info ][gc,cpu        ] GC(24) User=0.17s Sys=0.01s Real=0.05s
[2023-11-13T02:27:19.333+0000][29.248s][info ][safepoint     ] Leaving safepoint region
[2023-11-13T02:27:19.333+0000][29.248s][info ][safepoint     ] Total time for which application threads were stopped: 0.0480689 seconds, Stopping threads took: 0.0000831 seconds
[2023-11-13T02:27:19.334+0000][29.250s][info ][gc,stringdedup] Concurrent String Deduplication (29.250s)
[2023-11-13T02:27:19.339+0000][29.255s][info ][gc,stringdedup] Concurrent String Deduplication 595.5K->151.3K(444.2K) avg 46.7% (29.250s, 29.255s) 4.454ms
[2023-11-13T02:27:19.756+0000][29.671s][debug][safepoint     ] Safepoint synchronization initiated. (23 threads)
[2023-11-13T02:27:19.756+0000][29.672s][info ][safepoint     ] Application time: 0.4230958 seconds
[2023-11-13T02:27:19.756+0000][29.672s][debug][safepoint     ] Waiting for 1 thread(s) to block
[2023-11-13T02:27:19.756+0000][29.672s][info ][safepoint     ] Entering safepoint region: Deoptimize
[2023-11-13T02:27:19.757+0000][29.673s][info ][safepoint     ] Leaving safepoint region
[2023-11-13T02:27:19.757+0000][29.673s][info ][safepoint     ] Total time for which application threads were stopped: 0.0014530 seconds, Stopping threads took: 0.0000546 seconds
[2023-11-13T02:27:19.822+0000][29.738s][debug][safepoint     ] Safepoint synchronization initiated. (23 threads)
[2023-11-13T02:27:19.822+0000][29.738s][info ][safepoint     ] Application time: 0.0650452 seconds
[2023-11-13T02:27:19.822+0000][29.738s][debug][safepoint     ] Waiting for 1 thread(s) to block
[2023-11-13T02:27:19.822+0000][29.738s][info ][safepoint     ] Entering safepoint region: Deoptimize
[2023-11-13T02:27:19.824+0000][29.740s][info ][safepoint     ] Leaving safepoint region
[2023-11-13T02:27:19.824+0000][29.740s][info ][safepoint     ] Total time for which application threads were stopped: 0.0014328 seconds, Stopping threads took: 0.0000563 seconds
[2023-11-13T02:27:19.874+0000][29.790s][debug][safepoint     ] Safepoint synchronization initiated. (23 threads)
[2023-11-13T02:27:19.874+0000][29.790s][info ][safepoint     ] Application time: 0.0505307 seconds
[2023-11-13T02:27:19.874+0000][29.790s][debug][safepoint     ] Waiting for 1 thread(s) to block
[2023-11-13T02:27:19.874+0000][29.790s][info ][safepoint     ] Entering safepoint region: Deoptimize
[2023-11-13T02:27:19.876+0000][29.791s][info ][safepoint     ] Leaving safepoint region
[2023-11-13T02:27:19.876+0000][29.791s][info ][safepoint     ] Total time for which application threads were stopped: 0.0013765 seconds, Stopping threads took: 0.0000540 seconds
[2023-11-13T02:27:19.885+0000][29.801s][debug][safepoint     ] Safepoint synchronization initiated. (23 threads)
[2023-11-13T02:27:19.885+0000][29.801s][info ][safepoint     ] Application time: 0.0096739 seconds
[2023-11-13T02:27:19.885+0000][29.801s][debug][safepoint     ] Waiting for 1 thread(s) to block
[2023-11-13T02:27:19.885+0000][29.801s][info ][safepoint     ] Entering safepoint region: Deoptimize
[2023-11-13T02:27:19.886+0000][29.802s][info ][safepoint     ] Leaving safepoint region
[2023-11-13T02:27:19.886+0000][29.802s][info ][safepoint     ] Total time for which application threads were stopped: 0.0010604 seconds, Stopping threads took: 0.0000505 seconds
[2023-11-13T02:27:19.938+0000][29.854s][debug][safepoint     ] Safepoint synchronization initiated. (23 threads)
[2023-11-13T02:27:19.938+0000][29.854s][info ][safepoint     ] Application time: 0.0513363 seconds
[2023-11-13T02:27:19.938+0000][29.854s][debug][safepoint     ] Waiting for 1 thread(s) to block
[2023-11-13T02:27:19.938+0000][29.854s][info ][safepoint     ] Entering safepoint region: Deoptimize
[2023-11-13T02:27:19.939+0000][29.855s][info ][safepoint     ] Leaving safepoint region
[2023-11-13T02:27:19.939+0000][29.855s][info ][safepoint     ] Total time for which application threads were stopped: 0.0014307 seconds, Stopping threads took: 0.0000527 seconds
[2023-11-13T02:27:20.403+0000][30.319s][debug][safepoint     ] Safepoint synchronization initiated. (26 threads)
[2023-11-13T02:27:20.403+0000][30.319s][info ][safepoint     ] Application time: 0.4638222 seconds
[2023-11-13T02:27:20.403+0000][30.319s][debug][safepoint     ] Waiting for 1 thread(s) to block
[2023-11-13T02:27:20.403+0000][30.319s][info ][safepoint     ] Entering safepoint region: ICBufferFull
[2023-11-13T02:27:20.403+0000][30.319s][info ][safepoint     ] Leaving safepoint region
[2023-11-13T02:27:20.403+0000][30.319s][info ][safepoint     ] Total time for which application threads were stopped: 0.0002769 seconds, Stopping threads took: 0.0000570 seconds
[2023-11-13T02:27:20.657+0000][30.573s][debug][safepoint     ] Safepoint synchronization initiated. (32 threads)
[2023-11-13T02:27:20.657+0000][30.573s][info ][safepoint     ] Application time: 0.2539786 seconds
[2023-11-13T02:27:20.657+0000][30.573s][debug][safepoint     ] Waiting for 1 thread(s) to block
[2023-11-13T02:27:20.657+0000][30.573s][info ][safepoint     ] Entering safepoint region: ICBufferFull
[2023-11-13T02:27:20.658+0000][30.573s][info ][safepoint     ] Leaving safepoint region
[2023-11-13T02:27:20.658+0000][30.574s][info ][safepoint     ] Total time for which application threads were stopped: 0.0003188 seconds, Stopping threads took: 0.0000699 seconds
[2023-11-13T02:27:20.823+0000][30.738s][debug][safepoint     ] Safepoint synchronization initiated. (33 threads)
[2023-11-13T02:27:20.823+0000][30.739s][info ][safepoint     ] Application time: 0.1649987 seconds
[2023-11-13T02:27:20.823+0000][30.739s][debug][safepoint     ] Waiting for 1 thread(s) to block
[2023-11-13T02:27:20.823+0000][30.739s][info ][safepoint     ] Entering safepoint region: Deoptimize
[2023-11-13T02:27:20.824+0000][30.740s][info ][safepoint     ] Leaving safepoint region
[2023-11-13T02:27:20.824+0000][30.740s][info ][safepoint     ] Total time for which application threads were stopped: 0.0016944 seconds, Stopping threads took: 0.0000602 seconds
[2023-11-13T02:27:20.927+0000][30.843s][debug][safepoint     ] Safepoint synchronization initiated. (33 threads)
[2023-11-13T02:27:20.927+0000][30.843s][info ][safepoint     ] Application time: 0.1024873 seconds
[2023-11-13T02:27:20.927+0000][30.843s][info ][safepoint     ] Entering safepoint region: Deoptimize
[2023-11-13T02:27:20.928+0000][30.844s][info ][safepoint     ] Leaving safepoint region
[2023-11-13T02:27:20.928+0000][30.844s][info ][safepoint     ] Total time for which application threads were stopped: 0.0014899 seconds, Stopping threads took: 0.0000235 seconds
[2023-11-13T02:27:21.099+0000][31.015s][debug][safepoint     ] Safepoint synchronization initiated. (33 threads)
[2023-11-13T02:27:21.099+0000][31.015s][info ][safepoint     ] Application time: 0.1707505 seconds
[2023-11-13T02:27:21.099+0000][31.015s][debug][safepoint     ] Waiting for 1 thread(s) to block
[2023-11-13T02:27:21.100+0000][31.016s][info ][safepoint     ] Entering safepoint region: G1CollectForAllocation
[2023-11-13T02:27:21.100+0000][31.016s][info ][gc,start      ] GC(25) Pause Young (Normal) (G1 Evacuation Pause)
[2023-11-13T02:27:21.100+0000][31.016s][info ][gc,task       ] GC(25) Using 6 workers of 6 for evacuation
[2023-11-13T02:27:21.147+0000][31.063s][info ][gc,phases     ] GC(25)   Pre Evacuate Collection Set: 0.0ms
[2023-11-13T02:27:21.147+0000][31.063s][info ][gc,phases     ] GC(25)   Evacuate Collection Set: 42.1ms
[2023-11-13T02:27:21.147+0000][31.063s][info ][gc,phases     ] GC(25)   Post Evacuate Collection Set: 4.9ms
[2023-11-13T02:27:21.147+0000][31.063s][info ][gc,phases     ] GC(25)   Other: 0.2ms
[2023-11-13T02:27:21.147+0000][31.063s][info ][gc,heap       ] GC(25) Eden regions: 317->0(320)
[2023-11-13T02:27:21.147+0000][31.063s][info ][gc,heap       ] GC(25) Survivor regions: 27->24(43)
[2023-11-13T02:27:21.147+0000][31.063s][info ][gc,heap       ] GC(25) Old regions: 43->53
[2023-11-13T02:27:21.147+0000][31.063s][info ][gc,heap       ] GC(25) Humongous regions: 0->0
[2023-11-13T02:27:21.147+0000][31.063s][info ][gc,metaspace  ] GC(25) Metaspace: 94763K(97792K)->94763K(97792K) NonClass: 83069K(84992K)->83069K(84992K) Class: 11694K(12800K)->11694K(12800K)
[2023-11-13T02:27:21.147+0000][31.063s][info ][gc            ] GC(25) Pause Young (Normal) (G1 Evacuation Pause) 384M->74M(574M) 47.530ms
[2023-11-13T02:27:21.147+0000][31.063s][info ][gc,cpu        ] GC(25) User=0.19s Sys=0.02s Real=0.05s
[2023-11-13T02:27:21.147+0000][31.063s][info ][safepoint     ] Leaving safepoint region
[2023-11-13T02:27:21.147+0000][31.063s][info ][safepoint     ] Total time for which application threads were stopped: 0.0482823 seconds, Stopping threads took: 0.0005015 seconds
[2023-11-13T02:27:21.149+0000][31.065s][info ][gc,stringdedup] Concurrent String Deduplication (31.065s)
[2023-11-13T02:27:21.158+0000][31.074s][info ][gc,stringdedup] Concurrent String Deduplication 793.8K->209.1K(584.8K) avg 48.6% (31.065s, 31.074s) 8.902ms
[2023-11-13T02:27:21.584+0000][31.500s][debug][safepoint     ] Safepoint synchronization initiated. (33 threads)
[2023-11-13T02:27:21.584+0000][31.500s][info ][safepoint     ] Application time: 0.4368009 seconds
[2023-11-13T02:27:21.584+0000][31.500s][info ][safepoint     ] Entering safepoint region: Deoptimize
[2023-11-13T02:27:21.586+0000][31.502s][info ][safepoint     ] Leaving safepoint region
[2023-11-13T02:27:21.586+0000][31.502s][info ][safepoint     ] Total time for which application threads were stopped: 0.0020000 seconds, Stopping threads took: 0.0000206 seconds
[2023-11-13T02:27:21.594+0000][31.510s][debug][safepoint     ] Safepoint synchronization initiated. (33 threads)
[2023-11-13T02:27:21.598+0000][31.514s][info ][safepoint     ] Application time: 0.0114775 seconds
[2023-11-13T02:27:21.598+0000][31.514s][info ][safepoint     ] Entering safepoint region: Deoptimize
[2023-11-13T02:27:21.601+0000][31.517s][info ][safepoint     ] Leaving safepoint region
[2023-11-13T02:27:21.601+0000][31.517s][info ][safepoint     ] Total time for which application threads were stopped: 0.0025275 seconds, Stopping threads took: 0.0001971 seconds
[2023-11-13T02:27:21.627+0000][31.543s][debug][safepoint     ] Safepoint synchronization initiated. (33 threads)
[2023-11-13T02:27:21.627+0000][31.543s][info ][safepoint     ] Application time: 0.0265640 seconds
[2023-11-13T02:27:21.627+0000][31.543s][debug][safepoint     ] Waiting for 1 thread(s) to block
[2023-11-13T02:27:21.627+0000][31.543s][info ][safepoint     ] Entering safepoint region: Deoptimize
[2023-11-13T02:27:21.629+0000][31.545s][info ][safepoint     ] Leaving safepoint region
[2023-11-13T02:27:21.629+0000][31.545s][info ][safepoint     ] Total time for which application threads were stopped: 0.0014503 seconds, Stopping threads took: 0.0000560 seconds
[2023-11-13T02:27:21.667+0000][31.583s][debug][safepoint     ] Safepoint synchronization initiated. (33 threads)
[2023-11-13T02:27:21.667+0000][31.583s][info ][safepoint     ] Application time: 0.0386117 seconds
[2023-11-13T02:27:21.667+0000][31.583s][debug][safepoint     ] Waiting for 1 thread(s) to block
[2023-11-13T02:27:21.668+0000][31.583s][info ][safepoint     ] Entering safepoint region: CollectForMetadataAllocation
[2023-11-13T02:27:21.668+0000][31.584s][info ][gc,start      ] GC(26) Pause Young (Concurrent Start) (Metadata GC Threshold)
[2023-11-13T02:27:21.668+0000][31.584s][info ][gc,task       ] GC(26) Using 6 workers of 6 for evacuation
[2023-11-13T02:27:21.703+0000][31.619s][info ][gc,phases     ] GC(26)   Pre Evacuate Collection Set: 0.3ms
[2023-11-13T02:27:21.703+0000][31.619s][info ][gc,phases     ] GC(26)   Evacuate Collection Set: 26.6ms
[2023-11-13T02:27:21.703+0000][31.619s][info ][gc,phases     ] GC(26)   Post Evacuate Collection Set: 7.9ms
[2023-11-13T02:27:21.703+0000][31.619s][info ][gc,phases     ] GC(26)   Other: 0.3ms
[2023-11-13T02:27:21.703+0000][31.619s][info ][gc,heap       ] GC(26) Eden regions: 80->0(395)
[2023-11-13T02:27:21.703+0000][31.619s][info ][gc,heap       ] GC(26) Survivor regions: 24->18(43)
[2023-11-13T02:27:21.703+0000][31.619s][info ][gc,heap       ] GC(26) Old regions: 53->62
[2023-11-13T02:27:21.703+0000][31.619s][info ][gc,heap       ] GC(26) Humongous regions: 0->0
[2023-11-13T02:27:21.703+0000][31.619s][info ][gc,metaspace  ] GC(26) Metaspace: 97166K(100056K)->97166K(100056K) NonClass: 85226K(87000K)->85226K(87000K) Class: 11939K(13056K)->11939K(13056K)
[2023-11-13T02:27:21.703+0000][31.619s][info ][gc            ] GC(26) Pause Young (Concurrent Start) (Metadata GC Threshold) 154M->77M(689M) 35.272ms
[2023-11-13T02:27:21.703+0000][31.619s][info ][gc,cpu        ] GC(26) User=0.09s Sys=0.02s Real=0.03s
[2023-11-13T02:27:21.703+0000][31.619s][info ][gc            ] GC(27) Concurrent Cycle
[2023-11-13T02:27:21.703+0000][31.619s][info ][gc,marking    ] GC(27) Concurrent Clear Claimed Marks
[2023-11-13T02:27:21.703+0000][31.619s][info ][safepoint     ] Leaving safepoint region
[2023-11-13T02:27:21.703+0000][31.619s][info ][safepoint     ] Total time for which application threads were stopped: 0.0356964 seconds, Stopping threads took: 0.0000686 seconds
[2023-11-13T02:27:21.703+0000][31.619s][info ][gc,marking    ] GC(27) Concurrent Clear Claimed Marks 0.293ms
[2023-11-13T02:27:21.704+0000][31.619s][info ][gc,marking    ] GC(27) Concurrent Scan Root Regions
[2023-11-13T02:27:21.703+0000][31.619s][info ][gc,stringdedup] Concurrent String Deduplication (31.619s)
[2023-11-13T02:27:21.708+0000][31.624s][info ][gc,stringdedup] Concurrent String Deduplication 487.5K->154.9K(332.6K) avg 49.3% (31.619s, 31.624s) 5.053ms
[2023-11-13T02:27:21.718+0000][31.634s][info ][gc,marking    ] GC(27) Concurrent Scan Root Regions 14.287ms
[2023-11-13T02:27:21.718+0000][31.634s][info ][gc,marking    ] GC(27) Concurrent Mark (31.634s)
[2023-11-13T02:27:21.719+0000][31.635s][info ][gc,marking    ] GC(27) Concurrent Mark From Roots
[2023-11-13T02:27:21.719+0000][31.635s][info ][gc,task       ] GC(27) Using 2 workers of 2 for marking
[2023-11-13T02:27:21.809+0000][31.725s][info ][gc,marking    ] GC(27) Concurrent Mark From Roots 90.335ms
[2023-11-13T02:27:21.809+0000][31.725s][info ][gc,marking    ] GC(27) Concurrent Preclean
[2023-11-13T02:27:21.809+0000][31.725s][info ][gc,marking    ] GC(27) Concurrent Preclean 0.175ms
[2023-11-13T02:27:21.809+0000][31.725s][info ][gc,marking    ] GC(27) Concurrent Mark (31.634s, 31.725s) 90.825ms
[2023-11-13T02:27:21.809+0000][31.725s][debug][safepoint     ] Safepoint synchronization initiated. (33 threads)
[2023-11-13T02:27:21.809+0000][31.725s][info ][safepoint     ] Application time: 0.1062263 seconds
[2023-11-13T02:27:21.809+0000][31.725s][debug][safepoint     ] Waiting for 1 thread(s) to block
[2023-11-13T02:27:21.809+0000][31.725s][info ][safepoint     ] Entering safepoint region: CGC_Operation
[2023-11-13T02:27:21.810+0000][31.726s][info ][gc,start      ] GC(27) Pause Remark
[2023-11-13T02:27:21.834+0000][31.750s][info ][gc,stringtable] GC(27) Cleaned string and symbol table, strings: 45635 processed, 68 removed, symbols: 272593 processed, 314 removed
[2023-11-13T02:27:21.835+0000][31.750s][info ][gc            ] GC(27) Pause Remark 98M->98M(689M) 24.900ms
[2023-11-13T02:27:21.835+0000][31.751s][info ][gc,cpu        ] GC(27) User=0.06s Sys=0.00s Real=0.03s
[2023-11-13T02:27:21.835+0000][31.751s][info ][safepoint     ] Leaving safepoint region
[2023-11-13T02:27:21.835+0000][31.751s][info ][safepoint     ] Total time for which application threads were stopped: 0.0258028 seconds, Stopping threads took: 0.0000966 seconds
[2023-11-13T02:27:21.835+0000][31.751s][info ][gc,marking    ] GC(27) Concurrent Rebuild Remembered Sets
[2023-11-13T02:27:21.895+0000][31.811s][info ][gc,marking    ] GC(27) Concurrent Rebuild Remembered Sets 59.523ms
[2023-11-13T02:27:21.895+0000][31.811s][debug][safepoint     ] Safepoint synchronization initiated. (33 threads)
[2023-11-13T02:27:21.895+0000][31.811s][info ][safepoint     ] Application time: 0.0596849 seconds
[2023-11-13T02:27:21.895+0000][31.811s][debug][safepoint     ] ... found polling page return exception at pc = 0x00007f76a03582f5, stub =0x00007f7698841800
[2023-11-13T02:27:21.895+0000][31.811s][debug][safepoint     ] Waiting for 1 thread(s) to block
[2023-11-13T02:27:21.895+0000][31.811s][info ][safepoint     ] Entering safepoint region: CGC_Operation
[2023-11-13T02:27:21.895+0000][31.811s][info ][gc,start      ] GC(27) Pause Cleanup
[2023-11-13T02:27:21.896+0000][31.812s][info ][gc            ] GC(27) Pause Cleanup 109M->109M(689M) 0.305ms
[2023-11-13T02:27:21.896+0000][31.812s][info ][gc,cpu        ] GC(27) User=0.00s Sys=0.00s Real=0.00s
[2023-11-13T02:27:21.896+0000][31.812s][info ][safepoint     ] Leaving safepoint region
[2023-11-13T02:27:21.896+0000][31.812s][info ][safepoint     ] Total time for which application threads were stopped: 0.0006327 seconds, Stopping threads took: 0.0001515 seconds
[2023-11-13T02:27:21.896+0000][31.812s][info ][gc,marking    ] GC(27) Concurrent Cleanup for Next Mark
[2023-11-13T02:27:21.900+0000][31.815s][info ][gc,marking    ] GC(27) Concurrent Cleanup for Next Mark 3.763ms
[2023-11-13T02:27:21.900+0000][31.816s][info ][gc            ] GC(27) Concurrent Cycle 196.594ms
[2023-11-13T02:27:22.108+0000][32.024s][debug][safepoint     ] Safepoint synchronization initiated. (36 threads)
[2023-11-13T02:27:22.108+0000][32.024s][info ][safepoint     ] Application time: 0.2125728 seconds
[2023-11-13T02:27:22.108+0000][32.024s][info ][safepoint     ] Entering safepoint region: Deoptimize
[2023-11-13T02:27:22.110+0000][32.026s][info ][safepoint     ] Leaving safepoint region
[2023-11-13T02:27:22.110+0000][32.026s][info ][safepoint     ] Total time for which application threads were stopped: 0.0014509 seconds, Stopping threads took: 0.0000237 seconds
[2023-11-13T02:27:23.110+0000][33.026s][debug][safepoint     ] Safepoint synchronization initiated. (37 threads)
[2023-11-13T02:27:23.110+0000][33.026s][info ][safepoint     ] Application time: 1.0001813 seconds
[2023-11-13T02:27:23.114+0000][33.030s][debug][safepoint     ] ... found polling page return exception at pc = 0x00007f76a0301377, stub =0x00007f7698841800
[2023-11-13T02:27:23.115+0000][33.031s][debug][safepoint     ] Waiting for 2 thread(s) to block
[2023-11-13T02:27:23.115+0000][33.031s][info ][safepoint     ] Entering safepoint region: Cleanup
[2023-11-13T02:27:23.115+0000][33.031s][info ][safepoint     ] Leaving safepoint region
[2023-11-13T02:27:23.116+0000][33.031s][info ][safepoint     ] Total time for which application threads were stopped: 0.0054667 seconds, Stopping threads took: 0.0050933 seconds
[2023-11-13T02:27:23.788+0000][33.703s][debug][safepoint     ] Safepoint synchronization initiated. (38 threads)
[2023-11-13T02:27:23.788+0000][33.703s][info ][safepoint     ] Application time: 0.6720923 seconds
[2023-11-13T02:27:23.788+0000][33.704s][debug][safepoint     ] Waiting for 1 thread(s) to block
[2023-11-13T02:27:23.788+0000][33.704s][info ][safepoint     ] Entering safepoint region: Deoptimize
[2023-11-13T02:27:23.789+0000][33.705s][info ][safepoint     ] Leaving safepoint region
[2023-11-13T02:27:23.789+0000][33.705s][info ][safepoint     ] Total time for which application threads were stopped: 0.0015358 seconds, Stopping threads took: 0.0000793 seconds
[2023-11-13T02:27:23.852+0000][33.767s][debug][safepoint     ] Safepoint synchronization initiated. (38 threads)
[2023-11-13T02:27:23.852+0000][33.767s][info ][safepoint     ] Application time: 0.0624339 seconds
[2023-11-13T02:27:23.852+0000][33.768s][debug][safepoint     ] Waiting for 1 thread(s) to block
[2023-11-13T02:27:23.852+0000][33.768s][info ][safepoint     ] Entering safepoint region: Deoptimize
[2023-11-13T02:27:23.853+0000][33.769s][info ][safepoint     ] Leaving safepoint region
[2023-11-13T02:27:23.853+0000][33.769s][info ][safepoint     ] Total time for which application threads were stopped: 0.0014810 seconds, Stopping threads took: 0.0000568 seconds
[2023-11-13T02:27:23.940+0000][33.856s][debug][safepoint     ] Safepoint synchronization initiated. (41 threads)
[2023-11-13T02:27:23.940+0000][33.856s][info ][safepoint     ] Application time: 0.0867618 seconds
[2023-11-13T02:27:23.940+0000][33.856s][debug][safepoint     ] Waiting for 1 thread(s) to block
[2023-11-13T02:27:23.940+0000][33.856s][info ][safepoint     ] Entering safepoint region: G1CollectForAllocation
[2023-11-13T02:27:23.940+0000][33.856s][info ][gc,start      ] GC(28) Pause Young (Normal) (G1 Evacuation Pause)
[2023-11-13T02:27:23.940+0000][33.856s][info ][gc,task       ] GC(28) Using 6 workers of 6 for evacuation
[2023-11-13T02:27:23.974+0000][33.889s][info ][gc,phases     ] GC(28)   Pre Evacuate Collection Set: 0.0ms
[2023-11-13T02:27:23.974+0000][33.889s][info ][gc,phases     ] GC(28)   Evacuate Collection Set: 29.7ms
[2023-11-13T02:27:23.974+0000][33.890s][info ][gc,phases     ] GC(28)   Post Evacuate Collection Set: 3.4ms
[2023-11-13T02:27:23.974+0000][33.890s][info ][gc,phases     ] GC(28)   Other: 0.3ms
[2023-11-13T02:27:23.974+0000][33.890s][info ][gc,heap       ] GC(28) Eden regions: 395->0(389)
[2023-11-13T02:27:23.974+0000][33.890s][info ][gc,heap       ] GC(28) Survivor regions: 18->24(52)
[2023-11-13T02:27:23.974+0000][33.890s][info ][gc,heap       ] GC(28) Old regions: 62->62
[2023-11-13T02:27:23.974+0000][33.890s][info ][gc,heap       ] GC(28) Humongous regions: 1->0
[2023-11-13T02:27:23.974+0000][33.890s][info ][gc,metaspace  ] GC(28) Metaspace: 102804K(105688K)->102804K(105688K) NonClass: 90364K(92120K)->90364K(92120K) Class: 12440K(13568K)->12440K(13568K)
[2023-11-13T02:27:23.974+0000][33.890s][info ][gc            ] GC(28) Pause Young (Normal) (G1 Evacuation Pause) 473M->84M(689M) 33.608ms
[2023-11-13T02:27:23.974+0000][33.890s][info ][gc,cpu        ] GC(28) User=0.15s Sys=0.00s Real=0.03s
[2023-11-13T02:27:23.974+0000][33.890s][info ][safepoint     ] Leaving safepoint region
[2023-11-13T02:27:23.974+0000][33.890s][info ][safepoint     ] Total time for which application threads were stopped: 0.0339433 seconds, Stopping threads took: 0.0000736 seconds
[2023-11-13T02:27:23.974+0000][33.890s][info ][gc,stringdedup] Concurrent String Deduplication (33.890s)
[2023-11-13T02:27:23.980+0000][33.896s][info ][gc,stringdedup] Concurrent String Deduplication 697.5K->338.6K(358.9K) avg 49.5% (33.890s, 33.896s) 6.375ms
[2023-11-13T02:27:24.600+0000][34.515s][debug][safepoint     ] Safepoint synchronization initiated. (41 threads)
[2023-11-13T02:27:24.600+0000][34.516s][info ][safepoint     ] Application time: 0.6257884 seconds
[2023-11-13T02:27:24.600+0000][34.516s][debug][safepoint     ] Waiting for 1 thread(s) to block
[2023-11-13T02:27:24.600+0000][34.516s][info ][safepoint     ] Entering safepoint region: Deoptimize
[2023-11-13T02:27:24.601+0000][34.517s][info ][safepoint     ] Leaving safepoint region
[2023-11-13T02:27:24.601+0000][34.517s][info ][safepoint     ] Total time for which application threads were stopped: 0.0016738 seconds, Stopping threads took: 0.0000593 seconds
[2023-11-13T02:27:24.897+0000][34.813s][debug][safepoint     ] Safepoint synchronization initiated. (41 threads)
[2023-11-13T02:27:24.897+0000][34.813s][info ][safepoint     ] Application time: 0.2957538 seconds
[2023-11-13T02:27:24.897+0000][34.813s][debug][safepoint     ] Waiting for 1 thread(s) to block
[2023-11-13T02:27:24.897+0000][34.813s][info ][safepoint     ] Entering safepoint region: ICBufferFull
[2023-11-13T02:27:24.897+0000][34.813s][info ][safepoint     ] Leaving safepoint region
[2023-11-13T02:27:24.897+0000][34.813s][info ][safepoint     ] Total time for which application threads were stopped: 0.0003143 seconds, Stopping threads took: 0.0000605 seconds
[2023-11-13T02:27:25.028+0000][34.944s][debug][safepoint     ] Safepoint synchronization initiated. (41 threads)
[2023-11-13T02:27:25.028+0000][34.944s][info ][safepoint     ] Application time: 0.1307863 seconds
[2023-11-13T02:27:25.028+0000][34.944s][debug][safepoint     ] Waiting for 1 thread(s) to block
[2023-11-13T02:27:25.028+0000][34.944s][info ][safepoint     ] Entering safepoint region: ICBufferFull
[2023-11-13T02:27:25.029+0000][34.944s][info ][safepoint     ] Leaving safepoint region
[2023-11-13T02:27:25.029+0000][34.944s][info ][safepoint     ] Total time for which application threads were stopped: 0.0003157 seconds, Stopping threads took: 0.0000624 seconds
[2023-11-13T02:27:25.682+0000][35.598s][debug][safepoint     ] Safepoint synchronization initiated. (42 threads)
[2023-11-13T02:27:25.683+0000][35.598s][info ][safepoint     ] Application time: 0.6539637 seconds
[2023-11-13T02:27:25.683+0000][35.598s][debug][safepoint     ] Waiting for 1 thread(s) to block
[2023-11-13T02:27:25.683+0000][35.598s][info ][safepoint     ] Entering safepoint region: ICBufferFull
[2023-11-13T02:27:25.683+0000][35.599s][info ][safepoint     ] Leaving safepoint region
[2023-11-13T02:27:25.683+0000][35.599s][info ][safepoint     ] Total time for which application threads were stopped: 0.0002818 seconds, Stopping threads took: 0.0000612 seconds
[2023-11-13T02:27:25.947+0000][35.863s][debug][safepoint     ] Safepoint synchronization initiated. (42 threads)
[2023-11-13T02:27:25.948+0000][35.864s][info ][safepoint     ] Application time: 0.2649602 seconds
[2023-11-13T02:27:25.948+0000][35.864s][debug][safepoint     ] Waiting for 1 thread(s) to block
[2023-11-13T02:27:25.948+0000][35.864s][info ][safepoint     ] Entering safepoint region: Deoptimize
[2023-11-13T02:27:25.950+0000][35.866s][info ][safepoint     ] Leaving safepoint region
[2023-11-13T02:27:25.950+0000][35.866s][info ][safepoint     ] Total time for which application threads were stopped: 0.0021487 seconds, Stopping threads took: 0.0004460 seconds
[2023-11-13T02:27:26.036+0000][35.952s][debug][safepoint     ] Safepoint synchronization initiated. (42 threads)
[2023-11-13T02:27:26.037+0000][35.953s][info ][safepoint     ] Application time: 0.0862454 seconds
[2023-11-13T02:27:26.037+0000][35.953s][debug][safepoint     ] Waiting for 1 thread(s) to block
[2023-11-13T02:27:26.037+0000][35.953s][info ][safepoint     ] Entering safepoint region: Deoptimize
[2023-11-13T02:27:26.039+0000][35.955s][info ][safepoint     ] Leaving safepoint region
[2023-11-13T02:27:26.039+0000][35.955s][info ][safepoint     ] Total time for which application threads were stopped: 0.0021823 seconds, Stopping threads took: 0.0004236 seconds
[2023-11-13T02:27:26.080+0000][35.996s][debug][safepoint     ] Safepoint synchronization initiated. (42 threads)
[2023-11-13T02:27:26.081+0000][35.997s][info ][safepoint     ] Application time: 0.0414220 seconds
[2023-11-13T02:27:26.081+0000][35.997s][debug][safepoint     ] Waiting for 1 thread(s) to block
[2023-11-13T02:27:26.081+0000][35.997s][info ][safepoint     ] Entering safepoint region: Deoptimize
[2023-11-13T02:27:26.083+0000][35.999s][info ][safepoint     ] Leaving safepoint region
[2023-11-13T02:27:26.083+0000][35.999s][info ][safepoint     ] Total time for which application threads were stopped: 0.0021405 seconds, Stopping threads took: 0.0004184 seconds
[2023-11-13T02:27:26.136+0000][36.051s][debug][safepoint     ] Safepoint synchronization initiated. (42 threads)
[2023-11-13T02:27:26.136+0000][36.051s][info ][safepoint     ] Application time: 0.0524426 seconds
[2023-11-13T02:27:26.136+0000][36.052s][debug][safepoint     ] Waiting for 1 thread(s) to block
[2023-11-13T02:27:26.136+0000][36.052s][info ][safepoint     ] Entering safepoint region: Deoptimize
[2023-11-13T02:27:26.138+0000][36.053s][info ][safepoint     ] Leaving safepoint region
[2023-11-13T02:27:26.138+0000][36.053s][info ][safepoint     ] Total time for which application threads were stopped: 0.0018950 seconds, Stopping threads took: 0.0000610 seconds
[2023-11-13T02:27:26.321+0000][36.236s][debug][safepoint     ] Safepoint synchronization initiated. (42 threads)
[2023-11-13T02:27:26.321+0000][36.237s][info ][safepoint     ] Application time: 0.1832866 seconds
[2023-11-13T02:27:26.321+0000][36.237s][debug][safepoint     ] Waiting for 1 thread(s) to block
[2023-11-13T02:27:26.321+0000][36.237s][info ][safepoint     ] Entering safepoint region: Deoptimize
[2023-11-13T02:27:26.323+0000][36.239s][info ][safepoint     ] Leaving safepoint region
[2023-11-13T02:27:26.323+0000][36.239s][info ][safepoint     ] Total time for which application threads were stopped: 0.0021722 seconds, Stopping threads took: 0.0004243 seconds
[2023-11-13T02:27:26.325+0000][36.240s][debug][safepoint     ] Safepoint synchronization initiated. (42 threads)
[2023-11-13T02:27:26.325+0000][36.241s][info ][safepoint     ] Application time: 0.0013960 seconds
[2023-11-13T02:27:26.325+0000][36.241s][debug][safepoint     ] Waiting for 1 thread(s) to block
[2023-11-13T02:27:26.325+0000][36.241s][info ][safepoint     ] Entering safepoint region: Deoptimize
[2023-11-13T02:27:26.326+0000][36.242s][info ][safepoint     ] Leaving safepoint region
[2023-11-13T02:27:26.326+0000][36.242s][info ][safepoint     ] Total time for which application threads were stopped: 0.0012292 seconds, Stopping threads took: 0.0004393 seconds
[2023-11-13T02:27:26.876+0000][36.791s][debug][safepoint     ] Safepoint synchronization initiated. (42 threads)
[2023-11-13T02:27:26.876+0000][36.792s][info ][safepoint     ] Application time: 0.5493697 seconds
[2023-11-13T02:27:26.876+0000][36.792s][debug][safepoint     ] Waiting for 2 thread(s) to block
[2023-11-13T02:27:26.876+0000][36.792s][info ][safepoint     ] Entering safepoint region: G1CollectForAllocation
[2023-11-13T02:27:26.877+0000][36.793s][info ][gc,start      ] GC(29) Pause Young (Normal) (G1 Evacuation Pause)
[2023-11-13T02:27:26.878+0000][36.793s][info ][gc,task       ] GC(29) Using 6 workers of 6 for evacuation
[2023-11-13T02:27:26.922+0000][36.837s][info ][gc,phases     ] GC(29)   Pre Evacuate Collection Set: 0.0ms
[2023-11-13T02:27:26.922+0000][36.838s][info ][gc,phases     ] GC(29)   Evacuate Collection Set: 39.4ms
[2023-11-13T02:27:26.922+0000][36.838s][info ][gc,phases     ] GC(29)   Post Evacuate Collection Set: 4.1ms
[2023-11-13T02:27:26.922+0000][36.838s][info ][gc,phases     ] GC(29)   Other: 0.7ms
[2023-11-13T02:27:26.923+0000][36.838s][info ][gc,heap       ] GC(29) Eden regions: 389->0(379)
[2023-11-13T02:27:26.923+0000][36.839s][info ][gc,heap       ] GC(29) Survivor regions: 24->34(52)
[2023-11-13T02:27:26.923+0000][36.839s][info ][gc,heap       ] GC(29) Old regions: 62->62
[2023-11-13T02:27:26.923+0000][36.839s][info ][gc,heap       ] GC(29) Humongous regions: 0->0
[2023-11-13T02:27:26.923+0000][36.839s][info ][gc,metaspace  ] GC(29) Metaspace: 116787K(120280K)->116787K(120280K) NonClass: 102930K(105176K)->102930K(105176K) Class: 13857K(15104K)->13857K(15104K)
[2023-11-13T02:27:26.924+0000][36.840s][info ][gc            ] GC(29) Pause Young (Normal) (G1 Evacuation Pause) 473M->94M(689M) 46.395ms
[2023-11-13T02:27:26.924+0000][36.840s][info ][gc,cpu        ] GC(29) User=0.16s Sys=0.00s Real=0.04s
[2023-11-13T02:27:26.924+0000][36.840s][info ][safepoint     ] Leaving safepoint region
[2023-11-13T02:27:26.924+0000][36.840s][info ][safepoint     ] Total time for which application threads were stopped: 0.0482760 seconds, Stopping threads took: 0.0008357 seconds
[2023-11-13T02:27:26.925+0000][36.841s][info ][gc,stringdedup] Concurrent String Deduplication (36.841s)
[2023-11-13T02:27:26.931+0000][36.847s][info ][gc,stringdedup] Concurrent String Deduplication 438.8K->334.2K(104.6K) avg 48.6% (36.841s, 36.847s) 6.013ms
[2023-11-13T02:27:27.256+0000][37.172s][debug][safepoint     ] Safepoint synchronization initiated. (42 threads)
[2023-11-13T02:27:27.256+0000][37.172s][info ][safepoint     ] Application time: 0.3318359 seconds
[2023-11-13T02:27:27.256+0000][37.172s][debug][safepoint     ] Waiting for 1 thread(s) to block
[2023-11-13T02:27:27.257+0000][37.172s][info ][safepoint     ] Entering safepoint region: Deoptimize
[2023-11-13T02:27:27.258+0000][37.174s][info ][safepoint     ] Leaving safepoint region
[2023-11-13T02:27:27.258+0000][37.174s][info ][safepoint     ] Total time for which application threads were stopped: 0.0017040 seconds, Stopping threads took: 0.0000608 seconds
[2023-11-13T02:27:27.533+0000][37.449s][debug][safepoint     ] Safepoint synchronization initiated. (42 threads)
[2023-11-13T02:27:27.533+0000][37.449s][info ][safepoint     ] Application time: 0.2745909 seconds
[2023-11-13T02:27:27.533+0000][37.449s][debug][safepoint     ] Waiting for 1 thread(s) to block
[2023-11-13T02:27:27.534+0000][37.449s][info ][safepoint     ] Entering safepoint region: Deoptimize
[2023-11-13T02:27:27.536+0000][37.451s][info ][safepoint     ] Leaving safepoint region
[2023-11-13T02:27:27.536+0000][37.452s][info ][safepoint     ] Total time for which application threads were stopped: 0.0028529 seconds, Stopping threads took: 0.0008511 seconds
[2023-11-13T02:27:28.536+0000][38.452s][debug][safepoint     ] Safepoint synchronization initiated. (43 threads)
[2023-11-13T02:27:28.536+0000][38.452s][info ][safepoint     ] Application time: 1.0001864 seconds
[2023-11-13T02:27:28.540+0000][38.456s][debug][safepoint     ] ... found polling page return exception at pc = 0x00007f76a0397a16, stub =0x00007f7698841800
[2023-11-13T02:27:28.541+0000][38.457s][debug][safepoint     ] Waiting for 1 thread(s) to block
[2023-11-13T02:27:28.541+0000][38.457s][info ][safepoint     ] Entering safepoint region: Cleanup
[2023-11-13T02:27:28.541+0000][38.457s][info ][safepoint     ] Leaving safepoint region
[2023-11-13T02:27:28.541+0000][38.457s][info ][safepoint     ] Total time for which application threads were stopped: 0.0055355 seconds, Stopping threads took: 0.0052196 seconds
[2023-11-13T02:27:29.107+0000][39.023s][debug][safepoint     ] Safepoint synchronization initiated. (47 threads)
[2023-11-13T02:27:29.107+0000][39.023s][info ][safepoint     ] Application time: 0.5656155 seconds
[2023-11-13T02:27:29.107+0000][39.023s][debug][safepoint     ] Waiting for 1 thread(s) to block
[2023-11-13T02:27:29.107+0000][39.023s][info ][safepoint     ] Entering safepoint region: Deoptimize
[2023-11-13T02:27:29.109+0000][39.025s][info ][safepoint     ] Leaving safepoint region
[2023-11-13T02:27:29.109+0000][39.025s][info ][safepoint     ] Total time for which application threads were stopped: 0.0016607 seconds, Stopping threads took: 0.0000648 seconds
[2023-11-13T02:27:29.216+0000][39.132s][debug][safepoint     ] Safepoint synchronization initiated. (48 threads)
[2023-11-13T02:27:29.216+0000][39.132s][info ][safepoint     ] Application time: 0.1076727 seconds
[2023-11-13T02:27:29.216+0000][39.132s][debug][safepoint     ] Waiting for 1 thread(s) to block
[2023-11-13T02:27:29.216+0000][39.132s][info ][safepoint     ] Entering safepoint region: G1CollectForAllocation
[2023-11-13T02:27:29.217+0000][39.132s][info ][gc,start      ] GC(30) Pause Young (Normal) (G1 Evacuation Pause)
[2023-11-13T02:27:29.217+0000][39.133s][info ][gc,task       ] GC(30) Using 6 workers of 6 for evacuation
[2023-11-13T02:27:29.265+0000][39.181s][info ][gc,phases     ] GC(30)   Pre Evacuate Collection Set: 0.0ms
[2023-11-13T02:27:29.265+0000][39.181s][info ][gc,phases     ] GC(30)   Evacuate Collection Set: 41.3ms
[2023-11-13T02:27:29.265+0000][39.181s][info ][gc,phases     ] GC(30)   Post Evacuate Collection Set: 6.9ms
[2023-11-13T02:27:29.265+0000][39.181s][info ][gc,phases     ] GC(30)   Other: 0.3ms
[2023-11-13T02:27:29.265+0000][39.181s][info ][gc,heap       ] GC(30) Eden regions: 379->0(380)
[2023-11-13T02:27:29.265+0000][39.181s][info ][gc,heap       ] GC(30) Survivor regions: 34->33(52)
[2023-11-13T02:27:29.265+0000][39.181s][info ][gc,heap       ] GC(30) Old regions: 62->74
[2023-11-13T02:27:29.265+0000][39.181s][info ][gc,heap       ] GC(30) Humongous regions: 0->0
[2023-11-13T02:27:29.265+0000][39.181s][info ][gc,metaspace  ] GC(30) Metaspace: 127784K(131288K)->127784K(131288K) NonClass: 112933K(115160K)->112933K(115160K) Class: 14851K(16128K)->14851K(16128K)
[2023-11-13T02:27:29.265+0000][39.181s][info ][gc            ] GC(30) Pause Young (Normal) (G1 Evacuation Pause) 473M->104M(689M) 48.718ms
[2023-11-13T02:27:29.265+0000][39.181s][info ][gc,cpu        ] GC(30) User=0.22s Sys=0.01s Real=0.04s
[2023-11-13T02:27:29.265+0000][39.181s][info ][safepoint     ] Leaving safepoint region
[2023-11-13T02:27:29.265+0000][39.181s][info ][safepoint     ] Total time for which application threads were stopped: 0.0489827 seconds, Stopping threads took: 0.0000618 seconds
[2023-11-13T02:27:29.266+0000][39.182s][info ][gc,stringdedup] Concurrent String Deduplication (39.182s)
[2023-11-13T02:27:29.271+0000][39.187s][info ][gc,stringdedup] Concurrent String Deduplication 670.1K->245.0K(425.2K) avg 49.3% (39.182s, 39.187s) 4.935ms
[2023-11-13T02:27:30.101+0000][40.017s][debug][safepoint     ] Safepoint synchronization initiated. (53 threads)
[2023-11-13T02:27:30.101+0000][40.017s][info ][safepoint     ] Application time: 0.8358197 seconds
[2023-11-13T02:27:30.101+0000][40.017s][debug][safepoint     ] Waiting for 1 thread(s) to block
[2023-11-13T02:27:30.102+0000][40.018s][info ][safepoint     ] Entering safepoint region: Deoptimize
[2023-11-13T02:27:30.104+0000][40.020s][info ][safepoint     ] Leaving safepoint region
[2023-11-13T02:27:30.104+0000][40.020s][info ][safepoint     ] Total time for which application threads were stopped: 0.0027915 seconds, Stopping threads took: 0.0008462 seconds
[2023-11-13T02:27:30.860+0000][40.776s][debug][safepoint     ] Safepoint synchronization initiated. (65 threads)
[2023-11-13T02:27:30.860+0000][40.776s][info ][safepoint     ] Application time: 0.7558701 seconds
[2023-11-13T02:27:30.861+0000][40.776s][debug][safepoint     ] Waiting for 1 thread(s) to block
[2023-11-13T02:27:30.861+0000][40.777s][info ][safepoint     ] Entering safepoint region: Deoptimize
[2023-11-13T02:27:30.863+0000][40.779s][info ][safepoint     ] Leaving safepoint region
[2023-11-13T02:27:30.863+0000][40.779s][info ][safepoint     ] Total time for which application threads were stopped: 0.0028825 seconds, Stopping threads took: 0.0004802 seconds
[2023-11-13T02:27:30.864+0000][40.780s][debug][safepoint     ] Safepoint synchronization initiated. (65 threads)
[2023-11-13T02:27:30.864+0000][40.780s][info ][safepoint     ] Application time: 0.0004361 seconds
[2023-11-13T02:27:30.864+0000][40.780s][debug][safepoint     ] Waiting for 1 thread(s) to block
[2023-11-13T02:27:30.865+0000][40.780s][info ][safepoint     ] Entering safepoint region: Deoptimize
[2023-11-13T02:27:30.866+0000][40.782s][info ][safepoint     ] Leaving safepoint region
[2023-11-13T02:27:30.866+0000][40.782s][info ][safepoint     ] Total time for which application threads were stopped: 0.0019478 seconds, Stopping threads took: 0.0004891 seconds
[2023-11-13T02:27:30.868+0000][40.784s][debug][safepoint     ] Safepoint synchronization initiated. (65 threads)
[2023-11-13T02:27:30.868+0000][40.784s][info ][safepoint     ] Application time: 0.0016714 seconds
[2023-11-13T02:27:30.868+0000][40.784s][debug][safepoint     ] Waiting for 1 thread(s) to block
[2023-11-13T02:27:30.869+0000][40.784s][info ][safepoint     ] Entering safepoint region: Deoptimize
[2023-11-13T02:27:30.870+0000][40.786s][info ][safepoint     ] Leaving safepoint region
[2023-11-13T02:27:30.870+0000][40.786s][info ][safepoint     ] Total time for which application threads were stopped: 0.0018593 seconds, Stopping threads took: 0.0004585 seconds
[2023-11-13T02:27:30.895+0000][40.811s][debug][safepoint     ] Safepoint synchronization initiated. (65 threads)
[2023-11-13T02:27:30.896+0000][40.811s][info ][safepoint     ] Application time: 0.0251290 seconds
[2023-11-13T02:27:30.896+0000][40.812s][debug][safepoint     ] Waiting for 1 thread(s) to block
[2023-11-13T02:27:30.896+0000][40.812s][info ][safepoint     ] Entering safepoint region: Deoptimize
[2023-11-13T02:27:30.898+0000][40.814s][info ][safepoint     ] Leaving safepoint region
[2023-11-13T02:27:30.899+0000][40.815s][info ][safepoint     ] Total time for which application threads were stopped: 0.0025237 seconds, Stopping threads took: 0.0004809 seconds
[2023-11-13T02:27:31.140+0000][41.056s][debug][safepoint     ] Safepoint synchronization initiated. (65 threads)
[2023-11-13T02:27:31.141+0000][41.056s][info ][safepoint     ] Application time: 0.2416063 seconds
[2023-11-13T02:27:31.141+0000][41.057s][debug][safepoint     ] Waiting for 1 thread(s) to block
[2023-11-13T02:27:31.141+0000][41.057s][info ][safepoint     ] Entering safepoint region: Deoptimize
[2023-11-13T02:27:31.143+0000][41.059s][info ][safepoint     ] Leaving safepoint region
[2023-11-13T02:27:31.143+0000][41.059s][info ][safepoint     ] Total time for which application threads were stopped: 0.0023868 seconds, Stopping threads took: 0.0004524 seconds
[2023-11-13T02:27:31.491+0000][41.407s][debug][safepoint     ] Safepoint synchronization initiated. (65 threads)
[2023-11-13T02:27:31.491+0000][41.407s][info ][safepoint     ] Application time: 0.3480534 seconds
[2023-11-13T02:27:31.492+0000][41.407s][debug][safepoint     ] Waiting for 1 thread(s) to block
[2023-11-13T02:27:31.492+0000][41.408s][info ][safepoint     ] Entering safepoint region: G1CollectForAllocation
[2023-11-13T02:27:31.492+0000][41.408s][info ][gc,start      ] GC(31) Pause Young (Normal) (G1 Evacuation Pause)
[2023-11-13T02:27:31.493+0000][41.408s][info ][gc,task       ] GC(31) Using 6 workers of 6 for evacuation
[2023-11-13T02:27:31.542+0000][41.458s][info ][gc,phases     ] GC(31)   Pre Evacuate Collection Set: 0.0ms
[2023-11-13T02:27:31.542+0000][41.458s][info ][gc,phases     ] GC(31)   Evacuate Collection Set: 45.3ms
[2023-11-13T02:27:31.542+0000][41.458s][info ][gc,phases     ] GC(31)   Post Evacuate Collection Set: 3.6ms
[2023-11-13T02:27:31.543+0000][41.459s][info ][gc,phases     ] GC(31)   Other: 0.7ms
[2023-11-13T02:27:31.543+0000][41.459s][info ][gc,heap       ] GC(31) Eden regions: 380->0(384)
[2023-11-13T02:27:31.543+0000][41.459s][info ][gc,heap       ] GC(31) Survivor regions: 33->29(52)
[2023-11-13T02:27:31.543+0000][41.459s][info ][gc,heap       ] GC(31) Old regions: 74->84
[2023-11-13T02:27:31.544+0000][41.459s][info ][gc,heap       ] GC(31) Humongous regions: 0->0
[2023-11-13T02:27:31.544+0000][41.460s][info ][gc,metaspace  ] GC(31) Metaspace: 135260K(138968K)->135260K(138968K) NonClass: 119549K(121816K)->119549K(121816K) Class: 15710K(17152K)->15710K(17152K)
[2023-11-13T02:27:31.544+0000][41.460s][info ][gc            ] GC(31) Pause Young (Normal) (G1 Evacuation Pause) 484M->111M(689M) 51.655ms
[2023-11-13T02:27:31.544+0000][41.460s][info ][gc,cpu        ] GC(31) User=0.21s Sys=0.02s Real=0.05s
[2023-11-13T02:27:31.544+0000][41.460s][info ][safepoint     ] Leaving safepoint region
[2023-11-13T02:27:31.545+0000][41.461s][info ][safepoint     ] Total time for which application threads were stopped: 0.0530587 seconds, Stopping threads took: 0.0005013 seconds
[2023-11-13T02:27:31.545+0000][41.461s][info ][gc,stringdedup] Concurrent String Deduplication (41.461s)
[2023-11-13T02:27:31.563+0000][41.479s][info ][gc,stringdedup] Concurrent String Deduplication 892.1K->310.4K(581.7K) avg 50.3% (41.461s, 41.479s) 18.014ms
[2023-11-13T02:27:32.077+0000][41.993s][debug][safepoint     ] Safepoint synchronization initiated. (65 threads)
[2023-11-13T02:27:32.077+0000][41.993s][info ][safepoint     ] Application time: 0.5325323 seconds
[2023-11-13T02:27:32.078+0000][41.994s][info ][safepoint     ] Entering safepoint region: Deoptimize
[2023-11-13T02:27:32.079+0000][41.995s][info ][safepoint     ] Leaving safepoint region
[2023-11-13T02:27:32.080+0000][41.996s][info ][safepoint     ] Total time for which application threads were stopped: 0.0020826 seconds, Stopping threads took: 0.0002374 seconds
[2023-11-13T02:27:32.454+0000][42.370s][debug][safepoint     ] Safepoint synchronization initiated. (65 threads)
[2023-11-13T02:27:32.454+0000][42.370s][info ][safepoint     ] Application time: 0.3739066 seconds
[2023-11-13T02:27:32.454+0000][42.370s][info ][safepoint     ] Entering safepoint region: Deoptimize
[2023-11-13T02:27:32.456+0000][42.372s][info ][safepoint     ] Leaving safepoint region
[2023-11-13T02:27:32.456+0000][42.372s][info ][safepoint     ] Total time for which application threads were stopped: 0.0021612 seconds, Stopping threads took: 0.0000328 seconds
[2023-11-13T02:27:32.519+0000][42.435s][debug][safepoint     ] Safepoint synchronization initiated. (65 threads)
[2023-11-13T02:27:32.519+0000][42.435s][info ][safepoint     ] Application time: 0.0633162 seconds
[2023-11-13T02:27:32.520+0000][42.435s][info ][safepoint     ] Entering safepoint region: Deoptimize
[2023-11-13T02:27:32.521+0000][42.437s][info ][safepoint     ] Leaving safepoint region
[2023-11-13T02:27:32.522+0000][42.437s][info ][safepoint     ] Total time for which application threads were stopped: 0.0020080 seconds, Stopping threads took: 0.0002248 seconds
[2023-11-13T02:27:33.209+0000][43.125s][debug][safepoint     ] Safepoint synchronization initiated. (72 threads)
[2023-11-13T02:27:33.211+0000][43.127s][info ][safepoint     ] Application time: 0.6891206 seconds
[2023-11-13T02:27:33.211+0000][43.127s][info ][safepoint     ] Entering safepoint region: G1CollectForAllocation
[2023-11-13T02:27:33.212+0000][43.127s][info ][gc,start      ] GC(32) Pause Young (Normal) (G1 Evacuation Pause)
[2023-11-13T02:27:33.212+0000][43.128s][info ][gc,task       ] GC(32) Using 6 workers of 6 for evacuation
[2023-11-13T02:27:33.265+0000][43.181s][info ][gc,phases     ] GC(32)   Pre Evacuate Collection Set: 0.0ms
[2023-11-13T02:27:33.265+0000][43.181s][info ][gc,phases     ] GC(32)   Evacuate Collection Set: 49.0ms
[2023-11-13T02:27:33.265+0000][43.181s][info ][gc,phases     ] GC(32)   Post Evacuate Collection Set: 3.6ms
[2023-11-13T02:27:33.265+0000][43.181s][info ][gc,phases     ] GC(32)   Other: 0.6ms
[2023-11-13T02:27:33.266+0000][43.182s][info ][gc,heap       ] GC(32) Eden regions: 384->0(389)
[2023-11-13T02:27:33.266+0000][43.182s][info ][gc,heap       ] GC(32) Survivor regions: 29->24(52)
[2023-11-13T02:27:33.266+0000][43.182s][info ][gc,heap       ] GC(32) Old regions: 84->94
[2023-11-13T02:27:33.266+0000][43.182s][info ][gc,heap       ] GC(32) Humongous regions: 0->0
[2023-11-13T02:27:33.267+0000][43.182s][info ][gc,metaspace  ] GC(32) Metaspace: 139319K(143192K)->139319K(143192K) NonClass: 122992K(125400K)->122992K(125400K) Class: 16327K(17792K)->16327K(17792K)
[2023-11-13T02:27:33.267+0000][43.183s][info ][gc            ] GC(32) Pause Young (Normal) (G1 Evacuation Pause) 495M->116M(689M) 55.154ms
[2023-11-13T02:27:33.267+0000][43.183s][info ][gc,cpu        ] GC(32) User=0.22s Sys=0.01s Real=0.06s
[2023-11-13T02:27:33.267+0000][43.183s][info ][safepoint     ] Leaving safepoint region
[2023-11-13T02:27:33.267+0000][43.183s][info ][safepoint     ] Total time for which application threads were stopped: 0.0563126 seconds, Stopping threads took: 0.0002208 seconds
[2023-11-13T02:27:33.268+0000][43.183s][info ][gc,stringdedup] Concurrent String Deduplication (43.183s)
[2023-11-13T02:27:33.275+0000][43.191s][info ][gc,stringdedup] Concurrent String Deduplication 692.6K->124.9K(567.7K) avg 51.7% (43.183s, 43.191s) 7.806ms
[2023-11-13T02:27:33.479+0000][43.395s][debug][safepoint     ] Safepoint synchronization initiated. (72 threads)
[2023-11-13T02:27:33.479+0000][43.395s][info ][safepoint     ] Application time: 0.2114614 seconds
[2023-11-13T02:27:33.479+0000][43.395s][info ][safepoint     ] Entering safepoint region: Deoptimize
[2023-11-13T02:27:33.481+0000][43.397s][info ][safepoint     ] Leaving safepoint region
[2023-11-13T02:27:33.481+0000][43.397s][info ][safepoint     ] Total time for which application threads were stopped: 0.0017891 seconds, Stopping threads took: 0.0000374 seconds
[2023-11-13T02:27:34.265+0000][44.181s][debug][safepoint     ] Safepoint synchronization initiated. (85 threads)
[2023-11-13T02:27:34.265+0000][44.181s][info ][safepoint     ] Application time: 0.7842217 seconds
[2023-11-13T02:27:34.265+0000][44.181s][debug][safepoint     ] Waiting for 1 thread(s) to block
[2023-11-13T02:27:34.266+0000][44.181s][info ][safepoint     ] Entering safepoint region: ICBufferFull
[2023-11-13T02:27:34.266+0000][44.182s][info ][safepoint     ] Leaving safepoint region
[2023-11-13T02:27:34.266+0000][44.182s][info ][safepoint     ] Total time for which application threads were stopped: 0.0008890 seconds, Stopping threads took: 0.0004235 seconds
[2023-11-13T02:27:34.629+0000][44.544s][debug][safepoint     ] Safepoint synchronization initiated. (85 threads)
[2023-11-13T02:27:34.629+0000][44.545s][info ][safepoint     ] Application time: 0.3622712 seconds
[2023-11-13T02:27:34.629+0000][44.545s][info ][safepoint     ] Entering safepoint region: ICBufferFull
[2023-11-13T02:27:34.629+0000][44.545s][info ][safepoint     ] Leaving safepoint region
[2023-11-13T02:27:34.629+0000][44.545s][info ][safepoint     ] Total time for which application threads were stopped: 0.0003913 seconds, Stopping threads took: 0.0000384 seconds
[2023-11-13T02:27:35.043+0000][44.959s][debug][safepoint     ] Safepoint synchronization initiated. (85 threads)
[2023-11-13T02:27:35.043+0000][44.959s][info ][safepoint     ] Application time: 0.4143059 seconds
[2023-11-13T02:27:35.044+0000][44.959s][debug][safepoint     ] Waiting for 1 thread(s) to block
[2023-11-13T02:27:35.044+0000][44.960s][info ][safepoint     ] Entering safepoint region: ICBufferFull
[2023-11-13T02:27:35.044+0000][44.960s][info ][safepoint     ] Leaving safepoint region
[2023-11-13T02:27:35.045+0000][44.960s][info ][safepoint     ] Total time for which application threads were stopped: 0.0009483 seconds, Stopping threads took: 0.0004502 seconds
[2023-11-13T02:27:35.143+0000][45.059s][debug][safepoint     ] Safepoint synchronization initiated. (85 threads)
[2023-11-13T02:27:35.143+0000][45.059s][info ][safepoint     ] Application time: 0.0984399 seconds
[2023-11-13T02:27:35.148+0000][45.063s][debug][safepoint     ] ... found polling page return exception at pc = 0x00007f76a0f15742, stub =0x00007f7698841800
[2023-11-13T02:27:35.149+0000][45.065s][debug][safepoint     ] Waiting for 1 thread(s) to block
[2023-11-13T02:27:35.149+0000][45.065s][info ][safepoint     ] Entering safepoint region: ICBufferFull
[2023-11-13T02:27:35.149+0000][45.065s][info ][safepoint     ] Leaving safepoint region
[2023-11-13T02:27:35.150+0000][45.066s][info ][safepoint     ] Total time for which application threads were stopped: 0.0063410 seconds, Stopping threads took: 0.0057046 seconds
[2023-11-13T02:27:35.272+0000][45.188s][debug][safepoint     ] Safepoint synchronization initiated. (85 threads)
[2023-11-13T02:27:35.273+0000][45.188s][info ][safepoint     ] Application time: 0.1226343 seconds
[2023-11-13T02:27:35.273+0000][45.189s][debug][safepoint     ] Waiting for 2 thread(s) to block
[2023-11-13T02:27:35.273+0000][45.189s][info ][safepoint     ] Entering safepoint region: ICBufferFull
[2023-11-13T02:27:35.274+0000][45.189s][info ][safepoint     ] Leaving safepoint region
[2023-11-13T02:27:35.274+0000][45.190s][info ][safepoint     ] Total time for which application threads were stopped: 0.0010192 seconds, Stopping threads took: 0.0004898 seconds
[2023-11-13T02:27:35.660+0000][45.576s][debug][safepoint     ] Safepoint synchronization initiated. (85 threads)
[2023-11-13T02:27:35.660+0000][45.576s][info ][safepoint     ] Application time: 0.3862564 seconds
[2023-11-13T02:27:35.660+0000][45.576s][debug][safepoint     ] Waiting for 1 thread(s) to block
[2023-11-13T02:27:35.661+0000][45.577s][info ][safepoint     ] Entering safepoint region: ICBufferFull
[2023-11-13T02:27:35.661+0000][45.577s][info ][safepoint     ] Leaving safepoint region
[2023-11-13T02:27:35.662+0000][45.577s][info ][safepoint     ] Total time for which application threads were stopped: 0.0010601 seconds, Stopping threads took: 0.0004878 seconds
[2023-11-13T02:27:36.171+0000][46.087s][debug][safepoint     ] Safepoint synchronization initiated. (85 threads)
[2023-11-13T02:27:36.171+0000][46.087s][info ][safepoint     ] Application time: 0.5092655 seconds
[2023-11-13T02:27:36.171+0000][46.087s][debug][safepoint     ] Waiting for 1 thread(s) to block
[2023-11-13T02:27:36.171+0000][46.087s][info ][safepoint     ] Entering safepoint region: G1CollectForAllocation
[2023-11-13T02:27:36.172+0000][46.088s][info ][gc,start      ] GC(33) Pause Young (Normal) (G1 Evacuation Pause)
[2023-11-13T02:27:36.172+0000][46.088s][info ][gc,task       ] GC(33) Using 6 workers of 6 for evacuation
[2023-11-13T02:27:36.204+0000][46.119s][info ][gc,phases     ] GC(33)   Pre Evacuate Collection Set: 0.0ms
[2023-11-13T02:27:36.204+0000][46.120s][info ][gc,phases     ] GC(33)   Evacuate Collection Set: 27.7ms
[2023-11-13T02:27:36.204+0000][46.120s][info ][gc,phases     ] GC(33)   Post Evacuate Collection Set: 3.2ms
[2023-11-13T02:27:36.204+0000][46.120s][info ][gc,phases     ] GC(33)   Other: 0.7ms
[2023-11-13T02:27:36.205+0000][46.120s][info ][gc,heap       ] GC(33) Eden regions: 389->0(379)
[2023-11-13T02:27:36.205+0000][46.121s][info ][gc,heap       ] GC(33) Survivor regions: 24->34(52)
[2023-11-13T02:27:36.205+0000][46.121s][info ][gc,heap       ] GC(33) Old regions: 94->94
[2023-11-13T02:27:36.205+0000][46.121s][info ][gc,heap       ] GC(33) Humongous regions: 0->0
[2023-11-13T02:27:36.205+0000][46.121s][info ][gc,metaspace  ] GC(33) Metaspace: 142726K(147160K)->142726K(147160K) NonClass: 126002K(128728K)->126002K(128728K) Class: 16723K(18432K)->16723K(18432K)
[2023-11-13T02:27:36.206+0000][46.121s][info ][gc            ] GC(33) Pause Young (Normal) (G1 Evacuation Pause) 505M->126M(689M) 33.565ms
[2023-11-13T02:27:36.206+0000][46.122s][info ][gc,cpu        ] GC(33) User=0.15s Sys=0.00s Real=0.03s
[2023-11-13T02:27:36.206+0000][46.122s][info ][safepoint     ] Leaving safepoint region
[2023-11-13T02:27:36.206+0000][46.122s][info ][safepoint     ] Total time for which application threads were stopped: 0.0349538 seconds, Stopping threads took: 0.0004491 seconds
[2023-11-13T02:27:36.206+0000][46.122s][info ][gc,stringdedup] Concurrent String Deduplication (46.122s)
[2023-11-13T02:27:36.211+0000][46.127s][info ][gc,stringdedup] Concurrent String Deduplication 612.9K->312.2K(300.7K) avg 51.6% (46.122s, 46.127s) 4.512ms
[2023-11-13T02:27:37.214+0000][47.130s][debug][safepoint     ] Safepoint synchronization initiated. (85 threads)
[2023-11-13T02:27:37.215+0000][47.130s][info ][safepoint     ] Application time: 1.0082668 seconds
[2023-11-13T02:27:37.219+0000][47.135s][debug][safepoint     ] ... found polling page loop exception at pc = 0x00007f769ae8ac0f, stub =0x00007f7698841b00
[2023-11-13T02:27:37.220+0000][47.136s][debug][safepoint     ] Waiting for 1 thread(s) to block
[2023-11-13T02:27:37.221+0000][47.136s][info ][safepoint     ] Entering safepoint region: Cleanup
[2023-11-13T02:27:37.221+0000][47.137s][info ][safepoint     ] Leaving safepoint region
[2023-11-13T02:27:37.221+0000][47.137s][info ][safepoint     ] Total time for which application threads were stopped: 0.0064942 seconds, Stopping threads took: 0.0059254 seconds
[2023-11-13T02:27:38.049+0000][47.965s][debug][safepoint     ] Safepoint synchronization initiated. (85 threads)
[2023-11-13T02:27:38.049+0000][47.965s][info ][safepoint     ] Application time: 0.8273151 seconds
[2023-11-13T02:27:38.049+0000][47.965s][debug][safepoint     ] Waiting for 1 thread(s) to block
[2023-11-13T02:27:38.049+0000][47.965s][info ][safepoint     ] Entering safepoint region: G1CollectForAllocation
[2023-11-13T02:27:38.050+0000][47.966s][info ][gc,start      ] GC(34) Pause Young (Normal) (G1 Evacuation Pause)
[2023-11-13T02:27:38.050+0000][47.966s][info ][gc,task       ] GC(34) Using 6 workers of 6 for evacuation
[2023-11-13T02:27:38.096+0000][48.012s][info ][gc,phases     ] GC(34)   Pre Evacuate Collection Set: 0.0ms
[2023-11-13T02:27:38.096+0000][48.012s][info ][gc,phases     ] GC(34)   Evacuate Collection Set: 42.0ms
[2023-11-13T02:27:38.096+0000][48.012s][info ][gc,phases     ] GC(34)   Post Evacuate Collection Set: 3.7ms
[2023-11-13T02:27:38.096+0000][48.012s][info ][gc,phases     ] GC(34)   Other: 0.3ms
[2023-11-13T02:27:38.097+0000][48.013s][info ][gc,heap       ] GC(34) Eden regions: 379->0(383)
[2023-11-13T02:27:38.097+0000][48.013s][info ][gc,heap       ] GC(34) Survivor regions: 34->30(52)
[2023-11-13T02:27:38.097+0000][48.013s][info ][gc,heap       ] GC(34) Old regions: 94->105
[2023-11-13T02:27:38.097+0000][48.013s][info ][gc,heap       ] GC(34) Humongous regions: 0->0
[2023-11-13T02:27:38.097+0000][48.013s][info ][gc,metaspace  ] GC(34) Metaspace: 143357K(147800K)->143357K(147800K) NonClass: 126564K(129240K)->126564K(129240K) Class: 16793K(18560K)->16793K(18560K)
[2023-11-13T02:27:38.098+0000][48.014s][info ][gc            ] GC(34) Pause Young (Normal) (G1 Evacuation Pause) 505M->132M(689M) 48.012ms
[2023-11-13T02:27:38.098+0000][48.014s][info ][gc,cpu        ] GC(34) User=0.19s Sys=0.00s Real=0.05s
[2023-11-13T02:27:38.098+0000][48.014s][info ][safepoint     ] Leaving safepoint region
[2023-11-13T02:27:38.098+0000][48.014s][info ][safepoint     ] Total time for which application threads were stopped: 0.0495164 seconds, Stopping threads took: 0.0000743 seconds
[2023-11-13T02:27:38.101+0000][48.017s][info ][gc,stringdedup] Concurrent String Deduplication (48.017s)
[2023-11-13T02:27:38.104+0000][48.020s][info ][gc,stringdedup] Concurrent String Deduplication 389.6K->159.6K(230.0K) avg 51.8% (48.017s, 48.020s) 2.888ms
[2023-11-13T02:27:39.106+0000][49.022s][debug][safepoint     ] Safepoint synchronization initiated. (85 threads)
[2023-11-13T02:27:39.106+0000][49.022s][info ][safepoint     ] Application time: 1.0078417 seconds
[2023-11-13T02:27:39.111+0000][49.027s][debug][safepoint     ] ... found polling page return exception at pc = 0x00007f76a09a5873, stub =0x00007f7698841800
[2023-11-13T02:27:39.112+0000][49.028s][debug][safepoint     ] Waiting for 1 thread(s) to block
[2023-11-13T02:27:39.112+0000][49.028s][info ][safepoint     ] Entering safepoint region: Cleanup
[2023-11-13T02:27:39.113+0000][49.029s][info ][safepoint     ] Leaving safepoint region
[2023-11-13T02:27:39.113+0000][49.029s][info ][safepoint     ] Total time for which application threads were stopped: 0.0065148 seconds, Stopping threads took: 0.0060281 seconds
[2023-11-13T02:27:39.572+0000][49.488s][debug][safepoint     ] Safepoint synchronization initiated. (85 threads)
[2023-11-13T02:27:39.573+0000][49.489s][info ][safepoint     ] Application time: 0.4598008 seconds
[2023-11-13T02:27:39.573+0000][49.489s][debug][safepoint     ] Waiting for 1 thread(s) to block
[2023-11-13T02:27:39.573+0000][49.489s][info ][safepoint     ] Entering safepoint region: G1CollectForAllocation
[2023-11-13T02:27:39.574+0000][49.489s][info ][gc,start      ] GC(35) Pause Young (Normal) (G1 Evacuation Pause)
[2023-11-13T02:27:39.574+0000][49.490s][info ][gc,task       ] GC(35) Using 6 workers of 6 for evacuation
[2023-11-13T02:27:39.614+0000][49.530s][info ][gc,phases     ] GC(35)   Pre Evacuate Collection Set: 0.0ms
[2023-11-13T02:27:39.614+0000][49.530s][info ][gc,phases     ] GC(35)   Evacuate Collection Set: 36.1ms
[2023-11-13T02:27:39.615+0000][49.531s][info ][gc,phases     ] GC(35)   Post Evacuate Collection Set: 3.7ms
[2023-11-13T02:27:39.615+0000][49.531s][info ][gc,phases     ] GC(35)   Other: 0.7ms
[2023-11-13T02:27:39.615+0000][49.531s][info ][gc,heap       ] GC(35) Eden regions: 383->0(385)
[2023-11-13T02:27:39.615+0000][49.531s][info ][gc,heap       ] GC(35) Survivor regions: 30->28(52)
[2023-11-13T02:27:39.616+0000][49.531s][info ][gc,heap       ] GC(35) Old regions: 105->112
[2023-11-13T02:27:39.616+0000][49.532s][info ][gc,heap       ] GC(35) Humongous regions: 0->0
[2023-11-13T02:27:39.616+0000][49.532s][info ][gc,metaspace  ] GC(35) Metaspace: 143668K(148056K)->143668K(148056K) NonClass: 126849K(129496K)->126849K(129496K) Class: 16819K(18560K)->16819K(18560K)
[2023-11-13T02:27:39.616+0000][49.532s][info ][gc            ] GC(35) Pause Young (Normal) (G1 Evacuation Pause) 515M->137M(689M) 42.579ms
[2023-11-13T02:27:39.616+0000][49.532s][info ][gc,cpu        ] GC(35) User=0.17s Sys=0.00s Real=0.05s
[2023-11-13T02:27:39.617+0000][49.532s][info ][safepoint     ] Leaving safepoint region
[2023-11-13T02:27:39.617+0000][49.533s][info ][safepoint     ] Total time for which application threads were stopped: 0.0438169 seconds, Stopping threads took: 0.0004329 seconds
[2023-11-13T02:27:39.618+0000][49.534s][info ][gc,stringdedup] Concurrent String Deduplication (49.534s)
[2023-11-13T02:27:39.625+0000][49.541s][info ][gc,stringdedup] Concurrent String Deduplication 1020.3K->296.3K(724.0K) avg 52.9% (49.534s, 49.541s) 7.069ms
[2023-11-13T02:27:39.951+0000][49.867s][debug][safepoint     ] Safepoint synchronization initiated. (85 threads)
[2023-11-13T02:27:39.951+0000][49.867s][info ][safepoint     ] Application time: 0.3342080 seconds
[2023-11-13T02:27:39.956+0000][49.872s][debug][safepoint     ] ... found polling page return exception at pc = 0x00007f76a035f71f, stub =0x00007f7698841800
[2023-11-13T02:27:39.957+0000][49.873s][debug][safepoint     ] Waiting for 1 thread(s) to block
[2023-11-13T02:27:39.957+0000][49.873s][info ][safepoint     ] Entering safepoint region: Deoptimize
[2023-11-13T02:27:39.959+0000][49.875s][info ][safepoint     ] Leaving safepoint region
[2023-11-13T02:27:39.959+0000][49.875s][info ][safepoint     ] Total time for which application threads were stopped: 0.0078538 seconds, Stopping threads took: 0.0057678 seconds
[2023-11-13T02:27:40.090+0000][50.006s][debug][safepoint     ] Safepoint synchronization initiated. (85 threads)
[2023-11-13T02:27:40.090+0000][50.006s][info ][safepoint     ] Application time: 0.1305874 seconds
[2023-11-13T02:27:40.095+0000][50.010s][debug][safepoint     ] ... found polling page return exception at pc = 0x00007f76a0616dbb, stub =0x00007f7698841800
[2023-11-13T02:27:40.096+0000][50.012s][debug][safepoint     ] Waiting for 1 thread(s) to block
[2023-11-13T02:27:40.096+0000][50.012s][info ][safepoint     ] Entering safepoint region: Deoptimize
[2023-11-13T02:27:40.098+0000][50.014s][info ][safepoint     ] Leaving safepoint region
[2023-11-13T02:27:40.099+0000][50.015s][info ][safepoint     ] Total time for which application threads were stopped: 0.0084474 seconds, Stopping threads took: 0.0058582 seconds
[2023-11-13T02:27:40.641+0000][50.557s][debug][safepoint     ] Safepoint synchronization initiated. (85 threads)
[2023-11-13T02:27:40.642+0000][50.558s][info ][safepoint     ] Application time: 0.5428830 seconds
[2023-11-13T02:27:40.642+0000][50.558s][debug][safepoint     ] Waiting for 1 thread(s) to block
[2023-11-13T02:27:40.642+0000][50.558s][info ][safepoint     ] Entering safepoint region: G1CollectForAllocation
[2023-11-13T02:27:40.643+0000][50.559s][info ][gc,start      ] GC(36) Pause Young (Normal) (G1 Evacuation Pause)
[2023-11-13T02:27:40.643+0000][50.559s][info ][gc,task       ] GC(36) Using 6 workers of 6 for evacuation
[2023-11-13T02:27:40.677+0000][50.593s][info ][gc,phases     ] GC(36)   Pre Evacuate Collection Set: 0.0ms
[2023-11-13T02:27:40.678+0000][50.594s][info ][gc,phases     ] GC(36)   Evacuate Collection Set: 30.8ms
[2023-11-13T02:27:40.678+0000][50.594s][info ][gc,phases     ] GC(36)   Post Evacuate Collection Set: 3.4ms
[2023-11-13T02:27:40.678+0000][50.594s][info ][gc,phases     ] GC(36)   Other: 0.7ms
[2023-11-13T02:27:40.678+0000][50.594s][info ][gc,heap       ] GC(36) Eden regions: 385->0(386)
[2023-11-13T02:27:40.679+0000][50.595s][info ][gc,heap       ] GC(36) Survivor regions: 28->27(52)
[2023-11-13T02:27:40.679+0000][50.595s][info ][gc,heap       ] GC(36) Old regions: 112->117
[2023-11-13T02:27:40.679+0000][50.595s][info ][gc,heap       ] GC(36) Humongous regions: 0->0
[2023-11-13T02:27:40.679+0000][50.595s][info ][gc,metaspace  ] GC(36) Metaspace: 145592K(150104K)->145592K(150104K) NonClass: 128552K(131288K)->128552K(131288K) Class: 17039K(18816K)->17039K(18816K)
[2023-11-13T02:27:40.680+0000][50.595s][info ][gc            ] GC(36) Pause Young (Normal) (G1 Evacuation Pause) 522M->142M(689M) 36.916ms
[2023-11-13T02:27:40.680+0000][50.596s][info ][gc,cpu        ] GC(36) User=0.15s Sys=0.00s Real=0.04s
[2023-11-13T02:27:40.680+0000][50.596s][info ][safepoint     ] Leaving safepoint region
[2023-11-13T02:27:40.680+0000][50.596s][info ][safepoint     ] Total time for which application threads were stopped: 0.0383342 seconds, Stopping threads took: 0.0004375 seconds
[2023-11-13T02:27:40.681+0000][50.597s][info ][gc,stringdedup] Concurrent String Deduplication (50.597s)
[2023-11-13T02:27:40.685+0000][50.601s][info ][gc,stringdedup] Concurrent String Deduplication 680.0K->223.6K(456.3K) avg 53.4% (50.597s, 50.601s) 4.686ms
[2023-11-13T02:27:41.512+0000][51.428s][debug][safepoint     ] Safepoint synchronization initiated. (85 threads)
[2023-11-13T02:27:41.513+0000][51.429s][info ][safepoint     ] Application time: 0.8321344 seconds
[2023-11-13T02:27:41.517+0000][51.433s][debug][safepoint     ] ... found polling page loop exception at pc = 0x00007f76a080b0da, stub =0x00007f7698841b00
[2023-11-13T02:27:41.518+0000][51.434s][debug][safepoint     ] Waiting for 1 thread(s) to block
[2023-11-13T02:27:41.519+0000][51.434s][info ][safepoint     ] Entering safepoint region: ICBufferFull
[2023-11-13T02:27:41.519+0000][51.435s][info ][safepoint     ] Leaving safepoint region
[2023-11-13T02:27:41.519+0000][51.435s][info ][safepoint     ] Total time for which application threads were stopped: 0.0064404 seconds, Stopping threads took: 0.0058648 seconds
[2023-11-13T02:27:41.737+0000][51.652s][debug][safepoint     ] Safepoint synchronization initiated. (85 threads)
[2023-11-13T02:27:41.737+0000][51.653s][info ][safepoint     ] Application time: 0.2174093 seconds
[2023-11-13T02:27:41.741+0000][51.657s][debug][safepoint     ] ... found polling page return exception at pc = 0x00007f769b055105, stub =0x00007f7698841800
[2023-11-13T02:27:41.743+0000][51.658s][debug][safepoint     ] Waiting for 1 thread(s) to block
[2023-11-13T02:27:41.743+0000][51.659s][info ][safepoint     ] Entering safepoint region: G1CollectForAllocation
[2023-11-13T02:27:41.743+0000][51.659s][info ][gc,start      ] GC(37) Pause Young (Normal) (G1 Evacuation Pause)
[2023-11-13T02:27:41.743+0000][51.659s][info ][gc,task       ] GC(37) Using 6 workers of 6 for evacuation
[2023-11-13T02:27:41.789+0000][51.705s][info ][gc,phases     ] GC(37)   Pre Evacuate Collection Set: 0.0ms
[2023-11-13T02:27:41.790+0000][51.705s][info ][gc,phases     ] GC(37)   Evacuate Collection Set: 41.9ms
[2023-11-13T02:27:41.790+0000][51.705s][info ][gc,phases     ] GC(37)   Post Evacuate Collection Set: 4.1ms
[2023-11-13T02:27:41.790+0000][51.705s][info ][gc,phases     ] GC(37)   Other: 0.3ms
[2023-11-13T02:27:41.790+0000][51.705s][info ][gc,heap       ] GC(37) Eden regions: 386->0(384)
[2023-11-13T02:27:41.790+0000][51.705s][info ][gc,heap       ] GC(37) Survivor regions: 27->29(52)
[2023-11-13T02:27:41.790+0000][51.705s][info ][gc,heap       ] GC(37) Old regions: 117->117
[2023-11-13T02:27:41.790+0000][51.705s][info ][gc,heap       ] GC(37) Humongous regions: 0->0
[2023-11-13T02:27:41.790+0000][51.705s][info ][gc,metaspace  ] GC(37) Metaspace: 146756K(151256K)->146756K(151256K) NonClass: 129545K(132312K)->129545K(132312K) Class: 17210K(18944K)->17210K(18944K)
[2023-11-13T02:27:41.790+0000][51.706s][info ][gc            ] GC(37) Pause Young (Normal) (G1 Evacuation Pause) 528M->144M(689M) 46.526ms
[2023-11-13T02:27:41.790+0000][51.706s][info ][gc,cpu        ] GC(37) User=0.19s Sys=0.00s Real=0.05s
[2023-11-13T02:27:41.790+0000][51.706s][info ][safepoint     ] Leaving safepoint region
[2023-11-13T02:27:41.790+0000][51.706s][info ][safepoint     ] Total time for which application threads were stopped: 0.0525781 seconds, Stopping threads took: 0.0057897 seconds
[2023-11-13T02:27:41.790+0000][51.706s][info ][gc,stringdedup] Concurrent String Deduplication (51.706s)
[2023-11-13T02:27:41.793+0000][51.709s][info ][gc,stringdedup] Concurrent String Deduplication 540.0K->177.4K(362.6K) avg 53.8% (51.706s, 51.709s) 3.419ms
[2023-11-13T02:27:41.888+0000][51.803s][debug][safepoint     ] Safepoint synchronization initiated. (85 threads)
[2023-11-13T02:27:41.888+0000][51.804s][info ][safepoint     ] Application time: 0.0979002 seconds
[2023-11-13T02:27:41.888+0000][51.804s][debug][safepoint     ] ... found polling page loop exception at pc = 0x00007f769a7d5b49, stub =0x00007f7698841b00
[2023-11-13T02:27:41.888+0000][51.804s][debug][safepoint     ] Waiting for 1 thread(s) to block
[2023-11-13T02:27:41.888+0000][51.804s][info ][safepoint     ] Entering safepoint region: Deoptimize
[2023-11-13T02:27:41.890+0000][51.806s][info ][safepoint     ] Leaving safepoint region
[2023-11-13T02:27:41.890+0000][51.806s][info ][safepoint     ] Total time for which application threads were stopped: 0.0026621 seconds, Stopping threads took: 0.0007288 seconds
[2023-11-13T02:27:42.052+0000][51.967s][debug][safepoint     ] Safepoint synchronization initiated. (92 threads)
[2023-11-13T02:27:42.052+0000][51.968s][info ][safepoint     ] Application time: 0.1613067 seconds
[2023-11-13T02:27:42.052+0000][51.968s][info ][safepoint     ] Entering safepoint region: Deoptimize
[2023-11-13T02:27:42.054+0000][51.970s][info ][safepoint     ] Leaving safepoint region
[2023-11-13T02:27:42.054+0000][51.970s][info ][safepoint     ] Total time for which application threads were stopped: 0.0020278 seconds, Stopping threads took: 0.0000427 seconds
[2023-11-13T02:27:42.465+0000][52.381s][debug][safepoint     ] Safepoint synchronization initiated. (131 threads)
[2023-11-13T02:27:42.465+0000][52.381s][info ][safepoint     ] Application time: 0.4117172 seconds
[2023-11-13T02:27:42.466+0000][52.381s][debug][safepoint     ] ... found polling page return exception at pc = 0x00007f76a02da377, stub =0x00007f7698841800
[2023-11-13T02:27:42.466+0000][52.382s][debug][safepoint     ] ... found polling page loop exception at pc = 0x00007f76a0910419, stub =0x00007f7698841b00
[2023-11-13T02:27:42.466+0000][52.382s][debug][safepoint     ] Waiting for 2 thread(s) to block
[2023-11-13T02:27:42.467+0000][52.383s][info ][safepoint     ] Entering safepoint region: ICBufferFull
[2023-11-13T02:27:42.468+0000][52.384s][info ][safepoint     ] Leaving safepoint region
[2023-11-13T02:27:42.468+0000][52.384s][info ][safepoint     ] Total time for which application threads were stopped: 0.0022593 seconds, Stopping threads took: 0.0019331 seconds
[2023-11-13T02:27:42.475+0000][52.391s][debug][safepoint     ] Safepoint synchronization initiated. (131 threads)
[2023-11-13T02:27:42.475+0000][52.391s][info ][safepoint     ] Application time: 0.0076628 seconds
[2023-11-13T02:27:42.475+0000][52.391s][debug][safepoint     ] Waiting for 2 thread(s) to block
[2023-11-13T02:27:42.476+0000][52.391s][info ][safepoint     ] Entering safepoint region: Deoptimize
[2023-11-13T02:27:42.477+0000][52.393s][info ][safepoint     ] Leaving safepoint region
[2023-11-13T02:27:42.477+0000][52.393s][info ][safepoint     ] Total time for which application threads were stopped: 0.0020517 seconds, Stopping threads took: 0.0001104 seconds
[2023-11-13T02:27:42.607+0000][52.523s][debug][safepoint     ] Safepoint synchronization initiated. (131 threads)
[2023-11-13T02:27:42.607+0000][52.523s][info ][safepoint     ] Application time: 0.1299131 seconds
[2023-11-13T02:27:42.613+0000][52.529s][debug][safepoint     ] ... found polling page return exception at pc = 0x00007f76a03582f5, stub =0x00007f7698841800
[2023-11-13T02:27:42.614+0000][52.530s][debug][safepoint     ] Waiting for 2 thread(s) to block
[2023-11-13T02:27:42.614+0000][52.530s][info ][safepoint     ] Entering safepoint region: Deoptimize
[2023-11-13T02:27:42.616+0000][52.532s][info ][safepoint     ] Leaving safepoint region
[2023-11-13T02:27:42.616+0000][52.532s][info ][safepoint     ] Total time for which application threads were stopped: 0.0087343 seconds, Stopping threads took: 0.0067003 seconds
[2023-11-13T02:27:42.639+0000][52.555s][debug][safepoint     ] Safepoint synchronization initiated. (131 threads)
[2023-11-13T02:27:42.639+0000][52.555s][info ][safepoint     ] Application time: 0.0226125 seconds
[2023-11-13T02:27:42.639+0000][52.555s][debug][safepoint     ] Waiting for 4 thread(s) to block
[2023-11-13T02:27:42.639+0000][52.555s][info ][safepoint     ] Entering safepoint region: Deoptimize
[2023-11-13T02:27:42.641+0000][52.557s][info ][safepoint     ] Leaving safepoint region
[2023-11-13T02:27:42.641+0000][52.557s][info ][safepoint     ] Total time for which application threads were stopped: 0.0025825 seconds, Stopping threads took: 0.0005270 seconds
[2023-11-13T02:27:42.642+0000][52.558s][debug][safepoint     ] Safepoint synchronization initiated. (131 threads)
[2023-11-13T02:27:42.642+0000][52.558s][info ][safepoint     ] Application time: 0.0008005 seconds
[2023-11-13T02:27:42.642+0000][52.558s][debug][safepoint     ] ... found polling page return exception at pc = 0x00007f76a0342e49, stub =0x00007f7698841800
[2023-11-13T02:27:42.646+0000][52.562s][debug][safepoint     ] Waiting for 3 thread(s) to block
[2023-11-13T02:27:42.647+0000][52.562s][info ][safepoint     ] Entering safepoint region: Deoptimize
[2023-11-13T02:27:42.648+0000][52.564s][info ][safepoint     ] Leaving safepoint region
[2023-11-13T02:27:42.648+0000][52.564s][info ][safepoint     ] Total time for which application threads were stopped: 0.0055500 seconds, Stopping threads took: 0.0043986 seconds
[2023-11-13T02:27:42.655+0000][52.571s][debug][safepoint     ] Safepoint synchronization initiated. (131 threads)
[2023-11-13T02:27:42.655+0000][52.571s][info ][safepoint     ] Application time: 0.0075280 seconds
[2023-11-13T02:27:42.655+0000][52.571s][debug][safepoint     ] ... found polling page return exception at pc = 0x00007f76a03a4545, stub =0x00007f7698841800
[2023-11-13T02:27:42.655+0000][52.571s][debug][safepoint     ] ... found polling page return exception at pc = 0x00007f76a0a1df21, stub =0x00007f7698841800
[2023-11-13T02:27:42.655+0000][52.571s][debug][safepoint     ] Waiting for 3 thread(s) to block
[2023-11-13T02:27:42.656+0000][52.571s][info ][safepoint     ] Entering safepoint region: Deoptimize
[2023-11-13T02:27:42.658+0000][52.574s][info ][safepoint     ] Leaving safepoint region
[2023-11-13T02:27:42.658+0000][52.574s][info ][safepoint     ] Total time for which application threads were stopped: 0.0023363 seconds, Stopping threads took: 0.0002839 seconds
[2023-11-13T02:27:42.824+0000][52.740s][debug][safepoint     ] Safepoint synchronization initiated. (137 threads)
[2023-11-13T02:27:42.824+0000][52.740s][info ][safepoint     ] Application time: 0.1667185 seconds
[2023-11-13T02:27:42.824+0000][52.740s][debug][safepoint     ] Waiting for 1 thread(s) to block
[2023-11-13T02:27:42.825+0000][52.740s][info ][safepoint     ] Entering safepoint region: Deoptimize
[2023-11-13T02:27:42.827+0000][52.743s][info ][safepoint     ] Leaving safepoint region
[2023-11-13T02:27:42.827+0000][52.743s][info ][safepoint     ] Total time for which application threads were stopped: 0.0022837 seconds, Stopping threads took: 0.0001258 seconds
[2023-11-13T02:27:42.837+0000][52.753s][debug][safepoint     ] Safepoint synchronization initiated. (137 threads)
[2023-11-13T02:27:42.837+0000][52.753s][info ][safepoint     ] Application time: 0.0105608 seconds
[2023-11-13T02:27:42.837+0000][52.753s][debug][safepoint     ] ... found polling page return exception at pc = 0x00007f76a0a6772e, stub =0x00007f7698841800
[2023-11-13T02:27:42.838+0000][52.753s][debug][safepoint     ] Waiting for 2 thread(s) to block
[2023-11-13T02:27:42.838+0000][52.753s][info ][safepoint     ] Entering safepoint region: Deoptimize
[2023-11-13T02:27:42.840+0000][52.756s][info ][safepoint     ] Leaving safepoint region
[2023-11-13T02:27:42.840+0000][52.756s][info ][safepoint     ] Total time for which application threads were stopped: 0.0025034 seconds, Stopping threads took: 0.0003143 seconds
[2023-11-13T02:27:42.852+0000][52.768s][debug][safepoint     ] Safepoint synchronization initiated. (137 threads)
[2023-11-13T02:27:42.852+0000][52.768s][info ][safepoint     ] Application time: 0.0125634 seconds
[2023-11-13T02:27:42.852+0000][52.768s][info ][safepoint     ] Entering safepoint region: Deoptimize
[2023-11-13T02:27:42.854+0000][52.770s][info ][safepoint     ] Leaving safepoint region
[2023-11-13T02:27:42.854+0000][52.770s][info ][safepoint     ] Total time for which application threads were stopped: 0.0020691 seconds, Stopping threads took: 0.0000745 seconds
[2023-11-13T02:27:43.292+0000][53.208s][debug][safepoint     ] Safepoint synchronization initiated. (169 threads)
[2023-11-13T02:27:43.292+0000][53.208s][info ][safepoint     ] Application time: 0.4375106 seconds
[2023-11-13T02:27:43.292+0000][53.208s][info ][safepoint     ] Entering safepoint region: ICBufferFull
[2023-11-13T02:27:43.292+0000][53.208s][info ][safepoint     ] Leaving safepoint region
[2023-11-13T02:27:43.292+0000][53.208s][info ][safepoint     ] Total time for which application threads were stopped: 0.0004477 seconds, Stopping threads took: 0.0000592 seconds
[2023-11-13T02:27:43.574+0000][53.489s][debug][safepoint     ] Safepoint synchronization initiated. (170 threads)
[2023-11-13T02:27:43.574+0000][53.489s][info ][safepoint     ] Application time: 0.2811080 seconds
[2023-11-13T02:27:43.574+0000][53.490s][debug][safepoint     ] ... found polling page return exception at pc = 0x00007f76a0aa04f6, stub =0x00007f7698841800
[2023-11-13T02:27:43.574+0000][53.490s][debug][safepoint     ] Waiting for 1 thread(s) to block
[2023-11-13T02:27:43.574+0000][53.490s][info ][safepoint     ] Entering safepoint region: Deoptimize
[2023-11-13T02:27:43.576+0000][53.492s][info ][safepoint     ] Leaving safepoint region
[2023-11-13T02:27:43.576+0000][53.492s][info ][safepoint     ] Total time for which application threads were stopped: 0.0022873 seconds, Stopping threads took: 0.0001655 seconds
[2023-11-13T02:27:44.576+0000][54.492s][debug][safepoint     ] Safepoint synchronization initiated. (170 threads)
[2023-11-13T02:27:44.576+0000][54.492s][info ][safepoint     ] Application time: 1.0002484 seconds
[2023-11-13T02:27:44.576+0000][54.492s][info ][safepoint     ] Entering safepoint region: Cleanup
[2023-11-13T02:27:44.576+0000][54.492s][info ][safepoint     ] Leaving safepoint region
[2023-11-13T02:27:44.577+0000][54.492s][info ][safepoint     ] Total time for which application threads were stopped: 0.0002910 seconds, Stopping threads took: 0.0000666 seconds
[2023-11-13T02:27:45.577+0000][55.493s][debug][safepoint     ] Safepoint synchronization initiated. (170 threads)
[2023-11-13T02:27:45.577+0000][55.493s][info ][safepoint     ] Application time: 1.0002945 seconds
[2023-11-13T02:27:45.577+0000][55.493s][info ][safepoint     ] Entering safepoint region: Cleanup
[2023-11-13T02:27:45.577+0000][55.493s][info ][safepoint     ] Leaving safepoint region
[2023-11-13T02:27:45.577+0000][55.493s][info ][safepoint     ] Total time for which application threads were stopped: 0.0005331 seconds, Stopping threads took: 0.0000994 seconds
[2023-11-13T02:27:45.957+0000][55.873s][debug][safepoint     ] Safepoint synchronization initiated. (170 threads)
[2023-11-13T02:27:45.957+0000][55.873s][info ][safepoint     ] Application time: 0.3797541 seconds
[2023-11-13T02:27:45.957+0000][55.873s][info ][safepoint     ] Entering safepoint region: Deoptimize
[2023-11-13T02:27:45.960+0000][55.876s][info ][safepoint     ] Leaving safepoint region
[2023-11-13T02:27:45.960+0000][55.876s][info ][safepoint     ] Total time for which application threads were stopped: 0.0031477 seconds, Stopping threads took: 0.0000893 seconds
[2023-11-13T02:27:46.961+0000][56.876s][debug][safepoint     ] Safepoint synchronization initiated. (170 threads)
[2023-11-13T02:27:46.961+0000][56.876s][info ][safepoint     ] Application time: 1.0001644 seconds
[2023-11-13T02:27:46.961+0000][56.876s][debug][safepoint     ] Waiting for 1 thread(s) to block
[2023-11-13T02:27:46.961+0000][56.877s][info ][safepoint     ] Entering safepoint region: Cleanup
[2023-11-13T02:27:46.961+0000][56.877s][info ][safepoint     ] Leaving safepoint region
[2023-11-13T02:27:46.961+0000][56.877s][info ][safepoint     ] Total time for which application threads were stopped: 0.0006823 seconds, Stopping threads took: 0.0003935 seconds
[2023-11-13T02:27:47.406+0000][57.321s][debug][safepoint     ] Safepoint synchronization initiated. (170 threads)
[2023-11-13T02:27:47.406+0000][57.322s][info ][safepoint     ] Application time: 0.4443393 seconds
[2023-11-13T02:27:47.406+0000][57.322s][debug][safepoint     ] Waiting for 1 thread(s) to block
[2023-11-13T02:27:47.406+0000][57.322s][info ][safepoint     ] Entering safepoint region: Deoptimize
[2023-11-13T02:27:47.408+0000][57.324s][info ][safepoint     ] Leaving safepoint region
[2023-11-13T02:27:47.408+0000][57.324s][info ][safepoint     ] Total time for which application threads were stopped: 0.0026127 seconds, Stopping threads took: 0.0000949 seconds
[2023-11-13T02:27:48.408+0000][58.324s][debug][safepoint     ] Safepoint synchronization initiated. (172 threads)
[2023-11-13T02:27:48.408+0000][58.324s][info ][safepoint     ] Application time: 1.0002076 seconds
[2023-11-13T02:27:48.409+0000][58.324s][info ][safepoint     ] Entering safepoint region: Cleanup
[2023-11-13T02:27:48.409+0000][58.325s][info ][safepoint     ] Leaving safepoint region
[2023-11-13T02:27:48.409+0000][58.325s][info ][safepoint     ] Total time for which application threads were stopped: 0.0004169 seconds, Stopping threads took: 0.0000632 seconds
[2023-11-13T02:27:49.409+0000][59.325s][debug][safepoint     ] Safepoint synchronization initiated. (174 threads)
[2023-11-13T02:27:49.409+0000][59.325s][info ][safepoint     ] Application time: 1.0001708 seconds
[2023-11-13T02:27:49.409+0000][59.325s][info ][safepoint     ] Entering safepoint region: Cleanup
[2023-11-13T02:27:49.409+0000][59.325s][info ][safepoint     ] Leaving safepoint region
[2023-11-13T02:27:49.409+0000][59.325s][info ][safepoint     ] Total time for which application threads were stopped: 0.0002939 seconds, Stopping threads took: 0.0000595 seconds
[2023-11-13T02:27:50.410+0000][60.325s][debug][safepoint     ] Safepoint synchronization initiated. (174 threads)
[2023-11-13T02:27:50.410+0000][60.326s][info ][safepoint     ] Application time: 1.0002347 seconds
[2023-11-13T02:27:50.410+0000][60.326s][info ][safepoint     ] Entering safepoint region: Cleanup
[2023-11-13T02:27:50.410+0000][60.326s][info ][safepoint     ] Leaving safepoint region
[2023-11-13T02:27:50.410+0000][60.326s][info ][safepoint     ] Total time for which application threads were stopped: 0.0005581 seconds, Stopping threads took: 0.0001094 seconds
[2023-11-13T02:27:51.410+0000][61.326s][debug][safepoint     ] Safepoint synchronization initiated. (174 threads)
[2023-11-13T02:27:51.410+0000][61.326s][info ][safepoint     ] Application time: 1.0001883 seconds
[2023-11-13T02:27:51.411+0000][61.326s][info ][safepoint     ] Entering safepoint region: Cleanup
[2023-11-13T02:27:51.411+0000][61.327s][info ][safepoint     ] Leaving safepoint region
[2023-11-13T02:27:51.411+0000][61.327s][info ][safepoint     ] Total time for which application threads were stopped: 0.0005922 seconds, Stopping threads took: 0.0000632 seconds
[2023-11-13T02:27:52.411+0000][62.327s][debug][safepoint     ] Safepoint synchronization initiated. (174 threads)
[2023-11-13T02:27:52.411+0000][62.327s][info ][safepoint     ] Application time: 1.0001694 seconds
[2023-11-13T02:27:52.411+0000][62.327s][info ][safepoint     ] Entering safepoint region: Cleanup
[2023-11-13T02:27:52.412+0000][62.327s][info ][safepoint     ] Leaving safepoint region
[2023-11-13T02:27:52.412+0000][62.327s][info ][safepoint     ] Total time for which application threads were stopped: 0.0002969 seconds, Stopping threads took: 0.0000618 seconds
[2023-11-13T02:27:53.412+0000][63.328s][debug][safepoint     ] Safepoint synchronization initiated. (174 threads)
[2023-11-13T02:27:53.413+0000][63.329s][info ][safepoint     ] Application time: 1.0011214 seconds
[2023-11-13T02:27:53.413+0000][63.329s][info ][safepoint     ] Entering safepoint region: Cleanup
[2023-11-13T02:27:53.414+0000][63.330s][info ][safepoint     ] Leaving safepoint region
[2023-11-13T02:27:53.414+0000][63.330s][info ][safepoint     ] Total time for which application threads were stopped: 0.0010022 seconds, Stopping threads took: 0.0004608 seconds
[2023-11-13T02:27:53.414+0000][63.330s][debug][safepoint     ] ... found polling page return exception at pc = 0x00007f76a0bcdf6a, stub =0x00007f7698841800
[2023-11-13T02:27:54.414+0000][64.330s][debug][safepoint     ] Safepoint synchronization initiated. (175 threads)
[2023-11-13T02:27:54.414+0000][64.330s][info ][safepoint     ] Application time: 1.0002048 seconds
[2023-11-13T02:27:54.415+0000][64.330s][info ][safepoint     ] Entering safepoint region: Cleanup
[2023-11-13T02:27:54.415+0000][64.331s][info ][safepoint     ] Leaving safepoint region
[2023-11-13T02:27:54.415+0000][64.331s][info ][safepoint     ] Total time for which application threads were stopped: 0.0004075 seconds, Stopping threads took: 0.0001118 seconds
[2023-11-13T02:27:55.415+0000][65.331s][debug][safepoint     ] Safepoint synchronization initiated. (175 threads)
[2023-11-13T02:27:55.416+0000][65.332s][info ][safepoint     ] Application time: 1.0007774 seconds
[2023-11-13T02:27:55.416+0000][65.332s][info ][safepoint     ] Entering safepoint region: Cleanup
[2023-11-13T02:27:55.417+0000][65.333s][info ][safepoint     ] Leaving safepoint region
[2023-11-13T02:27:55.418+0000][65.334s][info ][safepoint     ] Total time for which application threads were stopped: 0.0015798 seconds, Stopping threads took: 0.0005825 seconds
[2023-11-13T02:27:56.418+0000][66.334s][debug][safepoint     ] Safepoint synchronization initiated. (175 threads)
[2023-11-13T02:27:56.419+0000][66.335s][info ][safepoint     ] Application time: 1.0004349 seconds
[2023-11-13T02:27:56.419+0000][66.335s][info ][safepoint     ] Entering safepoint region: Cleanup
[2023-11-13T02:27:56.419+0000][66.335s][info ][safepoint     ] Leaving safepoint region
[2023-11-13T02:27:56.419+0000][66.335s][info ][safepoint     ] Total time for which application threads were stopped: 0.0005405 seconds, Stopping threads took: 0.0002483 seconds
[2023-11-13T02:27:57.420+0000][67.335s][debug][safepoint     ] Safepoint synchronization initiated. (175 threads)
[2023-11-13T02:27:57.420+0000][67.336s][info ][safepoint     ] Application time: 1.0001673 seconds
[2023-11-13T02:27:57.420+0000][67.336s][info ][safepoint     ] Entering safepoint region: Cleanup
[2023-11-13T02:27:57.420+0000][67.336s][info ][safepoint     ] Leaving safepoint region
[2023-11-13T02:27:57.420+0000][67.336s][info ][safepoint     ] Total time for which application threads were stopped: 0.0003713 seconds, Stopping threads took: 0.0000934 seconds
[2023-11-13T02:27:58.420+0000][68.336s][debug][safepoint     ] Safepoint synchronization initiated. (175 threads)
[2023-11-13T02:27:58.420+0000][68.336s][info ][safepoint     ] Application time: 1.0001778 seconds
[2023-11-13T02:27:58.420+0000][68.336s][info ][safepoint     ] Entering safepoint region: Cleanup
[2023-11-13T02:27:58.421+0000][68.337s][info ][safepoint     ] Leaving safepoint region
[2023-11-13T02:27:58.421+0000][68.337s][info ][safepoint     ] Total time for which application threads were stopped: 0.0006331 seconds, Stopping threads took: 0.0000657 seconds
[2023-11-13T02:28:01.547+0000][71.463s][debug][safepoint     ] Safepoint synchronization initiated. (175 threads)
[2023-11-13T02:28:01.548+0000][71.464s][info ][safepoint     ] Application time: 3.1266249 seconds
[2023-11-13T02:28:01.548+0000][71.464s][debug][safepoint     ] Waiting for 1 thread(s) to block
[2023-11-13T02:28:01.550+0000][71.466s][info ][safepoint     ] Entering safepoint region: G1CollectForAllocation
[2023-11-13T02:28:01.551+0000][71.467s][info ][gc,start      ] GC(38) Pause Young (Normal) (G1 Evacuation Pause)
[2023-11-13T02:28:01.551+0000][71.467s][info ][gc,task       ] GC(38) Using 6 workers of 6 for evacuation
[2023-11-13T02:28:01.626+0000][71.542s][info ][gc,phases     ] GC(38)   Pre Evacuate Collection Set: 0.1ms
[2023-11-13T02:28:01.628+0000][71.543s][info ][gc,phases     ] GC(38)   Evacuate Collection Set: 66.3ms
[2023-11-13T02:28:01.628+0000][71.544s][info ][gc,phases     ] GC(38)   Post Evacuate Collection Set: 7.9ms
[2023-11-13T02:28:01.629+0000][71.545s][info ][gc,phases     ] GC(38)   Other: 1.6ms
[2023-11-13T02:28:01.629+0000][71.545s][info ][gc,heap       ] GC(38) Eden regions: 384->0(388)
[2023-11-13T02:28:01.630+0000][71.545s][info ][gc,heap       ] GC(38) Survivor regions: 29->25(52)
[2023-11-13T02:28:01.630+0000][71.546s][info ][gc,heap       ] GC(38) Old regions: 117->128
[2023-11-13T02:28:01.631+0000][71.546s][info ][gc,heap       ] GC(38) Humongous regions: 0->0
[2023-11-13T02:28:01.631+0000][71.547s][info ][gc,metaspace  ] GC(38) Metaspace: 159017K(164312K)->159017K(164312K) NonClass: 140399K(143576K)->140399K(143576K) Class: 18618K(20736K)->18618K(20736K)
[2023-11-13T02:28:01.632+0000][71.547s][info ][gc            ] GC(38) Pause Young (Normal) (G1 Evacuation Pause) 528M->150M(689M) 80.838ms
[2023-11-13T02:28:01.632+0000][71.548s][info ][gc,cpu        ] GC(38) User=0.30s Sys=0.00s Real=0.08s
[2023-11-13T02:28:01.633+0000][71.549s][info ][safepoint     ] Leaving safepoint region
[2023-11-13T02:28:01.633+0000][71.549s][info ][safepoint     ] Total time for which application threads were stopped: 0.0850307 seconds, Stopping threads took: 0.0019999 seconds
[2023-11-13T02:28:01.634+0000][71.550s][info ][gc,stringdedup] Concurrent String Deduplication (71.550s)
[2023-11-13T02:28:01.641+0000][71.556s][info ][gc,stringdedup] Concurrent String Deduplication 402.6K->152.0K(250.6K) avg 54.0% (71.550s, 71.556s) 6.685ms
[2023-11-13T02:28:02.644+0000][72.560s][debug][safepoint     ] Safepoint synchronization initiated. (175 threads)
[2023-11-13T02:28:02.644+0000][72.560s][info ][safepoint     ] Application time: 1.0101437 seconds
[2023-11-13T02:28:02.644+0000][72.560s][info ][safepoint     ] Entering safepoint region: Cleanup
[2023-11-13T02:28:02.644+0000][72.560s][info ][safepoint     ] Leaving safepoint region
[2023-11-13T02:28:02.644+0000][72.560s][info ][safepoint     ] Total time for which application threads were stopped: 0.0004157 seconds, Stopping threads took: 0.0000920 seconds
[2023-11-13T02:28:05.645+0000][75.561s][debug][safepoint     ] Safepoint synchronization initiated. (175 threads)
[2023-11-13T02:28:05.645+0000][75.561s][info ][safepoint     ] Application time: 3.0004881 seconds
[2023-11-13T02:28:05.645+0000][75.561s][info ][safepoint     ] Entering safepoint region: Cleanup
[2023-11-13T02:28:05.646+0000][75.562s][info ][safepoint     ] Leaving safepoint region
[2023-11-13T02:28:05.647+0000][75.562s][info ][safepoint     ] Total time for which application threads were stopped: 0.0016713 seconds, Stopping threads took: 0.0010220 seconds
[2023-11-13T02:28:07.647+0000][77.563s][debug][safepoint     ] Safepoint synchronization initiated. (175 threads)
[2023-11-13T02:28:07.647+0000][77.563s][info ][safepoint     ] Application time: 2.0002523 seconds
[2023-11-13T02:28:07.647+0000][77.563s][info ][safepoint     ] Entering safepoint region: Cleanup
[2023-11-13T02:28:07.648+0000][77.563s][info ][safepoint     ] Leaving safepoint region
[2023-11-13T02:28:07.648+0000][77.564s][info ][safepoint     ] Total time for which application threads were stopped: 0.0005413 seconds, Stopping threads took: 0.0000583 seconds
[2023-11-13T02:28:08.648+0000][78.564s][debug][safepoint     ] Safepoint synchronization initiated. (175 threads)
[2023-11-13T02:28:08.648+0000][78.564s][info ][safepoint     ] Application time: 1.0002146 seconds
[2023-11-13T02:28:08.648+0000][78.564s][info ][safepoint     ] Entering safepoint region: Cleanup
[2023-11-13T02:28:08.648+0000][78.564s][info ][safepoint     ] Leaving safepoint region
[2023-11-13T02:28:08.648+0000][78.564s][info ][safepoint     ] Total time for which application threads were stopped: 0.0004884 seconds, Stopping threads took: 0.0001103 seconds
[2023-11-13T02:28:10.649+0000][80.565s][debug][safepoint     ] Safepoint synchronization initiated. (175 threads)
[2023-11-13T02:28:10.649+0000][80.565s][info ][safepoint     ] Application time: 2.0003198 seconds
[2023-11-13T02:28:10.649+0000][80.565s][info ][safepoint     ] Entering safepoint region: Cleanup
[2023-11-13T02:28:10.649+0000][80.565s][info ][safepoint     ] Leaving safepoint region
[2023-11-13T02:28:10.649+0000][80.565s][info ][safepoint     ] Total time for which application threads were stopped: 0.0004462 seconds, Stopping threads took: 0.0000910 seconds
[2023-11-13T02:28:19.650+0000][89.566s][debug][safepoint     ] Safepoint synchronization initiated. (175 threads)
[2023-11-13T02:28:19.650+0000][89.566s][info ][safepoint     ] Application time: 9.0011584 seconds
[2023-11-13T02:28:19.651+0000][89.566s][info ][safepoint     ] Entering safepoint region: Cleanup
[2023-11-13T02:28:19.651+0000][89.567s][info ][safepoint     ] Leaving safepoint region
[2023-11-13T02:28:19.651+0000][89.567s][info ][safepoint     ] Total time for which application threads were stopped: 0.0003715 seconds, Stopping threads took: 0.0001088 seconds
[2023-11-13T02:28:28.652+0000][98.568s][debug][safepoint     ] Safepoint synchronization initiated. (183 threads)
[2023-11-13T02:28:28.652+0000][98.568s][info ][safepoint     ] Application time: 9.0011733 seconds
[2023-11-13T02:28:28.652+0000][98.568s][info ][safepoint     ] Entering safepoint region: Cleanup
[2023-11-13T02:28:28.653+0000][98.569s][info ][safepoint     ] Leaving safepoint region
[2023-11-13T02:28:28.653+0000][98.569s][info ][safepoint     ] Total time for which application threads were stopped: 0.0008030 seconds, Stopping threads took: 0.0002721 seconds
[2023-11-13T02:28:29.653+0000][99.569s][debug][safepoint     ] Safepoint synchronization initiated. (183 threads)
[2023-11-13T02:28:29.654+0000][99.570s][info ][safepoint     ] Application time: 1.0006737 seconds
[2023-11-13T02:28:29.654+0000][99.570s][info ][safepoint     ] Entering safepoint region: Cleanup
[2023-11-13T02:28:29.655+0000][99.570s][info ][safepoint     ] Leaving safepoint region
[2023-11-13T02:28:29.655+0000][99.571s][info ][safepoint     ] Total time for which application threads were stopped: 0.0006488 seconds, Stopping threads took: 0.0002693 seconds
[2023-11-13T02:28:30.655+0000][100.571s][debug][safepoint     ] Safepoint synchronization initiated. (183 threads)
[2023-11-13T02:28:30.655+0000][100.571s][info ][safepoint     ] Application time: 1.0003826 seconds
[2023-11-13T02:28:30.656+0000][100.571s][debug][safepoint     ] Waiting for 1 thread(s) to block
[2023-11-13T02:28:30.656+0000][100.572s][info ][safepoint     ] Entering safepoint region: Cleanup
[2023-11-13T02:28:30.656+0000][100.572s][info ][safepoint     ] Leaving safepoint region
[2023-11-13T02:28:30.656+0000][100.572s][info ][safepoint     ] Total time for which application threads were stopped: 0.0008621 seconds, Stopping threads took: 0.0005061 seconds
[2023-11-13T02:28:32.658+0000][102.574s][debug][safepoint     ] Safepoint synchronization initiated. (183 threads)
[2023-11-13T02:28:32.658+0000][102.574s][info ][safepoint     ] Application time: 2.0016093 seconds
[2023-11-13T02:28:32.658+0000][102.574s][info ][safepoint     ] Entering safepoint region: Cleanup
[2023-11-13T02:28:32.659+0000][102.575s][info ][safepoint     ] Leaving safepoint region
[2023-11-13T02:28:32.659+0000][102.575s][info ][safepoint     ] Total time for which application threads were stopped: 0.0004421 seconds, Stopping threads took: 0.0001072 seconds
[2023-11-13T02:28:33.659+0000][103.575s][debug][safepoint     ] Safepoint synchronization initiated. (183 threads)
[2023-11-13T02:28:33.659+0000][103.575s][info ][safepoint     ] Application time: 1.0002583 seconds
[2023-11-13T02:28:33.659+0000][103.575s][info ][safepoint     ] Entering safepoint region: Cleanup
[2023-11-13T02:28:33.660+0000][103.575s][info ][safepoint     ] Leaving safepoint region
[2023-11-13T02:28:33.660+0000][103.575s][info ][safepoint     ] Total time for which application threads were stopped: 0.0005242 seconds, Stopping threads took: 0.0001389 seconds
[2023-11-13T02:28:38.660+0000][108.576s][debug][safepoint     ] Safepoint synchronization initiated. (183 threads)
[2023-11-13T02:28:38.660+0000][108.576s][info ][safepoint     ] Application time: 5.0007602 seconds
[2023-11-13T02:28:38.661+0000][108.576s][info ][safepoint     ] Entering safepoint region: Cleanup
[2023-11-13T02:28:38.661+0000][108.577s][info ][safepoint     ] Leaving safepoint region
[2023-11-13T02:28:38.661+0000][108.577s][info ][safepoint     ] Total time for which application threads were stopped: 0.0005697 seconds, Stopping threads took: 0.0001613 seconds
[2023-11-13T02:28:42.662+0000][112.578s][debug][safepoint     ] Safepoint synchronization initiated. (184 threads)
[2023-11-13T02:28:42.662+0000][112.578s][info ][safepoint     ] Application time: 4.0008314 seconds
[2023-11-13T02:28:42.662+0000][112.578s][info ][safepoint     ] Entering safepoint region: Cleanup
[2023-11-13T02:28:42.663+0000][112.579s][info ][safepoint     ] Leaving safepoint region
[2023-11-13T02:28:42.663+0000][112.579s][info ][safepoint     ] Total time for which application threads were stopped: 0.0008274 seconds, Stopping threads took: 0.0001192 seconds
[2023-11-13T02:28:43.664+0000][113.580s][debug][safepoint     ] Safepoint synchronization initiated. (182 threads)
[2023-11-13T02:28:43.664+0000][113.580s][info ][safepoint     ] Application time: 1.0014934 seconds
[2023-11-13T02:28:43.664+0000][113.580s][info ][safepoint     ] Entering safepoint region: Cleanup
[2023-11-13T02:28:43.666+0000][113.581s][info ][safepoint     ] Leaving safepoint region
[2023-11-13T02:28:43.666+0000][113.581s][info ][safepoint     ] Total time for which application threads were stopped: 0.0012799 seconds, Stopping threads took: 0.0000754 seconds
[2023-11-13T02:28:46.666+0000][116.582s][debug][safepoint     ] Safepoint synchronization initiated. (182 threads)
[2023-11-13T02:28:46.666+0000][116.582s][info ][safepoint     ] Application time: 3.0005664 seconds
[2023-11-13T02:28:46.666+0000][116.582s][info ][safepoint     ] Entering safepoint region: Cleanup
[2023-11-13T02:28:46.666+0000][116.582s][info ][safepoint     ] Leaving safepoint region
[2023-11-13T02:28:46.666+0000][116.582s][info ][safepoint     ] Total time for which application threads were stopped: 0.0002859 seconds, Stopping threads took: 0.0000675 seconds
[2023-11-13T02:28:47.667+0000][117.582s][debug][safepoint     ] Safepoint synchronization initiated. (182 threads)
[2023-11-13T02:28:47.667+0000][117.583s][info ][safepoint     ] Application time: 1.0002001 seconds
[2023-11-13T02:28:47.667+0000][117.583s][info ][safepoint     ] Entering safepoint region: Cleanup
[2023-11-13T02:28:47.667+0000][117.583s][info ][safepoint     ] Leaving safepoint region
[2023-11-13T02:28:47.667+0000][117.583s][info ][safepoint     ] Total time for which application threads were stopped: 0.0004479 seconds, Stopping threads took: 0.0001225 seconds
[2023-11-13T02:28:52.668+0000][122.583s][debug][safepoint     ] Safepoint synchronization initiated. (182 threads)
[2023-11-13T02:28:52.668+0000][122.584s][info ][safepoint     ] Application time: 5.0005355 seconds
[2023-11-13T02:28:52.668+0000][122.584s][info ][safepoint     ] Entering safepoint region: Cleanup
[2023-11-13T02:28:52.668+0000][122.584s][info ][safepoint     ] Leaving safepoint region
[2023-11-13T02:28:52.668+0000][122.584s][info ][safepoint     ] Total time for which application threads were stopped: 0.0004764 seconds, Stopping threads took: 0.0000694 seconds
[2023-11-13T02:29:08.673+0000][138.589s][debug][safepoint     ] Safepoint synchronization initiated. (182 threads)
[2023-11-13T02:29:08.673+0000][138.589s][info ][safepoint     ] Application time: 16.0052636 seconds
[2023-11-13T02:29:08.674+0000][138.589s][info ][safepoint     ] Entering safepoint region: Cleanup
[2023-11-13T02:29:08.674+0000][138.590s][info ][safepoint     ] Leaving safepoint region
[2023-11-13T02:29:08.674+0000][138.590s][info ][safepoint     ] Total time for which application threads were stopped: 0.0007220 seconds, Stopping threads took: 0.0001530 seconds
[2023-11-13T02:29:11.675+0000][141.590s][debug][safepoint     ] Safepoint synchronization initiated. (182 threads)
[2023-11-13T02:29:11.675+0000][141.591s][info ][safepoint     ] Application time: 3.0004703 seconds
[2023-11-13T02:29:11.675+0000][141.591s][info ][safepoint     ] Entering safepoint region: Cleanup
[2023-11-13T02:29:11.675+0000][141.591s][info ][safepoint     ] Leaving safepoint region
[2023-11-13T02:29:11.676+0000][141.591s][info ][safepoint     ] Total time for which application threads were stopped: 0.0007375 seconds, Stopping threads took: 0.0001958 seconds
[2023-11-13T02:29:22.680+0000][152.596s][debug][safepoint     ] Safepoint synchronization initiated. (182 threads)
[2023-11-13T02:29:22.680+0000][152.596s][info ][safepoint     ] Application time: 11.0046146 seconds
[2023-11-13T02:29:22.680+0000][152.596s][info ][safepoint     ] Entering safepoint region: Cleanup
[2023-11-13T02:29:22.680+0000][152.596s][info ][safepoint     ] Leaving safepoint region
[2023-11-13T02:29:22.681+0000][152.596s][info ][safepoint     ] Total time for which application threads were stopped: 0.0003553 seconds, Stopping threads took: 0.0000697 seconds
[2023-11-13T02:29:23.681+0000][153.597s][debug][safepoint     ] Safepoint synchronization initiated. (181 threads)
[2023-11-13T02:29:23.681+0000][153.597s][info ][safepoint     ] Application time: 1.0002547 seconds
[2023-11-13T02:29:23.681+0000][153.597s][info ][safepoint     ] Entering safepoint region: Cleanup
[2023-11-13T02:29:23.681+0000][153.597s][info ][safepoint     ] Leaving safepoint region
[2023-11-13T02:29:23.682+0000][153.597s][info ][safepoint     ] Total time for which application threads were stopped: 0.0006786 seconds, Stopping threads took: 0.0001086 seconds
[2023-11-13T02:29:24.682+0000][154.598s][debug][safepoint     ] Safepoint synchronization initiated. (182 threads)
[2023-11-13T02:29:24.682+0000][154.598s][info ][safepoint     ] Application time: 1.0002474 seconds
[2023-11-13T02:29:24.682+0000][154.598s][info ][safepoint     ] Entering safepoint region: Cleanup
[2023-11-13T02:29:24.682+0000][154.598s][info ][safepoint     ] Leaving safepoint region
[2023-11-13T02:29:24.682+0000][154.598s][info ][safepoint     ] Total time for which application threads were stopped: 0.0006395 seconds, Stopping threads took: 0.0000960 seconds
[2023-11-13T02:29:25.683+0000][155.598s][debug][safepoint     ] Safepoint synchronization initiated. (182 threads)
[2023-11-13T02:29:25.683+0000][155.599s][info ][safepoint     ] Application time: 1.0002126 seconds
[2023-11-13T02:29:25.683+0000][155.599s][info ][safepoint     ] Entering safepoint region: Cleanup
[2023-11-13T02:29:25.683+0000][155.599s][info ][safepoint     ] Leaving safepoint region
[2023-11-13T02:29:25.683+0000][155.599s][info ][safepoint     ] Total time for which application threads were stopped: 0.0004670 seconds, Stopping threads took: 0.0000847 seconds
[2023-11-13T02:29:26.683+0000][156.599s][debug][safepoint     ] Safepoint synchronization initiated. (182 threads)
[2023-11-13T02:29:26.683+0000][156.599s][info ][safepoint     ] Application time: 1.0001806 seconds
[2023-11-13T02:29:26.683+0000][156.599s][info ][safepoint     ] Entering safepoint region: Cleanup
[2023-11-13T02:29:26.684+0000][156.600s][info ][safepoint     ] Leaving safepoint region
[2023-11-13T02:29:26.684+0000][156.600s][info ][safepoint     ] Total time for which application threads were stopped: 0.0002981 seconds, Stopping threads took: 0.0000724 seconds
[2023-11-13T02:29:27.686+0000][157.602s][debug][safepoint     ] Safepoint synchronization initiated. (182 threads)
[2023-11-13T02:29:27.686+0000][157.602s][info ][safepoint     ] Application time: 1.0023508 seconds
[2023-11-13T02:29:27.686+0000][157.602s][debug][safepoint     ] ... found polling page loop exception at pc = 0x00007f76a03849a6, stub =0x00007f7698841b00
[2023-11-13T02:29:27.686+0000][157.602s][debug][safepoint     ] Waiting for 1 thread(s) to block
[2023-11-13T02:29:27.688+0000][157.604s][info ][safepoint     ] Entering safepoint region: Cleanup
[2023-11-13T02:29:27.688+0000][157.604s][info ][safepoint     ] Leaving safepoint region
[2023-11-13T02:29:27.688+0000][157.604s][info ][safepoint     ] Total time for which application threads were stopped: 0.0023448 seconds, Stopping threads took: 0.0018398 seconds
[2023-11-13T02:29:28.689+0000][158.605s][debug][safepoint     ] Safepoint synchronization initiated. (184 threads)
[2023-11-13T02:29:28.689+0000][158.605s][info ][safepoint     ] Application time: 1.0002835 seconds
[2023-11-13T02:29:28.689+0000][158.605s][info ][safepoint     ] Entering safepoint region: Cleanup
[2023-11-13T02:29:28.689+0000][158.605s][info ][safepoint     ] Leaving safepoint region
[2023-11-13T02:29:28.689+0000][158.605s][info ][safepoint     ] Total time for which application threads were stopped: 0.0006433 seconds, Stopping threads took: 0.0001235 seconds
[2023-11-13T02:29:29.690+0000][159.606s][debug][safepoint     ] Safepoint synchronization initiated. (183 threads)
[2023-11-13T02:29:29.690+0000][159.606s][info ][safepoint     ] Application time: 1.0006109 seconds
[2023-11-13T02:29:29.690+0000][159.606s][info ][safepoint     ] Entering safepoint region: Cleanup
[2023-11-13T02:29:29.691+0000][159.606s][info ][safepoint     ] Leaving safepoint region
[2023-11-13T02:29:29.691+0000][159.606s][info ][safepoint     ] Total time for which application threads were stopped: 0.0004625 seconds, Stopping threads took: 0.0000948 seconds
[2023-11-13T02:29:30.691+0000][160.607s][debug][safepoint     ] Safepoint synchronization initiated. (183 threads)
[2023-11-13T02:29:30.691+0000][160.607s][info ][safepoint     ] Application time: 1.0002139 seconds
[2023-11-13T02:29:30.691+0000][160.607s][info ][safepoint     ] Entering safepoint region: Cleanup
[2023-11-13T02:29:30.691+0000][160.607s][info ][safepoint     ] Leaving safepoint region
[2023-11-13T02:29:30.692+0000][160.607s][info ][safepoint     ] Total time for which application threads were stopped: 0.0006471 seconds, Stopping threads took: 0.0000944 seconds
[2023-11-13T02:29:31.692+0000][161.608s][debug][safepoint     ] Safepoint synchronization initiated. (183 threads)
[2023-11-13T02:29:31.692+0000][161.608s][info ][safepoint     ] Application time: 1.0003015 seconds
[2023-11-13T02:29:31.692+0000][161.608s][info ][safepoint     ] Entering safepoint region: Cleanup
[2023-11-13T02:29:31.692+0000][161.608s][info ][safepoint     ] Leaving safepoint region
[2023-11-13T02:29:31.692+0000][161.608s][info ][safepoint     ] Total time for which application threads were stopped: 0.0005264 seconds, Stopping threads took: 0.0001422 seconds
[2023-11-13T02:29:32.693+0000][162.608s][debug][safepoint     ] Safepoint synchronization initiated. (183 threads)
[2023-11-13T02:29:32.693+0000][162.608s][info ][safepoint     ] Application time: 1.0001637 seconds
[2023-11-13T02:29:32.693+0000][162.609s][info ][safepoint     ] Entering safepoint region: Cleanup
[2023-11-13T02:29:32.693+0000][162.609s][info ][safepoint     ] Leaving safepoint region
[2023-11-13T02:29:32.693+0000][162.609s][info ][safepoint     ] Total time for which application threads were stopped: 0.0004029 seconds, Stopping threads took: 0.0000790 seconds
[2023-11-13T02:29:33.693+0000][163.609s][debug][safepoint     ] Safepoint synchronization initiated. (183 threads)
[2023-11-13T02:29:33.693+0000][163.609s][info ][safepoint     ] Application time: 1.0001812 seconds
[2023-11-13T02:29:33.693+0000][163.609s][info ][safepoint     ] Entering safepoint region: Cleanup
[2023-11-13T02:29:33.694+0000][163.609s][info ][safepoint     ] Leaving safepoint region
[2023-11-13T02:29:33.694+0000][163.609s][info ][safepoint     ] Total time for which application threads were stopped: 0.0003208 seconds, Stopping threads took: 0.0000665 seconds
[2023-11-13T02:29:34.694+0000][164.610s][debug][safepoint     ] Safepoint synchronization initiated. (183 threads)
[2023-11-13T02:29:34.694+0000][164.610s][info ][safepoint     ] Application time: 1.0000949 seconds
[2023-11-13T02:29:34.694+0000][164.610s][info ][safepoint     ] Entering safepoint region: Cleanup
[2023-11-13T02:29:34.694+0000][164.610s][info ][safepoint     ] Leaving safepoint region
[2023-11-13T02:29:34.694+0000][164.610s][info ][safepoint     ] Total time for which application threads were stopped: 0.0003563 seconds, Stopping threads took: 0.0000668 seconds
[2023-11-13T02:29:35.694+0000][165.610s][debug][safepoint     ] Safepoint synchronization initiated. (183 threads)
[2023-11-13T02:29:35.694+0000][165.610s][info ][safepoint     ] Application time: 1.0001448 seconds
[2023-11-13T02:29:35.694+0000][165.610s][info ][safepoint     ] Entering safepoint region: Cleanup
[2023-11-13T02:29:35.695+0000][165.610s][info ][safepoint     ] Leaving safepoint region
[2023-11-13T02:29:35.695+0000][165.611s][info ][safepoint     ] Total time for which application threads were stopped: 0.0004188 seconds, Stopping threads took: 0.0000631 seconds
[2023-11-13T02:29:36.703+0000][166.619s][debug][safepoint     ] Safepoint synchronization initiated. (183 threads)
[2023-11-13T02:29:36.703+0000][166.619s][info ][safepoint     ] Application time: 1.0082674 seconds
[2023-11-13T02:29:36.703+0000][166.619s][info ][safepoint     ] Entering safepoint region: Cleanup
[2023-11-13T02:29:36.703+0000][166.619s][info ][safepoint     ] Leaving safepoint region
[2023-11-13T02:29:36.703+0000][166.619s][info ][safepoint     ] Total time for which application threads were stopped: 0.0004799 seconds, Stopping threads took: 0.0000852 seconds
[2023-11-13T02:29:37.704+0000][167.619s][debug][safepoint     ] Safepoint synchronization initiated. (183 threads)
[2023-11-13T02:29:37.704+0000][167.619s][info ][safepoint     ] Application time: 1.0001582 seconds
[2023-11-13T02:29:37.704+0000][167.620s][info ][safepoint     ] Entering safepoint region: Cleanup
[2023-11-13T02:29:37.704+0000][167.620s][info ][safepoint     ] Leaving safepoint region
[2023-11-13T02:29:37.704+0000][167.620s][info ][safepoint     ] Total time for which application threads were stopped: 0.0004439 seconds, Stopping threads took: 0.0000694 seconds
[2023-11-13T02:29:38.704+0000][168.620s][debug][safepoint     ] Safepoint synchronization initiated. (183 threads)
[2023-11-13T02:29:38.704+0000][168.620s][info ][safepoint     ] Application time: 1.0001577 seconds
[2023-11-13T02:29:38.704+0000][168.620s][info ][safepoint     ] Entering safepoint region: Cleanup
[2023-11-13T02:29:38.705+0000][168.621s][info ][safepoint     ] Leaving safepoint region
[2023-11-13T02:29:38.705+0000][168.621s][info ][safepoint     ] Total time for which application threads were stopped: 0.0004794 seconds, Stopping threads took: 0.0000749 seconds
[2023-11-13T02:29:39.705+0000][169.621s][debug][safepoint     ] Safepoint synchronization initiated. (183 threads)
[2023-11-13T02:29:39.705+0000][169.621s][info ][safepoint     ] Application time: 1.0006180 seconds
[2023-11-13T02:29:39.706+0000][169.622s][info ][safepoint     ] Entering safepoint region: Cleanup
[2023-11-13T02:29:39.706+0000][169.622s][info ][safepoint     ] Leaving safepoint region
[2023-11-13T02:29:39.706+0000][169.622s][info ][safepoint     ] Total time for which application threads were stopped: 0.0008327 seconds, Stopping threads took: 0.0002466 seconds
[2023-11-13T02:29:40.707+0000][170.623s][debug][safepoint     ] Safepoint synchronization initiated. (183 threads)
[2023-11-13T02:29:40.708+0000][170.623s][info ][safepoint     ] Application time: 1.0010253 seconds
[2023-11-13T02:29:40.708+0000][170.624s][info ][safepoint     ] Entering safepoint region: Cleanup
[2023-11-13T02:29:40.709+0000][170.625s][info ][safepoint     ] Leaving safepoint region
[2023-11-13T02:29:40.709+0000][170.625s][info ][safepoint     ] Total time for which application threads were stopped: 0.0013754 seconds, Stopping threads took: 0.0001140 seconds
[2023-11-13T02:29:41.710+0000][171.625s][debug][safepoint     ] Safepoint synchronization initiated. (183 threads)
[2023-11-13T02:29:41.710+0000][171.626s][info ][safepoint     ] Application time: 1.0005454 seconds
[2023-11-13T02:29:41.710+0000][171.626s][info ][safepoint     ] Entering safepoint region: Cleanup
[2023-11-13T02:29:41.711+0000][171.627s][info ][safepoint     ] Leaving safepoint region
[2023-11-13T02:29:41.711+0000][171.627s][info ][safepoint     ] Total time for which application threads were stopped: 0.0011673 seconds, Stopping threads took: 0.0003783 seconds
[2023-11-13T02:29:42.712+0000][172.628s][debug][safepoint     ] Safepoint synchronization initiated. (182 threads)
[2023-11-13T02:29:42.712+0000][172.628s][info ][safepoint     ] Application time: 1.0002658 seconds
[2023-11-13T02:29:42.712+0000][172.628s][info ][safepoint     ] Entering safepoint region: Cleanup
[2023-11-13T02:29:42.713+0000][172.629s][info ][safepoint     ] Leaving safepoint region
[2023-11-13T02:29:42.713+0000][172.629s][info ][safepoint     ] Total time for which application threads were stopped: 0.0008321 seconds, Stopping threads took: 0.0001130 seconds
[2023-11-13T02:29:43.713+0000][173.629s][debug][safepoint     ] Safepoint synchronization initiated. (180 threads)
[2023-11-13T02:29:43.713+0000][173.629s][info ][safepoint     ] Application time: 1.0003074 seconds
[2023-11-13T02:29:43.713+0000][173.629s][info ][safepoint     ] Entering safepoint region: Cleanup
[2023-11-13T02:29:43.714+0000][173.630s][info ][safepoint     ] Leaving safepoint region
[2023-11-13T02:29:43.714+0000][173.630s][info ][safepoint     ] Total time for which application threads were stopped: 0.0008325 seconds, Stopping threads took: 0.0001132 seconds
[2023-11-13T02:29:44.714+0000][174.630s][debug][safepoint     ] Safepoint synchronization initiated. (180 threads)
[2023-11-13T02:29:44.714+0000][174.630s][info ][safepoint     ] Application time: 1.0001677 seconds
[2023-11-13T02:29:44.714+0000][174.630s][info ][safepoint     ] Entering safepoint region: Cleanup
[2023-11-13T02:29:44.715+0000][174.631s][info ][safepoint     ] Leaving safepoint region
[2023-11-13T02:29:44.715+0000][174.631s][info ][safepoint     ] Total time for which application threads were stopped: 0.0004618 seconds, Stopping threads took: 0.0000755 seconds
[2023-11-13T02:29:45.715+0000][175.631s][debug][safepoint     ] Safepoint synchronization initiated. (180 threads)
[2023-11-13T02:29:45.715+0000][175.631s][info ][safepoint     ] Application time: 1.0002254 seconds
[2023-11-13T02:29:45.715+0000][175.631s][info ][safepoint     ] Entering safepoint region: Cleanup
[2023-11-13T02:29:45.715+0000][175.631s][info ][safepoint     ] Leaving safepoint region
[2023-11-13T02:29:45.715+0000][175.631s][info ][safepoint     ] Total time for which application threads were stopped: 0.0003602 seconds, Stopping threads took: 0.0000686 seconds
[2023-11-13T02:29:46.718+0000][176.634s][debug][safepoint     ] Safepoint synchronization initiated. (180 threads)
[2023-11-13T02:29:46.718+0000][176.634s][info ][safepoint     ] Application time: 1.0026070 seconds
[2023-11-13T02:29:46.718+0000][176.634s][info ][safepoint     ] Entering safepoint region: Cleanup
[2023-11-13T02:29:46.718+0000][176.634s][info ][safepoint     ] Leaving safepoint region
[2023-11-13T02:29:46.718+0000][176.634s][info ][safepoint     ] Total time for which application threads were stopped: 0.0003306 seconds, Stopping threads took: 0.0000732 seconds
[2023-11-13T02:29:47.719+0000][177.634s][debug][safepoint     ] Safepoint synchronization initiated. (180 threads)
[2023-11-13T02:29:47.719+0000][177.634s][info ][safepoint     ] Application time: 1.0001632 seconds
[2023-11-13T02:29:47.719+0000][177.635s][info ][safepoint     ] Entering safepoint region: Cleanup
[2023-11-13T02:29:47.719+0000][177.635s][info ][safepoint     ] Leaving safepoint region
[2023-11-13T02:29:47.719+0000][177.635s][info ][safepoint     ] Total time for which application threads were stopped: 0.0003269 seconds, Stopping threads took: 0.0000704 seconds
[2023-11-13T02:29:48.719+0000][178.635s][debug][safepoint     ] Safepoint synchronization initiated. (180 threads)
[2023-11-13T02:29:48.719+0000][178.635s][info ][safepoint     ] Application time: 1.0001704 seconds
[2023-11-13T02:29:48.719+0000][178.635s][info ][safepoint     ] Entering safepoint region: Cleanup
[2023-11-13T02:29:48.719+0000][178.635s][info ][safepoint     ] Leaving safepoint region
[2023-11-13T02:29:48.719+0000][178.635s][info ][safepoint     ] Total time for which application threads were stopped: 0.0003324 seconds, Stopping threads took: 0.0000629 seconds
[2023-11-13T02:29:49.720+0000][179.635s][debug][safepoint     ] Safepoint synchronization initiated. (180 threads)
[2023-11-13T02:29:49.720+0000][179.636s][info ][safepoint     ] Application time: 1.0001800 seconds
[2023-11-13T02:29:49.720+0000][179.636s][info ][safepoint     ] Entering safepoint region: Cleanup
[2023-11-13T02:29:49.720+0000][179.636s][info ][safepoint     ] Leaving safepoint region
[2023-11-13T02:29:49.720+0000][179.636s][info ][safepoint     ] Total time for which application threads were stopped: 0.0003968 seconds, Stopping threads took: 0.0000797 seconds
[2023-11-13T02:29:50.723+0000][180.639s][debug][safepoint     ] Safepoint synchronization initiated. (180 threads)
[2023-11-13T02:29:50.723+0000][180.639s][info ][safepoint     ] Application time: 1.0029748 seconds
[2023-11-13T02:29:50.723+0000][180.639s][info ][safepoint     ] Entering safepoint region: Cleanup
[2023-11-13T02:29:50.724+0000][180.640s][info ][safepoint     ] Leaving safepoint region
[2023-11-13T02:29:50.724+0000][180.640s][info ][safepoint     ] Total time for which application threads were stopped: 0.0006212 seconds, Stopping threads took: 0.0001152 seconds
[2023-11-13T02:29:51.724+0000][181.640s][debug][safepoint     ] Safepoint synchronization initiated. (180 threads)
[2023-11-13T02:29:51.724+0000][181.640s][info ][safepoint     ] Application time: 1.0002422 seconds
[2023-11-13T02:29:51.724+0000][181.640s][info ][safepoint     ] Entering safepoint region: Cleanup
[2023-11-13T02:29:51.725+0000][181.640s][info ][safepoint     ] Leaving safepoint region
[2023-11-13T02:29:51.725+0000][181.641s][info ][safepoint     ] Total time for which application threads were stopped: 0.0005845 seconds, Stopping threads took: 0.0001133 seconds
[2023-11-13T02:29:52.725+0000][182.641s][debug][safepoint     ] Safepoint synchronization initiated. (180 threads)
[2023-11-13T02:29:52.725+0000][182.641s][info ][safepoint     ] Application time: 1.0002124 seconds
[2023-11-13T02:29:52.725+0000][182.641s][info ][safepoint     ] Entering safepoint region: Cleanup
[2023-11-13T02:29:52.725+0000][182.641s][info ][safepoint     ] Leaving safepoint region
[2023-11-13T02:29:52.725+0000][182.641s][info ][safepoint     ] Total time for which application threads were stopped: 0.0004577 seconds, Stopping threads took: 0.0000914 seconds
[2023-11-13T02:29:53.726+0000][183.641s][debug][safepoint     ] Safepoint synchronization initiated. (180 threads)
[2023-11-13T02:29:53.726+0000][183.642s][info ][safepoint     ] Application time: 1.0002480 seconds
[2023-11-13T02:29:53.726+0000][183.642s][info ][safepoint     ] Entering safepoint region: Cleanup
[2023-11-13T02:29:53.726+0000][183.642s][info ][safepoint     ] Leaving safepoint region
[2023-11-13T02:29:53.726+0000][183.642s][info ][safepoint     ] Total time for which application threads were stopped: 0.0007020 seconds, Stopping threads took: 0.0001174 seconds
[2023-11-13T02:29:54.727+0000][184.642s][debug][safepoint     ] Safepoint synchronization initiated. (180 threads)
[2023-11-13T02:29:54.727+0000][184.642s][info ][safepoint     ] Application time: 1.0001782 seconds
[2023-11-13T02:29:54.727+0000][184.643s][info ][safepoint     ] Entering safepoint region: Cleanup
[2023-11-13T02:29:54.727+0000][184.643s][info ][safepoint     ] Leaving safepoint region
[2023-11-13T02:29:54.727+0000][184.643s][info ][safepoint     ] Total time for which application threads were stopped: 0.0003596 seconds, Stopping threads took: 0.0000693 seconds
[2023-11-13T02:29:55.727+0000][185.643s][debug][safepoint     ] Safepoint synchronization initiated. (180 threads)
[2023-11-13T02:29:55.727+0000][185.643s][info ][safepoint     ] Application time: 1.0002632 seconds
[2023-11-13T02:29:55.727+0000][185.643s][info ][safepoint     ] Entering safepoint region: Cleanup
[2023-11-13T02:29:55.728+0000][185.644s][info ][safepoint     ] Leaving safepoint region
[2023-11-13T02:29:55.728+0000][185.644s][info ][safepoint     ] Total time for which application threads were stopped: 0.0007455 seconds, Stopping threads took: 0.0001022 seconds
[2023-11-13T02:29:56.728+0000][186.644s][debug][safepoint     ] Safepoint synchronization initiated. (180 threads)
[2023-11-13T02:29:56.728+0000][186.644s][info ][safepoint     ] Application time: 1.0003008 seconds
[2023-11-13T02:29:56.729+0000][186.644s][info ][safepoint     ] Entering safepoint region: Cleanup
[2023-11-13T02:29:56.729+0000][186.645s][info ][safepoint     ] Leaving safepoint region
[2023-11-13T02:29:56.729+0000][186.645s][info ][safepoint     ] Total time for which application threads were stopped: 0.0008309 seconds, Stopping threads took: 0.0001162 seconds
[2023-11-13T02:29:57.729+0000][187.645s][debug][safepoint     ] Safepoint synchronization initiated. (180 threads)
[2023-11-13T02:29:57.730+0000][187.645s][info ][safepoint     ] Application time: 1.0001923 seconds
[2023-11-13T02:29:57.730+0000][187.645s][info ][safepoint     ] Entering safepoint region: Cleanup
[2023-11-13T02:29:57.730+0000][187.646s][info ][safepoint     ] Leaving safepoint region
[2023-11-13T02:29:57.730+0000][187.646s][info ][safepoint     ] Total time for which application threads were stopped: 0.0006173 seconds, Stopping threads took: 0.0000921 seconds
[2023-11-13T02:29:58.730+0000][188.646s][debug][safepoint     ] Safepoint synchronization initiated. (180 threads)
[2023-11-13T02:29:58.730+0000][188.646s][info ][safepoint     ] Application time: 1.0002006 seconds
[2023-11-13T02:29:58.730+0000][188.646s][info ][safepoint     ] Entering safepoint region: Cleanup
[2023-11-13T02:29:58.731+0000][188.647s][info ][safepoint     ] Leaving safepoint region
[2023-11-13T02:29:58.731+0000][188.647s][info ][safepoint     ] Total time for which application threads were stopped: 0.0006004 seconds, Stopping threads took: 0.0000862 seconds
[2023-11-13T02:29:59.731+0000][189.647s][debug][safepoint     ] Safepoint synchronization initiated. (180 threads)
[2023-11-13T02:29:59.731+0000][189.647s][info ][safepoint     ] Application time: 1.0002803 seconds
[2023-11-13T02:29:59.731+0000][189.647s][info ][safepoint     ] Entering safepoint region: Cleanup
[2023-11-13T02:29:59.732+0000][189.648s][info ][safepoint     ] Leaving safepoint region
[2023-11-13T02:29:59.732+0000][189.648s][info ][safepoint     ] Total time for which application threads were stopped: 0.0008019 seconds, Stopping threads took: 0.0001119 seconds
[2023-11-13T02:30:00.732+0000][190.648s][debug][safepoint     ] Safepoint synchronization initiated. (180 threads)
[2023-11-13T02:30:00.732+0000][190.648s][info ][safepoint     ] Application time: 1.0002395 seconds
[2023-11-13T02:30:00.733+0000][190.648s][info ][safepoint     ] Entering safepoint region: Cleanup
[2023-11-13T02:30:00.733+0000][190.649s][info ][safepoint     ] Leaving safepoint region
[2023-11-13T02:30:00.733+0000][190.649s][info ][safepoint     ] Total time for which application threads were stopped: 0.0007707 seconds, Stopping threads took: 0.0001048 seconds
[2023-11-13T02:30:01.733+0000][191.649s][debug][safepoint     ] Safepoint synchronization initiated. (180 threads)
[2023-11-13T02:30:01.734+0000][191.649s][info ][safepoint     ] Application time: 1.0002140 seconds
[2023-11-13T02:30:01.734+0000][191.649s][info ][safepoint     ] Entering safepoint region: Cleanup
[2023-11-13T02:30:01.734+0000][191.650s][info ][safepoint     ] Leaving safepoint region
[2023-11-13T02:30:01.734+0000][191.650s][info ][safepoint     ] Total time for which application threads were stopped: 0.0006247 seconds, Stopping threads took: 0.0000900 seconds
[2023-11-13T02:30:02.734+0000][192.650s][debug][safepoint     ] Safepoint synchronization initiated. (180 threads)
[2023-11-13T02:30:02.734+0000][192.650s][info ][safepoint     ] Application time: 1.0001876 seconds
[2023-11-13T02:30:02.734+0000][192.650s][info ][safepoint     ] Entering safepoint region: Cleanup
[2023-11-13T02:30:02.735+0000][192.651s][info ][safepoint     ] Leaving safepoint region
[2023-11-13T02:30:02.735+0000][192.651s][info ][safepoint     ] Total time for which application threads were stopped: 0.0004154 seconds, Stopping threads took: 0.0000920 seconds
[2023-11-13T02:30:03.735+0000][193.651s][debug][safepoint     ] Safepoint synchronization initiated. (180 threads)
[2023-11-13T02:30:03.735+0000][193.651s][info ][safepoint     ] Application time: 1.0001904 seconds
[2023-11-13T02:30:03.735+0000][193.651s][info ][safepoint     ] Entering safepoint region: Cleanup
[2023-11-13T02:30:03.736+0000][193.651s][info ][safepoint     ] Leaving safepoint region
[2023-11-13T02:30:03.736+0000][193.651s][info ][safepoint     ] Total time for which application threads were stopped: 0.0004918 seconds, Stopping threads took: 0.0000748 seconds
[2023-11-13T02:30:04.736+0000][194.652s][debug][safepoint     ] Safepoint synchronization initiated. (180 threads)
[2023-11-13T02:30:04.736+0000][194.652s][info ][safepoint     ] Application time: 1.0002669 seconds
[2023-11-13T02:30:04.736+0000][194.652s][info ][safepoint     ] Entering safepoint region: Cleanup
[2023-11-13T02:30:04.736+0000][194.652s][info ][safepoint     ] Leaving safepoint region
[2023-11-13T02:30:04.737+0000][194.652s][info ][safepoint     ] Total time for which application threads were stopped: 0.0006247 seconds, Stopping threads took: 0.0001185 seconds
[2023-11-13T02:30:05.737+0000][195.653s][debug][safepoint     ] Safepoint synchronization initiated. (180 threads)
[2023-11-13T02:30:05.737+0000][195.653s][info ][safepoint     ] Application time: 1.0003669 seconds
[2023-11-13T02:30:05.737+0000][195.653s][info ][safepoint     ] Entering safepoint region: Cleanup
[2023-11-13T02:30:05.738+0000][195.654s][info ][safepoint     ] Leaving safepoint region
[2023-11-13T02:30:05.738+0000][195.654s][info ][safepoint     ] Total time for which application threads were stopped: 0.0012626 seconds, Stopping threads took: 0.0001449 seconds
[2023-11-13T02:30:06.738+0000][196.654s][debug][safepoint     ] Safepoint synchronization initiated. (180 threads)
[2023-11-13T02:30:06.739+0000][196.654s][info ][safepoint     ] Application time: 1.0002488 seconds
[2023-11-13T02:30:06.739+0000][196.654s][info ][safepoint     ] Entering safepoint region: Cleanup
[2023-11-13T02:30:06.739+0000][196.655s][info ][safepoint     ] Leaving safepoint region
[2023-11-13T02:30:06.739+0000][196.655s][info ][safepoint     ] Total time for which application threads were stopped: 0.0006327 seconds, Stopping threads took: 0.0001534 seconds
[2023-11-13T02:30:07.741+0000][197.657s][debug][safepoint     ] Safepoint synchronization initiated. (180 threads)
[2023-11-13T02:30:07.741+0000][197.657s][info ][safepoint     ] Application time: 1.0017478 seconds
[2023-11-13T02:30:07.741+0000][197.657s][info ][safepoint     ] Entering safepoint region: Cleanup
[2023-11-13T02:30:07.741+0000][197.657s][info ][safepoint     ] Leaving safepoint region
[2023-11-13T02:30:07.741+0000][197.657s][info ][safepoint     ] Total time for which application threads were stopped: 0.0003042 seconds, Stopping threads took: 0.0000695 seconds
[2023-11-13T02:30:08.741+0000][198.657s][debug][safepoint     ] Safepoint synchronization initiated. (180 threads)
[2023-11-13T02:30:08.741+0000][198.657s][info ][safepoint     ] Application time: 1.0001730 seconds
[2023-11-13T02:30:08.742+0000][198.657s][info ][safepoint     ] Entering safepoint region: Cleanup
[2023-11-13T02:30:08.742+0000][198.658s][info ][safepoint     ] Leaving safepoint region
[2023-11-13T02:30:08.742+0000][198.658s][info ][safepoint     ] Total time for which application threads were stopped: 0.0003344 seconds, Stopping threads took: 0.0000736 seconds
[2023-11-13T02:30:09.742+0000][199.658s][debug][safepoint     ] Safepoint synchronization initiated. (180 threads)
[2023-11-13T02:30:09.742+0000][199.658s][info ][safepoint     ] Application time: 1.0001777 seconds
[2023-11-13T02:30:09.742+0000][199.658s][info ][safepoint     ] Entering safepoint region: Cleanup
[2023-11-13T02:30:09.742+0000][199.658s][info ][safepoint     ] Leaving safepoint region
[2023-11-13T02:30:09.742+0000][199.658s][info ][safepoint     ] Total time for which application threads were stopped: 0.0003103 seconds, Stopping threads took: 0.0000665 seconds
[2023-11-13T02:30:10.742+0000][200.658s][debug][safepoint     ] Safepoint synchronization initiated. (180 threads)
[2023-11-13T02:30:10.743+0000][200.658s][info ][safepoint     ] Application time: 1.0002443 seconds
[2023-11-13T02:30:10.743+0000][200.659s][info ][safepoint     ] Entering safepoint region: Cleanup
[2023-11-13T02:30:10.743+0000][200.659s][info ][safepoint     ] Leaving safepoint region
[2023-11-13T02:30:10.743+0000][200.659s][info ][safepoint     ] Total time for which application threads were stopped: 0.0007535 seconds, Stopping threads took: 0.0001138 seconds
[2023-11-13T02:30:11.744+0000][201.659s][debug][safepoint     ] Safepoint synchronization initiated. (180 threads)
[2023-11-13T02:30:11.744+0000][201.660s][info ][safepoint     ] Application time: 1.0002617 seconds
[2023-11-13T02:30:11.744+0000][201.660s][info ][safepoint     ] Entering safepoint region: Cleanup
[2023-11-13T02:30:11.744+0000][201.660s][info ][safepoint     ] Leaving safepoint region
[2023-11-13T02:30:11.744+0000][201.660s][info ][safepoint     ] Total time for which application threads were stopped: 0.0005268 seconds, Stopping threads took: 0.0001354 seconds
[2023-11-13T02:30:12.744+0000][202.660s][debug][safepoint     ] Safepoint synchronization initiated. (180 threads)
[2023-11-13T02:30:12.745+0000][202.660s][info ][safepoint     ] Application time: 1.0002166 seconds
[2023-11-13T02:30:12.745+0000][202.660s][info ][safepoint     ] Entering safepoint region: Cleanup
[2023-11-13T02:30:12.745+0000][202.661s][info ][safepoint     ] Leaving safepoint region
[2023-11-13T02:30:12.745+0000][202.661s][info ][safepoint     ] Total time for which application threads were stopped: 0.0003726 seconds, Stopping threads took: 0.0000887 seconds
[2023-11-13T02:30:13.745+0000][203.661s][debug][safepoint     ] Safepoint synchronization initiated. (180 threads)
[2023-11-13T02:30:13.745+0000][203.661s][info ][safepoint     ] Application time: 1.0001874 seconds
[2023-11-13T02:30:13.745+0000][203.661s][info ][safepoint     ] Entering safepoint region: Cleanup
[2023-11-13T02:30:13.745+0000][203.661s][info ][safepoint     ] Leaving safepoint region
[2023-11-13T02:30:13.746+0000][203.661s][info ][safepoint     ] Total time for which application threads were stopped: 0.0003554 seconds, Stopping threads took: 0.0000847 seconds
[2023-11-13T02:30:14.746+0000][204.662s][debug][safepoint     ] Safepoint synchronization initiated. (180 threads)
[2023-11-13T02:30:14.747+0000][204.662s][info ][safepoint     ] Application time: 1.0009681 seconds
[2023-11-13T02:30:14.747+0000][204.662s][info ][safepoint     ] Entering safepoint region: Cleanup
[2023-11-13T02:30:14.747+0000][204.663s][info ][safepoint     ] Leaving safepoint region
[2023-11-13T02:30:14.747+0000][204.663s][info ][safepoint     ] Total time for which application threads were stopped: 0.0003985 seconds, Stopping threads took: 0.0000875 seconds
[2023-11-13T02:30:15.747+0000][205.663s][debug][safepoint     ] Safepoint synchronization initiated. (180 threads)
[2023-11-13T02:30:15.747+0000][205.663s][info ][safepoint     ] Application time: 1.0002075 seconds
[2023-11-13T02:30:15.747+0000][205.663s][info ][safepoint     ] Entering safepoint region: Cleanup
[2023-11-13T02:30:15.748+0000][205.663s][info ][safepoint     ] Leaving safepoint region
[2023-11-13T02:30:15.748+0000][205.663s][info ][safepoint     ] Total time for which application threads were stopped: 0.0003697 seconds, Stopping threads took: 0.0000836 seconds
[2023-11-13T02:30:16.748+0000][206.664s][debug][safepoint     ] Safepoint synchronization initiated. (180 threads)
[2023-11-13T02:30:16.748+0000][206.664s][info ][safepoint     ] Application time: 1.0001675 seconds
[2023-11-13T02:30:16.748+0000][206.664s][info ][safepoint     ] Entering safepoint region: Cleanup
[2023-11-13T02:30:16.748+0000][206.664s][info ][safepoint     ] Leaving safepoint region
[2023-11-13T02:30:16.748+0000][206.664s][info ][safepoint     ] Total time for which application threads were stopped: 0.0003771 seconds, Stopping threads took: 0.0000914 seconds
[2023-11-13T02:30:17.748+0000][207.664s][debug][safepoint     ] Safepoint synchronization initiated. (180 threads)
[2023-11-13T02:30:17.748+0000][207.664s][info ][safepoint     ] Application time: 1.0001572 seconds
[2023-11-13T02:30:17.748+0000][207.664s][info ][safepoint     ] Entering safepoint region: Cleanup
[2023-11-13T02:30:17.749+0000][207.665s][info ][safepoint     ] Leaving safepoint region
[2023-11-13T02:30:17.749+0000][207.665s][info ][safepoint     ] Total time for which application threads were stopped: 0.0003210 seconds, Stopping threads took: 0.0000709 seconds
[2023-11-13T02:30:18.749+0000][208.665s][debug][safepoint     ] Safepoint synchronization initiated. (180 threads)
[2023-11-13T02:30:18.749+0000][208.665s][info ][safepoint     ] Application time: 1.0002540 seconds
[2023-11-13T02:30:18.749+0000][208.665s][info ][safepoint     ] Entering safepoint region: Cleanup
[2023-11-13T02:30:18.750+0000][208.665s][info ][safepoint     ] Leaving safepoint region
[2023-11-13T02:30:18.750+0000][208.665s][info ][safepoint     ] Total time for which application threads were stopped: 0.0005834 seconds, Stopping threads took: 0.0001114 seconds
[2023-11-13T02:30:19.750+0000][209.666s][debug][safepoint     ] Safepoint synchronization initiated. (180 threads)
[2023-11-13T02:30:19.750+0000][209.666s][info ][safepoint     ] Application time: 1.0006197 seconds
[2023-11-13T02:30:19.750+0000][209.666s][info ][safepoint     ] Entering safepoint region: Cleanup
[2023-11-13T02:30:19.751+0000][209.667s][info ][safepoint     ] Leaving safepoint region
[2023-11-13T02:30:19.751+0000][209.667s][info ][safepoint     ] Total time for which application threads were stopped: 0.0005931 seconds, Stopping threads took: 0.0000985 seconds
[2023-11-13T02:30:20.751+0000][210.667s][debug][safepoint     ] Safepoint synchronization initiated. (180 threads)
[2023-11-13T02:30:20.751+0000][210.667s][info ][safepoint     ] Application time: 1.0002459 seconds
[2023-11-13T02:30:20.751+0000][210.667s][info ][safepoint     ] Entering safepoint region: Cleanup
[2023-11-13T02:30:20.752+0000][210.668s][info ][safepoint     ] Leaving safepoint region
[2023-11-13T02:30:20.752+0000][210.668s][info ][safepoint     ] Total time for which application threads were stopped: 0.0005126 seconds, Stopping threads took: 0.0000957 seconds
[2023-11-13T02:30:21.755+0000][211.671s][debug][safepoint     ] Safepoint synchronization initiated. (180 threads)
[2023-11-13T02:30:21.755+0000][211.671s][info ][safepoint     ] Application time: 1.0034773 seconds
[2023-11-13T02:30:21.755+0000][211.671s][info ][safepoint     ] Entering safepoint region: Cleanup
[2023-11-13T02:30:21.756+0000][211.672s][info ][safepoint     ] Leaving safepoint region
[2023-11-13T02:30:21.756+0000][211.672s][info ][safepoint     ] Total time for which application threads were stopped: 0.0009335 seconds, Stopping threads took: 0.0001200 seconds
[2023-11-13T02:30:22.756+0000][212.672s][debug][safepoint     ] Safepoint synchronization initiated. (180 threads)
[2023-11-13T02:30:22.756+0000][212.672s][info ][safepoint     ] Application time: 1.0002593 seconds
[2023-11-13T02:30:22.757+0000][212.672s][info ][safepoint     ] Entering safepoint region: Cleanup
[2023-11-13T02:30:22.757+0000][212.673s][info ][safepoint     ] Leaving safepoint region
[2023-11-13T02:30:22.757+0000][212.673s][info ][safepoint     ] Total time for which application threads were stopped: 0.0005449 seconds, Stopping threads took: 0.0001002 seconds
[2023-11-13T02:30:23.757+0000][213.673s][debug][safepoint     ] Safepoint synchronization initiated. (180 threads)
[2023-11-13T02:30:23.757+0000][213.673s][info ][safepoint     ] Application time: 1.0002121 seconds
[2023-11-13T02:30:23.757+0000][213.673s][debug][safepoint     ] ... found polling page loop exception at pc = 0x00007f76a0b99853, stub =0x00007f7698841b00
[2023-11-13T02:30:23.757+0000][213.673s][debug][safepoint     ] Waiting for 1 thread(s) to block
[2023-11-13T02:30:23.757+0000][213.673s][info ][safepoint     ] Entering safepoint region: Cleanup
[2023-11-13T02:30:23.758+0000][213.674s][info ][safepoint     ] Leaving safepoint region
[2023-11-13T02:30:23.758+0000][213.680s][info ][safepoint     ] Total time for which application threads were stopped: 0.0006865 seconds, Stopping threads took: 0.0002016 seconds
[2023-11-13T02:30:24.764+0000][214.680s][debug][safepoint     ] Safepoint synchronization initiated. (180 threads)
[2023-11-13T02:30:24.764+0000][214.680s][info ][safepoint     ] Application time: 1.0001600 seconds
[2023-11-13T02:30:24.764+0000][214.680s][info ][safepoint     ] Entering safepoint region: Cleanup
[2023-11-13T02:30:24.764+0000][214.680s][info ][safepoint     ] Leaving safepoint region
[2023-11-13T02:30:24.764+0000][214.680s][info ][safepoint     ] Total time for which application threads were stopped: 0.0002960 seconds, Stopping threads took: 0.0000678 seconds
[2023-11-13T02:30:25.764+0000][215.680s][debug][safepoint     ] Safepoint synchronization initiated. (180 threads)
[2023-11-13T02:30:25.765+0000][215.680s][info ][safepoint     ] Application time: 1.0002587 seconds
[2023-11-13T02:30:25.765+0000][215.681s][info ][safepoint     ] Entering safepoint region: Cleanup
[2023-11-13T02:30:25.765+0000][215.681s][info ][safepoint     ] Leaving safepoint region
[2023-11-13T02:30:25.765+0000][215.681s][info ][safepoint     ] Total time for which application threads were stopped: 0.0005680 seconds, Stopping threads took: 0.0001119 seconds
[2023-11-13T02:30:25.765+0000][215.681s][debug][safepoint     ] ... found polling page return exception at pc = 0x00007f76a0bcdf6a, stub =0x00007f7698841800
[2023-11-13T02:30:26.766+0000][216.682s][debug][safepoint     ] Safepoint synchronization initiated. (180 threads)
[2023-11-13T02:30:26.766+0000][216.682s][info ][safepoint     ] Application time: 1.0009797 seconds
[2023-11-13T02:30:26.766+0000][216.682s][info ][safepoint     ] Entering safepoint region: Cleanup
[2023-11-13T02:30:26.768+0000][216.683s][info ][safepoint     ] Leaving safepoint region
[2023-11-13T02:30:26.768+0000][216.684s][info ][safepoint     ] Total time for which application threads were stopped: 0.0014432 seconds, Stopping threads took: 0.0000974 seconds
[2023-11-13T02:30:27.768+0000][217.684s][debug][safepoint     ] Safepoint synchronization initiated. (180 threads)
[2023-11-13T02:30:27.768+0000][217.684s][info ][safepoint     ] Application time: 1.0004045 seconds
[2023-11-13T02:30:27.768+0000][217.684s][info ][safepoint     ] Entering safepoint region: Cleanup
[2023-11-13T02:30:27.769+0000][217.685s][info ][safepoint     ] Leaving safepoint region
[2023-11-13T02:30:27.769+0000][217.685s][info ][safepoint     ] Total time for which application threads were stopped: 0.0006331 seconds, Stopping threads took: 0.0001727 seconds
[2023-11-13T02:30:28.770+0000][218.686s][debug][safepoint     ] Safepoint synchronization initiated. (179 threads)
[2023-11-13T02:30:28.771+0000][218.687s][info ][safepoint     ] Application time: 1.0025241 seconds
[2023-11-13T02:30:28.772+0000][218.688s][info ][safepoint     ] Entering safepoint region: Cleanup
[2023-11-13T02:30:28.773+0000][218.689s][info ][safepoint     ] Leaving safepoint region
[2023-11-13T02:30:28.773+0000][218.689s][info ][safepoint     ] Total time for which application threads were stopped: 0.0013932 seconds, Stopping threads took: 0.0005427 seconds
[2023-11-13T02:30:29.774+0000][219.690s][debug][safepoint     ] Safepoint synchronization initiated. (179 threads)
[2023-11-13T02:30:29.775+0000][219.691s][info ][safepoint     ] Application time: 1.0013253 seconds
[2023-11-13T02:30:29.776+0000][219.692s][info ][safepoint     ] Entering safepoint region: Cleanup
[2023-11-13T02:30:29.777+0000][219.693s][info ][safepoint     ] Leaving safepoint region
[2023-11-13T02:30:29.778+0000][219.694s][info ][safepoint     ] Total time for which application threads were stopped: 0.0021881 seconds, Stopping threads took: 0.0012707 seconds
[2023-11-13T02:30:30.779+0000][220.695s][debug][safepoint     ] Safepoint synchronization initiated. (179 threads)
[2023-11-13T02:30:30.779+0000][220.695s][info ][safepoint     ] Application time: 1.0004501 seconds
[2023-11-13T02:30:30.779+0000][220.695s][info ][safepoint     ] Entering safepoint region: Cleanup
[2023-11-13T02:30:30.779+0000][220.695s][info ][safepoint     ] Leaving safepoint region
[2023-11-13T02:30:30.779+0000][220.695s][info ][safepoint     ] Total time for which application threads were stopped: 0.0005762 seconds, Stopping threads took: 0.0001187 seconds
[2023-11-13T02:30:31.780+0000][221.695s][debug][safepoint     ] Safepoint synchronization initiated. (179 threads)
[2023-11-13T02:30:31.780+0000][221.696s][info ][safepoint     ] Application time: 1.0001703 seconds
[2023-11-13T02:30:31.780+0000][221.696s][debug][safepoint     ] ... found polling page return exception at pc = 0x00007f76a09d4e0c, stub =0x00007f7698841800
[2023-11-13T02:30:31.780+0000][221.696s][debug][safepoint     ] Waiting for 1 thread(s) to block
[2023-11-13T02:30:31.780+0000][221.696s][info ][safepoint     ] Entering safepoint region: Cleanup
[2023-11-13T02:30:31.780+0000][221.696s][info ][safepoint     ] Leaving safepoint region
[2023-11-13T02:30:31.780+0000][221.696s][info ][safepoint     ] Total time for which application threads were stopped: 0.0004232 seconds, Stopping threads took: 0.0001741 seconds
[2023-11-13T02:30:32.780+0000][222.696s][debug][safepoint     ] Safepoint synchronization initiated. (179 threads)
[2023-11-13T02:30:32.780+0000][222.696s][info ][safepoint     ] Application time: 1.0001804 seconds
[2023-11-13T02:30:32.780+0000][222.696s][info ][safepoint     ] Entering safepoint region: Cleanup
[2023-11-13T02:30:32.781+0000][222.697s][info ][safepoint     ] Leaving safepoint region
[2023-11-13T02:30:32.781+0000][222.697s][info ][safepoint     ] Total time for which application threads were stopped: 0.0003301 seconds, Stopping threads took: 0.0000724 seconds
[2023-11-13T02:30:33.782+0000][223.698s][debug][safepoint     ] Safepoint synchronization initiated. (179 threads)
[2023-11-13T02:30:33.782+0000][223.698s][info ][safepoint     ] Application time: 1.0012291 seconds
[2023-11-13T02:30:33.782+0000][223.698s][info ][safepoint     ] Entering safepoint region: Cleanup
[2023-11-13T02:30:33.782+0000][223.698s][info ][safepoint     ] Leaving safepoint region
[2023-11-13T02:30:33.783+0000][223.698s][info ][safepoint     ] Total time for which application threads were stopped: 0.0005527 seconds, Stopping threads took: 0.0001138 seconds
[2023-11-13T02:30:34.783+0000][224.699s][debug][safepoint     ] Safepoint synchronization initiated. (179 threads)
[2023-11-13T02:30:34.783+0000][224.699s][info ][safepoint     ] Application time: 1.0008279 seconds
[2023-11-13T02:30:34.784+0000][224.699s][info ][safepoint     ] Entering safepoint region: Cleanup
[2023-11-13T02:30:34.784+0000][224.700s][info ][safepoint     ] Leaving safepoint region
[2023-11-13T02:30:34.784+0000][224.700s][info ][safepoint     ] Total time for which application threads were stopped: 0.0005076 seconds, Stopping threads took: 0.0001105 seconds
[2023-11-13T02:30:35.784+0000][225.700s][debug][safepoint     ] Safepoint synchronization initiated. (179 threads)
[2023-11-13T02:30:35.785+0000][225.700s][info ][safepoint     ] Application time: 1.0005638 seconds
[2023-11-13T02:30:35.785+0000][225.701s][info ][safepoint     ] Entering safepoint region: Cleanup
[2023-11-13T02:30:35.785+0000][225.701s][info ][safepoint     ] Leaving safepoint region
[2023-11-13T02:30:35.785+0000][225.701s][info ][safepoint     ] Total time for which application threads were stopped: 0.0004503 seconds, Stopping threads took: 0.0000944 seconds
[2023-11-13T02:30:36.785+0000][226.701s][debug][safepoint     ] Safepoint synchronization initiated. (179 threads)
[2023-11-13T02:30:36.785+0000][226.701s][info ][safepoint     ] Application time: 1.0001853 seconds
[2023-11-13T02:30:36.785+0000][226.701s][info ][safepoint     ] Entering safepoint region: Cleanup
[2023-11-13T02:30:36.786+0000][226.701s][info ][safepoint     ] Leaving safepoint region
[2023-11-13T02:30:36.786+0000][226.701s][info ][safepoint     ] Total time for which application threads were stopped: 0.0003045 seconds, Stopping threads took: 0.0000727 seconds
[2023-11-13T02:30:37.786+0000][227.702s][debug][safepoint     ] Safepoint synchronization initiated. (179 threads)
[2023-11-13T02:30:37.786+0000][227.702s][info ][safepoint     ] Application time: 1.0001578 seconds
[2023-11-13T02:30:37.786+0000][227.702s][info ][safepoint     ] Entering safepoint region: Cleanup
[2023-11-13T02:30:37.786+0000][227.702s][info ][safepoint     ] Leaving safepoint region
[2023-11-13T02:30:37.786+0000][227.702s][info ][safepoint     ] Total time for which application threads were stopped: 0.0002938 seconds, Stopping threads took: 0.0000681 seconds
[2023-11-13T02:30:38.787+0000][228.703s][debug][safepoint     ] Safepoint synchronization initiated. (179 threads)
[2023-11-13T02:30:38.787+0000][228.703s][info ][safepoint     ] Application time: 1.0006443 seconds
[2023-11-13T02:30:38.787+0000][228.703s][info ][safepoint     ] Entering safepoint region: Cleanup
[2023-11-13T02:30:38.787+0000][228.703s][info ][safepoint     ] Leaving safepoint region
[2023-11-13T02:30:38.787+0000][228.703s][info ][safepoint     ] Total time for which application threads were stopped: 0.0002875 seconds, Stopping threads took: 0.0000704 seconds
[2023-11-13T02:30:39.787+0000][229.703s][debug][safepoint     ] Safepoint synchronization initiated. (179 threads)
[2023-11-13T02:30:39.787+0000][229.703s][info ][safepoint     ] Application time: 1.0001625 seconds
[2023-11-13T02:30:39.787+0000][229.703s][info ][safepoint     ] Entering safepoint region: Cleanup
[2023-11-13T02:30:39.788+0000][229.704s][info ][safepoint     ] Leaving safepoint region
[2023-11-13T02:30:39.788+0000][229.704s][info ][safepoint     ] Total time for which application threads were stopped: 0.0004583 seconds, Stopping threads took: 0.0000719 seconds
[2023-11-13T02:30:40.788+0000][230.704s][debug][safepoint     ] Safepoint synchronization initiated. (179 threads)
[2023-11-13T02:30:40.788+0000][230.704s][info ][safepoint     ] Application time: 1.0004360 seconds
[2023-11-13T02:30:40.788+0000][230.704s][info ][safepoint     ] Entering safepoint region: Cleanup
[2023-11-13T02:30:40.790+0000][230.705s][info ][safepoint     ] Leaving safepoint region
[2023-11-13T02:30:40.790+0000][230.705s][info ][safepoint     ] Total time for which application threads were stopped: 0.0013491 seconds, Stopping threads took: 0.0000786 seconds
[2023-11-13T02:30:41.790+0000][231.706s][debug][safepoint     ] Safepoint synchronization initiated. (179 threads)
[2023-11-13T02:30:41.790+0000][231.706s][info ][safepoint     ] Application time: 1.0001672 seconds
[2023-11-13T02:30:41.790+0000][231.706s][info ][safepoint     ] Entering safepoint region: Cleanup
[2023-11-13T02:30:41.790+0000][231.706s][info ][safepoint     ] Leaving safepoint region
[2023-11-13T02:30:41.790+0000][231.706s][info ][safepoint     ] Total time for which application threads were stopped: 0.0003155 seconds, Stopping threads took: 0.0000754 seconds
[2023-11-13T02:30:42.791+0000][232.706s][debug][safepoint     ] Safepoint synchronization initiated. (179 threads)
[2023-11-13T02:30:42.791+0000][232.706s][info ][safepoint     ] Application time: 1.0005523 seconds
[2023-11-13T02:30:42.791+0000][232.707s][info ][safepoint     ] Entering safepoint region: Cleanup
[2023-11-13T02:30:42.791+0000][232.707s][info ][safepoint     ] Leaving safepoint region
[2023-11-13T02:30:42.791+0000][232.707s][info ][safepoint     ] Total time for which application threads were stopped: 0.0006119 seconds, Stopping threads took: 0.0001181 seconds
[2023-11-13T02:30:43.794+0000][233.710s][debug][safepoint     ] Safepoint synchronization initiated. (177 threads)
[2023-11-13T02:30:43.794+0000][233.710s][info ][safepoint     ] Application time: 1.0027721 seconds
[2023-11-13T02:30:43.794+0000][233.710s][info ][safepoint     ] Entering safepoint region: Cleanup
[2023-11-13T02:30:43.794+0000][233.710s][info ][safepoint     ] Leaving safepoint region
[2023-11-13T02:30:43.795+0000][233.710s][info ][safepoint     ] Total time for which application threads were stopped: 0.0004299 seconds, Stopping threads took: 0.0000882 seconds
[2023-11-13T02:30:44.795+0000][234.711s][debug][safepoint     ] Safepoint synchronization initiated. (177 threads)
[2023-11-13T02:30:44.795+0000][234.711s][info ][safepoint     ] Application time: 1.0004631 seconds
[2023-11-13T02:30:44.795+0000][234.711s][info ][safepoint     ] Entering safepoint region: Cleanup
[2023-11-13T02:30:44.796+0000][234.712s][info ][safepoint     ] Leaving safepoint region
[2023-11-13T02:30:44.796+0000][234.712s][info ][safepoint     ] Total time for which application threads were stopped: 0.0008883 seconds, Stopping threads took: 0.0003495 seconds
[2023-11-13T02:30:45.798+0000][235.713s][debug][safepoint     ] Safepoint synchronization initiated. (177 threads)
[2023-11-13T02:30:45.798+0000][235.714s][info ][safepoint     ] Application time: 1.0012790 seconds
[2023-11-13T02:30:45.798+0000][235.714s][info ][safepoint     ] Entering safepoint region: Cleanup
[2023-11-13T02:30:45.798+0000][235.714s][info ][safepoint     ] Leaving safepoint region
[2023-11-13T02:30:45.798+0000][235.714s][info ][safepoint     ] Total time for which application threads were stopped: 0.0006554 seconds, Stopping threads took: 0.0001170 seconds
[2023-11-13T02:30:46.799+0000][236.714s][debug][safepoint     ] Safepoint synchronization initiated. (177 threads)
[2023-11-13T02:30:46.799+0000][236.714s][info ][safepoint     ] Application time: 1.0002012 seconds
[2023-11-13T02:30:46.799+0000][236.715s][info ][safepoint     ] Entering safepoint region: Cleanup
[2023-11-13T02:30:46.799+0000][236.715s][info ][safepoint     ] Leaving safepoint region
[2023-11-13T02:30:46.799+0000][236.715s][info ][safepoint     ] Total time for which application threads were stopped: 0.0005228 seconds, Stopping threads took: 0.0000899 seconds
[2023-11-13T02:30:47.799+0000][237.715s][debug][safepoint     ] Safepoint synchronization initiated. (177 threads)
[2023-11-13T02:30:47.800+0000][237.715s][info ][safepoint     ] Application time: 1.0004457 seconds
[2023-11-13T02:30:47.800+0000][237.716s][info ][safepoint     ] Entering safepoint region: Cleanup
[2023-11-13T02:30:47.800+0000][237.716s][info ][safepoint     ] Leaving safepoint region
[2023-11-13T02:30:47.801+0000][237.716s][info ][safepoint     ] Total time for which application threads were stopped: 0.0006790 seconds, Stopping threads took: 0.0002518 seconds
[2023-11-13T02:30:48.801+0000][238.717s][debug][safepoint     ] Safepoint synchronization initiated. (177 threads)
[2023-11-13T02:30:48.801+0000][238.717s][info ][safepoint     ] Application time: 1.0006687 seconds
[2023-11-13T02:30:48.802+0000][238.718s][info ][safepoint     ] Entering safepoint region: Cleanup
[2023-11-13T02:30:48.802+0000][238.718s][info ][safepoint     ] Leaving safepoint region
[2023-11-13T02:30:48.802+0000][238.718s][debug][safepoint     ] ... found polling page return exception at pc = 0x00007f76a0bcdf6a, stub =0x00007f7698841800
[2023-11-13T02:30:48.802+0000][238.718s][info ][safepoint     ] Total time for which application threads were stopped: 0.0007912 seconds, Stopping threads took: 0.0003210 seconds
[2023-11-13T02:30:49.803+0000][239.719s][debug][safepoint     ] Safepoint synchronization initiated. (177 threads)
[2023-11-13T02:30:49.803+0000][239.719s][info ][safepoint     ] Application time: 1.0003179 seconds
[2023-11-13T02:30:49.803+0000][239.719s][info ][safepoint     ] Entering safepoint region: Cleanup
[2023-11-13T02:30:49.804+0000][239.720s][info ][safepoint     ] Leaving safepoint region
[2023-11-13T02:30:49.804+0000][239.720s][info ][safepoint     ] Total time for which application threads were stopped: 0.0005778 seconds, Stopping threads took: 0.0001121 seconds
[2023-11-13T02:30:50.806+0000][240.722s][debug][safepoint     ] Safepoint synchronization initiated. (177 threads)
[2023-11-13T02:30:50.806+0000][240.722s][info ][safepoint     ] Application time: 1.0024213 seconds
[2023-11-13T02:30:50.806+0000][240.722s][info ][safepoint     ] Entering safepoint region: Cleanup
[2023-11-13T02:30:50.807+0000][240.723s][info ][safepoint     ] Leaving safepoint region
[2023-11-13T02:30:50.807+0000][240.723s][info ][safepoint     ] Total time for which application threads were stopped: 0.0008387 seconds, Stopping threads took: 0.0001434 seconds
[2023-11-13T02:30:51.807+0000][241.723s][debug][safepoint     ] Safepoint synchronization initiated. (177 threads)
[2023-11-13T02:30:51.807+0000][241.723s][info ][safepoint     ] Application time: 1.0004353 seconds
[2023-11-13T02:30:51.808+0000][241.724s][info ][safepoint     ] Entering safepoint region: Cleanup
[2023-11-13T02:30:51.808+0000][241.724s][info ][safepoint     ] Leaving safepoint region
[2023-11-13T02:30:51.808+0000][241.724s][info ][safepoint     ] Total time for which application threads were stopped: 0.0006619 seconds, Stopping threads took: 0.0002586 seconds
[2023-11-13T02:30:52.809+0000][242.725s][debug][safepoint     ] Safepoint synchronization initiated. (177 threads)
[2023-11-13T02:30:52.809+0000][242.725s][info ][safepoint     ] Application time: 1.0003559 seconds
[2023-11-13T02:30:52.809+0000][242.725s][info ][safepoint     ] Entering safepoint region: Cleanup
[2023-11-13T02:30:52.809+0000][242.725s][info ][safepoint     ] Leaving safepoint region
[2023-11-13T02:30:52.809+0000][242.725s][info ][safepoint     ] Total time for which application threads were stopped: 0.0005268 seconds, Stopping threads took: 0.0001243 seconds
[2023-11-13T02:30:53.810+0000][243.725s][debug][safepoint     ] Safepoint synchronization initiated. (177 threads)
[2023-11-13T02:30:53.810+0000][243.726s][info ][safepoint     ] Application time: 1.0002268 seconds
[2023-11-13T02:30:53.810+0000][243.726s][info ][safepoint     ] Entering safepoint region: Cleanup
[2023-11-13T02:30:53.810+0000][243.726s][info ][safepoint     ] Leaving safepoint region
[2023-11-13T02:30:53.810+0000][243.726s][info ][safepoint     ] Total time for which application threads were stopped: 0.0004363 seconds, Stopping threads took: 0.0001065 seconds
[2023-11-13T02:30:54.810+0000][244.726s][debug][safepoint     ] Safepoint synchronization initiated. (177 threads)
[2023-11-13T02:30:54.810+0000][244.726s][info ][safepoint     ] Application time: 1.0001994 seconds
[2023-11-13T02:30:54.811+0000][244.726s][debug][safepoint     ] Waiting for 1 thread(s) to block
[2023-11-13T02:30:54.811+0000][244.726s][info ][safepoint     ] Entering safepoint region: Cleanup
[2023-11-13T02:30:54.811+0000][244.727s][info ][safepoint     ] Leaving safepoint region
[2023-11-13T02:30:54.811+0000][244.727s][info ][safepoint     ] Total time for which application threads were stopped: 0.0004678 seconds, Stopping threads took: 0.0001843 seconds
[2023-11-13T02:30:55.814+0000][245.730s][debug][safepoint     ] Safepoint synchronization initiated. (177 threads)
[2023-11-13T02:30:55.814+0000][245.730s][info ][safepoint     ] Application time: 1.0031891 seconds
[2023-11-13T02:30:55.814+0000][245.730s][info ][safepoint     ] Entering safepoint region: Cleanup
[2023-11-13T02:30:55.815+0000][245.731s][info ][safepoint     ] Leaving safepoint region
[2023-11-13T02:30:55.815+0000][245.731s][info ][safepoint     ] Total time for which application threads were stopped: 0.0005100 seconds, Stopping threads took: 0.0000983 seconds
[2023-11-13T02:30:56.818+0000][246.734s][debug][safepoint     ] Safepoint synchronization initiated. (177 threads)
[2023-11-13T02:30:56.818+0000][246.734s][info ][safepoint     ] Application time: 1.0033666 seconds
[2023-11-13T02:30:56.818+0000][246.734s][info ][safepoint     ] Entering safepoint region: Cleanup
[2023-11-13T02:30:56.819+0000][246.734s][info ][safepoint     ] Leaving safepoint region
[2023-11-13T02:30:56.819+0000][246.734s][info ][safepoint     ] Total time for which application threads were stopped: 0.0004795 seconds, Stopping threads took: 0.0000955 seconds
[2023-11-13T02:30:57.822+0000][247.738s][debug][safepoint     ] Safepoint synchronization initiated. (177 threads)
[2023-11-13T02:30:57.822+0000][247.738s][info ][safepoint     ] Application time: 1.0034613 seconds
[2023-11-13T02:30:57.822+0000][247.738s][info ][safepoint     ] Entering safepoint region: Cleanup
[2023-11-13T02:30:57.822+0000][247.738s][info ][safepoint     ] Leaving safepoint region
[2023-11-13T02:30:57.822+0000][247.738s][info ][safepoint     ] Total time for which application threads were stopped: 0.0003530 seconds, Stopping threads took: 0.0000842 seconds
[2023-11-13T02:30:58.823+0000][248.738s][debug][safepoint     ] Safepoint synchronization initiated. (177 threads)
[2023-11-13T02:30:58.823+0000][248.739s][info ][safepoint     ] Application time: 1.0001849 seconds
[2023-11-13T02:30:58.823+0000][248.739s][info ][safepoint     ] Entering safepoint region: Cleanup
[2023-11-13T02:30:58.823+0000][248.739s][info ][safepoint     ] Leaving safepoint region
[2023-11-13T02:30:58.823+0000][248.739s][info ][safepoint     ] Total time for which application threads were stopped: 0.0002984 seconds, Stopping threads took: 0.0000718 seconds
[2023-11-13T02:30:59.823+0000][249.739s][debug][safepoint     ] Safepoint synchronization initiated. (177 threads)
[2023-11-13T02:30:59.823+0000][249.739s][info ][safepoint     ] Application time: 1.0001654 seconds
[2023-11-13T02:30:59.823+0000][249.739s][info ][safepoint     ] Entering safepoint region: Cleanup
[2023-11-13T02:30:59.823+0000][249.739s][info ][safepoint     ] Leaving safepoint region
[2023-11-13T02:30:59.823+0000][249.739s][info ][safepoint     ] Total time for which application threads were stopped: 0.0003270 seconds, Stopping threads took: 0.0000912 seconds
[2023-11-13T02:31:00.824+0000][250.740s][debug][safepoint     ] Safepoint synchronization initiated. (177 threads)
[2023-11-13T02:31:00.824+0000][250.740s][info ][safepoint     ] Application time: 1.0002527 seconds
[2023-11-13T02:31:00.824+0000][250.740s][info ][safepoint     ] Entering safepoint region: Cleanup
[2023-11-13T02:31:00.824+0000][250.740s][info ][safepoint     ] Leaving safepoint region
[2023-11-13T02:31:00.824+0000][250.740s][info ][safepoint     ] Total time for which application threads were stopped: 0.0005680 seconds, Stopping threads took: 0.0001230 seconds
[2023-11-13T02:31:01.826+0000][251.742s][debug][safepoint     ] Safepoint synchronization initiated. (177 threads)
[2023-11-13T02:31:01.826+0000][251.742s][info ][safepoint     ] Application time: 1.0016783 seconds
[2023-11-13T02:31:01.826+0000][251.742s][info ][safepoint     ] Entering safepoint region: Cleanup
[2023-11-13T02:31:01.827+0000][251.743s][info ][safepoint     ] Leaving safepoint region
[2023-11-13T02:31:01.827+0000][251.743s][info ][safepoint     ] Total time for which application threads were stopped: 0.0006037 seconds, Stopping threads took: 0.0001006 seconds
[2023-11-13T02:31:02.828+0000][252.744s][debug][safepoint     ] Safepoint synchronization initiated. (177 threads)
[2023-11-13T02:31:02.828+0000][252.744s][info ][safepoint     ] Application time: 1.0014216 seconds
[2023-11-13T02:31:02.828+0000][252.744s][info ][safepoint     ] Entering safepoint region: Cleanup
[2023-11-13T02:31:02.829+0000][252.745s][info ][safepoint     ] Leaving safepoint region
[2023-11-13T02:31:02.829+0000][252.745s][info ][safepoint     ] Total time for which application threads were stopped: 0.0005613 seconds, Stopping threads took: 0.0000870 seconds
[2023-11-13T02:31:03.830+0000][253.745s][debug][safepoint     ] Safepoint synchronization initiated. (177 threads)
[2023-11-13T02:31:03.830+0000][253.745s][info ][safepoint     ] Application time: 1.0008455 seconds
[2023-11-13T02:31:03.830+0000][253.746s][info ][safepoint     ] Entering safepoint region: Cleanup
[2023-11-13T02:31:03.830+0000][253.746s][info ][safepoint     ] Leaving safepoint region
[2023-11-13T02:31:03.830+0000][253.746s][info ][safepoint     ] Total time for which application threads were stopped: 0.0004673 seconds, Stopping threads took: 0.0000716 seconds
[2023-11-13T02:31:04.830+0000][254.746s][debug][safepoint     ] Safepoint synchronization initiated. (177 threads)
[2023-11-13T02:31:04.830+0000][254.746s][info ][safepoint     ] Application time: 1.0001744 seconds
[2023-11-13T02:31:04.830+0000][254.746s][info ][safepoint     ] Entering safepoint region: Cleanup
[2023-11-13T02:31:04.831+0000][254.747s][info ][safepoint     ] Leaving safepoint region
[2023-11-13T02:31:04.831+0000][254.747s][info ][safepoint     ] Total time for which application threads were stopped: 0.0003629 seconds, Stopping threads took: 0.0000865 seconds
[2023-11-13T02:31:05.831+0000][255.747s][debug][safepoint     ] Safepoint synchronization initiated. (177 threads)
[2023-11-13T02:31:05.831+0000][255.747s][info ][safepoint     ] Application time: 1.0002968 seconds
[2023-11-13T02:31:05.831+0000][255.747s][info ][safepoint     ] Entering safepoint region: Cleanup
[2023-11-13T02:31:05.832+0000][255.748s][info ][safepoint     ] Leaving safepoint region
[2023-11-13T02:31:05.832+0000][255.748s][info ][safepoint     ] Total time for which application threads were stopped: 0.0006558 seconds, Stopping threads took: 0.0001291 seconds
[2023-11-13T02:31:06.832+0000][256.748s][debug][safepoint     ] Safepoint synchronization initiated. (177 threads)
[2023-11-13T02:31:06.832+0000][256.748s][info ][safepoint     ] Application time: 1.0006351 seconds
[2023-11-13T02:31:06.832+0000][256.748s][info ][safepoint     ] Entering safepoint region: Cleanup
[2023-11-13T02:31:06.833+0000][256.749s][info ][safepoint     ] Leaving safepoint region
[2023-11-13T02:31:06.833+0000][256.749s][info ][safepoint     ] Total time for which application threads were stopped: 0.0006283 seconds, Stopping threads took: 0.0000971 seconds
[2023-11-13T02:31:07.833+0000][257.749s][debug][safepoint     ] Safepoint synchronization initiated. (177 threads)
[2023-11-13T02:31:07.834+0000][257.749s][info ][safepoint     ] Application time: 1.0005028 seconds
[2023-11-13T02:31:07.834+0000][257.749s][info ][safepoint     ] Entering safepoint region: Cleanup
[2023-11-13T02:31:07.834+0000][257.750s][info ][safepoint     ] Leaving safepoint region
[2023-11-13T02:31:07.834+0000][257.750s][info ][safepoint     ] Total time for which application threads were stopped: 0.0004362 seconds, Stopping threads took: 0.0001013 seconds
[2023-11-13T02:31:08.834+0000][258.750s][debug][safepoint     ] Safepoint synchronization initiated. (177 threads)
[2023-11-13T02:31:08.834+0000][258.750s][info ][safepoint     ] Application time: 1.0001541 seconds
[2023-11-13T02:31:08.834+0000][258.750s][info ][safepoint     ] Entering safepoint region: Cleanup
[2023-11-13T02:31:08.834+0000][258.750s][info ][safepoint     ] Leaving safepoint region
[2023-11-13T02:31:08.834+0000][258.750s][info ][safepoint     ] Total time for which application threads were stopped: 0.0003018 seconds, Stopping threads took: 0.0000721 seconds
[2023-11-13T02:31:09.835+0000][259.750s][debug][safepoint     ] Safepoint synchronization initiated. (177 threads)
[2023-11-13T02:31:09.835+0000][259.751s][info ][safepoint     ] Application time: 1.0002243 seconds
[2023-11-13T02:31:09.835+0000][259.751s][info ][safepoint     ] Entering safepoint region: Cleanup
[2023-11-13T02:31:09.835+0000][259.751s][info ][safepoint     ] Leaving safepoint region
[2023-11-13T02:31:09.835+0000][259.751s][info ][safepoint     ] Total time for which application threads were stopped: 0.0004742 seconds, Stopping threads took: 0.0001093 seconds
[2023-11-13T02:31:10.836+0000][260.752s][debug][safepoint     ] Safepoint synchronization initiated. (177 threads)
[2023-11-13T02:31:10.836+0000][260.752s][info ][safepoint     ] Application time: 1.0008398 seconds
[2023-11-13T02:31:10.836+0000][260.752s][info ][safepoint     ] Entering safepoint region: Cleanup
[2023-11-13T02:31:10.836+0000][260.752s][info ][safepoint     ] Leaving safepoint region
[2023-11-13T02:31:10.836+0000][260.752s][info ][safepoint     ] Total time for which application threads were stopped: 0.0003480 seconds, Stopping threads took: 0.0000850 seconds
[2023-11-13T02:31:11.837+0000][261.752s][debug][safepoint     ] Safepoint synchronization initiated. (177 threads)
[2023-11-13T02:31:11.837+0000][261.753s][info ][safepoint     ] Application time: 1.0001737 seconds
[2023-11-13T02:31:11.837+0000][261.753s][info ][safepoint     ] Entering safepoint region: Cleanup
[2023-11-13T02:31:11.837+0000][261.753s][info ][safepoint     ] Leaving safepoint region
[2023-11-13T02:31:11.837+0000][261.753s][info ][safepoint     ] Total time for which application threads were stopped: 0.0004253 seconds, Stopping threads took: 0.0000696 seconds
[2023-11-13T02:31:12.837+0000][262.753s][debug][safepoint     ] Safepoint synchronization initiated. (177 threads)
[2023-11-13T02:31:12.837+0000][262.753s][info ][safepoint     ] Application time: 1.0003003 seconds
[2023-11-13T02:31:12.838+0000][262.753s][info ][safepoint     ] Entering safepoint region: Cleanup
[2023-11-13T02:31:12.838+0000][262.754s][info ][safepoint     ] Leaving safepoint region
[2023-11-13T02:31:12.838+0000][262.754s][info ][safepoint     ] Total time for which application threads were stopped: 0.0006518 seconds, Stopping threads took: 0.0001506 seconds
[2023-11-13T02:31:13.838+0000][263.754s][debug][safepoint     ] Safepoint synchronization initiated. (177 threads)
[2023-11-13T02:31:13.838+0000][263.754s][info ][safepoint     ] Application time: 1.0002153 seconds
[2023-11-13T02:31:13.838+0000][263.754s][info ][safepoint     ] Entering safepoint region: Cleanup
[2023-11-13T02:31:13.839+0000][263.755s][info ][safepoint     ] Leaving safepoint region
[2023-11-13T02:31:13.839+0000][263.755s][info ][safepoint     ] Total time for which application threads were stopped: 0.0005557 seconds, Stopping threads took: 0.0001133 seconds
[2023-11-13T02:31:14.839+0000][264.755s][debug][safepoint     ] Safepoint synchronization initiated. (177 threads)
[2023-11-13T02:31:14.840+0000][264.756s][info ][safepoint     ] Application time: 1.0008741 seconds
[2023-11-13T02:31:14.840+0000][264.756s][info ][safepoint     ] Entering safepoint region: Cleanup
[2023-11-13T02:31:14.841+0000][264.757s][info ][safepoint     ] Leaving safepoint region
[2023-11-13T02:31:14.841+0000][264.757s][info ][safepoint     ] Total time for which application threads were stopped: 0.0008791 seconds, Stopping threads took: 0.0003432 seconds
[2023-11-13T02:31:15.842+0000][265.757s][debug][safepoint     ] Safepoint synchronization initiated. (177 threads)
[2023-11-13T02:31:15.842+0000][265.757s][info ][safepoint     ] Application time: 1.0002257 seconds
[2023-11-13T02:31:15.842+0000][265.758s][info ][safepoint     ] Entering safepoint region: Cleanup
[2023-11-13T02:31:15.842+0000][265.758s][info ][safepoint     ] Leaving safepoint region
[2023-11-13T02:31:15.842+0000][265.758s][info ][safepoint     ] Total time for which application threads were stopped: 0.0005242 seconds, Stopping threads took: 0.0001038 seconds
[2023-11-13T02:31:16.842+0000][266.758s][debug][safepoint     ] Safepoint synchronization initiated. (177 threads)
[2023-11-13T02:31:16.842+0000][266.758s][info ][safepoint     ] Application time: 1.0002048 seconds
[2023-11-13T02:31:16.842+0000][266.758s][info ][safepoint     ] Entering safepoint region: Cleanup
[2023-11-13T02:31:16.843+0000][266.759s][info ][safepoint     ] Leaving safepoint region
[2023-11-13T02:31:16.843+0000][266.759s][info ][safepoint     ] Total time for which application threads were stopped: 0.0004117 seconds, Stopping threads took: 0.0001097 seconds
[2023-11-13T02:31:17.844+0000][267.760s][debug][safepoint     ] Safepoint synchronization initiated. (177 threads)
[2023-11-13T02:31:17.844+0000][267.760s][info ][safepoint     ] Application time: 1.0011018 seconds
[2023-11-13T02:31:17.844+0000][267.760s][info ][safepoint     ] Entering safepoint region: Cleanup
[2023-11-13T02:31:17.844+0000][267.760s][info ][safepoint     ] Leaving safepoint region
[2023-11-13T02:31:17.844+0000][267.760s][info ][safepoint     ] Total time for which application threads were stopped: 0.0003218 seconds, Stopping threads took: 0.0000801 seconds
[2023-11-13T02:31:18.844+0000][268.760s][debug][safepoint     ] Safepoint synchronization initiated. (177 threads)
[2023-11-13T02:31:18.844+0000][268.760s][info ][safepoint     ] Application time: 1.0001635 seconds
[2023-11-13T02:31:18.845+0000][268.760s][info ][safepoint     ] Entering safepoint region: Cleanup
[2023-11-13T02:31:18.845+0000][268.761s][info ][safepoint     ] Leaving safepoint region
[2023-11-13T02:31:18.845+0000][268.761s][info ][safepoint     ] Total time for which application threads were stopped: 0.0002909 seconds, Stopping threads took: 0.0000685 seconds
[2023-11-13T02:31:19.845+0000][269.761s][debug][safepoint     ] Safepoint synchronization initiated. (177 threads)
[2023-11-13T02:31:19.846+0000][269.762s][info ][safepoint     ] Application time: 1.0009853 seconds
[2023-11-13T02:31:19.846+0000][269.762s][info ][safepoint     ] Entering safepoint region: Cleanup
[2023-11-13T02:31:19.848+0000][269.764s][info ][safepoint     ] Leaving safepoint region
[2023-11-13T02:31:19.848+0000][269.764s][info ][safepoint     ] Total time for which application threads were stopped: 0.0018391 seconds, Stopping threads took: 0.0005869 seconds
[2023-11-13T02:31:20.849+0000][270.765s][debug][safepoint     ] Safepoint synchronization initiated. (177 threads)
[2023-11-13T02:31:20.849+0000][270.765s][info ][safepoint     ] Application time: 1.0002224 seconds
[2023-11-13T02:31:20.849+0000][270.765s][info ][safepoint     ] Entering safepoint region: Cleanup
[2023-11-13T02:31:20.849+0000][270.765s][info ][safepoint     ] Leaving safepoint region
[2023-11-13T02:31:20.849+0000][270.765s][info ][safepoint     ] Total time for which application threads were stopped: 0.0004802 seconds, Stopping threads took: 0.0001042 seconds
[2023-11-13T02:31:21.850+0000][271.766s][debug][safepoint     ] Safepoint synchronization initiated. (177 threads)
[2023-11-13T02:31:21.850+0000][271.766s][info ][safepoint     ] Application time: 1.0006990 seconds
[2023-11-13T02:31:21.850+0000][271.766s][info ][safepoint     ] Entering safepoint region: Cleanup
[2023-11-13T02:31:21.851+0000][271.766s][info ][safepoint     ] Leaving safepoint region
[2023-11-13T02:31:21.851+0000][271.766s][info ][safepoint     ] Total time for which application threads were stopped: 0.0004643 seconds, Stopping threads took: 0.0000943 seconds
[2023-11-13T02:31:22.851+0000][272.767s][debug][safepoint     ] Safepoint synchronization initiated. (177 threads)
[2023-11-13T02:31:22.851+0000][272.767s][info ][safepoint     ] Application time: 1.0001789 seconds
[2023-11-13T02:31:22.851+0000][272.767s][info ][safepoint     ] Entering safepoint region: Cleanup
[2023-11-13T02:31:22.851+0000][272.767s][info ][safepoint     ] Leaving safepoint region
[2023-11-13T02:31:22.851+0000][272.767s][info ][safepoint     ] Total time for which application threads were stopped: 0.0004358 seconds, Stopping threads took: 0.0000827 seconds
[2023-11-13T02:31:23.851+0000][273.767s][debug][safepoint     ] Safepoint synchronization initiated. (177 threads)
[2023-11-13T02:31:23.851+0000][273.767s][info ][safepoint     ] Application time: 1.0001658 seconds
[2023-11-13T02:31:23.852+0000][273.767s][info ][safepoint     ] Entering safepoint region: Cleanup
[2023-11-13T02:31:23.852+0000][273.768s][info ][safepoint     ] Leaving safepoint region
[2023-11-13T02:31:23.852+0000][273.768s][info ][safepoint     ] Total time for which application threads were stopped: 0.0003589 seconds, Stopping threads took: 0.0000815 seconds
[2023-11-13T02:31:24.852+0000][274.768s][debug][safepoint     ] Safepoint synchronization initiated. (177 threads)
[2023-11-13T02:31:24.852+0000][274.768s][info ][safepoint     ] Application time: 1.0001783 seconds
[2023-11-13T02:31:24.852+0000][274.768s][info ][safepoint     ] Entering safepoint region: Cleanup
[2023-11-13T02:31:24.852+0000][274.768s][info ][safepoint     ] Leaving safepoint region
[2023-11-13T02:31:24.852+0000][274.768s][info ][safepoint     ] Total time for which application threads were stopped: 0.0003265 seconds, Stopping threads took: 0.0000681 seconds
[2023-11-13T02:31:25.852+0000][275.768s][debug][safepoint     ] Safepoint synchronization initiated. (177 threads)
[2023-11-13T02:31:25.853+0000][275.769s][info ][safepoint     ] Application time: 1.0004107 seconds
[2023-11-13T02:31:25.853+0000][275.769s][info ][safepoint     ] Entering safepoint region: Cleanup
[2023-11-13T02:31:25.854+0000][275.769s][info ][safepoint     ] Leaving safepoint region
[2023-11-13T02:31:25.854+0000][275.770s][info ][safepoint     ] Total time for which application threads were stopped: 0.0007851 seconds, Stopping threads took: 0.0002799 seconds
[2023-11-13T02:31:26.854+0000][276.770s][debug][safepoint     ] Safepoint synchronization initiated. (177 threads)
[2023-11-13T02:31:26.854+0000][276.770s][info ][safepoint     ] Application time: 1.0002051 seconds
[2023-11-13T02:31:26.854+0000][276.770s][info ][safepoint     ] Entering safepoint region: Cleanup
[2023-11-13T02:31:26.855+0000][276.771s][info ][safepoint     ] Leaving safepoint region
[2023-11-13T02:31:26.855+0000][276.771s][info ][safepoint     ] Total time for which application threads were stopped: 0.0003064 seconds, Stopping threads took: 0.0000746 seconds
[2023-11-13T02:31:27.855+0000][277.771s][debug][safepoint     ] Safepoint synchronization initiated. (177 threads)
[2023-11-13T02:31:27.855+0000][277.771s][info ][safepoint     ] Application time: 1.0002074 seconds
[2023-11-13T02:31:27.855+0000][277.771s][info ][safepoint     ] Entering safepoint region: Cleanup
[2023-11-13T02:31:27.855+0000][277.771s][info ][safepoint     ] Leaving safepoint region
[2023-11-13T02:31:27.855+0000][277.771s][info ][safepoint     ] Total time for which application threads were stopped: 0.0002751 seconds, Stopping threads took: 0.0000728 seconds
[2023-11-13T02:31:28.858+0000][278.774s][debug][safepoint     ] Safepoint synchronization initiated. (176 threads)
[2023-11-13T02:31:28.858+0000][278.774s][info ][safepoint     ] Application time: 1.0030520 seconds
[2023-11-13T02:31:28.858+0000][278.774s][debug][safepoint     ] ... found polling page return exception at pc = 0x00007f76a04ea6fb, stub =0x00007f7698841800
[2023-11-13T02:31:28.858+0000][278.774s][debug][safepoint     ] ... found polling page return exception at pc = 0x00007f76a0a6ebe9, stub =0x00007f7698841800
[2023-11-13T02:31:28.859+0000][278.774s][debug][safepoint     ] Waiting for 2 thread(s) to block
[2023-11-13T02:31:28.859+0000][278.774s][info ][safepoint     ] Entering safepoint region: Cleanup
[2023-11-13T02:31:28.859+0000][278.775s][info ][safepoint     ] Leaving safepoint region
[2023-11-13T02:31:28.859+0000][278.775s][info ][safepoint     ] Total time for which application threads were stopped: 0.0007067 seconds, Stopping threads took: 0.0003765 seconds
[2023-11-13T02:31:29.859+0000][279.775s][debug][safepoint     ] Safepoint synchronization initiated. (176 threads)
[2023-11-13T02:31:29.859+0000][279.775s][info ][safepoint     ] Application time: 1.0001882 seconds
[2023-11-13T02:31:29.859+0000][279.775s][info ][safepoint     ] Entering safepoint region: Cleanup
[2023-11-13T02:31:29.860+0000][279.775s][info ][safepoint     ] Leaving safepoint region
[2023-11-13T02:31:29.860+0000][279.775s][info ][safepoint     ] Total time for which application threads were stopped: 0.0003431 seconds, Stopping threads took: 0.0000623 seconds
[2023-11-13T02:31:30.860+0000][280.776s][debug][safepoint     ] Safepoint synchronization initiated. (176 threads)
[2023-11-13T02:31:30.860+0000][280.776s][info ][safepoint     ] Application time: 1.0002375 seconds
[2023-11-13T02:31:30.860+0000][280.776s][info ][safepoint     ] Entering safepoint region: Cleanup
[2023-11-13T02:31:30.860+0000][280.776s][info ][safepoint     ] Leaving safepoint region
[2023-11-13T02:31:30.861+0000][280.776s][info ][safepoint     ] Total time for which application threads were stopped: 0.0006749 seconds, Stopping threads took: 0.0001151 seconds
[2023-11-13T02:31:31.861+0000][281.777s][debug][safepoint     ] Safepoint synchronization initiated. (176 threads)
[2023-11-13T02:31:31.861+0000][281.777s][info ][safepoint     ] Application time: 1.0001921 seconds
[2023-11-13T02:31:31.861+0000][281.777s][info ][safepoint     ] Entering safepoint region: Cleanup
[2023-11-13T02:31:31.861+0000][281.777s][info ][safepoint     ] Leaving safepoint region
[2023-11-13T02:31:31.861+0000][281.777s][info ][safepoint     ] Total time for which application threads were stopped: 0.0006401 seconds, Stopping threads took: 0.0000938 seconds
[2023-11-13T02:31:32.864+0000][282.780s][debug][safepoint     ] Safepoint synchronization initiated. (176 threads)
[2023-11-13T02:31:32.864+0000][282.780s][info ][safepoint     ] Application time: 1.0023498 seconds
[2023-11-13T02:31:32.864+0000][282.780s][info ][safepoint     ] Entering safepoint region: Cleanup
[2023-11-13T02:31:32.864+0000][282.780s][info ][safepoint     ] Leaving safepoint region
[2023-11-13T02:31:32.864+0000][282.780s][info ][safepoint     ] Total time for which application threads were stopped: 0.0005853 seconds, Stopping threads took: 0.0001037 seconds
[2023-11-13T02:31:33.864+0000][283.780s][debug][safepoint     ] Safepoint synchronization initiated. (176 threads)
[2023-11-13T02:31:33.865+0000][283.781s][info ][safepoint     ] Application time: 1.0005154 seconds
[2023-11-13T02:31:33.865+0000][283.781s][info ][safepoint     ] Entering safepoint region: Cleanup
[2023-11-13T02:31:33.866+0000][283.782s][info ][safepoint     ] Leaving safepoint region
[2023-11-13T02:31:33.866+0000][283.782s][info ][safepoint     ] Total time for which application threads were stopped: 0.0010295 seconds, Stopping threads took: 0.0003625 seconds
[2023-11-13T02:31:34.867+0000][284.783s][debug][safepoint     ] Safepoint synchronization initiated. (176 threads)
[2023-11-13T02:31:34.867+0000][284.783s][info ][safepoint     ] Application time: 1.0001546 seconds
[2023-11-13T02:31:34.867+0000][284.783s][info ][safepoint     ] Entering safepoint region: Cleanup
[2023-11-13T02:31:34.867+0000][284.783s][info ][safepoint     ] Leaving safepoint region
[2023-11-13T02:31:34.867+0000][284.783s][info ][safepoint     ] Total time for which application threads were stopped: 0.0003205 seconds, Stopping threads took: 0.0000663 seconds
[2023-11-13T02:31:35.867+0000][285.783s][debug][safepoint     ] Safepoint synchronization initiated. (176 threads)
[2023-11-13T02:31:35.868+0000][285.784s][info ][safepoint     ] Application time: 1.0006751 seconds
[2023-11-13T02:31:35.868+0000][285.784s][info ][safepoint     ] Entering safepoint region: Cleanup
[2023-11-13T02:31:35.868+0000][285.784s][info ][safepoint     ] Leaving safepoint region
[2023-11-13T02:31:35.869+0000][285.784s][info ][safepoint     ] Total time for which application threads were stopped: 0.0005811 seconds, Stopping threads took: 0.0002675 seconds
[2023-11-13T02:31:35.868+0000][285.784s][debug][safepoint     ] ... found polling page return exception at pc = 0x00007f76a0bcdf6a, stub =0x00007f7698841800
[2023-11-13T02:31:36.869+0000][286.785s][debug][safepoint     ] Safepoint synchronization initiated. (176 threads)
[2023-11-13T02:31:36.869+0000][286.785s][info ][safepoint     ] Application time: 1.0001806 seconds
[2023-11-13T02:31:36.869+0000][286.785s][info ][safepoint     ] Entering safepoint region: Cleanup
[2023-11-13T02:31:36.869+0000][286.785s][info ][safepoint     ] Leaving safepoint region
[2023-11-13T02:31:36.869+0000][286.785s][info ][safepoint     ] Total time for which application threads were stopped: 0.0004429 seconds, Stopping threads took: 0.0000679 seconds
[2023-11-13T02:31:37.869+0000][287.785s][debug][safepoint     ] Safepoint synchronization initiated. (176 threads)
[2023-11-13T02:31:37.870+0000][287.786s][info ][safepoint     ] Application time: 1.0006560 seconds
[2023-11-13T02:31:37.870+0000][287.786s][info ][safepoint     ] Entering safepoint region: Cleanup
[2023-11-13T02:31:37.871+0000][287.787s][info ][safepoint     ] Leaving safepoint region
[2023-11-13T02:31:37.872+0000][287.787s][info ][safepoint     ] Total time for which application threads were stopped: 0.0012518 seconds, Stopping threads took: 0.0004669 seconds
[2023-11-13T02:31:38.872+0000][288.788s][debug][safepoint     ] Safepoint synchronization initiated. (176 threads)
[2023-11-13T02:31:38.873+0000][288.789s][info ][safepoint     ] Application time: 1.0007725 seconds
[2023-11-13T02:31:38.873+0000][288.789s][info ][safepoint     ] Entering safepoint region: Cleanup
[2023-11-13T02:31:38.874+0000][288.790s][info ][safepoint     ] Leaving safepoint region
[2023-11-13T02:31:38.875+0000][288.790s][info ][safepoint     ] Total time for which application threads were stopped: 0.0013943 seconds, Stopping threads took: 0.0005426 seconds
[2023-11-13T02:31:39.875+0000][289.791s][debug][safepoint     ] Safepoint synchronization initiated. (176 threads)
[2023-11-13T02:31:39.877+0000][289.793s][info ][safepoint     ] Application time: 1.0019068 seconds
[2023-11-13T02:31:39.877+0000][289.793s][info ][safepoint     ] Entering safepoint region: Cleanup
[2023-11-13T02:31:39.878+0000][289.794s][info ][safepoint     ] Leaving safepoint region
[2023-11-13T02:31:39.879+0000][289.795s][info ][safepoint     ] Total time for which application threads were stopped: 0.0013564 seconds, Stopping threads took: 0.0004767 seconds
[2023-11-13T02:31:40.879+0000][290.795s][debug][safepoint     ] Safepoint synchronization initiated. (176 threads)
[2023-11-13T02:31:40.879+0000][290.795s][info ][safepoint     ] Application time: 1.0002241 seconds
[2023-11-13T02:31:40.879+0000][290.795s][info ][safepoint     ] Entering safepoint region: Cleanup
[2023-11-13T02:31:40.880+0000][290.796s][info ][safepoint     ] Leaving safepoint region
[2023-11-13T02:31:40.880+0000][290.796s][info ][safepoint     ] Total time for which application threads were stopped: 0.0004371 seconds, Stopping threads took: 0.0000822 seconds
[2023-11-13T02:31:41.880+0000][291.796s][debug][safepoint     ] Safepoint synchronization initiated. (176 threads)
[2023-11-13T02:31:41.881+0000][291.796s][info ][safepoint     ] Application time: 1.0007722 seconds
[2023-11-13T02:31:41.881+0000][291.797s][info ][safepoint     ] Entering safepoint region: Cleanup
[2023-11-13T02:31:41.881+0000][291.797s][info ][safepoint     ] Leaving safepoint region
[2023-11-13T02:31:41.882+0000][291.797s][info ][safepoint     ] Total time for which application threads were stopped: 0.0007850 seconds, Stopping threads took: 0.0002875 seconds
[2023-11-13T02:31:42.882+0000][292.798s][debug][safepoint     ] Safepoint synchronization initiated. (175 threads)
[2023-11-13T02:31:42.882+0000][292.798s][info ][safepoint     ] Application time: 1.0001906 seconds
[2023-11-13T02:31:42.882+0000][292.798s][info ][safepoint     ] Entering safepoint region: Cleanup
[2023-11-13T02:31:42.882+0000][292.798s][info ][safepoint     ] Leaving safepoint region
[2023-11-13T02:31:42.883+0000][292.798s][info ][safepoint     ] Total time for which application threads were stopped: 0.0004923 seconds, Stopping threads took: 0.0000735 seconds
[2023-11-13T02:31:43.883+0000][293.798s][debug][safepoint     ] Safepoint synchronization initiated. (174 threads)
[2023-11-13T02:31:43.883+0000][293.799s][info ][safepoint     ] Application time: 1.0006562 seconds
[2023-11-13T02:31:43.883+0000][293.799s][info ][safepoint     ] Entering safepoint region: Cleanup
[2023-11-13T02:31:43.884+0000][293.800s][info ][safepoint     ] Leaving safepoint region
[2023-11-13T02:31:43.884+0000][293.800s][info ][safepoint     ] Total time for which application threads were stopped: 0.0007390 seconds, Stopping threads took: 0.0002768 seconds
[2023-11-13T02:31:48.885+0000][298.801s][debug][safepoint     ] Safepoint synchronization initiated. (174 threads)
[2023-11-13T02:31:48.887+0000][298.802s][info ][safepoint     ] Application time: 5.0021275 seconds
[2023-11-13T02:31:48.887+0000][298.803s][info ][safepoint     ] Entering safepoint region: Cleanup
[2023-11-13T02:31:48.888+0000][298.804s][info ][safepoint     ] Leaving safepoint region
[2023-11-13T02:31:48.888+0000][298.804s][info ][safepoint     ] Total time for which application threads were stopped: 0.0012352 seconds, Stopping threads took: 0.0004747 seconds
[2023-11-13T02:32:01.893+0000][311.809s][debug][safepoint     ] Safepoint synchronization initiated. (174 threads)
[2023-11-13T02:32:01.893+0000][311.809s][info ][safepoint     ] Application time: 13.0042912 seconds
[2023-11-13T02:32:01.893+0000][311.809s][info ][safepoint     ] Entering safepoint region: Cleanup
[2023-11-13T02:32:01.893+0000][311.809s][info ][safepoint     ] Leaving safepoint region
[2023-11-13T02:32:01.893+0000][311.809s][info ][safepoint     ] Total time for which application threads were stopped: 0.0004210 seconds, Stopping threads took: 0.0000787 seconds
[2023-11-13T02:32:02.893+0000][312.809s][debug][safepoint     ] Safepoint synchronization initiated. (174 threads)
[2023-11-13T02:32:02.894+0000][312.809s][info ][safepoint     ] Application time: 1.0001577 seconds
[2023-11-13T02:32:02.894+0000][312.810s][info ][safepoint     ] Entering safepoint region: Cleanup
[2023-11-13T02:32:02.894+0000][312.810s][info ][safepoint     ] Leaving safepoint region
[2023-11-13T02:32:02.894+0000][312.810s][info ][safepoint     ] Total time for which application threads were stopped: 0.0003759 seconds, Stopping threads took: 0.0000758 seconds
[2023-11-13T02:32:12.895+0000][322.811s][debug][safepoint     ] Safepoint synchronization initiated. (174 threads)
[2023-11-13T02:32:12.895+0000][322.811s][info ][safepoint     ] Application time: 10.0011431 seconds
[2023-11-13T02:32:12.895+0000][322.811s][info ][safepoint     ] Entering safepoint region: Cleanup
[2023-11-13T02:32:12.895+0000][322.811s][info ][safepoint     ] Leaving safepoint region
[2023-11-13T02:32:12.896+0000][322.812s][info ][safepoint     ] Total time for which application threads were stopped: 0.0005853 seconds, Stopping threads took: 0.0000676 seconds
[2023-11-13T02:32:20.897+0000][330.813s][debug][safepoint     ] Safepoint synchronization initiated. (174 threads)
[2023-11-13T02:32:20.897+0000][330.813s][info ][safepoint     ] Application time: 8.0010609 seconds
[2023-11-13T02:32:20.897+0000][330.813s][info ][safepoint     ] Entering safepoint region: Cleanup
[2023-11-13T02:32:20.898+0000][330.813s][info ][safepoint     ] Leaving safepoint region
[2023-11-13T02:32:20.898+0000][330.814s][info ][safepoint     ] Total time for which application threads were stopped: 0.0005429 seconds, Stopping threads took: 0.0000950 seconds
[2023-11-13T02:32:38.900+0000][348.816s][debug][safepoint     ] Safepoint synchronization initiated. (174 threads)
[2023-11-13T02:32:38.900+0000][348.816s][info ][safepoint     ] Application time: 18.0024536 seconds
[2023-11-13T02:32:38.900+0000][348.816s][info ][safepoint     ] Entering safepoint region: Cleanup
[2023-11-13T02:32:38.901+0000][348.817s][info ][safepoint     ] Leaving safepoint region
[2023-11-13T02:32:38.902+0000][348.817s][info ][safepoint     ] Total time for which application threads were stopped: 0.0013237 seconds, Stopping threads took: 0.0001259 seconds
[2023-11-13T02:32:42.902+0000][352.818s][debug][safepoint     ] Safepoint synchronization initiated. (174 threads)
[2023-11-13T02:32:42.902+0000][352.818s][info ][safepoint     ] Application time: 4.0006061 seconds
[2023-11-13T02:32:42.902+0000][352.818s][info ][safepoint     ] Entering safepoint region: Cleanup
[2023-11-13T02:32:42.903+0000][352.819s][info ][safepoint     ] Leaving safepoint region
[2023-11-13T02:32:42.903+0000][352.819s][info ][safepoint     ] Total time for which application threads were stopped: 0.0005061 seconds, Stopping threads took: 0.0000912 seconds
[2023-11-13T02:32:43.903+0000][353.819s][debug][safepoint     ] Safepoint synchronization initiated. (173 threads)
[2023-11-13T02:32:43.903+0000][353.819s][info ][safepoint     ] Application time: 1.0001684 seconds
[2023-11-13T02:32:43.903+0000][353.819s][info ][safepoint     ] Entering safepoint region: Cleanup
[2023-11-13T02:32:43.903+0000][353.819s][info ][safepoint     ] Leaving safepoint region
[2023-11-13T02:32:43.903+0000][353.819s][info ][safepoint     ] Total time for which application threads were stopped: 0.0003967 seconds, Stopping threads took: 0.0000761 seconds
[2023-11-13T02:32:44.904+0000][354.819s][debug][safepoint     ] Safepoint synchronization initiated. (173 threads)
[2023-11-13T02:32:44.904+0000][354.820s][info ][safepoint     ] Application time: 1.0002984 seconds
[2023-11-13T02:32:44.904+0000][354.820s][info ][safepoint     ] Entering safepoint region: Cleanup
[2023-11-13T02:32:44.904+0000][354.820s][info ][safepoint     ] Leaving safepoint region
[2023-11-13T02:32:44.904+0000][354.820s][info ][safepoint     ] Total time for which application threads were stopped: 0.0006460 seconds, Stopping threads took: 0.0001074 seconds
[2023-11-13T02:32:45.905+0000][355.821s][debug][safepoint     ] Safepoint synchronization initiated. (173 threads)
[2023-11-13T02:32:45.905+0000][355.821s][info ][safepoint     ] Application time: 1.0004429 seconds
[2023-11-13T02:32:45.905+0000][355.821s][info ][safepoint     ] Entering safepoint region: Cleanup
[2023-11-13T02:32:45.906+0000][355.822s][info ][safepoint     ] Leaving safepoint region
[2023-11-13T02:32:45.906+0000][355.822s][info ][safepoint     ] Total time for which application threads were stopped: 0.0014386 seconds, Stopping threads took: 0.0000922 seconds
[2023-11-13T02:32:48.907+0000][358.823s][debug][safepoint     ] Safepoint synchronization initiated. (173 threads)
[2023-11-13T02:32:48.908+0000][358.823s][info ][safepoint     ] Application time: 3.0011962 seconds
[2023-11-13T02:32:48.908+0000][358.824s][info ][safepoint     ] Entering safepoint region: Cleanup
[2023-11-13T02:32:48.909+0000][358.825s][info ][safepoint     ] Leaving safepoint region
[2023-11-13T02:32:48.909+0000][358.825s][info ][safepoint     ] Total time for which application threads were stopped: 0.0013343 seconds, Stopping threads took: 0.0004410 seconds
[2023-11-13T02:32:50.910+0000][360.826s][debug][safepoint     ] Safepoint synchronization initiated. (173 threads)
[2023-11-13T02:32:50.910+0000][360.826s][info ][safepoint     ] Application time: 2.0006886 seconds
[2023-11-13T02:32:50.911+0000][360.827s][info ][safepoint     ] Entering safepoint region: Cleanup
[2023-11-13T02:32:50.911+0000][360.827s][info ][safepoint     ] Leaving safepoint region
[2023-11-13T02:32:50.912+0000][360.828s][info ][safepoint     ] Total time for which application threads were stopped: 0.0010443 seconds, Stopping threads took: 0.0003726 seconds
[2023-11-13T02:33:21.189+0000][391.105s][debug][safepoint     ] Safepoint synchronization initiated. (173 threads)
[2023-11-13T02:33:21.189+0000][391.105s][info ][safepoint     ] Application time: 30.2768254 seconds
[2023-11-13T02:33:21.189+0000][391.105s][info ][safepoint     ] Entering safepoint region: G1CollectForAllocation
[2023-11-13T02:33:21.189+0000][391.105s][info ][gc,start      ] GC(39) Pause Young (Normal) (G1 Evacuation Pause)
[2023-11-13T02:33:21.189+0000][391.105s][info ][gc,task       ] GC(39) Using 6 workers of 6 for evacuation
[2023-11-13T02:33:21.231+0000][391.147s][info ][gc,phases     ] GC(39)   Pre Evacuate Collection Set: 0.1ms
[2023-11-13T02:33:21.231+0000][391.147s][info ][gc,phases     ] GC(39)   Evacuate Collection Set: 36.7ms
[2023-11-13T02:33:21.231+0000][391.147s][info ][gc,phases     ] GC(39)   Post Evacuate Collection Set: 4.9ms
[2023-11-13T02:33:21.232+0000][391.147s][info ][gc,phases     ] GC(39)   Other: 0.4ms
[2023-11-13T02:33:21.232+0000][391.147s][info ][gc,heap       ] GC(39) Eden regions: 388->0(386)
[2023-11-13T02:33:21.232+0000][391.147s][info ][gc,heap       ] GC(39) Survivor regions: 25->27(52)
[2023-11-13T02:33:21.232+0000][391.147s][info ][gc,heap       ] GC(39) Old regions: 128->128
[2023-11-13T02:33:21.232+0000][391.147s][info ][gc,heap       ] GC(39) Humongous regions: 0->0
[2023-11-13T02:33:21.232+0000][391.147s][info ][gc,metaspace  ] GC(39) Metaspace: 161829K(167128K)->161829K(167128K) NonClass: 142952K(146136K)->142952K(146136K) Class: 18877K(20992K)->18877K(20992K)
[2023-11-13T02:33:21.232+0000][391.147s][info ][gc            ] GC(39) Pause Young (Normal) (G1 Evacuation Pause) 538M->152M(689M) 42.270ms
[2023-11-13T02:33:21.232+0000][391.148s][info ][gc,cpu        ] GC(39) User=0.11s Sys=0.00s Real=0.04s
[2023-11-13T02:33:21.232+0000][391.148s][info ][safepoint     ] Leaving safepoint region
[2023-11-13T02:33:21.232+0000][391.148s][info ][safepoint     ] Total time for which application threads were stopped: 0.0429002 seconds, Stopping threads took: 0.0000813 seconds
[2023-11-13T02:33:21.232+0000][391.148s][info ][gc,stringdedup] Concurrent String Deduplication (391.148s)
[2023-11-13T02:33:21.240+0000][391.156s][info ][gc,stringdedup] Concurrent String Deduplication 455.7K->223.3K(232.4K) avg 54.0% (391.148s, 391.156s) 8.235ms
[2023-11-13T02:33:28.757+0000][398.672s][debug][safepoint     ] Safepoint synchronization initiated. (173 threads)
[2023-11-13T02:33:28.757+0000][398.673s][info ][safepoint     ] Application time: 7.5249563 seconds
[2023-11-13T02:33:28.757+0000][398.673s][info ][safepoint     ] Entering safepoint region: CollectForMetadataAllocation
[2023-11-13T02:33:28.757+0000][398.673s][info ][gc,start      ] GC(40) Pause Young (Concurrent Start) (Metadata GC Threshold)
[2023-11-13T02:33:28.757+0000][398.673s][info ][gc,task       ] GC(40) Using 6 workers of 6 for evacuation
[2023-11-13T02:33:28.830+0000][398.746s][info ][gc,phases     ] GC(40)   Pre Evacuate Collection Set: 0.8ms
[2023-11-13T02:33:28.831+0000][398.746s][info ][gc,phases     ] GC(40)   Evacuate Collection Set: 62.3ms
[2023-11-13T02:33:28.831+0000][398.746s][info ][gc,phases     ] GC(40)   Post Evacuate Collection Set: 9.2ms
[2023-11-13T02:33:28.831+0000][398.746s][info ][gc,phases     ] GC(40)   Other: 0.8ms
[2023-11-13T02:33:28.831+0000][398.747s][info ][gc,heap       ] GC(40) Eden regions: 12->0(386)
[2023-11-13T02:33:28.831+0000][398.747s][info ][gc,heap       ] GC(40) Survivor regions: 27->27(52)
[2023-11-13T02:33:28.831+0000][398.747s][info ][gc,heap       ] GC(40) Old regions: 128->128
[2023-11-13T02:33:28.831+0000][398.747s][info ][gc,heap       ] GC(40) Humongous regions: 0->0
[2023-11-13T02:33:28.831+0000][398.747s][info ][gc,metaspace  ] GC(40) Metaspace: 161872K(167128K)->161872K(167128K) NonClass: 142995K(146136K)->142995K(146136K) Class: 18877K(20992K)->18877K(20992K)
[2023-11-13T02:33:28.831+0000][398.747s][info ][gc            ] GC(40) Pause Young (Concurrent Start) (Metadata GC Threshold) 163M->152M(689M) 73.495ms
[2023-11-13T02:33:28.831+0000][398.747s][info ][gc,cpu        ] GC(40) User=0.21s Sys=0.01s Real=0.07s
[2023-11-13T02:33:28.831+0000][398.747s][info ][safepoint     ] Leaving safepoint region
[2023-11-13T02:33:28.831+0000][398.747s][info ][safepoint     ] Total time for which application threads were stopped: 0.0744760 seconds, Stopping threads took: 0.0001523 seconds
[2023-11-13T02:33:28.831+0000][398.747s][info ][gc            ] GC(41) Concurrent Cycle
[2023-11-13T02:33:28.831+0000][398.747s][info ][gc,marking    ] GC(41) Concurrent Clear Claimed Marks
[2023-11-13T02:33:28.832+0000][398.748s][info ][gc,stringdedup] Concurrent String Deduplication (398.748s)
[2023-11-13T02:33:28.832+0000][398.748s][info ][gc,marking    ] GC(41) Concurrent Clear Claimed Marks 0.738ms
[2023-11-13T02:33:28.832+0000][398.748s][info ][gc,marking    ] GC(41) Concurrent Scan Root Regions
[2023-11-13T02:33:28.845+0000][398.761s][info ][gc,stringdedup] Concurrent String Deduplication 597.2K->318.5K(278.8K) avg 53.7% (398.748s, 398.761s) 13.361ms
[2023-11-13T02:33:28.868+0000][398.784s][info ][gc,marking    ] GC(41) Concurrent Scan Root Regions 36.055ms
[2023-11-13T02:33:28.868+0000][398.784s][info ][gc,marking    ] GC(41) Concurrent Mark (398.784s)
[2023-11-13T02:33:28.868+0000][398.784s][info ][gc,marking    ] GC(41) Concurrent Mark From Roots
[2023-11-13T02:33:28.868+0000][398.784s][info ][gc,task       ] GC(41) Using 2 workers of 2 for marking
[2023-11-13T02:33:29.176+0000][399.092s][info ][gc,marking    ] GC(41) Concurrent Mark From Roots 307.834ms
[2023-11-13T02:33:29.176+0000][399.092s][info ][gc,marking    ] GC(41) Concurrent Preclean
[2023-11-13T02:33:29.177+0000][399.093s][info ][gc,marking    ] GC(41) Concurrent Preclean 0.363ms
[2023-11-13T02:33:29.177+0000][399.093s][info ][gc,marking    ] GC(41) Concurrent Mark (398.784s, 399.093s) 308.396ms
[2023-11-13T02:33:29.177+0000][399.093s][debug][safepoint     ] Safepoint synchronization initiated. (173 threads)
[2023-11-13T02:33:29.177+0000][399.093s][info ][safepoint     ] Application time: 0.3456379 seconds
[2023-11-13T02:33:29.177+0000][399.093s][info ][safepoint     ] Entering safepoint region: CGC_Operation
[2023-11-13T02:33:29.177+0000][399.093s][info ][gc,start      ] GC(41) Pause Remark
[2023-11-13T02:33:29.226+0000][399.142s][info ][gc,stringtable] GC(41) Cleaned string and symbol table, strings: 79655 processed, 90 removed, symbols: 399694 processed, 283 removed
[2023-11-13T02:33:29.228+0000][399.144s][info ][gc            ] GC(41) Pause Remark 157M->157M(689M) 51.073ms
[2023-11-13T02:33:29.230+0000][399.146s][info ][gc,cpu        ] GC(41) User=0.17s Sys=0.01s Real=0.05s
[2023-11-13T02:33:29.230+0000][399.146s][info ][safepoint     ] Leaving safepoint region
[2023-11-13T02:33:29.230+0000][399.146s][info ][safepoint     ] Total time for which application threads were stopped: 0.0533755 seconds, Stopping threads took: 0.0001030 seconds
[2023-11-13T02:33:29.230+0000][399.146s][info ][gc,marking    ] GC(41) Concurrent Rebuild Remembered Sets
[2023-11-13T02:33:29.402+0000][399.318s][info ][gc,marking    ] GC(41) Concurrent Rebuild Remembered Sets 171.406ms
[2023-11-13T02:33:29.402+0000][399.318s][debug][safepoint     ] Safepoint synchronization initiated. (173 threads)
[2023-11-13T02:33:29.402+0000][399.318s][info ][safepoint     ] Application time: 0.1716367 seconds
[2023-11-13T02:33:29.402+0000][399.318s][info ][safepoint     ] Entering safepoint region: CGC_Operation
[2023-11-13T02:33:29.402+0000][399.318s][info ][gc,start      ] GC(41) Pause Cleanup
[2023-11-13T02:33:29.403+0000][399.319s][info ][gc            ] GC(41) Pause Cleanup 157M->157M(689M) 0.543ms
[2023-11-13T02:33:29.403+0000][399.319s][info ][gc,cpu        ] GC(41) User=0.00s Sys=0.00s Real=0.00s
[2023-11-13T02:33:29.403+0000][399.319s][info ][safepoint     ] Leaving safepoint region
[2023-11-13T02:33:29.403+0000][399.319s][info ][safepoint     ] Total time for which application threads were stopped: 0.0009349 seconds, Stopping threads took: 0.0000660 seconds
[2023-11-13T02:33:29.403+0000][399.319s][info ][gc,marking    ] GC(41) Concurrent Cleanup for Next Mark
[2023-11-13T02:33:29.405+0000][399.321s][info ][gc,marking    ] GC(41) Concurrent Cleanup for Next Mark 2.147ms
[2023-11-13T02:33:29.405+0000][399.321s][info ][gc            ] GC(41) Concurrent Cycle 573.806ms
[2023-11-13T02:33:39.406+0000][409.322s][debug][safepoint     ] Safepoint synchronization initiated. (173 threads)
[2023-11-13T02:33:39.406+0000][409.322s][info ][safepoint     ] Application time: 10.0032820 seconds
[2023-11-13T02:33:39.406+0000][409.322s][info ][safepoint     ] Entering safepoint region: Cleanup
[2023-11-13T02:33:39.407+0000][409.323s][info ][safepoint     ] Leaving safepoint region
[2023-11-13T02:33:39.407+0000][409.323s][info ][safepoint     ] Total time for which application threads were stopped: 0.0004626 seconds, Stopping threads took: 0.0001021 seconds
[2023-11-13T02:33:43.407+0000][413.323s][debug][safepoint     ] Safepoint synchronization initiated. (173 threads)
[2023-11-13T02:33:43.407+0000][413.323s][info ][safepoint     ] Application time: 4.0005856 seconds
[2023-11-13T02:33:43.407+0000][413.323s][info ][safepoint     ] Entering safepoint region: Cleanup
[2023-11-13T02:33:43.408+0000][413.324s][info ][safepoint     ] Leaving safepoint region
[2023-11-13T02:33:43.408+0000][413.324s][info ][safepoint     ] Total time for which application threads were stopped: 0.0004408 seconds, Stopping threads took: 0.0000916 seconds
[2023-11-13T02:33:45.408+0000][415.324s][debug][safepoint     ] Safepoint synchronization initiated. (173 threads)
[2023-11-13T02:33:45.408+0000][415.324s][info ][safepoint     ] Application time: 2.0003820 seconds
[2023-11-13T02:33:45.408+0000][415.324s][info ][safepoint     ] Entering safepoint region: Cleanup
[2023-11-13T02:33:45.409+0000][415.324s][info ][safepoint     ] Leaving safepoint region
[2023-11-13T02:33:45.409+0000][415.325s][info ][safepoint     ] Total time for which application threads were stopped: 0.0004358 seconds, Stopping threads took: 0.0000916 seconds
[2023-11-13T02:33:49.409+0000][419.325s][debug][safepoint     ] Safepoint synchronization initiated. (173 threads)
[2023-11-13T02:33:49.409+0000][419.325s][info ][safepoint     ] Application time: 4.0005191 seconds
[2023-11-13T02:33:49.409+0000][419.325s][info ][safepoint     ] Entering safepoint region: Cleanup
[2023-11-13T02:33:49.410+0000][419.326s][info ][safepoint     ] Leaving safepoint region
[2023-11-13T02:33:49.410+0000][419.326s][info ][safepoint     ] Total time for which application threads were stopped: 0.0004770 seconds, Stopping threads took: 0.0000987 seconds
[2023-11-13T02:34:05.419+0000][435.335s][debug][safepoint     ] Safepoint synchronization initiated. (173 threads)
[2023-11-13T02:34:05.420+0000][435.336s][info ][safepoint     ] Application time: 16.0104339 seconds
[2023-11-13T02:34:05.421+0000][435.337s][info ][safepoint     ] Entering safepoint region: Cleanup
[2023-11-13T02:34:05.422+0000][435.337s][info ][safepoint     ] Leaving safepoint region
[2023-11-13T02:34:05.422+0000][435.338s][info ][safepoint     ] Total time for which application threads were stopped: 0.0014947 seconds, Stopping threads took: 0.0005583 seconds
[2023-11-13T02:34:05.422+0000][435.338s][debug][safepoint     ] ... found polling page return exception at pc = 0x00007f76a0bcdf6a, stub =0x00007f7698841800
[2023-11-13T02:34:45.431+0000][475.347s][debug][safepoint     ] Safepoint synchronization initiated. (178 threads)
[2023-11-13T02:34:45.431+0000][475.347s][info ][safepoint     ] Application time: 40.0087572 seconds
[2023-11-13T02:34:45.433+0000][475.349s][info ][safepoint     ] Entering safepoint region: Cleanup
[2023-11-13T02:34:45.433+0000][475.349s][info ][safepoint     ] Leaving safepoint region
[2023-11-13T02:34:45.433+0000][475.349s][info ][safepoint     ] Total time for which application threads were stopped: 0.0015532 seconds, Stopping threads took: 0.0011215 seconds
[2023-11-13T02:34:46.353+0000][476.269s][debug][safepoint     ] Safepoint synchronization initiated. (208 threads)
[2023-11-13T02:34:46.353+0000][476.269s][info ][safepoint     ] Application time: 0.9199890 seconds
[2023-11-13T02:34:46.353+0000][476.269s][debug][safepoint     ] ... found polling page return exception at pc = 0x00007f76a02c8f14, stub =0x00007f7698841800
[2023-11-13T02:34:46.353+0000][476.269s][debug][safepoint     ] ... found polling page return exception at pc = 0x00007f76a118351d, stub =0x00007f7698841800
[2023-11-13T02:34:46.356+0000][476.272s][debug][safepoint     ] Waiting for 3 thread(s) to block
[2023-11-13T02:34:46.357+0000][476.272s][info ][safepoint     ] Entering safepoint region: ICBufferFull
[2023-11-13T02:34:46.357+0000][476.273s][info ][safepoint     ] Leaving safepoint region
[2023-11-13T02:34:46.357+0000][476.273s][info ][safepoint     ] Total time for which application threads were stopped: 0.0039326 seconds, Stopping threads took: 0.0033860 seconds
[2023-11-13T02:34:46.357+0000][476.273s][debug][safepoint     ] ... found polling page return exception at pc = 0x00007f76a0bcdf6a, stub =0x00007f7698841800
[2023-11-13T02:34:46.854+0000][476.769s][debug][safepoint     ] Safepoint synchronization initiated. (211 threads)
[2023-11-13T02:34:46.854+0000][476.770s][info ][safepoint     ] Application time: 0.4965790 seconds
[2023-11-13T02:34:46.854+0000][476.770s][debug][safepoint     ] ... found polling page return exception at pc = 0x00007f76a02c8f14, stub =0x00007f7698841800
[2023-11-13T02:34:46.854+0000][476.770s][debug][safepoint     ] Waiting for 1 thread(s) to block
[2023-11-13T02:34:46.854+0000][476.770s][info ][safepoint     ] Entering safepoint region: ICBufferFull
[2023-11-13T02:34:46.854+0000][476.770s][info ][safepoint     ] Leaving safepoint region
[2023-11-13T02:34:46.854+0000][476.770s][info ][safepoint     ] Total time for which application threads were stopped: 0.0006796 seconds, Stopping threads took: 0.0002814 seconds
[2023-11-13T02:34:47.636+0000][477.552s][debug][safepoint     ] Safepoint synchronization initiated. (212 threads)
[2023-11-13T02:34:47.636+0000][477.552s][info ][safepoint     ] Application time: 0.7819713 seconds
[2023-11-13T02:34:47.636+0000][477.552s][info ][safepoint     ] Entering safepoint region: ICBufferFull
[2023-11-13T02:34:47.640+0000][477.556s][info ][safepoint     ] Leaving safepoint region
[2023-11-13T02:34:47.640+0000][477.556s][info ][safepoint     ] Total time for which application threads were stopped: 0.0038926 seconds, Stopping threads took: 0.0000797 seconds
[2023-11-13T02:34:48.640+0000][478.556s][debug][safepoint     ] Safepoint synchronization initiated. (212 threads)
[2023-11-13T02:34:48.640+0000][478.556s][info ][safepoint     ] Application time: 1.0001873 seconds
[2023-11-13T02:34:48.641+0000][478.556s][debug][safepoint     ] Waiting for 1 thread(s) to block
[2023-11-13T02:34:48.646+0000][478.562s][info ][safepoint     ] Entering safepoint region: Cleanup
[2023-11-13T02:34:48.650+0000][478.566s][info ][safepoint     ] Leaving safepoint region
[2023-11-13T02:34:48.650+0000][478.566s][info ][safepoint     ] Total time for which application threads were stopped: 0.0098441 seconds, Stopping threads took: 0.0060393 seconds
[2023-11-13T02:34:49.650+0000][479.566s][debug][safepoint     ] Safepoint synchronization initiated. (213 threads)
[2023-11-13T02:34:49.651+0000][479.567s][info ][safepoint     ] Application time: 1.0004500 seconds
[2023-11-13T02:34:49.651+0000][479.567s][info ][safepoint     ] Entering safepoint region: Cleanup
[2023-11-13T02:34:49.652+0000][479.568s][info ][safepoint     ] Leaving safepoint region
[2023-11-13T02:34:49.652+0000][479.568s][info ][safepoint     ] Total time for which application threads were stopped: 0.0012355 seconds, Stopping threads took: 0.0005372 seconds
[2023-11-13T02:34:50.653+0000][480.569s][debug][safepoint     ] Safepoint synchronization initiated. (219 threads)
[2023-11-13T02:34:50.653+0000][480.569s][info ][safepoint     ] Application time: 1.0009030 seconds
[2023-11-13T02:34:50.653+0000][480.569s][info ][safepoint     ] Entering safepoint region: Cleanup
[2023-11-13T02:34:50.656+0000][480.572s][info ][safepoint     ] Leaving safepoint region
[2023-11-13T02:34:50.656+0000][480.572s][info ][safepoint     ] Total time for which application threads were stopped: 0.0024853 seconds, Stopping threads took: 0.0000803 seconds
[2023-11-13T02:34:50.656+0000][480.572s][debug][safepoint     ] ... found polling page return exception at pc = 0x00007f76a0bcdf6a, stub =0x00007f7698841800
[2023-11-13T02:34:51.656+0000][481.572s][debug][safepoint     ] Safepoint synchronization initiated. (221 threads)
[2023-11-13T02:34:51.660+0000][481.575s][info ][safepoint     ] Application time: 1.0037134 seconds
[2023-11-13T02:34:51.660+0000][481.576s][debug][safepoint     ] Waiting for 1 thread(s) to block
[2023-11-13T02:34:51.660+0000][481.576s][info ][safepoint     ] Entering safepoint region: Cleanup
[2023-11-13T02:34:51.661+0000][481.577s][info ][safepoint     ] Leaving safepoint region
[2023-11-13T02:34:51.661+0000][481.577s][info ][safepoint     ] Total time for which application threads were stopped: 0.0016059 seconds, Stopping threads took: 0.0007129 seconds
[2023-11-13T02:34:52.662+0000][482.578s][debug][safepoint     ] Safepoint synchronization initiated. (221 threads)
[2023-11-13T02:34:52.662+0000][482.578s][info ][safepoint     ] Application time: 1.0006711 seconds
[2023-11-13T02:34:52.662+0000][482.578s][info ][safepoint     ] Entering safepoint region: Cleanup
[2023-11-13T02:34:52.663+0000][482.578s][info ][safepoint     ] Leaving safepoint region
[2023-11-13T02:34:52.663+0000][482.579s][info ][safepoint     ] Total time for which application threads were stopped: 0.0005123 seconds, Stopping threads took: 0.0000907 seconds
[2023-11-13T02:34:53.664+0000][483.580s][debug][safepoint     ] Safepoint synchronization initiated. (221 threads)
[2023-11-13T02:34:53.664+0000][483.580s][info ][safepoint     ] Application time: 1.0015400 seconds
[2023-11-13T02:34:53.664+0000][483.580s][debug][safepoint     ] ... found polling page return exception at pc = 0x00007f769b667c7f, stub =0x00007f7698841800
[2023-11-13T02:34:53.664+0000][483.580s][debug][safepoint     ] Waiting for 1 thread(s) to block
[2023-11-13T02:34:53.664+0000][483.580s][info ][safepoint     ] Entering safepoint region: Cleanup
[2023-11-13T02:34:53.665+0000][483.581s][info ][safepoint     ] Leaving safepoint region
[2023-11-13T02:34:53.665+0000][483.581s][info ][safepoint     ] Total time for which application threads were stopped: 0.0005320 seconds, Stopping threads took: 0.0002161 seconds
[2023-11-13T02:34:54.665+0000][484.581s][debug][safepoint     ] Safepoint synchronization initiated. (222 threads)
[2023-11-13T02:34:54.665+0000][484.581s][info ][safepoint     ] Application time: 1.0001577 seconds
[2023-11-13T02:34:54.665+0000][484.581s][debug][safepoint     ] Waiting for 1 thread(s) to block
[2023-11-13T02:34:54.666+0000][484.582s][info ][safepoint     ] Entering safepoint region: Cleanup
[2023-11-13T02:34:54.666+0000][484.582s][info ][safepoint     ] Leaving safepoint region
[2023-11-13T02:34:54.666+0000][484.582s][info ][safepoint     ] Total time for which application threads were stopped: 0.0011514 seconds, Stopping threads took: 0.0007275 seconds
[2023-11-13T02:34:54.666+0000][484.582s][debug][safepoint     ] ... found polling page loop exception at pc = 0x00007f769a13d9e2, stub =0x00007f7698841b00
[2023-11-13T02:34:55.666+0000][485.582s][debug][safepoint     ] Safepoint synchronization initiated. (222 threads)
[2023-11-13T02:34:55.667+0000][485.582s][info ][safepoint     ] Application time: 1.0003719 seconds
[2023-11-13T02:34:55.667+0000][485.582s][debug][safepoint     ] Waiting for 1 thread(s) to block
[2023-11-13T02:34:55.667+0000][485.583s][info ][safepoint     ] Entering safepoint region: Cleanup
[2023-11-13T02:34:55.668+0000][485.584s][info ][safepoint     ] Leaving safepoint region
[2023-11-13T02:34:55.668+0000][485.584s][info ][safepoint     ] Total time for which application threads were stopped: 0.0012587 seconds, Stopping threads took: 0.0007172 seconds
[2023-11-13T02:34:56.668+0000][486.584s][debug][safepoint     ] Safepoint synchronization initiated. (222 threads)
[2023-11-13T02:34:56.668+0000][486.584s][info ][safepoint     ] Application time: 1.0002521 seconds
[2023-11-13T02:34:56.669+0000][486.584s][info ][safepoint     ] Entering safepoint region: Cleanup
[2023-11-13T02:34:56.669+0000][486.585s][info ][safepoint     ] Leaving safepoint region
[2023-11-13T02:34:56.669+0000][486.585s][info ][safepoint     ] Total time for which application threads were stopped: 0.0007109 seconds, Stopping threads took: 0.0000826 seconds
[2023-11-13T02:34:57.669+0000][487.585s][debug][safepoint     ] Safepoint synchronization initiated. (222 threads)
[2023-11-13T02:34:57.669+0000][487.585s][info ][safepoint     ] Application time: 1.0001351 seconds
[2023-11-13T02:34:57.669+0000][487.585s][info ][safepoint     ] Entering safepoint region: Cleanup
[2023-11-13T02:34:57.670+0000][487.586s][info ][safepoint     ] Leaving safepoint region
[2023-11-13T02:34:57.670+0000][487.586s][info ][safepoint     ] Total time for which application threads were stopped: 0.0004232 seconds, Stopping threads took: 0.0000764 seconds
[2023-11-13T02:34:58.556+0000][488.472s][debug][safepoint     ] Safepoint synchronization initiated. (222 threads)
[2023-11-13T02:34:58.556+0000][488.472s][info ][safepoint     ] Application time: 0.8862902 seconds
[2023-11-13T02:34:58.556+0000][488.472s][debug][safepoint     ] Waiting for 1 thread(s) to block
[2023-11-13T02:34:58.557+0000][488.473s][info ][safepoint     ] Entering safepoint region: G1CollectForAllocation
[2023-11-13T02:34:58.557+0000][488.473s][info ][gc,start      ] GC(42) Pause Young (Normal) (G1 Evacuation Pause)
[2023-11-13T02:34:58.558+0000][488.473s][info ][gc,task       ] GC(42) Using 6 workers of 6 for evacuation
[2023-11-13T02:34:58.603+0000][488.519s][info ][gc,phases     ] GC(42)   Pre Evacuate Collection Set: 0.4ms
[2023-11-13T02:34:58.603+0000][488.519s][info ][gc,phases     ] GC(42)   Evacuate Collection Set: 37.2ms
[2023-11-13T02:34:58.603+0000][488.519s][info ][gc,phases     ] GC(42)   Post Evacuate Collection Set: 7.6ms
[2023-11-13T02:34:58.604+0000][488.519s][info ][gc,phases     ] GC(42)   Other: 0.9ms
[2023-11-13T02:34:58.604+0000][488.520s][info ][gc,heap       ] GC(42) Eden regions: 386->0(383)
[2023-11-13T02:34:58.604+0000][488.520s][info ][gc,heap       ] GC(42) Survivor regions: 27->30(52)
[2023-11-13T02:34:58.604+0000][488.520s][info ][gc,heap       ] GC(42) Old regions: 128->128
[2023-11-13T02:34:58.604+0000][488.520s][info ][gc,heap       ] GC(42) Humongous regions: 0->0
[2023-11-13T02:34:58.604+0000][488.520s][info ][gc,metaspace  ] GC(42) Metaspace: 164130K(169560K)->164130K(169560K) NonClass: 145202K(148440K)->145202K(148440K) Class: 18927K(21120K)->18927K(21120K)
[2023-11-13T02:34:58.604+0000][488.520s][info ][gc            ] GC(42) Pause Young (Normal) (G1 Evacuation Pause) 538M->155M(689M) 46.519ms
[2023-11-13T02:34:58.604+0000][488.520s][info ][gc,cpu        ] GC(42) User=0.14s Sys=0.00s Real=0.04s
[2023-11-13T02:34:58.604+0000][488.520s][info ][safepoint     ] Leaving safepoint region
[2023-11-13T02:34:58.604+0000][488.520s][info ][safepoint     ] Total time for which application threads were stopped: 0.0479614 seconds, Stopping threads took: 0.0009364 seconds
[2023-11-13T02:34:58.605+0000][488.521s][info ][gc,stringdedup] Concurrent String Deduplication (488.521s)
[2023-11-13T02:34:58.606+0000][488.522s][info ][gc,stringdedup] Concurrent String Deduplication 115.3K->51328.0B(66760.0B) avg 53.8% (488.521s, 488.522s) 1.484ms
[2023-11-13T02:34:59.610+0000][489.526s][debug][safepoint     ] Safepoint synchronization initiated. (222 threads)
[2023-11-13T02:34:59.610+0000][489.526s][info ][safepoint     ] Application time: 1.0063015 seconds
[2023-11-13T02:34:59.611+0000][489.526s][info ][safepoint     ] Entering safepoint region: Cleanup
[2023-11-13T02:34:59.611+0000][489.527s][info ][safepoint     ] Leaving safepoint region
[2023-11-13T02:34:59.611+0000][489.527s][info ][safepoint     ] Total time for which application threads were stopped: 0.0005104 seconds, Stopping threads took: 0.0000850 seconds
[2023-11-13T02:35:00.611+0000][490.527s][debug][safepoint     ] Safepoint synchronization initiated. (222 threads)
[2023-11-13T02:35:00.611+0000][490.527s][info ][safepoint     ] Application time: 1.0001647 seconds
[2023-11-13T02:35:00.611+0000][490.527s][info ][safepoint     ] Entering safepoint region: Cleanup
[2023-11-13T02:35:00.612+0000][490.528s][info ][safepoint     ] Leaving safepoint region
[2023-11-13T02:35:00.612+0000][490.528s][info ][safepoint     ] Total time for which application threads were stopped: 0.0007092 seconds, Stopping threads took: 0.0000818 seconds
[2023-11-13T02:35:01.614+0000][491.530s][debug][safepoint     ] Safepoint synchronization initiated. (222 threads)
[2023-11-13T02:35:01.614+0000][491.530s][info ][safepoint     ] Application time: 1.0021950 seconds
[2023-11-13T02:35:01.614+0000][491.530s][info ][safepoint     ] Entering safepoint region: Cleanup
[2023-11-13T02:35:01.615+0000][491.530s][info ][safepoint     ] Leaving safepoint region
[2023-11-13T02:35:01.615+0000][491.531s][info ][safepoint     ] Total time for which application threads were stopped: 0.0005543 seconds, Stopping threads took: 0.0000886 seconds
[2023-11-13T02:35:02.615+0000][492.531s][debug][safepoint     ] Safepoint synchronization initiated. (222 threads)
[2023-11-13T02:35:02.615+0000][492.531s][info ][safepoint     ] Application time: 1.0001111 seconds
[2023-11-13T02:35:02.615+0000][492.531s][info ][safepoint     ] Entering safepoint region: Cleanup
[2023-11-13T02:35:02.616+0000][492.532s][info ][safepoint     ] Leaving safepoint region
[2023-11-13T02:35:02.616+0000][492.532s][info ][safepoint     ] Total time for which application threads were stopped: 0.0010069 seconds, Stopping threads took: 0.0000859 seconds
[2023-11-13T02:35:03.618+0000][493.534s][debug][safepoint     ] Safepoint synchronization initiated. (222 threads)
[2023-11-13T02:35:03.618+0000][493.534s][info ][safepoint     ] Application time: 1.0020433 seconds
[2023-11-13T02:35:03.618+0000][493.534s][info ][safepoint     ] Entering safepoint region: Cleanup
[2023-11-13T02:35:03.618+0000][493.534s][info ][safepoint     ] Leaving safepoint region
[2023-11-13T02:35:03.618+0000][493.534s][info ][safepoint     ] Total time for which application threads were stopped: 0.0003741 seconds, Stopping threads took: 0.0001161 seconds
[2023-11-13T02:35:04.618+0000][494.534s][debug][safepoint     ] Safepoint synchronization initiated. (222 threads)
[2023-11-13T02:35:04.618+0000][494.534s][info ][safepoint     ] Application time: 1.0001583 seconds
[2023-11-13T02:35:04.619+0000][494.534s][info ][safepoint     ] Entering safepoint region: Cleanup
[2023-11-13T02:35:04.619+0000][494.535s][info ][safepoint     ] Leaving safepoint region
[2023-11-13T02:35:04.619+0000][494.535s][info ][safepoint     ] Total time for which application threads were stopped: 0.0004336 seconds, Stopping threads took: 0.0001235 seconds
[2023-11-13T02:35:05.619+0000][495.535s][debug][safepoint     ] Safepoint synchronization initiated. (222 threads)
[2023-11-13T02:35:05.619+0000][495.535s][info ][safepoint     ] Application time: 1.0002237 seconds
[2023-11-13T02:35:05.619+0000][495.535s][info ][safepoint     ] Entering safepoint region: Cleanup
[2023-11-13T02:35:05.619+0000][495.535s][info ][safepoint     ] Leaving safepoint region
[2023-11-13T02:35:05.619+0000][495.535s][info ][safepoint     ] Total time for which application threads were stopped: 0.0003290 seconds, Stopping threads took: 0.0000782 seconds
[2023-11-13T02:35:06.620+0000][496.535s][debug][safepoint     ] Safepoint synchronization initiated. (222 threads)
[2023-11-13T02:35:06.620+0000][496.536s][info ][safepoint     ] Application time: 1.0001727 seconds
[2023-11-13T02:35:06.620+0000][496.536s][debug][safepoint     ] ... found polling page return exception at pc = 0x00007f76a12c877b, stub =0x00007f7698841800
[2023-11-13T02:35:06.620+0000][496.536s][debug][safepoint     ] Waiting for 1 thread(s) to block
[2023-11-13T02:35:06.620+0000][496.536s][info ][safepoint     ] Entering safepoint region: Cleanup
[2023-11-13T02:35:06.620+0000][496.536s][info ][safepoint     ] Leaving safepoint region
[2023-11-13T02:35:06.620+0000][496.536s][info ][safepoint     ] Total time for which application threads were stopped: 0.0004726 seconds, Stopping threads took: 0.0001875 seconds
[2023-11-13T02:35:07.620+0000][497.536s][debug][safepoint     ] Safepoint synchronization initiated. (222 threads)
[2023-11-13T02:35:07.620+0000][497.536s][info ][safepoint     ] Application time: 1.0001481 seconds
[2023-11-13T02:35:07.620+0000][497.536s][info ][safepoint     ] Entering safepoint region: Cleanup
[2023-11-13T02:35:07.621+0000][497.537s][info ][safepoint     ] Leaving safepoint region
[2023-11-13T02:35:07.621+0000][497.537s][info ][safepoint     ] Total time for which application threads were stopped: 0.0003166 seconds, Stopping threads took: 0.0000760 seconds
[2023-11-13T02:35:08.621+0000][498.537s][debug][safepoint     ] Safepoint synchronization initiated. (222 threads)
[2023-11-13T02:35:08.621+0000][498.537s][info ][safepoint     ] Application time: 1.0005042 seconds
[2023-11-13T02:35:08.621+0000][498.537s][info ][safepoint     ] Entering safepoint region: Cleanup
[2023-11-13T02:35:08.622+0000][498.537s][info ][safepoint     ] Leaving safepoint region
[2023-11-13T02:35:08.622+0000][498.537s][info ][safepoint     ] Total time for which application threads were stopped: 0.0003646 seconds, Stopping threads took: 0.0000786 seconds
[2023-11-13T02:35:09.622+0000][499.538s][debug][safepoint     ] Safepoint synchronization initiated. (223 threads)
[2023-11-13T02:35:09.622+0000][499.538s][info ][safepoint     ] Application time: 1.0007252 seconds
[2023-11-13T02:35:09.622+0000][499.538s][info ][safepoint     ] Entering safepoint region: Cleanup
[2023-11-13T02:35:09.624+0000][499.540s][info ][safepoint     ] Leaving safepoint region
[2023-11-13T02:35:09.624+0000][499.540s][info ][safepoint     ] Total time for which application threads were stopped: 0.0015236 seconds, Stopping threads took: 0.0000966 seconds
[2023-11-13T02:35:10.624+0000][500.540s][debug][safepoint     ] Safepoint synchronization initiated. (223 threads)
[2023-11-13T02:35:10.624+0000][500.540s][info ][safepoint     ] Application time: 1.0005940 seconds
[2023-11-13T02:35:10.625+0000][500.541s][info ][safepoint     ] Entering safepoint region: Cleanup
[2023-11-13T02:35:10.626+0000][500.542s][info ][safepoint     ] Leaving safepoint region
[2023-11-13T02:35:10.626+0000][500.542s][info ][safepoint     ] Total time for which application threads were stopped: 0.0010474 seconds, Stopping threads took: 0.0003828 seconds
[2023-11-13T02:35:11.626+0000][501.542s][debug][safepoint     ] Safepoint synchronization initiated. (223 threads)
[2023-11-13T02:35:11.626+0000][501.542s][info ][safepoint     ] Application time: 1.0001537 seconds
[2023-11-13T02:35:11.626+0000][501.542s][info ][safepoint     ] Entering safepoint region: Cleanup
[2023-11-13T02:35:11.626+0000][501.542s][info ][safepoint     ] Leaving safepoint region
[2023-11-13T02:35:11.627+0000][501.543s][info ][safepoint     ] Total time for which application threads were stopped: 0.0007356 seconds, Stopping threads took: 0.0000995 seconds
[2023-11-13T02:35:12.627+0000][502.543s][debug][safepoint     ] Safepoint synchronization initiated. (223 threads)
[2023-11-13T02:35:12.627+0000][502.543s][info ][safepoint     ] Application time: 1.0001608 seconds
[2023-11-13T02:35:12.627+0000][502.543s][info ][safepoint     ] Entering safepoint region: Cleanup
[2023-11-13T02:35:12.627+0000][502.543s][info ][safepoint     ] Leaving safepoint region
[2023-11-13T02:35:12.627+0000][502.543s][info ][safepoint     ] Total time for which application threads were stopped: 0.0005009 seconds, Stopping threads took: 0.0000910 seconds
[2023-11-13T02:35:13.627+0000][503.543s][debug][safepoint     ] Safepoint synchronization initiated. (223 threads)
[2023-11-13T02:35:13.628+0000][503.544s][info ][safepoint     ] Application time: 1.0006221 seconds
[2023-11-13T02:35:13.630+0000][503.546s][debug][safepoint     ] ... found polling page return exception at pc = 0x00007f76a12ae344, stub =0x00007f7698841800
[2023-11-13T02:35:13.630+0000][503.546s][debug][safepoint     ] Waiting for 1 thread(s) to block
[2023-11-13T02:35:13.631+0000][503.546s][info ][safepoint     ] Entering safepoint region: Cleanup
[2023-11-13T02:35:13.631+0000][503.547s][info ][safepoint     ] Leaving safepoint region
[2023-11-13T02:35:13.631+0000][503.547s][info ][safepoint     ] Total time for which application threads were stopped: 0.0033757 seconds, Stopping threads took: 0.0026300 seconds
[2023-11-13T02:35:14.418+0000][504.334s][debug][safepoint     ] Safepoint synchronization initiated. (223 threads)
[2023-11-13T02:35:14.418+0000][504.334s][info ][safepoint     ] Application time: 0.7865724 seconds
[2023-11-13T02:35:14.418+0000][504.334s][debug][safepoint     ] ... found polling page return exception at pc = 0x00007f76a12a90cf, stub =0x00007f7698841800
[2023-11-13T02:35:14.418+0000][504.334s][debug][safepoint     ] Waiting for 3 thread(s) to block
[2023-11-13T02:35:14.419+0000][504.334s][info ][safepoint     ] Entering safepoint region: G1CollectForAllocation
[2023-11-13T02:35:14.419+0000][504.335s][info ][gc,start      ] GC(43) Pause Young (Normal) (G1 Evacuation Pause)
[2023-11-13T02:35:14.419+0000][504.335s][info ][gc,task       ] GC(43) Using 6 workers of 6 for evacuation
[2023-11-13T02:35:14.484+0000][504.400s][info ][gc,phases     ] GC(43)   Pre Evacuate Collection Set: 0.1ms
[2023-11-13T02:35:14.484+0000][504.400s][info ][gc,phases     ] GC(43)   Evacuate Collection Set: 55.5ms
[2023-11-13T02:35:14.484+0000][504.400s][info ][gc,phases     ] GC(43)   Post Evacuate Collection Set: 9.5ms
[2023-11-13T02:35:14.484+0000][504.400s][info ][gc,phases     ] GC(43)   Other: 0.4ms
[2023-11-13T02:35:14.484+0000][504.400s][info ][gc,heap       ] GC(43) Eden regions: 383->0(389)
[2023-11-13T02:35:14.484+0000][504.400s][info ][gc,heap       ] GC(43) Survivor regions: 30->24(52)
[2023-11-13T02:35:14.484+0000][504.400s][info ][gc,heap       ] GC(43) Old regions: 128->133
[2023-11-13T02:35:14.484+0000][504.400s][info ][gc,heap       ] GC(43) Humongous regions: 0->0
[2023-11-13T02:35:14.484+0000][504.400s][info ][gc,metaspace  ] GC(43) Metaspace: 164219K(169560K)->164219K(169560K) NonClass: 145287K(148440K)->145287K(148440K) Class: 18931K(21120K)->18931K(21120K)
[2023-11-13T02:35:14.485+0000][504.400s][info ][gc            ] GC(43) Pause Young (Normal) (G1 Evacuation Pause) 538M->155M(689M) 65.675ms
[2023-11-13T02:35:14.485+0000][504.400s][info ][gc,cpu        ] GC(43) User=0.13s Sys=0.00s Real=0.06s
[2023-11-13T02:35:14.485+0000][504.401s][info ][safepoint     ] Leaving safepoint region
[2023-11-13T02:35:14.485+0000][504.401s][info ][safepoint     ] Total time for which application threads were stopped: 0.0670146 seconds, Stopping threads took: 0.0005314 seconds
[2023-11-13T02:35:14.485+0000][504.401s][info ][gc,stringdedup] Concurrent String Deduplication (504.401s)
[2023-11-13T02:35:14.485+0000][504.401s][info ][gc,stringdedup] Concurrent String Deduplication 248.0B->152.0B(96.0B) avg 53.8% (504.401s, 504.401s) 0.034ms
[2023-11-13T02:35:15.485+0000][505.401s][debug][safepoint     ] Safepoint synchronization initiated. (223 threads)
[2023-11-13T02:35:15.485+0000][505.401s][info ][safepoint     ] Application time: 1.0001934 seconds
[2023-11-13T02:35:15.485+0000][505.401s][info ][safepoint     ] Entering safepoint region: Cleanup
[2023-11-13T02:35:15.486+0000][505.401s][info ][safepoint     ] Leaving safepoint region
[2023-11-13T02:35:15.486+0000][505.401s][info ][safepoint     ] Total time for which application threads were stopped: 0.0002963 seconds, Stopping threads took: 0.0000828 seconds
[2023-11-13T02:35:16.486+0000][506.402s][debug][safepoint     ] Safepoint synchronization initiated. (223 threads)
[2023-11-13T02:35:16.486+0000][506.402s][info ][safepoint     ] Application time: 1.0001685 seconds
[2023-11-13T02:35:16.486+0000][506.402s][info ][safepoint     ] Entering safepoint region: Cleanup
[2023-11-13T02:35:16.487+0000][506.402s][info ][safepoint     ] Leaving safepoint region
[2023-11-13T02:35:16.487+0000][506.403s][info ][safepoint     ] Total time for which application threads were stopped: 0.0008567 seconds, Stopping threads took: 0.0000852 seconds
[2023-11-13T02:35:17.487+0000][507.403s][debug][safepoint     ] Safepoint synchronization initiated. (223 threads)
[2023-11-13T02:35:17.487+0000][507.403s][info ][safepoint     ] Application time: 1.0001762 seconds
[2023-11-13T02:35:17.487+0000][507.403s][info ][safepoint     ] Entering safepoint region: Cleanup
[2023-11-13T02:35:17.487+0000][507.403s][info ][safepoint     ] Leaving safepoint region
[2023-11-13T02:35:17.487+0000][507.403s][info ][safepoint     ] Total time for which application threads were stopped: 0.0003246 seconds, Stopping threads took: 0.0000862 seconds
[2023-11-13T02:35:18.487+0000][508.403s][debug][safepoint     ] Safepoint synchronization initiated. (223 threads)
[2023-11-13T02:35:18.487+0000][508.403s][info ][safepoint     ] Application time: 1.0001642 seconds
[2023-11-13T02:35:18.487+0000][508.403s][info ][safepoint     ] Entering safepoint region: Cleanup
[2023-11-13T02:35:18.488+0000][508.404s][info ][safepoint     ] Leaving safepoint region
[2023-11-13T02:35:18.488+0000][508.404s][info ][safepoint     ] Total time for which application threads were stopped: 0.0005348 seconds, Stopping threads took: 0.0001060 seconds
[2023-11-13T02:35:19.488+0000][509.404s][debug][safepoint     ] Safepoint synchronization initiated. (223 threads)
[2023-11-13T02:35:19.488+0000][509.404s][info ][safepoint     ] Application time: 1.0001558 seconds
[2023-11-13T02:35:19.488+0000][509.404s][info ][safepoint     ] Entering safepoint region: Cleanup
[2023-11-13T02:35:19.489+0000][509.404s][info ][safepoint     ] Leaving safepoint region
[2023-11-13T02:35:19.489+0000][509.404s][info ][safepoint     ] Total time for which application threads were stopped: 0.0004732 seconds, Stopping threads took: 0.0000798 seconds
[2023-11-13T02:35:20.489+0000][510.405s][debug][safepoint     ] Safepoint synchronization initiated. (223 threads)
[2023-11-13T02:35:20.489+0000][510.405s][info ][safepoint     ] Application time: 1.0001776 seconds
[2023-11-13T02:35:20.489+0000][510.405s][info ][safepoint     ] Entering safepoint region: Cleanup
[2023-11-13T02:35:20.489+0000][510.405s][info ][safepoint     ] Leaving safepoint region
[2023-11-13T02:35:20.489+0000][510.405s][info ][safepoint     ] Total time for which application threads were stopped: 0.0004766 seconds, Stopping threads took: 0.0001663 seconds
[2023-11-13T02:35:21.489+0000][511.405s][debug][safepoint     ] Safepoint synchronization initiated. (223 threads)
[2023-11-13T02:35:21.489+0000][511.405s][info ][safepoint     ] Application time: 1.0001466 seconds
[2023-11-13T02:35:21.490+0000][511.405s][info ][safepoint     ] Entering safepoint region: Cleanup
[2023-11-13T02:35:21.490+0000][511.406s][info ][safepoint     ] Leaving safepoint region
[2023-11-13T02:35:21.490+0000][511.406s][info ][safepoint     ] Total time for which application threads were stopped: 0.0003680 seconds, Stopping threads took: 0.0000941 seconds
[2023-11-13T02:35:22.490+0000][512.406s][debug][safepoint     ] Safepoint synchronization initiated. (223 threads)
[2023-11-13T02:35:22.490+0000][512.406s][info ][safepoint     ] Application time: 1.0002095 seconds
[2023-11-13T02:35:22.490+0000][512.406s][info ][safepoint     ] Entering safepoint region: Cleanup
[2023-11-13T02:35:22.490+0000][512.406s][info ][safepoint     ] Leaving safepoint region
[2023-11-13T02:35:22.491+0000][512.406s][info ][safepoint     ] Total time for which application threads were stopped: 0.0004099 seconds, Stopping threads took: 0.0000985 seconds
[2023-11-13T02:35:23.491+0000][513.407s][debug][safepoint     ] Safepoint synchronization initiated. (223 threads)
[2023-11-13T02:35:23.491+0000][513.407s][info ][safepoint     ] Application time: 1.0004312 seconds
[2023-11-13T02:35:23.491+0000][513.407s][info ][safepoint     ] Entering safepoint region: Cleanup
[2023-11-13T02:35:23.492+0000][513.407s][info ][safepoint     ] Leaving safepoint region
[2023-11-13T02:35:23.492+0000][513.407s][info ][safepoint     ] Total time for which application threads were stopped: 0.0006261 seconds, Stopping threads took: 0.0001499 seconds
[2023-11-13T02:35:24.492+0000][514.408s][debug][safepoint     ] Safepoint synchronization initiated. (223 threads)
[2023-11-13T02:35:24.492+0000][514.408s][info ][safepoint     ] Application time: 1.0004486 seconds
[2023-11-13T02:35:24.494+0000][514.410s][debug][safepoint     ] ... found polling page return exception at pc = 0x00007f76a12da7e4, stub =0x00007f7698841800
[2023-11-13T02:35:24.497+0000][514.413s][debug][safepoint     ] Waiting for 1 thread(s) to block
[2023-11-13T02:35:24.499+0000][514.415s][info ][safepoint     ] Entering safepoint region: Cleanup
[2023-11-13T02:35:24.500+0000][514.416s][info ][safepoint     ] Leaving safepoint region
[2023-11-13T02:35:24.500+0000][514.416s][info ][safepoint     ] Total time for which application threads were stopped: 0.0078292 seconds, Stopping threads took: 0.0070529 seconds
[2023-11-13T02:35:25.500+0000][515.416s][debug][safepoint     ] Safepoint synchronization initiated. (223 threads)
[2023-11-13T02:35:25.500+0000][515.416s][info ][safepoint     ] Application time: 1.0003489 seconds
[2023-11-13T02:35:25.501+0000][515.416s][debug][safepoint     ] ... found polling page return exception at pc = 0x00007f76a120aaf2, stub =0x00007f7698841800
[2023-11-13T02:35:25.501+0000][515.417s][debug][safepoint     ] ... found polling page loop exception at pc = 0x00007f76a05aa722, stub =0x00007f7698841b00
[2023-11-13T02:35:25.501+0000][515.417s][debug][safepoint     ] Waiting for 4 thread(s) to block
[2023-11-13T02:35:25.501+0000][515.417s][info ][safepoint     ] Entering safepoint region: Cleanup
[2023-11-13T02:35:25.502+0000][515.418s][info ][safepoint     ] Leaving safepoint region
[2023-11-13T02:35:25.502+0000][515.418s][info ][safepoint     ] Total time for which application threads were stopped: 0.0014242 seconds, Stopping threads took: 0.0009649 seconds
[2023-11-13T02:35:26.502+0000][516.418s][debug][safepoint     ] Safepoint synchronization initiated. (223 threads)
[2023-11-13T02:35:26.502+0000][516.418s][info ][safepoint     ] Application time: 1.0004953 seconds
[2023-11-13T02:35:26.506+0000][516.422s][debug][safepoint     ] ... found polling page return exception at pc = 0x00007f76a11a3b86, stub =0x00007f7698841800
[2023-11-13T02:35:26.506+0000][516.422s][debug][safepoint     ] Waiting for 1 thread(s) to block
[2023-11-13T02:35:26.509+0000][516.425s][info ][safepoint     ] Entering safepoint region: Cleanup
[2023-11-13T02:35:26.511+0000][516.427s][info ][safepoint     ] Leaving safepoint region
[2023-11-13T02:35:26.511+0000][516.427s][info ][safepoint     ] Total time for which application threads were stopped: 0.0083971 seconds, Stopping threads took: 0.0071798 seconds
[2023-11-13T02:35:27.511+0000][517.427s][debug][safepoint     ] Safepoint synchronization initiated. (223 threads)
[2023-11-13T02:35:27.512+0000][517.427s][info ][safepoint     ] Application time: 1.0002653 seconds
[2023-11-13T02:35:27.512+0000][517.428s][info ][safepoint     ] Entering safepoint region: Cleanup
[2023-11-13T02:35:27.512+0000][517.428s][info ][safepoint     ] Leaving safepoint region
[2023-11-13T02:35:27.512+0000][517.428s][info ][safepoint     ] Total time for which application threads were stopped: 0.0005659 seconds, Stopping threads took: 0.0001694 seconds
[2023-11-13T02:35:28.512+0000][518.428s][debug][safepoint     ] Safepoint synchronization initiated. (223 threads)
[2023-11-13T02:35:28.512+0000][518.428s][info ][safepoint     ] Application time: 1.0002394 seconds
[2023-11-13T02:35:28.513+0000][518.428s][debug][safepoint     ] ... found polling page return exception at pc = 0x00007f76a0301377, stub =0x00007f7698841800
[2023-11-13T02:35:28.513+0000][518.428s][debug][safepoint     ] Waiting for 2 thread(s) to block
[2023-11-13T02:35:28.513+0000][518.429s][info ][safepoint     ] Entering safepoint region: Cleanup
[2023-11-13T02:35:28.513+0000][518.429s][info ][safepoint     ] Leaving safepoint region
[2023-11-13T02:35:28.513+0000][518.429s][info ][safepoint     ] Total time for which application threads were stopped: 0.0006715 seconds, Stopping threads took: 0.0002270 seconds
[2023-11-13T02:35:29.513+0000][519.429s][debug][safepoint     ] Safepoint synchronization initiated. (223 threads)
[2023-11-13T02:35:29.513+0000][519.429s][info ][safepoint     ] Application time: 1.0002225 seconds
[2023-11-13T02:35:29.513+0000][519.429s][info ][safepoint     ] Entering safepoint region: Cleanup
[2023-11-13T02:35:29.514+0000][519.430s][info ][safepoint     ] Leaving safepoint region
[2023-11-13T02:35:29.515+0000][519.430s][info ][safepoint     ] Total time for which application threads were stopped: 0.0011550 seconds, Stopping threads took: 0.0001369 seconds
[2023-11-13T02:35:30.515+0000][520.431s][debug][safepoint     ] Safepoint synchronization initiated. (223 threads)
[2023-11-13T02:35:30.515+0000][520.431s][info ][safepoint     ] Application time: 1.0004875 seconds
[2023-11-13T02:35:30.515+0000][520.431s][info ][safepoint     ] Entering safepoint region: Cleanup
[2023-11-13T02:35:30.515+0000][520.431s][info ][safepoint     ] Leaving safepoint region
[2023-11-13T02:35:30.516+0000][520.432s][info ][safepoint     ] Total time for which application threads were stopped: 0.0006620 seconds, Stopping threads took: 0.0001316 seconds
[2023-11-13T02:35:31.518+0000][521.434s][debug][safepoint     ] Safepoint synchronization initiated. (223 threads)
[2023-11-13T02:35:31.518+0000][521.434s][info ][safepoint     ] Application time: 1.0024087 seconds
[2023-11-13T02:35:31.518+0000][521.434s][info ][safepoint     ] Entering safepoint region: Cleanup
[2023-11-13T02:35:31.519+0000][521.435s][info ][safepoint     ] Leaving safepoint region
[2023-11-13T02:35:31.519+0000][521.435s][info ][safepoint     ] Total time for which application threads were stopped: 0.0007547 seconds, Stopping threads took: 0.0001382 seconds
[2023-11-13T02:35:32.519+0000][522.435s][debug][safepoint     ] Safepoint synchronization initiated. (223 threads)
[2023-11-13T02:35:32.519+0000][522.435s][info ][safepoint     ] Application time: 1.0002517 seconds
[2023-11-13T02:35:32.520+0000][522.436s][debug][safepoint     ] ... found polling page return exception at pc = 0x00007f76a12ae344, stub =0x00007f7698841800
[2023-11-13T02:35:32.520+0000][522.436s][debug][safepoint     ] Waiting for 1 thread(s) to block
[2023-11-13T02:35:32.520+0000][522.436s][info ][safepoint     ] Entering safepoint region: Cleanup
[2023-11-13T02:35:32.521+0000][522.437s][info ][safepoint     ] Leaving safepoint region
[2023-11-13T02:35:32.521+0000][522.437s][info ][safepoint     ] Total time for which application threads were stopped: 0.0015773 seconds, Stopping threads took: 0.0012469 seconds
[2023-11-13T02:35:33.521+0000][523.437s][debug][safepoint     ] Safepoint synchronization initiated. (223 threads)
[2023-11-13T02:35:33.521+0000][523.437s][info ][safepoint     ] Application time: 1.0002818 seconds
[2023-11-13T02:35:33.521+0000][523.437s][info ][safepoint     ] Entering safepoint region: Cleanup
[2023-11-13T02:35:33.522+0000][523.438s][info ][safepoint     ] Leaving safepoint region
[2023-11-13T02:35:33.522+0000][523.438s][info ][safepoint     ] Total time for which application threads were stopped: 0.0006978 seconds, Stopping threads took: 0.0001708 seconds
[2023-11-13T02:35:34.522+0000][524.438s][debug][safepoint     ] Safepoint synchronization initiated. (223 threads)
[2023-11-13T02:35:34.522+0000][524.438s][info ][safepoint     ] Application time: 1.0004360 seconds
[2023-11-13T02:35:34.522+0000][524.438s][debug][safepoint     ] ... found polling page return exception at pc = 0x00007f76a065965a, stub =0x00007f7698841800
[2023-11-13T02:35:34.523+0000][524.438s][debug][safepoint     ] Waiting for 1 thread(s) to block
[2023-11-13T02:35:34.523+0000][524.439s][info ][safepoint     ] Entering safepoint region: Cleanup
[2023-11-13T02:35:34.524+0000][524.440s][info ][safepoint     ] Leaving safepoint region
[2023-11-13T02:35:34.524+0000][524.440s][info ][safepoint     ] Total time for which application threads were stopped: 0.0014913 seconds, Stopping threads took: 0.0011563 seconds
[2023-11-13T02:35:35.133+0000][525.049s][debug][safepoint     ] Safepoint synchronization initiated. (223 threads)
[2023-11-13T02:35:35.133+0000][525.049s][info ][safepoint     ] Application time: 0.6089001 seconds
[2023-11-13T02:35:35.133+0000][525.049s][info ][safepoint     ] Entering safepoint region: G1CollectForAllocation
[2023-11-13T02:35:35.133+0000][525.049s][info ][gc,start      ] GC(44) Pause Young (Normal) (G1 Evacuation Pause)
[2023-11-13T02:35:35.133+0000][525.049s][info ][gc,task       ] GC(44) Using 6 workers of 6 for evacuation
[2023-11-13T02:35:35.204+0000][525.120s][info ][gc,phases     ] GC(44)   Pre Evacuate Collection Set: 0.0ms
[2023-11-13T02:35:35.204+0000][525.120s][info ][gc,phases     ] GC(44)   Evacuate Collection Set: 35.4ms
[2023-11-13T02:35:35.204+0000][525.120s][info ][gc,phases     ] GC(44)   Post Evacuate Collection Set: 34.5ms
[2023-11-13T02:35:35.204+0000][525.120s][info ][gc,phases     ] GC(44)   Other: 0.7ms
[2023-11-13T02:35:35.204+0000][525.120s][info ][gc,heap       ] GC(44) Eden regions: 389->0(388)
[2023-11-13T02:35:35.204+0000][525.120s][info ][gc,heap       ] GC(44) Survivor regions: 24->25(52)
[2023-11-13T02:35:35.204+0000][525.120s][info ][gc,heap       ] GC(44) Old regions: 133->133
[2023-11-13T02:35:35.204+0000][525.120s][info ][gc,heap       ] GC(44) Humongous regions: 0->0
[2023-11-13T02:35:35.204+0000][525.120s][info ][gc,metaspace  ] GC(44) Metaspace: 164261K(169816K)->164261K(169816K) NonClass: 145327K(148696K)->145327K(148696K) Class: 18933K(21120K)->18933K(21120K)
[2023-11-13T02:35:35.204+0000][525.120s][info ][gc            ] GC(44) Pause Young (Normal) (G1 Evacuation Pause) 544M->155M(689M) 70.868ms
[2023-11-13T02:35:35.204+0000][525.120s][info ][gc,cpu        ] GC(44) User=0.16s Sys=0.00s Real=0.07s
[2023-11-13T02:35:35.204+0000][525.120s][info ][safepoint     ] Leaving safepoint region
[2023-11-13T02:35:35.204+0000][525.120s][info ][safepoint     ] Total time for which application threads were stopped: 0.0716638 seconds, Stopping threads took: 0.0001399 seconds
[2023-11-13T02:35:35.204+0000][525.120s][info ][gc,stringdedup] Concurrent String Deduplication (525.120s)
[2023-11-13T02:35:35.206+0000][525.122s][info ][gc,stringdedup] Concurrent String Deduplication 14800.0B->8992.0B(5808.0B) avg 53.7% (525.120s, 525.122s) 1.797ms
[2023-11-13T02:35:36.205+0000][526.120s][debug][safepoint     ] Safepoint synchronization initiated. (223 threads)
[2023-11-13T02:35:36.205+0000][526.121s][info ][safepoint     ] Application time: 1.0002385 seconds
[2023-11-13T02:35:36.205+0000][526.121s][debug][safepoint     ] Waiting for 1 thread(s) to block
[2023-11-13T02:35:36.208+0000][526.124s][info ][safepoint     ] Entering safepoint region: Cleanup
[2023-11-13T02:35:36.209+0000][526.125s][info ][safepoint     ] Leaving safepoint region
[2023-11-13T02:35:36.209+0000][526.125s][info ][safepoint     ] Total time for which application threads were stopped: 0.0043820 seconds, Stopping threads took: 0.0035965 seconds
[2023-11-13T02:35:37.209+0000][527.125s][debug][safepoint     ] Safepoint synchronization initiated. (223 threads)
[2023-11-13T02:35:37.209+0000][527.125s][info ][safepoint     ] Application time: 1.0002396 seconds
[2023-11-13T02:35:37.210+0000][527.125s][info ][safepoint     ] Entering safepoint region: Cleanup
[2023-11-13T02:35:37.210+0000][527.126s][info ][safepoint     ] Leaving safepoint region
[2023-11-13T02:35:37.210+0000][527.126s][info ][safepoint     ] Total time for which application threads were stopped: 0.0004671 seconds, Stopping threads took: 0.0001617 seconds
[2023-11-13T02:35:38.210+0000][528.126s][debug][safepoint     ] Safepoint synchronization initiated. (223 threads)
[2023-11-13T02:35:38.211+0000][528.127s][info ][safepoint     ] Application time: 1.0005129 seconds
[2023-11-13T02:35:38.211+0000][528.127s][debug][safepoint     ] ... found polling page return exception at pc = 0x00007f76a07dc040, stub =0x00007f7698841800
[2023-11-13T02:35:38.212+0000][528.127s][debug][safepoint     ] Waiting for 2 thread(s) to block
[2023-11-13T02:35:38.215+0000][528.131s][info ][safepoint     ] Entering safepoint region: Cleanup
[2023-11-13T02:35:38.217+0000][528.133s][info ][safepoint     ] Leaving safepoint region
[2023-11-13T02:35:38.217+0000][528.133s][info ][safepoint     ] Total time for which application threads were stopped: 0.0059432 seconds, Stopping threads took: 0.0038637 seconds
[2023-11-13T02:35:39.217+0000][529.133s][debug][safepoint     ] Safepoint synchronization initiated. (223 threads)
[2023-11-13T02:35:39.217+0000][529.133s][info ][safepoint     ] Application time: 1.0002815 seconds
[2023-11-13T02:35:39.217+0000][529.133s][info ][safepoint     ] Entering safepoint region: Cleanup
[2023-11-13T02:35:39.218+0000][529.134s][info ][safepoint     ] Leaving safepoint region
[2023-11-13T02:35:39.218+0000][529.134s][info ][safepoint     ] Total time for which application threads were stopped: 0.0005433 seconds, Stopping threads took: 0.0001284 seconds
[2023-11-13T02:35:40.218+0000][530.134s][debug][safepoint     ] Safepoint synchronization initiated. (223 threads)
[2023-11-13T02:35:40.218+0000][530.134s][info ][safepoint     ] Application time: 1.0002710 seconds
[2023-11-13T02:35:40.218+0000][530.134s][info ][safepoint     ] Entering safepoint region: Cleanup
[2023-11-13T02:35:40.219+0000][530.135s][info ][safepoint     ] Leaving safepoint region
[2023-11-13T02:35:40.219+0000][530.135s][info ][safepoint     ] Total time for which application threads were stopped: 0.0006030 seconds, Stopping threads took: 0.0001656 seconds
[2023-11-13T02:35:41.219+0000][531.135s][debug][safepoint     ] Safepoint synchronization initiated. (223 threads)
[2023-11-13T02:35:41.219+0000][531.135s][info ][safepoint     ] Application time: 1.0002640 seconds
[2023-11-13T02:35:41.219+0000][531.135s][info ][safepoint     ] Entering safepoint region: Cleanup
[2023-11-13T02:35:41.220+0000][531.135s][info ][safepoint     ] Leaving safepoint region
[2023-11-13T02:35:41.220+0000][531.135s][info ][safepoint     ] Total time for which application threads were stopped: 0.0005604 seconds, Stopping threads took: 0.0001674 seconds
[2023-11-13T02:35:42.220+0000][532.136s][debug][safepoint     ] Safepoint synchronization initiated. (223 threads)
[2023-11-13T02:35:42.220+0000][532.136s][info ][safepoint     ] Application time: 1.0002165 seconds
[2023-11-13T02:35:42.220+0000][532.136s][info ][safepoint     ] Entering safepoint region: Cleanup
[2023-11-13T02:35:42.220+0000][532.136s][info ][safepoint     ] Leaving safepoint region
[2023-11-13T02:35:42.220+0000][532.136s][info ][safepoint     ] Total time for which application threads were stopped: 0.0005361 seconds, Stopping threads took: 0.0001384 seconds
[2023-11-13T02:35:43.222+0000][533.138s][debug][safepoint     ] Safepoint synchronization initiated. (223 threads)
[2023-11-13T02:35:43.222+0000][533.138s][info ][safepoint     ] Application time: 1.0016502 seconds
[2023-11-13T02:35:43.222+0000][533.138s][info ][safepoint     ] Entering safepoint region: Cleanup
[2023-11-13T02:35:43.226+0000][533.142s][info ][safepoint     ] Leaving safepoint region
[2023-11-13T02:35:43.226+0000][533.142s][info ][safepoint     ] Total time for which application threads were stopped: 0.0040887 seconds, Stopping threads took: 0.0001369 seconds
[2023-11-13T02:35:43.226+0000][533.142s][debug][safepoint     ] ... found polling page return exception at pc = 0x00007f76a0bcdf6a, stub =0x00007f7698841800
[2023-11-13T02:35:44.226+0000][534.142s][debug][safepoint     ] Safepoint synchronization initiated. (223 threads)
[2023-11-13T02:35:44.226+0000][534.142s][info ][safepoint     ] Application time: 1.0002432 seconds
[2023-11-13T02:35:44.227+0000][534.142s][info ][safepoint     ] Entering safepoint region: Cleanup
[2023-11-13T02:35:44.227+0000][534.143s][info ][safepoint     ] Leaving safepoint region
[2023-11-13T02:35:44.227+0000][534.143s][info ][safepoint     ] Total time for which application threads were stopped: 0.0005920 seconds, Stopping threads took: 0.0001700 seconds
[2023-11-13T02:35:45.227+0000][535.143s][debug][safepoint     ] Safepoint synchronization initiated. (223 threads)
[2023-11-13T02:35:45.227+0000][535.143s][info ][safepoint     ] Application time: 1.0002098 seconds
[2023-11-13T02:35:45.227+0000][535.143s][info ][safepoint     ] Entering safepoint region: Cleanup
[2023-11-13T02:35:45.228+0000][535.144s][info ][safepoint     ] Leaving safepoint region
[2023-11-13T02:35:45.228+0000][535.144s][info ][safepoint     ] Total time for which application threads were stopped: 0.0006544 seconds, Stopping threads took: 0.0001284 seconds
[2023-11-13T02:35:46.228+0000][536.144s][debug][safepoint     ] Safepoint synchronization initiated. (223 threads)
[2023-11-13T02:35:46.229+0000][536.144s][info ][safepoint     ] Application time: 1.0005912 seconds
[2023-11-13T02:35:46.229+0000][536.145s][info ][safepoint     ] Entering safepoint region: Cleanup
[2023-11-13T02:35:46.229+0000][536.145s][info ][safepoint     ] Leaving safepoint region
[2023-11-13T02:35:46.229+0000][536.145s][info ][safepoint     ] Total time for which application threads were stopped: 0.0008312 seconds, Stopping threads took: 0.0001632 seconds
[2023-11-13T02:35:47.230+0000][537.146s][debug][safepoint     ] Safepoint synchronization initiated. (223 threads)
[2023-11-13T02:35:47.230+0000][537.146s][info ][safepoint     ] Application time: 1.0006160 seconds
[2023-11-13T02:35:47.230+0000][537.146s][debug][safepoint     ] ... found polling page return exception at pc = 0x00007f76a11753fd, stub =0x00007f7698841800
[2023-11-13T02:35:47.230+0000][537.146s][debug][safepoint     ] Waiting for 1 thread(s) to block
[2023-11-13T02:35:47.232+0000][537.148s][info ][safepoint     ] Entering safepoint region: Cleanup
[2023-11-13T02:35:47.232+0000][537.148s][info ][safepoint     ] Leaving safepoint region
[2023-11-13T02:35:47.232+0000][537.148s][info ][safepoint     ] Total time for which application threads were stopped: 0.0021693 seconds, Stopping threads took: 0.0016778 seconds
[2023-11-13T02:35:48.234+0000][538.150s][debug][safepoint     ] Safepoint synchronization initiated. (223 threads)
[2023-11-13T02:35:48.234+0000][538.150s][info ][safepoint     ] Application time: 1.0019004 seconds
[2023-11-13T02:35:48.234+0000][538.150s][debug][safepoint     ] Waiting for 1 thread(s) to block
[2023-11-13T02:35:48.237+0000][538.153s][info ][safepoint     ] Entering safepoint region: Cleanup
[2023-11-13T02:35:48.239+0000][538.155s][info ][safepoint     ] Leaving safepoint region
[2023-11-13T02:35:48.239+0000][538.155s][info ][safepoint     ] Total time for which application threads were stopped: 0.0052038 seconds, Stopping threads took: 0.0030363 seconds
[2023-11-13T02:35:49.242+0000][539.158s][debug][safepoint     ] Safepoint synchronization initiated. (223 threads)
[2023-11-13T02:35:49.242+0000][539.158s][info ][safepoint     ] Application time: 1.0025568 seconds
[2023-11-13T02:35:49.242+0000][539.158s][info ][safepoint     ] Entering safepoint region: Cleanup
[2023-11-13T02:35:49.243+0000][539.159s][info ][safepoint     ] Leaving safepoint region
[2023-11-13T02:35:49.243+0000][539.159s][info ][safepoint     ] Total time for which application threads were stopped: 0.0011405 seconds, Stopping threads took: 0.0000980 seconds
[2023-11-13T02:35:50.250+0000][540.166s][debug][safepoint     ] Safepoint synchronization initiated. (223 threads)
[2023-11-13T02:35:50.250+0000][540.166s][info ][safepoint     ] Application time: 1.0067815 seconds
[2023-11-13T02:35:50.250+0000][540.166s][debug][safepoint     ] ... found polling page return exception at pc = 0x00007f76a09d4e0c, stub =0x00007f7698841800
[2023-11-13T02:35:50.250+0000][540.166s][debug][safepoint     ] Waiting for 1 thread(s) to block
[2023-11-13T02:35:50.250+0000][540.166s][info ][safepoint     ] Entering safepoint region: Cleanup
[2023-11-13T02:35:50.251+0000][540.167s][info ][safepoint     ] Leaving safepoint region
[2023-11-13T02:35:50.251+0000][540.167s][info ][safepoint     ] Total time for which application threads were stopped: 0.0006880 seconds, Stopping threads took: 0.0002923 seconds
[2023-11-13T02:35:51.251+0000][541.167s][debug][safepoint     ] Safepoint synchronization initiated. (223 threads)
[2023-11-13T02:35:51.251+0000][541.167s][info ][safepoint     ] Application time: 1.0001947 seconds
[2023-11-13T02:35:51.251+0000][541.167s][info ][safepoint     ] Entering safepoint region: Cleanup
[2023-11-13T02:35:51.251+0000][541.167s][info ][safepoint     ] Leaving safepoint region
[2023-11-13T02:35:51.251+0000][541.167s][info ][safepoint     ] Total time for which application threads were stopped: 0.0004017 seconds, Stopping threads took: 0.0000851 seconds
[2023-11-13T02:35:52.252+0000][542.167s][debug][safepoint     ] Safepoint synchronization initiated. (223 threads)
[2023-11-13T02:35:52.252+0000][542.167s][info ][safepoint     ] Application time: 1.0001669 seconds
[2023-11-13T02:35:52.252+0000][542.168s][info ][safepoint     ] Entering safepoint region: Cleanup
[2023-11-13T02:35:52.252+0000][542.168s][info ][safepoint     ] Leaving safepoint region
[2023-11-13T02:35:52.252+0000][542.168s][info ][safepoint     ] Total time for which application threads were stopped: 0.0003812 seconds, Stopping threads took: 0.0000837 seconds
[2023-11-13T02:35:53.252+0000][543.168s][debug][safepoint     ] Safepoint synchronization initiated. (223 threads)
[2023-11-13T02:35:53.252+0000][543.168s][info ][safepoint     ] Application time: 1.0001578 seconds
[2023-11-13T02:35:53.252+0000][543.168s][debug][safepoint     ] Waiting for 1 thread(s) to block
[2023-11-13T02:35:53.252+0000][543.168s][info ][safepoint     ] Entering safepoint region: Cleanup
[2023-11-13T02:35:53.253+0000][543.168s][info ][safepoint     ] Leaving safepoint region
[2023-11-13T02:35:53.253+0000][543.168s][info ][safepoint     ] Total time for which application threads were stopped: 0.0003910 seconds, Stopping threads took: 0.0001578 seconds
[2023-11-13T02:35:54.253+0000][544.169s][debug][safepoint     ] Safepoint synchronization initiated. (223 threads)
[2023-11-13T02:35:54.253+0000][544.169s][info ][safepoint     ] Application time: 1.0001785 seconds
[2023-11-13T02:35:54.253+0000][544.169s][info ][safepoint     ] Entering safepoint region: Cleanup
[2023-11-13T02:35:54.253+0000][544.169s][info ][safepoint     ] Leaving safepoint region
[2023-11-13T02:35:54.253+0000][544.169s][info ][safepoint     ] Total time for which application threads were stopped: 0.0003920 seconds, Stopping threads took: 0.0000860 seconds
[2023-11-13T02:35:55.253+0000][545.169s][debug][safepoint     ] Safepoint synchronization initiated. (224 threads)
[2023-11-13T02:35:55.253+0000][545.169s][info ][safepoint     ] Application time: 1.0002061 seconds
[2023-11-13T02:35:55.253+0000][545.169s][debug][safepoint     ] ... found polling page return exception at pc = 0x00007f76a1138516, stub =0x00007f7698841800
[2023-11-13T02:35:55.254+0000][545.169s][debug][safepoint     ] Waiting for 1 thread(s) to block
[2023-11-13T02:35:55.254+0000][545.170s][info ][safepoint     ] Entering safepoint region: Cleanup
[2023-11-13T02:35:55.254+0000][545.170s][info ][safepoint     ] Leaving safepoint region
[2023-11-13T02:35:55.254+0000][545.170s][info ][safepoint     ] Total time for which application threads were stopped: 0.0006821 seconds, Stopping threads took: 0.0002452 seconds
[2023-11-13T02:35:56.255+0000][546.170s][debug][safepoint     ] Safepoint synchronization initiated. (224 threads)
[2023-11-13T02:35:56.255+0000][546.171s][info ][safepoint     ] Application time: 1.0005792 seconds
[2023-11-13T02:35:56.255+0000][546.171s][info ][safepoint     ] Entering safepoint region: Cleanup
[2023-11-13T02:35:56.255+0000][546.171s][info ][safepoint     ] Leaving safepoint region
[2023-11-13T02:35:56.255+0000][546.171s][info ][safepoint     ] Total time for which application threads were stopped: 0.0007266 seconds, Stopping threads took: 0.0000888 seconds
[2023-11-13T02:35:57.257+0000][547.173s][debug][safepoint     ] Safepoint synchronization initiated. (224 threads)
[2023-11-13T02:35:57.257+0000][547.173s][info ][safepoint     ] Application time: 1.0013937 seconds
[2023-11-13T02:35:57.257+0000][547.173s][info ][safepoint     ] Entering safepoint region: Cleanup
[2023-11-13T02:35:57.258+0000][547.174s][info ][safepoint     ] Leaving safepoint region
[2023-11-13T02:35:57.258+0000][547.174s][info ][safepoint     ] Total time for which application threads were stopped: 0.0013777 seconds, Stopping threads took: 0.0001052 seconds
[2023-11-13T02:35:58.258+0000][548.174s][debug][safepoint     ] Safepoint synchronization initiated. (224 threads)
[2023-11-13T02:35:58.258+0000][548.174s][info ][safepoint     ] Application time: 1.0001590 seconds
[2023-11-13T02:35:58.259+0000][548.174s][info ][safepoint     ] Entering safepoint region: Cleanup
[2023-11-13T02:35:58.259+0000][548.175s][info ][safepoint     ] Leaving safepoint region
[2023-11-13T02:35:58.259+0000][548.175s][info ][safepoint     ] Total time for which application threads were stopped: 0.0008355 seconds, Stopping threads took: 0.0000890 seconds
[2023-11-13T02:35:59.259+0000][549.175s][debug][safepoint     ] Safepoint synchronization initiated. (224 threads)
[2023-11-13T02:35:59.259+0000][549.175s][info ][safepoint     ] Application time: 1.0001634 seconds
[2023-11-13T02:35:59.260+0000][549.175s][info ][safepoint     ] Entering safepoint region: Cleanup
[2023-11-13T02:35:59.260+0000][549.176s][info ][safepoint     ] Leaving safepoint region
[2023-11-13T02:35:59.260+0000][549.176s][info ][safepoint     ] Total time for which application threads were stopped: 0.0003898 seconds, Stopping threads took: 0.0000846 seconds
[2023-11-13T02:35:59.391+0000][549.307s][debug][safepoint     ] Safepoint synchronization initiated. (224 threads)
[2023-11-13T02:35:59.391+0000][549.307s][info ][safepoint     ] Application time: 0.1309393 seconds
[2023-11-13T02:35:59.391+0000][549.307s][info ][safepoint     ] Entering safepoint region: G1CollectForAllocation
[2023-11-13T02:35:59.391+0000][549.307s][info ][gc,start      ] GC(45) Pause Young (Normal) (G1 Evacuation Pause)
[2023-11-13T02:35:59.391+0000][549.307s][info ][gc,task       ] GC(45) Using 6 workers of 6 for evacuation
[2023-11-13T02:35:59.454+0000][549.369s][info ][gc,phases     ] GC(45)   Pre Evacuate Collection Set: 0.0ms
[2023-11-13T02:35:59.454+0000][549.370s][info ][gc,phases     ] GC(45)   Evacuate Collection Set: 51.0ms
[2023-11-13T02:35:59.454+0000][549.370s][info ][gc,phases     ] GC(45)   Post Evacuate Collection Set: 11.0ms
[2023-11-13T02:35:59.454+0000][549.370s][info ][gc,phases     ] GC(45)   Other: 0.4ms
[2023-11-13T02:35:59.454+0000][549.370s][info ][gc,heap       ] GC(45) Eden regions: 388->0(389)
[2023-11-13T02:35:59.454+0000][549.370s][info ][gc,heap       ] GC(45) Survivor regions: 25->24(52)
[2023-11-13T02:35:59.454+0000][549.370s][info ][gc,heap       ] GC(45) Old regions: 133->133
[2023-11-13T02:35:59.454+0000][549.370s][info ][gc,heap       ] GC(45) Humongous regions: 0->0
[2023-11-13T02:35:59.454+0000][549.370s][info ][gc,metaspace  ] GC(45) Metaspace: 164264K(169816K)->164264K(169816K) NonClass: 145331K(148696K)->145331K(148696K) Class: 18933K(21120K)->18933K(21120K)
[2023-11-13T02:35:59.454+0000][549.370s][info ][gc            ] GC(45) Pause Young (Normal) (G1 Evacuation Pause) 543M->155M(689M) 62.855ms
[2023-11-13T02:35:59.454+0000][549.370s][info ][gc,cpu        ] GC(45) User=0.11s Sys=0.01s Real=0.07s
[2023-11-13T02:35:59.454+0000][549.370s][info ][safepoint     ] Leaving safepoint region
[2023-11-13T02:35:59.454+0000][549.370s][info ][safepoint     ] Total time for which application threads were stopped: 0.0633357 seconds, Stopping threads took: 0.0000785 seconds
[2023-11-13T02:35:59.455+0000][549.371s][info ][gc,stringdedup] Concurrent String Deduplication (549.371s)
[2023-11-13T02:35:59.457+0000][549.373s][info ][gc,stringdedup] Concurrent String Deduplication 2888.0B->2624.0B(264.0B) avg 53.7% (549.371s, 549.373s) 1.830ms
[2023-11-13T02:36:00.455+0000][550.371s][debug][safepoint     ] Safepoint synchronization initiated. (224 threads)
[2023-11-13T02:36:00.455+0000][550.371s][info ][safepoint     ] Application time: 1.0011896 seconds
[2023-11-13T02:36:00.455+0000][550.371s][info ][safepoint     ] Entering safepoint region: Cleanup
[2023-11-13T02:36:00.456+0000][550.372s][info ][safepoint     ] Leaving safepoint region
[2023-11-13T02:36:00.456+0000][550.372s][info ][safepoint     ] Total time for which application threads were stopped: 0.0005476 seconds, Stopping threads took: 0.0001035 seconds
[2023-11-13T02:36:01.456+0000][551.372s][debug][safepoint     ] Safepoint synchronization initiated. (224 threads)
[2023-11-13T02:36:01.456+0000][551.372s][info ][safepoint     ] Application time: 1.0001565 seconds
[2023-11-13T02:36:01.456+0000][551.372s][info ][safepoint     ] Entering safepoint region: Cleanup
[2023-11-13T02:36:01.456+0000][551.372s][info ][safepoint     ] Leaving safepoint region
[2023-11-13T02:36:01.456+0000][551.372s][info ][safepoint     ] Total time for which application threads were stopped: 0.0003266 seconds, Stopping threads took: 0.0000860 seconds
[2023-11-13T02:36:02.457+0000][552.373s][debug][safepoint     ] Safepoint synchronization initiated. (224 threads)
[2023-11-13T02:36:02.457+0000][552.373s][info ][safepoint     ] Application time: 1.0003787 seconds
[2023-11-13T02:36:02.457+0000][552.373s][info ][safepoint     ] Entering safepoint region: Cleanup
[2023-11-13T02:36:02.457+0000][552.373s][info ][safepoint     ] Leaving safepoint region
[2023-11-13T02:36:02.457+0000][552.373s][info ][safepoint     ] Total time for which application threads were stopped: 0.0005772 seconds, Stopping threads took: 0.0001185 seconds
[2023-11-13T02:36:03.458+0000][553.374s][debug][safepoint     ] Safepoint synchronization initiated. (224 threads)
[2023-11-13T02:36:03.458+0000][553.374s][info ][safepoint     ] Application time: 1.0005191 seconds
[2023-11-13T02:36:03.458+0000][553.374s][info ][safepoint     ] Entering safepoint region: Cleanup
[2023-11-13T02:36:03.458+0000][553.374s][info ][safepoint     ] Leaving safepoint region
[2023-11-13T02:36:03.458+0000][553.374s][info ][safepoint     ] Total time for which application threads were stopped: 0.0003210 seconds, Stopping threads took: 0.0000894 seconds
[2023-11-13T02:36:04.462+0000][554.378s][debug][safepoint     ] Safepoint synchronization initiated. (224 threads)
[2023-11-13T02:36:04.462+0000][554.378s][info ][safepoint     ] Application time: 1.0037073 seconds
[2023-11-13T02:36:04.462+0000][554.378s][info ][safepoint     ] Entering safepoint region: Cleanup
[2023-11-13T02:36:04.463+0000][554.378s][info ][safepoint     ] Leaving safepoint region
[2023-11-13T02:36:04.463+0000][554.379s][info ][safepoint     ] Total time for which application threads were stopped: 0.0005561 seconds, Stopping threads took: 0.0000999 seconds
[2023-11-13T02:36:05.463+0000][555.379s][debug][safepoint     ] Safepoint synchronization initiated. (224 threads)
[2023-11-13T02:36:05.463+0000][555.379s][info ][safepoint     ] Application time: 1.0001532 seconds
[2023-11-13T02:36:05.463+0000][555.379s][info ][safepoint     ] Entering safepoint region: Cleanup
[2023-11-13T02:36:05.463+0000][555.379s][info ][safepoint     ] Leaving safepoint region
[2023-11-13T02:36:05.463+0000][555.379s][info ][safepoint     ] Total time for which application threads were stopped: 0.0005595 seconds, Stopping threads took: 0.0001211 seconds
[2023-11-13T02:36:06.464+0000][556.379s][debug][safepoint     ] Safepoint synchronization initiated. (224 threads)
[2023-11-13T02:36:06.464+0000][556.379s][info ][safepoint     ] Application time: 1.0001807 seconds
[2023-11-13T02:36:06.464+0000][556.380s][info ][safepoint     ] Entering safepoint region: Cleanup
[2023-11-13T02:36:06.464+0000][556.380s][info ][safepoint     ] Leaving safepoint region
[2023-11-13T02:36:06.464+0000][556.380s][info ][safepoint     ] Total time for which application threads were stopped: 0.0003537 seconds, Stopping threads took: 0.0000980 seconds
[2023-11-13T02:36:07.464+0000][557.380s][debug][safepoint     ] Safepoint synchronization initiated. (224 threads)
[2023-11-13T02:36:07.464+0000][557.380s][info ][safepoint     ] Application time: 1.0001941 seconds
[2023-11-13T02:36:07.464+0000][557.380s][info ][safepoint     ] Entering safepoint region: Cleanup
[2023-11-13T02:36:07.465+0000][557.380s][info ][safepoint     ] Leaving safepoint region
[2023-11-13T02:36:07.465+0000][557.380s][info ][safepoint     ] Total time for which application threads were stopped: 0.0003852 seconds, Stopping threads took: 0.0000897 seconds
[2023-11-13T02:36:08.465+0000][558.381s][debug][safepoint     ] Safepoint synchronization initiated. (224 threads)
[2023-11-13T02:36:08.465+0000][558.381s][info ][safepoint     ] Application time: 1.0001490 seconds
[2023-11-13T02:36:08.465+0000][558.381s][info ][safepoint     ] Entering safepoint region: Cleanup
[2023-11-13T02:36:08.465+0000][558.381s][info ][safepoint     ] Leaving safepoint region
[2023-11-13T02:36:08.465+0000][558.381s][info ][safepoint     ] Total time for which application threads were stopped: 0.0003853 seconds, Stopping threads took: 0.0000849 seconds
[2023-11-13T02:36:09.465+0000][559.381s][debug][safepoint     ] Safepoint synchronization initiated. (224 threads)
[2023-11-13T02:36:09.465+0000][559.381s][info ][safepoint     ] Application time: 1.0002586 seconds
[2023-11-13T02:36:09.466+0000][559.381s][info ][safepoint     ] Entering safepoint region: Cleanup
[2023-11-13T02:36:09.466+0000][559.382s][info ][safepoint     ] Leaving safepoint region
[2023-11-13T02:36:09.466+0000][559.382s][info ][safepoint     ] Total time for which application threads were stopped: 0.0005639 seconds, Stopping threads took: 0.0000836 seconds
[2023-11-13T02:36:10.466+0000][560.382s][debug][safepoint     ] Safepoint synchronization initiated. (224 threads)
[2023-11-13T02:36:10.466+0000][560.382s][info ][safepoint     ] Application time: 1.0001558 seconds
[2023-11-13T02:36:10.466+0000][560.382s][info ][safepoint     ] Entering safepoint region: Cleanup
[2023-11-13T02:36:10.467+0000][560.382s][info ][safepoint     ] Leaving safepoint region
[2023-11-13T02:36:10.467+0000][560.382s][info ][safepoint     ] Total time for which application threads were stopped: 0.0004056 seconds, Stopping threads took: 0.0000801 seconds
[2023-11-13T02:36:11.468+0000][561.384s][debug][safepoint     ] Safepoint synchronization initiated. (224 threads)
[2023-11-13T02:36:11.468+0000][561.384s][info ][safepoint     ] Application time: 1.0017049 seconds
[2023-11-13T02:36:11.468+0000][561.384s][info ][safepoint     ] Entering safepoint region: Cleanup
[2023-11-13T02:36:11.469+0000][561.385s][info ][safepoint     ] Leaving safepoint region
[2023-11-13T02:36:11.469+0000][561.385s][info ][safepoint     ] Total time for which application threads were stopped: 0.0003826 seconds, Stopping threads took: 0.0000831 seconds
[2023-11-13T02:36:12.469+0000][562.385s][debug][safepoint     ] Safepoint synchronization initiated. (224 threads)
[2023-11-13T02:36:12.469+0000][562.385s][info ][safepoint     ] Application time: 1.0001686 seconds
[2023-11-13T02:36:12.469+0000][562.385s][info ][safepoint     ] Entering safepoint region: Cleanup
[2023-11-13T02:36:12.469+0000][562.385s][info ][safepoint     ] Leaving safepoint region
[2023-11-13T02:36:12.469+0000][562.385s][info ][safepoint     ] Total time for which application threads were stopped: 0.0004237 seconds, Stopping threads took: 0.0001134 seconds
[2023-11-13T02:36:13.475+0000][563.391s][debug][safepoint     ] Safepoint synchronization initiated. (224 threads)
[2023-11-13T02:36:13.475+0000][563.391s][info ][safepoint     ] Application time: 1.0054525 seconds
[2023-11-13T02:36:13.475+0000][563.391s][info ][safepoint     ] Entering safepoint region: Cleanup
[2023-11-13T02:36:13.475+0000][563.391s][info ][safepoint     ] Leaving safepoint region
[2023-11-13T02:36:13.475+0000][563.391s][info ][safepoint     ] Total time for which application threads were stopped: 0.0003975 seconds, Stopping threads took: 0.0000892 seconds
[2023-11-13T02:36:14.475+0000][564.391s][debug][safepoint     ] Safepoint synchronization initiated. (224 threads)
[2023-11-13T02:36:14.475+0000][564.391s][info ][safepoint     ] Application time: 1.0002185 seconds
[2023-11-13T02:36:14.476+0000][564.391s][info ][safepoint     ] Entering safepoint region: Cleanup
[2023-11-13T02:36:14.476+0000][564.392s][info ][safepoint     ] Leaving safepoint region
[2023-11-13T02:36:14.476+0000][564.392s][info ][safepoint     ] Total time for which application threads were stopped: 0.0006707 seconds, Stopping threads took: 0.0001372 seconds
[2023-11-13T02:36:15.478+0000][565.394s][debug][safepoint     ] Safepoint synchronization initiated. (224 threads)
[2023-11-13T02:36:15.478+0000][565.394s][info ][safepoint     ] Application time: 1.0017084 seconds
[2023-11-13T02:36:15.478+0000][565.394s][info ][safepoint     ] Entering safepoint region: Cleanup
[2023-11-13T02:36:15.478+0000][565.394s][info ][safepoint     ] Leaving safepoint region
[2023-11-13T02:36:15.478+0000][565.394s][info ][safepoint     ] Total time for which application threads were stopped: 0.0005056 seconds, Stopping threads took: 0.0001434 seconds
[2023-11-13T02:36:16.479+0000][566.395s][debug][safepoint     ] Safepoint synchronization initiated. (224 threads)
[2023-11-13T02:36:16.479+0000][566.395s][info ][safepoint     ] Application time: 1.0007541 seconds
[2023-11-13T02:36:16.479+0000][566.395s][info ][safepoint     ] Entering safepoint region: Cleanup
[2023-11-13T02:36:16.480+0000][566.396s][info ][safepoint     ] Leaving safepoint region
[2023-11-13T02:36:16.481+0000][566.396s][info ][safepoint     ] Total time for which application threads were stopped: 0.0013685 seconds, Stopping threads took: 0.0001074 seconds
[2023-11-13T02:36:17.481+0000][567.397s][debug][safepoint     ] Safepoint synchronization initiated. (224 threads)
[2023-11-13T02:36:17.481+0000][567.397s][info ][safepoint     ] Application time: 1.0002012 seconds
[2023-11-13T02:36:17.481+0000][567.397s][info ][safepoint     ] Entering safepoint region: Cleanup
[2023-11-13T02:36:17.481+0000][567.397s][info ][safepoint     ] Leaving safepoint region
[2023-11-13T02:36:17.481+0000][567.397s][info ][safepoint     ] Total time for which application threads were stopped: 0.0005922 seconds, Stopping threads took: 0.0001031 seconds
[2023-11-13T02:36:18.482+0000][568.397s][debug][safepoint     ] Safepoint synchronization initiated. (224 threads)
[2023-11-13T02:36:18.482+0000][568.397s][info ][safepoint     ] Application time: 1.0001848 seconds
[2023-11-13T02:36:18.482+0000][568.398s][info ][safepoint     ] Entering safepoint region: Cleanup
[2023-11-13T02:36:18.482+0000][568.398s][info ][safepoint     ] Leaving safepoint region
[2023-11-13T02:36:18.482+0000][568.398s][info ][safepoint     ] Total time for which application threads were stopped: 0.0003912 seconds, Stopping threads took: 0.0000901 seconds
[2023-11-13T02:36:19.483+0000][569.399s][debug][safepoint     ] Safepoint synchronization initiated. (224 threads)
[2023-11-13T02:36:19.483+0000][569.399s][info ][safepoint     ] Application time: 1.0011611 seconds
[2023-11-13T02:36:19.483+0000][569.399s][info ][safepoint     ] Entering safepoint region: Cleanup
[2023-11-13T02:36:19.484+0000][569.399s][info ][safepoint     ] Leaving safepoint region
[2023-11-13T02:36:19.484+0000][569.400s][info ][safepoint     ] Total time for which application threads were stopped: 0.0004033 seconds, Stopping threads took: 0.0001055 seconds
[2023-11-13T02:36:19.706+0000][569.622s][debug][safepoint     ] Safepoint synchronization initiated. (224 threads)
[2023-11-13T02:36:19.706+0000][569.622s][info ][safepoint     ] Application time: 0.2224236 seconds
[2023-11-13T02:36:19.706+0000][569.622s][info ][safepoint     ] Entering safepoint region: G1CollectForAllocation
[2023-11-13T02:36:19.707+0000][569.623s][info ][gc,start      ] GC(46) Pause Young (Normal) (G1 Evacuation Pause)
[2023-11-13T02:36:19.707+0000][569.623s][info ][gc,task       ] GC(46) Using 6 workers of 6 for evacuation
[2023-11-13T02:36:19.772+0000][569.688s][info ][gc,phases     ] GC(46)   Pre Evacuate Collection Set: 0.1ms
[2023-11-13T02:36:19.772+0000][569.688s][info ][gc,phases     ] GC(46)   Evacuate Collection Set: 54.6ms
[2023-11-13T02:36:19.772+0000][569.688s][info ][gc,phases     ] GC(46)   Post Evacuate Collection Set: 9.4ms
[2023-11-13T02:36:19.772+0000][569.688s][info ][gc,phases     ] GC(46)   Other: 1.0ms
[2023-11-13T02:36:19.772+0000][569.688s][info ][gc,heap       ] GC(46) Eden regions: 389->0(392)
[2023-11-13T02:36:19.772+0000][569.688s][info ][gc,heap       ] GC(46) Survivor regions: 24->21(52)
[2023-11-13T02:36:19.772+0000][569.688s][info ][gc,heap       ] GC(46) Old regions: 133->137
[2023-11-13T02:36:19.782+0000][569.698s][info ][gc,heap       ] GC(46) Humongous regions: 0->0
[2023-11-13T02:36:19.782+0000][569.698s][info ][gc,metaspace  ] GC(46) Metaspace: 164277K(169816K)->164277K(169816K) NonClass: 145344K(148696K)->145344K(148696K) Class: 18933K(21120K)->18933K(21120K)
[2023-11-13T02:36:19.782+0000][569.698s][info ][gc            ] GC(46) Pause Young (Normal) (G1 Evacuation Pause) 544M->155M(689M) 75.431ms
[2023-11-13T02:36:19.782+0000][569.698s][info ][gc,cpu        ] GC(46) User=0.12s Sys=0.01s Real=0.07s
[2023-11-13T02:36:19.782+0000][569.698s][info ][safepoint     ] Leaving safepoint region
[2023-11-13T02:36:19.782+0000][569.698s][info ][safepoint     ] Total time for which application threads were stopped: 0.0762135 seconds, Stopping threads took: 0.0000851 seconds
[2023-11-13T02:36:19.783+0000][569.699s][info ][gc,stringdedup] Concurrent String Deduplication (569.699s)
[2023-11-13T02:36:19.783+0000][569.699s][info ][gc,stringdedup] Concurrent String Deduplication 616.0B->200.0B(416.0B) avg 53.7% (569.699s, 569.699s) 0.083ms
[2023-11-13T02:36:20.783+0000][570.698s][debug][safepoint     ] Safepoint synchronization initiated. (226 threads)
[2023-11-13T02:36:20.783+0000][570.699s][info ][safepoint     ] Application time: 1.0001901 seconds
[2023-11-13T02:36:20.783+0000][570.699s][info ][safepoint     ] Entering safepoint region: Cleanup
[2023-11-13T02:36:20.783+0000][570.699s][info ][safepoint     ] Leaving safepoint region
[2023-11-13T02:36:20.783+0000][570.699s][info ][safepoint     ] Total time for which application threads were stopped: 0.0005339 seconds, Stopping threads took: 0.0001075 seconds
[2023-11-13T02:36:21.784+0000][571.700s][debug][safepoint     ] Safepoint synchronization initiated. (226 threads)
[2023-11-13T02:36:21.785+0000][571.700s][info ][safepoint     ] Application time: 1.0013506 seconds
[2023-11-13T02:36:21.785+0000][571.701s][info ][safepoint     ] Entering safepoint region: Cleanup
[2023-11-13T02:36:21.785+0000][571.701s][info ][safepoint     ] Leaving safepoint region
[2023-11-13T02:36:21.785+0000][571.701s][info ][safepoint     ] Total time for which application threads were stopped: 0.0003985 seconds, Stopping threads took: 0.0000876 seconds
[2023-11-13T02:36:22.785+0000][572.701s][debug][safepoint     ] Safepoint synchronization initiated. (226 threads)
[2023-11-13T02:36:22.785+0000][572.701s][info ][safepoint     ] Application time: 1.0001633 seconds
[2023-11-13T02:36:22.785+0000][572.701s][debug][safepoint     ] ... found polling page return exception at pc = 0x00007f76a1143a36, stub =0x00007f7698841800
[2023-11-13T02:36:22.785+0000][572.701s][debug][safepoint     ] Waiting for 1 thread(s) to block
[2023-11-13T02:36:22.786+0000][572.702s][info ][safepoint     ] Entering safepoint region: Cleanup
[2023-11-13T02:36:22.786+0000][572.702s][info ][safepoint     ] Leaving safepoint region
[2023-11-13T02:36:22.786+0000][572.702s][info ][safepoint     ] Total time for which application threads were stopped: 0.0009892 seconds, Stopping threads took: 0.0007172 seconds
[2023-11-13T02:36:23.787+0000][573.703s][debug][safepoint     ] Safepoint synchronization initiated. (226 threads)
[2023-11-13T02:36:23.787+0000][573.703s][info ][safepoint     ] Application time: 1.0005212 seconds
[2023-11-13T02:36:23.787+0000][573.703s][info ][safepoint     ] Entering safepoint region: Cleanup
[2023-11-13T02:36:23.787+0000][573.703s][info ][safepoint     ] Leaving safepoint region
[2023-11-13T02:36:23.787+0000][573.703s][info ][safepoint     ] Total time for which application threads were stopped: 0.0003317 seconds, Stopping threads took: 0.0000865 seconds
[2023-11-13T02:36:24.788+0000][574.704s][debug][safepoint     ] Safepoint synchronization initiated. (226 threads)
[2023-11-13T02:36:24.788+0000][574.704s][info ][safepoint     ] Application time: 1.0011806 seconds
[2023-11-13T02:36:24.788+0000][574.704s][info ][safepoint     ] Entering safepoint region: Cleanup
[2023-11-13T02:36:24.789+0000][574.705s][info ][safepoint     ] Leaving safepoint region
[2023-11-13T02:36:24.789+0000][574.705s][info ][safepoint     ] Total time for which application threads were stopped: 0.0003891 seconds, Stopping threads took: 0.0001144 seconds
[2023-11-13T02:36:25.789+0000][575.705s][debug][safepoint     ] Safepoint synchronization initiated. (226 threads)
[2023-11-13T02:36:25.789+0000][575.705s][info ][safepoint     ] Application time: 1.0002416 seconds
[2023-11-13T02:36:25.789+0000][575.705s][info ][safepoint     ] Entering safepoint region: Cleanup
[2023-11-13T02:36:25.790+0000][575.705s][info ][safepoint     ] Leaving safepoint region
[2023-11-13T02:36:25.790+0000][575.706s][info ][safepoint     ] Total time for which application threads were stopped: 0.0008049 seconds, Stopping threads took: 0.0001909 seconds
[2023-11-13T02:36:25.790+0000][575.705s][debug][safepoint     ] ... found polling page return exception at pc = 0x00007f76a0bcdf6a, stub =0x00007f7698841800
[2023-11-13T02:36:26.790+0000][576.706s][debug][safepoint     ] Safepoint synchronization initiated. (226 threads)
[2023-11-13T02:36:26.790+0000][576.706s][info ][safepoint     ] Application time: 1.0002789 seconds
[2023-11-13T02:36:26.790+0000][576.706s][info ][safepoint     ] Entering safepoint region: Cleanup
[2023-11-13T02:36:26.790+0000][576.706s][info ][safepoint     ] Leaving safepoint region
[2023-11-13T02:36:26.790+0000][576.706s][info ][safepoint     ] Total time for which application threads were stopped: 0.0003044 seconds, Stopping threads took: 0.0000868 seconds
[2023-11-13T02:36:27.790+0000][577.706s][debug][safepoint     ] Safepoint synchronization initiated. (226 threads)
[2023-11-13T02:36:27.791+0000][577.706s][info ][safepoint     ] Application time: 1.0001664 seconds
[2023-11-13T02:36:27.791+0000][577.707s][info ][safepoint     ] Entering safepoint region: Cleanup
[2023-11-13T02:36:27.791+0000][577.707s][info ][safepoint     ] Leaving safepoint region
[2023-11-13T02:36:27.791+0000][577.707s][info ][safepoint     ] Total time for which application threads were stopped: 0.0003599 seconds, Stopping threads took: 0.0001175 seconds
[2023-11-13T02:36:28.791+0000][578.707s][debug][safepoint     ] Safepoint synchronization initiated. (226 threads)
[2023-11-13T02:36:28.791+0000][578.707s][info ][safepoint     ] Application time: 1.0001690 seconds
[2023-11-13T02:36:28.791+0000][578.707s][info ][safepoint     ] Entering safepoint region: Cleanup
[2023-11-13T02:36:28.792+0000][578.708s][info ][safepoint     ] Leaving safepoint region
[2023-11-13T02:36:28.792+0000][578.708s][info ][safepoint     ] Total time for which application threads were stopped: 0.0005565 seconds, Stopping threads took: 0.0001120 seconds
[2023-11-13T02:36:29.794+0000][579.710s][debug][safepoint     ] Safepoint synchronization initiated. (226 threads)
[2023-11-13T02:36:29.794+0000][579.710s][info ][safepoint     ] Application time: 1.0022622 seconds
[2023-11-13T02:36:29.794+0000][579.710s][info ][safepoint     ] Entering safepoint region: Cleanup
[2023-11-13T02:36:29.794+0000][579.710s][info ][safepoint     ] Leaving safepoint region
[2023-11-13T02:36:29.794+0000][579.710s][info ][safepoint     ] Total time for which application threads were stopped: 0.0003761 seconds, Stopping threads took: 0.0000821 seconds
[2023-11-13T02:36:30.795+0000][580.710s][debug][safepoint     ] Safepoint synchronization initiated. (226 threads)
[2023-11-13T02:36:30.795+0000][580.710s][info ][safepoint     ] Application time: 1.0001592 seconds
[2023-11-13T02:36:30.795+0000][580.711s][debug][safepoint     ] ... found polling page return exception at pc = 0x00007f76a11e0b1e, stub =0x00007f7698841800
[2023-11-13T02:36:30.795+0000][580.711s][debug][safepoint     ] Waiting for 2 thread(s) to block
[2023-11-13T02:36:30.795+0000][580.711s][info ][safepoint     ] Entering safepoint region: Cleanup
[2023-11-13T02:36:30.796+0000][580.712s][info ][safepoint     ] Leaving safepoint region
[2023-11-13T02:36:30.796+0000][580.712s][info ][safepoint     ] Total time for which application threads were stopped: 0.0011102 seconds, Stopping threads took: 0.0008233 seconds
[2023-11-13T02:36:31.796+0000][581.712s][debug][safepoint     ] Safepoint synchronization initiated. (226 threads)
[2023-11-13T02:36:31.796+0000][581.712s][info ][safepoint     ] Application time: 1.0001690 seconds
[2023-11-13T02:36:31.796+0000][581.712s][info ][safepoint     ] Entering safepoint region: Cleanup
[2023-11-13T02:36:31.796+0000][581.712s][info ][safepoint     ] Leaving safepoint region
[2023-11-13T02:36:31.797+0000][581.712s][info ][safepoint     ] Total time for which application threads were stopped: 0.0005693 seconds, Stopping threads took: 0.0000873 seconds
[2023-11-13T02:36:32.797+0000][582.716s][debug][safepoint     ] Safepoint synchronization initiated. (226 threads)
[2023-11-13T02:36:32.801+0000][582.717s][info ][safepoint     ] Application time: 1.0041389 seconds
[2023-11-13T02:36:32.801+0000][582.717s][info ][safepoint     ] Entering safepoint region: Cleanup
[2023-11-13T02:36:32.805+0000][582.721s][info ][safepoint     ] Leaving safepoint region
[2023-11-13T02:36:32.805+0000][582.721s][info ][safepoint     ] Total time for which application threads were stopped: 0.0043521 seconds, Stopping threads took: 0.0000942 seconds
[2023-11-13T02:36:33.805+0000][583.721s][debug][safepoint     ] Safepoint synchronization initiated. (226 threads)
[2023-11-13T02:36:33.805+0000][583.721s][info ][safepoint     ] Application time: 1.0002641 seconds
[2023-11-13T02:36:33.805+0000][583.721s][info ][safepoint     ] Entering safepoint region: Cleanup
[2023-11-13T02:36:33.806+0000][583.722s][info ][safepoint     ] Leaving safepoint region
[2023-11-13T02:36:33.806+0000][583.722s][info ][safepoint     ] Total time for which application threads were stopped: 0.0004968 seconds, Stopping threads took: 0.0001044 seconds
[2023-11-13T02:36:34.806+0000][584.722s][debug][safepoint     ] Safepoint synchronization initiated. (226 threads)
[2023-11-13T02:36:34.806+0000][584.722s][info ][safepoint     ] Application time: 1.0002070 seconds
[2023-11-13T02:36:34.806+0000][584.722s][info ][safepoint     ] Entering safepoint region: Cleanup
[2023-11-13T02:36:34.806+0000][584.722s][info ][safepoint     ] Leaving safepoint region
[2023-11-13T02:36:34.807+0000][584.722s][info ][safepoint     ] Total time for which application threads were stopped: 0.0004132 seconds, Stopping threads took: 0.0001012 seconds
[2023-11-13T02:36:35.807+0000][585.722s][debug][safepoint     ] Safepoint synchronization initiated. (226 threads)
[2023-11-13T02:36:35.807+0000][585.723s][info ][safepoint     ] Application time: 1.0001694 seconds
[2023-11-13T02:36:35.807+0000][585.723s][info ][safepoint     ] Entering safepoint region: Cleanup
[2023-11-13T02:36:35.807+0000][585.723s][info ][safepoint     ] Leaving safepoint region
[2023-11-13T02:36:35.807+0000][585.723s][info ][safepoint     ] Total time for which application threads were stopped: 0.0004088 seconds, Stopping threads took: 0.0001217 seconds
[2023-11-13T02:36:36.807+0000][586.723s][debug][safepoint     ] Safepoint synchronization initiated. (226 threads)
[2023-11-13T02:36:36.808+0000][586.723s][info ][safepoint     ] Application time: 1.0004002 seconds
[2023-11-13T02:36:36.808+0000][586.724s][info ][safepoint     ] Entering safepoint region: Cleanup
[2023-11-13T02:36:36.808+0000][586.724s][info ][safepoint     ] Leaving safepoint region
[2023-11-13T02:36:36.808+0000][586.724s][info ][safepoint     ] Total time for which application threads were stopped: 0.0006741 seconds, Stopping threads took: 0.0002616 seconds
[2023-11-13T02:36:37.811+0000][587.727s][debug][safepoint     ] Safepoint synchronization initiated. (226 threads)
[2023-11-13T02:36:37.811+0000][587.727s][info ][safepoint     ] Application time: 1.0020841 seconds
[2023-11-13T02:36:37.811+0000][587.727s][info ][safepoint     ] Entering safepoint region: Cleanup
[2023-11-13T02:36:37.811+0000][587.727s][info ][safepoint     ] Leaving safepoint region
[2023-11-13T02:36:37.811+0000][587.727s][info ][safepoint     ] Total time for which application threads were stopped: 0.0003806 seconds, Stopping threads took: 0.0000904 seconds
[2023-11-13T02:36:38.811+0000][588.727s][debug][safepoint     ] Safepoint synchronization initiated. (226 threads)
[2023-11-13T02:36:38.811+0000][588.727s][info ][safepoint     ] Application time: 1.0001515 seconds
[2023-11-13T02:36:38.811+0000][588.727s][info ][safepoint     ] Entering safepoint region: Cleanup
[2023-11-13T02:36:38.812+0000][588.727s][info ][safepoint     ] Leaving safepoint region
[2023-11-13T02:36:38.812+0000][588.727s][info ][safepoint     ] Total time for which application threads were stopped: 0.0003429 seconds, Stopping threads took: 0.0000857 seconds
[2023-11-13T02:36:39.535+0000][589.451s][debug][safepoint     ] Safepoint synchronization initiated. (226 threads)
[2023-11-13T02:36:39.535+0000][589.451s][info ][safepoint     ] Application time: 0.7231104 seconds
[2023-11-13T02:36:39.535+0000][589.451s][debug][safepoint     ] ... found polling page loop exception at pc = 0x00007f76a11e868c, stub =0x00007f7698841b00
[2023-11-13T02:36:39.535+0000][589.451s][debug][safepoint     ] Waiting for 1 thread(s) to block
[2023-11-13T02:36:39.535+0000][589.451s][info ][safepoint     ] Entering safepoint region: G1CollectForAllocation
[2023-11-13T02:36:39.535+0000][589.451s][info ][gc,start      ] GC(47) Pause Young (Normal) (G1 Evacuation Pause)
[2023-11-13T02:36:39.535+0000][589.451s][info ][gc,task       ] GC(47) Using 6 workers of 6 for evacuation
[2023-11-13T02:36:39.583+0000][589.499s][info ][gc,phases     ] GC(47)   Pre Evacuate Collection Set: 0.0ms
[2023-11-13T02:36:39.583+0000][589.499s][info ][gc,phases     ] GC(47)   Evacuate Collection Set: 27.0ms
[2023-11-13T02:36:39.583+0000][589.499s][info ][gc,phases     ] GC(47)   Post Evacuate Collection Set: 20.0ms
[2023-11-13T02:36:39.583+0000][589.499s][info ][gc,phases     ] GC(47)   Other: 0.5ms
[2023-11-13T02:36:39.583+0000][589.499s][info ][gc,heap       ] GC(47) Eden regions: 392->0(396)
[2023-11-13T02:36:39.583+0000][589.499s][info ][gc,heap       ] GC(47) Survivor regions: 21->17(52)
[2023-11-13T02:36:39.583+0000][589.499s][info ][gc,heap       ] GC(47) Old regions: 137->141
[2023-11-13T02:36:39.583+0000][589.499s][info ][gc,heap       ] GC(47) Humongous regions: 0->0
[2023-11-13T02:36:39.583+0000][589.499s][info ][gc,metaspace  ] GC(47) Metaspace: 164279K(169816K)->164279K(169816K) NonClass: 145346K(148696K)->145346K(148696K) Class: 18933K(21120K)->18933K(21120K)
[2023-11-13T02:36:39.583+0000][589.499s][info ][gc            ] GC(47) Pause Young (Normal) (G1 Evacuation Pause) 547M->156M(689M) 47.722ms
[2023-11-13T02:36:39.583+0000][589.499s][info ][gc,cpu        ] GC(47) User=0.13s Sys=0.00s Real=0.04s
[2023-11-13T02:36:39.583+0000][589.499s][info ][safepoint     ] Leaving safepoint region
[2023-11-13T02:36:39.583+0000][589.499s][info ][safepoint     ] Total time for which application threads were stopped: 0.0483955 seconds, Stopping threads took: 0.0001749 seconds
[2023-11-13T02:36:39.584+0000][589.500s][info ][gc,stringdedup] Concurrent String Deduplication (589.500s)
[2023-11-13T02:36:39.584+0000][589.500s][info ][gc,stringdedup] Concurrent String Deduplication 48.0B->48.0B(0.0B) avg 53.7% (589.500s, 589.500s) 0.092ms
[2023-11-13T02:36:40.583+0000][590.499s][debug][safepoint     ] Safepoint synchronization initiated. (226 threads)
[2023-11-13T02:36:40.583+0000][590.499s][info ][safepoint     ] Application time: 1.0001872 seconds
[2023-11-13T02:36:40.583+0000][590.499s][info ][safepoint     ] Entering safepoint region: Cleanup
[2023-11-13T02:36:40.584+0000][590.500s][info ][safepoint     ] Leaving safepoint region
[2023-11-13T02:36:40.584+0000][590.500s][info ][safepoint     ] Total time for which application threads were stopped: 0.0004342 seconds, Stopping threads took: 0.0001063 seconds
[2023-11-13T02:36:41.584+0000][591.500s][debug][safepoint     ] Safepoint synchronization initiated. (226 threads)
[2023-11-13T02:36:41.584+0000][591.500s][info ][safepoint     ] Application time: 1.0005407 seconds
[2023-11-13T02:36:41.585+0000][591.500s][info ][safepoint     ] Entering safepoint region: Cleanup
[2023-11-13T02:36:41.585+0000][591.501s][info ][safepoint     ] Leaving safepoint region
[2023-11-13T02:36:41.585+0000][591.501s][info ][safepoint     ] Total time for which application threads were stopped: 0.0005034 seconds, Stopping threads took: 0.0001456 seconds
[2023-11-13T02:36:42.585+0000][592.501s][debug][safepoint     ] Safepoint synchronization initiated. (226 threads)
[2023-11-13T02:36:42.585+0000][592.501s][info ][safepoint     ] Application time: 1.0001666 seconds
[2023-11-13T02:36:42.588+0000][592.504s][debug][safepoint     ] ... found polling page return exception at pc = 0x00007f76a11f9b5d, stub =0x00007f7698841800
[2023-11-13T02:36:42.588+0000][592.504s][debug][safepoint     ] Waiting for 1 thread(s) to block
[2023-11-13T02:36:42.588+0000][592.504s][info ][safepoint     ] Entering safepoint region: Cleanup
[2023-11-13T02:36:42.589+0000][592.505s][info ][safepoint     ] Leaving safepoint region
[2023-11-13T02:36:42.589+0000][592.505s][info ][safepoint     ] Total time for which application threads were stopped: 0.0036214 seconds, Stopping threads took: 0.0033287 seconds
[2023-11-13T02:36:43.589+0000][593.505s][debug][safepoint     ] Safepoint synchronization initiated. (226 threads)
[2023-11-13T02:36:43.589+0000][593.505s][info ][safepoint     ] Application time: 1.0003460 seconds
[2023-11-13T02:36:43.589+0000][593.505s][info ][safepoint     ] Entering safepoint region: Cleanup
[2023-11-13T02:36:43.589+0000][593.505s][info ][safepoint     ] Leaving safepoint region
[2023-11-13T02:36:43.589+0000][593.505s][info ][safepoint     ] Total time for which application threads were stopped: 0.0003075 seconds, Stopping threads took: 0.0000842 seconds
[2023-11-13T02:36:44.590+0000][594.505s][debug][safepoint     ] Safepoint synchronization initiated. (226 threads)
[2023-11-13T02:36:44.590+0000][594.506s][info ][safepoint     ] Application time: 1.0006379 seconds
[2023-11-13T02:36:44.590+0000][594.506s][info ][safepoint     ] Entering safepoint region: Cleanup
[2023-11-13T02:36:44.591+0000][594.507s][info ][safepoint     ] Leaving safepoint region
[2023-11-13T02:36:44.591+0000][594.507s][info ][safepoint     ] Total time for which application threads were stopped: 0.0006906 seconds, Stopping threads took: 0.0002785 seconds
[2023-11-13T02:36:45.451+0000][595.367s][debug][safepoint     ] Safepoint synchronization initiated. (226 threads)
[2023-11-13T02:36:45.451+0000][595.367s][info ][safepoint     ] Application time: 0.8595858 seconds
[2023-11-13T02:36:45.451+0000][595.367s][debug][safepoint     ] Waiting for 1 thread(s) to block
[2023-11-13T02:36:45.451+0000][595.367s][info ][safepoint     ] Entering safepoint region: Deoptimize
[2023-11-13T02:36:45.456+0000][595.372s][info ][safepoint     ] Leaving safepoint region
[2023-11-13T02:36:45.456+0000][595.372s][info ][safepoint     ] Total time for which application threads were stopped: 0.0052624 seconds, Stopping threads took: 0.0001191 seconds
[2023-11-13T02:36:46.456+0000][596.372s][debug][safepoint     ] Safepoint synchronization initiated. (226 threads)
[2023-11-13T02:36:46.456+0000][596.372s][info ][safepoint     ] Application time: 1.0002723 seconds
[2023-11-13T02:36:46.456+0000][596.372s][info ][safepoint     ] Entering safepoint region: Cleanup
[2023-11-13T02:36:46.457+0000][596.373s][info ][safepoint     ] Leaving safepoint region
[2023-11-13T02:36:46.457+0000][596.373s][info ][safepoint     ] Total time for which application threads were stopped: 0.0005259 seconds, Stopping threads took: 0.0000856 seconds
[2023-11-13T02:36:47.457+0000][597.373s][debug][safepoint     ] Safepoint synchronization initiated. (226 threads)
[2023-11-13T02:36:47.457+0000][597.373s][info ][safepoint     ] Application time: 1.0004386 seconds
[2023-11-13T02:36:47.458+0000][597.374s][info ][safepoint     ] Entering safepoint region: Cleanup
[2023-11-13T02:36:47.458+0000][597.374s][info ][safepoint     ] Leaving safepoint region
[2023-11-13T02:36:47.459+0000][597.375s][info ][safepoint     ] Total time for which application threads were stopped: 0.0010871 seconds, Stopping threads took: 0.0002968 seconds
[2023-11-13T02:36:48.459+0000][598.375s][debug][safepoint     ] Safepoint synchronization initiated. (226 threads)
[2023-11-13T02:36:48.459+0000][598.375s][info ][safepoint     ] Application time: 1.0001652 seconds
[2023-11-13T02:36:48.459+0000][598.375s][debug][safepoint     ] ... found polling page return exception at pc = 0x00007f76a0301377, stub =0x00007f7698841800
[2023-11-13T02:36:48.459+0000][598.375s][debug][safepoint     ] Waiting for 2 thread(s) to block
[2023-11-13T02:36:48.459+0000][598.375s][info ][safepoint     ] Entering safepoint region: Cleanup
[2023-11-13T02:36:48.460+0000][598.376s][info ][safepoint     ] Leaving safepoint region
[2023-11-13T02:36:48.460+0000][598.376s][info ][safepoint     ] Total time for which application threads were stopped: 0.0005549 seconds, Stopping threads took: 0.0003085 seconds
[2023-11-13T02:36:49.460+0000][599.376s][debug][safepoint     ] Safepoint synchronization initiated. (226 threads)
[2023-11-13T02:36:49.460+0000][599.376s][info ][safepoint     ] Application time: 1.0001667 seconds
[2023-11-13T02:36:49.460+0000][599.376s][info ][safepoint     ] Entering safepoint region: Cleanup
[2023-11-13T02:36:49.460+0000][599.376s][info ][safepoint     ] Leaving safepoint region
[2023-11-13T02:36:49.460+0000][599.376s][info ][safepoint     ] Total time for which application threads were stopped: 0.0003969 seconds, Stopping threads took: 0.0000856 seconds
[2023-11-13T02:36:50.462+0000][600.377s][debug][safepoint     ] Safepoint synchronization initiated. (226 threads)
[2023-11-13T02:36:50.462+0000][600.377s][info ][safepoint     ] Application time: 1.0013254 seconds
[2023-11-13T02:36:50.462+0000][600.378s][info ][safepoint     ] Entering safepoint region: Cleanup
[2023-11-13T02:36:50.462+0000][600.378s][info ][safepoint     ] Leaving safepoint region
[2023-11-13T02:36:50.462+0000][600.378s][info ][safepoint     ] Total time for which application threads were stopped: 0.0004203 seconds, Stopping threads took: 0.0000891 seconds
[2023-11-13T02:36:51.462+0000][601.378s][debug][safepoint     ] Safepoint synchronization initiated. (226 threads)
[2023-11-13T02:36:51.462+0000][601.378s][info ][safepoint     ] Application time: 1.0001785 seconds
[2023-11-13T02:36:51.462+0000][601.378s][info ][safepoint     ] Entering safepoint region: Cleanup
[2023-11-13T02:36:51.463+0000][601.379s][info ][safepoint     ] Leaving safepoint region
[2023-11-13T02:36:51.463+0000][601.379s][info ][safepoint     ] Total time for which application threads were stopped: 0.0005296 seconds, Stopping threads took: 0.0001861 seconds
[2023-11-13T02:36:52.463+0000][602.379s][debug][safepoint     ] Safepoint synchronization initiated. (226 threads)
[2023-11-13T02:36:52.466+0000][602.382s][info ][safepoint     ] Application time: 1.0035537 seconds
[2023-11-13T02:36:52.466+0000][602.382s][info ][safepoint     ] Entering safepoint region: Cleanup
[2023-11-13T02:36:52.467+0000][602.383s][info ][safepoint     ] Leaving safepoint region
[2023-11-13T02:36:52.467+0000][602.383s][info ][safepoint     ] Total time for which application threads were stopped: 0.0004164 seconds, Stopping threads took: 0.0001034 seconds
[2023-11-13T02:36:53.467+0000][603.383s][debug][safepoint     ] Safepoint synchronization initiated. (226 threads)
[2023-11-13T02:36:53.467+0000][603.383s][info ][safepoint     ] Application time: 1.0002293 seconds
[2023-11-13T02:36:53.467+0000][603.383s][debug][safepoint     ] Waiting for 1 thread(s) to block
[2023-11-13T02:36:53.468+0000][603.384s][info ][safepoint     ] Entering safepoint region: Cleanup
[2023-11-13T02:36:53.468+0000][603.384s][info ][safepoint     ] Leaving safepoint region
[2023-11-13T02:36:53.468+0000][603.384s][info ][safepoint     ] Total time for which application threads were stopped: 0.0011149 seconds, Stopping threads took: 0.0006723 seconds
[2023-11-13T02:36:54.470+0000][604.386s][debug][safepoint     ] Safepoint synchronization initiated. (226 threads)
[2023-11-13T02:36:54.470+0000][604.386s][info ][safepoint     ] Application time: 1.0018235 seconds
[2023-11-13T02:36:54.470+0000][604.386s][info ][safepoint     ] Entering safepoint region: Cleanup
[2023-11-13T02:36:54.471+0000][604.386s][info ][safepoint     ] Leaving safepoint region
[2023-11-13T02:36:54.471+0000][604.386s][info ][safepoint     ] Total time for which application threads were stopped: 0.0005091 seconds, Stopping threads took: 0.0000862 seconds
[2023-11-13T02:36:55.473+0000][605.388s][debug][safepoint     ] Safepoint synchronization initiated. (226 threads)
[2023-11-13T02:36:55.473+0000][605.388s][info ][safepoint     ] Application time: 1.0020315 seconds
[2023-11-13T02:36:55.473+0000][605.389s][info ][safepoint     ] Entering safepoint region: Cleanup
[2023-11-13T02:36:55.473+0000][605.389s][info ][safepoint     ] Leaving safepoint region
[2023-11-13T02:36:55.473+0000][605.389s][info ][safepoint     ] Total time for which application threads were stopped: 0.0005970 seconds, Stopping threads took: 0.0001103 seconds
[2023-11-13T02:36:56.473+0000][606.389s][debug][safepoint     ] Safepoint synchronization initiated. (226 threads)
[2023-11-13T02:36:56.474+0000][606.389s][info ][safepoint     ] Application time: 1.0002742 seconds
[2023-11-13T02:36:56.474+0000][606.390s][info ][safepoint     ] Entering safepoint region: Cleanup
[2023-11-13T02:36:56.474+0000][606.390s][info ][safepoint     ] Leaving safepoint region
[2023-11-13T02:36:56.474+0000][606.390s][info ][safepoint     ] Total time for which application threads were stopped: 0.0007644 seconds, Stopping threads took: 0.0001667 seconds
[2023-11-13T02:36:57.476+0000][607.392s][debug][safepoint     ] Safepoint synchronization initiated. (226 threads)
[2023-11-13T02:36:57.476+0000][607.392s][info ][safepoint     ] Application time: 1.0019506 seconds
[2023-11-13T02:36:57.477+0000][607.392s][info ][safepoint     ] Entering safepoint region: Cleanup
[2023-11-13T02:36:57.477+0000][607.393s][info ][safepoint     ] Leaving safepoint region
[2023-11-13T02:36:57.477+0000][607.393s][info ][safepoint     ] Total time for which application threads were stopped: 0.0005230 seconds, Stopping threads took: 0.0000876 seconds
[2023-11-13T02:36:58.477+0000][608.393s][debug][safepoint     ] Safepoint synchronization initiated. (226 threads)
[2023-11-13T02:36:58.477+0000][608.393s][info ][safepoint     ] Application time: 1.0001593 seconds
[2023-11-13T02:36:58.477+0000][608.393s][info ][safepoint     ] Entering safepoint region: Cleanup
[2023-11-13T02:36:58.478+0000][608.393s][info ][safepoint     ] Leaving safepoint region
[2023-11-13T02:36:58.478+0000][608.393s][info ][safepoint     ] Total time for which application threads were stopped: 0.0004231 seconds, Stopping threads took: 0.0000911 seconds
[2023-11-13T02:36:59.192+0000][609.108s][debug][safepoint     ] Safepoint synchronization initiated. (226 threads)
[2023-11-13T02:36:59.192+0000][609.108s][info ][safepoint     ] Application time: 0.7147744 seconds
[2023-11-13T02:36:59.192+0000][609.108s][info ][safepoint     ] Entering safepoint region: G1CollectForAllocation
[2023-11-13T02:36:59.193+0000][609.109s][info ][gc,start      ] GC(48) Pause Young (Normal) (G1 Evacuation Pause)
[2023-11-13T02:36:59.193+0000][609.109s][info ][gc,task       ] GC(48) Using 6 workers of 6 for evacuation
[2023-11-13T02:36:59.239+0000][609.155s][info ][gc,phases     ] GC(48)   Pre Evacuate Collection Set: 0.0ms
[2023-11-13T02:36:59.239+0000][609.155s][info ][gc,phases     ] GC(48)   Evacuate Collection Set: 36.6ms
[2023-11-13T02:36:59.239+0000][609.155s][info ][gc,phases     ] GC(48)   Post Evacuate Collection Set: 8.6ms
[2023-11-13T02:36:59.239+0000][609.155s][info ][gc,phases     ] GC(48)   Other: 0.6ms
[2023-11-13T02:36:59.239+0000][609.155s][info ][gc,heap       ] GC(48) Eden regions: 396->0(399)
[2023-11-13T02:36:59.239+0000][609.155s][info ][gc,heap       ] GC(48) Survivor regions: 17->14(52)
[2023-11-13T02:36:59.239+0000][609.155s][info ][gc,heap       ] GC(48) Old regions: 141->144
[2023-11-13T02:36:59.239+0000][609.155s][info ][gc,heap       ] GC(48) Humongous regions: 0->0
[2023-11-13T02:36:59.239+0000][609.155s][info ][gc,metaspace  ] GC(48) Metaspace: 164326K(169816K)->164326K(169816K) NonClass: 145391K(148696K)->145391K(148696K) Class: 18935K(21120K)->18935K(21120K)
[2023-11-13T02:36:59.239+0000][609.155s][info ][gc            ] GC(48) Pause Young (Normal) (G1 Evacuation Pause) 552M->156M(689M) 46.072ms
[2023-11-13T02:36:59.239+0000][609.155s][info ][gc,cpu        ] GC(48) User=0.09s Sys=0.00s Real=0.05s
[2023-11-13T02:36:59.239+0000][609.155s][info ][safepoint     ] Leaving safepoint region
[2023-11-13T02:36:59.239+0000][609.155s][info ][safepoint     ] Total time for which application threads were stopped: 0.0467156 seconds, Stopping threads took: 0.0001128 seconds
[2023-11-13T02:36:59.239+0000][609.155s][info ][gc,stringdedup] Concurrent String Deduplication (609.155s)
[2023-11-13T02:36:59.239+0000][609.155s][info ][gc,stringdedup] Concurrent String Deduplication 0.0B->0.0B(0.0B) avg 53.7% (609.155s, 609.155s) 0.088ms
[2023-11-13T02:37:00.239+0000][610.155s][debug][safepoint     ] Safepoint synchronization initiated. (226 threads)
[2023-11-13T02:37:00.239+0000][610.155s][info ][safepoint     ] Application time: 1.0002020 seconds
[2023-11-13T02:37:00.239+0000][610.155s][info ][safepoint     ] Entering safepoint region: Cleanup
[2023-11-13T02:37:00.240+0000][610.156s][info ][safepoint     ] Leaving safepoint region
[2023-11-13T02:37:00.240+0000][610.156s][info ][safepoint     ] Total time for which application threads were stopped: 0.0003689 seconds, Stopping threads took: 0.0000956 seconds
[2023-11-13T02:37:01.241+0000][611.157s][debug][safepoint     ] Safepoint synchronization initiated. (226 threads)
[2023-11-13T02:37:01.241+0000][611.157s][info ][safepoint     ] Application time: 1.0011655 seconds
[2023-11-13T02:37:01.241+0000][611.157s][info ][safepoint     ] Entering safepoint region: Cleanup
[2023-11-13T02:37:01.241+0000][611.157s][info ][safepoint     ] Leaving safepoint region
[2023-11-13T02:37:01.241+0000][611.157s][info ][safepoint     ] Total time for which application threads were stopped: 0.0004505 seconds, Stopping threads took: 0.0001054 seconds
[2023-11-13T02:37:02.242+0000][612.157s][debug][safepoint     ] Safepoint synchronization initiated. (226 threads)
[2023-11-13T02:37:02.242+0000][612.157s][info ][safepoint     ] Application time: 1.0001829 seconds
[2023-11-13T02:37:02.242+0000][612.158s][info ][safepoint     ] Entering safepoint region: Cleanup
[2023-11-13T02:37:02.242+0000][612.158s][info ][safepoint     ] Leaving safepoint region
[2023-11-13T02:37:02.242+0000][612.158s][info ][safepoint     ] Total time for which application threads were stopped: 0.0004449 seconds, Stopping threads took: 0.0001061 seconds
[2023-11-13T02:37:03.246+0000][613.162s][debug][safepoint     ] Safepoint synchronization initiated. (226 threads)
[2023-11-13T02:37:03.246+0000][613.162s][info ][safepoint     ] Application time: 1.0040261 seconds
[2023-11-13T02:37:03.246+0000][613.162s][info ][safepoint     ] Entering safepoint region: Cleanup
[2023-11-13T02:37:03.246+0000][613.162s][info ][safepoint     ] Leaving safepoint region
[2023-11-13T02:37:03.246+0000][613.162s][info ][safepoint     ] Total time for which application threads were stopped: 0.0003333 seconds, Stopping threads took: 0.0000934 seconds
[2023-11-13T02:37:04.250+0000][614.166s][debug][safepoint     ] Safepoint synchronization initiated. (226 threads)
[2023-11-13T02:37:04.250+0000][614.166s][info ][safepoint     ] Application time: 1.0035865 seconds
[2023-11-13T02:37:04.250+0000][614.166s][info ][safepoint     ] Entering safepoint region: Cleanup
[2023-11-13T02:37:04.250+0000][614.166s][info ][safepoint     ] Leaving safepoint region
[2023-11-13T02:37:04.250+0000][614.166s][info ][safepoint     ] Total time for which application threads were stopped: 0.0003620 seconds, Stopping threads took: 0.0000890 seconds
[2023-11-13T02:37:05.254+0000][615.170s][debug][safepoint     ] Safepoint synchronization initiated. (226 threads)
[2023-11-13T02:37:05.254+0000][615.170s][info ][safepoint     ] Application time: 1.0036343 seconds
[2023-11-13T02:37:05.254+0000][615.170s][info ][safepoint     ] Entering safepoint region: Cleanup
[2023-11-13T02:37:05.254+0000][615.170s][info ][safepoint     ] Leaving safepoint region
[2023-11-13T02:37:05.254+0000][615.170s][info ][safepoint     ] Total time for which application threads were stopped: 0.0003462 seconds, Stopping threads took: 0.0000934 seconds
[2023-11-13T02:37:06.255+0000][616.170s][debug][safepoint     ] Safepoint synchronization initiated. (226 threads)
[2023-11-13T02:37:06.255+0000][616.170s][info ][safepoint     ] Application time: 1.0001743 seconds
[2023-11-13T02:37:06.255+0000][616.171s][info ][safepoint     ] Entering safepoint region: Cleanup
[2023-11-13T02:37:06.255+0000][616.171s][info ][safepoint     ] Leaving safepoint region
[2023-11-13T02:37:06.255+0000][616.171s][info ][safepoint     ] Total time for which application threads were stopped: 0.0003716 seconds, Stopping threads took: 0.0000917 seconds
[2023-11-13T02:37:07.255+0000][617.171s][debug][safepoint     ] Safepoint synchronization initiated. (226 threads)
[2023-11-13T02:37:07.255+0000][617.171s][info ][safepoint     ] Application time: 1.0003899 seconds
[2023-11-13T02:37:07.256+0000][617.171s][info ][safepoint     ] Entering safepoint region: Cleanup
[2023-11-13T02:37:07.256+0000][617.172s][info ][safepoint     ] Leaving safepoint region
[2023-11-13T02:37:07.256+0000][617.172s][info ][safepoint     ] Total time for which application threads were stopped: 0.0003291 seconds, Stopping threads took: 0.0000875 seconds
[2023-11-13T02:37:08.256+0000][618.172s][debug][safepoint     ] Safepoint synchronization initiated. (226 threads)
[2023-11-13T02:37:08.257+0000][618.172s][info ][safepoint     ] Application time: 1.0007195 seconds
[2023-11-13T02:37:08.257+0000][618.172s][info ][safepoint     ] Entering safepoint region: Cleanup
[2023-11-13T02:37:08.257+0000][618.173s][info ][safepoint     ] Leaving safepoint region
[2023-11-13T02:37:08.257+0000][618.173s][info ][safepoint     ] Total time for which application threads were stopped: 0.0003928 seconds, Stopping threads took: 0.0000962 seconds
[2023-11-13T02:37:09.257+0000][619.173s][debug][safepoint     ] Safepoint synchronization initiated. (226 threads)
[2023-11-13T02:37:09.257+0000][619.173s][info ][safepoint     ] Application time: 1.0002019 seconds
[2023-11-13T02:37:09.257+0000][619.173s][info ][safepoint     ] Entering safepoint region: Cleanup
[2023-11-13T02:37:09.258+0000][619.173s][info ][safepoint     ] Leaving safepoint region
[2023-11-13T02:37:09.258+0000][619.173s][info ][safepoint     ] Total time for which application threads were stopped: 0.0004143 seconds, Stopping threads took: 0.0000915 seconds
[2023-11-13T02:37:10.262+0000][620.178s][debug][safepoint     ] Safepoint synchronization initiated. (226 threads)
[2023-11-13T02:37:10.262+0000][620.178s][info ][safepoint     ] Application time: 1.0045045 seconds
[2023-11-13T02:37:10.264+0000][620.180s][debug][safepoint     ] ... found polling page return exception at pc = 0x00007f76a0aa04f6, stub =0x00007f7698841800
[2023-11-13T02:37:10.264+0000][620.180s][debug][safepoint     ] Waiting for 1 thread(s) to block
[2023-11-13T02:37:10.270+0000][620.186s][info ][safepoint     ] Entering safepoint region: Cleanup
[2023-11-13T02:37:10.270+0000][620.186s][info ][safepoint     ] Leaving safepoint region
[2023-11-13T02:37:10.270+0000][620.186s][info ][safepoint     ] Total time for which application threads were stopped: 0.0083080 seconds, Stopping threads took: 0.0079355 seconds
[2023-11-13T02:37:11.271+0000][621.187s][debug][safepoint     ] Safepoint synchronization initiated. (226 threads)
[2023-11-13T02:37:11.271+0000][621.187s][info ][safepoint     ] Application time: 1.0006242 seconds
[2023-11-13T02:37:11.271+0000][621.187s][info ][safepoint     ] Entering safepoint region: Cleanup
[2023-11-13T02:37:11.272+0000][621.187s][info ][safepoint     ] Leaving safepoint region
[2023-11-13T02:37:11.272+0000][621.187s][info ][safepoint     ] Total time for which application threads were stopped: 0.0005297 seconds, Stopping threads took: 0.0000879 seconds
[2023-11-13T02:37:12.272+0000][622.188s][debug][safepoint     ] Safepoint synchronization initiated. (226 threads)
[2023-11-13T02:37:12.272+0000][622.188s][info ][safepoint     ] Application time: 1.0001606 seconds
[2023-11-13T02:37:12.272+0000][622.188s][info ][safepoint     ] Entering safepoint region: Cleanup
[2023-11-13T02:37:12.272+0000][622.188s][info ][safepoint     ] Leaving safepoint region
[2023-11-13T02:37:12.272+0000][622.188s][info ][safepoint     ] Total time for which application threads were stopped: 0.0003464 seconds, Stopping threads took: 0.0000879 seconds
[2023-11-13T02:37:13.272+0000][623.188s][debug][safepoint     ] Safepoint synchronization initiated. (226 threads)
[2023-11-13T02:37:13.272+0000][623.188s][info ][safepoint     ] Application time: 1.0001990 seconds
[2023-11-13T02:37:13.272+0000][623.188s][info ][safepoint     ] Entering safepoint region: Cleanup
[2023-11-13T02:37:13.273+0000][623.189s][info ][safepoint     ] Leaving safepoint region
[2023-11-13T02:37:13.273+0000][623.189s][info ][safepoint     ] Total time for which application threads were stopped: 0.0003999 seconds, Stopping threads took: 0.0000914 seconds
[2023-11-13T02:37:14.273+0000][624.189s][debug][safepoint     ] Safepoint synchronization initiated. (226 threads)
[2023-11-13T02:37:14.273+0000][624.189s][info ][safepoint     ] Application time: 1.0001771 seconds
[2023-11-13T02:37:14.273+0000][624.189s][info ][safepoint     ] Entering safepoint region: Cleanup
[2023-11-13T02:37:14.273+0000][624.189s][info ][safepoint     ] Leaving safepoint region
[2023-11-13T02:37:14.273+0000][624.189s][info ][safepoint     ] Total time for which application threads were stopped: 0.0004083 seconds, Stopping threads took: 0.0000961 seconds
[2023-11-13T02:37:15.274+0000][625.189s][debug][safepoint     ] Safepoint synchronization initiated. (226 threads)
[2023-11-13T02:37:15.274+0000][625.189s][info ][safepoint     ] Application time: 1.0002197 seconds
[2023-11-13T02:37:15.274+0000][625.190s][info ][safepoint     ] Entering safepoint region: Cleanup
[2023-11-13T02:37:15.274+0000][625.190s][info ][safepoint     ] Leaving safepoint region
[2023-11-13T02:37:15.274+0000][625.190s][info ][safepoint     ] Total time for which application threads were stopped: 0.0004262 seconds, Stopping threads took: 0.0001399 seconds
[2023-11-13T02:37:16.274+0000][626.190s][debug][safepoint     ] Safepoint synchronization initiated. (226 threads)
[2023-11-13T02:37:16.274+0000][626.190s][info ][safepoint     ] Application time: 1.0001739 seconds
[2023-11-13T02:37:16.274+0000][626.190s][info ][safepoint     ] Entering safepoint region: Cleanup
[2023-11-13T02:37:16.275+0000][626.190s][info ][safepoint     ] Leaving safepoint region
[2023-11-13T02:37:16.275+0000][626.190s][info ][safepoint     ] Total time for which application threads were stopped: 0.0003342 seconds, Stopping threads took: 0.0000923 seconds
[2023-11-13T02:37:17.275+0000][627.191s][debug][safepoint     ] Safepoint synchronization initiated. (226 threads)
[2023-11-13T02:37:17.275+0000][627.191s][info ][safepoint     ] Application time: 1.0001564 seconds
[2023-11-13T02:37:17.275+0000][627.191s][info ][safepoint     ] Entering safepoint region: Cleanup
[2023-11-13T02:37:17.275+0000][627.191s][info ][safepoint     ] Leaving safepoint region
[2023-11-13T02:37:17.275+0000][627.191s][info ][safepoint     ] Total time for which application threads were stopped: 0.0003828 seconds, Stopping threads took: 0.0000902 seconds
[2023-11-13T02:37:18.275+0000][628.191s][debug][safepoint     ] Safepoint synchronization initiated. (226 threads)
[2023-11-13T02:37:18.275+0000][628.191s][info ][safepoint     ] Application time: 1.0001662 seconds
[2023-11-13T02:37:18.275+0000][628.191s][info ][safepoint     ] Entering safepoint region: Cleanup
[2023-11-13T02:37:18.276+0000][628.192s][info ][safepoint     ] Leaving safepoint region
[2023-11-13T02:37:18.276+0000][628.192s][info ][safepoint     ] Total time for which application threads were stopped: 0.0004099 seconds, Stopping threads took: 0.0000961 seconds
[2023-11-13T02:37:19.281+0000][629.197s][debug][safepoint     ] Safepoint synchronization initiated. (226 threads)
[2023-11-13T02:37:19.281+0000][629.197s][info ][safepoint     ] Application time: 1.0051598 seconds
[2023-11-13T02:37:19.281+0000][629.197s][info ][safepoint     ] Entering safepoint region: Cleanup
[2023-11-13T02:37:19.282+0000][629.197s][info ][safepoint     ] Leaving safepoint region
[2023-11-13T02:37:19.282+0000][629.197s][info ][safepoint     ] Total time for which application threads were stopped: 0.0005177 seconds, Stopping threads took: 0.0000877 seconds
[2023-11-13T02:37:20.282+0000][630.198s][debug][safepoint     ] Safepoint synchronization initiated. (226 threads)
[2023-11-13T02:37:20.282+0000][630.198s][info ][safepoint     ] Application time: 1.0001621 seconds
[2023-11-13T02:37:20.282+0000][630.198s][info ][safepoint     ] Entering safepoint region: Cleanup
[2023-11-13T02:37:20.282+0000][630.198s][info ][safepoint     ] Leaving safepoint region
[2023-11-13T02:37:20.282+0000][630.198s][info ][safepoint     ] Total time for which application threads were stopped: 0.0004670 seconds, Stopping threads took: 0.0000937 seconds
[2023-11-13T02:37:21.283+0000][631.199s][debug][safepoint     ] Safepoint synchronization initiated. (226 threads)
[2023-11-13T02:37:21.283+0000][631.199s][info ][safepoint     ] Application time: 1.0007175 seconds
[2023-11-13T02:37:21.283+0000][631.199s][info ][safepoint     ] Entering safepoint region: Cleanup
[2023-11-13T02:37:21.283+0000][631.199s][info ][safepoint     ] Leaving safepoint region
[2023-11-13T02:37:21.283+0000][631.199s][info ][safepoint     ] Total time for which application threads were stopped: 0.0003456 seconds, Stopping threads took: 0.0001142 seconds
[2023-11-13T02:37:22.283+0000][632.199s][debug][safepoint     ] Safepoint synchronization initiated. (226 threads)
[2023-11-13T02:37:22.283+0000][632.199s][info ][safepoint     ] Application time: 1.0001690 seconds
[2023-11-13T02:37:22.284+0000][632.199s][info ][safepoint     ] Entering safepoint region: Cleanup
[2023-11-13T02:37:22.284+0000][632.200s][info ][safepoint     ] Leaving safepoint region
[2023-11-13T02:37:22.284+0000][632.200s][info ][safepoint     ] Total time for which application threads were stopped: 0.0003852 seconds, Stopping threads took: 0.0000914 seconds
[2023-11-13T02:37:23.284+0000][633.200s][debug][safepoint     ] Safepoint synchronization initiated. (226 threads)
[2023-11-13T02:37:23.284+0000][633.200s][info ][safepoint     ] Application time: 1.0001622 seconds
[2023-11-13T02:37:23.284+0000][633.200s][info ][safepoint     ] Entering safepoint region: Cleanup
[2023-11-13T02:37:23.284+0000][633.200s][info ][safepoint     ] Leaving safepoint region
[2023-11-13T02:37:23.284+0000][633.200s][info ][safepoint     ] Total time for which application threads were stopped: 0.0003785 seconds, Stopping threads took: 0.0000860 seconds
[2023-11-13T02:37:24.285+0000][634.200s][debug][safepoint     ] Safepoint synchronization initiated. (226 threads)
[2023-11-13T02:37:24.285+0000][634.201s][info ][safepoint     ] Application time: 1.0001922 seconds
[2023-11-13T02:37:24.285+0000][634.201s][info ][safepoint     ] Entering safepoint region: Cleanup
[2023-11-13T02:37:24.285+0000][634.201s][info ][safepoint     ] Leaving safepoint region
[2023-11-13T02:37:24.285+0000][634.201s][info ][safepoint     ] Total time for which application threads were stopped: 0.0004070 seconds, Stopping threads took: 0.0000901 seconds
[2023-11-13T02:37:25.285+0000][635.201s][debug][safepoint     ] Safepoint synchronization initiated. (226 threads)
[2023-11-13T02:37:25.285+0000][635.201s][info ][safepoint     ] Application time: 1.0001739 seconds
[2023-11-13T02:37:25.285+0000][635.201s][info ][safepoint     ] Entering safepoint region: Cleanup
[2023-11-13T02:37:25.286+0000][635.202s][info ][safepoint     ] Leaving safepoint region
[2023-11-13T02:37:25.286+0000][635.202s][info ][safepoint     ] Total time for which application threads were stopped: 0.0003812 seconds, Stopping threads took: 0.0000908 seconds
[2023-11-13T02:37:26.286+0000][636.202s][debug][safepoint     ] Safepoint synchronization initiated. (226 threads)
[2023-11-13T02:37:26.286+0000][636.202s][info ][safepoint     ] Application time: 1.0001676 seconds
[2023-11-13T02:37:26.286+0000][636.202s][info ][safepoint     ] Entering safepoint region: Cleanup
[2023-11-13T02:37:26.286+0000][636.202s][info ][safepoint     ] Leaving safepoint region
[2023-11-13T02:37:26.286+0000][636.202s][info ][safepoint     ] Total time for which application threads were stopped: 0.0005383 seconds, Stopping threads took: 0.0001162 seconds
[2023-11-13T02:37:27.287+0000][637.202s][debug][safepoint     ] Safepoint synchronization initiated. (226 threads)
[2023-11-13T02:37:27.287+0000][637.202s][info ][safepoint     ] Application time: 1.0001721 seconds
[2023-11-13T02:37:27.287+0000][637.203s][info ][safepoint     ] Entering safepoint region: Cleanup
[2023-11-13T02:37:27.287+0000][637.203s][info ][safepoint     ] Leaving safepoint region
[2023-11-13T02:37:27.287+0000][637.203s][info ][safepoint     ] Total time for which application threads were stopped: 0.0003836 seconds, Stopping threads took: 0.0000899 seconds
[2023-11-13T02:37:28.287+0000][638.203s][debug][safepoint     ] Safepoint synchronization initiated. (226 threads)
[2023-11-13T02:37:28.287+0000][638.203s][info ][safepoint     ] Application time: 1.0001726 seconds
[2023-11-13T02:37:28.287+0000][638.203s][info ][safepoint     ] Entering safepoint region: Cleanup
[2023-11-13T02:37:28.288+0000][638.204s][info ][safepoint     ] Leaving safepoint region
[2023-11-13T02:37:28.288+0000][638.204s][info ][safepoint     ] Total time for which application threads were stopped: 0.0005339 seconds, Stopping threads took: 0.0000907 seconds
[2023-11-13T02:37:29.288+0000][639.204s][debug][safepoint     ] Safepoint synchronization initiated. (226 threads)
[2023-11-13T02:37:29.288+0000][639.204s][info ][safepoint     ] Application time: 1.0001679 seconds
[2023-11-13T02:37:29.288+0000][639.204s][info ][safepoint     ] Entering safepoint region: Cleanup
[2023-11-13T02:37:29.288+0000][639.204s][info ][safepoint     ] Leaving safepoint region
[2023-11-13T02:37:29.289+0000][639.204s][info ][safepoint     ] Total time for which application threads were stopped: 0.0005375 seconds, Stopping threads took: 0.0000894 seconds
[2023-11-13T02:37:30.289+0000][640.204s][debug][safepoint     ] Safepoint synchronization initiated. (226 threads)
[2023-11-13T02:37:30.289+0000][640.205s][info ][safepoint     ] Application time: 1.0001857 seconds
[2023-11-13T02:37:30.289+0000][640.205s][info ][safepoint     ] Entering safepoint region: Cleanup
[2023-11-13T02:37:30.289+0000][640.205s][info ][safepoint     ] Leaving safepoint region
[2023-11-13T02:37:30.289+0000][640.205s][info ][safepoint     ] Total time for which application threads were stopped: 0.0005958 seconds, Stopping threads took: 0.0001017 seconds
[2023-11-13T02:37:31.289+0000][641.205s][debug][safepoint     ] Safepoint synchronization initiated. (226 threads)
[2023-11-13T02:37:31.290+0000][641.205s][info ][safepoint     ] Application time: 1.0001619 seconds
[2023-11-13T02:37:31.290+0000][641.205s][info ][safepoint     ] Entering safepoint region: Cleanup
[2023-11-13T02:37:31.290+0000][641.206s][info ][safepoint     ] Leaving safepoint region
[2023-11-13T02:37:31.290+0000][641.206s][info ][safepoint     ] Total time for which application threads were stopped: 0.0005818 seconds, Stopping threads took: 0.0000975 seconds
[2023-11-13T02:37:32.290+0000][642.206s][debug][safepoint     ] Safepoint synchronization initiated. (226 threads)
[2023-11-13T02:37:32.290+0000][642.206s][info ][safepoint     ] Application time: 1.0001713 seconds
[2023-11-13T02:37:32.290+0000][642.206s][info ][safepoint     ] Entering safepoint region: Cleanup
[2023-11-13T02:37:32.291+0000][642.207s][info ][safepoint     ] Leaving safepoint region
[2023-11-13T02:37:32.291+0000][642.207s][info ][safepoint     ] Total time for which application threads were stopped: 0.0005321 seconds, Stopping threads took: 0.0000864 seconds
[2023-11-13T02:37:33.291+0000][643.207s][debug][safepoint     ] Safepoint synchronization initiated. (226 threads)
[2023-11-13T02:37:33.291+0000][643.207s][info ][safepoint     ] Application time: 1.0001747 seconds
[2023-11-13T02:37:33.291+0000][643.207s][info ][safepoint     ] Entering safepoint region: Cleanup
[2023-11-13T02:37:33.292+0000][643.207s][info ][safepoint     ] Leaving safepoint region
[2023-11-13T02:37:33.292+0000][643.207s][info ][safepoint     ] Total time for which application threads were stopped: 0.0005233 seconds, Stopping threads took: 0.0000849 seconds
[2023-11-13T02:37:34.292+0000][644.208s][debug][safepoint     ] Safepoint synchronization initiated. (226 threads)
[2023-11-13T02:37:34.292+0000][644.208s][info ][safepoint     ] Application time: 1.0001642 seconds
[2023-11-13T02:37:34.292+0000][644.208s][info ][safepoint     ] Entering safepoint region: Cleanup
[2023-11-13T02:37:34.292+0000][644.208s][info ][safepoint     ] Leaving safepoint region
[2023-11-13T02:37:34.292+0000][644.208s][info ][safepoint     ] Total time for which application threads were stopped: 0.0005699 seconds, Stopping threads took: 0.0000984 seconds
[2023-11-13T02:37:35.292+0000][645.208s][debug][safepoint     ] Safepoint synchronization initiated. (227 threads)
[2023-11-13T02:37:35.293+0000][645.208s][info ][safepoint     ] Application time: 1.0001575 seconds
[2023-11-13T02:37:35.293+0000][645.208s][info ][safepoint     ] Entering safepoint region: Cleanup
[2023-11-13T02:37:35.293+0000][645.209s][info ][safepoint     ] Leaving safepoint region
[2023-11-13T02:37:35.293+0000][645.209s][info ][safepoint     ] Total time for which application threads were stopped: 0.0005544 seconds, Stopping threads took: 0.0000851 seconds
[2023-11-13T02:37:36.295+0000][646.210s][debug][safepoint     ] Safepoint synchronization initiated. (227 threads)
[2023-11-13T02:37:36.295+0000][646.210s][info ][safepoint     ] Application time: 1.0015067 seconds
[2023-11-13T02:37:36.295+0000][646.211s][info ][safepoint     ] Entering safepoint region: Cleanup
[2023-11-13T02:37:36.295+0000][646.211s][info ][safepoint     ] Leaving safepoint region
[2023-11-13T02:37:36.295+0000][646.211s][info ][safepoint     ] Total time for which application threads were stopped: 0.0005289 seconds, Stopping threads took: 0.0000899 seconds
[2023-11-13T02:37:37.295+0000][647.211s][debug][safepoint     ] Safepoint synchronization initiated. (227 threads)
[2023-11-13T02:37:37.295+0000][647.211s][info ][safepoint     ] Application time: 1.0001733 seconds
[2023-11-13T02:37:37.295+0000][647.211s][info ][safepoint     ] Entering safepoint region: Cleanup
[2023-11-13T02:37:37.296+0000][647.212s][info ][safepoint     ] Leaving safepoint region
[2023-11-13T02:37:37.296+0000][647.212s][info ][safepoint     ] Total time for which application threads were stopped: 0.0005748 seconds, Stopping threads took: 0.0000966 seconds
[2023-11-13T02:37:38.296+0000][648.212s][debug][safepoint     ] Safepoint synchronization initiated. (227 threads)
[2023-11-13T02:37:38.297+0000][648.213s][info ][safepoint     ] Application time: 1.0009849 seconds
[2023-11-13T02:37:38.297+0000][648.213s][debug][safepoint     ] ... found polling page return exception at pc = 0x00007f76a11a48c2, stub =0x00007f7698841800
[2023-11-13T02:37:38.297+0000][648.213s][debug][safepoint     ] ... found polling page return exception at pc = 0x00007f76a0616dbb, stub =0x00007f7698841800
[2023-11-13T02:37:38.297+0000][648.213s][debug][safepoint     ] Waiting for 2 thread(s) to block
[2023-11-13T02:37:38.298+0000][648.214s][info ][safepoint     ] Entering safepoint region: Cleanup
[2023-11-13T02:37:38.298+0000][648.214s][info ][safepoint     ] Leaving safepoint region
[2023-11-13T02:37:38.298+0000][648.214s][info ][safepoint     ] Total time for which application threads were stopped: 0.0013499 seconds, Stopping threads took: 0.0008141 seconds
[2023-11-13T02:37:39.302+0000][649.218s][debug][safepoint     ] Safepoint synchronization initiated. (227 threads)
[2023-11-13T02:37:39.302+0000][649.218s][info ][safepoint     ] Application time: 1.0036829 seconds
[2023-11-13T02:37:39.302+0000][649.218s][info ][safepoint     ] Entering safepoint region: Cleanup
[2023-11-13T02:37:39.303+0000][649.218s][info ][safepoint     ] Leaving safepoint region
[2023-11-13T02:37:39.303+0000][649.218s][info ][safepoint     ] Total time for which application threads were stopped: 0.0005474 seconds, Stopping threads took: 0.0001059 seconds
[2023-11-13T02:37:40.303+0000][650.219s][debug][safepoint     ] Safepoint synchronization initiated. (227 threads)
[2023-11-13T02:37:40.303+0000][650.219s][info ][safepoint     ] Application time: 1.0001457 seconds
[2023-11-13T02:37:40.303+0000][650.219s][info ][safepoint     ] Entering safepoint region: Cleanup
[2023-11-13T02:37:40.303+0000][650.219s][info ][safepoint     ] Leaving safepoint region
[2023-11-13T02:37:40.303+0000][650.219s][info ][safepoint     ] Total time for which application threads were stopped: 0.0004834 seconds, Stopping threads took: 0.0000809 seconds
[2023-11-13T02:37:41.305+0000][651.221s][debug][safepoint     ] Safepoint synchronization initiated. (227 threads)
[2023-11-13T02:37:41.305+0000][651.221s][info ][safepoint     ] Application time: 1.0014648 seconds
[2023-11-13T02:37:41.305+0000][651.221s][info ][safepoint     ] Entering safepoint region: Cleanup
[2023-11-13T02:37:41.305+0000][651.221s][info ][safepoint     ] Leaving safepoint region
[2023-11-13T02:37:41.305+0000][651.221s][info ][safepoint     ] Total time for which application threads were stopped: 0.0005223 seconds, Stopping threads took: 0.0000891 seconds
[2023-11-13T02:37:42.305+0000][652.221s][debug][safepoint     ] Safepoint synchronization initiated. (227 threads)
[2023-11-13T02:37:42.305+0000][652.221s][info ][safepoint     ] Application time: 1.0001733 seconds
[2023-11-13T02:37:42.306+0000][652.221s][info ][safepoint     ] Entering safepoint region: Cleanup
[2023-11-13T02:37:42.306+0000][652.222s][info ][safepoint     ] Leaving safepoint region
[2023-11-13T02:37:42.306+0000][652.222s][info ][safepoint     ] Total time for which application threads were stopped: 0.0004462 seconds, Stopping threads took: 0.0000945 seconds
[2023-11-13T02:37:43.306+0000][653.222s][debug][safepoint     ] Safepoint synchronization initiated. (227 threads)
[2023-11-13T02:37:43.306+0000][653.222s][info ][safepoint     ] Application time: 1.0001466 seconds
[2023-11-13T02:37:43.306+0000][653.222s][info ][safepoint     ] Entering safepoint region: Cleanup
[2023-11-13T02:37:43.306+0000][653.222s][info ][safepoint     ] Leaving safepoint region
[2023-11-13T02:37:43.307+0000][653.223s][info ][safepoint     ] Total time for which application threads were stopped: 0.0005661 seconds, Stopping threads took: 0.0000731 seconds
[2023-11-13T02:37:44.307+0000][654.223s][debug][safepoint     ] Safepoint synchronization initiated. (227 threads)
[2023-11-13T02:37:44.307+0000][654.223s][info ][safepoint     ] Application time: 1.0005066 seconds
[2023-11-13T02:37:44.308+0000][654.223s][info ][safepoint     ] Entering safepoint region: Cleanup
[2023-11-13T02:37:44.308+0000][654.224s][info ][safepoint     ] Leaving safepoint region
[2023-11-13T02:37:44.308+0000][654.224s][info ][safepoint     ] Total time for which application threads were stopped: 0.0007622 seconds, Stopping threads took: 0.0000828 seconds
[2023-11-13T02:37:45.308+0000][655.224s][debug][safepoint     ] Safepoint synchronization initiated. (227 threads)
[2023-11-13T02:37:45.308+0000][655.224s][info ][safepoint     ] Application time: 1.0001823 seconds
[2023-11-13T02:37:45.309+0000][655.224s][info ][safepoint     ] Entering safepoint region: Cleanup
[2023-11-13T02:37:45.310+0000][655.225s][info ][safepoint     ] Leaving safepoint region
[2023-11-13T02:37:45.310+0000][655.225s][info ][safepoint     ] Total time for which application threads were stopped: 0.0011094 seconds, Stopping threads took: 0.0007120 seconds
[2023-11-13T02:37:46.310+0000][656.226s][debug][safepoint     ] Safepoint synchronization initiated. (227 threads)
[2023-11-13T02:37:46.310+0000][656.226s][info ][safepoint     ] Application time: 1.0001819 seconds
[2023-11-13T02:37:46.310+0000][656.226s][info ][safepoint     ] Entering safepoint region: Cleanup
[2023-11-13T02:37:46.310+0000][656.226s][info ][safepoint     ] Leaving safepoint region
[2023-11-13T02:37:46.310+0000][656.226s][info ][safepoint     ] Total time for which application threads were stopped: 0.0004528 seconds, Stopping threads took: 0.0000920 seconds
[2023-11-13T02:37:47.312+0000][657.228s][debug][safepoint     ] Safepoint synchronization initiated. (227 threads)
[2023-11-13T02:37:47.312+0000][657.228s][info ][safepoint     ] Application time: 1.0019741 seconds
[2023-11-13T02:37:47.312+0000][657.228s][info ][safepoint     ] Entering safepoint region: Cleanup
[2023-11-13T02:37:47.313+0000][657.229s][info ][safepoint     ] Leaving safepoint region
[2023-11-13T02:37:47.313+0000][657.229s][info ][safepoint     ] Total time for which application threads were stopped: 0.0007685 seconds, Stopping threads took: 0.0000887 seconds
[2023-11-13T02:37:47.567+0000][657.483s][debug][safepoint     ] Safepoint synchronization initiated. (227 threads)
[2023-11-13T02:37:47.567+0000][657.483s][info ][safepoint     ] Application time: 0.2541318 seconds
[2023-11-13T02:37:47.567+0000][657.483s][info ][safepoint     ] Entering safepoint region: G1CollectForAllocation
[2023-11-13T02:37:47.568+0000][657.483s][info ][safepoint     ] Leaving safepoint region
[2023-11-13T02:37:47.568+0000][657.483s][info ][safepoint     ] Total time for which application threads were stopped: 0.0004312 seconds, Stopping threads took: 0.0000957 seconds
[2023-11-13T02:37:47.568+0000][657.484s][debug][safepoint     ] Safepoint synchronization initiated. (227 threads)
[2023-11-13T02:37:47.568+0000][657.484s][info ][safepoint     ] Application time: 0.0005945 seconds
[2023-11-13T02:37:47.568+0000][657.484s][info ][safepoint     ] Entering safepoint region: G1CollectForAllocation
[2023-11-13T02:37:47.569+0000][657.484s][info ][gc,start      ] GC(49) Pause Young (Normal) (GCLocker Initiated GC)
[2023-11-13T02:37:47.569+0000][657.484s][info ][gc,task       ] GC(49) Using 6 workers of 6 for evacuation
[2023-11-13T02:37:47.618+0000][657.534s][info ][gc,phases     ] GC(49)   Pre Evacuate Collection Set: 0.1ms
[2023-11-13T02:37:47.618+0000][657.534s][info ][gc,phases     ] GC(49)   Evacuate Collection Set: 39.1ms
[2023-11-13T02:37:47.618+0000][657.534s][info ][gc,phases     ] GC(49)   Post Evacuate Collection Set: 9.8ms
[2023-11-13T02:37:47.619+0000][657.534s][info ][gc,phases     ] GC(49)   Other: 0.5ms
[2023-11-13T02:37:47.619+0000][657.534s][info ][gc,heap       ] GC(49) Eden regions: 399->0(405)
[2023-11-13T02:37:47.619+0000][657.534s][info ][gc,heap       ] GC(49) Survivor regions: 14->8(52)
[2023-11-13T02:37:47.619+0000][657.534s][info ][gc,heap       ] GC(49) Old regions: 144->151
[2023-11-13T02:37:47.619+0000][657.534s][info ][gc,heap       ] GC(49) Humongous regions: 0->0
[2023-11-13T02:37:47.619+0000][657.534s][info ][gc,metaspace  ] GC(49) Metaspace: 164350K(169816K)->164350K(169816K) NonClass: 145412K(148696K)->145412K(148696K) Class: 18937K(21120K)->18937K(21120K)
[2023-11-13T02:37:47.619+0000][657.535s][info ][gc            ] GC(49) Pause Young (Normal) (GCLocker Initiated GC) 555M->156M(689M) 50.137ms
[2023-11-13T02:37:47.619+0000][657.535s][info ][gc,cpu        ] GC(49) User=0.09s Sys=0.01s Real=0.05s
[2023-11-13T02:37:47.619+0000][657.535s][info ][safepoint     ] Leaving safepoint region
[2023-11-13T02:37:47.619+0000][657.535s][info ][safepoint     ] Total time for which application threads were stopped: 0.0506044 seconds, Stopping threads took: 0.0000420 seconds
[2023-11-13T02:37:47.625+0000][657.541s][info ][gc,stringdedup] Concurrent String Deduplication (657.541s)
[2023-11-13T02:37:47.625+0000][657.541s][info ][gc,stringdedup] Concurrent String Deduplication 96.0B->96.0B(0.0B) avg 53.7% (657.541s, 657.541s) 0.091ms
[2023-11-13T02:37:48.619+0000][658.535s][debug][safepoint     ] Safepoint synchronization initiated. (227 threads)
[2023-11-13T02:37:48.619+0000][658.535s][info ][safepoint     ] Application time: 1.0002183 seconds
[2023-11-13T02:37:48.619+0000][658.535s][info ][safepoint     ] Entering safepoint region: Cleanup
[2023-11-13T02:37:48.620+0000][658.535s][info ][safepoint     ] Leaving safepoint region
[2023-11-13T02:37:48.620+0000][658.535s][info ][safepoint     ] Total time for which application threads were stopped: 0.0004806 seconds, Stopping threads took: 0.0001225 seconds
[2023-11-13T02:37:49.620+0000][659.536s][debug][safepoint     ] Safepoint synchronization initiated. (227 threads)
[2023-11-13T02:37:49.620+0000][659.536s][info ][safepoint     ] Application time: 1.0001715 seconds
[2023-11-13T02:37:49.620+0000][659.536s][info ][safepoint     ] Entering safepoint region: Cleanup
[2023-11-13T02:37:49.620+0000][659.536s][info ][safepoint     ] Leaving safepoint region
[2023-11-13T02:37:49.620+0000][659.536s][info ][safepoint     ] Total time for which application threads were stopped: 0.0004030 seconds, Stopping threads took: 0.0000997 seconds
[2023-11-13T02:37:50.620+0000][660.536s][debug][safepoint     ] Safepoint synchronization initiated. (227 threads)
[2023-11-13T02:37:50.620+0000][660.536s][info ][safepoint     ] Application time: 1.0002577 seconds
[2023-11-13T02:37:50.621+0000][660.536s][info ][safepoint     ] Entering safepoint region: Cleanup
[2023-11-13T02:37:50.621+0000][660.537s][info ][safepoint     ] Leaving safepoint region
[2023-11-13T02:37:50.622+0000][660.538s][info ][safepoint     ] Total time for which application threads were stopped: 0.0012495 seconds, Stopping threads took: 0.0001423 seconds
[2023-11-13T02:37:51.622+0000][661.538s][debug][safepoint     ] Safepoint synchronization initiated. (227 threads)
[2023-11-13T02:37:51.622+0000][661.538s][info ][safepoint     ] Application time: 1.0002511 seconds
[2023-11-13T02:37:51.622+0000][661.538s][info ][safepoint     ] Entering safepoint region: Cleanup
[2023-11-13T02:37:51.623+0000][661.538s][info ][safepoint     ] Leaving safepoint region
[2023-11-13T02:37:51.623+0000][661.538s][info ][safepoint     ] Total time for which application threads were stopped: 0.0005133 seconds, Stopping threads took: 0.0001204 seconds
[2023-11-13T02:37:52.623+0000][662.539s][debug][safepoint     ] Safepoint synchronization initiated. (227 threads)
[2023-11-13T02:37:52.623+0000][662.539s][info ][safepoint     ] Application time: 1.0002310 seconds
[2023-11-13T02:37:52.623+0000][662.539s][info ][safepoint     ] Entering safepoint region: Cleanup
[2023-11-13T02:37:52.623+0000][662.539s][info ][safepoint     ] Leaving safepoint region
[2023-11-13T02:37:52.623+0000][662.539s][info ][safepoint     ] Total time for which application threads were stopped: 0.0005019 seconds, Stopping threads took: 0.0001096 seconds
[2023-11-13T02:37:53.625+0000][663.541s][debug][safepoint     ] Safepoint synchronization initiated. (227 threads)
[2023-11-13T02:37:53.625+0000][663.541s][info ][safepoint     ] Application time: 1.0013723 seconds
[2023-11-13T02:37:53.625+0000][663.541s][info ][safepoint     ] Entering safepoint region: Cleanup
[2023-11-13T02:37:53.625+0000][663.541s][info ][safepoint     ] Leaving safepoint region
[2023-11-13T02:37:53.625+0000][663.541s][info ][safepoint     ] Total time for which application threads were stopped: 0.0004289 seconds, Stopping threads took: 0.0001139 seconds
[2023-11-13T02:37:54.625+0000][664.541s][debug][safepoint     ] Safepoint synchronization initiated. (227 threads)
[2023-11-13T02:37:54.626+0000][664.542s][info ][safepoint     ] Application time: 1.0011500 seconds
[2023-11-13T02:37:54.627+0000][664.543s][info ][safepoint     ] Entering safepoint region: Cleanup
[2023-11-13T02:37:54.628+0000][664.544s][info ][safepoint     ] Leaving safepoint region
[2023-11-13T02:37:54.629+0000][664.545s][info ][safepoint     ] Total time for which application threads were stopped: 0.0017245 seconds, Stopping threads took: 0.0005860 seconds
[2023-11-13T02:37:54.628+0000][664.544s][debug][safepoint     ] ... found polling page return exception at pc = 0x00007f76a0bcdf6a, stub =0x00007f7698841800
[2023-11-13T02:37:55.631+0000][665.547s][debug][safepoint     ] Safepoint synchronization initiated. (227 threads)
[2023-11-13T02:37:55.631+0000][665.547s][info ][safepoint     ] Application time: 1.0022122 seconds
[2023-11-13T02:37:55.632+0000][665.547s][info ][safepoint     ] Entering safepoint region: Cleanup
[2023-11-13T02:37:55.634+0000][665.550s][info ][safepoint     ] Leaving safepoint region
[2023-11-13T02:37:55.634+0000][665.550s][info ][safepoint     ] Total time for which application threads were stopped: 0.0029080 seconds, Stopping threads took: 0.0001488 seconds
[2023-11-13T02:37:56.639+0000][666.555s][debug][safepoint     ] Safepoint synchronization initiated. (227 threads)
[2023-11-13T02:37:56.640+0000][666.555s][info ][safepoint     ] Application time: 1.0051129 seconds
[2023-11-13T02:37:56.640+0000][666.555s][info ][safepoint     ] Entering safepoint region: Cleanup
[2023-11-13T02:37:56.642+0000][666.558s][info ][safepoint     ] Leaving safepoint region
[2023-11-13T02:37:56.642+0000][666.558s][info ][safepoint     ] Total time for which application threads were stopped: 0.0025282 seconds, Stopping threads took: 0.0001191 seconds
[2023-11-13T02:37:57.646+0000][667.562s][debug][safepoint     ] Safepoint synchronization initiated. (227 threads)
[2023-11-13T02:37:57.646+0000][667.562s][info ][safepoint     ] Application time: 1.0038989 seconds
[2023-11-13T02:37:57.646+0000][667.562s][info ][safepoint     ] Entering safepoint region: Cleanup
[2023-11-13T02:37:57.646+0000][667.562s][info ][safepoint     ] Leaving safepoint region
[2023-11-13T02:37:57.646+0000][667.562s][info ][safepoint     ] Total time for which application threads were stopped: 0.0004781 seconds, Stopping threads took: 0.0000928 seconds
[2023-11-13T02:37:58.648+0000][668.564s][debug][safepoint     ] Safepoint synchronization initiated. (227 threads)
[2023-11-13T02:37:58.648+0000][668.564s][info ][safepoint     ] Application time: 1.0017756 seconds
[2023-11-13T02:37:58.648+0000][668.564s][info ][safepoint     ] Entering safepoint region: Cleanup
[2023-11-13T02:37:58.649+0000][668.565s][info ][safepoint     ] Leaving safepoint region
[2023-11-13T02:37:58.649+0000][668.565s][info ][safepoint     ] Total time for which application threads were stopped: 0.0005954 seconds, Stopping threads took: 0.0000920 seconds
[2023-11-13T02:37:59.650+0000][669.566s][debug][safepoint     ] Safepoint synchronization initiated. (227 threads)
[2023-11-13T02:37:59.650+0000][669.566s][info ][safepoint     ] Application time: 1.0010436 seconds
[2023-11-13T02:37:59.650+0000][669.566s][info ][safepoint     ] Entering safepoint region: Cleanup
[2023-11-13T02:37:59.651+0000][669.566s][info ][safepoint     ] Leaving safepoint region
[2023-11-13T02:37:59.651+0000][669.566s][info ][safepoint     ] Total time for which application threads were stopped: 0.0005958 seconds, Stopping threads took: 0.0000935 seconds
[2023-11-13T02:38:00.651+0000][670.567s][debug][safepoint     ] Safepoint synchronization initiated. (227 threads)
[2023-11-13T02:38:00.651+0000][670.567s][info ][safepoint     ] Application time: 1.0004366 seconds
[2023-11-13T02:38:00.651+0000][670.567s][info ][safepoint     ] Entering safepoint region: Cleanup
[2023-11-13T02:38:00.652+0000][670.568s][info ][safepoint     ] Leaving safepoint region
[2023-11-13T02:38:00.652+0000][670.568s][info ][safepoint     ] Total time for which application threads were stopped: 0.0007181 seconds, Stopping threads took: 0.0002755 seconds
[2023-11-13T02:38:01.652+0000][671.568s][debug][safepoint     ] Safepoint synchronization initiated. (227 threads)
[2023-11-13T02:38:01.652+0000][671.568s][info ][safepoint     ] Application time: 1.0001760 seconds
[2023-11-13T02:38:01.652+0000][671.568s][info ][safepoint     ] Entering safepoint region: Cleanup
[2023-11-13T02:38:01.653+0000][671.569s][info ][safepoint     ] Leaving safepoint region
[2023-11-13T02:38:01.653+0000][671.569s][debug][safepoint     ] ... found polling page return exception at pc = 0x00007f76a11609df, stub =0x00007f7698841800
[2023-11-13T02:38:01.653+0000][671.569s][info ][safepoint     ] Total time for which application threads were stopped: 0.0003354 seconds, Stopping threads took: 0.0000862 seconds
[2023-11-13T02:38:02.653+0000][672.569s][debug][safepoint     ] Safepoint synchronization initiated. (227 threads)
[2023-11-13T02:38:02.653+0000][672.569s][info ][safepoint     ] Application time: 1.0004220 seconds
[2023-11-13T02:38:02.654+0000][672.569s][info ][safepoint     ] Entering safepoint region: Cleanup
[2023-11-13T02:38:02.655+0000][672.570s][info ][safepoint     ] Leaving safepoint region
[2023-11-13T02:38:02.655+0000][672.570s][info ][safepoint     ] Total time for which application threads were stopped: 0.0010958 seconds, Stopping threads took: 0.0001103 seconds
[2023-11-13T02:38:03.437+0000][673.353s][debug][safepoint     ] Safepoint synchronization initiated. (227 threads)
[2023-11-13T02:38:03.437+0000][673.353s][info ][safepoint     ] Application time: 0.7821008 seconds
[2023-11-13T02:38:03.437+0000][673.353s][debug][safepoint     ] ... found polling page loop exception at pc = 0x00007f76a11c45e8, stub =0x00007f7698841b00
[2023-11-13T02:38:03.437+0000][673.353s][debug][safepoint     ] Waiting for 3 thread(s) to block
[2023-11-13T02:38:03.438+0000][673.353s][info ][safepoint     ] Entering safepoint region: G1CollectForAllocation
[2023-11-13T02:38:03.438+0000][673.354s][info ][gc,start      ] GC(50) Pause Young (Normal) (G1 Evacuation Pause)
[2023-11-13T02:38:03.438+0000][673.354s][info ][gc,task       ] GC(50) Using 6 workers of 6 for evacuation
[2023-11-13T02:38:03.477+0000][673.393s][info ][gc,phases     ] GC(50)   Pre Evacuate Collection Set: 0.0ms
[2023-11-13T02:38:03.485+0000][673.401s][info ][gc,phases     ] GC(50)   Evacuate Collection Set: 11.1ms
[2023-11-13T02:38:03.485+0000][673.401s][info ][gc,phases     ] GC(50)   Post Evacuate Collection Set: 27.7ms
[2023-11-13T02:38:03.485+0000][673.401s][info ][gc,phases     ] GC(50)   Other: 0.4ms
[2023-11-13T02:38:03.485+0000][673.401s][info ][gc,heap       ] GC(50) Eden regions: 405->0(407)
[2023-11-13T02:38:03.485+0000][673.401s][info ][gc,heap       ] GC(50) Survivor regions: 8->6(52)
[2023-11-13T02:38:03.485+0000][673.401s][info ][gc,heap       ] GC(50) Old regions: 151->153
[2023-11-13T02:38:03.485+0000][673.401s][info ][gc,heap       ] GC(50) Humongous regions: 0->0
[2023-11-13T02:38:03.485+0000][673.401s][info ][gc,metaspace  ] GC(50) Metaspace: 164372K(169816K)->164372K(169816K) NonClass: 145435K(148696K)->145435K(148696K) Class: 18937K(21120K)->18937K(21120K)
[2023-11-13T02:38:03.485+0000][673.401s][info ][gc            ] GC(50) Pause Young (Normal) (G1 Evacuation Pause) 561M->157M(689M) 47.077ms
[2023-11-13T02:38:03.485+0000][673.401s][info ][gc,cpu        ] GC(50) User=0.08s Sys=0.00s Real=0.04s
[2023-11-13T02:38:03.485+0000][673.401s][info ][safepoint     ] Leaving safepoint region
[2023-11-13T02:38:03.485+0000][673.401s][info ][safepoint     ] Total time for which application threads were stopped: 0.0484181 seconds, Stopping threads took: 0.0008686 seconds
[2023-11-13T02:38:03.485+0000][673.401s][info ][gc,stringdedup] Concurrent String Deduplication (673.401s)
[2023-11-13T02:38:03.485+0000][673.401s][info ][gc,stringdedup] Concurrent String Deduplication 1000.0B->552.0B(448.0B) avg 53.7% (673.401s, 673.401s) 0.062ms
[2023-11-13T02:38:04.485+0000][674.401s][debug][safepoint     ] Safepoint synchronization initiated. (227 threads)
[2023-11-13T02:38:04.485+0000][674.401s][info ][safepoint     ] Application time: 1.0002695 seconds
[2023-11-13T02:38:04.486+0000][674.401s][info ][safepoint     ] Entering safepoint region: Cleanup
[2023-11-13T02:38:04.486+0000][674.402s][info ][safepoint     ] Leaving safepoint region
[2023-11-13T02:38:04.486+0000][674.402s][info ][safepoint     ] Total time for which application threads were stopped: 0.0006768 seconds, Stopping threads took: 0.0001338 seconds
[2023-11-13T02:38:05.487+0000][675.403s][debug][safepoint     ] Safepoint synchronization initiated. (227 threads)
[2023-11-13T02:38:05.487+0000][675.403s][info ][safepoint     ] Application time: 1.0007628 seconds
[2023-11-13T02:38:05.487+0000][675.403s][info ][safepoint     ] Entering safepoint region: Cleanup
[2023-11-13T02:38:05.490+0000][675.406s][info ][safepoint     ] Leaving safepoint region
[2023-11-13T02:38:05.490+0000][675.406s][info ][safepoint     ] Total time for which application threads were stopped: 0.0031359 seconds, Stopping threads took: 0.0001421 seconds
[2023-11-13T02:38:06.490+0000][676.406s][debug][safepoint     ] Safepoint synchronization initiated. (227 threads)
[2023-11-13T02:38:06.490+0000][676.406s][info ][safepoint     ] Application time: 1.0002188 seconds
[2023-11-13T02:38:06.490+0000][676.406s][debug][safepoint     ] ... found polling page return exception at pc = 0x00007f76a13f84a3, stub =0x00007f7698841800
[2023-11-13T02:38:06.491+0000][676.406s][debug][safepoint     ] Waiting for 2 thread(s) to block
[2023-11-13T02:38:06.491+0000][676.407s][info ][safepoint     ] Entering safepoint region: Cleanup
[2023-11-13T02:38:06.491+0000][676.407s][info ][safepoint     ] Leaving safepoint region
[2023-11-13T02:38:06.491+0000][676.407s][info ][safepoint     ] Total time for which application threads were stopped: 0.0008704 seconds, Stopping threads took: 0.0003346 seconds
[2023-11-13T02:38:07.491+0000][677.407s][debug][safepoint     ] Safepoint synchronization initiated. (227 threads)
[2023-11-13T02:38:07.492+0000][677.407s][info ][safepoint     ] Application time: 1.0001834 seconds
[2023-11-13T02:38:07.492+0000][677.407s][info ][safepoint     ] Entering safepoint region: Cleanup
[2023-11-13T02:38:07.492+0000][677.408s][info ][safepoint     ] Leaving safepoint region
[2023-11-13T02:38:07.492+0000][677.408s][info ][safepoint     ] Total time for which application threads were stopped: 0.0003635 seconds, Stopping threads took: 0.0000904 seconds
[2023-11-13T02:38:08.492+0000][678.408s][debug][safepoint     ] Safepoint synchronization initiated. (227 threads)
[2023-11-13T02:38:08.492+0000][678.408s][info ][safepoint     ] Application time: 1.0003100 seconds
[2023-11-13T02:38:08.492+0000][678.408s][info ][safepoint     ] Entering safepoint region: Cleanup
[2023-11-13T02:38:08.493+0000][678.408s][info ][safepoint     ] Leaving safepoint region
[2023-11-13T02:38:08.493+0000][678.408s][info ][safepoint     ] Total time for which application threads were stopped: 0.0003840 seconds, Stopping threads took: 0.0000944 seconds
[2023-11-13T02:38:09.493+0000][679.409s][debug][safepoint     ] Safepoint synchronization initiated. (227 threads)
[2023-11-13T02:38:09.493+0000][679.409s][info ][safepoint     ] Application time: 1.0007757 seconds
[2023-11-13T02:38:09.494+0000][679.410s][info ][safepoint     ] Entering safepoint region: Cleanup
[2023-11-13T02:38:09.495+0000][679.411s][info ][safepoint     ] Leaving safepoint region
[2023-11-13T02:38:09.496+0000][679.411s][info ][safepoint     ] Total time for which application threads were stopped: 0.0016524 seconds, Stopping threads took: 0.0006634 seconds
[2023-11-13T02:38:10.496+0000][680.412s][debug][safepoint     ] Safepoint synchronization initiated. (227 threads)
[2023-11-13T02:38:10.496+0000][680.412s][info ][safepoint     ] Application time: 1.0002456 seconds
[2023-11-13T02:38:10.496+0000][680.412s][info ][safepoint     ] Entering safepoint region: Cleanup
[2023-11-13T02:38:10.497+0000][680.413s][info ][safepoint     ] Leaving safepoint region
[2023-11-13T02:38:10.497+0000][680.413s][info ][safepoint     ] Total time for which application threads were stopped: 0.0006265 seconds, Stopping threads took: 0.0001343 seconds
[2023-11-13T02:38:11.498+0000][681.414s][debug][safepoint     ] Safepoint synchronization initiated. (227 threads)
[2023-11-13T02:38:11.498+0000][681.414s][info ][safepoint     ] Application time: 1.0012324 seconds
[2023-11-13T02:38:11.498+0000][681.414s][info ][safepoint     ] Entering safepoint region: Cleanup
[2023-11-13T02:38:11.499+0000][681.415s][info ][safepoint     ] Leaving safepoint region
[2023-11-13T02:38:11.499+0000][681.415s][info ][safepoint     ] Total time for which application threads were stopped: 0.0008651 seconds, Stopping threads took: 0.0001316 seconds
[2023-11-13T02:38:12.499+0000][682.415s][debug][safepoint     ] Safepoint synchronization initiated. (227 threads)
[2023-11-13T02:38:12.499+0000][682.415s][info ][safepoint     ] Application time: 1.0002791 seconds
[2023-11-13T02:38:12.500+0000][682.415s][debug][safepoint     ] ... found polling page loop exception at pc = 0x00007f76a115e929, stub =0x00007f7698841b00
[2023-11-13T02:38:12.500+0000][682.416s][debug][safepoint     ] Waiting for 1 thread(s) to block
[2023-11-13T02:38:12.500+0000][682.416s][info ][safepoint     ] Entering safepoint region: Cleanup
[2023-11-13T02:38:12.501+0000][682.417s][info ][safepoint     ] Leaving safepoint region
[2023-11-13T02:38:12.501+0000][682.417s][info ][safepoint     ] Total time for which application threads were stopped: 0.0013375 seconds, Stopping threads took: 0.0004095 seconds
[2023-11-13T02:38:13.501+0000][683.417s][debug][safepoint     ] Safepoint synchronization initiated. (227 threads)
[2023-11-13T02:38:13.501+0000][683.417s][info ][safepoint     ] Application time: 1.0002105 seconds
[2023-11-13T02:38:13.501+0000][683.417s][info ][safepoint     ] Entering safepoint region: Cleanup
[2023-11-13T02:38:13.502+0000][683.417s][info ][safepoint     ] Leaving safepoint region
[2023-11-13T02:38:13.502+0000][683.418s][info ][safepoint     ] Total time for which application threads were stopped: 0.0005208 seconds, Stopping threads took: 0.0001139 seconds
[2023-11-13T02:38:14.502+0000][684.418s][debug][safepoint     ] Safepoint synchronization initiated. (227 threads)
[2023-11-13T02:38:14.503+0000][684.419s][info ][safepoint     ] Application time: 1.0009794 seconds
[2023-11-13T02:38:14.503+0000][684.419s][debug][safepoint     ] Waiting for 1 thread(s) to block
[2023-11-13T02:38:14.504+0000][684.420s][info ][safepoint     ] Entering safepoint region: Cleanup
[2023-11-13T02:38:14.505+0000][684.421s][info ][safepoint     ] Leaving safepoint region
[2023-11-13T02:38:14.506+0000][684.422s][info ][safepoint     ] Total time for which application threads were stopped: 0.0030850 seconds, Stopping threads took: 0.0012878 seconds
[2023-11-13T02:38:15.507+0000][685.423s][debug][safepoint     ] Safepoint synchronization initiated. (227 threads)
[2023-11-13T02:38:15.507+0000][685.423s][info ][safepoint     ] Application time: 1.0010303 seconds
[2023-11-13T02:38:15.507+0000][685.423s][info ][safepoint     ] Entering safepoint region: Cleanup
[2023-11-13T02:38:15.508+0000][685.424s][info ][safepoint     ] Leaving safepoint region
[2023-11-13T02:38:15.508+0000][685.424s][info ][safepoint     ] Total time for which application threads were stopped: 0.0006307 seconds, Stopping threads took: 0.0001265 seconds
[2023-11-13T02:38:16.508+0000][686.424s][debug][safepoint     ] Safepoint synchronization initiated. (227 threads)
[2023-11-13T02:38:16.508+0000][686.424s][info ][safepoint     ] Application time: 1.0002541 seconds
[2023-11-13T02:38:16.508+0000][686.424s][info ][safepoint     ] Entering safepoint region: Cleanup
[2023-11-13T02:38:16.509+0000][686.425s][info ][safepoint     ] Leaving safepoint region
[2023-11-13T02:38:16.509+0000][686.425s][info ][safepoint     ] Total time for which application threads were stopped: 0.0007583 seconds, Stopping threads took: 0.0001728 seconds
[2023-11-13T02:38:17.509+0000][687.425s][debug][safepoint     ] Safepoint synchronization initiated. (227 threads)
[2023-11-13T02:38:17.509+0000][687.425s][info ][safepoint     ] Application time: 1.0002339 seconds
[2023-11-13T02:38:17.509+0000][687.425s][info ][safepoint     ] Entering safepoint region: Cleanup
[2023-11-13T02:38:17.510+0000][687.426s][info ][safepoint     ] Leaving safepoint region
[2023-11-13T02:38:17.510+0000][687.426s][info ][safepoint     ] Total time for which application threads were stopped: 0.0005402 seconds, Stopping threads took: 0.0001085 seconds
[2023-11-13T02:38:18.510+0000][688.426s][debug][safepoint     ] Safepoint synchronization initiated. (227 threads)
[2023-11-13T02:38:18.510+0000][688.426s][info ][safepoint     ] Application time: 1.0002780 seconds
[2023-11-13T02:38:18.510+0000][688.426s][info ][safepoint     ] Entering safepoint region: Cleanup
[2023-11-13T02:38:18.511+0000][688.427s][info ][safepoint     ] Leaving safepoint region
[2023-11-13T02:38:18.511+0000][688.427s][info ][safepoint     ] Total time for which application threads were stopped: 0.0009597 seconds, Stopping threads took: 0.0001099 seconds
[2023-11-13T02:38:19.512+0000][689.427s][debug][safepoint     ] Safepoint synchronization initiated. (227 threads)
[2023-11-13T02:38:19.512+0000][689.428s][info ][safepoint     ] Application time: 1.0008802 seconds
[2023-11-13T02:38:19.513+0000][689.429s][info ][safepoint     ] Entering safepoint region: Cleanup
[2023-11-13T02:38:19.514+0000][689.429s][info ][safepoint     ] Leaving safepoint region
[2023-11-13T02:38:19.514+0000][689.430s][info ][safepoint     ] Total time for which application threads were stopped: 0.0012052 seconds, Stopping threads took: 0.0004252 seconds
[2023-11-13T02:38:20.514+0000][690.430s][debug][safepoint     ] Safepoint synchronization initiated. (227 threads)
[2023-11-13T02:38:20.514+0000][690.430s][info ][safepoint     ] Application time: 1.0002592 seconds
[2023-11-13T02:38:20.515+0000][690.430s][info ][safepoint     ] Entering safepoint region: Cleanup
[2023-11-13T02:38:20.515+0000][690.431s][info ][safepoint     ] Leaving safepoint region
[2023-11-13T02:38:20.515+0000][690.431s][info ][safepoint     ] Total time for which application threads were stopped: 0.0006961 seconds, Stopping threads took: 0.0001242 seconds
[2023-11-13T02:38:21.515+0000][691.431s][debug][safepoint     ] Safepoint synchronization initiated. (227 threads)
[2023-11-13T02:38:21.515+0000][691.431s][info ][safepoint     ] Application time: 1.0001805 seconds
[2023-11-13T02:38:21.515+0000][691.431s][info ][safepoint     ] Entering safepoint region: Cleanup
[2023-11-13T02:38:21.516+0000][691.432s][info ][safepoint     ] Leaving safepoint region
[2023-11-13T02:38:21.516+0000][691.432s][info ][safepoint     ] Total time for which application threads were stopped: 0.0004077 seconds, Stopping threads took: 0.0000905 seconds
[2023-11-13T02:38:21.986+0000][691.902s][debug][safepoint     ] Safepoint synchronization initiated. (227 threads)
[2023-11-13T02:38:21.986+0000][691.902s][info ][safepoint     ] Application time: 0.4705898 seconds
[2023-11-13T02:38:21.986+0000][691.902s][info ][safepoint     ] Entering safepoint region: G1CollectForAllocation
[2023-11-13T02:38:21.987+0000][691.903s][info ][gc,start      ] GC(51) Pause Young (Normal) (G1 Evacuation Pause)
[2023-11-13T02:38:21.987+0000][691.903s][info ][gc,task       ] GC(51) Using 6 workers of 6 for evacuation
[2023-11-13T02:38:22.004+0000][691.920s][info ][gc,phases     ] GC(51)   Pre Evacuate Collection Set: 0.0ms
[2023-11-13T02:38:22.004+0000][691.920s][info ][gc,phases     ] GC(51)   Evacuate Collection Set: 6.4ms
[2023-11-13T02:38:22.004+0000][691.920s][info ][gc,phases     ] GC(51)   Post Evacuate Collection Set: 10.5ms
[2023-11-13T02:38:22.004+0000][691.920s][info ][gc,phases     ] GC(51)   Other: 0.4ms
[2023-11-13T02:38:22.004+0000][691.920s][info ][gc,heap       ] GC(51) Eden regions: 407->0(407)
[2023-11-13T02:38:22.004+0000][691.920s][info ][gc,heap       ] GC(51) Survivor regions: 6->6(52)
[2023-11-13T02:38:22.004+0000][691.920s][info ][gc,heap       ] GC(51) Old regions: 153->154
[2023-11-13T02:38:22.004+0000][691.920s][info ][gc,heap       ] GC(51) Humongous regions: 0->0
[2023-11-13T02:38:22.004+0000][691.920s][info ][gc,metaspace  ] GC(51) Metaspace: 164402K(169816K)->164402K(169816K) NonClass: 145464K(148696K)->145464K(148696K) Class: 18937K(21120K)->18937K(21120K)
[2023-11-13T02:38:22.004+0000][691.920s][info ][gc            ] GC(51) Pause Young (Normal) (G1 Evacuation Pause) 564M->157M(689M) 17.597ms
[2023-11-13T02:38:22.004+0000][691.920s][info ][gc,cpu        ] GC(51) User=0.04s Sys=0.00s Real=0.01s
[2023-11-13T02:38:22.005+0000][691.920s][info ][safepoint     ] Leaving safepoint region
[2023-11-13T02:38:22.005+0000][691.920s][info ][safepoint     ] Total time for which application threads were stopped: 0.0181247 seconds, Stopping threads took: 0.0000743 seconds
[2023-11-13T02:38:22.005+0000][691.920s][info ][gc,stringdedup] Concurrent String Deduplication (691.920s)
[2023-11-13T02:38:22.005+0000][691.921s][info ][gc,stringdedup] Concurrent String Deduplication 3096.0B->224.0B(2872.0B) avg 53.7% (691.920s, 691.921s) 0.065ms
[2023-11-13T02:38:23.007+0000][692.923s][debug][safepoint     ] Safepoint synchronization initiated. (227 threads)
[2023-11-13T02:38:23.008+0000][692.923s][info ][safepoint     ] Application time: 1.0029403 seconds
[2023-11-13T02:38:23.008+0000][692.924s][info ][safepoint     ] Entering safepoint region: Cleanup
[2023-11-13T02:38:23.010+0000][692.926s][info ][safepoint     ] Leaving safepoint region
[2023-11-13T02:38:23.010+0000][692.926s][info ][safepoint     ] Total time for which application threads were stopped: 0.0021788 seconds, Stopping threads took: 0.0001285 seconds
[2023-11-13T02:38:24.010+0000][693.926s][debug][safepoint     ] Safepoint synchronization initiated. (227 threads)
[2023-11-13T02:38:24.010+0000][693.926s][info ][safepoint     ] Application time: 1.0002754 seconds
[2023-11-13T02:38:24.010+0000][693.926s][info ][safepoint     ] Entering safepoint region: Cleanup
[2023-11-13T02:38:24.011+0000][693.926s][info ][safepoint     ] Leaving safepoint region
[2023-11-13T02:38:24.011+0000][693.927s][info ][safepoint     ] Total time for which application threads were stopped: 0.0005658 seconds, Stopping threads took: 0.0001340 seconds
[2023-11-13T02:38:25.011+0000][694.927s][debug][safepoint     ] Safepoint synchronization initiated. (227 threads)
[2023-11-13T02:38:25.011+0000][694.927s][info ][safepoint     ] Application time: 1.0002243 seconds
[2023-11-13T02:38:25.011+0000][694.927s][info ][safepoint     ] Entering safepoint region: Cleanup
[2023-11-13T02:38:25.012+0000][694.927s][info ][safepoint     ] Leaving safepoint region
[2023-11-13T02:38:25.012+0000][694.927s][info ][safepoint     ] Total time for which application threads were stopped: 0.0006457 seconds, Stopping threads took: 0.0001307 seconds
[2023-11-13T02:38:26.012+0000][695.928s][debug][safepoint     ] Safepoint synchronization initiated. (227 threads)
[2023-11-13T02:38:26.012+0000][695.928s][info ][safepoint     ] Application time: 1.0001780 seconds
[2023-11-13T02:38:26.012+0000][695.928s][info ][safepoint     ] Entering safepoint region: Cleanup
[2023-11-13T02:38:26.012+0000][695.928s][info ][safepoint     ] Leaving safepoint region
[2023-11-13T02:38:26.012+0000][695.928s][info ][safepoint     ] Total time for which application threads were stopped: 0.0003158 seconds, Stopping threads took: 0.0000850 seconds
[2023-11-13T02:38:27.012+0000][696.928s][debug][safepoint     ] Safepoint synchronization initiated. (227 threads)
[2023-11-13T02:38:27.012+0000][696.928s][info ][safepoint     ] Application time: 1.0002395 seconds
[2023-11-13T02:38:27.013+0000][696.928s][info ][safepoint     ] Entering safepoint region: Cleanup
[2023-11-13T02:38:27.013+0000][696.929s][info ][safepoint     ] Leaving safepoint region
[2023-11-13T02:38:27.013+0000][696.929s][info ][safepoint     ] Total time for which application threads were stopped: 0.0007927 seconds, Stopping threads took: 0.0001645 seconds
[2023-11-13T02:38:28.013+0000][697.929s][debug][safepoint     ] Safepoint synchronization initiated. (227 threads)
[2023-11-13T02:38:28.013+0000][697.929s][info ][safepoint     ] Application time: 1.0001843 seconds
[2023-11-13T02:38:28.014+0000][697.929s][info ][safepoint     ] Entering safepoint region: Cleanup
[2023-11-13T02:38:28.014+0000][697.930s][info ][safepoint     ] Leaving safepoint region
[2023-11-13T02:38:28.014+0000][697.930s][info ][safepoint     ] Total time for which application threads were stopped: 0.0005113 seconds, Stopping threads took: 0.0000900 seconds
[2023-11-13T02:38:29.014+0000][698.930s][debug][safepoint     ] Safepoint synchronization initiated. (227 threads)
[2023-11-13T02:38:29.014+0000][698.930s][info ][safepoint     ] Application time: 1.0002391 seconds
[2023-11-13T02:38:29.014+0000][698.930s][debug][safepoint     ] Waiting for 1 thread(s) to block
[2023-11-13T02:38:29.015+0000][698.930s][info ][safepoint     ] Entering safepoint region: Cleanup
[2023-11-13T02:38:29.015+0000][698.931s][info ][safepoint     ] Leaving safepoint region
[2023-11-13T02:38:29.015+0000][698.931s][info ][safepoint     ] Total time for which application threads were stopped: 0.0007579 seconds, Stopping threads took: 0.0002910 seconds
[2023-11-13T02:38:30.015+0000][699.931s][debug][safepoint     ] Safepoint synchronization initiated. (227 threads)
[2023-11-13T02:38:30.015+0000][699.931s][info ][safepoint     ] Application time: 1.0002307 seconds
[2023-11-13T02:38:30.016+0000][699.932s][debug][safepoint     ] ... found polling page return exception at pc = 0x00007f76a11609df, stub =0x00007f7698841800
[2023-11-13T02:38:30.017+0000][699.932s][debug][safepoint     ] ... found polling page return exception at pc = 0x00007f76a13f84a3, stub =0x00007f7698841800
[2023-11-13T02:38:30.017+0000][699.933s][debug][safepoint     ] Waiting for 2 thread(s) to block
[2023-11-13T02:38:30.017+0000][699.933s][info ][safepoint     ] Entering safepoint region: Cleanup
[2023-11-13T02:38:30.018+0000][699.934s][info ][safepoint     ] Leaving safepoint region
[2023-11-13T02:38:30.018+0000][699.934s][info ][safepoint     ] Total time for which application threads were stopped: 0.0023803 seconds, Stopping threads took: 0.0020011 seconds
[2023-11-13T02:38:31.018+0000][700.934s][debug][safepoint     ] Safepoint synchronization initiated. (227 threads)
[2023-11-13T02:38:31.018+0000][700.934s][info ][safepoint     ] Application time: 1.0001841 seconds
[2023-11-13T02:38:31.018+0000][700.934s][debug][safepoint     ] ... found polling page return exception at pc = 0x00007f76a119db1b, stub =0x00007f7698841800
[2023-11-13T02:38:31.019+0000][700.935s][debug][safepoint     ] Waiting for 1 thread(s) to block
[2023-11-13T02:38:31.019+0000][700.935s][info ][safepoint     ] Entering safepoint region: Cleanup
[2023-11-13T02:38:31.020+0000][700.935s][info ][safepoint     ] Leaving safepoint region
[2023-11-13T02:38:31.020+0000][700.935s][info ][safepoint     ] Total time for which application threads were stopped: 0.0016133 seconds, Stopping threads took: 0.0012172 seconds
[2023-11-13T02:38:32.022+0000][701.938s][debug][safepoint     ] Safepoint synchronization initiated. (227 threads)
[2023-11-13T02:38:32.022+0000][701.938s][info ][safepoint     ] Application time: 1.0021842 seconds
[2023-11-13T02:38:32.022+0000][701.938s][info ][safepoint     ] Entering safepoint region: Cleanup
[2023-11-13T02:38:32.022+0000][701.938s][info ][safepoint     ] Leaving safepoint region
[2023-11-13T02:38:32.022+0000][701.938s][info ][safepoint     ] Total time for which application threads were stopped: 0.0004570 seconds, Stopping threads took: 0.0000975 seconds
[2023-11-13T02:38:33.022+0000][702.938s][debug][safepoint     ] Safepoint synchronization initiated. (227 threads)
[2023-11-13T02:38:33.023+0000][702.938s][info ][safepoint     ] Application time: 1.0002681 seconds
[2023-11-13T02:38:33.023+0000][702.939s][info ][safepoint     ] Entering safepoint region: Cleanup
[2023-11-13T02:38:33.023+0000][702.939s][info ][safepoint     ] Leaving safepoint region
[2023-11-13T02:38:33.023+0000][702.939s][info ][safepoint     ] Total time for which application threads were stopped: 0.0005667 seconds, Stopping threads took: 0.0001419 seconds
[2023-11-13T02:38:34.023+0000][703.939s][debug][safepoint     ] Safepoint synchronization initiated. (227 threads)
[2023-11-13T02:38:34.023+0000][703.939s][info ][safepoint     ] Application time: 1.0002316 seconds
[2023-11-13T02:38:34.024+0000][703.939s][debug][safepoint     ] ... found polling page return exception at pc = 0x00007f76a055b12e, stub =0x00007f7698841800
[2023-11-13T02:38:34.024+0000][703.940s][debug][safepoint     ] Waiting for 3 thread(s) to block
[2023-11-13T02:38:34.025+0000][703.941s][info ][safepoint     ] Entering safepoint region: Cleanup
[2023-11-13T02:38:34.025+0000][703.941s][info ][safepoint     ] Leaving safepoint region
[2023-11-13T02:38:34.025+0000][703.941s][info ][safepoint     ] Total time for which application threads were stopped: 0.0016623 seconds, Stopping threads took: 0.0012787 seconds
[2023-11-13T02:38:35.025+0000][704.941s][debug][safepoint     ] Safepoint synchronization initiated. (227 threads)
[2023-11-13T02:38:35.026+0000][704.941s][info ][safepoint     ] Application time: 1.0003732 seconds
[2023-11-13T02:38:35.026+0000][704.942s][info ][safepoint     ] Entering safepoint region: Cleanup
[2023-11-13T02:38:35.027+0000][704.943s][info ][safepoint     ] Leaving safepoint region
[2023-11-13T02:38:35.027+0000][704.943s][info ][safepoint     ] Total time for which application threads were stopped: 0.0012664 seconds, Stopping threads took: 0.0001520 seconds
[2023-11-13T02:38:36.027+0000][705.943s][debug][safepoint     ] Safepoint synchronization initiated. (227 threads)
[2023-11-13T02:38:36.027+0000][705.943s][info ][safepoint     ] Application time: 1.0002586 seconds
[2023-11-13T02:38:36.027+0000][705.943s][info ][safepoint     ] Entering safepoint region: Cleanup
[2023-11-13T02:38:36.028+0000][705.944s][info ][safepoint     ] Leaving safepoint region
[2023-11-13T02:38:36.028+0000][705.944s][info ][safepoint     ] Total time for which application threads were stopped: 0.0007638 seconds, Stopping threads took: 0.0001506 seconds
[2023-11-13T02:38:37.028+0000][706.944s][debug][safepoint     ] Safepoint synchronization initiated. (227 threads)
[2023-11-13T02:38:37.028+0000][706.944s][info ][safepoint     ] Application time: 1.0002515 seconds
[2023-11-13T02:38:37.028+0000][706.944s][info ][safepoint     ] Entering safepoint region: Cleanup
[2023-11-13T02:38:37.029+0000][706.945s][info ][safepoint     ] Leaving safepoint region
[2023-11-13T02:38:37.029+0000][706.945s][info ][safepoint     ] Total time for which application threads were stopped: 0.0006089 seconds, Stopping threads took: 0.0001368 seconds
[2023-11-13T02:38:38.029+0000][707.945s][debug][safepoint     ] Safepoint synchronization initiated. (227 threads)
[2023-11-13T02:38:38.029+0000][707.945s][info ][safepoint     ] Application time: 1.0002407 seconds
[2023-11-13T02:38:38.029+0000][707.945s][info ][safepoint     ] Entering safepoint region: Cleanup
[2023-11-13T02:38:38.030+0000][707.946s][info ][safepoint     ] Leaving safepoint region
[2023-11-13T02:38:38.030+0000][707.946s][info ][safepoint     ] Total time for which application threads were stopped: 0.0007226 seconds, Stopping threads took: 0.0001413 seconds
[2023-11-13T02:38:39.030+0000][708.946s][debug][safepoint     ] Safepoint synchronization initiated. (227 threads)
[2023-11-13T02:38:39.030+0000][708.946s][info ][safepoint     ] Application time: 1.0002138 seconds
[2023-11-13T02:38:39.031+0000][708.947s][debug][safepoint     ] ... found polling page return exception at pc = 0x00007f76a11413fc, stub =0x00007f7698841800
[2023-11-13T02:38:39.032+0000][708.947s][debug][safepoint     ] Waiting for 1 thread(s) to block
[2023-11-13T02:38:39.033+0000][708.948s][info ][safepoint     ] Entering safepoint region: Cleanup
[2023-11-13T02:38:39.033+0000][708.949s][info ][safepoint     ] Leaving safepoint region
[2023-11-13T02:38:39.033+0000][708.949s][info ][safepoint     ] Total time for which application threads were stopped: 0.0028644 seconds, Stopping threads took: 0.0023708 seconds
[2023-11-13T02:38:40.033+0000][709.949s][debug][safepoint     ] Safepoint synchronization initiated. (227 threads)
[2023-11-13T02:38:40.033+0000][709.949s][info ][safepoint     ] Application time: 1.0001792 seconds
[2023-11-13T02:38:40.033+0000][709.949s][info ][safepoint     ] Entering safepoint region: Cleanup
[2023-11-13T02:38:40.034+0000][709.950s][info ][safepoint     ] Leaving safepoint region
[2023-11-13T02:38:40.034+0000][709.950s][info ][safepoint     ] Total time for which application threads were stopped: 0.0003485 seconds, Stopping threads took: 0.0000975 seconds
[2023-11-13T02:38:40.550+0000][710.466s][debug][safepoint     ] Safepoint synchronization initiated. (227 threads)
[2023-11-13T02:38:40.550+0000][710.466s][info ][safepoint     ] Application time: 0.5166065 seconds
[2023-11-13T02:38:40.550+0000][710.466s][debug][safepoint     ] ... found polling page return exception at pc = 0x00007f76a11bbc88, stub =0x00007f7698841800
[2023-11-13T02:38:40.551+0000][710.467s][debug][safepoint     ] Waiting for 1 thread(s) to block
[2023-11-13T02:38:40.551+0000][710.467s][info ][safepoint     ] Entering safepoint region: G1CollectForAllocation
[2023-11-13T02:38:40.553+0000][710.468s][info ][gc,start      ] GC(52) Pause Young (Normal) (G1 Evacuation Pause)
[2023-11-13T02:38:40.553+0000][710.469s][info ][gc,task       ] GC(52) Using 6 workers of 6 for evacuation
[2023-11-13T02:38:40.589+0000][710.505s][info ][gc,phases     ] GC(52)   Pre Evacuate Collection Set: 0.1ms
[2023-11-13T02:38:40.589+0000][710.505s][info ][gc,phases     ] GC(52)   Evacuate Collection Set: 20.5ms
[2023-11-13T02:38:40.589+0000][710.505s][info ][gc,phases     ] GC(52)   Post Evacuate Collection Set: 15.1ms
[2023-11-13T02:38:40.589+0000][710.505s][info ][gc,phases     ] GC(52)   Other: 0.8ms
[2023-11-13T02:38:40.590+0000][710.506s][info ][gc,heap       ] GC(52) Eden regions: 407->0(410)
[2023-11-13T02:38:40.591+0000][710.506s][info ][gc,heap       ] GC(52) Survivor regions: 6->3(52)
[2023-11-13T02:38:40.591+0000][710.506s][info ][gc,heap       ] GC(52) Old regions: 154->157
[2023-11-13T02:38:40.591+0000][710.506s][info ][gc,heap       ] GC(52) Humongous regions: 0->0
[2023-11-13T02:38:40.591+0000][710.506s][info ][gc,metaspace  ] GC(52) Metaspace: 164402K(169816K)->164402K(169816K) NonClass: 145464K(148696K)->145464K(148696K) Class: 18937K(21120K)->18937K(21120K)
[2023-11-13T02:38:40.591+0000][710.507s][info ][gc            ] GC(52) Pause Young (Normal) (G1 Evacuation Pause) 564M->157M(689M) 38.101ms
[2023-11-13T02:38:40.591+0000][710.507s][info ][gc,cpu        ] GC(52) User=0.07s Sys=0.01s Real=0.04s
[2023-11-13T02:38:40.591+0000][710.507s][info ][safepoint     ] Leaving safepoint region
[2023-11-13T02:38:40.591+0000][710.507s][info ][safepoint     ] Total time for which application threads were stopped: 0.0405740 seconds, Stopping threads took: 0.0011074 seconds
[2023-11-13T02:38:40.591+0000][710.507s][info ][gc,stringdedup] Concurrent String Deduplication (710.507s)
[2023-11-13T02:38:40.591+0000][710.507s][info ][gc,stringdedup] Concurrent String Deduplication 96.0B->40.0B(56.0B) avg 53.7% (710.507s, 710.507s) 0.100ms
[2023-11-13T02:38:41.591+0000][711.507s][debug][safepoint     ] Safepoint synchronization initiated. (228 threads)
[2023-11-13T02:38:41.591+0000][711.507s][info ][safepoint     ] Application time: 1.0002785 seconds
[2023-11-13T02:38:41.591+0000][711.507s][info ][safepoint     ] Entering safepoint region: Cleanup
[2023-11-13T02:38:41.592+0000][711.508s][info ][safepoint     ] Leaving safepoint region
[2023-11-13T02:38:41.592+0000][711.508s][info ][safepoint     ] Total time for which application threads were stopped: 0.0009949 seconds, Stopping threads took: 0.0001227 seconds
[2023-11-13T02:38:42.592+0000][712.508s][debug][safepoint     ] Safepoint synchronization initiated. (228 threads)
[2023-11-13T02:38:42.593+0000][712.509s][info ][safepoint     ] Application time: 1.0006781 seconds
[2023-11-13T02:38:42.594+0000][712.510s][debug][safepoint     ] ... found polling page loop exception at pc = 0x00007f76a11c45e8, stub =0x00007f7698841b00
[2023-11-13T02:38:42.594+0000][712.510s][debug][safepoint     ] Waiting for 1 thread(s) to block
[2023-11-13T02:38:42.595+0000][712.511s][info ][safepoint     ] Entering safepoint region: Cleanup
[2023-11-13T02:38:42.596+0000][712.512s][info ][safepoint     ] Leaving safepoint region
[2023-11-13T02:38:42.597+0000][712.513s][info ][safepoint     ] Total time for which application threads were stopped: 0.0032290 seconds, Stopping threads took: 0.0024634 seconds
[2023-11-13T02:38:43.597+0000][713.513s][debug][safepoint     ] Safepoint synchronization initiated. (228 threads)
[2023-11-13T02:38:43.598+0000][713.514s][info ][safepoint     ] Application time: 1.0007913 seconds
[2023-11-13T02:38:43.598+0000][713.514s][info ][safepoint     ] Entering safepoint region: Cleanup
[2023-11-13T02:38:43.599+0000][713.515s][info ][safepoint     ] Leaving safepoint region
[2023-11-13T02:38:43.599+0000][713.515s][info ][safepoint     ] Total time for which application threads were stopped: 0.0006159 seconds, Stopping threads took: 0.0001447 seconds
[2023-11-13T02:38:44.599+0000][714.515s][debug][safepoint     ] Safepoint synchronization initiated. (228 threads)
[2023-11-13T02:38:44.599+0000][714.515s][info ][safepoint     ] Application time: 1.0002599 seconds
[2023-11-13T02:38:44.599+0000][714.515s][info ][safepoint     ] Entering safepoint region: Cleanup
[2023-11-13T02:38:44.600+0000][714.516s][info ][safepoint     ] Leaving safepoint region
[2023-11-13T02:38:44.600+0000][714.516s][info ][safepoint     ] Total time for which application threads were stopped: 0.0006011 seconds, Stopping threads took: 0.0001342 seconds
[2023-11-13T02:38:45.600+0000][715.516s][debug][safepoint     ] Safepoint synchronization initiated. (228 threads)
[2023-11-13T02:38:45.601+0000][715.517s][info ][safepoint     ] Application time: 1.0011560 seconds
[2023-11-13T02:38:45.601+0000][715.517s][debug][safepoint     ] ... found polling page return exception at pc = 0x00007f76a1226b6e, stub =0x00007f7698841800
[2023-11-13T02:38:45.601+0000][715.517s][debug][safepoint     ] Waiting for 1 thread(s) to block
[2023-11-13T02:38:45.602+0000][715.518s][info ][safepoint     ] Entering safepoint region: Cleanup
[2023-11-13T02:38:45.602+0000][715.518s][info ][safepoint     ] Leaving safepoint region
[2023-11-13T02:38:45.603+0000][715.518s][info ][safepoint     ] Total time for which application threads were stopped: 0.0014143 seconds, Stopping threads took: 0.0008107 seconds
[2023-11-13T02:38:46.603+0000][716.519s][debug][safepoint     ] Safepoint synchronization initiated. (228 threads)
[2023-11-13T02:38:46.603+0000][716.519s][info ][safepoint     ] Application time: 1.0002912 seconds
[2023-11-13T02:38:46.603+0000][716.519s][info ][safepoint     ] Entering safepoint region: Cleanup
[2023-11-13T02:38:46.603+0000][716.519s][info ][safepoint     ] Leaving safepoint region
[2023-11-13T02:38:46.604+0000][716.519s][info ][safepoint     ] Total time for which application threads were stopped: 0.0006424 seconds, Stopping threads took: 0.0001423 seconds
[2023-11-13T02:38:47.604+0000][717.520s][debug][safepoint     ] Safepoint synchronization initiated. (228 threads)
[2023-11-13T02:38:47.604+0000][717.520s][info ][safepoint     ] Application time: 1.0002432 seconds
[2023-11-13T02:38:47.604+0000][717.520s][info ][safepoint     ] Entering safepoint region: Cleanup
[2023-11-13T02:38:47.605+0000][717.521s][info ][safepoint     ] Leaving safepoint region
[2023-11-13T02:38:47.606+0000][717.521s][info ][safepoint     ] Total time for which application threads were stopped: 0.0016641 seconds, Stopping threads took: 0.0001524 seconds
[2023-11-13T02:38:48.606+0000][718.522s][debug][safepoint     ] Safepoint synchronization initiated. (228 threads)
[2023-11-13T02:38:48.606+0000][718.522s][info ][safepoint     ] Application time: 1.0002949 seconds
[2023-11-13T02:38:48.606+0000][718.522s][info ][safepoint     ] Entering safepoint region: Cleanup
[2023-11-13T02:38:48.606+0000][718.522s][info ][safepoint     ] Leaving safepoint region
[2023-11-13T02:38:48.606+0000][718.522s][info ][safepoint     ] Total time for which application threads were stopped: 0.0006217 seconds, Stopping threads took: 0.0001739 seconds
[2023-11-13T02:38:49.607+0000][719.523s][debug][safepoint     ] Safepoint synchronization initiated. (228 threads)
[2023-11-13T02:38:49.607+0000][719.523s][info ][safepoint     ] Application time: 1.0004781 seconds
[2023-11-13T02:38:49.607+0000][719.523s][info ][safepoint     ] Entering safepoint region: Cleanup
[2023-11-13T02:38:49.608+0000][719.523s][info ][safepoint     ] Leaving safepoint region
[2023-11-13T02:38:49.608+0000][719.524s][info ][safepoint     ] Total time for which application threads were stopped: 0.0006454 seconds, Stopping threads took: 0.0001618 seconds
[2023-11-13T02:38:50.608+0000][720.524s][debug][safepoint     ] Safepoint synchronization initiated. (228 threads)
[2023-11-13T02:38:50.608+0000][720.524s][info ][safepoint     ] Application time: 1.0002794 seconds
[2023-11-13T02:38:50.608+0000][720.524s][info ][safepoint     ] Entering safepoint region: Cleanup
[2023-11-13T02:38:50.609+0000][720.524s][info ][safepoint     ] Leaving safepoint region
[2023-11-13T02:38:50.609+0000][720.525s][info ][safepoint     ] Total time for which application threads were stopped: 0.0006201 seconds, Stopping threads took: 0.0001279 seconds
[2023-11-13T02:38:51.609+0000][721.525s][debug][safepoint     ] Safepoint synchronization initiated. (228 threads)
[2023-11-13T02:38:51.609+0000][721.525s][info ][safepoint     ] Application time: 1.0003312 seconds
[2023-11-13T02:38:51.609+0000][721.525s][info ][safepoint     ] Entering safepoint region: Cleanup
[2023-11-13T02:38:51.610+0000][721.526s][info ][safepoint     ] Leaving safepoint region
[2023-11-13T02:38:51.610+0000][721.526s][info ][safepoint     ] Total time for which application threads were stopped: 0.0006466 seconds, Stopping threads took: 0.0001016 seconds
[2023-11-13T02:38:52.610+0000][722.526s][debug][safepoint     ] Safepoint synchronization initiated. (228 threads)
[2023-11-13T02:38:52.611+0000][722.526s][info ][safepoint     ] Application time: 1.0008224 seconds
[2023-11-13T02:38:52.611+0000][722.526s][info ][safepoint     ] Entering safepoint region: Cleanup
[2023-11-13T02:38:52.611+0000][722.527s][info ][safepoint     ] Leaving safepoint region
[2023-11-13T02:38:52.611+0000][722.527s][info ][safepoint     ] Total time for which application threads were stopped: 0.0004549 seconds, Stopping threads took: 0.0001046 seconds
[2023-11-13T02:38:53.612+0000][723.528s][debug][safepoint     ] Safepoint synchronization initiated. (228 threads)
[2023-11-13T02:38:53.613+0000][723.528s][info ][safepoint     ] Application time: 1.0015619 seconds
[2023-11-13T02:38:53.613+0000][723.529s][info ][safepoint     ] Entering safepoint region: Cleanup
[2023-11-13T02:38:53.613+0000][723.529s][info ][safepoint     ] Leaving safepoint region
[2023-11-13T02:38:53.613+0000][723.529s][info ][safepoint     ] Total time for which application threads were stopped: 0.0007462 seconds, Stopping threads took: 0.0001401 seconds
[2023-11-13T02:38:54.614+0000][724.529s][debug][safepoint     ] Safepoint synchronization initiated. (228 threads)
[2023-11-13T02:38:54.614+0000][724.530s][info ][safepoint     ] Application time: 1.0002224 seconds
[2023-11-13T02:38:54.614+0000][724.530s][info ][safepoint     ] Entering safepoint region: Cleanup
[2023-11-13T02:38:54.614+0000][724.530s][info ][safepoint     ] Leaving safepoint region
[2023-11-13T02:38:54.614+0000][724.530s][info ][safepoint     ] Total time for which application threads were stopped: 0.0005133 seconds, Stopping threads took: 0.0001152 seconds
[2023-11-13T02:38:55.614+0000][725.530s][debug][safepoint     ] Safepoint synchronization initiated. (228 threads)
[2023-11-13T02:38:55.614+0000][725.530s][info ][safepoint     ] Application time: 1.0002108 seconds
[2023-11-13T02:38:55.615+0000][725.530s][info ][safepoint     ] Entering safepoint region: Cleanup
[2023-11-13T02:38:55.615+0000][725.531s][info ][safepoint     ] Leaving safepoint region
[2023-11-13T02:38:55.615+0000][725.531s][info ][safepoint     ] Total time for which application threads were stopped: 0.0004188 seconds, Stopping threads took: 0.0001055 seconds
[2023-11-13T02:38:56.615+0000][726.531s][debug][safepoint     ] Safepoint synchronization initiated. (228 threads)
[2023-11-13T02:38:56.615+0000][726.531s][info ][safepoint     ] Application time: 1.0002756 seconds
[2023-11-13T02:38:56.615+0000][726.531s][info ][safepoint     ] Entering safepoint region: Cleanup
[2023-11-13T02:38:56.616+0000][726.532s][info ][safepoint     ] Leaving safepoint region
[2023-11-13T02:38:56.616+0000][726.532s][info ][safepoint     ] Total time for which application threads were stopped: 0.0006065 seconds, Stopping threads took: 0.0001341 seconds
[2023-11-13T02:38:56.616+0000][726.532s][debug][safepoint     ] ... found polling page return exception at pc = 0x00007f76a0bcdf6a, stub =0x00007f7698841800
[2023-11-13T02:38:57.622+0000][727.538s][debug][safepoint     ] Safepoint synchronization initiated. (228 threads)
[2023-11-13T02:38:57.622+0000][727.538s][info ][safepoint     ] Application time: 1.0065819 seconds
[2023-11-13T02:38:57.623+0000][727.539s][info ][safepoint     ] Entering safepoint region: Cleanup
[2023-11-13T02:38:57.624+0000][727.540s][info ][safepoint     ] Leaving safepoint region
[2023-11-13T02:38:57.624+0000][727.540s][info ][safepoint     ] Total time for which application threads were stopped: 0.0015369 seconds, Stopping threads took: 0.0005687 seconds
[2023-11-13T02:38:58.625+0000][728.541s][debug][safepoint     ] Safepoint synchronization initiated. (228 threads)
[2023-11-13T02:38:58.626+0000][728.542s][info ][safepoint     ] Application time: 1.0008216 seconds
[2023-11-13T02:38:58.626+0000][728.542s][info ][safepoint     ] Entering safepoint region: Cleanup
[2023-11-13T02:38:58.627+0000][728.543s][info ][safepoint     ] Leaving safepoint region
[2023-11-13T02:38:58.628+0000][728.544s][info ][safepoint     ] Total time for which application threads were stopped: 0.0015002 seconds, Stopping threads took: 0.0005733 seconds
[2023-11-13T02:38:59.628+0000][729.544s][debug][safepoint     ] Safepoint synchronization initiated. (228 threads)
[2023-11-13T02:38:59.628+0000][729.544s][info ][safepoint     ] Application time: 1.0002990 seconds
[2023-11-13T02:38:59.629+0000][729.544s][info ][safepoint     ] Entering safepoint region: Cleanup
[2023-11-13T02:38:59.629+0000][729.545s][info ][safepoint     ] Leaving safepoint region
[2023-11-13T02:38:59.629+0000][729.545s][info ][safepoint     ] Total time for which application threads were stopped: 0.0007922 seconds, Stopping threads took: 0.0001386 seconds
[2023-11-13T02:39:00.630+0000][730.545s][debug][safepoint     ] Safepoint synchronization initiated. (228 threads)
[2023-11-13T02:39:00.630+0000][730.546s][info ][safepoint     ] Application time: 1.0003111 seconds
[2023-11-13T02:39:00.630+0000][730.546s][info ][safepoint     ] Entering safepoint region: Cleanup
[2023-11-13T02:39:00.630+0000][730.546s][info ][safepoint     ] Leaving safepoint region
[2023-11-13T02:39:00.631+0000][730.546s][info ][safepoint     ] Total time for which application threads were stopped: 0.0008223 seconds, Stopping threads took: 0.0001467 seconds
[2023-11-13T02:39:01.631+0000][731.547s][debug][safepoint     ] Safepoint synchronization initiated. (228 threads)
[2023-11-13T02:39:01.631+0000][731.547s][info ][safepoint     ] Application time: 1.0002617 seconds
[2023-11-13T02:39:01.631+0000][731.547s][info ][safepoint     ] Entering safepoint region: Cleanup
[2023-11-13T02:39:01.631+0000][731.547s][info ][safepoint     ] Leaving safepoint region
[2023-11-13T02:39:01.631+0000][731.547s][info ][safepoint     ] Total time for which application threads were stopped: 0.0005146 seconds, Stopping threads took: 0.0001504 seconds
[2023-11-13T02:39:02.127+0000][732.043s][debug][safepoint     ] Safepoint synchronization initiated. (228 threads)
[2023-11-13T02:39:02.128+0000][732.044s][info ][safepoint     ] Application time: 0.4964874 seconds
[2023-11-13T02:39:02.128+0000][732.044s][info ][safepoint     ] Entering safepoint region: G1CollectForAllocation
[2023-11-13T02:39:02.130+0000][732.046s][info ][gc,start      ] GC(53) Pause Young (Normal) (G1 Evacuation Pause)
[2023-11-13T02:39:02.130+0000][732.046s][info ][gc,task       ] GC(53) Using 6 workers of 6 for evacuation
[2023-11-13T02:39:02.148+0000][732.063s][info ][gc,phases     ] GC(53)   Pre Evacuate Collection Set: 0.0ms
[2023-11-13T02:39:02.148+0000][732.064s][info ][gc,phases     ] GC(53)   Evacuate Collection Set: 5.8ms
[2023-11-13T02:39:02.148+0000][732.064s][info ][gc,phases     ] GC(53)   Post Evacuate Collection Set: 10.5ms
[2023-11-13T02:39:02.148+0000][732.064s][info ][gc,phases     ] GC(53)   Other: 1.3ms
[2023-11-13T02:39:02.148+0000][732.064s][info ][gc,heap       ] GC(53) Eden regions: 410->0(411)
[2023-11-13T02:39:02.148+0000][732.064s][info ][gc,heap       ] GC(53) Survivor regions: 3->2(52)
[2023-11-13T02:39:02.148+0000][732.064s][info ][gc,heap       ] GC(53) Old regions: 157->157
[2023-11-13T02:39:02.148+0000][732.064s][info ][gc,heap       ] GC(53) Humongous regions: 0->0
[2023-11-13T02:39:02.148+0000][732.064s][info ][gc,metaspace  ] GC(53) Metaspace: 164404K(169816K)->164404K(169816K) NonClass: 145466K(148696K)->145466K(148696K) Class: 18937K(21120K)->18937K(21120K)
[2023-11-13T02:39:02.148+0000][732.064s][info ][gc            ] GC(53) Pause Young (Normal) (G1 Evacuation Pause) 567M->156M(689M) 17.953ms
[2023-11-13T02:39:02.148+0000][732.064s][info ][gc,cpu        ] GC(53) User=0.05s Sys=0.00s Real=0.02s
[2023-11-13T02:39:02.148+0000][732.064s][info ][safepoint     ] Leaving safepoint region
[2023-11-13T02:39:02.148+0000][732.064s][info ][safepoint     ] Total time for which application threads were stopped: 0.0198685 seconds, Stopping threads took: 0.0004394 seconds
[2023-11-13T02:39:02.148+0000][732.064s][info ][gc,stringdedup] Concurrent String Deduplication (732.064s)
[2023-11-13T02:39:02.148+0000][732.064s][info ][gc,stringdedup] Concurrent String Deduplication 152.0B->80.0B(72.0B) avg 53.7% (732.064s, 732.064s) 0.082ms
[2023-11-13T02:39:03.149+0000][733.065s][debug][safepoint     ] Safepoint synchronization initiated. (228 threads)
[2023-11-13T02:39:03.149+0000][733.065s][info ][safepoint     ] Application time: 1.0010643 seconds
[2023-11-13T02:39:03.149+0000][733.065s][info ][safepoint     ] Entering safepoint region: Cleanup
[2023-11-13T02:39:03.150+0000][733.066s][info ][safepoint     ] Leaving safepoint region
[2023-11-13T02:39:03.150+0000][733.066s][info ][safepoint     ] Total time for which application threads were stopped: 0.0006205 seconds, Stopping threads took: 0.0001458 seconds
[2023-11-13T02:39:04.150+0000][734.066s][debug][safepoint     ] Safepoint synchronization initiated. (228 threads)
[2023-11-13T02:39:04.150+0000][734.066s][info ][safepoint     ] Application time: 1.0002917 seconds
[2023-11-13T02:39:04.150+0000][734.066s][info ][safepoint     ] Entering safepoint region: Cleanup
[2023-11-13T02:39:04.151+0000][734.067s][info ][safepoint     ] Leaving safepoint region
[2023-11-13T02:39:04.151+0000][734.067s][info ][safepoint     ] Total time for which application threads were stopped: 0.0006288 seconds, Stopping threads took: 0.0001430 seconds
[2023-11-13T02:39:05.151+0000][735.067s][debug][safepoint     ] Safepoint synchronization initiated. (228 threads)
[2023-11-13T02:39:05.151+0000][735.067s][info ][safepoint     ] Application time: 1.0002859 seconds
[2023-11-13T02:39:05.151+0000][735.067s][info ][safepoint     ] Entering safepoint region: Cleanup
[2023-11-13T02:39:05.152+0000][735.068s][info ][safepoint     ] Leaving safepoint region
[2023-11-13T02:39:05.152+0000][735.068s][info ][safepoint     ] Total time for which application threads were stopped: 0.0006072 seconds, Stopping threads took: 0.0001441 seconds
[2023-11-13T02:39:06.152+0000][736.068s][debug][safepoint     ] Safepoint synchronization initiated. (228 threads)
[2023-11-13T02:39:06.152+0000][736.068s][info ][safepoint     ] Application time: 1.0002731 seconds
[2023-11-13T02:39:06.152+0000][736.068s][info ][safepoint     ] Entering safepoint region: Cleanup
[2023-11-13T02:39:06.153+0000][736.069s][info ][safepoint     ] Leaving safepoint region
[2023-11-13T02:39:06.153+0000][736.069s][info ][safepoint     ] Total time for which application threads were stopped: 0.0005760 seconds, Stopping threads took: 0.0001262 seconds
[2023-11-13T02:39:07.153+0000][737.069s][debug][safepoint     ] Safepoint synchronization initiated. (228 threads)
[2023-11-13T02:39:07.153+0000][737.069s][info ][safepoint     ] Application time: 1.0002188 seconds
[2023-11-13T02:39:07.153+0000][737.069s][info ][safepoint     ] Entering safepoint region: Cleanup
[2023-11-13T02:39:07.154+0000][737.069s][info ][safepoint     ] Leaving safepoint region
[2023-11-13T02:39:07.154+0000][737.069s][info ][safepoint     ] Total time for which application threads were stopped: 0.0005506 seconds, Stopping threads took: 0.0001247 seconds
[2023-11-13T02:39:08.154+0000][738.070s][debug][safepoint     ] Safepoint synchronization initiated. (228 threads)
[2023-11-13T02:39:08.154+0000][738.070s][info ][safepoint     ] Application time: 1.0002913 seconds
[2023-11-13T02:39:08.154+0000][738.070s][info ][safepoint     ] Entering safepoint region: Cleanup
[2023-11-13T02:39:08.155+0000][738.070s][info ][safepoint     ] Leaving safepoint region
[2023-11-13T02:39:08.155+0000][738.070s][info ][safepoint     ] Total time for which application threads were stopped: 0.0005578 seconds, Stopping threads took: 0.0001446 seconds
[2023-11-13T02:39:09.156+0000][739.072s][debug][safepoint     ] Safepoint synchronization initiated. (228 threads)
[2023-11-13T02:39:09.156+0000][739.072s][info ][safepoint     ] Application time: 1.0012251 seconds
[2023-11-13T02:39:09.156+0000][739.072s][info ][safepoint     ] Entering safepoint region: Cleanup
[2023-11-13T02:39:09.156+0000][739.072s][info ][safepoint     ] Leaving safepoint region
[2023-11-13T02:39:09.156+0000][739.072s][info ][safepoint     ] Total time for which application threads were stopped: 0.0006274 seconds, Stopping threads took: 0.0001387 seconds
[2023-11-13T02:39:10.157+0000][740.073s][debug][safepoint     ] Safepoint synchronization initiated. (228 threads)
[2023-11-13T02:39:10.157+0000][740.073s][info ][safepoint     ] Application time: 1.0002416 seconds
[2023-11-13T02:39:10.157+0000][740.073s][info ][safepoint     ] Entering safepoint region: Cleanup
[2023-11-13T02:39:10.157+0000][740.073s][info ][safepoint     ] Leaving safepoint region
[2023-11-13T02:39:10.157+0000][740.073s][info ][safepoint     ] Total time for which application threads were stopped: 0.0004993 seconds, Stopping threads took: 0.0001172 seconds
[2023-11-13T02:39:11.157+0000][741.073s][debug][safepoint     ] Safepoint synchronization initiated. (228 threads)
[2023-11-13T02:39:11.158+0000][741.073s][info ][safepoint     ] Application time: 1.0002131 seconds
[2023-11-13T02:39:11.158+0000][741.074s][info ][safepoint     ] Entering safepoint region: Cleanup
[2023-11-13T02:39:11.158+0000][741.074s][info ][safepoint     ] Leaving safepoint region
[2023-11-13T02:39:11.158+0000][741.074s][info ][safepoint     ] Total time for which application threads were stopped: 0.0007912 seconds, Stopping threads took: 0.0001106 seconds
[2023-11-13T02:39:12.158+0000][742.074s][debug][safepoint     ] Safepoint synchronization initiated. (228 threads)
[2023-11-13T02:39:12.159+0000][742.074s][info ][safepoint     ] Application time: 1.0001907 seconds
[2023-11-13T02:39:12.159+0000][742.075s][info ][safepoint     ] Entering safepoint region: Cleanup
[2023-11-13T02:39:12.159+0000][742.075s][info ][safepoint     ] Leaving safepoint region
[2023-11-13T02:39:12.159+0000][742.075s][info ][safepoint     ] Total time for which application threads were stopped: 0.0004164 seconds, Stopping threads took: 0.0000939 seconds
[2023-11-13T02:39:13.159+0000][743.075s][debug][safepoint     ] Safepoint synchronization initiated. (228 threads)
[2023-11-13T02:39:13.160+0000][743.075s][info ][safepoint     ] Application time: 1.0005423 seconds
[2023-11-13T02:39:13.160+0000][743.076s][info ][safepoint     ] Entering safepoint region: Cleanup
[2023-11-13T02:39:13.160+0000][743.076s][info ][safepoint     ] Leaving safepoint region
[2023-11-13T02:39:13.161+0000][743.077s][info ][safepoint     ] Total time for which application threads were stopped: 0.0011042 seconds, Stopping threads took: 0.0000997 seconds
[2023-11-13T02:39:14.161+0000][744.077s][debug][safepoint     ] Safepoint synchronization initiated. (228 threads)
[2023-11-13T02:39:14.162+0000][744.078s][info ][safepoint     ] Application time: 1.0007274 seconds
[2023-11-13T02:39:14.162+0000][744.078s][debug][safepoint     ] ... found polling page loop exception at pc = 0x00007f76a11c45e8, stub =0x00007f7698841b00
[2023-11-13T02:39:14.162+0000][744.078s][debug][safepoint     ] Waiting for 1 thread(s) to block
[2023-11-13T02:39:14.162+0000][744.078s][info ][safepoint     ] Entering safepoint region: Cleanup
[2023-11-13T02:39:14.163+0000][744.079s][info ][safepoint     ] Leaving safepoint region
[2023-11-13T02:39:14.163+0000][744.079s][info ][safepoint     ] Total time for which application threads were stopped: 0.0011456 seconds, Stopping threads took: 0.0007497 seconds
[2023-11-13T02:39:15.163+0000][745.079s][debug][safepoint     ] Safepoint synchronization initiated. (228 threads)
[2023-11-13T02:39:15.164+0000][745.080s][info ][safepoint     ] Application time: 1.0009443 seconds
[2023-11-13T02:39:15.164+0000][745.080s][info ][safepoint     ] Entering safepoint region: Cleanup
[2023-11-13T02:39:15.165+0000][745.081s][info ][safepoint     ] Leaving safepoint region
[2023-11-13T02:39:15.165+0000][745.081s][info ][safepoint     ] Total time for which application threads were stopped: 0.0008662 seconds, Stopping threads took: 0.0002020 seconds
[2023-11-13T02:39:16.165+0000][746.081s][debug][safepoint     ] Safepoint synchronization initiated. (228 threads)
[2023-11-13T02:39:16.165+0000][746.081s][info ][safepoint     ] Application time: 1.0002267 seconds
[2023-11-13T02:39:16.165+0000][746.081s][info ][safepoint     ] Entering safepoint region: Cleanup
[2023-11-13T02:39:16.166+0000][746.082s][info ][safepoint     ] Leaving safepoint region
[2023-11-13T02:39:16.166+0000][746.082s][info ][safepoint     ] Total time for which application threads were stopped: 0.0007362 seconds, Stopping threads took: 0.0001156 seconds
[2023-11-13T02:39:17.166+0000][747.082s][debug][safepoint     ] Safepoint synchronization initiated. (228 threads)
[2023-11-13T02:39:17.167+0000][747.083s][info ][safepoint     ] Application time: 1.0010007 seconds
[2023-11-13T02:39:17.168+0000][747.083s][info ][safepoint     ] Entering safepoint region: Cleanup
[2023-11-13T02:39:17.168+0000][747.084s][info ][safepoint     ] Leaving safepoint region
[2023-11-13T02:39:17.169+0000][747.084s][info ][safepoint     ] Total time for which application threads were stopped: 0.0010580 seconds, Stopping threads took: 0.0004410 seconds
[2023-11-13T02:39:18.169+0000][748.085s][debug][safepoint     ] Safepoint synchronization initiated. (228 threads)
[2023-11-13T02:39:18.170+0000][748.086s][info ][safepoint     ] Application time: 1.0012310 seconds
[2023-11-13T02:39:18.170+0000][748.086s][info ][safepoint     ] Entering safepoint region: Cleanup
[2023-11-13T02:39:18.171+0000][748.087s][info ][safepoint     ] Leaving safepoint region
[2023-11-13T02:39:18.171+0000][748.087s][info ][safepoint     ] Total time for which application threads were stopped: 0.0005996 seconds, Stopping threads took: 0.0001502 seconds
[2023-11-13T02:39:19.172+0000][749.088s][debug][safepoint     ] Safepoint synchronization initiated. (228 threads)
[2023-11-13T02:39:19.172+0000][749.088s][info ][safepoint     ] Application time: 1.0008931 seconds
[2023-11-13T02:39:19.172+0000][749.088s][info ][safepoint     ] Entering safepoint region: Cleanup
[2023-11-13T02:39:19.172+0000][749.088s][info ][safepoint     ] Leaving safepoint region
[2023-11-13T02:39:19.172+0000][749.088s][info ][safepoint     ] Total time for which application threads were stopped: 0.0005565 seconds, Stopping threads took: 0.0001234 seconds
[2023-11-13T02:39:20.173+0000][750.088s][debug][safepoint     ] Safepoint synchronization initiated. (228 threads)
[2023-11-13T02:39:20.173+0000][750.088s][info ][safepoint     ] Application time: 1.0002524 seconds
[2023-11-13T02:39:20.173+0000][750.089s][info ][safepoint     ] Entering safepoint region: Cleanup
[2023-11-13T02:39:20.173+0000][750.089s][info ][safepoint     ] Leaving safepoint region
[2023-11-13T02:39:20.174+0000][750.089s][info ][safepoint     ] Total time for which application threads were stopped: 0.0009018 seconds, Stopping threads took: 0.0001372 seconds
[2023-11-13T02:39:21.174+0000][751.090s][debug][safepoint     ] Safepoint synchronization initiated. (228 threads)
[2023-11-13T02:39:21.174+0000][751.090s][info ][safepoint     ] Application time: 1.0001969 seconds
[2023-11-13T02:39:21.174+0000][751.090s][info ][safepoint     ] Entering safepoint region: Cleanup
[2023-11-13T02:39:21.174+0000][751.090s][info ][safepoint     ] Leaving safepoint region
[2023-11-13T02:39:21.174+0000][751.090s][info ][safepoint     ] Total time for which application threads were stopped: 0.0004837 seconds, Stopping threads took: 0.0001710 seconds
[2023-11-13T02:39:22.174+0000][752.090s][debug][safepoint     ] Safepoint synchronization initiated. (228 threads)
[2023-11-13T02:39:22.176+0000][752.091s][info ][safepoint     ] Application time: 1.0012361 seconds
[2023-11-13T02:39:22.176+0000][752.092s][info ][safepoint     ] Entering safepoint region: Cleanup
[2023-11-13T02:39:22.185+0000][752.101s][info ][safepoint     ] Leaving safepoint region
[2023-11-13T02:39:22.186+0000][752.101s][info ][safepoint     ] Total time for which application threads were stopped: 0.0094366 seconds, Stopping threads took: 0.0084284 seconds
[2023-11-13T02:39:22.462+0000][752.378s][debug][safepoint     ] Safepoint synchronization initiated. (228 threads)
[2023-11-13T02:39:22.462+0000][752.378s][info ][safepoint     ] Application time: 0.2760500 seconds
[2023-11-13T02:39:22.462+0000][752.378s][info ][safepoint     ] Entering safepoint region: G1CollectForAllocation
[2023-11-13T02:39:22.463+0000][752.379s][info ][gc,start      ] GC(54) Pause Young (Normal) (G1 Evacuation Pause)
[2023-11-13T02:39:22.463+0000][752.379s][info ][gc,task       ] GC(54) Using 6 workers of 6 for evacuation
[2023-11-13T02:39:22.488+0000][752.404s][info ][gc,phases     ] GC(54)   Pre Evacuate Collection Set: 0.1ms
[2023-11-13T02:39:22.488+0000][752.404s][info ][gc,phases     ] GC(54)   Evacuate Collection Set: 10.7ms
[2023-11-13T02:39:22.488+0000][752.404s][info ][gc,phases     ] GC(54)   Post Evacuate Collection Set: 13.8ms
[2023-11-13T02:39:22.488+0000][752.404s][info ][gc,phases     ] GC(54)   Other: 0.8ms
[2023-11-13T02:39:22.488+0000][752.404s][info ][gc,heap       ] GC(54) Eden regions: 411->0(411)
[2023-11-13T02:39:22.488+0000][752.404s][info ][gc,heap       ] GC(54) Survivor regions: 2->2(52)
[2023-11-13T02:39:22.489+0000][752.404s][info ][gc,heap       ] GC(54) Old regions: 157->157
[2023-11-13T02:39:22.489+0000][752.404s][info ][gc,heap       ] GC(54) Humongous regions: 0->0
[2023-11-13T02:39:22.489+0000][752.404s][info ][gc,metaspace  ] GC(54) Metaspace: 164408K(169816K)->164408K(169816K) NonClass: 145470K(148696K)->145470K(148696K) Class: 18937K(21120K)->18937K(21120K)
[2023-11-13T02:39:22.489+0000][752.405s][info ][gc            ] GC(54) Pause Young (Normal) (G1 Evacuation Pause) 567M->156M(689M) 25.901ms
[2023-11-13T02:39:22.489+0000][752.405s][info ][gc,cpu        ] GC(54) User=0.06s Sys=0.01s Real=0.03s
[2023-11-13T02:39:22.489+0000][752.405s][info ][safepoint     ] Leaving safepoint region
[2023-11-13T02:39:22.489+0000][752.405s][info ][safepoint     ] Total time for which application threads were stopped: 0.0267151 seconds, Stopping threads took: 0.0001520 seconds
[2023-11-13T02:39:22.491+0000][752.407s][info ][gc,stringdedup] Concurrent String Deduplication (752.407s)
[2023-11-13T02:39:22.491+0000][752.407s][info ][gc,stringdedup] Concurrent String Deduplication 0.0B->0.0B(0.0B) avg 53.7% (752.407s, 752.407s) 0.119ms
[2023-11-13T02:39:23.489+0000][753.405s][debug][safepoint     ] Safepoint synchronization initiated. (228 threads)
[2023-11-13T02:39:23.489+0000][753.405s][info ][safepoint     ] Application time: 1.0002845 seconds
[2023-11-13T02:39:23.489+0000][753.405s][info ][safepoint     ] Entering safepoint region: Cleanup
[2023-11-13T02:39:23.490+0000][753.406s][info ][safepoint     ] Leaving safepoint region
[2023-11-13T02:39:23.490+0000][753.406s][info ][safepoint     ] Total time for which application threads were stopped: 0.0008870 seconds, Stopping threads took: 0.0001280 seconds
[2023-11-13T02:39:24.490+0000][754.406s][debug][safepoint     ] Safepoint synchronization initiated. (228 threads)
[2023-11-13T02:39:24.490+0000][754.406s][info ][safepoint     ] Application time: 1.0002535 seconds
[2023-11-13T02:39:24.491+0000][754.406s][info ][safepoint     ] Entering safepoint region: Cleanup
[2023-11-13T02:39:24.491+0000][754.407s][info ][safepoint     ] Leaving safepoint region
[2023-11-13T02:39:24.491+0000][754.407s][info ][safepoint     ] Total time for which application threads were stopped: 0.0005841 seconds, Stopping threads took: 0.0001172 seconds
[2023-11-13T02:39:25.491+0000][755.407s][debug][safepoint     ] Safepoint synchronization initiated. (228 threads)
[2023-11-13T02:39:25.491+0000][755.407s][info ][safepoint     ] Application time: 1.0002762 seconds
[2023-11-13T02:39:25.491+0000][755.407s][info ][safepoint     ] Entering safepoint region: Cleanup
[2023-11-13T02:39:25.492+0000][755.408s][info ][safepoint     ] Leaving safepoint region
[2023-11-13T02:39:25.492+0000][755.408s][info ][safepoint     ] Total time for which application threads were stopped: 0.0007100 seconds, Stopping threads took: 0.0001367 seconds
[2023-11-13T02:39:26.492+0000][756.408s][debug][safepoint     ] Safepoint synchronization initiated. (228 threads)
[2023-11-13T02:39:26.492+0000][756.408s][info ][safepoint     ] Application time: 1.0002024 seconds
[2023-11-13T02:39:26.492+0000][756.408s][info ][safepoint     ] Entering safepoint region: Cleanup
[2023-11-13T02:39:26.493+0000][756.409s][info ][safepoint     ] Leaving safepoint region
[2023-11-13T02:39:26.493+0000][756.409s][info ][safepoint     ] Total time for which application threads were stopped: 0.0004497 seconds, Stopping threads took: 0.0001108 seconds
[2023-11-13T02:39:27.493+0000][757.409s][debug][safepoint     ] Safepoint synchronization initiated. (228 threads)
[2023-11-13T02:39:27.493+0000][757.409s][info ][safepoint     ] Application time: 1.0001920 seconds
[2023-11-13T02:39:27.493+0000][757.409s][debug][safepoint     ] ... found polling page return exception at pc = 0x00007f76a0301377, stub =0x00007f7698841800
[2023-11-13T02:39:27.493+0000][757.409s][debug][safepoint     ] Waiting for 2 thread(s) to block
[2023-11-13T02:39:27.493+0000][757.409s][info ][safepoint     ] Entering safepoint region: Cleanup
[2023-11-13T02:39:27.494+0000][757.410s][info ][safepoint     ] Leaving safepoint region
[2023-11-13T02:39:27.494+0000][757.410s][info ][safepoint     ] Total time for which application threads were stopped: 0.0010101 seconds, Stopping threads took: 0.0002624 seconds
[2023-11-13T02:39:28.495+0000][758.411s][debug][safepoint     ] Safepoint synchronization initiated. (228 threads)
[2023-11-13T02:39:28.495+0000][758.411s][info ][safepoint     ] Application time: 1.0013533 seconds
[2023-11-13T02:39:28.496+0000][758.411s][info ][safepoint     ] Entering safepoint region: Cleanup
[2023-11-13T02:39:28.496+0000][758.412s][info ][safepoint     ] Leaving safepoint region
[2023-11-13T02:39:28.496+0000][758.412s][info ][safepoint     ] Total time for which application threads were stopped: 0.0009520 seconds, Stopping threads took: 0.0001528 seconds
[2023-11-13T02:39:29.497+0000][759.413s][debug][safepoint     ] Safepoint synchronization initiated. (228 threads)
[2023-11-13T02:39:29.498+0000][759.413s][info ][safepoint     ] Application time: 1.0011253 seconds
[2023-11-13T02:39:29.498+0000][759.414s][info ][safepoint     ] Entering safepoint region: Cleanup
[2023-11-13T02:39:29.499+0000][759.415s][info ][safepoint     ] Leaving safepoint region
[2023-11-13T02:39:29.500+0000][759.415s][info ][safepoint     ] Total time for which application threads were stopped: 0.0014663 seconds, Stopping threads took: 0.0005179 seconds
[2023-11-13T02:39:30.500+0000][760.416s][debug][safepoint     ] Safepoint synchronization initiated. (228 threads)
[2023-11-13T02:39:30.500+0000][760.416s][info ][safepoint     ] Application time: 1.0002902 seconds
[2023-11-13T02:39:30.500+0000][760.416s][info ][safepoint     ] Entering safepoint region: Cleanup
[2023-11-13T02:39:30.501+0000][760.417s][info ][safepoint     ] Leaving safepoint region
[2023-11-13T02:39:30.501+0000][760.417s][info ][safepoint     ] Total time for which application threads were stopped: 0.0006483 seconds, Stopping threads took: 0.0001517 seconds
[2023-11-13T02:39:31.504+0000][761.420s][debug][safepoint     ] Safepoint synchronization initiated. (228 threads)
[2023-11-13T02:39:31.504+0000][761.420s][info ][safepoint     ] Application time: 1.0032165 seconds
[2023-11-13T02:39:31.504+0000][761.420s][info ][safepoint     ] Entering safepoint region: Cleanup
[2023-11-13T02:39:31.505+0000][761.421s][info ][safepoint     ] Leaving safepoint region
[2023-11-13T02:39:31.505+0000][761.421s][info ][safepoint     ] Total time for which application threads were stopped: 0.0005647 seconds, Stopping threads took: 0.0001483 seconds
[2023-11-13T02:39:32.505+0000][762.421s][debug][safepoint     ] Safepoint synchronization initiated. (228 threads)
[2023-11-13T02:39:32.505+0000][762.421s][info ][safepoint     ] Application time: 1.0001980 seconds
[2023-11-13T02:39:32.505+0000][762.421s][info ][safepoint     ] Entering safepoint region: Cleanup
[2023-11-13T02:39:32.505+0000][762.421s][info ][safepoint     ] Leaving safepoint region
[2023-11-13T02:39:32.506+0000][762.421s][info ][safepoint     ] Total time for which application threads were stopped: 0.0004431 seconds, Stopping threads took: 0.0001008 seconds
[2023-11-13T02:39:33.506+0000][763.422s][debug][safepoint     ] Safepoint synchronization initiated. (228 threads)
[2023-11-13T02:39:33.506+0000][763.422s][info ][safepoint     ] Application time: 1.0004422 seconds
[2023-11-13T02:39:33.506+0000][763.422s][info ][safepoint     ] Entering safepoint region: Cleanup
[2023-11-13T02:39:33.506+0000][763.422s][info ][safepoint     ] Leaving safepoint region
[2023-11-13T02:39:33.506+0000][763.422s][info ][safepoint     ] Total time for which application threads were stopped: 0.0004735 seconds, Stopping threads took: 0.0001149 seconds
[2023-11-13T02:39:34.507+0000][764.423s][debug][safepoint     ] Safepoint synchronization initiated. (228 threads)
[2023-11-13T02:39:34.507+0000][764.423s][info ][safepoint     ] Application time: 1.0005416 seconds
[2023-11-13T02:39:34.507+0000][764.423s][info ][safepoint     ] Entering safepoint region: Cleanup
[2023-11-13T02:39:34.508+0000][764.424s][info ][safepoint     ] Leaving safepoint region
[2023-11-13T02:39:34.508+0000][764.424s][info ][safepoint     ] Total time for which application threads were stopped: 0.0006716 seconds, Stopping threads took: 0.0001869 seconds
[2023-11-13T02:39:35.508+0000][765.424s][debug][safepoint     ] Safepoint synchronization initiated. (228 threads)
[2023-11-13T02:39:35.508+0000][765.424s][info ][safepoint     ] Application time: 1.0003490 seconds
[2023-11-13T02:39:35.508+0000][765.424s][info ][safepoint     ] Entering safepoint region: Cleanup
[2023-11-13T02:39:35.510+0000][765.426s][info ][safepoint     ] Leaving safepoint region
[2023-11-13T02:39:35.511+0000][765.427s][info ][safepoint     ] Total time for which application threads were stopped: 0.0025398 seconds, Stopping threads took: 0.0001456 seconds
[2023-11-13T02:39:36.513+0000][766.429s][debug][safepoint     ] Safepoint synchronization initiated. (228 threads)
[2023-11-13T02:39:36.513+0000][766.429s][info ][safepoint     ] Application time: 1.0014694 seconds
[2023-11-13T02:39:36.513+0000][766.429s][info ][safepoint     ] Entering safepoint region: Cleanup
[2023-11-13T02:39:36.514+0000][766.430s][info ][safepoint     ] Leaving safepoint region
[2023-11-13T02:39:36.514+0000][766.430s][info ][safepoint     ] Total time for which application threads were stopped: 0.0010368 seconds, Stopping threads took: 0.0001769 seconds
[2023-11-13T02:39:37.514+0000][767.430s][debug][safepoint     ] Safepoint synchronization initiated. (228 threads)
[2023-11-13T02:39:37.516+0000][767.431s][info ][safepoint     ] Application time: 1.0016236 seconds
[2023-11-13T02:39:37.516+0000][767.432s][info ][safepoint     ] Entering safepoint region: Cleanup
[2023-11-13T02:39:37.517+0000][767.433s][info ][safepoint     ] Leaving safepoint region
[2023-11-13T02:39:37.517+0000][767.433s][info ][safepoint     ] Total time for which application threads were stopped: 0.0014338 seconds, Stopping threads took: 0.0005989 seconds
[2023-11-13T02:39:38.518+0000][768.434s][debug][safepoint     ] Safepoint synchronization initiated. (228 threads)
[2023-11-13T02:39:38.519+0000][768.435s][info ][safepoint     ] Application time: 1.0012753 seconds
[2023-11-13T02:39:38.519+0000][768.435s][info ][safepoint     ] Entering safepoint region: Cleanup
[2023-11-13T02:39:38.520+0000][768.436s][info ][safepoint     ] Leaving safepoint region
[2023-11-13T02:39:38.521+0000][768.437s][info ][safepoint     ] Total time for which application threads were stopped: 0.0014358 seconds, Stopping threads took: 0.0001409 seconds
[2023-11-13T02:39:39.521+0000][769.437s][debug][safepoint     ] Safepoint synchronization initiated. (228 threads)
[2023-11-13T02:39:39.522+0000][769.438s][info ][safepoint     ] Application time: 1.0009771 seconds
[2023-11-13T02:39:39.522+0000][769.438s][info ][safepoint     ] Entering safepoint region: Cleanup
[2023-11-13T02:39:39.522+0000][769.438s][info ][safepoint     ] Leaving safepoint region
[2023-11-13T02:39:39.522+0000][769.438s][info ][safepoint     ] Total time for which application threads were stopped: 0.0006206 seconds, Stopping threads took: 0.0001354 seconds
[2023-11-13T02:39:40.523+0000][770.438s][debug][safepoint     ] Safepoint synchronization initiated. (228 threads)
[2023-11-13T02:39:40.523+0000][770.439s][info ][safepoint     ] Application time: 1.0003015 seconds
[2023-11-13T02:39:40.523+0000][770.439s][info ][safepoint     ] Entering safepoint region: Cleanup
[2023-11-13T02:39:40.523+0000][770.439s][info ][safepoint     ] Leaving safepoint region
[2023-11-13T02:39:40.523+0000][770.439s][info ][safepoint     ] Total time for which application threads were stopped: 0.0006395 seconds, Stopping threads took: 0.0001287 seconds
[2023-11-13T02:39:41.524+0000][771.439s][debug][safepoint     ] Safepoint synchronization initiated. (228 threads)
[2023-11-13T02:39:41.524+0000][771.439s][info ][safepoint     ] Application time: 1.0002104 seconds
[2023-11-13T02:39:41.524+0000][771.440s][info ][safepoint     ] Entering safepoint region: Cleanup
[2023-11-13T02:39:41.524+0000][771.440s][info ][safepoint     ] Leaving safepoint region
[2023-11-13T02:39:41.524+0000][771.440s][info ][safepoint     ] Total time for which application threads were stopped: 0.0005463 seconds, Stopping threads took: 0.0001116 seconds
[2023-11-13T02:39:42.524+0000][772.440s][debug][safepoint     ] Safepoint synchronization initiated. (228 threads)
[2023-11-13T02:39:42.524+0000][772.440s][info ][safepoint     ] Application time: 1.0001908 seconds
[2023-11-13T02:39:42.525+0000][772.440s][info ][safepoint     ] Entering safepoint region: Cleanup
[2023-11-13T02:39:42.525+0000][772.441s][info ][safepoint     ] Leaving safepoint region
[2023-11-13T02:39:42.525+0000][772.441s][info ][safepoint     ] Total time for which application threads were stopped: 0.0004783 seconds, Stopping threads took: 0.0001036 seconds
[2023-11-13T02:39:43.419+0000][773.335s][debug][safepoint     ] Safepoint synchronization initiated. (228 threads)
[2023-11-13T02:39:43.420+0000][773.335s][info ][safepoint     ] Application time: 0.8946734 seconds
[2023-11-13T02:39:43.420+0000][773.336s][info ][safepoint     ] Entering safepoint region: G1CollectForAllocation
[2023-11-13T02:39:43.421+0000][773.337s][info ][gc,start      ] GC(55) Pause Young (Normal) (G1 Evacuation Pause)
[2023-11-13T02:39:43.421+0000][773.337s][info ][gc,task       ] GC(55) Using 6 workers of 6 for evacuation
[2023-11-13T02:39:43.452+0000][773.368s][info ][gc,phases     ] GC(55)   Pre Evacuate Collection Set: 0.1ms
[2023-11-13T02:39:43.453+0000][773.368s][info ][gc,phases     ] GC(55)   Evacuate Collection Set: 20.8ms
[2023-11-13T02:39:43.453+0000][773.368s][info ][gc,phases     ] GC(55)   Post Evacuate Collection Set: 9.7ms
[2023-11-13T02:39:43.453+0000][773.369s][info ][gc,phases     ] GC(55)   Other: 0.9ms
[2023-11-13T02:39:43.453+0000][773.369s][info ][gc,heap       ] GC(55) Eden regions: 411->0(411)
[2023-11-13T02:39:43.453+0000][773.369s][info ][gc,heap       ] GC(55) Survivor regions: 2->2(52)
[2023-11-13T02:39:43.453+0000][773.369s][info ][gc,heap       ] GC(55) Old regions: 157->157
[2023-11-13T02:39:43.453+0000][773.369s][info ][gc,heap       ] GC(55) Humongous regions: 0->0
[2023-11-13T02:39:43.453+0000][773.369s][info ][gc,metaspace  ] GC(55) Metaspace: 164419K(169816K)->164419K(169816K) NonClass: 145480K(148696K)->145480K(148696K) Class: 18938K(21120K)->18938K(21120K)
[2023-11-13T02:39:43.453+0000][773.369s][info ][gc            ] GC(55) Pause Young (Normal) (G1 Evacuation Pause) 567M->156M(689M) 32.483ms
[2023-11-13T02:39:43.453+0000][773.369s][info ][gc,cpu        ] GC(55) User=0.07s Sys=0.00s Real=0.03s
[2023-11-13T02:39:43.454+0000][773.370s][info ][safepoint     ] Leaving safepoint region
[2023-11-13T02:39:43.454+0000][773.370s][info ][safepoint     ] Total time for which application threads were stopped: 0.0340995 seconds, Stopping threads took: 0.0002316 seconds
[2023-11-13T02:39:43.455+0000][773.370s][info ][gc,stringdedup] Concurrent String Deduplication (773.370s)
[2023-11-13T02:39:43.455+0000][773.370s][info ][gc,stringdedup] Concurrent String Deduplication 48.0B->48.0B(0.0B) avg 53.7% (773.370s, 773.370s) 0.093ms
[2023-11-13T02:39:44.454+0000][774.370s][debug][safepoint     ] Safepoint synchronization initiated. (228 threads)
[2023-11-13T02:39:44.454+0000][774.370s][info ][safepoint     ] Application time: 1.0002844 seconds
[2023-11-13T02:39:44.454+0000][774.370s][info ][safepoint     ] Entering safepoint region: Cleanup
[2023-11-13T02:39:44.454+0000][774.370s][info ][safepoint     ] Leaving safepoint region
[2023-11-13T02:39:44.455+0000][774.370s][info ][safepoint     ] Total time for which application threads were stopped: 0.0004097 seconds, Stopping threads took: 0.0000985 seconds
[2023-11-13T02:39:45.456+0000][775.371s][debug][safepoint     ] Safepoint synchronization initiated. (228 threads)
[2023-11-13T02:39:45.456+0000][775.372s][info ][safepoint     ] Application time: 1.0011637 seconds
[2023-11-13T02:39:45.456+0000][775.372s][info ][safepoint     ] Entering safepoint region: Cleanup
[2023-11-13T02:39:45.456+0000][775.372s][info ][safepoint     ] Leaving safepoint region
[2023-11-13T02:39:45.456+0000][775.372s][debug][safepoint     ] ... found polling page return exception at pc = 0x00007f76a0bcdf6a, stub =0x00007f7698841800
[2023-11-13T02:39:45.456+0000][775.372s][info ][safepoint     ] Total time for which application threads were stopped: 0.0007051 seconds, Stopping threads took: 0.0001531 seconds
[2023-11-13T02:39:46.458+0000][776.373s][debug][safepoint     ] Safepoint synchronization initiated. (228 threads)
[2023-11-13T02:39:46.458+0000][776.374s][info ][safepoint     ] Application time: 1.0011230 seconds
[2023-11-13T02:39:46.458+0000][776.374s][info ][safepoint     ] Entering safepoint region: Cleanup
[2023-11-13T02:39:46.458+0000][776.374s][info ][safepoint     ] Leaving safepoint region
[2023-11-13T02:39:46.458+0000][776.374s][info ][safepoint     ] Total time for which application threads were stopped: 0.0006210 seconds, Stopping threads took: 0.0001846 seconds
[2023-11-13T02:39:47.459+0000][777.374s][debug][safepoint     ] Safepoint synchronization initiated. (228 threads)
[2023-11-13T02:39:47.459+0000][777.374s][info ][safepoint     ] Application time: 1.0002474 seconds
[2023-11-13T02:39:47.459+0000][777.375s][info ][safepoint     ] Entering safepoint region: Cleanup
[2023-11-13T02:39:47.459+0000][777.375s][info ][safepoint     ] Leaving safepoint region
[2023-11-13T02:39:47.459+0000][777.375s][info ][safepoint     ] Total time for which application threads were stopped: 0.0005176 seconds, Stopping threads took: 0.0001300 seconds
[2023-11-13T02:39:47.459+0000][777.375s][debug][safepoint     ] ... found polling page return exception at pc = 0x00007f76a0bcdf6a, stub =0x00007f7698841800
[2023-11-13T02:39:48.460+0000][778.375s][debug][safepoint     ] Safepoint synchronization initiated. (228 threads)
[2023-11-13T02:39:48.460+0000][778.376s][info ][safepoint     ] Application time: 1.0008739 seconds
[2023-11-13T02:39:48.461+0000][778.377s][info ][safepoint     ] Entering safepoint region: Cleanup
[2023-11-13T02:39:48.466+0000][778.382s][info ][safepoint     ] Leaving safepoint region
[2023-11-13T02:39:48.467+0000][778.382s][info ][safepoint     ] Total time for which application threads were stopped: 0.0059795 seconds, Stopping threads took: 0.0006392 seconds
[2023-11-13T02:39:49.467+0000][779.383s][debug][safepoint     ] Safepoint synchronization initiated. (228 threads)
[2023-11-13T02:39:49.468+0000][779.384s][info ][safepoint     ] Application time: 1.0008905 seconds
[2023-11-13T02:39:49.469+0000][779.384s][info ][safepoint     ] Entering safepoint region: Cleanup
[2023-11-13T02:39:49.469+0000][779.385s][info ][safepoint     ] Leaving safepoint region
[2023-11-13T02:39:49.470+0000][779.386s][info ][safepoint     ] Total time for which application threads were stopped: 0.0014912 seconds, Stopping threads took: 0.0006653 seconds
[2023-11-13T02:39:50.471+0000][780.386s][debug][safepoint     ] Safepoint synchronization initiated. (228 threads)
[2023-11-13T02:39:50.471+0000][780.387s][info ][safepoint     ] Application time: 1.0007229 seconds
[2023-11-13T02:39:50.472+0000][780.388s][info ][safepoint     ] Entering safepoint region: Cleanup
[2023-11-13T02:39:50.473+0000][780.388s][info ][safepoint     ] Leaving safepoint region
[2023-11-13T02:39:50.473+0000][780.389s][info ][safepoint     ] Total time for which application threads were stopped: 0.0014958 seconds, Stopping threads took: 0.0005643 seconds
[2023-11-13T02:39:51.474+0000][781.390s][debug][safepoint     ] Safepoint synchronization initiated. (228 threads)
[2023-11-13T02:39:51.475+0000][781.391s][info ][safepoint     ] Application time: 1.0013156 seconds
[2023-11-13T02:39:51.476+0000][781.391s][info ][safepoint     ] Entering safepoint region: Cleanup
[2023-11-13T02:39:51.478+0000][781.394s][info ][safepoint     ] Leaving safepoint region
[2023-11-13T02:39:51.478+0000][781.394s][info ][safepoint     ] Total time for which application threads were stopped: 0.0031013 seconds, Stopping threads took: 0.0006456 seconds
[2023-11-13T02:39:52.479+0000][782.395s][debug][safepoint     ] Safepoint synchronization initiated. (228 threads)
[2023-11-13T02:39:52.479+0000][782.395s][info ][safepoint     ] Application time: 1.0003233 seconds
[2023-11-13T02:39:52.479+0000][782.395s][info ][safepoint     ] Entering safepoint region: Cleanup
[2023-11-13T02:39:52.480+0000][782.396s][info ][safepoint     ] Leaving safepoint region
[2023-11-13T02:39:52.480+0000][782.396s][info ][safepoint     ] Total time for which application threads were stopped: 0.0006855 seconds, Stopping threads took: 0.0001414 seconds
[2023-11-13T02:39:53.480+0000][783.396s][debug][safepoint     ] Safepoint synchronization initiated. (228 threads)
[2023-11-13T02:39:53.480+0000][783.396s][info ][safepoint     ] Application time: 1.0002912 seconds
[2023-11-13T02:39:53.480+0000][783.396s][info ][safepoint     ] Entering safepoint region: Cleanup
[2023-11-13T02:39:53.481+0000][783.397s][info ][safepoint     ] Leaving safepoint region
[2023-11-13T02:39:53.481+0000][783.397s][info ][safepoint     ] Total time for which application threads were stopped: 0.0006177 seconds, Stopping threads took: 0.0001241 seconds
[2023-11-13T02:39:54.481+0000][784.397s][debug][safepoint     ] Safepoint synchronization initiated. (228 threads)
[2023-11-13T02:39:54.481+0000][784.397s][info ][safepoint     ] Application time: 1.0002277 seconds
[2023-11-13T02:39:54.481+0000][784.397s][debug][safepoint     ] ... found polling page return exception at pc = 0x00007f76a0d0bdd1, stub =0x00007f7698841800
[2023-11-13T02:39:54.481+0000][784.397s][debug][safepoint     ] ... found polling page loop exception at pc = 0x00007f76a12c1f13, stub =0x00007f7698841b00
[2023-11-13T02:39:54.482+0000][784.398s][debug][safepoint     ] Waiting for 2 thread(s) to block
[2023-11-13T02:39:54.482+0000][784.398s][info ][safepoint     ] Entering safepoint region: Cleanup
[2023-11-13T02:39:54.486+0000][784.401s][info ][safepoint     ] Leaving safepoint region
[2023-11-13T02:39:54.486+0000][784.402s][info ][safepoint     ] Total time for which application threads were stopped: 0.0043676 seconds, Stopping threads took: 0.0009883 seconds
[2023-11-13T02:39:55.489+0000][785.405s][debug][safepoint     ] Safepoint synchronization initiated. (228 threads)
[2023-11-13T02:39:55.489+0000][785.405s][info ][safepoint     ] Application time: 1.0032885 seconds
[2023-11-13T02:39:55.489+0000][785.405s][debug][safepoint     ] ... found polling page loop exception at pc = 0x00007f76a124fc28, stub =0x00007f7698841b00
[2023-11-13T02:39:55.489+0000][785.405s][debug][safepoint     ] Waiting for 1 thread(s) to block
[2023-11-13T02:39:55.489+0000][785.405s][info ][safepoint     ] Entering safepoint region: Cleanup
[2023-11-13T02:39:55.490+0000][785.406s][info ][safepoint     ] Leaving safepoint region
[2023-11-13T02:39:55.490+0000][785.406s][info ][safepoint     ] Total time for which application threads were stopped: 0.0008540 seconds, Stopping threads took: 0.0004773 seconds
[2023-11-13T02:39:56.490+0000][786.406s][debug][safepoint     ] Safepoint synchronization initiated. (228 threads)
[2023-11-13T02:39:56.490+0000][786.406s][info ][safepoint     ] Application time: 1.0002899 seconds
[2023-11-13T02:39:56.490+0000][786.406s][debug][safepoint     ] ... found polling page return exception at pc = 0x00007f76a0d0bdd1, stub =0x00007f7698841800
[2023-11-13T02:39:56.490+0000][786.406s][debug][safepoint     ] Waiting for 1 thread(s) to block
[2023-11-13T02:39:56.491+0000][786.407s][info ][safepoint     ] Entering safepoint region: Cleanup
[2023-11-13T02:39:56.491+0000][786.407s][info ][safepoint     ] Leaving safepoint region
[2023-11-13T02:39:56.491+0000][786.407s][info ][safepoint     ] Total time for which application threads were stopped: 0.0011946 seconds, Stopping threads took: 0.0007821 seconds
[2023-11-13T02:39:57.492+0000][787.407s][debug][safepoint     ] Safepoint synchronization initiated. (228 threads)
[2023-11-13T02:39:57.492+0000][787.408s][info ][safepoint     ] Application time: 1.0006280 seconds
[2023-11-13T02:39:57.492+0000][787.408s][debug][safepoint     ] ... found polling page return exception at pc = 0x00007f76a1304ce0, stub =0x00007f7698841800
[2023-11-13T02:39:57.492+0000][787.408s][debug][safepoint     ] ... found polling page return exception at pc = 0x00007f76a06837e6, stub =0x00007f7698841800
[2023-11-13T02:39:57.493+0000][787.409s][debug][safepoint     ] Waiting for 2 thread(s) to block
[2023-11-13T02:39:57.493+0000][787.409s][info ][safepoint     ] Entering safepoint region: Cleanup
[2023-11-13T02:39:57.493+0000][787.409s][info ][safepoint     ] Leaving safepoint region
[2023-11-13T02:39:57.494+0000][787.409s][info ][safepoint     ] Total time for which application threads were stopped: 0.0011306 seconds, Stopping threads took: 0.0009241 seconds
[2023-11-13T02:39:58.494+0000][788.409s][debug][safepoint     ] Safepoint synchronization initiated. (228 threads)
[2023-11-13T02:39:58.494+0000][788.410s][info ][safepoint     ] Application time: 1.0001630 seconds
[2023-11-13T02:39:58.494+0000][788.410s][info ][safepoint     ] Entering safepoint region: Cleanup
[2023-11-13T02:39:58.494+0000][788.410s][info ][safepoint     ] Leaving safepoint region
[2023-11-13T02:39:58.494+0000][788.410s][info ][safepoint     ] Total time for which application threads were stopped: 0.0003376 seconds, Stopping threads took: 0.0001066 seconds
[2023-11-13T02:39:59.494+0000][789.410s][debug][safepoint     ] Safepoint synchronization initiated. (228 threads)
[2023-11-13T02:39:59.494+0000][789.410s][info ][safepoint     ] Application time: 1.0001552 seconds
[2023-11-13T02:39:59.494+0000][789.410s][info ][safepoint     ] Entering safepoint region: Cleanup
[2023-11-13T02:39:59.495+0000][789.410s][info ][safepoint     ] Leaving safepoint region
[2023-11-13T02:39:59.495+0000][789.410s][info ][safepoint     ] Total time for which application threads were stopped: 0.0002976 seconds, Stopping threads took: 0.0000886 seconds
[2023-11-13T02:40:00.495+0000][790.411s][debug][safepoint     ] Safepoint synchronization initiated. (228 threads)
[2023-11-13T02:40:00.495+0000][790.411s][info ][safepoint     ] Application time: 1.0001522 seconds
[2023-11-13T02:40:00.495+0000][790.411s][info ][safepoint     ] Entering safepoint region: Cleanup
[2023-11-13T02:40:00.495+0000][790.411s][info ][safepoint     ] Leaving safepoint region
[2023-11-13T02:40:00.495+0000][790.411s][info ][safepoint     ] Total time for which application threads were stopped: 0.0002932 seconds, Stopping threads took: 0.0000858 seconds
[2023-11-13T02:40:01.498+0000][791.414s][debug][safepoint     ] Safepoint synchronization initiated. (228 threads)
[2023-11-13T02:40:01.498+0000][791.414s][info ][safepoint     ] Application time: 1.0030829 seconds
[2023-11-13T02:40:01.498+0000][791.414s][info ][safepoint     ] Entering safepoint region: Cleanup
[2023-11-13T02:40:01.499+0000][791.415s][info ][safepoint     ] Leaving safepoint region
[2023-11-13T02:40:01.499+0000][791.415s][info ][safepoint     ] Total time for which application threads were stopped: 0.0007037 seconds, Stopping threads took: 0.0001325 seconds
[2023-11-13T02:40:02.503+0000][792.419s][debug][safepoint     ] Safepoint synchronization initiated. (228 threads)
[2023-11-13T02:40:02.503+0000][792.419s][info ][safepoint     ] Application time: 1.0045380 seconds
[2023-11-13T02:40:02.504+0000][792.419s][info ][safepoint     ] Entering safepoint region: Cleanup
[2023-11-13T02:40:02.504+0000][792.420s][info ][safepoint     ] Leaving safepoint region
[2023-11-13T02:40:02.504+0000][792.420s][info ][safepoint     ] Total time for which application threads were stopped: 0.0005887 seconds, Stopping threads took: 0.0001410 seconds
[2023-11-13T02:40:03.142+0000][793.058s][debug][safepoint     ] Safepoint synchronization initiated. (228 threads)
[2023-11-13T02:40:03.142+0000][793.058s][info ][safepoint     ] Application time: 0.6381434 seconds
[2023-11-13T02:40:03.142+0000][793.058s][info ][safepoint     ] Entering safepoint region: G1CollectForAllocation
[2023-11-13T02:40:03.152+0000][793.068s][info ][gc,start      ] GC(56) Pause Young (Normal) (G1 Evacuation Pause)
[2023-11-13T02:40:03.152+0000][793.068s][info ][gc,task       ] GC(56) Using 6 workers of 6 for evacuation
[2023-11-13T02:40:03.190+0000][793.106s][info ][gc,phases     ] GC(56)   Pre Evacuate Collection Set: 0.0ms
[2023-11-13T02:40:03.190+0000][793.106s][info ][gc,phases     ] GC(56)   Evacuate Collection Set: 10.2ms
[2023-11-13T02:40:03.190+0000][793.106s][info ][gc,phases     ] GC(56)   Post Evacuate Collection Set: 26.8ms
[2023-11-13T02:40:03.190+0000][793.106s][info ][gc,phases     ] GC(56)   Other: 0.8ms
[2023-11-13T02:40:03.190+0000][793.106s][info ][gc,heap       ] GC(56) Eden regions: 411->0(411)
[2023-11-13T02:40:03.190+0000][793.106s][info ][gc,heap       ] GC(56) Survivor regions: 2->2(52)
[2023-11-13T02:40:03.190+0000][793.106s][info ][gc,heap       ] GC(56) Old regions: 157->157
[2023-11-13T02:40:03.190+0000][793.106s][info ][gc,heap       ] GC(56) Humongous regions: 0->0
[2023-11-13T02:40:03.190+0000][793.106s][info ][gc,metaspace  ] GC(56) Metaspace: 164419K(169816K)->164419K(169816K) NonClass: 145480K(148696K)->145480K(148696K) Class: 18938K(21120K)->18938K(21120K)
[2023-11-13T02:40:03.190+0000][793.106s][info ][gc            ] GC(56) Pause Young (Normal) (G1 Evacuation Pause) 567M->156M(689M) 38.154ms
[2023-11-13T02:40:03.191+0000][793.106s][info ][gc,cpu        ] GC(56) User=0.05s Sys=0.01s Real=0.04s
[2023-11-13T02:40:03.191+0000][793.106s][info ][safepoint     ] Leaving safepoint region
[2023-11-13T02:40:03.191+0000][793.107s][info ][safepoint     ] Total time for which application threads were stopped: 0.0484143 seconds, Stopping threads took: 0.0001276 seconds
[2023-11-13T02:40:03.191+0000][793.107s][info ][gc,stringdedup] Concurrent String Deduplication (793.107s)
[2023-11-13T02:40:03.191+0000][793.107s][info ][gc,stringdedup] Concurrent String Deduplication 0.0B->0.0B(0.0B) avg 53.7% (793.107s, 793.107s) 0.083ms
[2023-11-13T02:40:04.191+0000][794.107s][debug][safepoint     ] Safepoint synchronization initiated. (228 threads)
[2023-11-13T02:40:04.191+0000][794.107s][info ][safepoint     ] Application time: 1.0007602 seconds
[2023-11-13T02:40:04.192+0000][794.107s][info ][safepoint     ] Entering safepoint region: Cleanup
[2023-11-13T02:40:04.192+0000][794.108s][info ][safepoint     ] Leaving safepoint region
[2023-11-13T02:40:04.192+0000][794.108s][info ][safepoint     ] Total time for which application threads were stopped: 0.0006650 seconds, Stopping threads took: 0.0001376 seconds
[2023-11-13T02:40:05.192+0000][795.108s][debug][safepoint     ] Safepoint synchronization initiated. (228 threads)
[2023-11-13T02:40:05.192+0000][795.108s][info ][safepoint     ] Application time: 1.0002782 seconds
[2023-11-13T02:40:05.193+0000][795.108s][info ][safepoint     ] Entering safepoint region: Cleanup
[2023-11-13T02:40:05.193+0000][795.109s][info ][safepoint     ] Leaving safepoint region
[2023-11-13T02:40:05.193+0000][795.109s][info ][safepoint     ] Total time for which application threads were stopped: 0.0008005 seconds, Stopping threads took: 0.0001242 seconds
[2023-11-13T02:40:06.193+0000][796.109s][debug][safepoint     ] Safepoint synchronization initiated. (228 threads)
[2023-11-13T02:40:06.194+0000][796.109s][info ][safepoint     ] Application time: 1.0002953 seconds
[2023-11-13T02:40:06.194+0000][796.110s][info ][safepoint     ] Entering safepoint region: Cleanup
[2023-11-13T02:40:06.194+0000][796.110s][info ][safepoint     ] Leaving safepoint region
[2023-11-13T02:40:06.194+0000][796.110s][info ][safepoint     ] Total time for which application threads were stopped: 0.0006133 seconds, Stopping threads took: 0.0001385 seconds
[2023-11-13T02:40:07.196+0000][797.112s][debug][safepoint     ] Safepoint synchronization initiated. (228 threads)
[2023-11-13T02:40:07.196+0000][797.112s][info ][safepoint     ] Application time: 1.0020257 seconds
[2023-11-13T02:40:07.196+0000][797.112s][info ][safepoint     ] Entering safepoint region: Cleanup
[2023-11-13T02:40:07.197+0000][797.113s][info ][safepoint     ] Leaving safepoint region
[2023-11-13T02:40:07.197+0000][797.113s][info ][safepoint     ] Total time for which application threads were stopped: 0.0006245 seconds, Stopping threads took: 0.0001437 seconds
[2023-11-13T02:40:08.197+0000][798.113s][debug][safepoint     ] Safepoint synchronization initiated. (228 threads)
[2023-11-13T02:40:08.197+0000][798.113s][info ][safepoint     ] Application time: 1.0002185 seconds
[2023-11-13T02:40:08.197+0000][798.113s][info ][safepoint     ] Entering safepoint region: Cleanup
[2023-11-13T02:40:08.198+0000][798.114s][info ][safepoint     ] Leaving safepoint region
[2023-11-13T02:40:08.198+0000][798.114s][info ][safepoint     ] Total time for which application threads were stopped: 0.0006879 seconds, Stopping threads took: 0.0001425 seconds
[2023-11-13T02:40:09.198+0000][799.114s][debug][safepoint     ] Safepoint synchronization initiated. (228 threads)
[2023-11-13T02:40:09.198+0000][799.114s][info ][safepoint     ] Application time: 1.0002052 seconds
[2023-11-13T02:40:09.198+0000][799.114s][info ][safepoint     ] Entering safepoint region: Cleanup
[2023-11-13T02:40:09.199+0000][799.115s][info ][safepoint     ] Leaving safepoint region
[2023-11-13T02:40:09.199+0000][799.115s][info ][safepoint     ] Total time for which application threads were stopped: 0.0004640 seconds, Stopping threads took: 0.0001298 seconds
[2023-11-13T02:40:10.199+0000][800.115s][debug][safepoint     ] Safepoint synchronization initiated. (228 threads)
[2023-11-13T02:40:10.199+0000][800.115s][info ][safepoint     ] Application time: 1.0005926 seconds
[2023-11-13T02:40:10.200+0000][800.116s][info ][safepoint     ] Entering safepoint region: Cleanup
[2023-11-13T02:40:10.200+0000][800.116s][info ][safepoint     ] Leaving safepoint region
[2023-11-13T02:40:10.201+0000][800.117s][info ][safepoint     ] Total time for which application threads were stopped: 0.0011412 seconds, Stopping threads took: 0.0004462 seconds
[2023-11-13T02:40:11.201+0000][801.117s][debug][safepoint     ] Safepoint synchronization initiated. (228 threads)
[2023-11-13T02:40:11.202+0000][801.118s][info ][safepoint     ] Application time: 1.0009730 seconds
[2023-11-13T02:40:11.203+0000][801.118s][info ][safepoint     ] Entering safepoint region: Cleanup
[2023-11-13T02:40:11.203+0000][801.119s][info ][safepoint     ] Leaving safepoint region
[2023-11-13T02:40:11.204+0000][801.119s][info ][safepoint     ] Total time for which application threads were stopped: 0.0010469 seconds, Stopping threads took: 0.0004319 seconds
[2023-11-13T02:40:12.204+0000][802.120s][debug][safepoint     ] Safepoint synchronization initiated. (228 threads)
[2023-11-13T02:40:12.205+0000][802.121s][info ][safepoint     ] Application time: 1.0007662 seconds
[2023-11-13T02:40:12.205+0000][802.121s][info ][safepoint     ] Entering safepoint region: Cleanup
[2023-11-13T02:40:12.207+0000][802.122s][info ][safepoint     ] Leaving safepoint region
[2023-11-13T02:40:12.207+0000][802.123s][info ][safepoint     ] Total time for which application threads were stopped: 0.0023594 seconds, Stopping threads took: 0.0013843 seconds
[2023-11-13T02:40:13.208+0000][803.124s][debug][safepoint     ] Safepoint synchronization initiated. (228 threads)
[2023-11-13T02:40:13.209+0000][803.125s][info ][safepoint     ] Application time: 1.0013697 seconds
[2023-11-13T02:40:13.209+0000][803.125s][info ][safepoint     ] Entering safepoint region: Cleanup
[2023-11-13T02:40:13.210+0000][803.126s][info ][safepoint     ] Leaving safepoint region
[2023-11-13T02:40:13.211+0000][803.126s][info ][safepoint     ] Total time for which application threads were stopped: 0.0011825 seconds, Stopping threads took: 0.0004389 seconds
[2023-11-13T02:40:14.212+0000][804.128s][debug][safepoint     ] Safepoint synchronization initiated. (228 threads)
[2023-11-13T02:40:14.212+0000][804.128s][info ][safepoint     ] Application time: 1.0013123 seconds
[2023-11-13T02:40:14.212+0000][804.128s][info ][safepoint     ] Entering safepoint region: Cleanup
[2023-11-13T02:40:14.213+0000][804.129s][info ][safepoint     ] Leaving safepoint region
[2023-11-13T02:40:14.213+0000][804.129s][info ][safepoint     ] Total time for which application threads were stopped: 0.0006858 seconds, Stopping threads took: 0.0001348 seconds
[2023-11-13T02:40:15.213+0000][805.129s][debug][safepoint     ] Safepoint synchronization initiated. (228 threads)
[2023-11-13T02:40:15.213+0000][805.129s][info ][safepoint     ] Application time: 1.0001962 seconds
[2023-11-13T02:40:15.213+0000][805.129s][info ][safepoint     ] Entering safepoint region: Cleanup
[2023-11-13T02:40:15.214+0000][805.129s][info ][safepoint     ] Leaving safepoint region
[2023-11-13T02:40:15.214+0000][805.129s][info ][safepoint     ] Total time for which application threads were stopped: 0.0004319 seconds, Stopping threads took: 0.0001094 seconds
[2023-11-13T02:40:16.214+0000][806.130s][debug][safepoint     ] Safepoint synchronization initiated. (228 threads)
[2023-11-13T02:40:16.214+0000][806.130s][info ][safepoint     ] Application time: 1.0001872 seconds
[2023-11-13T02:40:16.215+0000][806.131s][info ][safepoint     ] Entering safepoint region: Cleanup
[2023-11-13T02:40:16.215+0000][806.131s][info ][safepoint     ] Leaving safepoint region
[2023-11-13T02:40:16.215+0000][806.131s][info ][safepoint     ] Total time for which application threads were stopped: 0.0013051 seconds, Stopping threads took: 0.0008822 seconds
[2023-11-13T02:40:17.215+0000][807.131s][debug][safepoint     ] Safepoint synchronization initiated. (228 threads)
[2023-11-13T02:40:17.215+0000][807.131s][info ][safepoint     ] Application time: 1.0002490 seconds
[2023-11-13T02:40:17.216+0000][807.131s][info ][safepoint     ] Entering safepoint region: Cleanup
[2023-11-13T02:40:17.216+0000][807.132s][info ][safepoint     ] Leaving safepoint region
[2023-11-13T02:40:17.216+0000][807.132s][info ][safepoint     ] Total time for which application threads were stopped: 0.0005244 seconds, Stopping threads took: 0.0001285 seconds
[2023-11-13T02:40:18.216+0000][808.132s][debug][safepoint     ] Safepoint synchronization initiated. (228 threads)
[2023-11-13T02:40:18.216+0000][808.132s][info ][safepoint     ] Application time: 1.0004172 seconds
[2023-11-13T02:40:18.217+0000][808.132s][info ][safepoint     ] Entering safepoint region: Cleanup
[2023-11-13T02:40:18.217+0000][808.133s][info ][safepoint     ] Leaving safepoint region
[2023-11-13T02:40:18.218+0000][808.133s][info ][safepoint     ] Total time for which application threads were stopped: 0.0010521 seconds, Stopping threads took: 0.0001133 seconds
[2023-11-13T02:40:19.218+0000][809.134s][debug][safepoint     ] Safepoint synchronization initiated. (228 threads)
[2023-11-13T02:40:19.218+0000][809.134s][info ][safepoint     ] Application time: 1.0002263 seconds
[2023-11-13T02:40:19.218+0000][809.134s][info ][safepoint     ] Entering safepoint region: Cleanup
[2023-11-13T02:40:19.219+0000][809.135s][info ][safepoint     ] Leaving safepoint region
[2023-11-13T02:40:19.220+0000][809.135s][info ][safepoint     ] Total time for which application threads were stopped: 0.0017405 seconds, Stopping threads took: 0.0008823 seconds
[2023-11-13T02:40:20.220+0000][810.136s][debug][safepoint     ] Safepoint synchronization initiated. (228 threads)
[2023-11-13T02:40:20.220+0000][810.136s][info ][safepoint     ] Application time: 1.0002214 seconds
[2023-11-13T02:40:20.220+0000][810.136s][info ][safepoint     ] Entering safepoint region: Cleanup
[2023-11-13T02:40:20.220+0000][810.136s][info ][safepoint     ] Leaving safepoint region
[2023-11-13T02:40:20.220+0000][810.136s][info ][safepoint     ] Total time for which application threads were stopped: 0.0005294 seconds, Stopping threads took: 0.0001033 seconds
[2023-11-13T02:40:21.221+0000][811.136s][debug][safepoint     ] Safepoint synchronization initiated. (228 threads)
[2023-11-13T02:40:21.221+0000][811.137s][info ][safepoint     ] Application time: 1.0008405 seconds
[2023-11-13T02:40:21.222+0000][811.138s][debug][safepoint     ] ... found polling page return exception at pc = 0x00007f76a02f60a2, stub =0x00007f7698841800
[2023-11-13T02:40:21.222+0000][811.138s][debug][safepoint     ] Waiting for 2 thread(s) to block
[2023-11-13T02:40:21.223+0000][811.139s][info ][safepoint     ] Entering safepoint region: Cleanup
[2023-11-13T02:40:21.224+0000][811.140s][info ][safepoint     ] Leaving safepoint region
[2023-11-13T02:40:21.225+0000][811.141s][info ][safepoint     ] Total time for which application threads were stopped: 0.0029786 seconds, Stopping threads took: 0.0019685 seconds
[2023-11-13T02:40:22.226+0000][812.142s][debug][safepoint     ] Safepoint synchronization initiated. (228 threads)
[2023-11-13T02:40:22.227+0000][812.143s][info ][safepoint     ] Application time: 1.0015284 seconds
[2023-11-13T02:40:22.227+0000][812.143s][info ][safepoint     ] Entering safepoint region: Cleanup
[2023-11-13T02:40:22.229+0000][812.145s][info ][safepoint     ] Leaving safepoint region
[2023-11-13T02:40:22.229+0000][812.145s][info ][safepoint     ] Total time for which application threads were stopped: 0.0019144 seconds, Stopping threads took: 0.0005935 seconds
[2023-11-13T02:40:23.230+0000][813.146s][debug][safepoint     ] Safepoint synchronization initiated. (228 threads)
[2023-11-13T02:40:23.230+0000][813.146s][info ][safepoint     ] Application time: 1.0002448 seconds
[2023-11-13T02:40:23.230+0000][813.146s][info ][safepoint     ] Entering safepoint region: Cleanup
[2023-11-13T02:40:23.230+0000][813.146s][info ][safepoint     ] Leaving safepoint region
[2023-11-13T02:40:23.230+0000][813.146s][info ][safepoint     ] Total time for which application threads were stopped: 0.0006385 seconds, Stopping threads took: 0.0001798 seconds
[2023-11-13T02:40:24.034+0000][813.950s][debug][safepoint     ] Safepoint synchronization initiated. (228 threads)
[2023-11-13T02:40:24.034+0000][813.950s][info ][safepoint     ] Application time: 0.8037853 seconds
[2023-11-13T02:40:24.034+0000][813.950s][info ][safepoint     ] Entering safepoint region: G1CollectForAllocation
[2023-11-13T02:40:24.035+0000][813.951s][info ][gc,start      ] GC(57) Pause Young (Normal) (G1 Evacuation Pause)
[2023-11-13T02:40:24.035+0000][813.951s][info ][gc,task       ] GC(57) Using 6 workers of 6 for evacuation
[2023-11-13T02:40:24.051+0000][813.967s][info ][gc,phases     ] GC(57)   Pre Evacuate Collection Set: 0.1ms
[2023-11-13T02:40:24.051+0000][813.967s][info ][gc,phases     ] GC(57)   Evacuate Collection Set: 8.3ms
[2023-11-13T02:40:24.051+0000][813.967s][info ][gc,phases     ] GC(57)   Post Evacuate Collection Set: 7.2ms
[2023-11-13T02:40:24.051+0000][813.967s][info ][gc,phases     ] GC(57)   Other: 0.6ms
[2023-11-13T02:40:24.051+0000][813.967s][info ][gc,heap       ] GC(57) Eden regions: 411->0(411)
[2023-11-13T02:40:24.051+0000][813.967s][info ][gc,heap       ] GC(57) Survivor regions: 2->2(52)
[2023-11-13T02:40:24.051+0000][813.967s][info ][gc,heap       ] GC(57) Old regions: 157->157
[2023-11-13T02:40:24.051+0000][813.967s][info ][gc,heap       ] GC(57) Humongous regions: 0->0
[2023-11-13T02:40:24.051+0000][813.967s][info ][gc,metaspace  ] GC(57) Metaspace: 164431K(170072K)->164431K(170072K) NonClass: 145492K(148952K)->145492K(148952K) Class: 18938K(21120K)->18938K(21120K)
[2023-11-13T02:40:24.051+0000][813.967s][info ][gc            ] GC(57) Pause Young (Normal) (G1 Evacuation Pause) 567M->156M(689M) 16.342ms
[2023-11-13T02:40:24.051+0000][813.967s][info ][gc,cpu        ] GC(57) User=0.03s Sys=0.00s Real=0.01s
[2023-11-13T02:40:24.051+0000][813.967s][info ][safepoint     ] Leaving safepoint region
[2023-11-13T02:40:24.051+0000][813.967s][info ][safepoint     ] Total time for which application threads were stopped: 0.0169956 seconds, Stopping threads took: 0.0000969 seconds
[2023-11-13T02:40:24.051+0000][813.967s][info ][gc,stringdedup] Concurrent String Deduplication (813.967s)
[2023-11-13T02:40:24.051+0000][813.967s][info ][gc,stringdedup] Concurrent String Deduplication 664.0B->56.0B(608.0B) avg 53.7% (813.967s, 813.967s) 0.064ms
[2023-11-13T02:40:25.053+0000][814.968s][debug][safepoint     ] Safepoint synchronization initiated. (228 threads)
[2023-11-13T02:40:25.053+0000][814.969s][info ][safepoint     ] Application time: 1.0014266 seconds
[2023-11-13T02:40:25.053+0000][814.969s][info ][safepoint     ] Entering safepoint region: Cleanup
[2023-11-13T02:40:25.054+0000][814.970s][info ][safepoint     ] Leaving safepoint region
[2023-11-13T02:40:25.054+0000][814.970s][info ][safepoint     ] Total time for which application threads were stopped: 0.0010996 seconds, Stopping threads took: 0.0001484 seconds
[2023-11-13T02:40:26.054+0000][815.970s][debug][safepoint     ] Safepoint synchronization initiated. (228 threads)
[2023-11-13T02:40:26.054+0000][815.970s][info ][safepoint     ] Application time: 1.0002771 seconds
[2023-11-13T02:40:26.054+0000][815.970s][info ][safepoint     ] Entering safepoint region: Cleanup
[2023-11-13T02:40:26.055+0000][815.971s][info ][safepoint     ] Leaving safepoint region
[2023-11-13T02:40:26.055+0000][815.971s][info ][safepoint     ] Total time for which application threads were stopped: 0.0005364 seconds, Stopping threads took: 0.0001253 seconds
[2023-11-13T02:40:27.055+0000][816.971s][debug][safepoint     ] Safepoint synchronization initiated. (228 threads)
[2023-11-13T02:40:27.055+0000][816.971s][info ][safepoint     ] Application time: 1.0002282 seconds
[2023-11-13T02:40:27.055+0000][816.971s][info ][safepoint     ] Entering safepoint region: Cleanup
[2023-11-13T02:40:27.055+0000][816.971s][info ][safepoint     ] Leaving safepoint region
[2023-11-13T02:40:27.056+0000][816.971s][info ][safepoint     ] Total time for which application threads were stopped: 0.0005265 seconds, Stopping threads took: 0.0001226 seconds
[2023-11-13T02:40:28.056+0000][817.972s][debug][safepoint     ] Safepoint synchronization initiated. (228 threads)
[2023-11-13T02:40:28.056+0000][817.972s][info ][safepoint     ] Application time: 1.0002321 seconds
[2023-11-13T02:40:28.056+0000][817.972s][info ][safepoint     ] Entering safepoint region: Cleanup
[2023-11-13T02:40:28.056+0000][817.972s][info ][safepoint     ] Leaving safepoint region
[2023-11-13T02:40:28.057+0000][817.972s][info ][safepoint     ] Total time for which application threads were stopped: 0.0006647 seconds, Stopping threads took: 0.0001337 seconds
[2023-11-13T02:40:29.057+0000][818.973s][debug][safepoint     ] Safepoint synchronization initiated. (228 threads)
[2023-11-13T02:40:29.057+0000][818.973s][info ][safepoint     ] Application time: 1.0004964 seconds
[2023-11-13T02:40:29.057+0000][818.973s][info ][safepoint     ] Entering safepoint region: Cleanup
[2023-11-13T02:40:29.058+0000][818.974s][info ][safepoint     ] Leaving safepoint region
[2023-11-13T02:40:29.058+0000][818.974s][info ][safepoint     ] Total time for which application threads were stopped: 0.0007984 seconds, Stopping threads took: 0.0001349 seconds
[2023-11-13T02:40:30.058+0000][819.974s][debug][safepoint     ] Safepoint synchronization initiated. (228 threads)
[2023-11-13T02:40:30.059+0000][819.975s][info ][safepoint     ] Application time: 1.0005039 seconds
[2023-11-13T02:40:30.059+0000][819.975s][info ][safepoint     ] Entering safepoint region: Cleanup
[2023-11-13T02:40:30.059+0000][819.975s][info ][safepoint     ] Leaving safepoint region
[2023-11-13T02:40:30.060+0000][819.975s][info ][safepoint     ] Total time for which application threads were stopped: 0.0006748 seconds, Stopping threads took: 0.0002685 seconds
[2023-11-13T02:40:31.060+0000][820.976s][debug][safepoint     ] Safepoint synchronization initiated. (228 threads)
[2023-11-13T02:40:31.060+0000][820.976s][info ][safepoint     ] Application time: 1.0002745 seconds
[2023-11-13T02:40:31.060+0000][820.976s][info ][safepoint     ] Entering safepoint region: Cleanup
[2023-11-13T02:40:31.061+0000][820.977s][info ][safepoint     ] Leaving safepoint region
[2023-11-13T02:40:31.061+0000][820.977s][info ][safepoint     ] Total time for which application threads were stopped: 0.0006792 seconds, Stopping threads took: 0.0001415 seconds
[2023-11-13T02:40:32.061+0000][821.977s][debug][safepoint     ] Safepoint synchronization initiated. (228 threads)
[2023-11-13T02:40:32.061+0000][821.977s][info ][safepoint     ] Application time: 1.0002326 seconds
[2023-11-13T02:40:32.064+0000][821.980s][debug][safepoint     ] ... found polling page return exception at pc = 0x00007f76a1226b6e, stub =0x00007f7698841800
[2023-11-13T02:40:32.064+0000][821.980s][debug][safepoint     ] Waiting for 1 thread(s) to block
[2023-11-13T02:40:32.064+0000][821.980s][info ][safepoint     ] Entering safepoint region: Cleanup
[2023-11-13T02:40:32.065+0000][821.981s][info ][safepoint     ] Leaving safepoint region
[2023-11-13T02:40:32.065+0000][821.981s][info ][safepoint     ] Total time for which application threads were stopped: 0.0039564 seconds, Stopping threads took: 0.0033947 seconds
[2023-11-13T02:40:33.065+0000][822.981s][debug][safepoint     ] Safepoint synchronization initiated. (228 threads)
[2023-11-13T02:40:33.065+0000][822.981s][info ][safepoint     ] Application time: 1.0002181 seconds
[2023-11-13T02:40:33.065+0000][822.981s][info ][safepoint     ] Entering safepoint region: Cleanup
[2023-11-13T02:40:33.066+0000][822.982s][info ][safepoint     ] Leaving safepoint region
[2023-11-13T02:40:33.066+0000][822.982s][info ][safepoint     ] Total time for which application threads were stopped: 0.0004871 seconds, Stopping threads took: 0.0001118 seconds
[2023-11-13T02:40:34.066+0000][823.982s][debug][safepoint     ] Safepoint synchronization initiated. (228 threads)
[2023-11-13T02:40:34.066+0000][823.982s][info ][safepoint     ] Application time: 1.0003236 seconds
[2023-11-13T02:40:34.066+0000][823.982s][info ][safepoint     ] Entering safepoint region: Cleanup
[2023-11-13T02:40:34.067+0000][823.983s][info ][safepoint     ] Leaving safepoint region
[2023-11-13T02:40:34.067+0000][823.983s][info ][safepoint     ] Total time for which application threads were stopped: 0.0006118 seconds, Stopping threads took: 0.0001397 seconds
[2023-11-13T02:40:35.067+0000][824.983s][debug][safepoint     ] Safepoint synchronization initiated. (228 threads)
[2023-11-13T02:40:35.067+0000][824.983s][info ][safepoint     ] Application time: 1.0006284 seconds
[2023-11-13T02:40:35.068+0000][824.983s][info ][safepoint     ] Entering safepoint region: Cleanup
[2023-11-13T02:40:35.068+0000][824.984s][info ][safepoint     ] Leaving safepoint region
[2023-11-13T02:40:35.068+0000][824.984s][info ][safepoint     ] Total time for which application threads were stopped: 0.0005341 seconds, Stopping threads took: 0.0001413 seconds
[2023-11-13T02:40:36.068+0000][825.984s][debug][safepoint     ] Safepoint synchronization initiated. (228 threads)
[2023-11-13T02:40:36.068+0000][825.984s][info ][safepoint     ] Application time: 1.0002608 seconds
[2023-11-13T02:40:36.068+0000][825.984s][info ][safepoint     ] Entering safepoint region: Cleanup
[2023-11-13T02:40:36.069+0000][825.985s][info ][safepoint     ] Leaving safepoint region
[2023-11-13T02:40:36.069+0000][825.985s][info ][safepoint     ] Total time for which application threads were stopped: 0.0005501 seconds, Stopping threads took: 0.0001204 seconds
[2023-11-13T02:40:36.069+0000][825.985s][debug][safepoint     ] ... found polling page return exception at pc = 0x00007f76a0bcdf6a, stub =0x00007f7698841800
[2023-11-13T02:40:37.069+0000][826.985s][debug][safepoint     ] Safepoint synchronization initiated. (228 threads)
[2023-11-13T02:40:37.069+0000][826.985s][info ][safepoint     ] Application time: 1.0002890 seconds
[2023-11-13T02:40:37.069+0000][826.985s][debug][safepoint     ] Waiting for 1 thread(s) to block
[2023-11-13T02:40:37.070+0000][826.985s][info ][safepoint     ] Entering safepoint region: Cleanup
[2023-11-13T02:40:37.070+0000][826.986s][info ][safepoint     ] Leaving safepoint region
[2023-11-13T02:40:37.070+0000][826.986s][info ][safepoint     ] Total time for which application threads were stopped: 0.0008912 seconds, Stopping threads took: 0.0003020 seconds
[2023-11-13T02:40:38.071+0000][827.987s][debug][safepoint     ] Safepoint synchronization initiated. (228 threads)
[2023-11-13T02:40:38.071+0000][827.987s][info ][safepoint     ] Application time: 1.0010242 seconds
[2023-11-13T02:40:38.071+0000][827.987s][info ][safepoint     ] Entering safepoint region: Cleanup
[2023-11-13T02:40:38.072+0000][827.988s][info ][safepoint     ] Leaving safepoint region
[2023-11-13T02:40:38.072+0000][827.988s][info ][safepoint     ] Total time for which application threads were stopped: 0.0005761 seconds, Stopping threads took: 0.0001529 seconds
[2023-11-13T02:40:39.072+0000][828.988s][debug][safepoint     ] Safepoint synchronization initiated. (228 threads)
[2023-11-13T02:40:39.072+0000][828.988s][info ][safepoint     ] Application time: 1.0002278 seconds
[2023-11-13T02:40:39.072+0000][828.988s][debug][safepoint     ] Waiting for 1 thread(s) to block
[2023-11-13T02:40:39.073+0000][828.989s][info ][safepoint     ] Entering safepoint region: Cleanup
[2023-11-13T02:40:39.073+0000][828.989s][info ][safepoint     ] Leaving safepoint region
[2023-11-13T02:40:39.073+0000][828.989s][info ][safepoint     ] Total time for which application threads were stopped: 0.0012779 seconds, Stopping threads took: 0.0008036 seconds
[2023-11-13T02:40:40.074+0000][829.990s][debug][safepoint     ] Safepoint synchronization initiated. (228 threads)
[2023-11-13T02:40:40.074+0000][829.990s][info ][safepoint     ] Application time: 1.0007549 seconds
[2023-11-13T02:40:40.074+0000][829.990s][info ][safepoint     ] Entering safepoint region: Cleanup
[2023-11-13T02:40:40.075+0000][829.991s][info ][safepoint     ] Leaving safepoint region
[2023-11-13T02:40:40.075+0000][829.991s][info ][safepoint     ] Total time for which application threads were stopped: 0.0011956 seconds, Stopping threads took: 0.0001490 seconds
[2023-11-13T02:40:41.079+0000][830.994s][debug][safepoint     ] Safepoint synchronization initiated. (228 threads)
[2023-11-13T02:40:41.079+0000][830.995s][info ][safepoint     ] Application time: 1.0037316 seconds
[2023-11-13T02:40:41.080+0000][830.995s][debug][safepoint     ] ... found polling page return exception at pc = 0x00007f76a0303205, stub =0x00007f7698841800
[2023-11-13T02:40:41.080+0000][830.996s][debug][safepoint     ] Waiting for 1 thread(s) to block
[2023-11-13T02:40:41.081+0000][830.996s][info ][safepoint     ] Entering safepoint region: Cleanup
[2023-11-13T02:40:41.082+0000][830.997s][info ][safepoint     ] Leaving safepoint region
[2023-11-13T02:40:41.082+0000][830.998s][info ][safepoint     ] Total time for which application threads were stopped: 0.0023704 seconds, Stopping threads took: 0.0013942 seconds
[2023-11-13T02:40:42.082+0000][831.998s][debug][safepoint     ] Safepoint synchronization initiated. (228 threads)
[2023-11-13T02:40:42.083+0000][831.999s][info ][safepoint     ] Application time: 1.0007208 seconds
[2023-11-13T02:40:42.084+0000][832.000s][info ][safepoint     ] Entering safepoint region: Cleanup
[2023-11-13T02:40:42.085+0000][832.001s][info ][safepoint     ] Leaving safepoint region
[2023-11-13T02:40:42.086+0000][832.002s][info ][safepoint     ] Total time for which application threads were stopped: 0.0015602 seconds, Stopping threads took: 0.0006129 seconds
[2023-11-13T02:40:43.086+0000][833.002s][debug][safepoint     ] Safepoint synchronization initiated. (228 threads)
[2023-11-13T02:40:43.087+0000][833.003s][info ][safepoint     ] Application time: 1.0007833 seconds
[2023-11-13T02:40:43.088+0000][833.003s][info ][safepoint     ] Entering safepoint region: Cleanup
[2023-11-13T02:40:43.088+0000][833.004s][info ][safepoint     ] Leaving safepoint region
[2023-11-13T02:40:43.088+0000][833.004s][info ][safepoint     ] Total time for which application threads were stopped: 0.0008457 seconds, Stopping threads took: 0.0004494 seconds
[2023-11-13T02:40:44.089+0000][834.005s][debug][safepoint     ] Safepoint synchronization initiated. (228 threads)
[2023-11-13T02:40:44.089+0000][834.005s][info ][safepoint     ] Application time: 1.0007608 seconds
[2023-11-13T02:40:44.089+0000][834.005s][info ][safepoint     ] Entering safepoint region: Cleanup
[2023-11-13T02:40:44.090+0000][834.006s][info ][safepoint     ] Leaving safepoint region
[2023-11-13T02:40:44.090+0000][834.006s][info ][safepoint     ] Total time for which application threads were stopped: 0.0009518 seconds, Stopping threads took: 0.0001230 seconds
[2023-11-13T02:40:45.090+0000][835.006s][debug][safepoint     ] Safepoint synchronization initiated. (228 threads)
[2023-11-13T02:40:45.090+0000][835.006s][info ][safepoint     ] Application time: 1.0001999 seconds
[2023-11-13T02:40:45.090+0000][835.006s][info ][safepoint     ] Entering safepoint region: Cleanup
[2023-11-13T02:40:45.091+0000][835.007s][info ][safepoint     ] Leaving safepoint region
[2023-11-13T02:40:45.091+0000][835.007s][info ][safepoint     ] Total time for which application threads were stopped: 0.0004656 seconds, Stopping threads took: 0.0000928 seconds
[2023-11-13T02:40:45.308+0000][835.224s][debug][safepoint     ] Safepoint synchronization initiated. (228 threads)
[2023-11-13T02:40:45.308+0000][835.224s][info ][safepoint     ] Application time: 0.2174966 seconds
[2023-11-13T02:40:45.308+0000][835.224s][info ][safepoint     ] Entering safepoint region: G1CollectForAllocation
[2023-11-13T02:40:45.309+0000][835.225s][info ][gc,start      ] GC(58) Pause Young (Normal) (G1 Evacuation Pause)
[2023-11-13T02:40:45.309+0000][835.225s][info ][gc,task       ] GC(58) Using 6 workers of 6 for evacuation
[2023-11-13T02:40:45.322+0000][835.238s][info ][gc,phases     ] GC(58)   Pre Evacuate Collection Set: 0.0ms
[2023-11-13T02:40:45.322+0000][835.238s][info ][gc,phases     ] GC(58)   Evacuate Collection Set: 5.2ms
[2023-11-13T02:40:45.322+0000][835.238s][info ][gc,phases     ] GC(58)   Post Evacuate Collection Set: 7.2ms
[2023-11-13T02:40:45.322+0000][835.238s][info ][gc,phases     ] GC(58)   Other: 0.6ms
[2023-11-13T02:40:45.322+0000][835.238s][info ][gc,heap       ] GC(58) Eden regions: 411->0(411)
[2023-11-13T02:40:45.322+0000][835.238s][info ][gc,heap       ] GC(58) Survivor regions: 2->2(52)
[2023-11-13T02:40:45.322+0000][835.238s][info ][gc,heap       ] GC(58) Old regions: 157->157
[2023-11-13T02:40:45.322+0000][835.238s][info ][gc,heap       ] GC(58) Humongous regions: 0->0
[2023-11-13T02:40:45.322+0000][835.238s][info ][gc,metaspace  ] GC(58) Metaspace: 164444K(170072K)->164444K(170072K) NonClass: 145506K(148952K)->145506K(148952K) Class: 18938K(21120K)->18938K(21120K)
[2023-11-13T02:40:45.322+0000][835.238s][info ][gc            ] GC(58) Pause Young (Normal) (G1 Evacuation Pause) 567M->156M(689M) 13.327ms
[2023-11-13T02:40:45.322+0000][835.238s][info ][gc,cpu        ] GC(58) User=0.04s Sys=0.00s Real=0.01s
[2023-11-13T02:40:45.322+0000][835.238s][info ][safepoint     ] Leaving safepoint region
[2023-11-13T02:40:45.322+0000][835.238s][info ][safepoint     ] Total time for which application threads were stopped: 0.0139693 seconds, Stopping threads took: 0.0001035 seconds
[2023-11-13T02:40:45.324+0000][835.240s][info ][gc,stringdedup] Concurrent String Deduplication (835.240s)
[2023-11-13T02:40:45.324+0000][835.240s][info ][gc,stringdedup] Concurrent String Deduplication 0.0B->0.0B(0.0B) avg 53.7% (835.240s, 835.240s) 0.324ms
[2023-11-13T02:40:46.322+0000][836.238s][debug][safepoint     ] Safepoint synchronization initiated. (228 threads)
[2023-11-13T02:40:46.323+0000][836.239s][info ][safepoint     ] Application time: 1.0008713 seconds
[2023-11-13T02:40:46.324+0000][836.240s][info ][safepoint     ] Entering safepoint region: Cleanup
[2023-11-13T02:40:46.325+0000][836.241s][info ][safepoint     ] Leaving safepoint region
[2023-11-13T02:40:46.325+0000][836.241s][info ][safepoint     ] Total time for which application threads were stopped: 0.0016074 seconds, Stopping threads took: 0.0006840 seconds
[2023-11-13T02:40:47.326+0000][837.242s][debug][safepoint     ] Safepoint synchronization initiated. (228 threads)
[2023-11-13T02:40:47.327+0000][837.242s][info ][safepoint     ] Application time: 1.0007772 seconds
[2023-11-13T02:40:47.327+0000][837.243s][info ][safepoint     ] Entering safepoint region: Cleanup
[2023-11-13T02:40:47.328+0000][837.244s][info ][safepoint     ] Leaving safepoint region
[2023-11-13T02:40:47.328+0000][837.244s][info ][safepoint     ] Total time for which application threads were stopped: 0.0014053 seconds, Stopping threads took: 0.0005040 seconds
[2023-11-13T02:40:48.329+0000][838.245s][debug][safepoint     ] Safepoint synchronization initiated. (228 threads)
[2023-11-13T02:40:48.329+0000][838.245s][info ][safepoint     ] Application time: 1.0001914 seconds
[2023-11-13T02:40:48.329+0000][838.245s][info ][safepoint     ] Entering safepoint region: Cleanup
[2023-11-13T02:40:48.330+0000][838.246s][info ][safepoint     ] Leaving safepoint region
[2023-11-13T02:40:48.330+0000][838.246s][info ][safepoint     ] Total time for which application threads were stopped: 0.0004778 seconds, Stopping threads took: 0.0001027 seconds
[2023-11-13T02:40:49.330+0000][839.246s][debug][safepoint     ] Safepoint synchronization initiated. (228 threads)
[2023-11-13T02:40:49.330+0000][839.246s][info ][safepoint     ] Application time: 1.0001866 seconds
[2023-11-13T02:40:49.330+0000][839.246s][info ][safepoint     ] Entering safepoint region: Cleanup
[2023-11-13T02:40:49.331+0000][839.246s][info ][safepoint     ] Leaving safepoint region
[2023-11-13T02:40:49.331+0000][839.247s][info ][safepoint     ] Total time for which application threads were stopped: 0.0008006 seconds, Stopping threads took: 0.0000981 seconds
[2023-11-13T02:40:50.331+0000][840.247s][debug][safepoint     ] Safepoint synchronization initiated. (228 threads)
[2023-11-13T02:40:50.331+0000][840.247s][info ][safepoint     ] Application time: 1.0002352 seconds
[2023-11-13T02:40:50.331+0000][840.247s][info ][safepoint     ] Entering safepoint region: Cleanup
[2023-11-13T02:40:50.332+0000][840.248s][info ][safepoint     ] Leaving safepoint region
[2023-11-13T02:40:50.332+0000][840.248s][info ][safepoint     ] Total time for which application threads were stopped: 0.0007645 seconds, Stopping threads took: 0.0001372 seconds
[2023-11-13T02:40:51.332+0000][841.248s][debug][safepoint     ] Safepoint synchronization initiated. (228 threads)
[2023-11-13T02:40:51.333+0000][841.248s][info ][safepoint     ] Application time: 1.0004433 seconds
[2023-11-13T02:40:51.333+0000][841.249s][info ][safepoint     ] Entering safepoint region: Cleanup
[2023-11-13T02:40:51.333+0000][841.249s][info ][safepoint     ] Leaving safepoint region
[2023-11-13T02:40:51.333+0000][841.249s][info ][safepoint     ] Total time for which application threads were stopped: 0.0006264 seconds, Stopping threads took: 0.0001273 seconds
[2023-11-13T02:40:52.334+0000][842.250s][debug][safepoint     ] Safepoint synchronization initiated. (228 threads)
[2023-11-13T02:40:52.334+0000][842.250s][info ][safepoint     ] Application time: 1.0005276 seconds
[2023-11-13T02:40:52.334+0000][842.250s][info ][safepoint     ] Entering safepoint region: Cleanup
[2023-11-13T02:40:52.335+0000][842.251s][info ][safepoint     ] Leaving safepoint region
[2023-11-13T02:40:52.335+0000][842.251s][info ][safepoint     ] Total time for which application threads were stopped: 0.0016287 seconds, Stopping threads took: 0.0001844 seconds
[2023-11-13T02:40:53.336+0000][843.252s][debug][safepoint     ] Safepoint synchronization initiated. (228 threads)
[2023-11-13T02:40:53.336+0000][843.252s][info ][safepoint     ] Application time: 1.0002570 seconds
[2023-11-13T02:40:53.336+0000][843.252s][info ][safepoint     ] Entering safepoint region: Cleanup
[2023-11-13T02:40:53.337+0000][843.253s][info ][safepoint     ] Leaving safepoint region
[2023-11-13T02:40:53.337+0000][843.253s][info ][safepoint     ] Total time for which application threads were stopped: 0.0008458 seconds, Stopping threads took: 0.0001282 seconds
[2023-11-13T02:40:54.337+0000][844.253s][debug][safepoint     ] Safepoint synchronization initiated. (228 threads)
[2023-11-13T02:40:54.337+0000][844.253s][info ][safepoint     ] Application time: 1.0003798 seconds
[2023-11-13T02:40:54.338+0000][844.253s][info ][safepoint     ] Entering safepoint region: Cleanup
[2023-11-13T02:40:54.340+0000][844.256s][info ][safepoint     ] Leaving safepoint region
[2023-11-13T02:40:54.340+0000][844.256s][info ][safepoint     ] Total time for which application threads were stopped: 0.0022781 seconds, Stopping threads took: 0.0001506 seconds
[2023-11-13T02:40:55.340+0000][845.256s][debug][safepoint     ] Safepoint synchronization initiated. (228 threads)
[2023-11-13T02:40:55.341+0000][845.257s][info ][safepoint     ] Application time: 1.0012479 seconds
[2023-11-13T02:40:55.342+0000][845.257s][info ][safepoint     ] Entering safepoint region: Cleanup
[2023-11-13T02:40:55.343+0000][845.259s][info ][safepoint     ] Leaving safepoint region
[2023-11-13T02:40:55.343+0000][845.259s][info ][safepoint     ] Total time for which application threads were stopped: 0.0017813 seconds, Stopping threads took: 0.0005862 seconds
[2023-11-13T02:40:56.344+0000][846.260s][debug][safepoint     ] Safepoint synchronization initiated. (228 threads)
[2023-11-13T02:40:56.344+0000][846.260s][info ][safepoint     ] Application time: 1.0002155 seconds
[2023-11-13T02:40:56.344+0000][846.260s][info ][safepoint     ] Entering safepoint region: Cleanup
[2023-11-13T02:40:56.345+0000][846.260s][info ][safepoint     ] Leaving safepoint region
[2023-11-13T02:40:56.345+0000][846.261s][info ][safepoint     ] Total time for which application threads were stopped: 0.0006781 seconds, Stopping threads took: 0.0001108 seconds
[2023-11-13T02:40:57.345+0000][847.261s][debug][safepoint     ] Safepoint synchronization initiated. (228 threads)
[2023-11-13T02:40:57.345+0000][847.261s][info ][safepoint     ] Application time: 1.0002119 seconds
[2023-11-13T02:40:57.345+0000][847.261s][info ][safepoint     ] Entering safepoint region: Cleanup
[2023-11-13T02:40:57.345+0000][847.261s][info ][safepoint     ] Leaving safepoint region
[2023-11-13T02:40:57.346+0000][847.261s][info ][safepoint     ] Total time for which application threads were stopped: 0.0005997 seconds, Stopping threads took: 0.0001103 seconds
[2023-11-13T02:40:58.346+0000][848.262s][debug][safepoint     ] Safepoint synchronization initiated. (228 threads)
[2023-11-13T02:40:58.346+0000][848.262s][info ][safepoint     ] Application time: 1.0002464 seconds
[2023-11-13T02:40:58.346+0000][848.262s][info ][safepoint     ] Entering safepoint region: Cleanup
[2023-11-13T02:40:58.347+0000][848.263s][info ][safepoint     ] Leaving safepoint region
[2023-11-13T02:40:58.347+0000][848.263s][info ][safepoint     ] Total time for which application threads were stopped: 0.0010510 seconds, Stopping threads took: 0.0002076 seconds
[2023-11-13T02:40:59.347+0000][849.263s][debug][safepoint     ] Safepoint synchronization initiated. (228 threads)
[2023-11-13T02:40:59.347+0000][849.263s][info ][safepoint     ] Application time: 1.0002171 seconds
[2023-11-13T02:40:59.348+0000][849.264s][debug][safepoint     ] ... found polling page return exception at pc = 0x00007f76a03849fc, stub =0x00007f7698841800
[2023-11-13T02:40:59.348+0000][849.264s][debug][safepoint     ] Waiting for 1 thread(s) to block
[2023-11-13T02:40:59.350+0000][849.266s][info ][safepoint     ] Entering safepoint region: Cleanup
[2023-11-13T02:40:59.351+0000][849.267s][info ][safepoint     ] Leaving safepoint region
[2023-11-13T02:40:59.351+0000][849.267s][info ][safepoint     ] Total time for which application threads were stopped: 0.0036007 seconds, Stopping threads took: 0.0026979 seconds
[2023-11-13T02:41:00.351+0000][850.267s][debug][safepoint     ] Safepoint synchronization initiated. (228 threads)
[2023-11-13T02:41:00.351+0000][850.267s][info ][safepoint     ] Application time: 1.0003129 seconds
[2023-11-13T02:41:00.351+0000][850.267s][info ][safepoint     ] Entering safepoint region: Cleanup
[2023-11-13T02:41:00.352+0000][850.268s][info ][safepoint     ] Leaving safepoint region
[2023-11-13T02:41:00.352+0000][850.268s][info ][safepoint     ] Total time for which application threads were stopped: 0.0010084 seconds, Stopping threads took: 0.0001515 seconds
[2023-11-13T02:41:01.352+0000][851.268s][debug][safepoint     ] Safepoint synchronization initiated. (228 threads)
[2023-11-13T02:41:01.352+0000][851.268s][info ][safepoint     ] Application time: 1.0002549 seconds
[2023-11-13T02:41:01.353+0000][851.268s][info ][safepoint     ] Entering safepoint region: Cleanup
[2023-11-13T02:41:01.353+0000][851.269s][info ][safepoint     ] Leaving safepoint region
[2023-11-13T02:41:01.353+0000][851.269s][info ][safepoint     ] Total time for which application threads were stopped: 0.0009554 seconds, Stopping threads took: 0.0001370 seconds
[2023-11-13T02:41:02.354+0000][852.270s][debug][safepoint     ] Safepoint synchronization initiated. (228 threads)
[2023-11-13T02:41:02.354+0000][852.270s][info ][safepoint     ] Application time: 1.0002561 seconds
[2023-11-13T02:41:02.354+0000][852.270s][info ][safepoint     ] Entering safepoint region: Cleanup
[2023-11-13T02:41:02.355+0000][852.271s][info ][safepoint     ] Leaving safepoint region
[2023-11-13T02:41:02.355+0000][852.271s][info ][safepoint     ] Total time for which application threads were stopped: 0.0009402 seconds, Stopping threads took: 0.0001228 seconds
[2023-11-13T02:41:03.355+0000][853.271s][debug][safepoint     ] Safepoint synchronization initiated. (228 threads)
[2023-11-13T02:41:03.355+0000][853.271s][info ][safepoint     ] Application time: 1.0001838 seconds
[2023-11-13T02:41:03.355+0000][853.271s][info ][safepoint     ] Entering safepoint region: Cleanup
[2023-11-13T02:41:03.356+0000][853.272s][info ][safepoint     ] Leaving safepoint region
[2023-11-13T02:41:03.356+0000][853.272s][info ][safepoint     ] Total time for which application threads were stopped: 0.0006967 seconds, Stopping threads took: 0.0001088 seconds
[2023-11-13T02:41:04.356+0000][854.272s][debug][safepoint     ] Safepoint synchronization initiated. (228 threads)
[2023-11-13T02:41:04.356+0000][854.272s][info ][safepoint     ] Application time: 1.0006290 seconds
[2023-11-13T02:41:04.356+0000][854.272s][debug][safepoint     ] ... found polling page loop exception at pc = 0x00007f76a12ce4f8, stub =0x00007f7698841b00
[2023-11-13T02:41:04.357+0000][854.272s][debug][safepoint     ] Waiting for 1 thread(s) to block
[2023-11-13T02:41:04.357+0000][854.273s][info ][safepoint     ] Entering safepoint region: Cleanup
[2023-11-13T02:41:04.362+0000][854.278s][info ][safepoint     ] Leaving safepoint region
[2023-11-13T02:41:04.362+0000][854.278s][info ][safepoint     ] Total time for which application threads were stopped: 0.0053308 seconds, Stopping threads took: 0.0003819 seconds
[2023-11-13T02:41:05.362+0000][855.278s][debug][safepoint     ] Safepoint synchronization initiated. (228 threads)
[2023-11-13T02:41:05.362+0000][855.278s][info ][safepoint     ] Application time: 1.0002111 seconds
[2023-11-13T02:41:05.367+0000][855.283s][debug][safepoint     ] ... found polling page return exception at pc = 0x00007f76a02edf9d, stub =0x00007f7698841800
[2023-11-13T02:41:05.367+0000][855.283s][debug][safepoint     ] Waiting for 1 thread(s) to block
[2023-11-13T02:41:05.367+0000][855.283s][info ][safepoint     ] Entering safepoint region: Cleanup
[2023-11-13T02:41:05.368+0000][855.284s][info ][safepoint     ] Leaving safepoint region
[2023-11-13T02:41:05.368+0000][855.284s][info ][safepoint     ] Total time for which application threads were stopped: 0.0060515 seconds, Stopping threads took: 0.0051086 seconds
[2023-11-13T02:41:06.067+0000][855.983s][debug][safepoint     ] Safepoint synchronization initiated. (228 threads)
[2023-11-13T02:41:06.067+0000][855.983s][info ][safepoint     ] Application time: 0.6988659 seconds
[2023-11-13T02:41:06.067+0000][855.983s][info ][safepoint     ] Entering safepoint region: G1CollectForAllocation
[2023-11-13T02:41:06.068+0000][855.984s][info ][gc,start      ] GC(59) Pause Young (Normal) (G1 Evacuation Pause)
[2023-11-13T02:41:06.068+0000][855.984s][info ][gc,task       ] GC(59) Using 6 workers of 6 for evacuation
[2023-11-13T02:41:06.082+0000][855.998s][info ][gc,phases     ] GC(59)   Pre Evacuate Collection Set: 0.0ms
[2023-11-13T02:41:06.083+0000][855.998s][info ][gc,phases     ] GC(59)   Evacuate Collection Set: 6.7ms
[2023-11-13T02:41:06.083+0000][855.998s][info ][gc,phases     ] GC(59)   Post Evacuate Collection Set: 6.7ms
[2023-11-13T02:41:06.083+0000][855.998s][info ][gc,phases     ] GC(59)   Other: 1.4ms
[2023-11-13T02:41:06.083+0000][855.999s][info ][gc,heap       ] GC(59) Eden regions: 411->0(412)
[2023-11-13T02:41:06.083+0000][855.999s][info ][gc,heap       ] GC(59) Survivor regions: 2->1(52)
[2023-11-13T02:41:06.083+0000][855.999s][info ][gc,heap       ] GC(59) Old regions: 157->157
[2023-11-13T02:41:06.083+0000][855.999s][info ][gc,heap       ] GC(59) Humongous regions: 0->0
[2023-11-13T02:41:06.083+0000][855.999s][info ][gc,metaspace  ] GC(59) Metaspace: 164449K(170072K)->164449K(170072K) NonClass: 145510K(148952K)->145510K(148952K) Class: 18938K(21120K)->18938K(21120K)
[2023-11-13T02:41:06.083+0000][855.999s][info ][gc            ] GC(59) Pause Young (Normal) (G1 Evacuation Pause) 567M->156M(689M) 15.110ms
[2023-11-13T02:41:06.083+0000][855.999s][info ][gc,cpu        ] GC(59) User=0.03s Sys=0.01s Real=0.01s
[2023-11-13T02:41:06.083+0000][855.999s][info ][safepoint     ] Leaving safepoint region
[2023-11-13T02:41:06.083+0000][855.999s][info ][safepoint     ] Total time for which application threads were stopped: 0.0159818 seconds, Stopping threads took: 0.0001032 seconds
[2023-11-13T02:41:07.083+0000][856.999s][debug][safepoint     ] Safepoint synchronization initiated. (228 threads)
[2023-11-13T02:41:07.083+0000][856.999s][info ][safepoint     ] Application time: 1.0003812 seconds
[2023-11-13T02:41:07.083+0000][856.999s][info ][safepoint     ] Entering safepoint region: Cleanup
[2023-11-13T02:41:07.084+0000][857.000s][info ][safepoint     ] Leaving safepoint region
[2023-11-13T02:41:07.084+0000][857.000s][info ][safepoint     ] Total time for which application threads were stopped: 0.0007246 seconds, Stopping threads took: 0.0001552 seconds
[2023-11-13T02:41:08.084+0000][858.000s][debug][safepoint     ] Safepoint synchronization initiated. (228 threads)
[2023-11-13T02:41:08.084+0000][858.000s][info ][safepoint     ] Application time: 1.0002445 seconds
[2023-11-13T02:41:08.085+0000][858.000s][info ][safepoint     ] Entering safepoint region: Cleanup
[2023-11-13T02:41:08.085+0000][858.001s][info ][safepoint     ] Leaving safepoint region
[2023-11-13T02:41:08.085+0000][858.001s][info ][safepoint     ] Total time for which application threads were stopped: 0.0007694 seconds, Stopping threads took: 0.0001335 seconds
[2023-11-13T02:41:09.085+0000][859.001s][debug][safepoint     ] Safepoint synchronization initiated. (228 threads)
[2023-11-13T02:41:09.086+0000][859.001s][info ][safepoint     ] Application time: 1.0002898 seconds
[2023-11-13T02:41:09.086+0000][859.002s][debug][safepoint     ] ... found polling page return exception at pc = 0x00007f76a13636e5, stub =0x00007f7698841800
[2023-11-13T02:41:09.086+0000][859.002s][debug][safepoint     ] Waiting for 1 thread(s) to block
[2023-11-13T02:41:09.087+0000][859.003s][info ][safepoint     ] Entering safepoint region: Cleanup
[2023-11-13T02:41:09.087+0000][859.003s][info ][safepoint     ] Leaving safepoint region
[2023-11-13T02:41:09.087+0000][859.003s][info ][safepoint     ] Total time for which application threads were stopped: 0.0018508 seconds, Stopping threads took: 0.0013694 seconds
[2023-11-13T02:41:10.088+0000][860.003s][debug][safepoint     ] Safepoint synchronization initiated. (228 threads)
[2023-11-13T02:41:10.088+0000][860.004s][info ][safepoint     ] Application time: 1.0002051 seconds
[2023-11-13T02:41:10.088+0000][860.004s][debug][safepoint     ] ... found polling page return exception at pc = 0x00007f76a11753fd, stub =0x00007f7698841800
[2023-11-13T02:41:10.088+0000][860.004s][debug][safepoint     ] Waiting for 1 thread(s) to block
[2023-11-13T02:41:10.088+0000][860.004s][info ][safepoint     ] Entering safepoint region: Cleanup
[2023-11-13T02:41:10.088+0000][860.004s][info ][safepoint     ] Leaving safepoint region
[2023-11-13T02:41:10.088+0000][860.004s][info ][safepoint     ] Total time for which application threads were stopped: 0.0007268 seconds, Stopping threads took: 0.0003202 seconds
[2023-11-13T02:41:11.089+0000][861.005s][debug][safepoint     ] Safepoint synchronization initiated. (228 threads)
[2023-11-13T02:41:11.089+0000][861.005s][info ][safepoint     ] Application time: 1.0005870 seconds
[2023-11-13T02:41:11.089+0000][861.005s][debug][safepoint     ] Waiting for 1 thread(s) to block
[2023-11-13T02:41:11.089+0000][861.005s][info ][safepoint     ] Entering safepoint region: Cleanup
[2023-11-13T02:41:11.089+0000][861.005s][info ][safepoint     ] Leaving safepoint region
[2023-11-13T02:41:11.090+0000][861.005s][info ][safepoint     ] Total time for which application threads were stopped: 0.0004517 seconds, Stopping threads took: 0.0001616 seconds
[2023-11-13T02:41:12.090+0000][862.005s][debug][safepoint     ] Safepoint synchronization initiated. (228 threads)
[2023-11-13T02:41:12.090+0000][862.006s][info ][safepoint     ] Application time: 1.0001699 seconds
[2023-11-13T02:41:12.090+0000][862.006s][debug][safepoint     ] Waiting for 1 thread(s) to block
[2023-11-13T02:41:12.090+0000][862.006s][info ][safepoint     ] Entering safepoint region: Cleanup
[2023-11-13T02:41:12.090+0000][862.006s][info ][safepoint     ] Leaving safepoint region
[2023-11-13T02:41:12.090+0000][862.006s][info ][safepoint     ] Total time for which application threads were stopped: 0.0005325 seconds, Stopping threads took: 0.0001642 seconds
[2023-11-13T02:41:13.090+0000][863.006s][debug][safepoint     ] Safepoint synchronization initiated. (228 threads)
[2023-11-13T02:41:13.091+0000][863.006s][info ][safepoint     ] Application time: 1.0002392 seconds
[2023-11-13T02:41:13.091+0000][863.007s][info ][safepoint     ] Entering safepoint region: Cleanup
[2023-11-13T02:41:13.091+0000][863.007s][info ][safepoint     ] Leaving safepoint region
[2023-11-13T02:41:13.091+0000][863.007s][info ][safepoint     ] Total time for which application threads were stopped: 0.0005728 seconds, Stopping threads took: 0.0001376 seconds
[2023-11-13T02:41:14.091+0000][864.007s][debug][safepoint     ] Safepoint synchronization initiated. (228 threads)
[2023-11-13T02:41:14.091+0000][864.007s][info ][safepoint     ] Application time: 1.0002484 seconds
[2023-11-13T02:41:14.092+0000][864.007s][info ][safepoint     ] Entering safepoint region: Cleanup
[2023-11-13T02:41:14.092+0000][864.008s][info ][safepoint     ] Leaving safepoint region
[2023-11-13T02:41:14.092+0000][864.008s][info ][safepoint     ] Total time for which application threads were stopped: 0.0005816 seconds, Stopping threads took: 0.0001385 seconds
[2023-11-13T02:41:15.092+0000][865.008s][debug][safepoint     ] Safepoint synchronization initiated. (228 threads)
[2023-11-13T02:41:15.092+0000][865.008s][info ][safepoint     ] Application time: 1.0002047 seconds
[2023-11-13T02:41:15.092+0000][865.008s][info ][safepoint     ] Entering safepoint region: Cleanup
[2023-11-13T02:41:15.093+0000][865.009s][info ][safepoint     ] Leaving safepoint region
[2023-11-13T02:41:15.093+0000][865.009s][info ][safepoint     ] Total time for which application threads were stopped: 0.0005643 seconds, Stopping threads took: 0.0001254 seconds
[2023-11-13T02:41:16.093+0000][866.009s][debug][safepoint     ] Safepoint synchronization initiated. (228 threads)
[2023-11-13T02:41:16.093+0000][866.009s][info ][safepoint     ] Application time: 1.0003947 seconds
[2023-11-13T02:41:16.093+0000][866.009s][info ][safepoint     ] Entering safepoint region: Cleanup
[2023-11-13T02:41:16.094+0000][866.010s][info ][safepoint     ] Leaving safepoint region
[2023-11-13T02:41:16.094+0000][866.010s][info ][safepoint     ] Total time for which application threads were stopped: 0.0010710 seconds, Stopping threads took: 0.0001438 seconds
[2023-11-13T02:41:17.096+0000][867.012s][debug][safepoint     ] Safepoint synchronization initiated. (228 threads)
[2023-11-13T02:41:17.096+0000][867.012s][info ][safepoint     ] Application time: 1.0003303 seconds
[2023-11-13T02:41:17.096+0000][867.012s][info ][safepoint     ] Entering safepoint region: Cleanup
[2023-11-13T02:41:17.096+0000][867.012s][info ][safepoint     ] Leaving safepoint region
[2023-11-13T02:41:17.096+0000][867.012s][info ][safepoint     ] Total time for which application threads were stopped: 0.0005283 seconds, Stopping threads took: 0.0001191 seconds
[2023-11-13T02:41:18.096+0000][868.012s][debug][safepoint     ] Safepoint synchronization initiated. (228 threads)
[2023-11-13T02:41:18.097+0000][868.013s][info ][safepoint     ] Application time: 1.0007905 seconds
[2023-11-13T02:41:18.097+0000][868.013s][info ][safepoint     ] Entering safepoint region: Cleanup
[2023-11-13T02:41:18.098+0000][868.014s][info ][safepoint     ] Leaving safepoint region
[2023-11-13T02:41:18.098+0000][868.014s][info ][safepoint     ] Total time for which application threads were stopped: 0.0009117 seconds, Stopping threads took: 0.0003555 seconds
[2023-11-13T02:41:19.099+0000][869.015s][debug][safepoint     ] Safepoint synchronization initiated. (228 threads)
[2023-11-13T02:41:19.099+0000][869.015s][info ][safepoint     ] Application time: 1.0008013 seconds
[2023-11-13T02:41:19.100+0000][869.015s][info ][safepoint     ] Entering safepoint region: Cleanup
[2023-11-13T02:41:19.101+0000][869.016s][info ][safepoint     ] Leaving safepoint region
[2023-11-13T02:41:19.101+0000][869.017s][info ][safepoint     ] Total time for which application threads were stopped: 0.0011715 seconds, Stopping threads took: 0.0001707 seconds
[2023-11-13T02:41:20.101+0000][870.017s][debug][safepoint     ] Safepoint synchronization initiated. (228 threads)
[2023-11-13T02:41:20.101+0000][870.017s][info ][safepoint     ] Application time: 1.0002512 seconds
[2023-11-13T02:41:20.101+0000][870.017s][info ][safepoint     ] Entering safepoint region: Cleanup
[2023-11-13T02:41:20.102+0000][870.017s][info ][safepoint     ] Leaving safepoint region
[2023-11-13T02:41:20.102+0000][870.017s][info ][safepoint     ] Total time for which application threads were stopped: 0.0006257 seconds, Stopping threads took: 0.0001751 seconds
[2023-11-13T02:41:21.102+0000][871.018s][debug][safepoint     ] Safepoint synchronization initiated. (228 threads)
[2023-11-13T02:41:21.102+0000][871.018s][info ][safepoint     ] Application time: 1.0004686 seconds
[2023-11-13T02:41:21.102+0000][871.018s][info ][safepoint     ] Entering safepoint region: Cleanup
[2023-11-13T02:41:21.103+0000][871.019s][info ][safepoint     ] Leaving safepoint region
[2023-11-13T02:41:21.103+0000][871.019s][info ][safepoint     ] Total time for which application threads were stopped: 0.0011817 seconds, Stopping threads took: 0.0001215 seconds
[2023-11-13T02:41:22.103+0000][872.019s][debug][safepoint     ] Safepoint synchronization initiated. (228 threads)
[2023-11-13T02:41:22.105+0000][872.020s][info ][safepoint     ] Application time: 1.0011793 seconds
[2023-11-13T02:41:22.105+0000][872.021s][info ][safepoint     ] Entering safepoint region: Cleanup
[2023-11-13T02:41:22.106+0000][872.022s][info ][safepoint     ] Leaving safepoint region
[2023-11-13T02:41:22.106+0000][872.022s][info ][safepoint     ] Total time for which application threads were stopped: 0.0009817 seconds, Stopping threads took: 0.0003953 seconds
[2023-11-13T02:41:23.106+0000][873.022s][debug][safepoint     ] Safepoint synchronization initiated. (228 threads)
[2023-11-13T02:41:23.107+0000][873.023s][info ][safepoint     ] Application time: 1.0009210 seconds
[2023-11-13T02:41:23.108+0000][873.023s][info ][safepoint     ] Entering safepoint region: Cleanup
[2023-11-13T02:41:23.109+0000][873.025s][info ][safepoint     ] Leaving safepoint region
[2023-11-13T02:41:23.109+0000][873.025s][info ][safepoint     ] Total time for which application threads were stopped: 0.0019133 seconds, Stopping threads took: 0.0006760 seconds
[2023-11-13T02:41:24.110+0000][874.026s][debug][safepoint     ] Safepoint synchronization initiated. (228 threads)
[2023-11-13T02:41:24.111+0000][874.026s][info ][safepoint     ] Application time: 1.0008126 seconds
[2023-11-13T02:41:24.111+0000][874.027s][info ][safepoint     ] Entering safepoint region: Cleanup
[2023-11-13T02:41:24.111+0000][874.027s][info ][safepoint     ] Leaving safepoint region
[2023-11-13T02:41:24.111+0000][874.027s][info ][safepoint     ] Total time for which application threads were stopped: 0.0007781 seconds, Stopping threads took: 0.0001372 seconds
[2023-11-13T02:41:25.112+0000][875.027s][debug][safepoint     ] Safepoint synchronization initiated. (228 threads)
[2023-11-13T02:41:25.112+0000][875.028s][info ][safepoint     ] Application time: 1.0002365 seconds
[2023-11-13T02:41:25.112+0000][875.028s][info ][safepoint     ] Entering safepoint region: Cleanup
[2023-11-13T02:41:25.112+0000][875.028s][info ][safepoint     ] Leaving safepoint region
[2023-11-13T02:41:25.112+0000][875.028s][info ][safepoint     ] Total time for which application threads were stopped: 0.0006401 seconds, Stopping threads took: 0.0001288 seconds
[2023-11-13T02:41:26.116+0000][876.032s][debug][safepoint     ] Safepoint synchronization initiated. (228 threads)
[2023-11-13T02:41:26.116+0000][876.032s][info ][safepoint     ] Application time: 1.0032980 seconds
[2023-11-13T02:41:26.126+0000][876.042s][debug][safepoint     ] ... found polling page return exception at pc = 0x00007f76a1440a33, stub =0x00007f7698841800
[2023-11-13T02:41:26.129+0000][876.045s][debug][safepoint     ] Waiting for 1 thread(s) to block
[2023-11-13T02:41:26.130+0000][876.045s][info ][safepoint     ] Entering safepoint region: Cleanup
[2023-11-13T02:41:26.130+0000][876.046s][info ][safepoint     ] Leaving safepoint region
[2023-11-13T02:41:26.130+0000][876.046s][info ][safepoint     ] Total time for which application threads were stopped: 0.0145560 seconds, Stopping threads took: 0.0138812 seconds
[2023-11-13T02:41:27.133+0000][877.049s][debug][safepoint     ] Safepoint synchronization initiated. (228 threads)
[2023-11-13T02:41:27.134+0000][877.050s][info ][safepoint     ] Application time: 1.0036809 seconds
[2023-11-13T02:41:27.134+0000][877.050s][info ][safepoint     ] Entering safepoint region: Cleanup
[2023-11-13T02:41:27.135+0000][877.051s][info ][safepoint     ] Leaving safepoint region
[2023-11-13T02:41:27.135+0000][877.051s][info ][safepoint     ] Total time for which application threads were stopped: 0.0007051 seconds, Stopping threads took: 0.0002763 seconds
[2023-11-13T02:41:27.430+0000][877.346s][debug][safepoint     ] Safepoint synchronization initiated. (228 threads)
[2023-11-13T02:41:27.430+0000][877.346s][info ][safepoint     ] Application time: 0.2949757 seconds
[2023-11-13T02:41:27.430+0000][877.346s][info ][safepoint     ] Entering safepoint region: G1CollectForAllocation
[2023-11-13T02:41:27.431+0000][877.347s][info ][gc,start      ] GC(60) Pause Young (Normal) (G1 Evacuation Pause)
[2023-11-13T02:41:27.431+0000][877.347s][info ][gc,task       ] GC(60) Using 6 workers of 6 for evacuation
[2023-11-13T02:41:27.449+0000][877.365s][info ][gc,phases     ] GC(60)   Pre Evacuate Collection Set: 0.0ms
[2023-11-13T02:41:27.450+0000][877.366s][info ][gc,phases     ] GC(60)   Evacuate Collection Set: 4.7ms
[2023-11-13T02:41:27.450+0000][877.366s][info ][gc,phases     ] GC(60)   Post Evacuate Collection Set: 13.0ms
[2023-11-13T02:41:27.450+0000][877.366s][info ][gc,phases     ] GC(60)   Other: 0.8ms
[2023-11-13T02:41:27.450+0000][877.366s][info ][gc,heap       ] GC(60) Eden regions: 412->0(411)
[2023-11-13T02:41:27.451+0000][877.366s][info ][gc,heap       ] GC(60) Survivor regions: 1->2(52)
[2023-11-13T02:41:27.451+0000][877.367s][info ][gc,heap       ] GC(60) Old regions: 157->158
[2023-11-13T02:41:27.451+0000][877.367s][info ][gc,heap       ] GC(60) Humongous regions: 0->0
[2023-11-13T02:41:27.451+0000][877.367s][info ][gc,metaspace  ] GC(60) Metaspace: 164456K(170072K)->164456K(170072K) NonClass: 145518K(148952K)->145518K(148952K) Class: 18938K(21120K)->18938K(21120K)
[2023-11-13T02:41:27.451+0000][877.367s][info ][gc            ] GC(60) Pause Young (Normal) (G1 Evacuation Pause) 568M->156M(689M) 20.481ms
[2023-11-13T02:41:27.452+0000][877.367s][info ][gc,cpu        ] GC(60) User=0.05s Sys=0.00s Real=0.02s
[2023-11-13T02:41:27.452+0000][877.368s][info ][safepoint     ] Leaving safepoint region
[2023-11-13T02:41:27.452+0000][877.368s][info ][safepoint     ] Total time for which application threads were stopped: 0.0217503 seconds, Stopping threads took: 0.0002585 seconds
[2023-11-13T02:41:27.452+0000][877.368s][info ][gc,stringdedup] Concurrent String Deduplication (877.368s)
[2023-11-13T02:41:27.453+0000][877.369s][info ][gc,stringdedup] Concurrent String Deduplication 0.0B->0.0B(0.0B) avg 53.7% (877.368s, 877.369s) 0.971ms
[2023-11-13T02:41:28.452+0000][878.368s][debug][safepoint     ] Safepoint synchronization initiated. (228 threads)
[2023-11-13T02:41:28.453+0000][878.368s][info ][safepoint     ] Application time: 1.0002735 seconds
[2023-11-13T02:41:28.453+0000][878.368s][info ][safepoint     ] Entering safepoint region: Cleanup
[2023-11-13T02:41:28.453+0000][878.369s][info ][safepoint     ] Leaving safepoint region
[2023-11-13T02:41:28.453+0000][878.369s][info ][safepoint     ] Total time for which application threads were stopped: 0.0003767 seconds, Stopping threads took: 0.0000883 seconds
[2023-11-13T02:41:29.457+0000][879.373s][debug][safepoint     ] Safepoint synchronization initiated. (228 threads)
[2023-11-13T02:41:29.457+0000][879.373s][info ][safepoint     ] Application time: 1.0043066 seconds
[2023-11-13T02:41:29.457+0000][879.373s][info ][safepoint     ] Entering safepoint region: Cleanup
[2023-11-13T02:41:29.458+0000][879.374s][info ][safepoint     ] Leaving safepoint region
[2023-11-13T02:41:29.458+0000][879.374s][info ][safepoint     ] Total time for which application threads were stopped: 0.0006897 seconds, Stopping threads took: 0.0000831 seconds
[2023-11-13T02:41:30.458+0000][880.374s][debug][safepoint     ] Safepoint synchronization initiated. (228 threads)
[2023-11-13T02:41:30.458+0000][880.374s][info ][safepoint     ] Application time: 1.0002519 seconds
[2023-11-13T02:41:30.462+0000][880.378s][debug][safepoint     ] ... found polling page return exception at pc = 0x00007f76a0303205, stub =0x00007f7698841800
[2023-11-13T02:41:30.462+0000][880.378s][debug][safepoint     ] Waiting for 1 thread(s) to block
[2023-11-13T02:41:30.464+0000][880.380s][info ][safepoint     ] Entering safepoint region: Cleanup
[2023-11-13T02:41:30.464+0000][880.380s][info ][safepoint     ] Leaving safepoint region
[2023-11-13T02:41:30.464+0000][880.380s][info ][safepoint     ] Total time for which application threads were stopped: 0.0061672 seconds, Stopping threads took: 0.0055375 seconds
[2023-11-13T02:41:31.465+0000][881.380s][debug][safepoint     ] Safepoint synchronization initiated. (228 threads)
[2023-11-13T02:41:31.465+0000][881.381s][info ][safepoint     ] Application time: 1.0002351 seconds
[2023-11-13T02:41:31.465+0000][881.381s][info ][safepoint     ] Entering safepoint region: Cleanup
[2023-11-13T02:41:31.465+0000][881.381s][info ][safepoint     ] Leaving safepoint region
[2023-11-13T02:41:31.465+0000][881.381s][info ][safepoint     ] Total time for which application threads were stopped: 0.0006000 seconds, Stopping threads took: 0.0001125 seconds
[2023-11-13T02:41:32.465+0000][882.381s][debug][safepoint     ] Safepoint synchronization initiated. (228 threads)
[2023-11-13T02:41:32.466+0000][882.381s][info ][safepoint     ] Application time: 1.0002177 seconds
[2023-11-13T02:41:32.466+0000][882.382s][info ][safepoint     ] Entering safepoint region: Cleanup
[2023-11-13T02:41:32.466+0000][882.382s][info ][safepoint     ] Leaving safepoint region
[2023-11-13T02:41:32.466+0000][882.382s][info ][safepoint     ] Total time for which application threads were stopped: 0.0005185 seconds, Stopping threads took: 0.0001147 seconds
[2023-11-13T02:41:33.466+0000][883.382s][debug][safepoint     ] Safepoint synchronization initiated. (228 threads)
[2023-11-13T02:41:33.467+0000][883.383s][info ][safepoint     ] Application time: 1.0012839 seconds
[2023-11-13T02:41:33.468+0000][883.384s][info ][safepoint     ] Entering safepoint region: Cleanup
[2023-11-13T02:41:33.469+0000][883.385s][info ][safepoint     ] Leaving safepoint region
[2023-11-13T02:41:33.470+0000][883.386s][info ][safepoint     ] Total time for which application threads were stopped: 0.0018954 seconds, Stopping threads took: 0.0005987 seconds
[2023-11-13T02:41:34.470+0000][884.386s][debug][safepoint     ] Safepoint synchronization initiated. (228 threads)
[2023-11-13T02:41:34.471+0000][884.387s][info ][safepoint     ] Application time: 1.0010938 seconds
[2023-11-13T02:41:34.472+0000][884.388s][info ][safepoint     ] Entering safepoint region: Cleanup
[2023-11-13T02:41:34.473+0000][884.389s][info ][safepoint     ] Leaving safepoint region
[2023-11-13T02:41:34.473+0000][884.389s][info ][safepoint     ] Total time for which application threads were stopped: 0.0009385 seconds, Stopping threads took: 0.0001383 seconds
[2023-11-13T02:41:35.473+0000][885.389s][debug][safepoint     ] Safepoint synchronization initiated. (228 threads)
[2023-11-13T02:41:35.474+0000][885.390s][info ][safepoint     ] Application time: 1.0007841 seconds
[2023-11-13T02:41:35.474+0000][885.390s][info ][safepoint     ] Entering safepoint region: Cleanup
[2023-11-13T02:41:35.475+0000][885.390s][info ][safepoint     ] Leaving safepoint region
[2023-11-13T02:41:35.475+0000][885.391s][info ][safepoint     ] Total time for which application threads were stopped: 0.0008953 seconds, Stopping threads took: 0.0003648 seconds
[2023-11-13T02:41:36.475+0000][886.391s][debug][safepoint     ] Safepoint synchronization initiated. (228 threads)
[2023-11-13T02:41:36.476+0000][886.392s][info ][safepoint     ] Application time: 1.0008485 seconds
[2023-11-13T02:41:36.476+0000][886.392s][info ][safepoint     ] Entering safepoint region: Cleanup
[2023-11-13T02:41:36.477+0000][886.393s][info ][safepoint     ] Leaving safepoint region
[2023-11-13T02:41:36.477+0000][886.393s][info ][safepoint     ] Total time for which application threads were stopped: 0.0009516 seconds, Stopping threads took: 0.0003695 seconds
[2023-11-13T02:41:37.478+0000][887.394s][debug][safepoint     ] Safepoint synchronization initiated. (228 threads)
[2023-11-13T02:41:37.478+0000][887.394s][info ][safepoint     ] Application time: 1.0002779 seconds
[2023-11-13T02:41:37.480+0000][887.396s][info ][safepoint     ] Entering safepoint region: Cleanup
[2023-11-13T02:41:37.480+0000][887.396s][info ][safepoint     ] Leaving safepoint region
[2023-11-13T02:41:37.480+0000][887.396s][info ][safepoint     ] Total time for which application threads were stopped: 0.0025393 seconds, Stopping threads took: 0.0020588 seconds
[2023-11-13T02:41:38.481+0000][888.396s][debug][safepoint     ] Safepoint synchronization initiated. (228 threads)
[2023-11-13T02:41:38.481+0000][888.397s][info ][safepoint     ] Application time: 1.0002592 seconds
[2023-11-13T02:41:38.481+0000][888.397s][info ][safepoint     ] Entering safepoint region: Cleanup
[2023-11-13T02:41:38.481+0000][888.397s][info ][safepoint     ] Leaving safepoint region
[2023-11-13T02:41:38.481+0000][888.397s][info ][safepoint     ] Total time for which application threads were stopped: 0.0006108 seconds, Stopping threads took: 0.0001381 seconds
[2023-11-13T02:41:39.482+0000][889.398s][debug][safepoint     ] Safepoint synchronization initiated. (228 threads)
[2023-11-13T02:41:39.483+0000][889.399s][info ][safepoint     ] Application time: 1.0020430 seconds
[2023-11-13T02:41:39.484+0000][889.400s][debug][safepoint     ] ... found polling page return exception at pc = 0x00007f76a0c0c6f9, stub =0x00007f7698841800
[2023-11-13T02:41:39.484+0000][889.400s][debug][safepoint     ] Waiting for 1 thread(s) to block
[2023-11-13T02:41:39.486+0000][889.402s][info ][safepoint     ] Entering safepoint region: Cleanup
[2023-11-13T02:41:39.487+0000][889.403s][info ][safepoint     ] Leaving safepoint region
[2023-11-13T02:41:39.487+0000][889.403s][info ][safepoint     ] Total time for which application threads were stopped: 0.0036540 seconds, Stopping threads took: 0.0028679 seconds
[2023-11-13T02:41:40.488+0000][890.404s][debug][safepoint     ] Safepoint synchronization initiated. (228 threads)
[2023-11-13T02:41:40.488+0000][890.404s][info ][safepoint     ] Application time: 1.0002480 seconds
[2023-11-13T02:41:40.488+0000][890.404s][info ][safepoint     ] Entering safepoint region: Cleanup
[2023-11-13T02:41:40.489+0000][890.405s][info ][safepoint     ] Leaving safepoint region
[2023-11-13T02:41:40.489+0000][890.405s][info ][safepoint     ] Total time for which application threads were stopped: 0.0006998 seconds, Stopping threads took: 0.0001343 seconds
[2023-11-13T02:41:41.489+0000][891.405s][debug][safepoint     ] Safepoint synchronization initiated. (228 threads)
[2023-11-13T02:41:41.490+0000][891.406s][info ][safepoint     ] Application time: 1.0010094 seconds
[2023-11-13T02:41:41.491+0000][891.407s][info ][safepoint     ] Entering safepoint region: Cleanup
[2023-11-13T02:41:41.494+0000][891.409s][info ][safepoint     ] Leaving safepoint region
[2023-11-13T02:41:41.494+0000][891.410s][info ][safepoint     ] Total time for which application threads were stopped: 0.0031939 seconds, Stopping threads took: 0.0006249 seconds
[2023-11-13T02:41:42.494+0000][892.410s][debug][safepoint     ] Safepoint synchronization initiated. (228 threads)
[2023-11-13T02:41:42.494+0000][892.410s][info ][safepoint     ] Application time: 1.0001938 seconds
[2023-11-13T02:41:42.494+0000][892.410s][info ][safepoint     ] Entering safepoint region: Cleanup
[2023-11-13T02:41:42.495+0000][892.410s][info ][safepoint     ] Leaving safepoint region
[2023-11-13T02:41:42.495+0000][892.410s][info ][safepoint     ] Total time for which application threads were stopped: 0.0004618 seconds, Stopping threads took: 0.0001060 seconds
[2023-11-13T02:41:43.498+0000][893.414s][debug][safepoint     ] Safepoint synchronization initiated. (228 threads)
[2023-11-13T02:41:43.498+0000][893.414s][info ][safepoint     ] Application time: 1.0035106 seconds
[2023-11-13T02:41:43.498+0000][893.414s][info ][safepoint     ] Entering safepoint region: Cleanup
[2023-11-13T02:41:43.499+0000][893.415s][info ][safepoint     ] Leaving safepoint region
[2023-11-13T02:41:43.499+0000][893.415s][info ][safepoint     ] Total time for which application threads were stopped: 0.0006395 seconds, Stopping threads took: 0.0001425 seconds
[2023-11-13T02:41:44.499+0000][894.415s][debug][safepoint     ] Safepoint synchronization initiated. (228 threads)
[2023-11-13T02:41:44.499+0000][894.415s][info ][safepoint     ] Application time: 1.0001519 seconds
[2023-11-13T02:41:44.499+0000][894.415s][info ][safepoint     ] Entering safepoint region: Cleanup
[2023-11-13T02:41:44.499+0000][894.415s][info ][safepoint     ] Leaving safepoint region
[2023-11-13T02:41:44.499+0000][894.415s][info ][safepoint     ] Total time for which application threads were stopped: 0.0003232 seconds, Stopping threads took: 0.0000845 seconds
[2023-11-13T02:41:45.500+0000][895.415s][debug][safepoint     ] Safepoint synchronization initiated. (228 threads)
[2023-11-13T02:41:45.500+0000][895.416s][info ][safepoint     ] Application time: 1.0002659 seconds
[2023-11-13T02:41:45.500+0000][895.416s][info ][safepoint     ] Entering safepoint region: Cleanup
[2023-11-13T02:41:45.500+0000][895.416s][info ][safepoint     ] Leaving safepoint region
[2023-11-13T02:41:45.500+0000][895.416s][info ][safepoint     ] Total time for which application threads were stopped: 0.0007618 seconds, Stopping threads took: 0.0000970 seconds
[2023-11-13T02:41:45.655+0000][895.571s][debug][safepoint     ] Safepoint synchronization initiated. (228 threads)
[2023-11-13T02:41:45.655+0000][895.571s][info ][safepoint     ] Application time: 0.1545355 seconds
[2023-11-13T02:41:45.655+0000][895.571s][info ][safepoint     ] Entering safepoint region: G1CollectForAllocation
[2023-11-13T02:41:45.655+0000][895.571s][info ][gc,start      ] GC(61) Pause Young (Normal) (G1 Evacuation Pause)
[2023-11-13T02:41:45.655+0000][895.571s][info ][gc,task       ] GC(61) Using 6 workers of 6 for evacuation
[2023-11-13T02:41:45.664+0000][895.580s][info ][gc,phases     ] GC(61)   Pre Evacuate Collection Set: 0.0ms
[2023-11-13T02:41:45.664+0000][895.580s][info ][gc,phases     ] GC(61)   Evacuate Collection Set: 4.1ms
[2023-11-13T02:41:45.664+0000][895.580s][info ][gc,phases     ] GC(61)   Post Evacuate Collection Set: 4.1ms
[2023-11-13T02:41:45.664+0000][895.580s][info ][gc,phases     ] GC(61)   Other: 0.4ms
[2023-11-13T02:41:45.664+0000][895.580s][info ][gc,heap       ] GC(61) Eden regions: 411->0(411)
[2023-11-13T02:41:45.664+0000][895.580s][info ][gc,heap       ] GC(61) Survivor regions: 2->2(52)
[2023-11-13T02:41:45.664+0000][895.580s][info ][gc,heap       ] GC(61) Old regions: 158->158
[2023-11-13T02:41:45.664+0000][895.580s][info ][gc,heap       ] GC(61) Humongous regions: 0->0
[2023-11-13T02:41:45.664+0000][895.580s][info ][gc,metaspace  ] GC(61) Metaspace: 164468K(170072K)->164468K(170072K) NonClass: 145530K(148952K)->145530K(148952K) Class: 18938K(21120K)->18938K(21120K)
[2023-11-13T02:41:45.664+0000][895.580s][info ][gc            ] GC(61) Pause Young (Normal) (G1 Evacuation Pause) 567M->156M(689M) 8.757ms
[2023-11-13T02:41:45.664+0000][895.580s][info ][gc,cpu        ] GC(61) User=0.03s Sys=0.00s Real=0.00s
[2023-11-13T02:41:45.664+0000][895.580s][info ][safepoint     ] Leaving safepoint region
[2023-11-13T02:41:45.664+0000][895.580s][info ][safepoint     ] Total time for which application threads were stopped: 0.0092854 seconds, Stopping threads took: 0.0000791 seconds
[2023-11-13T02:41:45.664+0000][895.580s][info ][gc,stringdedup] Concurrent String Deduplication (895.580s)
[2023-11-13T02:41:45.664+0000][895.580s][info ][gc,stringdedup] Concurrent String Deduplication 0.0B->0.0B(0.0B) avg 53.7% (895.580s, 895.580s) 0.041ms
[2023-11-13T02:41:46.665+0000][896.581s][debug][safepoint     ] Safepoint synchronization initiated. (228 threads)
[2023-11-13T02:41:46.665+0000][896.581s][info ][safepoint     ] Application time: 1.0005515 seconds
[2023-11-13T02:41:46.665+0000][896.581s][info ][safepoint     ] Entering safepoint region: Cleanup
[2023-11-13T02:41:46.665+0000][896.581s][info ][safepoint     ] Leaving safepoint region
[2023-11-13T02:41:46.665+0000][896.581s][info ][safepoint     ] Total time for which application threads were stopped: 0.0005026 seconds, Stopping threads took: 0.0000922 seconds
[2023-11-13T02:41:47.666+0000][897.581s][debug][safepoint     ] Safepoint synchronization initiated. (228 threads)
[2023-11-13T02:41:47.666+0000][897.582s][info ][safepoint     ] Application time: 1.0004252 seconds
[2023-11-13T02:41:47.666+0000][897.582s][info ][safepoint     ] Entering safepoint region: Cleanup
[2023-11-13T02:41:47.667+0000][897.583s][info ][safepoint     ] Leaving safepoint region
[2023-11-13T02:41:47.667+0000][897.583s][info ][safepoint     ] Total time for which application threads were stopped: 0.0007584 seconds, Stopping threads took: 0.0002923 seconds
[2023-11-13T02:41:48.670+0000][898.586s][debug][safepoint     ] Safepoint synchronization initiated. (228 threads)
[2023-11-13T02:41:48.670+0000][898.586s][info ][safepoint     ] Application time: 1.0029125 seconds
[2023-11-13T02:41:48.670+0000][898.586s][debug][safepoint     ] ... found polling page return exception at pc = 0x00007f76a0871ac6, stub =0x00007f7698841800
[2023-11-13T02:41:48.670+0000][898.586s][debug][safepoint     ] Waiting for 2 thread(s) to block
[2023-11-13T02:41:48.674+0000][898.590s][info ][safepoint     ] Entering safepoint region: Cleanup
[2023-11-13T02:41:48.677+0000][898.593s][info ][safepoint     ] Leaving safepoint region
[2023-11-13T02:41:48.677+0000][898.593s][info ][safepoint     ] Total time for which application threads were stopped: 0.0068541 seconds, Stopping threads took: 0.0039018 seconds
[2023-11-13T02:41:49.677+0000][899.593s][debug][safepoint     ] Safepoint synchronization initiated. (228 threads)
[2023-11-13T02:41:49.678+0000][899.594s][info ][safepoint     ] Application time: 1.0006823 seconds
[2023-11-13T02:41:49.678+0000][899.594s][info ][safepoint     ] Entering safepoint region: Cleanup
[2023-11-13T02:41:49.678+0000][899.594s][info ][safepoint     ] Leaving safepoint region
[2023-11-13T02:41:49.679+0000][899.594s][info ][safepoint     ] Total time for which application threads were stopped: 0.0007337 seconds, Stopping threads took: 0.0002954 seconds
[2023-11-13T02:41:50.679+0000][900.595s][debug][safepoint     ] Safepoint synchronization initiated. (228 threads)
[2023-11-13T02:41:50.679+0000][900.595s][info ][safepoint     ] Application time: 1.0003868 seconds
[2023-11-13T02:41:50.679+0000][900.595s][info ][safepoint     ] Entering safepoint region: Cleanup
[2023-11-13T02:41:50.680+0000][900.596s][info ][safepoint     ] Leaving safepoint region
[2023-11-13T02:41:50.680+0000][900.596s][info ][safepoint     ] Total time for which application threads were stopped: 0.0007053 seconds, Stopping threads took: 0.0002566 seconds
[2023-11-13T02:41:51.680+0000][901.596s][debug][safepoint     ] Safepoint synchronization initiated. (228 threads)
[2023-11-13T02:41:51.680+0000][901.596s][info ][safepoint     ] Application time: 1.0001755 seconds
[2023-11-13T02:41:51.681+0000][901.596s][info ][safepoint     ] Entering safepoint region: Cleanup
[2023-11-13T02:41:51.681+0000][901.597s][info ][safepoint     ] Leaving safepoint region
[2023-11-13T02:41:51.681+0000][901.597s][info ][safepoint     ] Total time for which application threads were stopped: 0.0005433 seconds, Stopping threads took: 0.0000915 seconds
[2023-11-13T02:41:52.681+0000][902.597s][debug][safepoint     ] Safepoint synchronization initiated. (228 threads)
[2023-11-13T02:41:52.682+0000][902.597s][info ][safepoint     ] Application time: 1.0005038 seconds
[2023-11-13T02:41:52.682+0000][902.597s][info ][safepoint     ] Entering safepoint region: Cleanup
[2023-11-13T02:41:52.682+0000][902.598s][info ][safepoint     ] Leaving safepoint region
[2023-11-13T02:41:52.682+0000][902.598s][info ][safepoint     ] Total time for which application threads were stopped: 0.0005609 seconds, Stopping threads took: 0.0000861 seconds
[2023-11-13T02:41:53.682+0000][903.598s][debug][safepoint     ] Safepoint synchronization initiated. (228 threads)
[2023-11-13T02:41:53.682+0000][903.598s][info ][safepoint     ] Application time: 1.0002884 seconds
[2023-11-13T02:41:53.683+0000][903.598s][info ][safepoint     ] Entering safepoint region: Cleanup
[2023-11-13T02:41:53.683+0000][903.599s][info ][safepoint     ] Leaving safepoint region
[2023-11-13T02:41:53.683+0000][903.599s][info ][safepoint     ] Total time for which application threads were stopped: 0.0009729 seconds, Stopping threads took: 0.0001479 seconds
[2023-11-13T02:41:54.684+0000][904.600s][debug][safepoint     ] Safepoint synchronization initiated. (228 threads)
[2023-11-13T02:41:54.684+0000][904.600s][info ][safepoint     ] Application time: 1.0007912 seconds
[2023-11-13T02:41:54.685+0000][904.601s][info ][safepoint     ] Entering safepoint region: Cleanup
[2023-11-13T02:41:54.686+0000][904.602s][info ][safepoint     ] Leaving safepoint region
[2023-11-13T02:41:54.686+0000][904.602s][info ][safepoint     ] Total time for which application threads were stopped: 0.0016145 seconds, Stopping threads took: 0.0005837 seconds
[2023-11-13T02:41:55.687+0000][905.603s][debug][safepoint     ] Safepoint synchronization initiated. (228 threads)
[2023-11-13T02:41:55.688+0000][905.603s][info ][safepoint     ] Application time: 1.0007224 seconds
[2023-11-13T02:41:55.688+0000][905.604s][info ][safepoint     ] Entering safepoint region: Cleanup
[2023-11-13T02:41:55.689+0000][905.605s][info ][safepoint     ] Leaving safepoint region
[2023-11-13T02:41:55.689+0000][905.605s][info ][safepoint     ] Total time for which application threads were stopped: 0.0013713 seconds, Stopping threads took: 0.0005260 seconds
[2023-11-13T02:41:56.690+0000][906.606s][debug][safepoint     ] Safepoint synchronization initiated. (228 threads)
[2023-11-13T02:41:56.691+0000][906.607s][info ][safepoint     ] Application time: 1.0011208 seconds
[2023-11-13T02:41:56.691+0000][906.607s][info ][safepoint     ] Entering safepoint region: Cleanup
[2023-11-13T02:41:56.692+0000][906.607s][info ][safepoint     ] Leaving safepoint region
[2023-11-13T02:41:56.692+0000][906.607s][info ][safepoint     ] Total time for which application threads were stopped: 0.0006441 seconds, Stopping threads took: 0.0001336 seconds
[2023-11-13T02:41:57.692+0000][907.608s][debug][safepoint     ] Safepoint synchronization initiated. (228 threads)
[2023-11-13T02:41:57.692+0000][907.608s][info ][safepoint     ] Application time: 1.0006659 seconds
[2023-11-13T02:41:57.693+0000][907.609s][info ][safepoint     ] Entering safepoint region: Cleanup
[2023-11-13T02:41:57.694+0000][907.610s][info ][safepoint     ] Leaving safepoint region
[2023-11-13T02:41:57.694+0000][907.610s][info ][safepoint     ] Total time for which application threads were stopped: 0.0010329 seconds, Stopping threads took: 0.0004613 seconds
[2023-11-13T02:41:58.694+0000][908.610s][debug][safepoint     ] Safepoint synchronization initiated. (228 threads)
[2023-11-13T02:41:58.695+0000][908.611s][info ][safepoint     ] Application time: 1.0012205 seconds
[2023-11-13T02:41:58.695+0000][908.611s][info ][safepoint     ] Entering safepoint region: Cleanup
[2023-11-13T02:41:58.696+0000][908.612s][info ][safepoint     ] Leaving safepoint region
[2023-11-13T02:41:58.697+0000][908.613s][info ][safepoint     ] Total time for which application threads were stopped: 0.0017358 seconds, Stopping threads took: 0.0001623 seconds
[2023-11-13T02:41:59.697+0000][909.613s][debug][safepoint     ] Safepoint synchronization initiated. (228 threads)
[2023-11-13T02:41:59.699+0000][909.614s][info ][safepoint     ] Application time: 1.0013241 seconds
[2023-11-13T02:41:59.699+0000][909.615s][debug][safepoint     ] ... found polling page return exception at pc = 0x00007f76a1138516, stub =0x00007f7698841800
[2023-11-13T02:41:59.700+0000][909.616s][debug][safepoint     ] Waiting for 1 thread(s) to block
[2023-11-13T02:41:59.700+0000][909.616s][info ][safepoint     ] Entering safepoint region: Cleanup
[2023-11-13T02:41:59.701+0000][909.617s][info ][safepoint     ] Leaving safepoint region
[2023-11-13T02:41:59.701+0000][909.617s][info ][safepoint     ] Total time for which application threads were stopped: 0.0022861 seconds, Stopping threads took: 0.0014113 seconds
[2023-11-13T02:42:00.702+0000][910.617s][debug][safepoint     ] Safepoint synchronization initiated. (228 threads)
[2023-11-13T02:42:00.702+0000][910.618s][info ][safepoint     ] Application time: 1.0002518 seconds
[2023-11-13T02:42:00.702+0000][910.618s][info ][safepoint     ] Entering safepoint region: Cleanup
[2023-11-13T02:42:00.702+0000][910.618s][info ][safepoint     ] Leaving safepoint region
[2023-11-13T02:42:00.702+0000][910.618s][info ][safepoint     ] Total time for which application threads were stopped: 0.0006462 seconds, Stopping threads took: 0.0001434 seconds
[2023-11-13T02:42:01.702+0000][911.618s][debug][safepoint     ] Safepoint synchronization initiated. (228 threads)
[2023-11-13T02:42:01.703+0000][911.618s][info ][safepoint     ] Application time: 1.0002461 seconds
[2023-11-13T02:42:01.703+0000][911.619s][info ][safepoint     ] Entering safepoint region: Cleanup
[2023-11-13T02:42:01.703+0000][911.619s][info ][safepoint     ] Leaving safepoint region
[2023-11-13T02:42:01.703+0000][911.619s][info ][safepoint     ] Total time for which application threads were stopped: 0.0006829 seconds, Stopping threads took: 0.0001734 seconds
[2023-11-13T02:42:02.704+0000][912.619s][debug][safepoint     ] Safepoint synchronization initiated. (228 threads)
[2023-11-13T02:42:02.704+0000][912.620s][info ][safepoint     ] Application time: 1.0003938 seconds
[2023-11-13T02:42:02.704+0000][912.620s][info ][safepoint     ] Entering safepoint region: Cleanup
[2023-11-13T02:42:02.704+0000][912.620s][info ][safepoint     ] Leaving safepoint region
[2023-11-13T02:42:02.704+0000][912.620s][info ][safepoint     ] Total time for which application threads were stopped: 0.0006154 seconds, Stopping threads took: 0.0001298 seconds
[2023-11-13T02:42:02.843+0000][912.759s][debug][safepoint     ] Safepoint synchronization initiated. (228 threads)
[2023-11-13T02:42:02.843+0000][912.759s][info ][safepoint     ] Application time: 0.1385808 seconds
[2023-11-13T02:42:02.843+0000][912.759s][info ][safepoint     ] Entering safepoint region: G1CollectForAllocation
[2023-11-13T02:42:02.844+0000][912.759s][info ][gc,start      ] GC(62) Pause Young (Normal) (G1 Evacuation Pause)
[2023-11-13T02:42:02.844+0000][912.759s][info ][gc,task       ] GC(62) Using 6 workers of 6 for evacuation
[2023-11-13T02:42:02.857+0000][912.773s][info ][gc,phases     ] GC(62)   Pre Evacuate Collection Set: 0.0ms
[2023-11-13T02:42:02.857+0000][912.773s][info ][gc,phases     ] GC(62)   Evacuate Collection Set: 6.6ms
[2023-11-13T02:42:02.857+0000][912.773s][info ][gc,phases     ] GC(62)   Post Evacuate Collection Set: 5.9ms
[2023-11-13T02:42:02.857+0000][912.773s][info ][gc,phases     ] GC(62)   Other: 0.5ms
[2023-11-13T02:42:02.857+0000][912.773s][info ][gc,heap       ] GC(62) Eden regions: 411->0(412)
[2023-11-13T02:42:02.857+0000][912.773s][info ][gc,heap       ] GC(62) Survivor regions: 2->1(52)
[2023-11-13T02:42:02.857+0000][912.773s][info ][gc,heap       ] GC(62) Old regions: 158->158
[2023-11-13T02:42:02.857+0000][912.773s][info ][gc,heap       ] GC(62) Humongous regions: 0->0
[2023-11-13T02:42:02.857+0000][912.773s][info ][gc,metaspace  ] GC(62) Metaspace: 164473K(170072K)->164473K(170072K) NonClass: 145535K(148952K)->145535K(148952K) Class: 18938K(21120K)->18938K(21120K)
[2023-11-13T02:42:02.857+0000][912.773s][info ][gc            ] GC(62) Pause Young (Normal) (G1 Evacuation Pause) 567M->156M(689M) 13.384ms
[2023-11-13T02:42:02.857+0000][912.773s][info ][gc,cpu        ] GC(62) User=0.04s Sys=0.00s Real=0.02s
[2023-11-13T02:42:02.857+0000][912.773s][info ][safepoint     ] Leaving safepoint region
[2023-11-13T02:42:02.857+0000][912.773s][info ][safepoint     ] Total time for which application threads were stopped: 0.0141190 seconds, Stopping threads took: 0.0001013 seconds
[2023-11-13T02:42:02.857+0000][912.773s][info ][gc,stringdedup] Concurrent String Deduplication (912.773s)
[2023-11-13T02:42:02.857+0000][912.773s][info ][gc,stringdedup] Concurrent String Deduplication 0.0B->0.0B(0.0B) avg 53.7% (912.773s, 912.773s) 0.094ms
[2023-11-13T02:42:03.858+0000][913.774s][debug][safepoint     ] Safepoint synchronization initiated. (228 threads)
[2023-11-13T02:42:03.858+0000][913.774s][info ][safepoint     ] Application time: 1.0008751 seconds
[2023-11-13T02:42:03.858+0000][913.774s][info ][safepoint     ] Entering safepoint region: Cleanup
[2023-11-13T02:42:03.859+0000][913.775s][info ][safepoint     ] Leaving safepoint region
[2023-11-13T02:42:03.859+0000][913.775s][info ][safepoint     ] Total time for which application threads were stopped: 0.0012046 seconds, Stopping threads took: 0.0001196 seconds
[2023-11-13T02:42:04.859+0000][914.775s][debug][safepoint     ] Safepoint synchronization initiated. (228 threads)
[2023-11-13T02:42:04.860+0000][914.775s][info ][safepoint     ] Application time: 1.0002357 seconds
[2023-11-13T02:42:04.860+0000][914.776s][debug][safepoint     ] Waiting for 1 thread(s) to block
[2023-11-13T02:42:04.860+0000][914.776s][info ][safepoint     ] Entering safepoint region: Cleanup
[2023-11-13T02:42:04.861+0000][914.777s][info ][safepoint     ] Leaving safepoint region
[2023-11-13T02:42:04.861+0000][914.777s][info ][safepoint     ] Total time for which application threads were stopped: 0.0015130 seconds, Stopping threads took: 0.0008838 seconds
[2023-11-13T02:42:05.865+0000][915.781s][debug][safepoint     ] Safepoint synchronization initiated. (228 threads)
[2023-11-13T02:42:05.865+0000][915.781s][info ][safepoint     ] Application time: 1.0036615 seconds
[2023-11-13T02:42:05.865+0000][915.781s][debug][safepoint     ] Waiting for 2 thread(s) to block
[2023-11-13T02:42:05.865+0000][915.781s][info ][safepoint     ] Entering safepoint region: Cleanup
[2023-11-13T02:42:05.866+0000][915.781s][info ][safepoint     ] Leaving safepoint region
[2023-11-13T02:42:05.866+0000][915.781s][info ][safepoint     ] Total time for which application threads were stopped: 0.0007228 seconds, Stopping threads took: 0.0002787 seconds
[2023-11-13T02:42:06.866+0000][916.782s][debug][safepoint     ] Safepoint synchronization initiated. (228 threads)
[2023-11-13T02:42:06.866+0000][916.782s][info ][safepoint     ] Application time: 1.0001886 seconds
[2023-11-13T02:42:06.866+0000][916.782s][info ][safepoint     ] Entering safepoint region: Cleanup
[2023-11-13T02:42:06.866+0000][916.782s][info ][safepoint     ] Leaving safepoint region
[2023-11-13T02:42:06.866+0000][916.782s][info ][safepoint     ] Total time for which application threads were stopped: 0.0005278 seconds, Stopping threads took: 0.0001135 seconds
[2023-11-13T02:42:07.867+0000][917.782s][debug][safepoint     ] Safepoint synchronization initiated. (228 threads)
[2023-11-13T02:42:07.867+0000][917.782s][info ][safepoint     ] Application time: 1.0002702 seconds
[2023-11-13T02:42:07.867+0000][917.783s][debug][safepoint     ] ... found polling page return exception at pc = 0x00007f76a11c4628, stub =0x00007f7698841800
[2023-11-13T02:42:07.867+0000][917.783s][debug][safepoint     ] Waiting for 1 thread(s) to block
[2023-11-13T02:42:07.867+0000][917.783s][info ][safepoint     ] Entering safepoint region: Cleanup
[2023-11-13T02:42:07.868+0000][917.783s][info ][safepoint     ] Leaving safepoint region
[2023-11-13T02:42:07.868+0000][917.783s][info ][safepoint     ] Total time for which application threads were stopped: 0.0009240 seconds, Stopping threads took: 0.0004198 seconds
[2023-11-13T02:42:08.868+0000][918.784s][debug][safepoint     ] Safepoint synchronization initiated. (228 threads)
[2023-11-13T02:42:08.868+0000][918.784s][info ][safepoint     ] Application time: 1.0002099 seconds
[2023-11-13T02:42:08.868+0000][918.784s][info ][safepoint     ] Entering safepoint region: Cleanup
[2023-11-13T02:42:08.868+0000][918.784s][info ][safepoint     ] Leaving safepoint region
[2023-11-13T02:42:08.868+0000][918.784s][info ][safepoint     ] Total time for which application threads were stopped: 0.0004229 seconds, Stopping threads took: 0.0001045 seconds
[2023-11-13T02:42:09.868+0000][919.784s][debug][safepoint     ] Safepoint synchronization initiated. (228 threads)
[2023-11-13T02:42:09.869+0000][919.784s][info ][safepoint     ] Application time: 1.0002001 seconds
[2023-11-13T02:42:09.869+0000][919.784s][info ][safepoint     ] Entering safepoint region: Cleanup
[2023-11-13T02:42:09.869+0000][919.785s][info ][safepoint     ] Leaving safepoint region
[2023-11-13T02:42:09.869+0000][919.785s][info ][safepoint     ] Total time for which application threads were stopped: 0.0003587 seconds, Stopping threads took: 0.0000862 seconds
[2023-11-13T02:42:10.870+0000][920.785s][debug][safepoint     ] Safepoint synchronization initiated. (228 threads)
[2023-11-13T02:42:10.870+0000][920.786s][info ][safepoint     ] Application time: 1.0007470 seconds
[2023-11-13T02:42:10.870+0000][920.786s][info ][safepoint     ] Entering safepoint region: Cleanup
[2023-11-13T02:42:10.870+0000][920.786s][info ][safepoint     ] Leaving safepoint region
[2023-11-13T02:42:10.871+0000][920.786s][info ][safepoint     ] Total time for which application threads were stopped: 0.0008100 seconds, Stopping threads took: 0.0003998 seconds
[2023-11-13T02:42:11.871+0000][921.787s][debug][safepoint     ] Safepoint synchronization initiated. (228 threads)
[2023-11-13T02:42:11.871+0000][921.787s][info ][safepoint     ] Application time: 1.0002405 seconds
[2023-11-13T02:42:11.871+0000][921.787s][info ][safepoint     ] Entering safepoint region: Cleanup
[2023-11-13T02:42:11.871+0000][921.787s][info ][safepoint     ] Leaving safepoint region
[2023-11-13T02:42:11.871+0000][921.787s][info ][safepoint     ] Total time for which application threads were stopped: 0.0006514 seconds, Stopping threads took: 0.0001273 seconds
[2023-11-13T02:42:12.878+0000][922.794s][debug][safepoint     ] Safepoint synchronization initiated. (228 threads)
[2023-11-13T02:42:12.878+0000][922.794s][info ][safepoint     ] Application time: 1.0066202 seconds
[2023-11-13T02:42:12.878+0000][922.794s][info ][safepoint     ] Entering safepoint region: Cleanup
[2023-11-13T02:42:12.879+0000][922.795s][info ][safepoint     ] Leaving safepoint region
[2023-11-13T02:42:12.879+0000][922.795s][info ][safepoint     ] Total time for which application threads were stopped: 0.0006166 seconds, Stopping threads took: 0.0001344 seconds
[2023-11-13T02:42:13.879+0000][923.795s][debug][safepoint     ] Safepoint synchronization initiated. (228 threads)
[2023-11-13T02:42:13.880+0000][923.796s][info ][safepoint     ] Application time: 1.0011867 seconds
[2023-11-13T02:42:13.881+0000][923.796s][info ][safepoint     ] Entering safepoint region: Cleanup
[2023-11-13T02:42:13.881+0000][923.797s][info ][safepoint     ] Leaving safepoint region
[2023-11-13T02:42:13.882+0000][923.798s][info ][safepoint     ] Total time for which application threads were stopped: 0.0013286 seconds, Stopping threads took: 0.0005180 seconds
[2023-11-13T02:42:14.883+0000][924.799s][debug][safepoint     ] Safepoint synchronization initiated. (228 threads)
[2023-11-13T02:42:14.883+0000][924.799s][info ][safepoint     ] Application time: 1.0009712 seconds
[2023-11-13T02:42:14.883+0000][924.799s][debug][safepoint     ] ... found polling page return exception at pc = 0x00007f76a11f81dd, stub =0x00007f7698841800
[2023-11-13T02:42:14.884+0000][924.799s][debug][safepoint     ] Waiting for 1 thread(s) to block
[2023-11-13T02:42:14.886+0000][924.802s][info ][safepoint     ] Entering safepoint region: Cleanup
[2023-11-13T02:42:14.887+0000][924.802s][info ][safepoint     ] Leaving safepoint region
[2023-11-13T02:42:14.887+0000][924.802s][info ][safepoint     ] Total time for which application threads were stopped: 0.0033193 seconds, Stopping threads took: 0.0027523 seconds
[2023-11-13T02:42:15.890+0000][925.806s][debug][safepoint     ] Safepoint synchronization initiated. (228 threads)
[2023-11-13T02:42:15.890+0000][925.806s][info ][safepoint     ] Application time: 1.0035219 seconds
[2023-11-13T02:42:15.890+0000][925.806s][info ][safepoint     ] Entering safepoint region: Cleanup
[2023-11-13T02:42:15.891+0000][925.807s][info ][safepoint     ] Leaving safepoint region
[2023-11-13T02:42:15.891+0000][925.807s][info ][safepoint     ] Total time for which application threads were stopped: 0.0007148 seconds, Stopping threads took: 0.0001808 seconds
[2023-11-13T02:42:16.891+0000][926.807s][debug][safepoint     ] Safepoint synchronization initiated. (228 threads)
[2023-11-13T02:42:16.891+0000][926.807s][info ][safepoint     ] Application time: 1.0002293 seconds
[2023-11-13T02:42:16.891+0000][926.807s][info ][safepoint     ] Entering safepoint region: Cleanup
[2023-11-13T02:42:16.892+0000][926.808s][info ][safepoint     ] Leaving safepoint region
[2023-11-13T02:42:16.892+0000][926.808s][info ][safepoint     ] Total time for which application threads were stopped: 0.0005867 seconds, Stopping threads took: 0.0001434 seconds
[2023-11-13T02:42:17.892+0000][927.808s][debug][safepoint     ] Safepoint synchronization initiated. (228 threads)
[2023-11-13T02:42:17.892+0000][927.808s][info ][safepoint     ] Application time: 1.0002603 seconds
[2023-11-13T02:42:17.892+0000][927.808s][info ][safepoint     ] Entering safepoint region: Cleanup
[2023-11-13T02:42:17.893+0000][927.809s][info ][safepoint     ] Leaving safepoint region
[2023-11-13T02:42:17.893+0000][927.809s][info ][safepoint     ] Total time for which application threads were stopped: 0.0006018 seconds, Stopping threads took: 0.0001749 seconds
[2023-11-13T02:42:18.896+0000][928.812s][debug][safepoint     ] Safepoint synchronization initiated. (228 threads)
[2023-11-13T02:42:18.896+0000][928.812s][info ][safepoint     ] Application time: 1.0031391 seconds
[2023-11-13T02:42:18.896+0000][928.812s][info ][safepoint     ] Entering safepoint region: Cleanup
[2023-11-13T02:42:18.897+0000][928.812s][info ][safepoint     ] Leaving safepoint region
[2023-11-13T02:42:18.897+0000][928.812s][info ][safepoint     ] Total time for which application threads were stopped: 0.0006680 seconds, Stopping threads took: 0.0001436 seconds
[2023-11-13T02:42:19.898+0000][929.814s][debug][safepoint     ] Safepoint synchronization initiated. (228 threads)
[2023-11-13T02:42:19.898+0000][929.814s][info ][safepoint     ] Application time: 1.0015330 seconds
[2023-11-13T02:42:19.898+0000][929.814s][debug][safepoint     ] Waiting for 1 thread(s) to block
[2023-11-13T02:42:19.898+0000][929.814s][info ][safepoint     ] Entering safepoint region: Cleanup
[2023-11-13T02:42:19.899+0000][929.815s][info ][safepoint     ] Leaving safepoint region
[2023-11-13T02:42:19.899+0000][929.815s][info ][safepoint     ] Total time for which application threads were stopped: 0.0008537 seconds, Stopping threads took: 0.0003045 seconds
[2023-11-13T02:42:20.899+0000][930.815s][debug][safepoint     ] Safepoint synchronization initiated. (228 threads)
[2023-11-13T02:42:20.899+0000][930.815s][info ][safepoint     ] Application time: 1.0002335 seconds
[2023-11-13T02:42:20.909+0000][930.825s][debug][safepoint     ] ... found polling page return exception at pc = 0x00007f76a1440a33, stub =0x00007f7698841800
[2023-11-13T02:42:20.909+0000][930.825s][debug][safepoint     ] Waiting for 1 thread(s) to block
[2023-11-13T02:42:20.909+0000][930.825s][info ][safepoint     ] Entering safepoint region: Cleanup
[2023-11-13T02:42:20.910+0000][930.826s][info ][safepoint     ] Leaving safepoint region
[2023-11-13T02:42:20.910+0000][930.826s][info ][safepoint     ] Total time for which application threads were stopped: 0.0108819 seconds, Stopping threads took: 0.0101695 seconds
[2023-11-13T02:42:21.911+0000][931.826s][debug][safepoint     ] Safepoint synchronization initiated. (228 threads)
[2023-11-13T02:42:21.911+0000][931.826s][info ][safepoint     ] Application time: 1.0003302 seconds
[2023-11-13T02:42:21.911+0000][931.827s][info ][safepoint     ] Entering safepoint region: Cleanup
[2023-11-13T02:42:21.912+0000][931.828s][info ][safepoint     ] Leaving safepoint region
[2023-11-13T02:42:21.912+0000][931.828s][info ][safepoint     ] Total time for which application threads were stopped: 0.0015083 seconds, Stopping threads took: 0.0001340 seconds
[2023-11-13T02:42:22.914+0000][932.830s][debug][safepoint     ] Safepoint synchronization initiated. (228 threads)
[2023-11-13T02:42:22.915+0000][932.831s][info ][safepoint     ] Application time: 1.0025220 seconds
[2023-11-13T02:42:22.915+0000][932.831s][info ][safepoint     ] Entering safepoint region: Cleanup
[2023-11-13T02:42:22.916+0000][932.832s][info ][safepoint     ] Leaving safepoint region
[2023-11-13T02:42:22.916+0000][932.832s][info ][safepoint     ] Total time for which application threads were stopped: 0.0011669 seconds, Stopping threads took: 0.0004656 seconds
[2023-11-13T02:42:23.917+0000][933.833s][debug][safepoint     ] Safepoint synchronization initiated. (228 threads)
[2023-11-13T02:42:23.918+0000][933.833s][info ][safepoint     ] Application time: 1.0009275 seconds
[2023-11-13T02:42:23.918+0000][933.834s][debug][safepoint     ] ... found polling page return exception at pc = 0x00007f76a11609df, stub =0x00007f7698841800
[2023-11-13T02:42:23.924+0000][933.840s][debug][safepoint     ] Waiting for 1 thread(s) to block
[2023-11-13T02:42:23.924+0000][933.840s][info ][safepoint     ] Entering safepoint region: Cleanup
[2023-11-13T02:42:23.925+0000][933.841s][info ][safepoint     ] Leaving safepoint region
[2023-11-13T02:42:23.925+0000][933.841s][info ][safepoint     ] Total time for which application threads were stopped: 0.0071412 seconds, Stopping threads took: 0.0065582 seconds
[2023-11-13T02:42:24.451+0000][934.367s][debug][safepoint     ] Safepoint synchronization initiated. (228 threads)
[2023-11-13T02:42:24.452+0000][934.367s][info ][safepoint     ] Application time: 0.5259912 seconds
[2023-11-13T02:42:24.452+0000][934.368s][info ][safepoint     ] Entering safepoint region: G1CollectForAllocation
[2023-11-13T02:42:24.452+0000][934.368s][info ][gc,start      ] GC(63) Pause Young (Normal) (G1 Evacuation Pause)
[2023-11-13T02:42:24.453+0000][934.369s][info ][gc,task       ] GC(63) Using 6 workers of 6 for evacuation
[2023-11-13T02:42:24.462+0000][934.378s][info ][gc,phases     ] GC(63)   Pre Evacuate Collection Set: 0.1ms
[2023-11-13T02:42:24.462+0000][934.378s][info ][gc,phases     ] GC(63)   Evacuate Collection Set: 4.2ms
[2023-11-13T02:42:24.462+0000][934.378s][info ][gc,phases     ] GC(63)   Post Evacuate Collection Set: 4.7ms
[2023-11-13T02:42:24.462+0000][934.378s][info ][gc,phases     ] GC(63)   Other: 0.9ms
[2023-11-13T02:42:24.462+0000][934.378s][info ][gc,heap       ] GC(63) Eden regions: 412->0(411)
[2023-11-13T02:42:24.462+0000][934.378s][info ][gc,heap       ] GC(63) Survivor regions: 1->2(52)
[2023-11-13T02:42:24.462+0000][934.378s][info ][gc,heap       ] GC(63) Old regions: 158->158
[2023-11-13T02:42:24.462+0000][934.378s][info ][gc,heap       ] GC(63) Humongous regions: 0->0
[2023-11-13T02:42:24.462+0000][934.378s][info ][gc,metaspace  ] GC(63) Metaspace: 164483K(170072K)->164483K(170072K) NonClass: 145545K(148952K)->145545K(148952K) Class: 18938K(21120K)->18938K(21120K)
[2023-11-13T02:42:24.462+0000][934.378s][info ][gc            ] GC(63) Pause Young (Normal) (G1 Evacuation Pause) 568M->156M(689M) 10.027ms
[2023-11-13T02:42:24.462+0000][934.378s][info ][gc,cpu        ] GC(63) User=0.03s Sys=0.00s Real=0.01s
[2023-11-13T02:42:24.463+0000][934.378s][info ][safepoint     ] Leaving safepoint region
[2023-11-13T02:42:24.463+0000][934.378s][info ][safepoint     ] Total time for which application threads were stopped: 0.0107590 seconds, Stopping threads took: 0.0003116 seconds
[2023-11-13T02:42:25.463+0000][935.379s][debug][safepoint     ] Safepoint synchronization initiated. (228 threads)
[2023-11-13T02:42:25.463+0000][935.379s][info ][safepoint     ] Application time: 1.0001874 seconds
[2023-11-13T02:42:25.463+0000][935.379s][info ][safepoint     ] Entering safepoint region: Cleanup
[2023-11-13T02:42:25.463+0000][935.379s][info ][safepoint     ] Leaving safepoint region
[2023-11-13T02:42:25.463+0000][935.379s][info ][safepoint     ] Total time for which application threads were stopped: 0.0003645 seconds, Stopping threads took: 0.0000939 seconds
[2023-11-13T02:42:26.463+0000][936.379s][debug][safepoint     ] Safepoint synchronization initiated. (228 threads)
[2023-11-13T02:42:26.463+0000][936.379s][info ][safepoint     ] Application time: 1.0002502 seconds
[2023-11-13T02:42:26.464+0000][936.379s][info ][safepoint     ] Entering safepoint region: Cleanup
[2023-11-13T02:42:26.464+0000][936.380s][info ][safepoint     ] Leaving safepoint region
[2023-11-13T02:42:26.464+0000][936.380s][info ][safepoint     ] Total time for which application threads were stopped: 0.0006519 seconds, Stopping threads took: 0.0001297 seconds
[2023-11-13T02:42:27.465+0000][937.381s][debug][safepoint     ] Safepoint synchronization initiated. (228 threads)
[2023-11-13T02:42:27.465+0000][937.381s][info ][safepoint     ] Application time: 1.0008082 seconds
[2023-11-13T02:42:27.465+0000][937.381s][info ][safepoint     ] Entering safepoint region: Cleanup
[2023-11-13T02:42:27.466+0000][937.382s][info ][safepoint     ] Leaving safepoint region
[2023-11-13T02:42:27.466+0000][937.382s][info ][safepoint     ] Total time for which application threads were stopped: 0.0007594 seconds, Stopping threads took: 0.0001333 seconds
[2023-11-13T02:42:28.466+0000][938.382s][debug][safepoint     ] Safepoint synchronization initiated. (228 threads)
[2023-11-13T02:42:28.466+0000][938.382s][info ][safepoint     ] Application time: 1.0002707 seconds
[2023-11-13T02:42:28.466+0000][938.382s][info ][safepoint     ] Entering safepoint region: Cleanup
[2023-11-13T02:42:28.466+0000][938.382s][info ][safepoint     ] Leaving safepoint region
[2023-11-13T02:42:28.466+0000][938.382s][info ][safepoint     ] Total time for which application threads were stopped: 0.0004101 seconds, Stopping threads took: 0.0001036 seconds
[2023-11-13T02:42:29.467+0000][939.382s][debug][safepoint     ] Safepoint synchronization initiated. (228 threads)
[2023-11-13T02:42:29.467+0000][939.383s][info ][safepoint     ] Application time: 1.0001578 seconds
[2023-11-13T02:42:29.467+0000][939.383s][info ][safepoint     ] Entering safepoint region: Cleanup
[2023-11-13T02:42:29.467+0000][939.383s][info ][safepoint     ] Leaving safepoint region
[2023-11-13T02:42:29.467+0000][939.383s][info ][safepoint     ] Total time for which application threads were stopped: 0.0003469 seconds, Stopping threads took: 0.0000900 seconds
[2023-11-13T02:42:30.467+0000][940.383s][debug][safepoint     ] Safepoint synchronization initiated. (228 threads)
[2023-11-13T02:42:30.467+0000][940.383s][info ][safepoint     ] Application time: 1.0002061 seconds
[2023-11-13T02:42:30.486+0000][940.402s][debug][safepoint     ] ... found polling page return exception at pc = 0x00007f76a0c53333, stub =0x00007f7698841800
[2023-11-13T02:42:30.486+0000][940.402s][debug][safepoint     ] Waiting for 1 thread(s) to block
[2023-11-13T02:42:30.487+0000][940.402s][info ][safepoint     ] Entering safepoint region: Cleanup
[2023-11-13T02:42:30.488+0000][940.404s][info ][safepoint     ] Leaving safepoint region
[2023-11-13T02:42:30.488+0000][940.404s][info ][safepoint     ] Total time for which application threads were stopped: 0.0210685 seconds, Stopping threads took: 0.0192746 seconds
[2023-11-13T02:42:31.490+0000][941.406s][debug][safepoint     ] Safepoint synchronization initiated. (228 threads)
[2023-11-13T02:42:31.490+0000][941.406s][info ][safepoint     ] Application time: 1.0016943 seconds
[2023-11-13T02:42:31.490+0000][941.406s][debug][safepoint     ] ... found polling page loop exception at pc = 0x00007f76a118ef75, stub =0x00007f7698841b00
[2023-11-13T02:42:31.490+0000][941.406s][debug][safepoint     ] Waiting for 1 thread(s) to block
[2023-11-13T02:42:31.498+0000][941.414s][info ][safepoint     ] Entering safepoint region: Cleanup
[2023-11-13T02:42:31.500+0000][941.416s][info ][safepoint     ] Leaving safepoint region
[2023-11-13T02:42:31.501+0000][941.416s][info ][safepoint     ] Total time for which application threads were stopped: 0.0103917 seconds, Stopping threads took: 0.0079576 seconds
[2023-11-13T02:42:32.501+0000][942.417s][debug][safepoint     ] Safepoint synchronization initiated. (228 threads)
[2023-11-13T02:42:32.501+0000][942.417s][info ][safepoint     ] Application time: 1.0006592 seconds
[2023-11-13T02:42:32.501+0000][942.417s][info ][safepoint     ] Entering safepoint region: Cleanup
[2023-11-13T02:42:32.502+0000][942.418s][info ][safepoint     ] Leaving safepoint region
[2023-11-13T02:42:32.502+0000][942.418s][info ][safepoint     ] Total time for which application threads were stopped: 0.0009384 seconds, Stopping threads took: 0.0001104 seconds
[2023-11-13T02:42:33.503+0000][943.419s][debug][safepoint     ] Safepoint synchronization initiated. (228 threads)
[2023-11-13T02:42:33.503+0000][943.419s][info ][safepoint     ] Application time: 1.0006500 seconds
[2023-11-13T02:42:33.503+0000][943.419s][info ][safepoint     ] Entering safepoint region: Cleanup
[2023-11-13T02:42:33.503+0000][943.419s][info ][safepoint     ] Leaving safepoint region
[2023-11-13T02:42:33.503+0000][943.419s][info ][safepoint     ] Total time for which application threads were stopped: 0.0005531 seconds, Stopping threads took: 0.0001329 seconds
[2023-11-13T02:42:34.504+0000][944.419s][debug][safepoint     ] Safepoint synchronization initiated. (228 threads)
[2023-11-13T02:42:34.504+0000][944.420s][info ][safepoint     ] Application time: 1.0004893 seconds
[2023-11-13T02:42:34.504+0000][944.420s][info ][safepoint     ] Entering safepoint region: Cleanup
[2023-11-13T02:42:34.505+0000][944.421s][info ][safepoint     ] Leaving safepoint region
[2023-11-13T02:42:34.505+0000][944.421s][info ][safepoint     ] Total time for which application threads were stopped: 0.0009095 seconds, Stopping threads took: 0.0003544 seconds
[2023-11-13T02:42:35.506+0000][945.421s][debug][safepoint     ] Safepoint synchronization initiated. (228 threads)
[2023-11-13T02:42:35.506+0000][945.422s][info ][safepoint     ] Application time: 1.0006075 seconds
[2023-11-13T02:42:35.506+0000][945.422s][debug][safepoint     ] ... found polling page return exception at pc = 0x00007f76a064df77, stub =0x00007f7698841800
[2023-11-13T02:42:35.507+0000][945.423s][debug][safepoint     ] Waiting for 1 thread(s) to block
[2023-11-13T02:42:35.507+0000][945.423s][info ][safepoint     ] Entering safepoint region: Cleanup
[2023-11-13T02:42:35.507+0000][945.423s][info ][safepoint     ] Leaving safepoint region
[2023-11-13T02:42:35.507+0000][945.423s][info ][safepoint     ] Total time for which application threads were stopped: 0.0011117 seconds, Stopping threads took: 0.0008197 seconds
[2023-11-13T02:42:36.508+0000][946.423s][debug][safepoint     ] Safepoint synchronization initiated. (228 threads)
[2023-11-13T02:42:36.508+0000][946.424s][info ][safepoint     ] Application time: 1.0008509 seconds
[2023-11-13T02:42:36.509+0000][946.424s][info ][safepoint     ] Entering safepoint region: Cleanup
[2023-11-13T02:42:36.509+0000][946.425s][info ][safepoint     ] Leaving safepoint region
[2023-11-13T02:42:36.509+0000][946.425s][info ][safepoint     ] Total time for which application threads were stopped: 0.0008648 seconds, Stopping threads took: 0.0003249 seconds
[2023-11-13T02:42:37.510+0000][947.426s][debug][safepoint     ] Safepoint synchronization initiated. (228 threads)
[2023-11-13T02:42:37.510+0000][947.426s][info ][safepoint     ] Application time: 1.0001638 seconds
[2023-11-13T02:42:37.510+0000][947.426s][info ][safepoint     ] Entering safepoint region: Cleanup
[2023-11-13T02:42:37.511+0000][947.427s][info ][safepoint     ] Leaving safepoint region
[2023-11-13T02:42:37.511+0000][947.427s][info ][safepoint     ] Total time for which application threads were stopped: 0.0009607 seconds, Stopping threads took: 0.0001226 seconds
[2023-11-13T02:42:38.511+0000][948.427s][debug][safepoint     ] Safepoint synchronization initiated. (228 threads)
[2023-11-13T02:42:38.511+0000][948.427s][info ][safepoint     ] Application time: 1.0001836 seconds
[2023-11-13T02:42:38.511+0000][948.427s][info ][safepoint     ] Entering safepoint region: Cleanup
[2023-11-13T02:42:38.512+0000][948.428s][info ][safepoint     ] Leaving safepoint region
[2023-11-13T02:42:38.512+0000][948.428s][info ][safepoint     ] Total time for which application threads were stopped: 0.0009350 seconds, Stopping threads took: 0.0000853 seconds
[2023-11-13T02:42:39.512+0000][949.428s][debug][safepoint     ] Safepoint synchronization initiated. (228 threads)
[2023-11-13T02:42:39.512+0000][949.428s][info ][safepoint     ] Application time: 1.0002454 seconds
[2023-11-13T02:42:39.512+0000][949.428s][info ][safepoint     ] Entering safepoint region: Cleanup
[2023-11-13T02:42:39.513+0000][949.429s][info ][safepoint     ] Leaving safepoint region
[2023-11-13T02:42:39.513+0000][949.429s][info ][safepoint     ] Total time for which application threads were stopped: 0.0006983 seconds, Stopping threads took: 0.0001387 seconds
[2023-11-13T02:42:40.513+0000][950.429s][debug][safepoint     ] Safepoint synchronization initiated. (228 threads)
[2023-11-13T02:42:40.513+0000][950.429s][info ][safepoint     ] Application time: 1.0002732 seconds
[2023-11-13T02:42:40.513+0000][950.429s][info ][safepoint     ] Entering safepoint region: Cleanup
[2023-11-13T02:42:40.515+0000][950.431s][info ][safepoint     ] Leaving safepoint region
[2023-11-13T02:42:40.515+0000][950.431s][info ][safepoint     ] Total time for which application threads were stopped: 0.0014927 seconds, Stopping threads took: 0.0001460 seconds
[2023-11-13T02:42:41.515+0000][951.431s][debug][safepoint     ] Safepoint synchronization initiated. (228 threads)
[2023-11-13T02:42:41.515+0000][951.431s][info ][safepoint     ] Application time: 1.0002539 seconds
[2023-11-13T02:42:41.515+0000][951.431s][info ][safepoint     ] Entering safepoint region: Cleanup
[2023-11-13T02:42:41.516+0000][951.432s][info ][safepoint     ] Leaving safepoint region
[2023-11-13T02:42:41.516+0000][951.432s][info ][safepoint     ] Total time for which application threads were stopped: 0.0006867 seconds, Stopping threads took: 0.0001288 seconds
[2023-11-13T02:42:42.216+0000][952.132s][debug][safepoint     ] Safepoint synchronization initiated. (228 threads)
[2023-11-13T02:42:42.216+0000][952.132s][info ][safepoint     ] Application time: 0.7002177 seconds
[2023-11-13T02:42:42.216+0000][952.132s][debug][safepoint     ] ... found polling page return exception at pc = 0x00007f76a1138516, stub =0x00007f7698841800
[2023-11-13T02:42:42.216+0000][952.132s][debug][safepoint     ] Waiting for 1 thread(s) to block
[2023-11-13T02:42:42.216+0000][952.132s][info ][safepoint     ] Entering safepoint region: G1CollectForAllocation
[2023-11-13T02:42:42.217+0000][952.133s][info ][gc,start      ] GC(64) Pause Young (Normal) (G1 Evacuation Pause)
[2023-11-13T02:42:42.217+0000][952.133s][info ][gc,task       ] GC(64) Using 6 workers of 6 for evacuation
[2023-11-13T02:42:42.245+0000][952.161s][info ][gc,phases     ] GC(64)   Pre Evacuate Collection Set: 0.1ms
[2023-11-13T02:42:42.245+0000][952.161s][info ][gc,phases     ] GC(64)   Evacuate Collection Set: 12.5ms
[2023-11-13T02:42:42.245+0000][952.161s][info ][gc,phases     ] GC(64)   Post Evacuate Collection Set: 15.0ms
[2023-11-13T02:42:42.245+0000][952.161s][info ][gc,phases     ] GC(64)   Other: 0.7ms
[2023-11-13T02:42:42.246+0000][952.161s][info ][gc,heap       ] GC(64) Eden regions: 411->0(412)
[2023-11-13T02:42:42.246+0000][952.161s][info ][gc,heap       ] GC(64) Survivor regions: 2->1(52)
[2023-11-13T02:42:42.246+0000][952.161s][info ][gc,heap       ] GC(64) Old regions: 158->158
[2023-11-13T02:42:42.246+0000][952.161s][info ][gc,heap       ] GC(64) Humongous regions: 0->0
[2023-11-13T02:42:42.246+0000][952.162s][info ][gc,metaspace  ] GC(64) Metaspace: 164515K(170072K)->164515K(170072K) NonClass: 145575K(148952K)->145575K(148952K) Class: 18940K(21120K)->18940K(21120K)
[2023-11-13T02:42:42.246+0000][952.162s][info ][gc            ] GC(64) Pause Young (Normal) (G1 Evacuation Pause) 567M->156M(689M) 28.680ms
[2023-11-13T02:42:42.246+0000][952.162s][info ][gc,cpu        ] GC(64) User=0.07s Sys=0.00s Real=0.02s
[2023-11-13T02:42:42.246+0000][952.162s][info ][safepoint     ] Leaving safepoint region
[2023-11-13T02:42:42.246+0000][952.162s][info ][safepoint     ] Total time for which application threads were stopped: 0.0298481 seconds, Stopping threads took: 0.0003637 seconds
[2023-11-13T02:42:42.246+0000][952.162s][info ][gc,stringdedup] Concurrent String Deduplication (952.162s)
[2023-11-13T02:42:42.246+0000][952.162s][info ][gc,stringdedup] Concurrent String Deduplication 0.0B->0.0B(0.0B) avg 53.7% (952.162s, 952.162s) 0.051ms
[2023-11-13T02:42:43.247+0000][953.163s][debug][safepoint     ] Safepoint synchronization initiated. (228 threads)
[2023-11-13T02:42:43.247+0000][953.163s][info ][safepoint     ] Application time: 1.0011994 seconds
[2023-11-13T02:42:43.247+0000][953.163s][debug][safepoint     ] ... found polling page return exception at pc = 0x00007f76a1306591, stub =0x00007f7698841800
[2023-11-13T02:42:43.247+0000][953.163s][debug][safepoint     ] Waiting for 1 thread(s) to block
[2023-11-13T02:42:43.249+0000][953.165s][info ][safepoint     ] Entering safepoint region: Cleanup
[2023-11-13T02:42:43.249+0000][953.165s][info ][safepoint     ] Leaving safepoint region
[2023-11-13T02:42:43.249+0000][953.165s][info ][safepoint     ] Total time for which application threads were stopped: 0.0020960 seconds, Stopping threads took: 0.0014982 seconds
[2023-11-13T02:42:44.250+0000][954.166s][debug][safepoint     ] Safepoint synchronization initiated. (228 threads)
[2023-11-13T02:42:44.250+0000][954.166s][info ][safepoint     ] Application time: 1.0010044 seconds
[2023-11-13T02:42:44.251+0000][954.167s][info ][safepoint     ] Entering safepoint region: Cleanup
[2023-11-13T02:42:44.251+0000][954.167s][info ][safepoint     ] Leaving safepoint region
[2023-11-13T02:42:44.251+0000][954.167s][info ][safepoint     ] Total time for which application threads were stopped: 0.0006545 seconds, Stopping threads took: 0.0001545 seconds
[2023-11-13T02:42:45.254+0000][955.170s][debug][safepoint     ] Safepoint synchronization initiated. (228 threads)
[2023-11-13T02:42:45.254+0000][955.170s][info ][safepoint     ] Application time: 1.0029029 seconds
[2023-11-13T02:42:45.254+0000][955.170s][info ][safepoint     ] Entering safepoint region: Cleanup
[2023-11-13T02:42:45.255+0000][955.171s][info ][safepoint     ] Leaving safepoint region
[2023-11-13T02:42:45.255+0000][955.171s][info ][safepoint     ] Total time for which application threads were stopped: 0.0008737 seconds, Stopping threads took: 0.0001324 seconds
[2023-11-13T02:42:46.255+0000][956.171s][debug][safepoint     ] Safepoint synchronization initiated. (228 threads)
[2023-11-13T02:42:46.255+0000][956.171s][info ][safepoint     ] Application time: 1.0002663 seconds
[2023-11-13T02:42:46.255+0000][956.171s][info ][safepoint     ] Entering safepoint region: Cleanup
[2023-11-13T02:42:46.257+0000][956.173s][info ][safepoint     ] Leaving safepoint region
[2023-11-13T02:42:46.258+0000][956.174s][info ][safepoint     ] Total time for which application threads were stopped: 0.0023455 seconds, Stopping threads took: 0.0001385 seconds
[2023-11-13T02:42:47.262+0000][957.178s][debug][safepoint     ] Safepoint synchronization initiated. (228 threads)
[2023-11-13T02:42:47.262+0000][957.178s][info ][safepoint     ] Application time: 1.0047289 seconds
[2023-11-13T02:42:47.263+0000][957.178s][info ][safepoint     ] Entering safepoint region: Cleanup
[2023-11-13T02:42:47.263+0000][957.179s][info ][safepoint     ] Leaving safepoint region
[2023-11-13T02:42:47.263+0000][957.179s][info ][safepoint     ] Total time for which application threads were stopped: 0.0007419 seconds, Stopping threads took: 0.0001316 seconds
[2023-11-13T02:42:48.263+0000][958.179s][debug][safepoint     ] Safepoint synchronization initiated. (228 threads)
[2023-11-13T02:42:48.263+0000][958.179s][info ][safepoint     ] Application time: 1.0001727 seconds
[2023-11-13T02:42:48.264+0000][958.179s][info ][safepoint     ] Entering safepoint region: Cleanup
[2023-11-13T02:42:48.264+0000][958.180s][info ][safepoint     ] Leaving safepoint region
[2023-11-13T02:42:48.264+0000][958.180s][info ][safepoint     ] Total time for which application threads were stopped: 0.0004157 seconds, Stopping threads took: 0.0001087 seconds
[2023-11-13T02:42:49.264+0000][959.180s][debug][safepoint     ] Safepoint synchronization initiated. (228 threads)
[2023-11-13T02:42:49.265+0000][959.181s][info ][safepoint     ] Application time: 1.0010790 seconds
[2023-11-13T02:42:49.266+0000][959.181s][info ][safepoint     ] Entering safepoint region: Cleanup
[2023-11-13T02:42:49.266+0000][959.182s][info ][safepoint     ] Leaving safepoint region
[2023-11-13T02:42:49.267+0000][959.183s][info ][safepoint     ] Total time for which application threads were stopped: 0.0013136 seconds, Stopping threads took: 0.0005004 seconds
[2023-11-13T02:42:50.267+0000][960.183s][debug][safepoint     ] Safepoint synchronization initiated. (228 threads)
[2023-11-13T02:42:50.268+0000][960.184s][info ][safepoint     ] Application time: 1.0007763 seconds
[2023-11-13T02:42:50.268+0000][960.184s][debug][safepoint     ] ... found polling page return exception at pc = 0x00007f76a0b114c4, stub =0x00007f7698841800
[2023-11-13T02:42:50.269+0000][960.184s][debug][safepoint     ] Waiting for 1 thread(s) to block
[2023-11-13T02:42:50.273+0000][960.188s][info ][safepoint     ] Entering safepoint region: Cleanup
[2023-11-13T02:42:50.273+0000][960.189s][info ][safepoint     ] Leaving safepoint region
[2023-11-13T02:42:50.273+0000][960.189s][info ][safepoint     ] Total time for which application threads were stopped: 0.0051772 seconds, Stopping threads took: 0.0046244 seconds
[2023-11-13T02:42:51.274+0000][961.190s][debug][safepoint     ] Safepoint synchronization initiated. (228 threads)
[2023-11-13T02:42:51.274+0000][961.190s][info ][safepoint     ] Application time: 1.0007111 seconds
[2023-11-13T02:42:51.275+0000][961.190s][info ][safepoint     ] Entering safepoint region: Cleanup
[2023-11-13T02:42:51.275+0000][961.191s][info ][safepoint     ] Leaving safepoint region
[2023-11-13T02:42:51.275+0000][961.191s][info ][safepoint     ] Total time for which application threads were stopped: 0.0004267 seconds, Stopping threads took: 0.0001206 seconds
[2023-11-13T02:42:52.276+0000][962.192s][debug][safepoint     ] Safepoint synchronization initiated. (228 threads)
[2023-11-13T02:42:52.276+0000][962.192s][info ][safepoint     ] Application time: 1.0009489 seconds
[2023-11-13T02:42:52.276+0000][962.192s][info ][safepoint     ] Entering safepoint region: Cleanup
[2023-11-13T02:42:52.277+0000][962.193s][info ][safepoint     ] Leaving safepoint region
[2023-11-13T02:42:52.277+0000][962.193s][info ][safepoint     ] Total time for which application threads were stopped: 0.0008213 seconds, Stopping threads took: 0.0002021 seconds
[2023-11-13T02:42:53.277+0000][963.193s][debug][safepoint     ] Safepoint synchronization initiated. (228 threads)
[2023-11-13T02:42:53.277+0000][963.193s][info ][safepoint     ] Application time: 1.0002524 seconds
[2023-11-13T02:42:53.277+0000][963.193s][info ][safepoint     ] Entering safepoint region: Cleanup
[2023-11-13T02:42:53.278+0000][963.194s][info ][safepoint     ] Leaving safepoint region
[2023-11-13T02:42:53.278+0000][963.194s][info ][safepoint     ] Total time for which application threads were stopped: 0.0007227 seconds, Stopping threads took: 0.0001342 seconds
[2023-11-13T02:42:54.278+0000][964.194s][debug][safepoint     ] Safepoint synchronization initiated. (228 threads)
[2023-11-13T02:42:54.278+0000][964.194s][info ][safepoint     ] Application time: 1.0004574 seconds
[2023-11-13T02:42:54.278+0000][964.194s][info ][safepoint     ] Entering safepoint region: Cleanup
[2023-11-13T02:42:54.279+0000][964.195s][info ][safepoint     ] Leaving safepoint region
[2023-11-13T02:42:54.279+0000][964.195s][info ][safepoint     ] Total time for which application threads were stopped: 0.0009291 seconds, Stopping threads took: 0.0001415 seconds
[2023-11-13T02:42:55.279+0000][965.195s][debug][safepoint     ] Safepoint synchronization initiated. (228 threads)
[2023-11-13T02:42:55.280+0000][965.195s][info ][safepoint     ] Application time: 1.0002753 seconds
[2023-11-13T02:42:55.280+0000][965.196s][info ][safepoint     ] Entering safepoint region: Cleanup
[2023-11-13T02:42:55.280+0000][965.196s][info ][safepoint     ] Leaving safepoint region
[2023-11-13T02:42:55.280+0000][965.196s][info ][safepoint     ] Total time for which application threads were stopped: 0.0006404 seconds, Stopping threads took: 0.0001174 seconds
[2023-11-13T02:42:56.280+0000][966.196s][debug][safepoint     ] Safepoint synchronization initiated. (228 threads)
[2023-11-13T02:42:56.280+0000][966.196s][info ][safepoint     ] Application time: 1.0002128 seconds
[2023-11-13T02:42:56.281+0000][966.196s][info ][safepoint     ] Entering safepoint region: Cleanup
[2023-11-13T02:42:56.281+0000][966.197s][info ][safepoint     ] Leaving safepoint region
[2023-11-13T02:42:56.281+0000][966.197s][info ][safepoint     ] Total time for which application threads were stopped: 0.0005457 seconds, Stopping threads took: 0.0001137 seconds
[2023-11-13T02:42:57.281+0000][967.197s][debug][safepoint     ] Safepoint synchronization initiated. (228 threads)
[2023-11-13T02:42:57.281+0000][967.197s][info ][safepoint     ] Application time: 1.0003217 seconds
[2023-11-13T02:42:57.282+0000][967.197s][info ][safepoint     ] Entering safepoint region: Cleanup
[2023-11-13T02:42:57.282+0000][967.198s][info ][safepoint     ] Leaving safepoint region
[2023-11-13T02:42:57.282+0000][967.198s][info ][safepoint     ] Total time for which application threads were stopped: 0.0007821 seconds, Stopping threads took: 0.0001441 seconds
[2023-11-13T02:42:58.282+0000][968.198s][debug][safepoint     ] Safepoint synchronization initiated. (228 threads)
[2023-11-13T02:42:58.284+0000][968.200s][info ][safepoint     ] Application time: 1.0017084 seconds
[2023-11-13T02:42:58.286+0000][968.202s][info ][safepoint     ] Entering safepoint region: Cleanup
[2023-11-13T02:42:58.287+0000][968.203s][info ][safepoint     ] Leaving safepoint region
[2023-11-13T02:42:58.288+0000][968.204s][info ][safepoint     ] Total time for which application threads were stopped: 0.0017769 seconds, Stopping threads took: 0.0007143 seconds
[2023-11-13T02:42:59.288+0000][969.204s][debug][safepoint     ] Safepoint synchronization initiated. (228 threads)
[2023-11-13T02:42:59.289+0000][969.205s][info ][safepoint     ] Application time: 1.0009271 seconds
[2023-11-13T02:42:59.290+0000][969.206s][info ][safepoint     ] Entering safepoint region: Cleanup
[2023-11-13T02:42:59.290+0000][969.206s][info ][safepoint     ] Leaving safepoint region
[2023-11-13T02:42:59.291+0000][969.207s][info ][safepoint     ] Total time for which application threads were stopped: 0.0012237 seconds, Stopping threads took: 0.0005167 seconds
