[2023-11-11T17:18:13.573+0000][0.265s][info][gc,heap] Heap region size: 1M
[2023-11-11T17:18:13.628+0000][0.319s][info][gc     ] Using G1
[2023-11-11T17:18:13.628+0000][0.319s][info][gc,heap,coops] Heap address: 0x0000000706200000, size: 3998 MB, Compressed Oops mode: Zero based, Oop shift amount: 3
[2023-11-11T17:18:13.645+0000][0.336s][info][gc,cds       ] Mark closed archive regions in map: [0x00000007bfc00000, 0x00000007bfc6aff8]
[2023-11-11T17:18:13.645+0000][0.337s][info][gc,cds       ] Mark open archive regions in map: [0x00000007bf800000, 0x00000007bf847ff8]
[2023-11-11T17:18:14.547+0000][1.238s][debug][safepoint    ] Safepoint synchronization initiated. (9 threads)
[2023-11-11T17:18:14.547+0000][1.238s][info ][safepoint    ] Application time: 0.2642265 seconds
[2023-11-11T17:18:14.547+0000][1.238s][debug][safepoint    ] Waiting for 1 thread(s) to block
[2023-11-11T17:18:14.547+0000][1.238s][info ][safepoint    ] Entering safepoint region: Deoptimize
[2023-11-11T17:18:14.547+0000][1.238s][info ][safepoint    ] Leaving safepoint region
[2023-11-11T17:18:14.547+0000][1.238s][info ][safepoint    ] Total time for which application threads were stopped: 0.0003249 seconds, Stopping threads took: 0.0001627 seconds
[2023-11-11T17:18:15.547+0000][2.238s][debug][safepoint    ] Safepoint synchronization initiated. (9 threads)
[2023-11-11T17:18:15.547+0000][2.239s][info ][safepoint    ] Application time: 1.0001798 seconds
[2023-11-11T17:18:15.547+0000][2.239s][debug][safepoint    ] Waiting for 1 thread(s) to block
[2023-11-11T17:18:15.547+0000][2.239s][info ][safepoint    ] Entering safepoint region: Cleanup
[2023-11-11T17:18:15.547+0000][2.239s][info ][safepoint    ] Leaving safepoint region
[2023-11-11T17:18:15.547+0000][2.239s][info ][safepoint    ] Total time for which application threads were stopped: 0.0001894 seconds, Stopping threads took: 0.0000639 seconds
[2023-11-11T17:18:16.548+0000][3.239s][debug][safepoint    ] Safepoint synchronization initiated. (10 threads)
[2023-11-11T17:18:16.548+0000][3.239s][info ][safepoint    ] Application time: 1.0004573 seconds
[2023-11-11T17:18:16.548+0000][3.239s][info ][safepoint    ] Entering safepoint region: Cleanup
[2023-11-11T17:18:16.548+0000][3.240s][info ][safepoint    ] Leaving safepoint region
[2023-11-11T17:18:16.548+0000][3.240s][info ][safepoint    ] Total time for which application threads were stopped: 0.0004559 seconds, Stopping threads took: 0.0000367 seconds
[2023-11-11T17:18:17.108+0000][3.799s][debug][safepoint    ] Safepoint synchronization initiated. (10 threads)
[2023-11-11T17:18:17.108+0000][3.799s][info ][safepoint    ] Application time: 0.5593425 seconds
[2023-11-11T17:18:17.108+0000][3.799s][info ][safepoint    ] Entering safepoint region: G1CollectForAllocation
[2023-11-11T17:18:17.110+0000][3.801s][info ][gc,start     ] GC(0) Pause Young (Normal) (G1 Evacuation Pause)
[2023-11-11T17:18:17.125+0000][3.816s][info ][gc,task      ] GC(0) Using 6 workers of 6 for evacuation
[2023-11-11T17:18:17.175+0000][3.866s][info ][gc,phases    ] GC(0)   Pre Evacuate Collection Set: 0.0ms
[2023-11-11T17:18:17.175+0000][3.866s][info ][gc,phases    ] GC(0)   Evacuate Collection Set: 40.9ms
[2023-11-11T17:18:17.175+0000][3.866s][info ][gc,phases    ] GC(0)   Post Evacuate Collection Set: 8.3ms
[2023-11-11T17:18:17.175+0000][3.867s][info ][gc,phases    ] GC(0)   Other: 15.8ms
[2023-11-11T17:18:17.175+0000][3.867s][info ][gc,heap      ] GC(0) Eden regions: 56->0(143)
[2023-11-11T17:18:17.175+0000][3.867s][info ][gc,heap      ] GC(0) Survivor regions: 0->7(7)
[2023-11-11T17:18:17.175+0000][3.867s][info ][gc,heap      ] GC(0) Old regions: 2->3
[2023-11-11T17:18:17.175+0000][3.867s][info ][gc,heap      ] GC(0) Humongous regions: 2->0
[2023-11-11T17:18:17.175+0000][3.867s][info ][gc,metaspace ] GC(0) Metaspace: 2408K(5760K)->2408K(5760K) NonClass: 2208K(5120K)->2208K(5120K) Class: 200K(640K)->200K(640K)
[2023-11-11T17:18:17.175+0000][3.867s][info ][gc           ] GC(0) Pause Young (Normal) (G1 Evacuation Pause) 58M->8M(252M) 65.385ms
[2023-11-11T17:18:17.175+0000][3.867s][info ][gc,cpu       ] GC(0) User=0.13s Sys=0.01s Real=0.07s
[2023-11-11T17:18:17.175+0000][3.867s][info ][safepoint    ] Leaving safepoint region
[2023-11-11T17:18:17.175+0000][3.867s][info ][safepoint    ] Total time for which application threads were stopped: 0.0677479 seconds, Stopping threads took: 0.0000330 seconds
[2023-11-11T17:18:17.176+0000][3.867s][info ][gc,stringdedup] Concurrent String Deduplication (3.867s)
[2023-11-11T17:18:17.179+0000][3.870s][info ][gc,stringdedup] Concurrent String Deduplication 237.2K->232.9K(4424.0B) avg 0.9% (3.867s, 3.870s) 3.468ms
[2023-11-11T17:18:17.683+0000][4.375s][debug][safepoint     ] Safepoint synchronization initiated. (10 threads)
[2023-11-11T17:18:17.683+0000][4.375s][info ][safepoint     ] Application time: 0.5078914 seconds
[2023-11-11T17:18:17.683+0000][4.375s][info ][safepoint     ] Entering safepoint region: Deoptimize
[2023-11-11T17:18:17.684+0000][4.375s][info ][safepoint     ] Leaving safepoint region
[2023-11-11T17:18:17.684+0000][4.375s][info ][safepoint     ] Total time for which application threads were stopped: 0.0003783 seconds, Stopping threads took: 0.0000260 seconds
[2023-11-11T17:18:17.710+0000][4.402s][debug][safepoint     ] Safepoint synchronization initiated. (10 threads)
[2023-11-11T17:18:17.710+0000][4.402s][info ][safepoint     ] Application time: 0.0266284 seconds
[2023-11-11T17:18:17.710+0000][4.402s][info ][safepoint     ] Entering safepoint region: Deoptimize
[2023-11-11T17:18:17.711+0000][4.402s][info ][safepoint     ] Leaving safepoint region
[2023-11-11T17:18:17.711+0000][4.402s][info ][safepoint     ] Total time for which application threads were stopped: 0.0003107 seconds, Stopping threads took: 0.0000262 seconds
[2023-11-11T17:18:17.908+0000][4.600s][debug][safepoint     ] Safepoint synchronization initiated. (10 threads)
[2023-11-11T17:18:17.908+0000][4.600s][info ][safepoint     ] Application time: 0.1976301 seconds
[2023-11-11T17:18:17.908+0000][4.600s][info ][safepoint     ] Entering safepoint region: Deoptimize
[2023-11-11T17:18:17.909+0000][4.600s][info ][safepoint     ] Leaving safepoint region
[2023-11-11T17:18:17.909+0000][4.600s][info ][safepoint     ] Total time for which application threads were stopped: 0.0002662 seconds, Stopping threads took: 0.0000164 seconds
[2023-11-11T17:18:17.925+0000][4.616s][debug][safepoint     ] Safepoint synchronization initiated. (10 threads)
[2023-11-11T17:18:17.925+0000][4.616s][info ][safepoint     ] Application time: 0.0161894 seconds
[2023-11-11T17:18:17.925+0000][4.616s][info ][safepoint     ] Entering safepoint region: Deoptimize
[2023-11-11T17:18:17.925+0000][4.617s][info ][safepoint     ] Leaving safepoint region
[2023-11-11T17:18:17.925+0000][4.617s][info ][safepoint     ] Total time for which application threads were stopped: 0.0002246 seconds, Stopping threads took: 0.0000150 seconds
[2023-11-11T17:18:18.925+0000][5.617s][debug][safepoint     ] Safepoint synchronization initiated. (11 threads)
[2023-11-11T17:18:18.925+0000][5.617s][info ][safepoint     ] Application time: 1.0002328 seconds
[2023-11-11T17:18:18.925+0000][5.617s][info ][safepoint     ] Entering safepoint region: Cleanup
[2023-11-11T17:18:18.926+0000][5.617s][info ][safepoint     ] Leaving safepoint region
[2023-11-11T17:18:18.926+0000][5.617s][info ][safepoint     ] Total time for which application threads were stopped: 0.0002191 seconds, Stopping threads took: 0.0000180 seconds
[2023-11-11T17:18:19.500+0000][6.191s][debug][safepoint     ] Safepoint synchronization initiated. (10 threads)
[2023-11-11T17:18:19.500+0000][6.191s][info ][safepoint     ] Application time: 0.5743205 seconds
[2023-11-11T17:18:19.500+0000][6.191s][info ][safepoint     ] Entering safepoint region: G1CollectForAllocation
[2023-11-11T17:18:19.500+0000][6.192s][info ][gc,start      ] GC(1) Pause Young (Normal) (G1 Evacuation Pause)
[2023-11-11T17:18:19.500+0000][6.192s][info ][gc,task       ] GC(1) Using 6 workers of 6 for evacuation
[2023-11-11T17:18:19.530+0000][6.221s][info ][gc,phases     ] GC(1)   Pre Evacuate Collection Set: 0.0ms
[2023-11-11T17:18:19.530+0000][6.222s][info ][gc,phases     ] GC(1)   Evacuate Collection Set: 26.1ms
[2023-11-11T17:18:19.530+0000][6.222s][info ][gc,phases     ] GC(1)   Post Evacuate Collection Set: 3.2ms
[2023-11-11T17:18:19.530+0000][6.222s][info ][gc,phases     ] GC(1)   Other: 0.4ms
[2023-11-11T17:18:19.530+0000][6.222s][info ][gc,heap       ] GC(1) Eden regions: 143->0(140)
[2023-11-11T17:18:19.530+0000][6.222s][info ][gc,heap       ] GC(1) Survivor regions: 7->10(19)
[2023-11-11T17:18:19.530+0000][6.222s][info ][gc,heap       ] GC(1) Old regions: 3->3
[2023-11-11T17:18:19.530+0000][6.222s][info ][gc,heap       ] GC(1) Humongous regions: 0->0
[2023-11-11T17:18:19.530+0000][6.222s][info ][gc,metaspace  ] GC(1) Metaspace: 8945K(10496K)->8945K(10496K) NonClass: 7886K(9216K)->7886K(9216K) Class: 1059K(1280K)->1059K(1280K)
[2023-11-11T17:18:19.531+0000][6.222s][info ][gc            ] GC(1) Pause Young (Normal) (G1 Evacuation Pause) 151M->11M(252M) 30.267ms
[2023-11-11T17:18:19.531+0000][6.222s][info ][gc,cpu        ] GC(1) User=0.11s Sys=0.00s Real=0.03s
[2023-11-11T17:18:19.531+0000][6.222s][info ][safepoint     ] Leaving safepoint region
[2023-11-11T17:18:19.531+0000][6.222s][info ][safepoint     ] Total time for which application threads were stopped: 0.0306713 seconds, Stopping threads took: 0.0000333 seconds
[2023-11-11T17:18:20.534+0000][7.226s][debug][safepoint     ] Safepoint synchronization initiated. (10 threads)
[2023-11-11T17:18:20.534+0000][7.226s][info ][safepoint     ] Application time: 1.0038189 seconds
[2023-11-11T17:18:20.535+0000][7.226s][debug][safepoint     ] ... found polling page return exception at pc = 0x00007f28ec32a425, stub =0x00007f28e4841800
[2023-11-11T17:18:20.535+0000][7.226s][debug][safepoint     ] Waiting for 1 thread(s) to block
[2023-11-11T17:18:20.540+0000][7.232s][info ][safepoint     ] Entering safepoint region: Cleanup
[2023-11-11T17:18:20.543+0000][7.235s][info ][safepoint     ] Leaving safepoint region
[2023-11-11T17:18:20.543+0000][7.235s][info ][safepoint     ] Total time for which application threads were stopped: 0.0088580 seconds, Stopping threads took: 0.0058134 seconds
[2023-11-11T17:18:20.792+0000][7.484s][debug][safepoint     ] Safepoint synchronization initiated. (11 threads)
[2023-11-11T17:18:20.793+0000][7.484s][info ][safepoint     ] Application time: 0.2490738 seconds
[2023-11-11T17:18:20.793+0000][7.484s][info ][safepoint     ] Entering safepoint region: Deoptimize
[2023-11-11T17:18:20.794+0000][7.485s][info ][safepoint     ] Leaving safepoint region
[2023-11-11T17:18:20.794+0000][7.485s][info ][safepoint     ] Total time for which application threads were stopped: 0.0011465 seconds, Stopping threads took: 0.0002963 seconds
[2023-11-11T17:18:21.315+0000][8.007s][debug][safepoint     ] Safepoint synchronization initiated. (11 threads)
[2023-11-11T17:18:21.316+0000][8.007s][info ][safepoint     ] Application time: 0.5212841 seconds
[2023-11-11T17:18:21.316+0000][8.007s][debug][safepoint     ] Waiting for 2 thread(s) to block
[2023-11-11T17:18:21.316+0000][8.007s][info ][safepoint     ] Entering safepoint region: ICBufferFull
[2023-11-11T17:18:21.316+0000][8.008s][info ][safepoint     ] Leaving safepoint region
[2023-11-11T17:18:21.316+0000][8.008s][info ][safepoint     ] Total time for which application threads were stopped: 0.0007569 seconds, Stopping threads took: 0.0004483 seconds
[2023-11-11T17:18:21.770+0000][8.462s][debug][safepoint     ] Safepoint synchronization initiated. (12 threads)
[2023-11-11T17:18:21.770+0000][8.462s][info ][safepoint     ] Application time: 0.4540728 seconds
[2023-11-11T17:18:21.771+0000][8.462s][debug][safepoint     ] ... found polling page return exception at pc = 0x00007f28ec37435a, stub =0x00007f28e4841800
[2023-11-11T17:18:21.771+0000][8.462s][debug][safepoint     ] Waiting for 1 thread(s) to block
[2023-11-11T17:18:21.775+0000][8.466s][info ][safepoint     ] Entering safepoint region: G1CollectForAllocation
[2023-11-11T17:18:21.776+0000][8.467s][info ][gc,start      ] GC(2) Pause Young (Normal) (G1 Evacuation Pause)
[2023-11-11T17:18:21.776+0000][8.467s][info ][gc,task       ] GC(2) Using 6 workers of 6 for evacuation
[2023-11-11T17:18:21.794+0000][8.486s][info ][gc,phases     ] GC(2)   Pre Evacuate Collection Set: 0.0ms
[2023-11-11T17:18:21.794+0000][8.486s][info ][gc,phases     ] GC(2)   Evacuate Collection Set: 13.1ms
[2023-11-11T17:18:21.794+0000][8.486s][info ][gc,phases     ] GC(2)   Post Evacuate Collection Set: 5.2ms
[2023-11-11T17:18:21.794+0000][8.486s][info ][gc,phases     ] GC(2)   Other: 0.3ms
[2023-11-11T17:18:21.794+0000][8.486s][info ][gc,heap       ] GC(2) Eden regions: 140->0(137)
[2023-11-11T17:18:21.794+0000][8.486s][info ][gc,heap       ] GC(2) Survivor regions: 10->13(19)
[2023-11-11T17:18:21.794+0000][8.486s][info ][gc,heap       ] GC(2) Old regions: 3->3
[2023-11-11T17:18:21.794+0000][8.486s][info ][gc,heap       ] GC(2) Humongous regions: 0->0
[2023-11-11T17:18:21.794+0000][8.486s][info ][gc,metaspace  ] GC(2) Metaspace: 13488K(14464K)->13488K(14464K) NonClass: 11824K(12544K)->11824K(12544K) Class: 1663K(1920K)->1663K(1920K)
[2023-11-11T17:18:21.794+0000][8.486s][info ][gc            ] GC(2) Pause Young (Normal) (G1 Evacuation Pause) 151M->14M(252M) 18.922ms
[2023-11-11T17:18:21.795+0000][8.486s][info ][gc,cpu        ] GC(2) User=0.06s Sys=0.00s Real=0.02s
[2023-11-11T17:18:21.795+0000][8.486s][info ][safepoint     ] Leaving safepoint region
[2023-11-11T17:18:21.795+0000][8.486s][info ][safepoint     ] Total time for which application threads were stopped: 0.0240655 seconds, Stopping threads took: 0.0044132 seconds
[2023-11-11T17:18:21.795+0000][8.486s][info ][gc,stringdedup] Concurrent String Deduplication (8.486s)
[2023-11-11T17:18:21.816+0000][8.507s][info ][gc,stringdedup] Concurrent String Deduplication 1945.3K->1753.3K(192.0K) avg 8.0% (8.486s, 8.507s) 21.210ms
[2023-11-11T17:18:22.506+0000][9.198s][debug][safepoint     ] Safepoint synchronization initiated. (11 threads)
[2023-11-11T17:18:22.506+0000][9.198s][info ][safepoint     ] Application time: 0.7117207 seconds
[2023-11-11T17:18:22.506+0000][9.198s][info ][safepoint     ] Entering safepoint region: G1CollectForAllocation
[2023-11-11T17:18:22.507+0000][9.198s][info ][gc,start      ] GC(3) Pause Young (Normal) (G1 Evacuation Pause)
[2023-11-11T17:18:22.507+0000][9.198s][info ][gc,task       ] GC(3) Using 6 workers of 6 for evacuation
[2023-11-11T17:18:22.524+0000][9.216s][info ][gc,phases     ] GC(3)   Pre Evacuate Collection Set: 0.0ms
[2023-11-11T17:18:22.525+0000][9.216s][info ][gc,phases     ] GC(3)   Evacuate Collection Set: 15.3ms
[2023-11-11T17:18:22.525+0000][9.216s][info ][gc,phases     ] GC(3)   Post Evacuate Collection Set: 2.4ms
[2023-11-11T17:18:22.525+0000][9.216s][info ][gc,phases     ] GC(3)   Other: 0.2ms
[2023-11-11T17:18:22.525+0000][9.216s][info ][gc,heap       ] GC(3) Eden regions: 137->0(143)
[2023-11-11T17:18:22.525+0000][9.216s][info ][gc,heap       ] GC(3) Survivor regions: 13->7(19)
[2023-11-11T17:18:22.525+0000][9.216s][info ][gc,heap       ] GC(3) Old regions: 3->10
[2023-11-11T17:18:22.525+0000][9.216s][info ][gc,heap       ] GC(3) Humongous regions: 0->0
[2023-11-11T17:18:22.525+0000][9.216s][info ][gc,metaspace  ] GC(3) Metaspace: 16975K(17920K)->16975K(17920K) NonClass: 14759K(15360K)->14759K(15360K) Class: 2216K(2560K)->2216K(2560K)
[2023-11-11T17:18:22.525+0000][9.216s][info ][gc            ] GC(3) Pause Young (Normal) (G1 Evacuation Pause) 151M->15M(252M) 18.148ms
[2023-11-11T17:18:22.525+0000][9.216s][info ][gc,cpu        ] GC(3) User=0.07s Sys=0.01s Real=0.02s
[2023-11-11T17:18:22.525+0000][9.216s][info ][safepoint     ] Leaving safepoint region
[2023-11-11T17:18:22.525+0000][9.216s][info ][safepoint     ] Total time for which application threads were stopped: 0.0184647 seconds, Stopping threads took: 0.0000224 seconds
[2023-11-11T17:18:22.525+0000][9.216s][info ][gc,stringdedup] Concurrent String Deduplication (9.216s)
[2023-11-11T17:18:22.527+0000][9.219s][info ][gc,stringdedup] Concurrent String Deduplication 218.1K->68688.0B(151.0K) avg 13.0% (9.216s, 9.219s) 2.316ms
[2023-11-11T17:18:22.541+0000][9.232s][debug][safepoint     ] Safepoint synchronization initiated. (11 threads)
[2023-11-11T17:18:22.541+0000][9.232s][info ][safepoint     ] Application time: 0.0158422 seconds
[2023-11-11T17:18:22.541+0000][9.232s][debug][safepoint     ] ... found polling page return exception at pc = 0x00007f28ec32a425, stub =0x00007f28e4841800
[2023-11-11T17:18:22.541+0000][9.232s][debug][safepoint     ] Waiting for 1 thread(s) to block
[2023-11-11T17:18:22.541+0000][9.232s][info ][safepoint     ] Entering safepoint region: Deoptimize
[2023-11-11T17:18:22.541+0000][9.233s][info ][safepoint     ] Leaving safepoint region
[2023-11-11T17:18:22.541+0000][9.233s][info ][safepoint     ] Total time for which application threads were stopped: 0.0007836 seconds, Stopping threads took: 0.0003291 seconds
[2023-11-11T17:18:22.800+0000][9.491s][debug][safepoint     ] Safepoint synchronization initiated. (12 threads)
[2023-11-11T17:18:22.800+0000][9.491s][info ][safepoint     ] Application time: 0.2585238 seconds
[2023-11-11T17:18:22.800+0000][9.492s][debug][safepoint     ] ... found polling page return exception at pc = 0x00007f28e4e0dbfb, stub =0x00007f28e4841800
[2023-11-11T17:18:22.800+0000][9.492s][debug][safepoint     ] Waiting for 1 thread(s) to block
[2023-11-11T17:18:22.800+0000][9.492s][info ][safepoint     ] Entering safepoint region: Deoptimize
[2023-11-11T17:18:22.801+0000][9.492s][info ][safepoint     ] Leaving safepoint region
[2023-11-11T17:18:22.801+0000][9.492s][info ][safepoint     ] Total time for which application threads were stopped: 0.0007494 seconds, Stopping threads took: 0.0001858 seconds
[2023-11-11T17:18:23.246+0000][9.937s][debug][safepoint     ] Safepoint synchronization initiated. (12 threads)
[2023-11-11T17:18:23.246+0000][9.937s][info ][safepoint     ] Application time: 0.4450380 seconds
[2023-11-11T17:18:23.246+0000][9.937s][debug][safepoint     ] ... found polling page loop exception at pc = 0x00007f28ec452956, stub =0x00007f28e4841b00
[2023-11-11T17:18:23.246+0000][9.937s][debug][safepoint     ] Waiting for 1 thread(s) to block
[2023-11-11T17:18:23.246+0000][9.938s][info ][safepoint     ] Entering safepoint region: CollectForMetadataAllocation
[2023-11-11T17:18:23.246+0000][9.938s][info ][gc,start      ] GC(4) Pause Young (Concurrent Start) (Metadata GC Threshold)
[2023-11-11T17:18:23.247+0000][9.938s][info ][gc,task       ] GC(4) Using 6 workers of 6 for evacuation
[2023-11-11T17:18:23.260+0000][9.951s][info ][gc,phases     ] GC(4)   Pre Evacuate Collection Set: 0.1ms
[2023-11-11T17:18:23.260+0000][9.951s][info ][gc,phases     ] GC(4)   Evacuate Collection Set: 11.5ms
[2023-11-11T17:18:23.260+0000][9.951s][info ][gc,phases     ] GC(4)   Post Evacuate Collection Set: 1.5ms
[2023-11-11T17:18:23.260+0000][9.951s][info ][gc,phases     ] GC(4)   Other: 0.4ms
[2023-11-11T17:18:23.260+0000][9.951s][info ][gc,heap       ] GC(4) Eden regions: 97->0(142)
[2023-11-11T17:18:23.260+0000][9.951s][info ][gc,heap       ] GC(4) Survivor regions: 7->8(19)
[2023-11-11T17:18:23.260+0000][9.951s][info ][gc,heap       ] GC(4) Old regions: 10->10
[2023-11-11T17:18:23.260+0000][9.952s][info ][gc,heap       ] GC(4) Humongous regions: 0->0
[2023-11-11T17:18:23.260+0000][9.952s][info ][gc,metaspace  ] GC(4) Metaspace: 20525K(21248K)->20525K(21248K) NonClass: 17947K(18432K)->17947K(18432K) Class: 2578K(2816K)->2578K(2816K)
[2023-11-11T17:18:23.260+0000][9.952s][info ][gc            ] GC(4) Pause Young (Concurrent Start) (Metadata GC Threshold) 112M->16M(252M) 13.642ms
[2023-11-11T17:18:23.260+0000][9.952s][info ][gc,cpu        ] GC(4) User=0.03s Sys=0.00s Real=0.02s
[2023-11-11T17:18:23.260+0000][9.952s][info ][safepoint     ] Leaving safepoint region
[2023-11-11T17:18:23.260+0000][9.952s][info ][safepoint     ] Total time for which application threads were stopped: 0.0144603 seconds, Stopping threads took: 0.0004049 seconds
[2023-11-11T17:18:23.260+0000][9.952s][info ][gc            ] GC(5) Concurrent Cycle
[2023-11-11T17:18:23.260+0000][9.952s][info ][gc,stringdedup] Concurrent String Deduplication (9.952s)
[2023-11-11T17:18:23.260+0000][9.952s][info ][gc,marking    ] GC(5) Concurrent Clear Claimed Marks
[2023-11-11T17:18:23.260+0000][9.952s][info ][gc,marking    ] GC(5) Concurrent Clear Claimed Marks 0.078ms
[2023-11-11T17:18:23.260+0000][9.952s][info ][gc,marking    ] GC(5) Concurrent Scan Root Regions
[2023-11-11T17:18:23.262+0000][9.953s][info ][gc,stringdedup] Concurrent String Deduplication 190.8K->126.6K(65752.0B) avg 14.4% (9.952s, 9.953s) 1.641ms
[2023-11-11T17:18:23.265+0000][9.957s][info ][gc,marking    ] GC(5) Concurrent Scan Root Regions 4.731ms
[2023-11-11T17:18:23.265+0000][9.957s][info ][gc,marking    ] GC(5) Concurrent Mark (9.957s)
[2023-11-11T17:18:23.265+0000][9.957s][info ][gc,marking    ] GC(5) Concurrent Mark From Roots
[2023-11-11T17:18:23.265+0000][9.957s][info ][gc,task       ] GC(5) Using 2 workers of 2 for marking
[2023-11-11T17:18:23.273+0000][9.964s][info ][gc,marking    ] GC(5) Concurrent Mark From Roots 7.291ms
[2023-11-11T17:18:23.273+0000][9.964s][info ][gc,marking    ] GC(5) Concurrent Preclean
[2023-11-11T17:18:23.273+0000][9.964s][info ][gc,marking    ] GC(5) Concurrent Preclean 0.170ms
[2023-11-11T17:18:23.273+0000][9.964s][info ][gc,marking    ] GC(5) Concurrent Mark (9.957s, 9.964s) 7.573ms
[2023-11-11T17:18:23.273+0000][9.964s][debug][safepoint     ] Safepoint synchronization initiated. (12 threads)
[2023-11-11T17:18:23.273+0000][9.965s][info ][safepoint     ] Application time: 0.0127262 seconds
[2023-11-11T17:18:23.273+0000][9.965s][debug][safepoint     ] ... found polling page return exception at pc = 0x00007f28ec2ca972, stub =0x00007f28e4841800
[2023-11-11T17:18:23.273+0000][9.965s][debug][safepoint     ] Waiting for 2 thread(s) to block
[2023-11-11T17:18:23.273+0000][9.965s][info ][safepoint     ] Entering safepoint region: CGC_Operation
[2023-11-11T17:18:23.273+0000][9.965s][info ][gc,start      ] GC(5) Pause Remark
[2023-11-11T17:18:23.278+0000][9.970s][info ][gc,stringtable] GC(5) Cleaned string and symbol table, strings: 8074 processed, 7 removed, symbols: 55623 processed, 114 removed
[2023-11-11T17:18:23.279+0000][9.970s][info ][gc            ] GC(5) Pause Remark 18M->18M(252M) 5.276ms
[2023-11-11T17:18:23.279+0000][9.970s][info ][gc,cpu        ] GC(5) User=0.02s Sys=0.00s Real=0.01s
[2023-11-11T17:18:23.279+0000][9.970s][info ][safepoint     ] Leaving safepoint region
[2023-11-11T17:18:23.279+0000][9.970s][info ][safepoint     ] Total time for which application threads were stopped: 0.0056289 seconds, Stopping threads took: 0.0002202 seconds
[2023-11-11T17:18:23.279+0000][9.970s][info ][gc,marking    ] GC(5) Concurrent Rebuild Remembered Sets
[2023-11-11T17:18:23.283+0000][9.975s][info ][gc,marking    ] GC(5) Concurrent Rebuild Remembered Sets 4.708ms
[2023-11-11T17:18:23.284+0000][9.975s][debug][safepoint     ] Safepoint synchronization initiated. (12 threads)
[2023-11-11T17:18:23.284+0000][9.975s][info ][safepoint     ] Application time: 0.0049655 seconds
[2023-11-11T17:18:23.284+0000][9.975s][debug][safepoint     ] Waiting for 3 thread(s) to block
[2023-11-11T17:18:23.288+0000][9.979s][info ][safepoint     ] Entering safepoint region: CGC_Operation
[2023-11-11T17:18:23.288+0000][9.979s][info ][gc,start      ] GC(5) Pause Cleanup
[2023-11-11T17:18:23.288+0000][9.980s][info ][gc            ] GC(5) Pause Cleanup 19M->19M(252M) 0.276ms
[2023-11-11T17:18:23.288+0000][9.980s][info ][gc,cpu        ] GC(5) User=0.01s Sys=0.00s Real=0.00s
[2023-11-11T17:18:23.288+0000][9.980s][info ][safepoint     ] Leaving safepoint region
[2023-11-11T17:18:23.288+0000][9.980s][info ][safepoint     ] Total time for which application threads were stopped: 0.0046300 seconds, Stopping threads took: 0.0040990 seconds
[2023-11-11T17:18:23.288+0000][9.980s][info ][gc,marking    ] GC(5) Concurrent Cleanup for Next Mark
[2023-11-11T17:18:23.293+0000][9.984s][info ][gc,marking    ] GC(5) Concurrent Cleanup for Next Mark 4.485ms
[2023-11-11T17:18:23.293+0000][9.984s][info ][gc            ] GC(5) Concurrent Cycle 32.611ms
[2023-11-11T17:18:23.597+0000][10.288s][debug][safepoint     ] Safepoint synchronization initiated. (12 threads)
[2023-11-11T17:18:23.597+0000][10.289s][info ][safepoint     ] Application time: 0.3088096 seconds
[2023-11-11T17:18:23.597+0000][10.289s][info ][safepoint     ] Entering safepoint region: Deoptimize
[2023-11-11T17:18:23.598+0000][10.289s][info ][safepoint     ] Leaving safepoint region
[2023-11-11T17:18:23.598+0000][10.290s][info ][safepoint     ] Total time for which application threads were stopped: 0.0007623 seconds, Stopping threads took: 0.0001339 seconds
[2023-11-11T17:18:23.982+0000][10.674s][debug][safepoint     ] Safepoint synchronization initiated. (11 threads)
[2023-11-11T17:18:23.982+0000][10.674s][info ][safepoint     ] Application time: 0.3842038 seconds
[2023-11-11T17:18:23.982+0000][10.674s][info ][safepoint     ] Entering safepoint region: G1CollectForAllocation
[2023-11-11T17:18:23.983+0000][10.674s][info ][gc,start      ] GC(6) Pause Young (Normal) (G1 Evacuation Pause)
[2023-11-11T17:18:23.983+0000][10.674s][info ][gc,task       ] GC(6) Using 6 workers of 6 for evacuation
[2023-11-11T17:18:24.001+0000][10.692s][info ][gc,phases     ] GC(6)   Pre Evacuate Collection Set: 0.0ms
[2023-11-11T17:18:24.001+0000][10.692s][info ][gc,phases     ] GC(6)   Evacuate Collection Set: 16.4ms
[2023-11-11T17:18:24.001+0000][10.692s][info ][gc,phases     ] GC(6)   Post Evacuate Collection Set: 1.4ms
[2023-11-11T17:18:24.001+0000][10.692s][info ][gc,phases     ] GC(6)   Other: 0.2ms
[2023-11-11T17:18:24.001+0000][10.692s][info ][gc,heap       ] GC(6) Eden regions: 142->0(138)
[2023-11-11T17:18:24.001+0000][10.692s][info ][gc,heap       ] GC(6) Survivor regions: 8->12(19)
[2023-11-11T17:18:24.001+0000][10.692s][info ][gc,heap       ] GC(6) Old regions: 10->10
[2023-11-11T17:18:24.001+0000][10.692s][info ][gc,heap       ] GC(6) Humongous regions: 0->0
[2023-11-11T17:18:24.001+0000][10.692s][info ][gc,metaspace  ] GC(6) Metaspace: 23983K(24956K)->23983K(24956K) NonClass: 20955K(21504K)->20955K(21504K) Class: 3028K(3452K)->3028K(3452K)
[2023-11-11T17:18:24.001+0000][10.692s][info ][gc            ] GC(6) Pause Young (Normal) (G1 Evacuation Pause) 158M->20M(252M) 18.151ms
[2023-11-11T17:18:24.001+0000][10.692s][info ][gc,cpu        ] GC(6) User=0.07s Sys=0.00s Real=0.02s
[2023-11-11T17:18:24.001+0000][10.692s][info ][safepoint     ] Leaving safepoint region
[2023-11-11T17:18:24.001+0000][10.692s][info ][safepoint     ] Total time for which application threads were stopped: 0.0183774 seconds, Stopping threads took: 0.0000172 seconds
[2023-11-11T17:18:24.001+0000][10.692s][info ][gc,stringdedup] Concurrent String Deduplication (10.692s)
[2023-11-11T17:18:24.002+0000][10.693s][info ][gc,stringdedup] Concurrent String Deduplication 141.3K->24080.0B(117.8K) avg 17.6% (10.692s, 10.693s) 0.798ms
[2023-11-11T17:18:24.755+0000][11.447s][debug][safepoint     ] Safepoint synchronization initiated. (11 threads)
[2023-11-11T17:18:24.755+0000][11.447s][info ][safepoint     ] Application time: 0.7544708 seconds
[2023-11-11T17:18:24.755+0000][11.447s][debug][safepoint     ] Waiting for 1 thread(s) to block
[2023-11-11T17:18:24.755+0000][11.447s][info ][safepoint     ] Entering safepoint region: ICBufferFull
[2023-11-11T17:18:24.756+0000][11.447s][info ][safepoint     ] Leaving safepoint region
[2023-11-11T17:18:24.756+0000][11.447s][info ][safepoint     ] Total time for which application threads were stopped: 0.0002558 seconds, Stopping threads took: 0.0000515 seconds
[2023-11-11T17:18:24.817+0000][11.509s][debug][safepoint     ] Safepoint synchronization initiated. (11 threads)
[2023-11-11T17:18:24.817+0000][11.509s][info ][safepoint     ] Application time: 0.0616609 seconds
[2023-11-11T17:18:24.817+0000][11.509s][debug][safepoint     ] Waiting for 1 thread(s) to block
[2023-11-11T17:18:24.817+0000][11.509s][info ][safepoint     ] Entering safepoint region: G1CollectForAllocation
[2023-11-11T17:18:24.818+0000][11.509s][info ][gc,start      ] GC(7) Pause Young (Normal) (G1 Evacuation Pause)
[2023-11-11T17:18:24.818+0000][11.509s][info ][gc,task       ] GC(7) Using 6 workers of 6 for evacuation
[2023-11-11T17:18:24.841+0000][11.532s][info ][gc,phases     ] GC(7)   Pre Evacuate Collection Set: 0.0ms
[2023-11-11T17:18:24.841+0000][11.533s][info ][gc,phases     ] GC(7)   Evacuate Collection Set: 20.2ms
[2023-11-11T17:18:24.841+0000][11.533s][info ][gc,phases     ] GC(7)   Post Evacuate Collection Set: 3.1ms
[2023-11-11T17:18:24.841+0000][11.533s][info ][gc,phases     ] GC(7)   Other: 0.2ms
[2023-11-11T17:18:24.841+0000][11.533s][info ][gc,heap       ] GC(7) Eden regions: 138->0(137)
[2023-11-11T17:18:24.841+0000][11.533s][info ][gc,heap       ] GC(7) Survivor regions: 12->13(19)
[2023-11-11T17:18:24.841+0000][11.533s][info ][gc,heap       ] GC(7) Old regions: 10->12
[2023-11-11T17:18:24.841+0000][11.533s][info ][gc,heap       ] GC(7) Humongous regions: 0->0
[2023-11-11T17:18:24.841+0000][11.533s][info ][gc,metaspace  ] GC(7) Metaspace: 24568K(25724K)->24568K(25724K) NonClass: 21477K(22272K)->21477K(22272K) Class: 3090K(3452K)->3090K(3452K)
[2023-11-11T17:18:24.841+0000][11.533s][info ][gc            ] GC(7) Pause Young (Normal) (G1 Evacuation Pause) 158M->23M(252M) 23.731ms
[2023-11-11T17:18:24.841+0000][11.533s][info ][gc,cpu        ] GC(7) User=0.06s Sys=0.01s Real=0.03s
[2023-11-11T17:18:24.841+0000][11.533s][info ][safepoint     ] Leaving safepoint region
[2023-11-11T17:18:24.841+0000][11.533s][info ][safepoint     ] Total time for which application threads were stopped: 0.0240973 seconds, Stopping threads took: 0.0000526 seconds
[2023-11-11T17:18:24.841+0000][11.533s][info ][gc,stringdedup] Concurrent String Deduplication (11.533s)
[2023-11-11T17:18:24.846+0000][11.538s][info ][gc,stringdedup] Concurrent String Deduplication 761.3K->719.4K(42968.0B) avg 15.2% (11.533s, 11.537s) 4.658ms
[2023-11-11T17:18:25.573+0000][12.264s][debug][safepoint     ] Safepoint synchronization initiated. (11 threads)
[2023-11-11T17:18:25.573+0000][12.265s][info ][safepoint     ] Application time: 0.7318912 seconds
[2023-11-11T17:18:25.573+0000][12.265s][debug][safepoint     ] Waiting for 1 thread(s) to block
[2023-11-11T17:18:25.574+0000][12.265s][info ][safepoint     ] Entering safepoint region: G1CollectForAllocation
[2023-11-11T17:18:25.574+0000][12.265s][info ][gc,start      ] GC(8) Pause Young (Normal) (G1 Evacuation Pause)
[2023-11-11T17:18:25.574+0000][12.265s][info ][gc,task       ] GC(8) Using 6 workers of 6 for evacuation
[2023-11-11T17:18:25.590+0000][12.282s][info ][gc,phases     ] GC(8)   Pre Evacuate Collection Set: 0.0ms
[2023-11-11T17:18:25.590+0000][12.282s][info ][gc,phases     ] GC(8)   Evacuate Collection Set: 12.2ms
[2023-11-11T17:18:25.591+0000][12.282s][info ][gc,phases     ] GC(8)   Post Evacuate Collection Set: 3.7ms
[2023-11-11T17:18:25.591+0000][12.282s][info ][gc,phases     ] GC(8)   Other: 0.4ms
[2023-11-11T17:18:25.591+0000][12.282s][info ][gc,heap       ] GC(8) Eden regions: 137->0(167)
[2023-11-11T17:18:25.591+0000][12.282s][info ][gc,heap       ] GC(8) Survivor regions: 13->14(19)
[2023-11-11T17:18:25.591+0000][12.283s][info ][gc,heap       ] GC(8) Old regions: 12->15
[2023-11-11T17:18:25.591+0000][12.283s][info ][gc,heap       ] GC(8) Humongous regions: 0->0
[2023-11-11T17:18:25.591+0000][12.283s][info ][gc,metaspace  ] GC(8) Metaspace: 24765K(25724K)->24765K(25724K) NonClass: 21659K(22272K)->21659K(22272K) Class: 3106K(3452K)->3106K(3452K)
[2023-11-11T17:18:25.592+0000][12.283s][info ][gc            ] GC(8) Pause Young (Normal) (G1 Evacuation Pause) 160M->26M(303M) 17.674ms
[2023-11-11T17:18:25.592+0000][12.283s][info ][gc,cpu        ] GC(8) User=0.06s Sys=0.01s Real=0.02s
[2023-11-11T17:18:25.592+0000][12.283s][info ][safepoint     ] Leaving safepoint region
[2023-11-11T17:18:25.592+0000][12.283s][info ][safepoint     ] Total time for which application threads were stopped: 0.0185412 seconds, Stopping threads took: 0.0003035 seconds
[2023-11-11T17:18:25.592+0000][12.284s][info ][gc,stringdedup] Concurrent String Deduplication (12.284s)
[2023-11-11T17:18:25.598+0000][12.289s][info ][gc,stringdedup] Concurrent String Deduplication 1123.7K->633.5K(490.2K) avg 21.7% (12.284s, 12.289s) 5.615ms
[2023-11-11T17:18:26.257+0000][12.948s][debug][safepoint     ] Safepoint synchronization initiated. (12 threads)
[2023-11-11T17:18:26.257+0000][12.948s][info ][safepoint     ] Application time: 0.6648434 seconds
[2023-11-11T17:18:26.257+0000][12.948s][debug][safepoint     ] Waiting for 1 thread(s) to block
[2023-11-11T17:18:26.257+0000][12.949s][info ][safepoint     ] Entering safepoint region: G1CollectForAllocation
[2023-11-11T17:18:26.257+0000][12.949s][info ][gc,start      ] GC(9) Pause Young (Normal) (G1 Evacuation Pause)
[2023-11-11T17:18:26.258+0000][12.949s][info ][gc,task       ] GC(9) Using 6 workers of 6 for evacuation
[2023-11-11T17:18:26.270+0000][12.961s][info ][gc,phases     ] GC(9)   Pre Evacuate Collection Set: 0.0ms
[2023-11-11T17:18:26.270+0000][12.961s][info ][gc,phases     ] GC(9)   Evacuate Collection Set: 10.6ms
[2023-11-11T17:18:26.270+0000][12.962s][info ][gc,phases     ] GC(9)   Post Evacuate Collection Set: 1.4ms
[2023-11-11T17:18:26.270+0000][12.962s][info ][gc,phases     ] GC(9)   Other: 0.4ms
[2023-11-11T17:18:26.271+0000][12.962s][info ][gc,heap       ] GC(9) Eden regions: 167->0(169)
[2023-11-11T17:18:26.271+0000][12.962s][info ][gc,heap       ] GC(9) Survivor regions: 14->12(23)
[2023-11-11T17:18:26.271+0000][12.962s][info ][gc,heap       ] GC(9) Old regions: 15->17
[2023-11-11T17:18:26.271+0000][12.962s][info ][gc,heap       ] GC(9) Humongous regions: 0->0
[2023-11-11T17:18:26.271+0000][12.962s][info ][gc,metaspace  ] GC(9) Metaspace: 26280K(27388K)->26280K(27388K) NonClass: 23056K(23808K)->23056K(23808K) Class: 3224K(3580K)->3224K(3580K)
[2023-11-11T17:18:26.271+0000][12.963s][info ][gc            ] GC(9) Pause Young (Normal) (G1 Evacuation Pause) 193M->27M(303M) 13.685ms
[2023-11-11T17:18:26.271+0000][12.963s][info ][gc,cpu        ] GC(9) User=0.04s Sys=0.01s Real=0.02s
[2023-11-11T17:18:26.271+0000][12.963s][info ][safepoint     ] Leaving safepoint region
[2023-11-11T17:18:26.272+0000][12.963s][info ][safepoint     ] Total time for which application threads were stopped: 0.0145464 seconds, Stopping threads took: 0.0002830 seconds
[2023-11-11T17:18:26.272+0000][12.963s][info ][gc,stringdedup] Concurrent String Deduplication (12.963s)
[2023-11-11T17:18:26.276+0000][12.968s][info ][gc,stringdedup] Concurrent String Deduplication 1010.4K->402.1K(608.3K) avg 28.3% (12.963s, 12.968s) 4.671ms
[2023-11-11T17:18:26.504+0000][13.195s][debug][safepoint     ] Safepoint synchronization initiated. (12 threads)
[2023-11-11T17:18:26.504+0000][13.195s][info ][safepoint     ] Application time: 0.2323162 seconds
[2023-11-11T17:18:26.504+0000][13.195s][info ][safepoint     ] Entering safepoint region: G1CollectForAllocation
[2023-11-11T17:18:26.504+0000][13.196s][info ][gc,start      ] GC(10) Pause Young (Normal) (G1 Evacuation Pause)
[2023-11-11T17:18:26.504+0000][13.196s][info ][gc,task       ] GC(10) Using 6 workers of 6 for evacuation
[2023-11-11T17:18:26.521+0000][13.213s][info ][gc,phases     ] GC(10)   Pre Evacuate Collection Set: 0.0ms
[2023-11-11T17:18:26.521+0000][13.213s][info ][gc,phases     ] GC(10)   Evacuate Collection Set: 11.9ms
[2023-11-11T17:18:26.521+0000][13.213s][info ][gc,phases     ] GC(10)   Post Evacuate Collection Set: 4.8ms
[2023-11-11T17:18:26.521+0000][13.213s][info ][gc,phases     ] GC(10)   Other: 0.2ms
[2023-11-11T17:18:26.521+0000][13.213s][info ][gc,heap       ] GC(10) Eden regions: 169->0(170)
[2023-11-11T17:18:26.521+0000][13.213s][info ][gc,heap       ] GC(10) Survivor regions: 12->11(23)
[2023-11-11T17:18:26.521+0000][13.213s][info ][gc,heap       ] GC(10) Old regions: 17->17
[2023-11-11T17:18:26.521+0000][13.213s][info ][gc,heap       ] GC(10) Humongous regions: 0->0
[2023-11-11T17:18:26.521+0000][13.213s][info ][gc,metaspace  ] GC(10) Metaspace: 26291K(27388K)->26291K(27388K) NonClass: 23067K(23808K)->23067K(23808K) Class: 3224K(3580K)->3224K(3580K)
[2023-11-11T17:18:26.521+0000][13.213s][info ][gc            ] GC(10) Pause Young (Normal) (G1 Evacuation Pause) 196M->26M(303M) 17.116ms
[2023-11-11T17:18:26.521+0000][13.213s][info ][gc,cpu        ] GC(10) User=0.04s Sys=0.00s Real=0.02s
[2023-11-11T17:18:26.521+0000][13.213s][info ][safepoint     ] Leaving safepoint region
[2023-11-11T17:18:26.521+0000][13.213s][info ][safepoint     ] Total time for which application threads were stopped: 0.0173485 seconds, Stopping threads took: 0.0000174 seconds
[2023-11-11T17:18:26.521+0000][13.213s][info ][gc,stringdedup] Concurrent String Deduplication (13.213s)
[2023-11-11T17:18:26.526+0000][13.217s][info ][gc,stringdedup] Concurrent String Deduplication 1494.3K->270.3K(1224.0K) avg 39.1% (13.213s, 13.217s) 4.467ms
[2023-11-11T17:18:27.413+0000][14.104s][debug][safepoint     ] Safepoint synchronization initiated. (11 threads)
[2023-11-11T17:18:27.413+0000][14.104s][info ][safepoint     ] Application time: 0.8916425 seconds
[2023-11-11T17:18:27.413+0000][14.104s][info ][safepoint     ] Entering safepoint region: ICBufferFull
[2023-11-11T17:18:27.413+0000][14.105s][info ][safepoint     ] Leaving safepoint region
[2023-11-11T17:18:27.413+0000][14.105s][info ][safepoint     ] Total time for which application threads were stopped: 0.0002489 seconds, Stopping threads took: 0.0000186 seconds
[2023-11-11T17:18:27.469+0000][14.160s][debug][safepoint     ] Safepoint synchronization initiated. (11 threads)
[2023-11-11T17:18:27.469+0000][14.160s][info ][safepoint     ] Application time: 0.0556734 seconds
[2023-11-11T17:18:27.469+0000][14.160s][debug][safepoint     ] Waiting for 1 thread(s) to block
[2023-11-11T17:18:27.469+0000][14.161s][info ][safepoint     ] Entering safepoint region: G1CollectForAllocation
[2023-11-11T17:18:27.469+0000][14.161s][info ][gc,start      ] GC(11) Pause Young (Normal) (G1 Evacuation Pause)
[2023-11-11T17:18:27.469+0000][14.161s][info ][gc,task       ] GC(11) Using 6 workers of 6 for evacuation
[2023-11-11T17:18:27.480+0000][14.171s][info ][gc,phases     ] GC(11)   Pre Evacuate Collection Set: 0.0ms
[2023-11-11T17:18:27.480+0000][14.172s][info ][gc,phases     ] GC(11)   Evacuate Collection Set: 9.2ms
[2023-11-11T17:18:27.480+0000][14.172s][info ][gc,phases     ] GC(11)   Post Evacuate Collection Set: 1.4ms
[2023-11-11T17:18:27.480+0000][14.172s][info ][gc,phases     ] GC(11)   Other: 0.2ms
[2023-11-11T17:18:27.480+0000][14.172s][info ][gc,heap       ] GC(11) Eden regions: 170->0(169)
[2023-11-11T17:18:27.480+0000][14.172s][info ][gc,heap       ] GC(11) Survivor regions: 11->12(23)
[2023-11-11T17:18:27.480+0000][14.172s][info ][gc,heap       ] GC(11) Old regions: 17->17
[2023-11-11T17:18:27.480+0000][14.172s][info ][gc,heap       ] GC(11) Humongous regions: 0->0
[2023-11-11T17:18:27.480+0000][14.172s][info ][gc,metaspace  ] GC(11) Metaspace: 32165K(33404K)->32165K(33404K) NonClass: 28297K(29184K)->28297K(29184K) Class: 3868K(4220K)->3868K(4220K)
[2023-11-11T17:18:27.480+0000][14.172s][info ][gc            ] GC(11) Pause Young (Normal) (G1 Evacuation Pause) 196M->27M(303M) 11.003ms
[2023-11-11T17:18:27.480+0000][14.172s][info ][gc,cpu        ] GC(11) User=0.04s Sys=0.00s Real=0.02s
[2023-11-11T17:18:27.480+0000][14.172s][info ][safepoint     ] Leaving safepoint region
[2023-11-11T17:18:27.480+0000][14.172s][info ][safepoint     ] Total time for which application threads were stopped: 0.0113371 seconds, Stopping threads took: 0.0001113 seconds
[2023-11-11T17:18:27.480+0000][14.172s][info ][gc,stringdedup] Concurrent String Deduplication (14.172s)
[2023-11-11T17:18:27.481+0000][14.173s][info ][gc,stringdedup] Concurrent String Deduplication 128.8K->37328.0B(94560.0B) avg 39.7% (14.172s, 14.173s) 0.712ms
[2023-11-11T17:18:27.834+0000][14.525s][debug][safepoint     ] Safepoint synchronization initiated. (11 threads)
[2023-11-11T17:18:27.834+0000][14.525s][info ][safepoint     ] Application time: 0.3534342 seconds
[2023-11-11T17:18:27.834+0000][14.525s][info ][safepoint     ] Entering safepoint region: Deoptimize
[2023-11-11T17:18:27.834+0000][14.526s][info ][safepoint     ] Leaving safepoint region
[2023-11-11T17:18:27.834+0000][14.526s][info ][safepoint     ] Total time for which application threads were stopped: 0.0006713 seconds, Stopping threads took: 0.0000184 seconds
[2023-11-11T17:18:28.180+0000][14.872s][debug][safepoint     ] Safepoint synchronization initiated. (11 threads)
[2023-11-11T17:18:28.180+0000][14.872s][info ][safepoint     ] Application time: 0.3457538 seconds
[2023-11-11T17:18:28.180+0000][14.872s][info ][safepoint     ] Entering safepoint region: G1CollectForAllocation
[2023-11-11T17:18:28.180+0000][14.872s][info ][gc,start      ] GC(12) Pause Young (Normal) (G1 Evacuation Pause)
[2023-11-11T17:18:28.180+0000][14.872s][info ][gc,task       ] GC(12) Using 6 workers of 6 for evacuation
[2023-11-11T17:18:28.191+0000][14.882s][info ][gc,phases     ] GC(12)   Pre Evacuate Collection Set: 0.0ms
[2023-11-11T17:18:28.191+0000][14.882s][info ][gc,phases     ] GC(12)   Evacuate Collection Set: 8.3ms
[2023-11-11T17:18:28.191+0000][14.882s][info ][gc,phases     ] GC(12)   Post Evacuate Collection Set: 1.8ms
[2023-11-11T17:18:28.191+0000][14.882s][info ][gc,phases     ] GC(12)   Other: 0.2ms
[2023-11-11T17:18:28.191+0000][14.882s][info ][gc,heap       ] GC(12) Eden regions: 169->0(168)
[2023-11-11T17:18:28.191+0000][14.882s][info ][gc,heap       ] GC(12) Survivor regions: 12->13(23)
[2023-11-11T17:18:28.191+0000][14.882s][info ][gc,heap       ] GC(12) Old regions: 17->17
[2023-11-11T17:18:28.191+0000][14.882s][info ][gc,heap       ] GC(12) Humongous regions: 0->0
[2023-11-11T17:18:28.191+0000][14.882s][info ][gc,metaspace  ] GC(12) Metaspace: 32786K(34044K)->32786K(34044K) NonClass: 28829K(29696K)->28829K(29696K) Class: 3956K(4348K)->3956K(4348K)
[2023-11-11T17:18:28.191+0000][14.882s][info ][gc            ] GC(12) Pause Young (Normal) (G1 Evacuation Pause) 196M->28M(303M) 10.543ms
[2023-11-11T17:18:28.191+0000][14.882s][info ][gc,cpu        ] GC(12) User=0.04s Sys=0.00s Real=0.01s
[2023-11-11T17:18:28.191+0000][14.882s][info ][safepoint     ] Leaving safepoint region
[2023-11-11T17:18:28.191+0000][14.883s][info ][safepoint     ] Total time for which application threads were stopped: 0.0108011 seconds, Stopping threads took: 0.0000190 seconds
[2023-11-11T17:18:28.191+0000][14.883s][info ][gc,stringdedup] Concurrent String Deduplication (14.883s)
[2023-11-11T17:18:28.191+0000][14.883s][info ][gc,stringdedup] Concurrent String Deduplication 23104.0B->0.0B(23104.0B) avg 39.9% (14.883s, 14.883s) 0.085ms
[2023-11-11T17:18:28.375+0000][15.066s][debug][safepoint     ] Safepoint synchronization initiated. (11 threads)
[2023-11-11T17:18:28.375+0000][15.066s][info ][safepoint     ] Application time: 0.1835397 seconds
[2023-11-11T17:18:28.375+0000][15.066s][info ][safepoint     ] Entering safepoint region: Deoptimize
[2023-11-11T17:18:28.375+0000][15.067s][info ][safepoint     ] Leaving safepoint region
[2023-11-11T17:18:28.375+0000][15.067s][info ][safepoint     ] Total time for which application threads were stopped: 0.0006253 seconds, Stopping threads took: 0.0000174 seconds
[2023-11-11T17:18:28.740+0000][15.432s][debug][safepoint     ] Safepoint synchronization initiated. (11 threads)
[2023-11-11T17:18:28.740+0000][15.432s][info ][safepoint     ] Application time: 0.3648693 seconds
[2023-11-11T17:18:28.740+0000][15.432s][info ][safepoint     ] Entering safepoint region: Deoptimize
[2023-11-11T17:18:28.741+0000][15.432s][info ][safepoint     ] Leaving safepoint region
[2023-11-11T17:18:28.741+0000][15.432s][info ][safepoint     ] Total time for which application threads were stopped: 0.0007964 seconds, Stopping threads took: 0.0000174 seconds
[2023-11-11T17:18:28.750+0000][15.442s][debug][safepoint     ] Safepoint synchronization initiated. (11 threads)
[2023-11-11T17:18:28.750+0000][15.442s][info ][safepoint     ] Application time: 0.0094511 seconds
[2023-11-11T17:18:28.750+0000][15.442s][info ][safepoint     ] Entering safepoint region: Deoptimize
[2023-11-11T17:18:28.751+0000][15.443s][info ][safepoint     ] Leaving safepoint region
[2023-11-11T17:18:28.751+0000][15.443s][info ][safepoint     ] Total time for which application threads were stopped: 0.0008196 seconds, Stopping threads took: 0.0000167 seconds
[2023-11-11T17:18:28.789+0000][15.480s][debug][safepoint     ] Safepoint synchronization initiated. (11 threads)
[2023-11-11T17:18:28.789+0000][15.480s][info ][safepoint     ] Application time: 0.0376046 seconds
[2023-11-11T17:18:28.789+0000][15.480s][info ][safepoint     ] Entering safepoint region: Deoptimize
[2023-11-11T17:18:28.790+0000][15.481s][info ][safepoint     ] Leaving safepoint region
[2023-11-11T17:18:28.790+0000][15.481s][info ][safepoint     ] Total time for which application threads were stopped: 0.0006575 seconds, Stopping threads took: 0.0000186 seconds
[2023-11-11T17:18:28.860+0000][15.551s][debug][safepoint     ] Safepoint synchronization initiated. (11 threads)
[2023-11-11T17:18:28.860+0000][15.551s][info ][safepoint     ] Application time: 0.0703190 seconds
[2023-11-11T17:18:28.860+0000][15.551s][info ][safepoint     ] Entering safepoint region: G1CollectForAllocation
[2023-11-11T17:18:28.860+0000][15.552s][info ][gc,start      ] GC(13) Pause Young (Normal) (G1 Evacuation Pause)
[2023-11-11T17:18:28.860+0000][15.552s][info ][gc,task       ] GC(13) Using 6 workers of 6 for evacuation
[2023-11-11T17:18:28.887+0000][15.579s][info ][gc,phases     ] GC(13)   Pre Evacuate Collection Set: 0.0ms
[2023-11-11T17:18:28.887+0000][15.579s][info ][gc,phases     ] GC(13)   Evacuate Collection Set: 25.0ms
[2023-11-11T17:18:28.887+0000][15.579s][info ][gc,phases     ] GC(13)   Post Evacuate Collection Set: 2.0ms
[2023-11-11T17:18:28.887+0000][15.579s][info ][gc,phases     ] GC(13)   Other: 0.2ms
[2023-11-11T17:18:28.887+0000][15.579s][info ][gc,heap       ] GC(13) Eden regions: 168->0(171)
[2023-11-11T17:18:28.887+0000][15.579s][info ][gc,heap       ] GC(13) Survivor regions: 13->10(23)
[2023-11-11T17:18:28.887+0000][15.579s][info ][gc,heap       ] GC(13) Old regions: 17->21
[2023-11-11T17:18:28.887+0000][15.579s][info ][gc,heap       ] GC(13) Humongous regions: 0->0
[2023-11-11T17:18:28.887+0000][15.579s][info ][gc,metaspace  ] GC(13) Metaspace: 34627K(35836K)->34627K(35836K) NonClass: 30440K(31232K)->30440K(31232K) Class: 4187K(4604K)->4187K(4604K)
[2023-11-11T17:18:28.887+0000][15.579s][info ][gc            ] GC(13) Pause Young (Normal) (G1 Evacuation Pause) 196M->28M(303M) 27.350ms
[2023-11-11T17:18:28.887+0000][15.579s][info ][gc,cpu        ] GC(13) User=0.08s Sys=0.02s Real=0.02s
[2023-11-11T17:18:28.887+0000][15.579s][info ][safepoint     ] Leaving safepoint region
[2023-11-11T17:18:28.888+0000][15.579s][info ][safepoint     ] Total time for which application threads were stopped: 0.0275486 seconds, Stopping threads took: 0.0000175 seconds
[2023-11-11T17:18:28.888+0000][15.579s][info ][gc,stringdedup] Concurrent String Deduplication (15.579s)
[2023-11-11T17:18:28.889+0000][15.580s][info ][gc,stringdedup] Concurrent String Deduplication 202.4K->51440.0B(152.1K) avg 40.8% (15.579s, 15.580s) 1.058ms
[2023-11-11T17:18:28.909+0000][15.600s][debug][safepoint     ] Safepoint synchronization initiated. (11 threads)
[2023-11-11T17:18:28.909+0000][15.600s][info ][safepoint     ] Application time: 0.0210934 seconds
[2023-11-11T17:18:28.909+0000][15.600s][info ][safepoint     ] Entering safepoint region: Deoptimize
[2023-11-11T17:18:28.909+0000][15.601s][info ][safepoint     ] Leaving safepoint region
[2023-11-11T17:18:28.909+0000][15.601s][info ][safepoint     ] Total time for which application threads were stopped: 0.0006333 seconds, Stopping threads took: 0.0000262 seconds
[2023-11-11T17:18:29.004+0000][15.695s][debug][safepoint     ] Safepoint synchronization initiated. (11 threads)
[2023-11-11T17:18:29.004+0000][15.696s][info ][safepoint     ] Application time: 0.0948196 seconds
[2023-11-11T17:18:29.004+0000][15.696s][info ][safepoint     ] Entering safepoint region: CollectForMetadataAllocation
[2023-11-11T17:18:29.005+0000][15.696s][info ][gc,start      ] GC(14) Pause Young (Concurrent Start) (Metadata GC Threshold)
[2023-11-11T17:18:29.005+0000][15.697s][info ][gc,task       ] GC(14) Using 6 workers of 6 for evacuation
[2023-11-11T17:18:29.023+0000][15.714s][info ][gc,phases     ] GC(14)   Pre Evacuate Collection Set: 0.1ms
[2023-11-11T17:18:29.023+0000][15.714s][info ][gc,phases     ] GC(14)   Evacuate Collection Set: 12.2ms
[2023-11-11T17:18:29.023+0000][15.714s][info ][gc,phases     ] GC(14)   Post Evacuate Collection Set: 5.0ms
[2023-11-11T17:18:29.023+0000][15.714s][info ][gc,phases     ] GC(14)   Other: 0.4ms
[2023-11-11T17:18:29.023+0000][15.714s][info ][gc,heap       ] GC(14) Eden regions: 18->0(198)
[2023-11-11T17:18:29.023+0000][15.714s][info ][gc,heap       ] GC(14) Survivor regions: 10->10(23)
[2023-11-11T17:18:29.023+0000][15.714s][info ][gc,heap       ] GC(14) Old regions: 21->21
[2023-11-11T17:18:29.023+0000][15.714s][info ][gc,heap       ] GC(14) Humongous regions: 0->0
[2023-11-11T17:18:29.023+0000][15.714s][info ][gc,metaspace  ] GC(14) Metaspace: 35049K(36048K)->35049K(36048K) NonClass: 30814K(31444K)->30814K(31444K) Class: 4235K(4604K)->4235K(4604K)
[2023-11-11T17:18:29.023+0000][15.714s][info ][gc            ] GC(14) Pause Young (Concurrent Start) (Metadata GC Threshold) 46M->28M(364M) 17.918ms
[2023-11-11T17:18:29.023+0000][15.714s][info ][gc,cpu        ] GC(14) User=0.04s Sys=0.00s Real=0.02s
[2023-11-11T17:18:29.023+0000][15.714s][info ][gc            ] GC(15) Concurrent Cycle
[2023-11-11T17:18:29.023+0000][15.714s][info ][safepoint     ] Leaving safepoint region
[2023-11-11T17:18:29.023+0000][15.715s][info ][safepoint     ] Total time for which application threads were stopped: 0.0189867 seconds, Stopping threads took: 0.0000176 seconds
[2023-11-11T17:18:29.023+0000][15.715s][info ][gc,stringdedup] Concurrent String Deduplication (15.715s)
[2023-11-11T17:18:29.023+0000][15.714s][info ][gc,marking    ] GC(15) Concurrent Clear Claimed Marks
[2023-11-11T17:18:29.024+0000][15.715s][info ][gc,marking    ] GC(15) Concurrent Clear Claimed Marks 0.841ms
[2023-11-11T17:18:29.024+0000][15.715s][info ][gc,marking    ] GC(15) Concurrent Scan Root Regions
[2023-11-11T17:18:29.027+0000][15.718s][info ][gc,stringdedup] Concurrent String Deduplication 384.2K->183.8K(200.4K) avg 41.3% (15.715s, 15.718s) 3.419ms
[2023-11-11T17:18:29.029+0000][15.720s][info ][gc,marking    ] GC(15) Concurrent Scan Root Regions 4.699ms
[2023-11-11T17:18:29.029+0000][15.720s][info ][gc,marking    ] GC(15) Concurrent Mark (15.720s)
[2023-11-11T17:18:29.029+0000][15.720s][info ][gc,marking    ] GC(15) Concurrent Mark From Roots
[2023-11-11T17:18:29.029+0000][15.720s][info ][gc,task       ] GC(15) Using 2 workers of 2 for marking
[2023-11-11T17:18:29.056+0000][15.748s][info ][gc,marking    ] GC(15) Concurrent Mark From Roots 27.445ms
[2023-11-11T17:18:29.056+0000][15.748s][info ][gc,marking    ] GC(15) Concurrent Preclean
[2023-11-11T17:18:29.056+0000][15.748s][info ][gc,marking    ] GC(15) Concurrent Preclean 0.162ms
[2023-11-11T17:18:29.056+0000][15.748s][info ][gc,marking    ] GC(15) Concurrent Mark (15.720s, 15.748s) 27.708ms
[2023-11-11T17:18:29.056+0000][15.748s][debug][safepoint     ] Safepoint synchronization initiated. (11 threads)
[2023-11-11T17:18:29.056+0000][15.748s][info ][safepoint     ] Application time: 0.0333517 seconds
[2023-11-11T17:18:29.060+0000][15.752s][debug][safepoint     ] ... found polling page loop exception at pc = 0x00007f28ec429afc, stub =0x00007f28e4841b00
[2023-11-11T17:18:29.061+0000][15.753s][debug][safepoint     ] Waiting for 1 thread(s) to block
[2023-11-11T17:18:29.062+0000][15.753s][info ][safepoint     ] Entering safepoint region: CGC_Operation
[2023-11-11T17:18:29.062+0000][15.753s][info ][gc,start      ] GC(15) Pause Remark
[2023-11-11T17:18:29.073+0000][15.765s][info ][gc,stringtable] GC(15) Cleaned string and symbol table, strings: 12705 processed, 31 removed, symbols: 122600 processed, 336 removed
[2023-11-11T17:18:29.074+0000][15.765s][info ][gc            ] GC(15) Pause Remark 33M->33M(364M) 12.414ms
[2023-11-11T17:18:29.074+0000][15.766s][info ][gc,cpu        ] GC(15) User=0.02s Sys=0.00s Real=0.01s
[2023-11-11T17:18:29.074+0000][15.766s][info ][safepoint     ] Leaving safepoint region
[2023-11-11T17:18:29.074+0000][15.766s][info ][safepoint     ] Total time for which application threads were stopped: 0.0176627 seconds, Stopping threads took: 0.0050472 seconds
[2023-11-11T17:18:29.074+0000][15.766s][info ][gc,marking    ] GC(15) Concurrent Rebuild Remembered Sets
[2023-11-11T17:18:29.086+0000][15.778s][info ][gc,marking    ] GC(15) Concurrent Rebuild Remembered Sets 12.084ms
[2023-11-11T17:18:29.087+0000][15.778s][debug][safepoint     ] Safepoint synchronization initiated. (11 threads)
[2023-11-11T17:18:29.087+0000][15.778s][info ][safepoint     ] Application time: 0.0124302 seconds
[2023-11-11T17:18:29.087+0000][15.778s][info ][safepoint     ] Entering safepoint region: CGC_Operation
[2023-11-11T17:18:29.087+0000][15.779s][info ][gc,start      ] GC(15) Pause Cleanup
[2023-11-11T17:18:29.088+0000][15.779s][info ][gc            ] GC(15) Pause Cleanup 35M->35M(364M) 0.295ms
[2023-11-11T17:18:29.088+0000][15.779s][info ][gc,cpu        ] GC(15) User=0.00s Sys=0.00s Real=0.00s
[2023-11-11T17:18:29.088+0000][15.779s][info ][safepoint     ] Leaving safepoint region
[2023-11-11T17:18:29.088+0000][15.779s][info ][safepoint     ] Total time for which application threads were stopped: 0.0010613 seconds, Stopping threads took: 0.0000347 seconds
[2023-11-11T17:18:29.088+0000][15.779s][info ][gc,marking    ] GC(15) Concurrent Cleanup for Next Mark
[2023-11-11T17:18:29.091+0000][15.783s][info ][gc,marking    ] GC(15) Concurrent Cleanup for Next Mark 3.638ms
[2023-11-11T17:18:29.091+0000][15.783s][info ][gc            ] GC(15) Concurrent Cycle 68.435ms
[2023-11-11T17:18:29.369+0000][16.060s][debug][safepoint     ] Safepoint synchronization initiated. (11 threads)
[2023-11-11T17:18:29.369+0000][16.060s][info ][safepoint     ] Application time: 0.2809321 seconds
[2023-11-11T17:18:29.369+0000][16.060s][info ][safepoint     ] Entering safepoint region: Deoptimize
[2023-11-11T17:18:29.369+0000][16.061s][info ][safepoint     ] Leaving safepoint region
[2023-11-11T17:18:29.369+0000][16.061s][info ][safepoint     ] Total time for which application threads were stopped: 0.0005917 seconds, Stopping threads took: 0.0000159 seconds
[2023-11-11T17:18:29.946+0000][16.638s][debug][safepoint     ] Safepoint synchronization initiated. (11 threads)
[2023-11-11T17:18:29.946+0000][16.638s][info ][safepoint     ] Application time: 0.5772535 seconds
[2023-11-11T17:18:29.947+0000][16.638s][info ][safepoint     ] Entering safepoint region: Deoptimize
[2023-11-11T17:18:29.948+0000][16.639s][info ][safepoint     ] Leaving safepoint region
[2023-11-11T17:18:29.948+0000][16.639s][info ][safepoint     ] Total time for which application threads were stopped: 0.0011130 seconds, Stopping threads took: 0.0000351 seconds
[2023-11-11T17:18:29.979+0000][16.671s][debug][safepoint     ] Safepoint synchronization initiated. (11 threads)
[2023-11-11T17:18:29.979+0000][16.671s][info ][safepoint     ] Application time: 0.0317289 seconds
[2023-11-11T17:18:29.979+0000][16.671s][info ][safepoint     ] Entering safepoint region: G1CollectForAllocation
[2023-11-11T17:18:29.981+0000][16.672s][info ][gc,start      ] GC(16) Pause Young (Normal) (G1 Evacuation Pause)
[2023-11-11T17:18:29.981+0000][16.672s][info ][gc,task       ] GC(16) Using 6 workers of 6 for evacuation
[2023-11-11T17:18:30.022+0000][16.714s][info ][gc,phases     ] GC(16)   Pre Evacuate Collection Set: 0.0ms
[2023-11-11T17:18:30.022+0000][16.714s][info ][gc,phases     ] GC(16)   Evacuate Collection Set: 38.0ms
[2023-11-11T17:18:30.023+0000][16.714s][info ][gc,phases     ] GC(16)   Post Evacuate Collection Set: 3.3ms
[2023-11-11T17:18:30.023+0000][16.714s][info ][gc,phases     ] GC(16)   Other: 0.4ms
[2023-11-11T17:18:30.023+0000][16.714s][info ][gc,heap       ] GC(16) Eden regions: 198->0(207)
[2023-11-11T17:18:30.023+0000][16.714s][info ][gc,heap       ] GC(16) Survivor regions: 10->11(26)
[2023-11-11T17:18:30.023+0000][16.714s][info ][gc,heap       ] GC(16) Old regions: 21->21
[2023-11-11T17:18:30.023+0000][16.714s][info ][gc,heap       ] GC(16) Humongous regions: 0->0
[2023-11-11T17:18:30.023+0000][16.714s][info ][gc,metaspace  ] GC(16) Metaspace: 37961K(39068K)->37961K(39068K) NonClass: 33306K(34004K)->33306K(34004K) Class: 4655K(5064K)->4655K(5064K)
[2023-11-11T17:18:30.023+0000][16.714s][info ][gc            ] GC(16) Pause Young (Normal) (G1 Evacuation Pause) 226M->29M(364M) 42.071ms
[2023-11-11T17:18:30.023+0000][16.714s][info ][gc,cpu        ] GC(16) User=0.14s Sys=0.01s Real=0.04s
[2023-11-11T17:18:30.023+0000][16.714s][info ][safepoint     ] Leaving safepoint region
[2023-11-11T17:18:30.023+0000][16.714s][info ][safepoint     ] Total time for which application threads were stopped: 0.0435369 seconds, Stopping threads took: 0.0000360 seconds
[2023-11-11T17:18:30.025+0000][16.716s][info ][gc,stringdedup] Concurrent String Deduplication (16.716s)
[2023-11-11T17:18:30.027+0000][16.718s][info ][gc,stringdedup] Concurrent String Deduplication 218.7K->83968.0B(136.7K) avg 41.9% (16.716s, 16.718s) 1.948ms
[2023-11-11T17:18:30.963+0000][17.655s][debug][safepoint     ] Safepoint synchronization initiated. (11 threads)
[2023-11-11T17:18:30.963+0000][17.655s][info ][safepoint     ] Application time: 0.9402406 seconds
[2023-11-11T17:18:30.963+0000][17.655s][debug][safepoint     ] Waiting for 1 thread(s) to block
[2023-11-11T17:18:30.963+0000][17.655s][info ][safepoint     ] Entering safepoint region: ICBufferFull
[2023-11-11T17:18:30.964+0000][17.655s][info ][safepoint     ] Leaving safepoint region
[2023-11-11T17:18:30.964+0000][17.655s][info ][safepoint     ] Total time for which application threads were stopped: 0.0002837 seconds, Stopping threads took: 0.0000505 seconds
[2023-11-11T17:18:31.425+0000][18.116s][debug][safepoint     ] Safepoint synchronization initiated. (12 threads)
[2023-11-11T17:18:31.425+0000][18.116s][info ][safepoint     ] Application time: 0.4612632 seconds
[2023-11-11T17:18:31.425+0000][18.116s][debug][safepoint     ] Waiting for 1 thread(s) to block
[2023-11-11T17:18:31.425+0000][18.116s][info ][safepoint     ] Entering safepoint region: G1CollectForAllocation
[2023-11-11T17:18:31.425+0000][18.117s][info ][gc,start      ] GC(17) Pause Young (Normal) (G1 Evacuation Pause)
[2023-11-11T17:18:31.425+0000][18.117s][info ][gc,task       ] GC(17) Using 6 workers of 6 for evacuation
[2023-11-11T17:18:31.435+0000][18.126s][info ][gc,phases     ] GC(17)   Pre Evacuate Collection Set: 0.0ms
[2023-11-11T17:18:31.435+0000][18.126s][info ][gc,phases     ] GC(17)   Evacuate Collection Set: 7.9ms
[2023-11-11T17:18:31.435+0000][18.126s][info ][gc,phases     ] GC(17)   Post Evacuate Collection Set: 1.5ms
[2023-11-11T17:18:31.435+0000][18.126s][info ][gc,phases     ] GC(17)   Other: 0.2ms
[2023-11-11T17:18:31.435+0000][18.126s][info ][gc,heap       ] GC(17) Eden regions: 207->0(205)
[2023-11-11T17:18:31.435+0000][18.126s][info ][gc,heap       ] GC(17) Survivor regions: 11->13(28)
[2023-11-11T17:18:31.435+0000][18.126s][info ][gc,heap       ] GC(17) Old regions: 21->21
[2023-11-11T17:18:31.435+0000][18.126s][info ][gc,heap       ] GC(17) Humongous regions: 0->0
[2023-11-11T17:18:31.435+0000][18.126s][info ][gc,metaspace  ] GC(17) Metaspace: 40598K(41756K)->40598K(41756K) NonClass: 35584K(36308K)->35584K(36308K) Class: 5013K(5448K)->5013K(5448K)
[2023-11-11T17:18:31.435+0000][18.126s][info ][gc            ] GC(17) Pause Young (Normal) (G1 Evacuation Pause) 236M->31M(364M) 9.752ms
[2023-11-11T17:18:31.435+0000][18.126s][info ][gc,cpu        ] GC(17) User=0.04s Sys=0.00s Real=0.01s
[2023-11-11T17:18:31.435+0000][18.126s][info ][safepoint     ] Leaving safepoint region
[2023-11-11T17:18:31.435+0000][18.126s][info ][safepoint     ] Total time for which application threads were stopped: 0.0100597 seconds, Stopping threads took: 0.0000502 seconds
[2023-11-11T17:18:31.435+0000][18.126s][info ][gc,stringdedup] Concurrent String Deduplication (18.126s)
[2023-11-11T17:18:31.435+0000][18.127s][info ][gc,stringdedup] Concurrent String Deduplication 12224.0B->5992.0B(6232.0B) avg 41.9% (18.126s, 18.126s) 0.109ms
[2023-11-11T17:18:31.641+0000][18.332s][debug][safepoint     ] Safepoint synchronization initiated. (11 threads)
[2023-11-11T17:18:31.641+0000][18.332s][info ][safepoint     ] Application time: 0.2060046 seconds
[2023-11-11T17:18:31.641+0000][18.332s][debug][safepoint     ] Waiting for 1 thread(s) to block
[2023-11-11T17:18:31.641+0000][18.332s][info ][safepoint     ] Entering safepoint region: Deoptimize
[2023-11-11T17:18:31.642+0000][18.333s][info ][safepoint     ] Leaving safepoint region
[2023-11-11T17:18:31.642+0000][18.333s][info ][safepoint     ] Total time for which application threads were stopped: 0.0007735 seconds, Stopping threads took: 0.0000676 seconds
[2023-11-11T17:18:31.660+0000][18.351s][debug][safepoint     ] Safepoint synchronization initiated. (11 threads)
[2023-11-11T17:18:31.660+0000][18.351s][info ][safepoint     ] Application time: 0.0178327 seconds
[2023-11-11T17:18:31.660+0000][18.351s][debug][safepoint     ] Waiting for 1 thread(s) to block
[2023-11-11T17:18:31.660+0000][18.351s][info ][safepoint     ] Entering safepoint region: Deoptimize
[2023-11-11T17:18:31.660+0000][18.351s][info ][safepoint     ] Leaving safepoint region
[2023-11-11T17:18:31.660+0000][18.351s][info ][safepoint     ] Total time for which application threads were stopped: 0.0004092 seconds, Stopping threads took: 0.0000455 seconds
[2023-11-11T17:18:31.694+0000][18.385s][debug][safepoint     ] Safepoint synchronization initiated. (11 threads)
[2023-11-11T17:18:31.694+0000][18.385s][info ][safepoint     ] Application time: 0.0340155 seconds
[2023-11-11T17:18:31.694+0000][18.385s][debug][safepoint     ] Waiting for 1 thread(s) to block
[2023-11-11T17:18:31.694+0000][18.385s][info ][safepoint     ] Entering safepoint region: Deoptimize
[2023-11-11T17:18:31.695+0000][18.386s][info ][safepoint     ] Leaving safepoint region
[2023-11-11T17:18:31.695+0000][18.386s][info ][safepoint     ] Total time for which application threads were stopped: 0.0006549 seconds, Stopping threads took: 0.0000619 seconds
[2023-11-11T17:18:32.058+0000][18.749s][debug][safepoint     ] Safepoint synchronization initiated. (12 threads)
[2023-11-11T17:18:32.058+0000][18.749s][info ][safepoint     ] Application time: 0.3631198 seconds
[2023-11-11T17:18:32.058+0000][18.749s][debug][safepoint     ] Waiting for 1 thread(s) to block
[2023-11-11T17:18:32.058+0000][18.749s][info ][safepoint     ] Entering safepoint region: Deoptimize
[2023-11-11T17:18:32.059+0000][18.750s][info ][safepoint     ] Leaving safepoint region
[2023-11-11T17:18:32.059+0000][18.750s][info ][safepoint     ] Total time for which application threads were stopped: 0.0008594 seconds, Stopping threads took: 0.0000522 seconds
[2023-11-11T17:18:32.060+0000][18.752s][debug][safepoint     ] Safepoint synchronization initiated. (12 threads)
[2023-11-11T17:18:32.060+0000][18.752s][info ][safepoint     ] Application time: 0.0014860 seconds
[2023-11-11T17:18:32.060+0000][18.752s][debug][safepoint     ] Waiting for 1 thread(s) to block
[2023-11-11T17:18:32.060+0000][18.752s][info ][safepoint     ] Entering safepoint region: Deoptimize
[2023-11-11T17:18:32.060+0000][18.752s][info ][safepoint     ] Leaving safepoint region
[2023-11-11T17:18:32.061+0000][18.752s][info ][safepoint     ] Total time for which application threads were stopped: 0.0003154 seconds, Stopping threads took: 0.0000564 seconds
[2023-11-11T17:18:32.217+0000][18.909s][debug][safepoint     ] Safepoint synchronization initiated. (12 threads)
[2023-11-11T17:18:32.218+0000][18.909s][info ][safepoint     ] Application time: 0.1570038 seconds
[2023-11-11T17:18:32.218+0000][18.909s][debug][safepoint     ] Waiting for 1 thread(s) to block
[2023-11-11T17:18:32.218+0000][18.909s][info ][safepoint     ] Entering safepoint region: Deoptimize
[2023-11-11T17:18:32.218+0000][18.910s][info ][safepoint     ] Leaving safepoint region
[2023-11-11T17:18:32.218+0000][18.910s][info ][safepoint     ] Total time for which application threads were stopped: 0.0009282 seconds, Stopping threads took: 0.0000517 seconds
[2023-11-11T17:18:32.644+0000][19.336s][debug][safepoint     ] Safepoint synchronization initiated. (12 threads)
[2023-11-11T17:18:32.645+0000][19.336s][info ][safepoint     ] Application time: 0.4260203 seconds
[2023-11-11T17:18:32.645+0000][19.336s][debug][safepoint     ] Waiting for 1 thread(s) to block
[2023-11-11T17:18:32.645+0000][19.336s][info ][safepoint     ] Entering safepoint region: Deoptimize
[2023-11-11T17:18:32.646+0000][19.337s][info ][safepoint     ] Leaving safepoint region
[2023-11-11T17:18:32.646+0000][19.337s][info ][safepoint     ] Total time for which application threads were stopped: 0.0012943 seconds, Stopping threads took: 0.0002725 seconds
[2023-11-11T17:18:32.647+0000][19.338s][debug][safepoint     ] Safepoint synchronization initiated. (12 threads)
[2023-11-11T17:18:32.647+0000][19.338s][info ][safepoint     ] Application time: 0.0007600 seconds
[2023-11-11T17:18:32.647+0000][19.338s][debug][safepoint     ] Waiting for 1 thread(s) to block
[2023-11-11T17:18:32.647+0000][19.339s][info ][safepoint     ] Entering safepoint region: Deoptimize
[2023-11-11T17:18:32.647+0000][19.339s][info ][safepoint     ] Leaving safepoint region
[2023-11-11T17:18:32.648+0000][19.339s][info ][safepoint     ] Total time for which application threads were stopped: 0.0006420 seconds, Stopping threads took: 0.0002589 seconds
[2023-11-11T17:18:32.870+0000][19.561s][debug][safepoint     ] Safepoint synchronization initiated. (12 threads)
[2023-11-11T17:18:32.870+0000][19.561s][info ][safepoint     ] Application time: 0.2218765 seconds
[2023-11-11T17:18:32.870+0000][19.561s][debug][safepoint     ] Waiting for 1 thread(s) to block
[2023-11-11T17:18:32.870+0000][19.561s][info ][safepoint     ] Entering safepoint region: Deoptimize
[2023-11-11T17:18:32.870+0000][19.562s][info ][safepoint     ] Leaving safepoint region
[2023-11-11T17:18:32.870+0000][19.562s][info ][safepoint     ] Total time for which application threads were stopped: 0.0008230 seconds, Stopping threads took: 0.0000532 seconds
[2023-11-11T17:18:32.880+0000][19.572s][debug][safepoint     ] Safepoint synchronization initiated. (12 threads)
[2023-11-11T17:18:32.880+0000][19.572s][info ][safepoint     ] Application time: 0.0098063 seconds
[2023-11-11T17:18:32.880+0000][19.572s][debug][safepoint     ] Waiting for 1 thread(s) to block
[2023-11-11T17:18:32.880+0000][19.572s][info ][safepoint     ] Entering safepoint region: G1CollectForAllocation
[2023-11-11T17:18:32.880+0000][19.572s][info ][gc,start      ] GC(18) Pause Young (Normal) (G1 Evacuation Pause)
[2023-11-11T17:18:32.880+0000][19.572s][info ][gc,task       ] GC(18) Using 6 workers of 6 for evacuation
[2023-11-11T17:18:32.905+0000][19.597s][info ][gc,phases     ] GC(18)   Pre Evacuate Collection Set: 0.0ms
[2023-11-11T17:18:32.905+0000][19.597s][info ][gc,phases     ] GC(18)   Evacuate Collection Set: 21.8ms
[2023-11-11T17:18:32.905+0000][19.597s][info ][gc,phases     ] GC(18)   Post Evacuate Collection Set: 2.9ms
[2023-11-11T17:18:32.905+0000][19.597s][info ][gc,phases     ] GC(18)   Other: 0.2ms
[2023-11-11T17:18:32.905+0000][19.597s][info ][gc,heap       ] GC(18) Eden regions: 205->0(204)
[2023-11-11T17:18:32.905+0000][19.597s][info ][gc,heap       ] GC(18) Survivor regions: 13->14(28)
[2023-11-11T17:18:32.906+0000][19.597s][info ][gc,heap       ] GC(18) Old regions: 21->23
[2023-11-11T17:18:32.906+0000][19.597s][info ][gc,heap       ] GC(18) Humongous regions: 0->0
[2023-11-11T17:18:32.906+0000][19.597s][info ][gc,metaspace  ] GC(18) Metaspace: 46942K(48284K)->46942K(48284K) NonClass: 41108K(41940K)->41108K(41940K) Class: 5834K(6344K)->5834K(6344K)
[2023-11-11T17:18:32.906+0000][19.597s][info ][gc            ] GC(18) Pause Young (Normal) (G1 Evacuation Pause) 236M->35M(364M) 25.123ms
[2023-11-11T17:18:32.906+0000][19.597s][info ][gc,cpu        ] GC(18) User=0.07s Sys=0.01s Real=0.02s
[2023-11-11T17:18:32.906+0000][19.597s][info ][safepoint     ] Leaving safepoint region
[2023-11-11T17:18:32.906+0000][19.597s][info ][safepoint     ] Total time for which application threads were stopped: 0.0253338 seconds, Stopping threads took: 0.0000521 seconds
[2023-11-11T17:18:32.906+0000][19.597s][info ][gc,stringdedup] Concurrent String Deduplication (19.597s)
[2023-11-11T17:18:32.907+0000][19.598s][info ][gc,stringdedup] Concurrent String Deduplication 144.4K->46624.0B(101208.0B) avg 42.4% (19.597s, 19.598s) 0.851ms
[2023-11-11T17:18:33.054+0000][19.746s][debug][safepoint     ] Safepoint synchronization initiated. (12 threads)
[2023-11-11T17:18:33.054+0000][19.746s][info ][safepoint     ] Application time: 0.1487361 seconds
[2023-11-11T17:18:33.054+0000][19.746s][debug][safepoint     ] Waiting for 1 thread(s) to block
[2023-11-11T17:18:33.054+0000][19.746s][info ][safepoint     ] Entering safepoint region: Deoptimize
[2023-11-11T17:18:33.055+0000][19.747s][info ][safepoint     ] Leaving safepoint region
[2023-11-11T17:18:33.055+0000][19.747s][info ][safepoint     ] Total time for which application threads were stopped: 0.0008334 seconds, Stopping threads took: 0.0000521 seconds
[2023-11-11T17:18:33.653+0000][20.345s][debug][safepoint     ] Safepoint synchronization initiated. (12 threads)
[2023-11-11T17:18:33.653+0000][20.345s][info ][safepoint     ] Application time: 0.5979967 seconds
[2023-11-11T17:18:33.653+0000][20.345s][debug][safepoint     ] Waiting for 1 thread(s) to block
[2023-11-11T17:18:33.653+0000][20.345s][info ][safepoint     ] Entering safepoint region: Deoptimize
[2023-11-11T17:18:33.654+0000][20.346s][info ][safepoint     ] Leaving safepoint region
[2023-11-11T17:18:33.654+0000][20.346s][info ][safepoint     ] Total time for which application threads were stopped: 0.0008789 seconds, Stopping threads took: 0.0000502 seconds
[2023-11-11T17:18:34.654+0000][21.346s][debug][safepoint     ] Safepoint synchronization initiated. (13 threads)
[2023-11-11T17:18:34.655+0000][21.346s][info ][safepoint     ] Application time: 1.0003625 seconds
[2023-11-11T17:18:34.655+0000][21.346s][info ][safepoint     ] Entering safepoint region: Cleanup
[2023-11-11T17:18:34.655+0000][21.346s][info ][safepoint     ] Leaving safepoint region
[2023-11-11T17:18:34.655+0000][21.346s][info ][safepoint     ] Total time for which application threads were stopped: 0.0002824 seconds, Stopping threads took: 0.0000383 seconds
[2023-11-11T17:18:34.941+0000][21.633s][debug][safepoint     ] Safepoint synchronization initiated. (14 threads)
[2023-11-11T17:18:34.941+0000][21.633s][info ][safepoint     ] Application time: 0.2865982 seconds
[2023-11-11T17:18:34.942+0000][21.633s][debug][safepoint     ] Waiting for 2 thread(s) to block
[2023-11-11T17:18:34.942+0000][21.633s][info ][safepoint     ] Entering safepoint region: Deoptimize
[2023-11-11T17:18:34.943+0000][21.634s][info ][safepoint     ] Leaving safepoint region
[2023-11-11T17:18:34.943+0000][21.634s][info ][safepoint     ] Total time for which application threads were stopped: 0.0014696 seconds, Stopping threads took: 0.0001412 seconds
[2023-11-11T17:18:35.154+0000][21.845s][debug][safepoint     ] Safepoint synchronization initiated. (14 threads)
[2023-11-11T17:18:35.154+0000][21.845s][info ][safepoint     ] Application time: 0.2109775 seconds
[2023-11-11T17:18:35.154+0000][21.845s][info ][safepoint     ] Entering safepoint region: Deoptimize
[2023-11-11T17:18:35.155+0000][21.847s][info ][safepoint     ] Leaving safepoint region
[2023-11-11T17:18:35.155+0000][21.847s][info ][safepoint     ] Total time for which application threads were stopped: 0.0013654 seconds, Stopping threads took: 0.0000363 seconds
[2023-11-11T17:18:35.890+0000][22.582s][debug][safepoint     ] Safepoint synchronization initiated. (14 threads)
[2023-11-11T17:18:35.890+0000][22.582s][info ][safepoint     ] Application time: 0.7348016 seconds
[2023-11-11T17:18:35.890+0000][22.582s][debug][safepoint     ] Waiting for 1 thread(s) to block
[2023-11-11T17:18:35.890+0000][22.582s][info ][safepoint     ] Entering safepoint region: ICBufferFull
[2023-11-11T17:18:35.891+0000][22.582s][info ][safepoint     ] Leaving safepoint region
[2023-11-11T17:18:35.891+0000][22.582s][info ][safepoint     ] Total time for which application threads were stopped: 0.0002981 seconds, Stopping threads took: 0.0000721 seconds
[2023-11-11T17:18:36.248+0000][22.939s][debug][safepoint     ] Safepoint synchronization initiated. (14 threads)
[2023-11-11T17:18:36.248+0000][22.939s][info ][safepoint     ] Application time: 0.3572544 seconds
[2023-11-11T17:18:36.248+0000][22.939s][debug][safepoint     ] Waiting for 1 thread(s) to block
[2023-11-11T17:18:36.248+0000][22.939s][info ][safepoint     ] Entering safepoint region: G1CollectForAllocation
[2023-11-11T17:18:36.248+0000][22.940s][info ][gc,start      ] GC(19) Pause Young (Normal) (G1 Evacuation Pause)
[2023-11-11T17:18:36.248+0000][22.940s][info ][gc,task       ] GC(19) Using 6 workers of 6 for evacuation
[2023-11-11T17:18:36.279+0000][22.971s][info ][gc,phases     ] GC(19)   Pre Evacuate Collection Set: 0.0ms
[2023-11-11T17:18:36.279+0000][22.971s][info ][gc,phases     ] GC(19)   Evacuate Collection Set: 28.9ms
[2023-11-11T17:18:36.279+0000][22.971s][info ][gc,phases     ] GC(19)   Post Evacuate Collection Set: 2.1ms
[2023-11-11T17:18:36.279+0000][22.971s][info ][gc,phases     ] GC(19)   Other: 0.2ms
[2023-11-11T17:18:36.279+0000][22.971s][info ][gc,heap       ] GC(19) Eden regions: 204->0(203)
[2023-11-11T17:18:36.279+0000][22.971s][info ][gc,heap       ] GC(19) Survivor regions: 14->15(28)
[2023-11-11T17:18:36.279+0000][22.971s][info ][gc,heap       ] GC(19) Old regions: 23->25
[2023-11-11T17:18:36.279+0000][22.971s][info ][gc,heap       ] GC(19) Humongous regions: 0->0
[2023-11-11T17:18:36.280+0000][22.971s][info ][gc,metaspace  ] GC(19) Metaspace: 53772K(55324K)->53772K(55324K) NonClass: 47153K(48084K)->47153K(48084K) Class: 6618K(7240K)->6618K(7240K)
[2023-11-11T17:18:36.280+0000][22.971s][info ][gc            ] GC(19) Pause Young (Normal) (G1 Evacuation Pause) 239M->37M(364M) 31.436ms
[2023-11-11T17:18:36.280+0000][22.971s][info ][gc,cpu        ] GC(19) User=0.12s Sys=0.00s Real=0.04s
[2023-11-11T17:18:36.280+0000][22.971s][info ][safepoint     ] Leaving safepoint region
[2023-11-11T17:18:36.280+0000][22.971s][info ][safepoint     ] Total time for which application threads were stopped: 0.0317469 seconds, Stopping threads took: 0.0000760 seconds
[2023-11-11T17:18:36.280+0000][22.971s][info ][gc,stringdedup] Concurrent String Deduplication (22.971s)
[2023-11-11T17:18:36.281+0000][22.973s][info ][gc,stringdedup] Concurrent String Deduplication 307.2K->101528.0B(208.0K) avg 43.2% (22.971s, 22.973s) 1.508ms
[2023-11-11T17:18:37.281+0000][23.973s][debug][safepoint     ] Safepoint synchronization initiated. (13 threads)
[2023-11-11T17:18:37.281+0000][23.973s][info ][safepoint     ] Application time: 1.0018831 seconds
[2023-11-11T17:18:37.282+0000][23.973s][debug][safepoint     ] Waiting for 1 thread(s) to block
[2023-11-11T17:18:37.282+0000][23.973s][info ][safepoint     ] Entering safepoint region: Cleanup
[2023-11-11T17:18:37.282+0000][23.973s][info ][safepoint     ] Leaving safepoint region
[2023-11-11T17:18:37.282+0000][23.973s][info ][safepoint     ] Total time for which application threads were stopped: 0.0003685 seconds, Stopping threads took: 0.0001309 seconds
[2023-11-11T17:18:37.538+0000][24.229s][debug][safepoint     ] Safepoint synchronization initiated. (13 threads)
[2023-11-11T17:18:37.538+0000][24.229s][info ][safepoint     ] Application time: 0.2561196 seconds
[2023-11-11T17:18:37.538+0000][24.230s][debug][safepoint     ] Waiting for 1 thread(s) to block
[2023-11-11T17:18:37.538+0000][24.230s][info ][safepoint     ] Entering safepoint region: G1CollectForAllocation
[2023-11-11T17:18:37.538+0000][24.230s][info ][gc,start      ] GC(20) Pause Young (Normal) (G1 Evacuation Pause)
[2023-11-11T17:18:37.538+0000][24.230s][info ][gc,task       ] GC(20) Using 6 workers of 6 for evacuation
[2023-11-11T17:18:37.572+0000][24.264s][info ][gc,phases     ] GC(20)   Pre Evacuate Collection Set: 0.0ms
[2023-11-11T17:18:37.573+0000][24.264s][info ][gc,phases     ] GC(20)   Evacuate Collection Set: 22.1ms
[2023-11-11T17:18:37.573+0000][24.264s][info ][gc,phases     ] GC(20)   Post Evacuate Collection Set: 11.6ms
[2023-11-11T17:18:37.573+0000][24.264s][info ][gc,phases     ] GC(20)   Other: 0.3ms
[2023-11-11T17:18:37.573+0000][24.264s][info ][gc,heap       ] GC(20) Eden regions: 203->0(267)
[2023-11-11T17:18:37.573+0000][24.264s][info ][gc,heap       ] GC(20) Survivor regions: 15->16(28)
[2023-11-11T17:18:37.573+0000][24.264s][info ][gc,heap       ] GC(20) Old regions: 25->25
[2023-11-11T17:18:37.573+0000][24.264s][info ][gc,heap       ] GC(20) Humongous regions: 0->0
[2023-11-11T17:18:37.573+0000][24.264s][info ][gc,metaspace  ] GC(20) Metaspace: 57144K(58652K)->57144K(58652K) NonClass: 49935K(50900K)->49935K(50900K) Class: 7209K(7752K)->7209K(7752K)
[2023-11-11T17:18:37.573+0000][24.264s][info ][gc            ] GC(20) Pause Young (Normal) (G1 Evacuation Pause) 240M->39M(473M) 34.407ms
[2023-11-11T17:18:37.573+0000][24.264s][info ][gc,cpu        ] GC(20) User=0.12s Sys=0.00s Real=0.03s
[2023-11-11T17:18:37.573+0000][24.264s][info ][safepoint     ] Leaving safepoint region
[2023-11-11T17:18:37.573+0000][24.264s][info ][safepoint     ] Total time for which application threads were stopped: 0.0348839 seconds, Stopping threads took: 0.0000992 seconds
[2023-11-11T17:18:37.573+0000][24.265s][info ][gc,stringdedup] Concurrent String Deduplication (24.265s)
[2023-11-11T17:18:37.578+0000][24.269s][info ][gc,stringdedup] Concurrent String Deduplication 216.0K->82192.0B(135.7K) avg 43.7% (24.265s, 24.269s) 4.693ms
[2023-11-11T17:18:38.100+0000][24.792s][debug][safepoint     ] Safepoint synchronization initiated. (13 threads)
[2023-11-11T17:18:38.100+0000][24.792s][info ][safepoint     ] Application time: 0.5273876 seconds
[2023-11-11T17:18:38.100+0000][24.792s][debug][safepoint     ] Waiting for 1 thread(s) to block
[2023-11-11T17:18:38.100+0000][24.792s][info ][safepoint     ] Entering safepoint region: Deoptimize
[2023-11-11T17:18:38.102+0000][24.793s][info ][safepoint     ] Leaving safepoint region
[2023-11-11T17:18:38.102+0000][24.793s][info ][safepoint     ] Total time for which application threads were stopped: 0.0013510 seconds, Stopping threads took: 0.0001126 seconds
[2023-11-11T17:18:38.615+0000][25.307s][debug][safepoint     ] Safepoint synchronization initiated. (13 threads)
[2023-11-11T17:18:38.615+0000][25.307s][info ][safepoint     ] Application time: 0.5136546 seconds
[2023-11-11T17:18:38.615+0000][25.307s][info ][safepoint     ] Entering safepoint region: CollectForMetadataAllocation
[2023-11-11T17:18:38.616+0000][25.307s][info ][gc,start      ] GC(21) Pause Young (Concurrent Start) (Metadata GC Threshold)
[2023-11-11T17:18:38.616+0000][25.307s][info ][gc,task       ] GC(21) Using 6 workers of 6 for evacuation
[2023-11-11T17:18:38.656+0000][25.348s][info ][gc,phases     ] GC(21)   Pre Evacuate Collection Set: 0.2ms
[2023-11-11T17:18:38.657+0000][25.348s][info ][gc,phases     ] GC(21)   Evacuate Collection Set: 37.1ms
[2023-11-11T17:18:38.657+0000][25.348s][info ][gc,phases     ] GC(21)   Post Evacuate Collection Set: 2.8ms
[2023-11-11T17:18:38.657+0000][25.348s][info ][gc,phases     ] GC(21)   Other: 0.5ms
[2023-11-11T17:18:38.657+0000][25.348s][info ][gc,heap       ] GC(21) Eden regions: 56->0(267)
[2023-11-11T17:18:38.657+0000][25.348s][info ][gc,heap       ] GC(21) Survivor regions: 16->16(36)
[2023-11-11T17:18:38.657+0000][25.348s][info ][gc,heap       ] GC(21) Old regions: 25->25
[2023-11-11T17:18:38.657+0000][25.348s][info ][gc,heap       ] GC(21) Humongous regions: 0->0
[2023-11-11T17:18:38.657+0000][25.348s][info ][gc,metaspace  ] GC(21) Metaspace: 59036K(60636K)->59036K(60636K) NonClass: 51555K(52628K)->51555K(52628K) Class: 7481K(8008K)->7481K(8008K)
[2023-11-11T17:18:38.657+0000][25.348s][info ][gc            ] GC(21) Pause Young (Concurrent Start) (Metadata GC Threshold) 95M->39M(473M) 41.087ms
[2023-11-11T17:18:38.657+0000][25.348s][info ][gc,cpu        ] GC(21) User=0.14s Sys=0.04s Real=0.04s
[2023-11-11T17:18:38.657+0000][25.349s][info ][safepoint     ] Leaving safepoint region
[2023-11-11T17:18:38.657+0000][25.349s][info ][safepoint     ] Total time for which application threads were stopped: 0.0416534 seconds, Stopping threads took: 0.0000378 seconds
[2023-11-11T17:18:38.657+0000][25.349s][info ][gc            ] GC(22) Concurrent Cycle
[2023-11-11T17:18:38.657+0000][25.349s][info ][gc,stringdedup] Concurrent String Deduplication (25.349s)
[2023-11-11T17:18:38.657+0000][25.349s][info ][gc,marking    ] GC(22) Concurrent Clear Claimed Marks
[2023-11-11T17:18:38.658+0000][25.349s][info ][gc,marking    ] GC(22) Concurrent Clear Claimed Marks 0.651ms
[2023-11-11T17:18:38.658+0000][25.349s][info ][gc,marking    ] GC(22) Concurrent Scan Root Regions
[2023-11-11T17:18:38.665+0000][25.356s][info ][gc,stringdedup] Concurrent String Deduplication 377.8K->168.6K(209.2K) avg 44.2% (25.349s, 25.356s) 7.266ms
[2023-11-11T17:18:38.675+0000][25.366s][info ][gc,marking    ] GC(22) Concurrent Scan Root Regions 16.931ms
[2023-11-11T17:18:38.675+0000][25.366s][info ][gc,marking    ] GC(22) Concurrent Mark (25.366s)
[2023-11-11T17:18:38.675+0000][25.366s][info ][gc,marking    ] GC(22) Concurrent Mark From Roots
[2023-11-11T17:18:38.675+0000][25.367s][info ][gc,task       ] GC(22) Using 2 workers of 2 for marking
[2023-11-11T17:18:38.728+0000][25.419s][info ][gc,marking    ] GC(22) Concurrent Mark From Roots 52.845ms
[2023-11-11T17:18:38.728+0000][25.419s][info ][gc,marking    ] GC(22) Concurrent Preclean
[2023-11-11T17:18:38.728+0000][25.420s][info ][gc,marking    ] GC(22) Concurrent Preclean 0.455ms
[2023-11-11T17:18:38.729+0000][25.420s][info ][gc,marking    ] GC(22) Concurrent Mark (25.366s, 25.420s) 53.510ms
[2023-11-11T17:18:38.729+0000][25.420s][debug][safepoint     ] Safepoint synchronization initiated. (13 threads)
[2023-11-11T17:18:38.729+0000][25.420s][info ][safepoint     ] Application time: 0.0715020 seconds
[2023-11-11T17:18:38.729+0000][25.420s][debug][safepoint     ] ... found polling page return exception at pc = 0x00007f28ec602cba, stub =0x00007f28e4841800
[2023-11-11T17:18:38.729+0000][25.420s][debug][safepoint     ] Waiting for 1 thread(s) to block
[2023-11-11T17:18:38.729+0000][25.420s][info ][safepoint     ] Entering safepoint region: CGC_Operation
[2023-11-11T17:18:38.729+0000][25.421s][info ][gc,start      ] GC(22) Pause Remark
[2023-11-11T17:18:38.742+0000][25.433s][info ][gc,stringtable] GC(22) Cleaned string and symbol table, strings: 23428 processed, 0 removed, symbols: 192220 processed, 179 removed
[2023-11-11T17:18:38.743+0000][25.434s][info ][gc            ] GC(22) Pause Remark 44M->44M(473M) 13.441ms
[2023-11-11T17:18:38.743+0000][25.434s][info ][gc,cpu        ] GC(22) User=0.06s Sys=0.00s Real=0.02s
[2023-11-11T17:18:38.743+0000][25.434s][info ][safepoint     ] Leaving safepoint region
[2023-11-11T17:18:38.743+0000][25.434s][info ][safepoint     ] Total time for which application threads were stopped: 0.0140778 seconds, Stopping threads took: 0.0002862 seconds
[2023-11-11T17:18:38.743+0000][25.434s][info ][gc,marking    ] GC(22) Concurrent Rebuild Remembered Sets
[2023-11-11T17:18:38.778+0000][25.469s][info ][gc,marking    ] GC(22) Concurrent Rebuild Remembered Sets 34.996ms
[2023-11-11T17:18:38.778+0000][25.470s][debug][safepoint     ] Safepoint synchronization initiated. (13 threads)
[2023-11-11T17:18:38.778+0000][25.470s][info ][safepoint     ] Application time: 0.0353223 seconds
[2023-11-11T17:18:38.778+0000][25.470s][info ][safepoint     ] Entering safepoint region: CGC_Operation
[2023-11-11T17:18:38.778+0000][25.470s][info ][gc,start      ] GC(22) Pause Cleanup
[2023-11-11T17:18:38.779+0000][25.470s][info ][gc            ] GC(22) Pause Cleanup 45M->45M(473M) 0.543ms
[2023-11-11T17:18:38.779+0000][25.471s][info ][gc,cpu        ] GC(22) User=0.00s Sys=0.00s Real=0.00s
[2023-11-11T17:18:38.779+0000][25.471s][info ][safepoint     ] Leaving safepoint region
[2023-11-11T17:18:38.779+0000][25.471s][info ][safepoint     ] Total time for which application threads were stopped: 0.0010397 seconds, Stopping threads took: 0.0000397 seconds
[2023-11-11T17:18:38.779+0000][25.471s][info ][gc,marking    ] GC(22) Concurrent Cleanup for Next Mark
[2023-11-11T17:18:38.785+0000][25.476s][info ][gc,marking    ] GC(22) Concurrent Cleanup for Next Mark 5.558ms
[2023-11-11T17:18:38.785+0000][25.476s][info ][gc            ] GC(22) Concurrent Cycle 127.690ms
[2023-11-11T17:18:39.779+0000][26.471s][debug][safepoint     ] Safepoint synchronization initiated. (16 threads)
[2023-11-11T17:18:39.780+0000][26.471s][info ][safepoint     ] Application time: 1.0002885 seconds
[2023-11-11T17:18:39.780+0000][26.471s][debug][safepoint     ] ... found polling page return exception at pc = 0x00007f28ec46e55b, stub =0x00007f28e4841800
[2023-11-11T17:18:39.780+0000][26.471s][debug][safepoint     ] Waiting for 1 thread(s) to block
[2023-11-11T17:18:39.780+0000][26.471s][info ][safepoint     ] Entering safepoint region: Cleanup
[2023-11-11T17:18:39.781+0000][26.472s][info ][safepoint     ] Leaving safepoint region
[2023-11-11T17:18:39.781+0000][26.472s][info ][safepoint     ] Total time for which application threads were stopped: 0.0014097 seconds, Stopping threads took: 0.0005334 seconds
[2023-11-11T17:18:40.278+0000][26.970s][debug][safepoint     ] Safepoint synchronization initiated. (16 threads)
[2023-11-11T17:18:40.278+0000][26.970s][info ][safepoint     ] Application time: 0.4974116 seconds
[2023-11-11T17:18:40.278+0000][26.970s][debug][safepoint     ] Waiting for 1 thread(s) to block
[2023-11-11T17:18:40.279+0000][26.970s][info ][safepoint     ] Entering safepoint region: ICBufferFull
[2023-11-11T17:18:40.279+0000][26.970s][info ][safepoint     ] Leaving safepoint region
[2023-11-11T17:18:40.279+0000][26.970s][info ][safepoint     ] Total time for which application threads were stopped: 0.0004617 seconds, Stopping threads took: 0.0002186 seconds
[2023-11-11T17:18:40.476+0000][27.167s][debug][safepoint     ] Safepoint synchronization initiated. (16 threads)
[2023-11-11T17:18:40.476+0000][27.167s][info ][safepoint     ] Application time: 0.1969090 seconds
[2023-11-11T17:18:40.476+0000][27.167s][info ][safepoint     ] Entering safepoint region: Deoptimize
[2023-11-11T17:18:40.478+0000][27.170s][info ][safepoint     ] Leaving safepoint region
[2023-11-11T17:18:40.478+0000][27.170s][info ][safepoint     ] Total time for which application threads were stopped: 0.0025776 seconds, Stopping threads took: 0.0000168 seconds
[2023-11-11T17:18:40.844+0000][27.535s][debug][safepoint     ] Safepoint synchronization initiated. (16 threads)
[2023-11-11T17:18:40.844+0000][27.536s][info ][safepoint     ] Application time: 0.3656719 seconds
[2023-11-11T17:18:40.844+0000][27.536s][info ][safepoint     ] Entering safepoint region: ICBufferFull
[2023-11-11T17:18:40.844+0000][27.536s][info ][safepoint     ] Leaving safepoint region
[2023-11-11T17:18:40.844+0000][27.536s][info ][safepoint     ] Total time for which application threads were stopped: 0.0002602 seconds, Stopping threads took: 0.0000184 seconds
[2023-11-11T17:18:41.187+0000][27.878s][debug][safepoint     ] Safepoint synchronization initiated. (16 threads)
[2023-11-11T17:18:41.187+0000][27.878s][info ][safepoint     ] Application time: 0.3424203 seconds
[2023-11-11T17:18:41.187+0000][27.878s][info ][safepoint     ] Entering safepoint region: G1CollectForAllocation
[2023-11-11T17:18:41.187+0000][27.879s][info ][gc,start      ] GC(23) Pause Young (Normal) (G1 Evacuation Pause)
[2023-11-11T17:18:41.187+0000][27.879s][info ][gc,task       ] GC(23) Using 6 workers of 6 for evacuation
[2023-11-11T17:18:41.209+0000][27.900s][info ][gc,phases     ] GC(23)   Pre Evacuate Collection Set: 0.0ms
[2023-11-11T17:18:41.209+0000][27.900s][info ][gc,phases     ] GC(23)   Evacuate Collection Set: 19.2ms
[2023-11-11T17:18:41.209+0000][27.900s][info ][gc,phases     ] GC(23)   Post Evacuate Collection Set: 2.0ms
[2023-11-11T17:18:41.209+0000][27.900s][info ][gc,phases     ] GC(23)   Other: 0.2ms
[2023-11-11T17:18:41.209+0000][27.901s][info ][gc,heap       ] GC(23) Eden regions: 267->0(263)
[2023-11-11T17:18:41.209+0000][27.901s][info ][gc,heap       ] GC(23) Survivor regions: 16->20(36)
[2023-11-11T17:18:41.209+0000][27.901s][info ][gc,heap       ] GC(23) Old regions: 25->26
[2023-11-11T17:18:41.210+0000][27.901s][info ][gc,heap       ] GC(23) Humongous regions: 0->0
[2023-11-11T17:18:41.210+0000][27.901s][info ][gc,metaspace  ] GC(23) Metaspace: 66800K(68520K)->66800K(68520K) NonClass: 58336K(59488K)->58336K(59488K) Class: 8463K(9032K)->8463K(9032K)
[2023-11-11T17:18:41.210+0000][27.901s][info ][gc            ] GC(23) Pause Young (Normal) (G1 Evacuation Pause) 306M->44M(473M) 22.709ms
[2023-11-11T17:18:41.210+0000][27.901s][info ][gc,cpu        ] GC(23) User=0.10s Sys=0.00s Real=0.02s
[2023-11-11T17:18:41.210+0000][27.902s][info ][safepoint     ] Leaving safepoint region
[2023-11-11T17:18:41.210+0000][27.902s][info ][safepoint     ] Total time for which application threads were stopped: 0.0234534 seconds, Stopping threads took: 0.0000186 seconds
[2023-11-11T17:18:41.210+0000][27.902s][info ][gc,stringdedup] Concurrent String Deduplication (27.902s)
[2023-11-11T17:18:41.211+0000][27.902s][info ][gc,stringdedup] Concurrent String Deduplication 71912.0B->4960.0B(66952.0B) avg 44.5% (27.902s, 27.902s) 0.461ms
[2023-11-11T17:18:41.735+0000][28.426s][debug][safepoint     ] Safepoint synchronization initiated. (17 threads)
[2023-11-11T17:18:41.735+0000][28.426s][info ][safepoint     ] Application time: 0.5242204 seconds
[2023-11-11T17:18:41.735+0000][28.426s][info ][safepoint     ] Entering safepoint region: ICBufferFull
[2023-11-11T17:18:41.735+0000][28.426s][info ][safepoint     ] Leaving safepoint region
[2023-11-11T17:18:41.735+0000][28.426s][info ][safepoint     ] Total time for which application threads were stopped: 0.0002187 seconds, Stopping threads took: 0.0000186 seconds
[2023-11-11T17:18:41.842+0000][28.533s][debug][safepoint     ] Safepoint synchronization initiated. (17 threads)
[2023-11-11T17:18:41.842+0000][28.533s][info ][safepoint     ] Application time: 0.1071434 seconds
[2023-11-11T17:18:41.842+0000][28.533s][info ][safepoint     ] Entering safepoint region: ICBufferFull
[2023-11-11T17:18:41.843+0000][28.534s][info ][safepoint     ] Leaving safepoint region
[2023-11-11T17:18:41.843+0000][28.534s][info ][safepoint     ] Total time for which application threads were stopped: 0.0006527 seconds, Stopping threads took: 0.0000188 seconds
[2023-11-11T17:18:41.910+0000][28.602s][debug][safepoint     ] Safepoint synchronization initiated. (17 threads)
[2023-11-11T17:18:41.910+0000][28.602s][info ][safepoint     ] Application time: 0.0675208 seconds
[2023-11-11T17:18:41.910+0000][28.602s][info ][safepoint     ] Entering safepoint region: ICBufferFull
[2023-11-11T17:18:41.911+0000][28.602s][info ][safepoint     ] Leaving safepoint region
[2023-11-11T17:18:41.911+0000][28.602s][info ][safepoint     ] Total time for which application threads were stopped: 0.0002930 seconds, Stopping threads took: 0.0000184 seconds
[2023-11-11T17:18:42.015+0000][28.706s][debug][safepoint     ] Safepoint synchronization initiated. (17 threads)
[2023-11-11T17:18:42.015+0000][28.706s][info ][safepoint     ] Application time: 0.1042261 seconds
[2023-11-11T17:18:42.015+0000][28.706s][debug][safepoint     ] Waiting for 1 thread(s) to block
[2023-11-11T17:18:42.015+0000][28.706s][info ][safepoint     ] Entering safepoint region: ICBufferFull
[2023-11-11T17:18:42.015+0000][28.707s][info ][safepoint     ] Leaving safepoint region
[2023-11-11T17:18:42.015+0000][28.707s][info ][safepoint     ] Total time for which application threads were stopped: 0.0003174 seconds, Stopping threads took: 0.0000692 seconds
[2023-11-11T17:18:42.200+0000][28.892s][debug][safepoint     ] Safepoint synchronization initiated. (17 threads)
[2023-11-11T17:18:42.200+0000][28.892s][info ][safepoint     ] Application time: 0.1852040 seconds
[2023-11-11T17:18:42.200+0000][28.892s][debug][safepoint     ] Waiting for 1 thread(s) to block
[2023-11-11T17:18:42.200+0000][28.892s][info ][safepoint     ] Entering safepoint region: ICBufferFull
[2023-11-11T17:18:42.201+0000][28.892s][info ][safepoint     ] Leaving safepoint region
[2023-11-11T17:18:42.201+0000][28.892s][info ][safepoint     ] Total time for which application threads were stopped: 0.0003085 seconds, Stopping threads took: 0.0000573 seconds
[2023-11-11T17:18:42.546+0000][29.238s][debug][safepoint     ] Safepoint synchronization initiated. (17 threads)
[2023-11-11T17:18:42.546+0000][29.238s][info ][safepoint     ] Application time: 0.3456392 seconds
[2023-11-11T17:18:42.546+0000][29.238s][info ][safepoint     ] Entering safepoint region: ICBufferFull
[2023-11-11T17:18:42.547+0000][29.238s][info ][safepoint     ] Leaving safepoint region
[2023-11-11T17:18:42.547+0000][29.238s][info ][safepoint     ] Total time for which application threads were stopped: 0.0002614 seconds, Stopping threads took: 0.0000313 seconds
[2023-11-11T17:18:42.595+0000][29.286s][debug][safepoint     ] Safepoint synchronization initiated. (17 threads)
[2023-11-11T17:18:42.595+0000][29.286s][info ][safepoint     ] Application time: 0.0479867 seconds
[2023-11-11T17:18:42.595+0000][29.286s][info ][safepoint     ] Entering safepoint region: G1CollectForAllocation
[2023-11-11T17:18:42.595+0000][29.286s][info ][gc,start      ] GC(24) Pause Young (Normal) (G1 Evacuation Pause)
[2023-11-11T17:18:42.595+0000][29.286s][info ][gc,task       ] GC(24) Using 6 workers of 6 for evacuation
[2023-11-11T17:18:42.617+0000][29.308s][info ][gc,phases     ] GC(24)   Pre Evacuate Collection Set: 0.0ms
[2023-11-11T17:18:42.617+0000][29.308s][info ][gc,phases     ] GC(24)   Evacuate Collection Set: 19.9ms
[2023-11-11T17:18:42.617+0000][29.308s][info ][gc,phases     ] GC(24)   Post Evacuate Collection Set: 2.0ms
[2023-11-11T17:18:42.617+0000][29.308s][info ][gc,phases     ] GC(24)   Other: 0.2ms
[2023-11-11T17:18:42.617+0000][29.308s][info ][gc,heap       ] GC(24) Eden regions: 263->0(262)
[2023-11-11T17:18:42.617+0000][29.308s][info ][gc,heap       ] GC(24) Survivor regions: 20->21(36)
[2023-11-11T17:18:42.617+0000][29.308s][info ][gc,heap       ] GC(24) Old regions: 26->28
[2023-11-11T17:18:42.617+0000][29.309s][info ][gc,heap       ] GC(24) Humongous regions: 0->0
[2023-11-11T17:18:42.617+0000][29.309s][info ][gc,metaspace  ] GC(24) Metaspace: 70855K(72744K)->70855K(72744K) NonClass: 61801K(63072K)->61801K(63072K) Class: 9054K(9672K)->9054K(9672K)
[2023-11-11T17:18:42.617+0000][29.309s][info ][gc            ] GC(24) Pause Young (Normal) (G1 Evacuation Pause) 307M->46M(473M) 22.366ms
[2023-11-11T17:18:42.617+0000][29.309s][info ][gc,cpu        ] GC(24) User=0.10s Sys=0.00s Real=0.02s
[2023-11-11T17:18:42.617+0000][29.309s][info ][safepoint     ] Leaving safepoint region
[2023-11-11T17:18:42.617+0000][29.309s][info ][safepoint     ] Total time for which application threads were stopped: 0.0225702 seconds, Stopping threads took: 0.0000181 seconds
[2023-11-11T17:18:42.617+0000][29.309s][info ][gc,stringdedup] Concurrent String Deduplication (29.309s)
[2023-11-11T17:18:42.618+0000][29.309s][info ][gc,stringdedup] Concurrent String Deduplication 38632.0B->15296.0B(23336.0B) avg 44.6% (29.309s, 29.309s) 0.490ms
[2023-11-11T17:18:42.904+0000][29.595s][debug][safepoint     ] Safepoint synchronization initiated. (17 threads)
[2023-11-11T17:18:42.904+0000][29.595s][info ][safepoint     ] Application time: 0.2865983 seconds
[2023-11-11T17:18:42.904+0000][29.595s][info ][safepoint     ] Entering safepoint region: Deoptimize
[2023-11-11T17:18:42.905+0000][29.596s][info ][safepoint     ] Leaving safepoint region
[2023-11-11T17:18:42.905+0000][29.596s][info ][safepoint     ] Total time for which application threads were stopped: 0.0011929 seconds, Stopping threads took: 0.0000186 seconds
[2023-11-11T17:18:42.906+0000][29.597s][debug][safepoint     ] Safepoint synchronization initiated. (17 threads)
[2023-11-11T17:18:42.906+0000][29.597s][info ][safepoint     ] Application time: 0.0008901 seconds
[2023-11-11T17:18:42.906+0000][29.597s][info ][safepoint     ] Entering safepoint region: Deoptimize
[2023-11-11T17:18:42.906+0000][29.598s][info ][safepoint     ] Leaving safepoint region
[2023-11-11T17:18:42.906+0000][29.598s][info ][safepoint     ] Total time for which application threads were stopped: 0.0004638 seconds, Stopping threads took: 0.0000277 seconds
[2023-11-11T17:18:43.231+0000][29.922s][debug][safepoint     ] Safepoint synchronization initiated. (17 threads)
[2023-11-11T17:18:43.231+0000][29.922s][info ][safepoint     ] Application time: 0.3242234 seconds
[2023-11-11T17:18:43.231+0000][29.922s][info ][safepoint     ] Entering safepoint region: Deoptimize
[2023-11-11T17:18:43.232+0000][29.923s][info ][safepoint     ] Leaving safepoint region
[2023-11-11T17:18:43.232+0000][29.923s][info ][safepoint     ] Total time for which application threads were stopped: 0.0011587 seconds, Stopping threads took: 0.0000201 seconds
[2023-11-11T17:18:43.487+0000][30.179s][debug][safepoint     ] Safepoint synchronization initiated. (17 threads)
[2023-11-11T17:18:43.487+0000][30.179s][info ][safepoint     ] Application time: 0.2553680 seconds
[2023-11-11T17:18:43.487+0000][30.179s][info ][safepoint     ] Entering safepoint region: Deoptimize
[2023-11-11T17:18:43.488+0000][30.180s][info ][safepoint     ] Leaving safepoint region
[2023-11-11T17:18:43.488+0000][30.180s][info ][safepoint     ] Total time for which application threads were stopped: 0.0011830 seconds, Stopping threads took: 0.0000191 seconds
[2023-11-11T17:18:43.502+0000][30.193s][debug][safepoint     ] Safepoint synchronization initiated. (17 threads)
[2023-11-11T17:18:43.502+0000][30.193s][info ][safepoint     ] Application time: 0.0134237 seconds
[2023-11-11T17:18:43.502+0000][30.193s][debug][safepoint     ] Waiting for 1 thread(s) to block
[2023-11-11T17:18:43.502+0000][30.193s][info ][safepoint     ] Entering safepoint region: ICBufferFull
[2023-11-11T17:18:43.502+0000][30.194s][info ][safepoint     ] Leaving safepoint region
[2023-11-11T17:18:43.502+0000][30.194s][info ][safepoint     ] Total time for which application threads were stopped: 0.0004328 seconds, Stopping threads took: 0.0000878 seconds
[2023-11-11T17:18:43.669+0000][30.361s][debug][safepoint     ] Safepoint synchronization initiated. (17 threads)
[2023-11-11T17:18:43.669+0000][30.361s][info ][safepoint     ] Application time: 0.1668527 seconds
[2023-11-11T17:18:43.669+0000][30.361s][info ][safepoint     ] Entering safepoint region: Deoptimize
[2023-11-11T17:18:43.670+0000][30.362s][info ][safepoint     ] Leaving safepoint region
[2023-11-11T17:18:43.670+0000][30.362s][info ][safepoint     ] Total time for which application threads were stopped: 0.0012052 seconds, Stopping threads took: 0.0000199 seconds
[2023-11-11T17:18:44.034+0000][30.726s][debug][safepoint     ] Safepoint synchronization initiated. (17 threads)
[2023-11-11T17:18:44.034+0000][30.726s][info ][safepoint     ] Application time: 0.3640129 seconds
[2023-11-11T17:18:44.035+0000][30.726s][debug][safepoint     ] Waiting for 1 thread(s) to block
[2023-11-11T17:18:44.035+0000][30.726s][info ][safepoint     ] Entering safepoint region: ICBufferFull
[2023-11-11T17:18:44.035+0000][30.726s][info ][safepoint     ] Leaving safepoint region
[2023-11-11T17:18:44.035+0000][30.726s][info ][safepoint     ] Total time for which application threads were stopped: 0.0003601 seconds, Stopping threads took: 0.0000704 seconds
[2023-11-11T17:18:44.251+0000][30.942s][debug][safepoint     ] Safepoint synchronization initiated. (17 threads)
[2023-11-11T17:18:44.251+0000][30.942s][info ][safepoint     ] Application time: 0.2160508 seconds
[2023-11-11T17:18:44.251+0000][30.942s][info ][safepoint     ] Entering safepoint region: G1CollectForAllocation
[2023-11-11T17:18:44.251+0000][30.943s][info ][gc,start      ] GC(25) Pause Young (Normal) (G1 Evacuation Pause)
[2023-11-11T17:18:44.251+0000][30.943s][info ][gc,task       ] GC(25) Using 6 workers of 6 for evacuation
[2023-11-11T17:18:44.296+0000][30.987s][info ][gc,phases     ] GC(25)   Pre Evacuate Collection Set: 0.0ms
[2023-11-11T17:18:44.296+0000][30.987s][info ][gc,phases     ] GC(25)   Evacuate Collection Set: 41.1ms
[2023-11-11T17:18:44.296+0000][30.988s][info ][gc,phases     ] GC(25)   Post Evacuate Collection Set: 3.5ms
[2023-11-11T17:18:44.296+0000][30.988s][info ][gc,phases     ] GC(25)   Other: 0.2ms
[2023-11-11T17:18:44.296+0000][30.988s][info ][gc,heap       ] GC(25) Eden regions: 262->0(262)
[2023-11-11T17:18:44.296+0000][30.988s][info ][gc,heap       ] GC(25) Survivor regions: 21->21(36)
[2023-11-11T17:18:44.296+0000][30.988s][info ][gc,heap       ] GC(25) Old regions: 28->30
[2023-11-11T17:18:44.296+0000][30.988s][info ][gc,heap       ] GC(25) Humongous regions: 0->0
[2023-11-11T17:18:44.296+0000][30.988s][info ][gc,metaspace  ] GC(25) Metaspace: 77294K(79272K)->77294K(79272K) NonClass: 67477K(68704K)->67477K(68704K) Class: 9816K(10568K)->9816K(10568K)
[2023-11-11T17:18:44.296+0000][30.988s][info ][gc            ] GC(25) Pause Young (Normal) (G1 Evacuation Pause) 308M->48M(473M) 45.014ms
[2023-11-11T17:18:44.296+0000][30.988s][info ][gc,cpu        ] GC(25) User=0.12s Sys=0.01s Real=0.04s
[2023-11-11T17:18:44.296+0000][30.988s][info ][safepoint     ] Leaving safepoint region
[2023-11-11T17:18:44.296+0000][30.988s][info ][safepoint     ] Total time for which application threads were stopped: 0.0453330 seconds, Stopping threads took: 0.0000186 seconds
[2023-11-11T17:18:44.297+0000][30.988s][info ][gc,stringdedup] Concurrent String Deduplication (30.988s)
[2023-11-11T17:18:44.299+0000][30.991s][info ][gc,stringdedup] Concurrent String Deduplication 329.5K->98856.0B(233.0K) avg 45.5% (30.988s, 30.991s) 2.701ms
[2023-11-11T17:18:44.716+0000][31.407s][debug][safepoint     ] Safepoint synchronization initiated. (16 threads)
[2023-11-11T17:18:44.716+0000][31.407s][info ][safepoint     ] Application time: 0.4197587 seconds
[2023-11-11T17:18:44.716+0000][31.408s][info ][safepoint     ] Entering safepoint region: ICBufferFull
[2023-11-11T17:18:44.716+0000][31.408s][info ][safepoint     ] Leaving safepoint region
[2023-11-11T17:18:44.716+0000][31.408s][info ][safepoint     ] Total time for which application threads were stopped: 0.0003760 seconds, Stopping threads took: 0.0000190 seconds
[2023-11-11T17:18:45.468+0000][32.160s][debug][safepoint     ] Safepoint synchronization initiated. (16 threads)
[2023-11-11T17:18:45.468+0000][32.160s][info ][safepoint     ] Application time: 0.7519882 seconds
[2023-11-11T17:18:45.468+0000][32.160s][info ][safepoint     ] Entering safepoint region: ICBufferFull
[2023-11-11T17:18:45.469+0000][32.160s][info ][safepoint     ] Leaving safepoint region
[2023-11-11T17:18:45.469+0000][32.160s][info ][safepoint     ] Total time for which application threads were stopped: 0.0005787 seconds, Stopping threads took: 0.0000193 seconds
[2023-11-11T17:18:45.987+0000][32.678s][debug][safepoint     ] Safepoint synchronization initiated. (16 threads)
[2023-11-11T17:18:45.987+0000][32.679s][info ][safepoint     ] Application time: 0.5181718 seconds
[2023-11-11T17:18:45.987+0000][32.679s][info ][safepoint     ] Entering safepoint region: G1CollectForAllocation
[2023-11-11T17:18:45.988+0000][32.679s][info ][gc,start      ] GC(26) Pause Young (Normal) (G1 Evacuation Pause)
[2023-11-11T17:18:45.988+0000][32.679s][info ][gc,task       ] GC(26) Using 6 workers of 6 for evacuation
[2023-11-11T17:18:46.012+0000][32.703s][info ][gc,phases     ] GC(26)   Pre Evacuate Collection Set: 0.0ms
[2023-11-11T17:18:46.012+0000][32.704s][info ][gc,phases     ] GC(26)   Evacuate Collection Set: 21.8ms
[2023-11-11T17:18:46.012+0000][32.704s][info ][gc,phases     ] GC(26)   Post Evacuate Collection Set: 2.1ms
[2023-11-11T17:18:46.013+0000][32.704s][info ][gc,phases     ] GC(26)   Other: 0.4ms
[2023-11-11T17:18:46.013+0000][32.704s][info ][gc,heap       ] GC(26) Eden regions: 262->0(257)
[2023-11-11T17:18:46.013+0000][32.704s][info ][gc,heap       ] GC(26) Survivor regions: 21->26(36)
[2023-11-11T17:18:46.013+0000][32.704s][info ][gc,heap       ] GC(26) Old regions: 30->32
[2023-11-11T17:18:46.013+0000][32.704s][info ][gc,heap       ] GC(26) Humongous regions: 0->0
[2023-11-11T17:18:46.013+0000][32.705s][info ][gc,metaspace  ] GC(26) Metaspace: 79732K(81704K)->79732K(81704K) NonClass: 69795K(71008K)->69795K(71008K) Class: 9937K(10696K)->9937K(10696K)
[2023-11-11T17:18:46.013+0000][32.705s][info ][gc            ] GC(26) Pause Young (Normal) (G1 Evacuation Pause) 310M->55M(473M) 25.593ms
[2023-11-11T17:18:46.013+0000][32.705s][info ][gc,cpu        ] GC(26) User=0.09s Sys=0.01s Real=0.03s
[2023-11-11T17:18:46.014+0000][32.705s][info ][safepoint     ] Leaving safepoint region
[2023-11-11T17:18:46.014+0000][32.705s][info ][safepoint     ] Total time for which application threads were stopped: 0.0263476 seconds, Stopping threads took: 0.0001272 seconds
[2023-11-11T17:18:46.014+0000][32.705s][info ][gc,stringdedup] Concurrent String Deduplication (32.705s)
[2023-11-11T17:18:46.016+0000][32.707s][info ][gc,stringdedup] Concurrent String Deduplication 243.9K->160.8K(85000.0B) avg 45.2% (32.705s, 32.707s) 1.647ms
[2023-11-11T17:18:46.287+0000][32.979s][debug][safepoint     ] Safepoint synchronization initiated. (16 threads)
[2023-11-11T17:18:46.288+0000][32.979s][info ][safepoint     ] Application time: 0.2737427 seconds
[2023-11-11T17:18:46.288+0000][32.979s][info ][safepoint     ] Entering safepoint region: Deoptimize
[2023-11-11T17:18:46.289+0000][32.981s][info ][safepoint     ] Leaving safepoint region
[2023-11-11T17:18:46.289+0000][32.981s][info ][safepoint     ] Total time for which application threads were stopped: 0.0015684 seconds, Stopping threads took: 0.0001306 seconds
[2023-11-11T17:18:46.802+0000][33.494s][debug][safepoint     ] Safepoint synchronization initiated. (16 threads)
[2023-11-11T17:18:46.803+0000][33.494s][info ][safepoint     ] Application time: 0.5135132 seconds
[2023-11-11T17:18:46.803+0000][33.495s][debug][safepoint     ] Waiting for 1 thread(s) to block
[2023-11-11T17:18:46.803+0000][33.495s][info ][safepoint     ] Entering safepoint region: ICBufferFull
[2023-11-11T17:18:46.804+0000][33.495s][info ][safepoint     ] Leaving safepoint region
[2023-11-11T17:18:46.804+0000][33.495s][info ][safepoint     ] Total time for which application threads were stopped: 0.0007144 seconds, Stopping threads took: 0.0002970 seconds
[2023-11-11T17:18:47.062+0000][33.753s][debug][safepoint     ] Safepoint synchronization initiated. (16 threads)
[2023-11-11T17:18:47.062+0000][33.753s][info ][safepoint     ] Application time: 0.2579448 seconds
[2023-11-11T17:18:47.062+0000][33.753s][info ][safepoint     ] Entering safepoint region: Deoptimize
[2023-11-11T17:18:47.063+0000][33.755s][info ][safepoint     ] Leaving safepoint region
[2023-11-11T17:18:47.064+0000][33.755s][info ][safepoint     ] Total time for which application threads were stopped: 0.0016083 seconds, Stopping threads took: 0.0001384 seconds
[2023-11-11T17:18:47.541+0000][34.232s][debug][safepoint     ] Safepoint synchronization initiated. (20 threads)
[2023-11-11T17:18:47.541+0000][34.232s][info ][safepoint     ] Application time: 0.4770053 seconds
[2023-11-11T17:18:47.541+0000][34.232s][info ][safepoint     ] Entering safepoint region: G1CollectForAllocation
[2023-11-11T17:18:47.541+0000][34.233s][info ][gc,start      ] GC(27) Pause Young (Normal) (G1 Evacuation Pause)
[2023-11-11T17:18:47.541+0000][34.233s][info ][gc,task       ] GC(27) Using 6 workers of 6 for evacuation
[2023-11-11T17:18:47.578+0000][34.269s][info ][gc,phases     ] GC(27)   Pre Evacuate Collection Set: 0.0ms
[2023-11-11T17:18:47.578+0000][34.269s][info ][gc,phases     ] GC(27)   Evacuate Collection Set: 33.3ms
[2023-11-11T17:18:47.578+0000][34.269s][info ][gc,phases     ] GC(27)   Post Evacuate Collection Set: 2.8ms
[2023-11-11T17:18:47.578+0000][34.269s][info ][gc,phases     ] GC(27)   Other: 0.5ms
[2023-11-11T17:18:47.578+0000][34.269s][info ][gc,heap       ] GC(27) Eden regions: 257->0(258)
[2023-11-11T17:18:47.578+0000][34.269s][info ][gc,heap       ] GC(27) Survivor regions: 26->25(36)
[2023-11-11T17:18:47.578+0000][34.269s][info ][gc,heap       ] GC(27) Old regions: 32->39
[2023-11-11T17:18:47.578+0000][34.269s][info ][gc,heap       ] GC(27) Humongous regions: 0->0
[2023-11-11T17:18:47.578+0000][34.269s][info ][gc,metaspace  ] GC(27) Metaspace: 82993K(85288K)->82993K(85288K) NonClass: 72696K(74080K)->72696K(74080K) Class: 10297K(11208K)->10297K(11208K)
[2023-11-11T17:18:47.578+0000][34.269s][info ][gc            ] GC(27) Pause Young (Normal) (G1 Evacuation Pause) 312M->61M(473M) 36.763ms
[2023-11-11T17:18:47.578+0000][34.269s][info ][gc,cpu        ] GC(27) User=0.16s Sys=0.02s Real=0.03s
[2023-11-11T17:18:47.578+0000][34.270s][info ][safepoint     ] Leaving safepoint region
[2023-11-11T17:18:47.578+0000][34.270s][info ][safepoint     ] Total time for which application threads were stopped: 0.0372413 seconds, Stopping threads took: 0.0001310 seconds
[2023-11-11T17:18:47.578+0000][34.270s][info ][gc,stringdedup] Concurrent String Deduplication (34.270s)
[2023-11-11T17:18:47.581+0000][34.272s][info ][gc,stringdedup] Concurrent String Deduplication 282.9K->96176.0B(188.9K) avg 45.8% (34.270s, 34.272s) 2.289ms
[2023-11-11T17:18:48.056+0000][34.748s][debug][safepoint     ] Safepoint synchronization initiated. (20 threads)
[2023-11-11T17:18:48.056+0000][34.748s][info ][safepoint     ] Application time: 0.4783547 seconds
[2023-11-11T17:18:48.056+0000][34.748s][info ][safepoint     ] Entering safepoint region: ICBufferFull
[2023-11-11T17:18:48.057+0000][34.748s][info ][safepoint     ] Leaving safepoint region
[2023-11-11T17:18:48.057+0000][34.748s][info ][safepoint     ] Total time for which application threads were stopped: 0.0003261 seconds, Stopping threads took: 0.0000189 seconds
[2023-11-11T17:18:48.071+0000][34.762s][debug][safepoint     ] Safepoint synchronization initiated. (20 threads)
[2023-11-11T17:18:48.071+0000][34.762s][info ][safepoint     ] Application time: 0.0141072 seconds
[2023-11-11T17:18:48.071+0000][34.762s][info ][safepoint     ] Entering safepoint region: Deoptimize
[2023-11-11T17:18:48.072+0000][34.764s][info ][safepoint     ] Leaving safepoint region
[2023-11-11T17:18:48.072+0000][34.764s][info ][safepoint     ] Total time for which application threads were stopped: 0.0013186 seconds, Stopping threads took: 0.0000189 seconds
[2023-11-11T17:18:48.425+0000][35.116s][debug][safepoint     ] Safepoint synchronization initiated. (20 threads)
[2023-11-11T17:18:48.425+0000][35.117s][info ][safepoint     ] Application time: 0.3527718 seconds
[2023-11-11T17:18:48.425+0000][35.117s][info ][safepoint     ] Entering safepoint region: Deoptimize
[2023-11-11T17:18:48.427+0000][35.118s][info ][safepoint     ] Leaving safepoint region
[2023-11-11T17:18:48.427+0000][35.118s][info ][safepoint     ] Total time for which application threads were stopped: 0.0014758 seconds, Stopping threads took: 0.0000188 seconds
[2023-11-11T17:18:48.584+0000][35.275s][debug][safepoint     ] Safepoint synchronization initiated. (21 threads)
[2023-11-11T17:18:48.584+0000][35.275s][info ][safepoint     ] Application time: 0.1571509 seconds
[2023-11-11T17:18:48.584+0000][35.275s][info ][safepoint     ] Entering safepoint region: Deoptimize
[2023-11-11T17:18:48.585+0000][35.277s][info ][safepoint     ] Leaving safepoint region
[2023-11-11T17:18:48.585+0000][35.277s][info ][safepoint     ] Total time for which application threads were stopped: 0.0016006 seconds, Stopping threads took: 0.0001235 seconds
[2023-11-11T17:18:48.863+0000][35.555s][debug][safepoint     ] Safepoint synchronization initiated. (21 threads)
[2023-11-11T17:18:48.863+0000][35.555s][info ][safepoint     ] Application time: 0.2778756 seconds
[2023-11-11T17:18:48.864+0000][35.555s][info ][safepoint     ] Entering safepoint region: Deoptimize
[2023-11-11T17:18:48.865+0000][35.556s][info ][safepoint     ] Leaving safepoint region
[2023-11-11T17:18:48.865+0000][35.557s][info ][safepoint     ] Total time for which application threads were stopped: 0.0016118 seconds, Stopping threads took: 0.0001317 seconds
[2023-11-11T17:18:49.041+0000][35.733s][debug][safepoint     ] Safepoint synchronization initiated. (21 threads)
[2023-11-11T17:18:49.042+0000][35.733s][info ][safepoint     ] Application time: 0.1763206 seconds
[2023-11-11T17:18:49.042+0000][35.733s][debug][safepoint     ] Waiting for 1 thread(s) to block
[2023-11-11T17:18:49.042+0000][35.733s][info ][safepoint     ] Entering safepoint region: G1CollectForAllocation
[2023-11-11T17:18:49.042+0000][35.734s][info ][gc,start      ] GC(28) Pause Young (Normal) (G1 Evacuation Pause)
[2023-11-11T17:18:49.042+0000][35.734s][info ][gc,task       ] GC(28) Using 6 workers of 6 for evacuation
[2023-11-11T17:18:49.083+0000][35.775s][info ][gc,phases     ] GC(28)   Pre Evacuate Collection Set: 0.0ms
[2023-11-11T17:18:49.083+0000][35.775s][info ][gc,phases     ] GC(28)   Evacuate Collection Set: 33.6ms
[2023-11-11T17:18:49.084+0000][35.775s][info ][gc,phases     ] GC(28)   Post Evacuate Collection Set: 6.9ms
[2023-11-11T17:18:49.084+0000][35.775s][info ][gc,phases     ] GC(28)   Other: 0.4ms
[2023-11-11T17:18:49.084+0000][35.775s][info ][gc,heap       ] GC(28) Eden regions: 258->0(315)
[2023-11-11T17:18:49.084+0000][35.775s][info ][gc,heap       ] GC(28) Survivor regions: 25->25(36)
[2023-11-11T17:18:49.084+0000][35.776s][info ][gc,heap       ] GC(28) Old regions: 39->45
[2023-11-11T17:18:49.084+0000][35.776s][info ][gc,heap       ] GC(28) Humongous regions: 0->0
[2023-11-11T17:18:49.084+0000][35.776s][info ][gc,metaspace  ] GC(28) Metaspace: 88089K(90792K)->88089K(90792K) NonClass: 77191K(78944K)->77191K(78944K) Class: 10898K(11848K)->10898K(11848K)
[2023-11-11T17:18:49.085+0000][35.776s][info ][gc            ] GC(28) Pause Young (Normal) (G1 Evacuation Pause) 319M->67M(568M) 42.291ms
[2023-11-11T17:18:49.085+0000][35.776s][info ][gc,cpu        ] GC(28) User=0.10s Sys=0.01s Real=0.04s
[2023-11-11T17:18:49.085+0000][35.776s][info ][safepoint     ] Leaving safepoint region
[2023-11-11T17:18:49.085+0000][35.776s][info ][safepoint     ] Total time for which application threads were stopped: 0.0431992 seconds, Stopping threads took: 0.0003229 seconds
[2023-11-11T17:18:49.086+0000][35.777s][info ][gc,stringdedup] Concurrent String Deduplication (35.777s)
[2023-11-11T17:18:49.090+0000][35.782s][info ][gc,stringdedup] Concurrent String Deduplication 793.5K->182.0K(611.5K) avg 48.0% (35.777s, 35.782s) 4.179ms
[2023-11-11T17:18:49.884+0000][36.575s][debug][safepoint     ] Safepoint synchronization initiated. (22 threads)
[2023-11-11T17:18:49.884+0000][36.575s][info ][safepoint     ] Application time: 0.7986863 seconds
[2023-11-11T17:18:49.884+0000][36.575s][info ][safepoint     ] Entering safepoint region: Deoptimize
[2023-11-11T17:18:49.886+0000][36.577s][info ][safepoint     ] Leaving safepoint region
[2023-11-11T17:18:49.886+0000][36.578s][info ][safepoint     ] Total time for which application threads were stopped: 0.0022770 seconds, Stopping threads took: 0.0000457 seconds
[2023-11-11T17:18:50.021+0000][36.713s][debug][safepoint     ] Safepoint synchronization initiated. (22 threads)
[2023-11-11T17:18:50.021+0000][36.713s][info ][safepoint     ] Application time: 0.1350887 seconds
[2023-11-11T17:18:50.021+0000][36.713s][info ][safepoint     ] Entering safepoint region: Deoptimize
[2023-11-11T17:18:50.023+0000][36.715s][info ][safepoint     ] Leaving safepoint region
[2023-11-11T17:18:50.023+0000][36.715s][info ][safepoint     ] Total time for which application threads were stopped: 0.0021905 seconds, Stopping threads took: 0.0000365 seconds
[2023-11-11T17:18:50.204+0000][36.895s][debug][safepoint     ] Safepoint synchronization initiated. (23 threads)
[2023-11-11T17:18:50.204+0000][36.895s][info ][safepoint     ] Application time: 0.1802156 seconds
[2023-11-11T17:18:50.204+0000][36.895s][debug][safepoint     ] Waiting for 1 thread(s) to block
[2023-11-11T17:18:50.204+0000][36.895s][info ][safepoint     ] Entering safepoint region: Deoptimize
[2023-11-11T17:18:50.207+0000][36.899s][info ][safepoint     ] Leaving safepoint region
[2023-11-11T17:18:50.207+0000][36.899s][info ][safepoint     ] Total time for which application threads were stopped: 0.0036142 seconds, Stopping threads took: 0.0001081 seconds
[2023-11-11T17:18:50.247+0000][36.938s][debug][safepoint     ] Safepoint synchronization initiated. (23 threads)
[2023-11-11T17:18:50.247+0000][36.939s][info ][safepoint     ] Application time: 0.0397122 seconds
[2023-11-11T17:18:50.247+0000][36.939s][debug][safepoint     ] Waiting for 1 thread(s) to block
[2023-11-11T17:18:50.247+0000][36.939s][info ][safepoint     ] Entering safepoint region: Deoptimize
[2023-11-11T17:18:50.252+0000][36.943s][info ][safepoint     ] Leaving safepoint region
[2023-11-11T17:18:50.252+0000][36.944s][info ][safepoint     ] Total time for which application threads were stopped: 0.0049561 seconds, Stopping threads took: 0.0001293 seconds
[2023-11-11T17:18:50.418+0000][37.109s][debug][safepoint     ] Safepoint synchronization initiated. (23 threads)
[2023-11-11T17:18:50.418+0000][37.109s][info ][safepoint     ] Application time: 0.1657421 seconds
[2023-11-11T17:18:50.418+0000][37.109s][debug][safepoint     ] Waiting for 1 thread(s) to block
[2023-11-11T17:18:50.418+0000][37.109s][info ][safepoint     ] Entering safepoint region: Deoptimize
[2023-11-11T17:18:50.420+0000][37.111s][info ][safepoint     ] Leaving safepoint region
[2023-11-11T17:18:50.420+0000][37.111s][info ][safepoint     ] Total time for which application threads were stopped: 0.0020162 seconds, Stopping threads took: 0.0001304 seconds
[2023-11-11T17:18:51.356+0000][38.047s][debug][safepoint     ] Safepoint synchronization initiated. (29 threads)
[2023-11-11T17:18:51.356+0000][38.047s][info ][safepoint     ] Application time: 0.9356559 seconds
[2023-11-11T17:18:51.356+0000][38.047s][info ][safepoint     ] Entering safepoint region: ICBufferFull
[2023-11-11T17:18:51.356+0000][38.047s][info ][safepoint     ] Leaving safepoint region
[2023-11-11T17:18:51.356+0000][38.047s][info ][safepoint     ] Total time for which application threads were stopped: 0.0002894 seconds, Stopping threads took: 0.0000204 seconds
[2023-11-11T17:18:51.652+0000][38.343s][debug][safepoint     ] Safepoint synchronization initiated. (34 threads)
[2023-11-11T17:18:51.652+0000][38.343s][info ][safepoint     ] Application time: 0.2956695 seconds
[2023-11-11T17:18:51.652+0000][38.343s][info ][safepoint     ] Entering safepoint region: Deoptimize
[2023-11-11T17:18:51.653+0000][38.344s][info ][safepoint     ] Leaving safepoint region
[2023-11-11T17:18:51.653+0000][38.344s][info ][safepoint     ] Total time for which application threads were stopped: 0.0013800 seconds, Stopping threads took: 0.0000223 seconds
[2023-11-11T17:18:51.805+0000][38.496s][debug][safepoint     ] Safepoint synchronization initiated. (34 threads)
[2023-11-11T17:18:51.805+0000][38.496s][info ][safepoint     ] Application time: 0.1518183 seconds
[2023-11-11T17:18:51.805+0000][38.496s][info ][safepoint     ] Entering safepoint region: Deoptimize
[2023-11-11T17:18:51.806+0000][38.498s][info ][safepoint     ] Leaving safepoint region
[2023-11-11T17:18:51.806+0000][38.498s][info ][safepoint     ] Total time for which application threads were stopped: 0.0014186 seconds, Stopping threads took: 0.0000222 seconds
[2023-11-11T17:18:51.887+0000][38.579s][debug][safepoint     ] Safepoint synchronization initiated. (34 threads)
[2023-11-11T17:18:51.887+0000][38.579s][info ][safepoint     ] Application time: 0.0810651 seconds
[2023-11-11T17:18:51.887+0000][38.579s][info ][safepoint     ] Entering safepoint region: G1CollectForAllocation
[2023-11-11T17:18:51.888+0000][38.579s][info ][gc,start      ] GC(29) Pause Young (Normal) (G1 Evacuation Pause)
[2023-11-11T17:18:51.888+0000][38.579s][info ][gc,task       ] GC(29) Using 6 workers of 6 for evacuation
[2023-11-11T17:18:51.917+0000][38.608s][info ][gc,phases     ] GC(29)   Pre Evacuate Collection Set: 0.0ms
[2023-11-11T17:18:51.917+0000][38.608s][info ][gc,phases     ] GC(29)   Evacuate Collection Set: 26.7ms
[2023-11-11T17:18:51.917+0000][38.608s][info ][gc,phases     ] GC(29)   Post Evacuate Collection Set: 2.4ms
[2023-11-11T17:18:51.917+0000][38.608s][info ][gc,phases     ] GC(29)   Other: 0.3ms
[2023-11-11T17:18:51.917+0000][38.608s][info ][gc,heap       ] GC(29) Eden regions: 315->0(313)
[2023-11-11T17:18:51.917+0000][38.609s][info ][gc,heap       ] GC(29) Survivor regions: 25->27(43)
[2023-11-11T17:18:51.917+0000][38.609s][info ][gc,heap       ] GC(29) Old regions: 45->49
[2023-11-11T17:18:51.917+0000][38.609s][info ][gc,heap       ] GC(29) Humongous regions: 0->0
[2023-11-11T17:18:51.917+0000][38.609s][info ][gc,metaspace  ] GC(29) Metaspace: 94447K(97320K)->94447K(97320K) NonClass: 82801K(84576K)->82801K(84576K) Class: 11645K(12744K)->11645K(12744K)
[2023-11-11T17:18:51.917+0000][38.609s][info ][gc            ] GC(29) Pause Young (Normal) (G1 Evacuation Pause) 382M->74M(568M) 29.650ms
[2023-11-11T17:18:51.917+0000][38.609s][info ][gc,cpu        ] GC(29) User=0.12s Sys=0.01s Real=0.03s
[2023-11-11T17:18:51.917+0000][38.609s][info ][safepoint     ] Leaving safepoint region
[2023-11-11T17:18:51.917+0000][38.609s][info ][safepoint     ] Total time for which application threads were stopped: 0.0298894 seconds, Stopping threads took: 0.0000300 seconds
[2023-11-11T17:18:51.919+0000][38.610s][info ][gc,stringdedup] Concurrent String Deduplication (38.610s)
[2023-11-11T17:18:51.922+0000][38.613s][info ][gc,stringdedup] Concurrent String Deduplication 452.1K->132.4K(319.7K) avg 48.9% (38.610s, 38.613s) 2.663ms
[2023-11-11T17:18:52.711+0000][39.403s][debug][safepoint     ] Safepoint synchronization initiated. (33 threads)
[2023-11-11T17:18:52.711+0000][39.403s][info ][safepoint     ] Application time: 0.7942144 seconds
[2023-11-11T17:18:52.712+0000][39.403s][info ][safepoint     ] Entering safepoint region: Deoptimize
[2023-11-11T17:18:52.713+0000][39.404s][info ][safepoint     ] Leaving safepoint region
[2023-11-11T17:18:52.713+0000][39.404s][info ][safepoint     ] Total time for which application threads were stopped: 0.0014940 seconds, Stopping threads took: 0.0000212 seconds
[2023-11-11T17:18:52.715+0000][39.406s][debug][safepoint     ] Safepoint synchronization initiated. (33 threads)
[2023-11-11T17:18:52.715+0000][39.406s][info ][safepoint     ] Application time: 0.0017034 seconds
[2023-11-11T17:18:52.715+0000][39.406s][info ][safepoint     ] Entering safepoint region: Deoptimize
[2023-11-11T17:18:52.715+0000][39.407s][info ][safepoint     ] Leaving safepoint region
[2023-11-11T17:18:52.715+0000][39.407s][info ][safepoint     ] Total time for which application threads were stopped: 0.0005301 seconds, Stopping threads took: 0.0000148 seconds
[2023-11-11T17:18:52.799+0000][39.490s][debug][safepoint     ] Safepoint synchronization initiated. (33 threads)
[2023-11-11T17:18:52.799+0000][39.490s][info ][safepoint     ] Application time: 0.0835775 seconds
[2023-11-11T17:18:52.799+0000][39.490s][debug][safepoint     ] Waiting for 1 thread(s) to block
[2023-11-11T17:18:52.799+0000][39.490s][info ][safepoint     ] Entering safepoint region: Deoptimize
[2023-11-11T17:18:52.801+0000][39.493s][info ][safepoint     ] Leaving safepoint region
[2023-11-11T17:18:52.801+0000][39.493s][info ][safepoint     ] Total time for which application threads were stopped: 0.0022779 seconds, Stopping threads took: 0.0001446 seconds
[2023-11-11T17:18:53.596+0000][40.288s][debug][safepoint     ] Safepoint synchronization initiated. (37 threads)
[2023-11-11T17:18:53.597+0000][40.289s][info ][safepoint     ] Application time: 0.7959687 seconds
[2023-11-11T17:18:53.597+0000][40.289s][info ][safepoint     ] Entering safepoint region: CollectForMetadataAllocation
[2023-11-11T17:18:53.598+0000][40.289s][info ][gc,start      ] GC(30) Pause Young (Concurrent Start) (Metadata GC Threshold)
[2023-11-11T17:18:53.598+0000][40.290s][info ][gc,task       ] GC(30) Using 6 workers of 6 for evacuation
[2023-11-11T17:18:53.646+0000][40.337s][info ][gc,phases     ] GC(30)   Pre Evacuate Collection Set: 0.3ms
[2023-11-11T17:18:53.646+0000][40.338s][info ][gc,phases     ] GC(30)   Evacuate Collection Set: 43.4ms
[2023-11-11T17:18:53.647+0000][40.338s][info ][gc,phases     ] GC(30)   Post Evacuate Collection Set: 3.2ms
[2023-11-11T17:18:53.647+0000][40.338s][info ][gc,phases     ] GC(30)   Other: 1.0ms
[2023-11-11T17:18:53.647+0000][40.339s][info ][gc,heap       ] GC(30) Eden regions: 174->0(317)
[2023-11-11T17:18:53.648+0000][40.339s][info ][gc,heap       ] GC(30) Survivor regions: 27->23(43)
[2023-11-11T17:18:53.648+0000][40.339s][info ][gc,heap       ] GC(30) Old regions: 49->56
[2023-11-11T17:18:53.648+0000][40.339s][info ][gc,heap       ] GC(30) Humongous regions: 0->0
[2023-11-11T17:18:53.648+0000][40.340s][info ][gc,metaspace  ] GC(30) Metaspace: 98682K(101544K)->98682K(101544K) NonClass: 86600K(88416K)->86600K(88416K) Class: 12081K(13128K)->12081K(13128K)
[2023-11-11T17:18:53.649+0000][40.340s][info ][gc            ] GC(30) Pause Young (Concurrent Start) (Metadata GC Threshold) 247M->77M(568M) 50.540ms
[2023-11-11T17:18:53.649+0000][40.340s][info ][gc,cpu        ] GC(30) User=0.20s Sys=0.01s Real=0.05s
[2023-11-11T17:18:53.649+0000][40.341s][info ][gc            ] GC(31) Concurrent Cycle
[2023-11-11T17:18:53.649+0000][40.341s][info ][gc,marking    ] GC(31) Concurrent Clear Claimed Marks
[2023-11-11T17:18:53.650+0000][40.341s][info ][gc,marking    ] GC(31) Concurrent Clear Claimed Marks 0.365ms
[2023-11-11T17:18:53.650+0000][40.341s][info ][gc,marking    ] GC(31) Concurrent Scan Root Regions
[2023-11-11T17:18:53.650+0000][40.341s][info ][safepoint     ] Leaving safepoint region
[2023-11-11T17:18:53.650+0000][40.342s][info ][safepoint     ] Total time for which application threads were stopped: 0.0527635 seconds, Stopping threads took: 0.0002754 seconds
[2023-11-11T17:18:53.652+0000][40.344s][info ][gc,stringdedup] Concurrent String Deduplication (40.344s)
[2023-11-11T17:18:53.662+0000][40.354s][info ][gc,stringdedup] Concurrent String Deduplication 413.0K->137.0K(275.9K) avg 49.5% (40.344s, 40.354s) 9.929ms
[2023-11-11T17:18:53.678+0000][40.369s][info ][gc,marking    ] GC(31) Concurrent Scan Root Regions 28.217ms
[2023-11-11T17:18:53.678+0000][40.369s][info ][gc,marking    ] GC(31) Concurrent Mark (40.369s)
[2023-11-11T17:18:53.678+0000][40.369s][info ][gc,marking    ] GC(31) Concurrent Mark From Roots
[2023-11-11T17:18:53.678+0000][40.370s][info ][gc,task       ] GC(31) Using 2 workers of 2 for marking
[2023-11-11T17:18:53.787+0000][40.479s][debug][safepoint     ] Safepoint synchronization initiated. (37 threads)
[2023-11-11T17:18:53.787+0000][40.479s][info ][safepoint     ] Application time: 0.1366551 seconds
[2023-11-11T17:18:53.787+0000][40.479s][info ][safepoint     ] Entering safepoint region: CollectForMetadataAllocation
[2023-11-11T17:18:53.787+0000][40.479s][info ][safepoint     ] Leaving safepoint region
[2023-11-11T17:18:53.788+0000][40.479s][info ][safepoint     ] Total time for which application threads were stopped: 0.0003211 seconds, Stopping threads took: 0.0000340 seconds
[2023-11-11T17:18:53.797+0000][40.488s][info ][gc,marking    ] GC(31) Concurrent Mark From Roots 118.930ms
[2023-11-11T17:18:53.797+0000][40.488s][info ][gc,marking    ] GC(31) Concurrent Preclean
[2023-11-11T17:18:53.797+0000][40.489s][info ][gc,marking    ] GC(31) Concurrent Preclean 0.275ms
[2023-11-11T17:18:53.797+0000][40.489s][info ][gc,marking    ] GC(31) Concurrent Mark (40.369s, 40.489s) 119.365ms
[2023-11-11T17:18:53.797+0000][40.489s][debug][safepoint     ] Safepoint synchronization initiated. (37 threads)
[2023-11-11T17:18:53.798+0000][40.489s][info ][safepoint     ] Application time: 0.0099601 seconds
[2023-11-11T17:18:53.798+0000][40.489s][debug][safepoint     ] Waiting for 1 thread(s) to block
[2023-11-11T17:18:53.798+0000][40.489s][info ][safepoint     ] Entering safepoint region: CGC_Operation
[2023-11-11T17:18:53.798+0000][40.489s][info ][gc,start      ] GC(31) Pause Remark
[2023-11-11T17:18:53.817+0000][40.508s][info ][gc,stringtable] GC(31) Cleaned string and symbol table, strings: 46201 processed, 69 removed, symbols: 280857 processed, 318 removed
[2023-11-11T17:18:53.818+0000][40.509s][info ][gc            ] GC(31) Pause Remark 96M->96M(568M) 19.560ms
[2023-11-11T17:18:53.818+0000][40.509s][info ][gc,cpu        ] GC(31) User=0.08s Sys=0.00s Real=0.02s
[2023-11-11T17:18:53.818+0000][40.509s][info ][safepoint     ] Leaving safepoint region
[2023-11-11T17:18:53.818+0000][40.509s][info ][safepoint     ] Total time for which application threads were stopped: 0.0201752 seconds, Stopping threads took: 0.0003456 seconds
[2023-11-11T17:18:53.818+0000][40.509s][info ][gc,marking    ] GC(31) Concurrent Rebuild Remembered Sets
[2023-11-11T17:18:53.904+0000][40.596s][info ][gc,marking    ] GC(31) Concurrent Rebuild Remembered Sets 86.259ms
[2023-11-11T17:18:53.904+0000][40.596s][debug][safepoint     ] Safepoint synchronization initiated. (37 threads)
[2023-11-11T17:18:53.904+0000][40.596s][info ][safepoint     ] Application time: 0.0866765 seconds
[2023-11-11T17:18:53.904+0000][40.596s][debug][safepoint     ] Waiting for 1 thread(s) to block
[2023-11-11T17:18:53.905+0000][40.597s][info ][safepoint     ] Entering safepoint region: CGC_Operation
[2023-11-11T17:18:53.905+0000][40.597s][info ][gc,start      ] GC(31) Pause Cleanup
[2023-11-11T17:18:53.906+0000][40.597s][info ][gc            ] GC(31) Pause Cleanup 105M->105M(568M) 0.417ms
[2023-11-11T17:18:53.906+0000][40.598s][info ][gc,cpu        ] GC(31) User=0.00s Sys=0.00s Real=0.00s
[2023-11-11T17:18:53.906+0000][40.598s][info ][safepoint     ] Leaving safepoint region
[2023-11-11T17:18:53.906+0000][40.598s][info ][safepoint     ] Total time for which application threads were stopped: 0.0019647 seconds, Stopping threads took: 0.0006913 seconds
[2023-11-11T17:18:53.906+0000][40.598s][info ][gc,marking    ] GC(31) Concurrent Cleanup for Next Mark
[2023-11-11T17:18:53.922+0000][40.614s][info ][gc,marking    ] GC(31) Concurrent Cleanup for Next Mark 15.911ms
[2023-11-11T17:18:53.922+0000][40.614s][info ][gc            ] GC(31) Concurrent Cycle 273.275ms
[2023-11-11T17:18:54.660+0000][41.351s][debug][safepoint     ] Safepoint synchronization initiated. (38 threads)
[2023-11-11T17:18:54.660+0000][41.351s][info ][safepoint     ] Application time: 0.7532904 seconds
[2023-11-11T17:18:54.660+0000][41.351s][debug][safepoint     ] Waiting for 1 thread(s) to block
[2023-11-11T17:18:54.660+0000][41.351s][info ][safepoint     ] Entering safepoint region: ICBufferFull
[2023-11-11T17:18:54.660+0000][41.351s][info ][safepoint     ] Leaving safepoint region
[2023-11-11T17:18:54.660+0000][41.351s][info ][safepoint     ] Total time for which application threads were stopped: 0.0003128 seconds, Stopping threads took: 0.0000537 seconds
[2023-11-11T17:18:55.452+0000][42.144s][debug][safepoint     ] Safepoint synchronization initiated. (38 threads)
[2023-11-11T17:18:55.452+0000][42.144s][info ][safepoint     ] Application time: 0.7923617 seconds
[2023-11-11T17:18:55.452+0000][42.144s][debug][safepoint     ] Waiting for 1 thread(s) to block
[2023-11-11T17:18:55.452+0000][42.144s][info ][safepoint     ] Entering safepoint region: Deoptimize
[2023-11-11T17:18:55.454+0000][42.145s][info ][safepoint     ] Leaving safepoint region
[2023-11-11T17:18:55.454+0000][42.145s][info ][safepoint     ] Total time for which application threads were stopped: 0.0014891 seconds, Stopping threads took: 0.0000559 seconds
[2023-11-11T17:18:55.536+0000][42.228s][debug][safepoint     ] Safepoint synchronization initiated. (38 threads)
[2023-11-11T17:18:55.536+0000][42.228s][info ][safepoint     ] Application time: 0.0823154 seconds
[2023-11-11T17:18:55.536+0000][42.228s][info ][safepoint     ] Entering safepoint region: Deoptimize
[2023-11-11T17:18:55.538+0000][42.229s][info ][safepoint     ] Leaving safepoint region
[2023-11-11T17:18:55.538+0000][42.229s][info ][safepoint     ] Total time for which application threads were stopped: 0.0014045 seconds, Stopping threads took: 0.0000203 seconds
[2023-11-11T17:18:55.600+0000][42.291s][debug][safepoint     ] Safepoint synchronization initiated. (41 threads)
[2023-11-11T17:18:55.600+0000][42.291s][info ][safepoint     ] Application time: 0.0623844 seconds
[2023-11-11T17:18:55.600+0000][42.292s][info ][safepoint     ] Entering safepoint region: G1CollectForAllocation
[2023-11-11T17:18:55.600+0000][42.292s][info ][gc,start      ] GC(32) Pause Young (Concurrent Start) (G1 Evacuation Pause)
[2023-11-11T17:18:55.600+0000][42.292s][info ][gc,task       ] GC(32) Using 6 workers of 6 for evacuation
[2023-11-11T17:18:55.638+0000][42.329s][info ][gc,phases     ] GC(32)   Pre Evacuate Collection Set: 0.3ms
[2023-11-11T17:18:55.638+0000][42.329s][info ][gc,phases     ] GC(32)   Evacuate Collection Set: 34.4ms
[2023-11-11T17:18:55.639+0000][42.330s][info ][gc,phases     ] GC(32)   Post Evacuate Collection Set: 2.5ms
[2023-11-11T17:18:55.639+0000][42.330s][info ][gc,phases     ] GC(32)   Other: 0.3ms
[2023-11-11T17:18:55.639+0000][42.330s][info ][gc,heap       ] GC(32) Eden regions: 317->0(316)
[2023-11-11T17:18:55.639+0000][42.330s][info ][gc,heap       ] GC(32) Survivor regions: 23->24(43)
[2023-11-11T17:18:55.639+0000][42.330s][info ][gc,heap       ] GC(32) Old regions: 56->62
[2023-11-11T17:18:55.639+0000][42.330s][info ][gc,heap       ] GC(32) Humongous regions: 1->0
[2023-11-11T17:18:55.639+0000][42.330s][info ][gc,metaspace  ] GC(32) Metaspace: 102913K(105916K)->102913K(105916K) NonClass: 90481K(92404K)->90481K(92404K) Class: 12431K(13512K)->12431K(13512K)
[2023-11-11T17:18:55.639+0000][42.330s][info ][gc            ] GC(32) Pause Young (Concurrent Start) (G1 Evacuation Pause) 395M->84M(568M) 38.460ms
[2023-11-11T17:18:55.639+0000][42.330s][info ][gc,cpu        ] GC(32) User=0.12s Sys=0.01s Real=0.04s
[2023-11-11T17:18:55.639+0000][42.330s][info ][safepoint     ] Leaving safepoint region
[2023-11-11T17:18:55.639+0000][42.330s][info ][gc            ] GC(33) Concurrent Cycle
[2023-11-11T17:18:55.639+0000][42.330s][info ][gc,marking    ] GC(33) Concurrent Clear Claimed Marks
[2023-11-11T17:18:55.639+0000][42.331s][info ][gc,marking    ] GC(33) Concurrent Clear Claimed Marks 0.243ms
[2023-11-11T17:18:55.639+0000][42.331s][info ][gc,marking    ] GC(33) Concurrent Scan Root Regions
[2023-11-11T17:18:55.639+0000][42.330s][info ][safepoint     ] Total time for which application threads were stopped: 0.0387163 seconds, Stopping threads took: 0.0000236 seconds
[2023-11-11T17:18:55.642+0000][42.333s][info ][gc,stringdedup] Concurrent String Deduplication (42.333s)
[2023-11-11T17:18:55.651+0000][42.342s][info ][gc,stringdedup] Concurrent String Deduplication 715.7K->342.6K(373.0K) avg 49.7% (42.333s, 42.342s) 9.035ms
[2023-11-11T17:18:55.652+0000][42.343s][info ][gc,marking    ] GC(33) Concurrent Scan Root Regions 12.676ms
[2023-11-11T17:18:55.652+0000][42.343s][info ][gc,marking    ] GC(33) Concurrent Mark (42.343s)
[2023-11-11T17:18:55.652+0000][42.343s][info ][gc,marking    ] GC(33) Concurrent Mark From Roots
[2023-11-11T17:18:55.652+0000][42.343s][info ][gc,task       ] GC(33) Using 2 workers of 2 for marking
[2023-11-11T17:18:55.723+0000][42.414s][info ][gc,marking    ] GC(33) Concurrent Mark From Roots 71.159ms
[2023-11-11T17:18:55.723+0000][42.415s][info ][gc,marking    ] GC(33) Concurrent Preclean
[2023-11-11T17:18:55.723+0000][42.415s][info ][gc,marking    ] GC(33) Concurrent Preclean 0.180ms
[2023-11-11T17:18:55.723+0000][42.415s][info ][gc,marking    ] GC(33) Concurrent Mark (42.343s, 42.415s) 71.453ms
[2023-11-11T17:18:55.723+0000][42.415s][debug][safepoint     ] Safepoint synchronization initiated. (41 threads)
[2023-11-11T17:18:55.723+0000][42.415s][info ][safepoint     ] Application time: 0.0829728 seconds
[2023-11-11T17:18:55.728+0000][42.419s][debug][safepoint     ] ... found polling page return exception at pc = 0x00007f28ec6b2898, stub =0x00007f28e4841800
[2023-11-11T17:18:55.729+0000][42.420s][debug][safepoint     ] Waiting for 1 thread(s) to block
[2023-11-11T17:18:55.729+0000][42.420s][info ][safepoint     ] Entering safepoint region: CGC_Operation
[2023-11-11T17:18:55.729+0000][42.420s][info ][gc,start      ] GC(33) Pause Remark
[2023-11-11T17:18:55.748+0000][42.440s][info ][gc,stringtable] GC(33) Cleaned string and symbol table, strings: 48881 processed, 0 removed, symbols: 288815 processed, 40 removed
[2023-11-11T17:18:55.749+0000][42.440s][info ][gc            ] GC(33) Pause Remark 92M->92M(568M) 19.816ms
[2023-11-11T17:18:55.749+0000][42.440s][info ][gc,cpu        ] GC(33) User=0.08s Sys=0.00s Real=0.02s
[2023-11-11T17:18:55.749+0000][42.440s][info ][safepoint     ] Leaving safepoint region
[2023-11-11T17:18:55.749+0000][42.440s][info ][safepoint     ] Total time for which application threads were stopped: 0.0253550 seconds, Stopping threads took: 0.0053508 seconds
[2023-11-11T17:18:55.749+0000][42.440s][info ][gc,marking    ] GC(33) Concurrent Rebuild Remembered Sets
[2023-11-11T17:18:55.801+0000][42.492s][info ][gc,marking    ] GC(33) Concurrent Rebuild Remembered Sets 52.260ms
[2023-11-11T17:18:55.801+0000][42.493s][debug][safepoint     ] Safepoint synchronization initiated. (41 threads)
[2023-11-11T17:18:55.801+0000][42.493s][info ][safepoint     ] Application time: 0.0524019 seconds
[2023-11-11T17:18:55.803+0000][42.494s][debug][safepoint     ] ... found polling page return exception at pc = 0x00007f28ec40eaf6, stub =0x00007f28e4841800
[2023-11-11T17:18:55.803+0000][42.494s][debug][safepoint     ] Waiting for 1 thread(s) to block
[2023-11-11T17:18:55.803+0000][42.495s][info ][safepoint     ] Entering safepoint region: CGC_Operation
[2023-11-11T17:18:55.803+0000][42.495s][info ][gc,start      ] GC(33) Pause Cleanup
[2023-11-11T17:18:55.804+0000][42.495s][info ][gc            ] GC(33) Pause Cleanup 101M->101M(568M) 0.298ms
[2023-11-11T17:18:55.804+0000][42.495s][info ][gc,cpu        ] GC(33) User=0.00s Sys=0.00s Real=0.00s
[2023-11-11T17:18:55.804+0000][42.495s][info ][safepoint     ] Leaving safepoint region
[2023-11-11T17:18:55.804+0000][42.495s][info ][safepoint     ] Total time for which application threads were stopped: 0.0024913 seconds, Stopping threads took: 0.0019712 seconds
[2023-11-11T17:18:55.804+0000][42.495s][info ][gc,marking    ] GC(33) Concurrent Cleanup for Next Mark
[2023-11-11T17:18:55.805+0000][42.497s][info ][gc,marking    ] GC(33) Concurrent Cleanup for Next Mark 1.686ms
[2023-11-11T17:18:55.805+0000][42.497s][info ][gc            ] GC(33) Concurrent Cycle 166.652ms
[2023-11-11T17:18:56.740+0000][43.431s][debug][safepoint     ] Safepoint synchronization initiated. (41 threads)
[2023-11-11T17:18:56.740+0000][43.431s][info ][safepoint     ] Application time: 0.9359844 seconds
[2023-11-11T17:18:56.740+0000][43.431s][debug][safepoint     ] Waiting for 1 thread(s) to block
[2023-11-11T17:18:56.740+0000][43.431s][info ][safepoint     ] Entering safepoint region: ICBufferFull
[2023-11-11T17:18:56.740+0000][43.432s][info ][safepoint     ] Leaving safepoint region
[2023-11-11T17:18:56.740+0000][43.432s][info ][safepoint     ] Total time for which application threads were stopped: 0.0006673 seconds, Stopping threads took: 0.0001216 seconds
[2023-11-11T17:18:56.791+0000][43.482s][debug][safepoint     ] Safepoint synchronization initiated. (41 threads)
[2023-11-11T17:18:56.791+0000][43.482s][info ][safepoint     ] Application time: 0.0505138 seconds
[2023-11-11T17:18:56.791+0000][43.482s][debug][safepoint     ] Waiting for 1 thread(s) to block
[2023-11-11T17:18:56.791+0000][43.482s][info ][safepoint     ] Entering safepoint region: Deoptimize
[2023-11-11T17:18:56.793+0000][43.485s][info ][safepoint     ] Leaving safepoint region
[2023-11-11T17:18:56.793+0000][43.485s][info ][safepoint     ] Total time for which application threads were stopped: 0.0023165 seconds, Stopping threads took: 0.0001222 seconds
[2023-11-11T17:18:57.340+0000][44.031s][debug][safepoint     ] Safepoint synchronization initiated. (41 threads)
[2023-11-11T17:18:57.340+0000][44.031s][info ][safepoint     ] Application time: 0.5464848 seconds
[2023-11-11T17:18:57.340+0000][44.031s][debug][safepoint     ] Waiting for 3 thread(s) to block
[2023-11-11T17:18:57.340+0000][44.031s][info ][safepoint     ] Entering safepoint region: ICBufferFull
[2023-11-11T17:18:57.340+0000][44.032s][info ][safepoint     ] Leaving safepoint region
[2023-11-11T17:18:57.340+0000][44.032s][info ][safepoint     ] Total time for which application threads were stopped: 0.0003479 seconds, Stopping threads took: 0.0001136 seconds
[2023-11-11T17:18:57.665+0000][44.356s][debug][safepoint     ] Safepoint synchronization initiated. (41 threads)
[2023-11-11T17:18:57.665+0000][44.356s][info ][safepoint     ] Application time: 0.3246458 seconds
[2023-11-11T17:18:57.665+0000][44.356s][info ][safepoint     ] Entering safepoint region: ICBufferFull
[2023-11-11T17:18:57.665+0000][44.356s][info ][safepoint     ] Leaving safepoint region
[2023-11-11T17:18:57.665+0000][44.357s][info ][safepoint     ] Total time for which application threads were stopped: 0.0002609 seconds, Stopping threads took: 0.0000236 seconds
[2023-11-11T17:18:58.250+0000][44.941s][debug][safepoint     ] Safepoint synchronization initiated. (42 threads)
[2023-11-11T17:18:58.250+0000][44.941s][info ][safepoint     ] Application time: 0.5846294 seconds
[2023-11-11T17:18:58.250+0000][44.941s][info ][safepoint     ] Entering safepoint region: ICBufferFull
[2023-11-11T17:18:58.250+0000][44.942s][info ][safepoint     ] Leaving safepoint region
[2023-11-11T17:18:58.250+0000][44.942s][info ][safepoint     ] Total time for which application threads were stopped: 0.0005157 seconds, Stopping threads took: 0.0000275 seconds
[2023-11-11T17:18:58.657+0000][45.348s][debug][safepoint     ] Safepoint synchronization initiated. (42 threads)
[2023-11-11T17:18:58.657+0000][45.348s][info ][safepoint     ] Application time: 0.4064793 seconds
[2023-11-11T17:18:58.657+0000][45.348s][debug][safepoint     ] Waiting for 1 thread(s) to block
[2023-11-11T17:18:58.657+0000][45.348s][info ][safepoint     ] Entering safepoint region: Deoptimize
[2023-11-11T17:18:58.658+0000][45.350s][info ][safepoint     ] Leaving safepoint region
[2023-11-11T17:18:58.658+0000][45.350s][info ][safepoint     ] Total time for which application threads were stopped: 0.0016399 seconds, Stopping threads took: 0.0000580 seconds
[2023-11-11T17:18:58.878+0000][45.570s][debug][safepoint     ] Safepoint synchronization initiated. (42 threads)
[2023-11-11T17:18:58.878+0000][45.570s][info ][safepoint     ] Application time: 0.2197862 seconds
[2023-11-11T17:18:58.878+0000][45.570s][debug][safepoint     ] Waiting for 1 thread(s) to block
[2023-11-11T17:18:58.878+0000][45.570s][info ][safepoint     ] Entering safepoint region: Deoptimize
[2023-11-11T17:18:58.880+0000][45.571s][info ][safepoint     ] Leaving safepoint region
[2023-11-11T17:18:58.880+0000][45.571s][info ][safepoint     ] Total time for which application threads were stopped: 0.0015584 seconds, Stopping threads took: 0.0000682 seconds
[2023-11-11T17:18:58.949+0000][45.640s][debug][safepoint     ] Safepoint synchronization initiated. (42 threads)
[2023-11-11T17:18:58.949+0000][45.640s][info ][safepoint     ] Application time: 0.0687837 seconds
[2023-11-11T17:18:58.949+0000][45.640s][info ][safepoint     ] Entering safepoint region: Deoptimize
[2023-11-11T17:18:58.950+0000][45.642s][info ][safepoint     ] Leaving safepoint region
[2023-11-11T17:18:58.950+0000][45.642s][info ][safepoint     ] Total time for which application threads were stopped: 0.0014970 seconds, Stopping threads took: 0.0000264 seconds
[2023-11-11T17:18:59.004+0000][45.695s][debug][safepoint     ] Safepoint synchronization initiated. (42 threads)
[2023-11-11T17:18:59.004+0000][45.695s][info ][safepoint     ] Application time: 0.0534737 seconds
[2023-11-11T17:18:59.004+0000][45.695s][debug][safepoint     ] Waiting for 1 thread(s) to block
[2023-11-11T17:18:59.004+0000][45.695s][info ][safepoint     ] Entering safepoint region: Deoptimize
[2023-11-11T17:18:59.006+0000][45.697s][info ][safepoint     ] Leaving safepoint region
[2023-11-11T17:18:59.006+0000][45.697s][info ][safepoint     ] Total time for which application threads were stopped: 0.0019056 seconds, Stopping threads took: 0.0000626 seconds
[2023-11-11T17:18:59.136+0000][45.827s][debug][safepoint     ] Safepoint synchronization initiated. (42 threads)
[2023-11-11T17:18:59.136+0000][45.827s][info ][safepoint     ] Application time: 0.1302937 seconds
[2023-11-11T17:18:59.136+0000][45.827s][debug][safepoint     ] Waiting for 1 thread(s) to block
[2023-11-11T17:18:59.136+0000][45.827s][info ][safepoint     ] Entering safepoint region: G1CollectForAllocation
[2023-11-11T17:18:59.136+0000][45.828s][info ][gc,start      ] GC(34) Pause Young (Normal) (G1 Evacuation Pause)
[2023-11-11T17:18:59.137+0000][45.828s][info ][gc,task       ] GC(34) Using 6 workers of 6 for evacuation
[2023-11-11T17:18:59.204+0000][45.895s][info ][gc,phases     ] GC(34)   Pre Evacuate Collection Set: 0.0ms
[2023-11-11T17:18:59.204+0000][45.895s][info ][gc,phases     ] GC(34)   Evacuate Collection Set: 49.6ms
[2023-11-11T17:18:59.204+0000][45.895s][info ][gc,phases     ] GC(34)   Post Evacuate Collection Set: 17.4ms
[2023-11-11T17:18:59.204+0000][45.895s][info ][gc,phases     ] GC(34)   Other: 0.4ms
[2023-11-11T17:18:59.204+0000][45.895s][info ][gc,heap       ] GC(34) Eden regions: 316->0(313)
[2023-11-11T17:18:59.204+0000][45.895s][info ][gc,heap       ] GC(34) Survivor regions: 24->27(43)
[2023-11-11T17:18:59.204+0000][45.895s][info ][gc,heap       ] GC(34) Old regions: 62->68
[2023-11-11T17:18:59.204+0000][45.895s][info ][gc,heap       ] GC(34) Humongous regions: 0->0
[2023-11-11T17:18:59.204+0000][45.895s][info ][gc,metaspace  ] GC(34) Metaspace: 113583K(116924K)->113583K(116924K) NonClass: 100099K(102132K)->100099K(102132K) Class: 13483K(14792K)->13483K(14792K)
[2023-11-11T17:18:59.204+0000][45.895s][info ][gc            ] GC(34) Pause Young (Normal) (G1 Evacuation Pause) 400M->93M(568M) 67.534ms
[2023-11-11T17:18:59.204+0000][45.895s][info ][gc,cpu        ] GC(34) User=0.16s Sys=0.01s Real=0.07s
[2023-11-11T17:18:59.204+0000][45.896s][info ][safepoint     ] Leaving safepoint region
[2023-11-11T17:18:59.204+0000][45.896s][info ][safepoint     ] Total time for which application threads were stopped: 0.0681576 seconds, Stopping threads took: 0.0000881 seconds
[2023-11-11T17:18:59.207+0000][45.898s][info ][gc,stringdedup] Concurrent String Deduplication (45.898s)
[2023-11-11T17:18:59.220+0000][45.911s][info ][gc,stringdedup] Concurrent String Deduplication 479.5K->347.4K(132.1K) avg 48.9% (45.898s, 45.911s) 12.724ms
[2023-11-11T17:18:59.327+0000][46.019s][debug][safepoint     ] Safepoint synchronization initiated. (42 threads)
[2023-11-11T17:18:59.327+0000][46.019s][info ][safepoint     ] Application time: 0.1233417 seconds
[2023-11-11T17:18:59.327+0000][46.019s][debug][safepoint     ] Waiting for 1 thread(s) to block
[2023-11-11T17:18:59.328+0000][46.019s][info ][safepoint     ] Entering safepoint region: Deoptimize
[2023-11-11T17:18:59.329+0000][46.020s][info ][safepoint     ] Leaving safepoint region
[2023-11-11T17:18:59.329+0000][46.020s][info ][safepoint     ] Total time for which application threads were stopped: 0.0015884 seconds, Stopping threads took: 0.0000584 seconds
[2023-11-11T17:18:59.330+0000][46.022s][debug][safepoint     ] Safepoint synchronization initiated. (42 threads)
[2023-11-11T17:18:59.330+0000][46.022s][info ][safepoint     ] Application time: 0.0013057 seconds
[2023-11-11T17:18:59.330+0000][46.022s][debug][safepoint     ] Waiting for 2 thread(s) to block
[2023-11-11T17:18:59.331+0000][46.022s][info ][safepoint     ] Entering safepoint region: Deoptimize
[2023-11-11T17:18:59.331+0000][46.023s][info ][safepoint     ] Leaving safepoint region
[2023-11-11T17:18:59.331+0000][46.023s][info ][safepoint     ] Total time for which application threads were stopped: 0.0007926 seconds, Stopping threads took: 0.0002095 seconds
[2023-11-11T17:19:00.331+0000][47.023s][debug][safepoint     ] Safepoint synchronization initiated. (42 threads)
[2023-11-11T17:19:00.332+0000][47.023s][info ][safepoint     ] Application time: 1.0003561 seconds
[2023-11-11T17:19:00.332+0000][47.023s][debug][safepoint     ] Waiting for 1 thread(s) to block
[2023-11-11T17:19:00.332+0000][47.023s][info ][safepoint     ] Entering safepoint region: Cleanup
[2023-11-11T17:19:00.332+0000][47.023s][info ][safepoint     ] Leaving safepoint region
[2023-11-11T17:19:00.332+0000][47.023s][info ][safepoint     ] Total time for which application threads were stopped: 0.0003732 seconds, Stopping threads took: 0.0001515 seconds
[2023-11-11T17:19:00.336+0000][47.027s][debug][safepoint     ] Safepoint synchronization initiated. (42 threads)
[2023-11-11T17:19:00.336+0000][47.027s][info ][safepoint     ] Application time: 0.0036428 seconds
[2023-11-11T17:19:00.336+0000][47.027s][info ][safepoint     ] Entering safepoint region: Deoptimize
[2023-11-11T17:19:00.337+0000][47.029s][info ][safepoint     ] Leaving safepoint region
[2023-11-11T17:19:00.337+0000][47.029s][info ][safepoint     ] Total time for which application threads were stopped: 0.0015212 seconds, Stopping threads took: 0.0000160 seconds
[2023-11-11T17:19:00.665+0000][47.356s][debug][safepoint     ] Safepoint synchronization initiated. (41 threads)
[2023-11-11T17:19:00.665+0000][47.356s][info ][safepoint     ] Application time: 0.3277035 seconds
[2023-11-11T17:19:00.665+0000][47.356s][info ][safepoint     ] Entering safepoint region: Deoptimize
[2023-11-11T17:19:00.666+0000][47.358s][info ][safepoint     ] Leaving safepoint region
[2023-11-11T17:19:00.667+0000][47.358s][info ][safepoint     ] Total time for which application threads were stopped: 0.0016245 seconds, Stopping threads took: 0.0000235 seconds
[2023-11-11T17:19:01.410+0000][48.102s][debug][safepoint     ] Safepoint synchronization initiated. (44 threads)
[2023-11-11T17:19:01.410+0000][48.102s][info ][safepoint     ] Application time: 0.7438063 seconds
[2023-11-11T17:19:01.410+0000][48.102s][debug][safepoint     ] Waiting for 1 thread(s) to block
[2023-11-11T17:19:01.411+0000][48.102s][info ][safepoint     ] Entering safepoint region: G1CollectForAllocation
[2023-11-11T17:19:01.411+0000][48.102s][info ][gc,start      ] GC(35) Pause Young (Normal) (G1 Evacuation Pause)
[2023-11-11T17:19:01.411+0000][48.102s][info ][gc,task       ] GC(35) Using 6 workers of 6 for evacuation
[2023-11-11T17:19:01.444+0000][48.135s][info ][gc,phases     ] GC(35)   Pre Evacuate Collection Set: 0.0ms
[2023-11-11T17:19:01.444+0000][48.135s][info ][gc,phases     ] GC(35)   Evacuate Collection Set: 28.6ms
[2023-11-11T17:19:01.444+0000][48.136s][info ][gc,phases     ] GC(35)   Post Evacuate Collection Set: 4.4ms
[2023-11-11T17:19:01.444+0000][48.136s][info ][gc,phases     ] GC(35)   Other: 0.2ms
[2023-11-11T17:19:01.444+0000][48.136s][info ][gc,heap       ] GC(35) Eden regions: 313->0(314)
[2023-11-11T17:19:01.444+0000][48.136s][info ][gc,heap       ] GC(35) Survivor regions: 27->26(43)
[2023-11-11T17:19:01.444+0000][48.136s][info ][gc,heap       ] GC(35) Old regions: 68->74
[2023-11-11T17:19:01.444+0000][48.136s][info ][gc,heap       ] GC(35) Humongous regions: 0->0
[2023-11-11T17:19:01.444+0000][48.136s][info ][gc,metaspace  ] GC(35) Metaspace: 122344K(126012K)->122344K(126012K) NonClass: 107919K(110324K)->107919K(110324K) Class: 14425K(15688K)->14425K(15688K)
[2023-11-11T17:19:01.444+0000][48.136s][info ][gc            ] GC(35) Pause Young (Normal) (G1 Evacuation Pause) 406M->98M(568M) 33.442ms
[2023-11-11T17:19:01.444+0000][48.136s][info ][gc,cpu        ] GC(35) User=0.18s Sys=0.00s Real=0.03s
[2023-11-11T17:19:01.444+0000][48.136s][info ][safepoint     ] Leaving safepoint region
[2023-11-11T17:19:01.444+0000][48.136s][info ][safepoint     ] Total time for which application threads were stopped: 0.0339074 seconds, Stopping threads took: 0.0001804 seconds
[2023-11-11T17:19:01.444+0000][48.136s][info ][gc,stringdedup] Concurrent String Deduplication (48.136s)
[2023-11-11T17:19:01.448+0000][48.140s][info ][gc,stringdedup] Concurrent String Deduplication 639.3K->235.3K(404.0K) avg 49.5% (48.136s, 48.140s) 3.648ms
[2023-11-11T17:19:02.444+0000][49.136s][debug][safepoint     ] Safepoint synchronization initiated. (49 threads)
[2023-11-11T17:19:02.444+0000][49.136s][info ][safepoint     ] Application time: 1.0001721 seconds
[2023-11-11T17:19:02.445+0000][49.136s][info ][safepoint     ] Entering safepoint region: Cleanup
[2023-11-11T17:19:02.445+0000][49.136s][info ][safepoint     ] Leaving safepoint region
[2023-11-11T17:19:02.445+0000][49.136s][info ][safepoint     ] Total time for which application threads were stopped: 0.0002699 seconds, Stopping threads took: 0.0000282 seconds
[2023-11-11T17:19:03.432+0000][50.124s][debug][safepoint     ] Safepoint synchronization initiated. (54 threads)
[2023-11-11T17:19:03.432+0000][50.124s][info ][safepoint     ] Application time: 0.9874848 seconds
[2023-11-11T17:19:03.432+0000][50.124s][info ][safepoint     ] Entering safepoint region: Deoptimize
[2023-11-11T17:19:03.434+0000][50.126s][info ][safepoint     ] Leaving safepoint region
[2023-11-11T17:19:03.434+0000][50.126s][info ][safepoint     ] Total time for which application threads were stopped: 0.0018216 seconds, Stopping threads took: 0.0000296 seconds
[2023-11-11T17:19:03.727+0000][50.418s][debug][safepoint     ] Safepoint synchronization initiated. (66 threads)
[2023-11-11T17:19:03.727+0000][50.418s][info ][safepoint     ] Application time: 0.2925404 seconds
[2023-11-11T17:19:03.727+0000][50.418s][info ][safepoint     ] Entering safepoint region: ICBufferFull
[2023-11-11T17:19:03.727+0000][50.418s][info ][safepoint     ] Leaving safepoint region
[2023-11-11T17:19:03.727+0000][50.418s][info ][safepoint     ] Total time for which application threads were stopped: 0.0003463 seconds, Stopping threads took: 0.0000325 seconds
[2023-11-11T17:19:03.797+0000][50.489s][debug][safepoint     ] Safepoint synchronization initiated. (66 threads)
[2023-11-11T17:19:03.797+0000][50.489s][info ][safepoint     ] Application time: 0.0704279 seconds
[2023-11-11T17:19:03.798+0000][50.489s][debug][safepoint     ] Waiting for 1 thread(s) to block
[2023-11-11T17:19:03.798+0000][50.489s][info ][safepoint     ] Entering safepoint region: G1CollectForAllocation
[2023-11-11T17:19:03.798+0000][50.489s][info ][gc,start      ] GC(36) Pause Young (Normal) (G1 Evacuation Pause)
[2023-11-11T17:19:03.798+0000][50.489s][info ][gc,task       ] GC(36) Using 6 workers of 6 for evacuation
[2023-11-11T17:19:03.834+0000][50.525s][info ][gc,phases     ] GC(36)   Pre Evacuate Collection Set: 0.0ms
[2023-11-11T17:19:03.834+0000][50.525s][info ][gc,phases     ] GC(36)   Evacuate Collection Set: 31.3ms
[2023-11-11T17:19:03.834+0000][50.525s][info ][gc,phases     ] GC(36)   Post Evacuate Collection Set: 4.2ms
[2023-11-11T17:19:03.834+0000][50.525s][info ][gc,phases     ] GC(36)   Other: 0.3ms
[2023-11-11T17:19:03.834+0000][50.525s][info ][gc,heap       ] GC(36) Eden regions: 314->0(308)
[2023-11-11T17:19:03.834+0000][50.525s][info ][gc,heap       ] GC(36) Survivor regions: 26->32(43)
[2023-11-11T17:19:03.834+0000][50.525s][info ][gc,heap       ] GC(36) Old regions: 74->79
[2023-11-11T17:19:03.834+0000][50.525s][info ][gc,heap       ] GC(36) Humongous regions: 0->0
[2023-11-11T17:19:03.834+0000][50.525s][info ][gc,metaspace  ] GC(36) Metaspace: 133383K(137148K)->133383K(137148K) NonClass: 117935K(120308K)->117935K(120308K) Class: 15447K(16840K)->15447K(16840K)
[2023-11-11T17:19:03.834+0000][50.525s][info ][gc            ] GC(36) Pause Young (Normal) (G1 Evacuation Pause) 412M->108M(568M) 35.976ms
[2023-11-11T17:19:03.834+0000][50.525s][info ][gc,cpu        ] GC(36) User=0.14s Sys=0.01s Real=0.04s
[2023-11-11T17:19:03.834+0000][50.525s][info ][safepoint     ] Leaving safepoint region
[2023-11-11T17:19:03.834+0000][50.525s][info ][safepoint     ] Total time for which application threads were stopped: 0.0363973 seconds, Stopping threads took: 0.0000680 seconds
[2023-11-11T17:19:03.834+0000][50.526s][info ][gc,stringdedup] Concurrent String Deduplication (50.526s)
[2023-11-11T17:19:03.840+0000][50.531s][info ][gc,stringdedup] Concurrent String Deduplication 781.2K->268.6K(512.6K) avg 50.4% (50.526s, 50.531s) 5.352ms
[2023-11-11T17:19:04.219+0000][50.910s][debug][safepoint     ] Safepoint synchronization initiated. (66 threads)
[2023-11-11T17:19:04.219+0000][50.910s][info ][safepoint     ] Application time: 0.3847525 seconds
[2023-11-11T17:19:04.219+0000][50.910s][debug][safepoint     ] Waiting for 1 thread(s) to block
[2023-11-11T17:19:04.219+0000][50.910s][info ][safepoint     ] Entering safepoint region: Deoptimize
[2023-11-11T17:19:04.220+0000][50.912s][info ][safepoint     ] Leaving safepoint region
[2023-11-11T17:19:04.220+0000][50.912s][info ][safepoint     ] Total time for which application threads were stopped: 0.0016760 seconds, Stopping threads took: 0.0000676 seconds
[2023-11-11T17:19:04.221+0000][50.912s][debug][safepoint     ] Safepoint synchronization initiated. (66 threads)
[2023-11-11T17:19:04.221+0000][50.912s][info ][safepoint     ] Application time: 0.0001406 seconds
[2023-11-11T17:19:04.221+0000][50.912s][debug][safepoint     ] Waiting for 1 thread(s) to block
[2023-11-11T17:19:04.221+0000][50.912s][info ][safepoint     ] Entering safepoint region: Deoptimize
[2023-11-11T17:19:04.221+0000][50.913s][info ][safepoint     ] Leaving safepoint region
[2023-11-11T17:19:04.221+0000][50.913s][info ][safepoint     ] Total time for which application threads were stopped: 0.0006408 seconds, Stopping threads took: 0.0000512 seconds
[2023-11-11T17:19:04.222+0000][50.914s][debug][safepoint     ] Safepoint synchronization initiated. (66 threads)
[2023-11-11T17:19:04.222+0000][50.914s][info ][safepoint     ] Application time: 0.0009849 seconds
[2023-11-11T17:19:04.222+0000][50.914s][debug][safepoint     ] Waiting for 1 thread(s) to block
[2023-11-11T17:19:04.222+0000][50.914s][info ][safepoint     ] Entering safepoint region: Deoptimize
[2023-11-11T17:19:04.223+0000][50.914s][info ][safepoint     ] Leaving safepoint region
[2023-11-11T17:19:04.223+0000][50.914s][info ][safepoint     ] Total time for which application threads were stopped: 0.0007444 seconds, Stopping threads took: 0.0000744 seconds
[2023-11-11T17:19:04.252+0000][50.944s][debug][safepoint     ] Safepoint synchronization initiated. (66 threads)
[2023-11-11T17:19:04.252+0000][50.944s][info ][safepoint     ] Application time: 0.0294373 seconds
[2023-11-11T17:19:04.252+0000][50.944s][debug][safepoint     ] Waiting for 1 thread(s) to block
[2023-11-11T17:19:04.252+0000][50.944s][info ][safepoint     ] Entering safepoint region: Deoptimize
[2023-11-11T17:19:04.254+0000][50.946s][info ][safepoint     ] Leaving safepoint region
[2023-11-11T17:19:04.254+0000][50.946s][info ][safepoint     ] Total time for which application threads were stopped: 0.0017464 seconds, Stopping threads took: 0.0000641 seconds
[2023-11-11T17:19:04.472+0000][51.164s][debug][safepoint     ] Safepoint synchronization initiated. (66 threads)
[2023-11-11T17:19:04.472+0000][51.164s][info ][safepoint     ] Application time: 0.2181638 seconds
[2023-11-11T17:19:04.472+0000][51.164s][debug][safepoint     ] Waiting for 1 thread(s) to block
[2023-11-11T17:19:04.472+0000][51.164s][info ][safepoint     ] Entering safepoint region: Deoptimize
[2023-11-11T17:19:04.474+0000][51.165s][info ][safepoint     ] Leaving safepoint region
[2023-11-11T17:19:04.474+0000][51.166s][info ][safepoint     ] Total time for which application threads were stopped: 0.0017414 seconds, Stopping threads took: 0.0000857 seconds
[2023-11-11T17:19:05.199+0000][51.891s][debug][safepoint     ] Safepoint synchronization initiated. (66 threads)
[2023-11-11T17:19:05.199+0000][51.891s][info ][safepoint     ] Application time: 0.7250497 seconds
[2023-11-11T17:19:05.199+0000][51.891s][debug][safepoint     ] Waiting for 1 thread(s) to block
[2023-11-11T17:19:05.199+0000][51.891s][info ][safepoint     ] Entering safepoint region: G1CollectForAllocation
[2023-11-11T17:19:05.200+0000][51.891s][info ][gc,start      ] GC(37) Pause Young (Normal) (G1 Evacuation Pause)
[2023-11-11T17:19:05.200+0000][51.891s][info ][gc,task       ] GC(37) Using 6 workers of 6 for evacuation
[2023-11-11T17:19:05.234+0000][51.926s][info ][gc,phases     ] GC(37)   Pre Evacuate Collection Set: 0.0ms
[2023-11-11T17:19:05.234+0000][51.926s][info ][gc,phases     ] GC(37)   Evacuate Collection Set: 31.5ms
[2023-11-11T17:19:05.234+0000][51.926s][info ][gc,phases     ] GC(37)   Post Evacuate Collection Set: 2.8ms
[2023-11-11T17:19:05.234+0000][51.926s][info ][gc,phases     ] GC(37)   Other: 0.2ms
[2023-11-11T17:19:05.234+0000][51.926s][info ][gc,heap       ] GC(37) Eden regions: 308->0(318)
[2023-11-11T17:19:05.234+0000][51.926s][info ][gc,heap       ] GC(37) Survivor regions: 32->22(43)
[2023-11-11T17:19:05.234+0000][51.926s][info ][gc,heap       ] GC(37) Old regions: 79->92
[2023-11-11T17:19:05.234+0000][51.926s][info ][gc,heap       ] GC(37) Humongous regions: 0->0
[2023-11-11T17:19:05.234+0000][51.926s][info ][gc,metaspace  ] GC(37) Metaspace: 136667K(140476K)->136667K(140476K) NonClass: 120772K(123124K)->120772K(123124K) Class: 15894K(17352K)->15894K(17352K)
[2023-11-11T17:19:05.234+0000][51.926s][info ][gc            ] GC(37) Pause Young (Normal) (G1 Evacuation Pause) 416M->112M(568M) 34.821ms
[2023-11-11T17:19:05.234+0000][51.926s][info ][gc,cpu        ] GC(37) User=0.14s Sys=0.02s Real=0.03s
[2023-11-11T17:19:05.234+0000][51.926s][info ][safepoint     ] Leaving safepoint region
[2023-11-11T17:19:05.234+0000][51.926s][info ][safepoint     ] Total time for which application threads were stopped: 0.0352332 seconds, Stopping threads took: 0.0000656 seconds
[2023-11-11T17:19:05.234+0000][51.926s][info ][gc,stringdedup] Concurrent String Deduplication (51.926s)
[2023-11-11T17:19:05.237+0000][51.929s][info ][gc,stringdedup] Concurrent String Deduplication 398.0K->86496.0B(313.6K) avg 51.1% (51.926s, 51.929s) 2.990ms
[2023-11-11T17:19:05.332+0000][52.023s][debug][safepoint     ] Safepoint synchronization initiated. (66 threads)
[2023-11-11T17:19:05.332+0000][52.023s][info ][safepoint     ] Application time: 0.0975019 seconds
[2023-11-11T17:19:05.332+0000][52.023s][debug][safepoint     ] Waiting for 1 thread(s) to block
[2023-11-11T17:19:05.332+0000][52.023s][info ][safepoint     ] Entering safepoint region: Deoptimize
[2023-11-11T17:19:05.334+0000][52.025s][info ][safepoint     ] Leaving safepoint region
[2023-11-11T17:19:05.334+0000][52.025s][info ][safepoint     ] Total time for which application threads were stopped: 0.0017926 seconds, Stopping threads took: 0.0000631 seconds
[2023-11-11T17:19:05.680+0000][52.371s][debug][safepoint     ] Safepoint synchronization initiated. (66 threads)
[2023-11-11T17:19:05.680+0000][52.371s][info ][safepoint     ] Application time: 0.3459878 seconds
[2023-11-11T17:19:05.680+0000][52.371s][debug][safepoint     ] Waiting for 1 thread(s) to block
[2023-11-11T17:19:05.680+0000][52.371s][info ][safepoint     ] Entering safepoint region: Deoptimize
[2023-11-11T17:19:05.681+0000][52.373s][info ][safepoint     ] Leaving safepoint region
[2023-11-11T17:19:05.681+0000][52.373s][info ][safepoint     ] Total time for which application threads were stopped: 0.0016508 seconds, Stopping threads took: 0.0000630 seconds
[2023-11-11T17:19:05.742+0000][52.433s][debug][safepoint     ] Safepoint synchronization initiated. (66 threads)
[2023-11-11T17:19:05.742+0000][52.433s][info ][safepoint     ] Application time: 0.0603402 seconds
[2023-11-11T17:19:05.742+0000][52.433s][debug][safepoint     ] Waiting for 1 thread(s) to block
[2023-11-11T17:19:05.742+0000][52.433s][info ][safepoint     ] Entering safepoint region: Deoptimize
[2023-11-11T17:19:05.743+0000][52.435s][info ][safepoint     ] Leaving safepoint region
[2023-11-11T17:19:05.743+0000][52.435s][info ][safepoint     ] Total time for which application threads were stopped: 0.0016346 seconds, Stopping threads took: 0.0000644 seconds
[2023-11-11T17:19:06.577+0000][53.269s][debug][safepoint     ] Safepoint synchronization initiated. (73 threads)
[2023-11-11T17:19:06.578+0000][53.269s][info ][safepoint     ] Application time: 0.8340795 seconds
[2023-11-11T17:19:06.578+0000][53.269s][debug][safepoint     ] Waiting for 1 thread(s) to block
[2023-11-11T17:19:06.578+0000][53.269s][info ][safepoint     ] Entering safepoint region: G1CollectForAllocation
[2023-11-11T17:19:06.578+0000][53.269s][info ][gc,start      ] GC(38) Pause Young (Normal) (G1 Evacuation Pause)
[2023-11-11T17:19:06.578+0000][53.269s][info ][gc,task       ] GC(38) Using 6 workers of 6 for evacuation
[2023-11-11T17:19:06.606+0000][53.297s][info ][gc,phases     ] GC(38)   Pre Evacuate Collection Set: 0.0ms
[2023-11-11T17:19:06.606+0000][53.297s][info ][gc,phases     ] GC(38)   Evacuate Collection Set: 24.5ms
[2023-11-11T17:19:06.606+0000][53.297s][info ][gc,phases     ] GC(38)   Post Evacuate Collection Set: 3.0ms
[2023-11-11T17:19:06.606+0000][53.297s][info ][gc,phases     ] GC(38)   Other: 0.3ms
[2023-11-11T17:19:06.606+0000][53.297s][info ][gc,heap       ] GC(38) Eden regions: 318->0(313)
[2023-11-11T17:19:06.606+0000][53.297s][info ][gc,heap       ] GC(38) Survivor regions: 22->27(43)
[2023-11-11T17:19:06.606+0000][53.297s][info ][gc,heap       ] GC(38) Old regions: 92->92
[2023-11-11T17:19:06.606+0000][53.297s][info ][gc,heap       ] GC(38) Humongous regions: 0->0
[2023-11-11T17:19:06.606+0000][53.297s][info ][gc,metaspace  ] GC(38) Metaspace: 139745K(143804K)->139745K(143804K) NonClass: 123392K(125940K)->123392K(125940K) Class: 16353K(17864K)->16353K(17864K)
[2023-11-11T17:19:06.606+0000][53.297s][info ][gc            ] GC(38) Pause Young (Normal) (G1 Evacuation Pause) 430M->117M(568M) 27.969ms
[2023-11-11T17:19:06.606+0000][53.297s][info ][gc,cpu        ] GC(38) User=0.16s Sys=0.00s Real=0.03s
[2023-11-11T17:19:06.606+0000][53.297s][info ][safepoint     ] Leaving safepoint region
[2023-11-11T17:19:06.606+0000][53.297s][info ][safepoint     ] Total time for which application threads were stopped: 0.0284302 seconds, Stopping threads took: 0.0000679 seconds
[2023-11-11T17:19:06.613+0000][53.304s][info ][gc,stringdedup] Concurrent String Deduplication (53.304s)
[2023-11-11T17:19:06.617+0000][53.309s][info ][gc,stringdedup] Concurrent String Deduplication 670.1K->194.7K(475.4K) avg 52.0% (53.304s, 53.309s) 4.672ms
[2023-11-11T17:19:06.644+0000][53.335s][debug][safepoint     ] Safepoint synchronization initiated. (73 threads)
[2023-11-11T17:19:06.644+0000][53.335s][info ][safepoint     ] Application time: 0.0375758 seconds
[2023-11-11T17:19:06.644+0000][53.335s][debug][safepoint     ] Waiting for 1 thread(s) to block
[2023-11-11T17:19:06.644+0000][53.335s][info ][safepoint     ] Entering safepoint region: Deoptimize
[2023-11-11T17:19:06.645+0000][53.337s][info ][safepoint     ] Leaving safepoint region
[2023-11-11T17:19:06.645+0000][53.337s][info ][safepoint     ] Total time for which application threads were stopped: 0.0016422 seconds, Stopping threads took: 0.0000688 seconds
[2023-11-11T17:19:07.116+0000][53.807s][debug][safepoint     ] Safepoint synchronization initiated. (85 threads)
[2023-11-11T17:19:07.116+0000][53.807s][info ][safepoint     ] Application time: 0.4704409 seconds
[2023-11-11T17:19:07.120+0000][53.812s][debug][safepoint     ] ... found polling page return exception at pc = 0x00007f28ec2ffdd9, stub =0x00007f28e4841800
[2023-11-11T17:19:07.121+0000][53.813s][debug][safepoint     ] Waiting for 2 thread(s) to block
[2023-11-11T17:19:07.121+0000][53.813s][info ][safepoint     ] Entering safepoint region: Deoptimize
[2023-11-11T17:19:07.123+0000][53.815s][info ][safepoint     ] Leaving safepoint region
[2023-11-11T17:19:07.123+0000][53.815s][info ][safepoint     ] Total time for which application threads were stopped: 0.0076325 seconds, Stopping threads took: 0.0057546 seconds
[2023-11-11T17:19:07.674+0000][54.365s][debug][safepoint     ] Safepoint synchronization initiated. (85 threads)
[2023-11-11T17:19:07.674+0000][54.365s][info ][safepoint     ] Application time: 0.5505448 seconds
[2023-11-11T17:19:07.674+0000][54.365s][debug][safepoint     ] ... found polling page return exception at pc = 0x00007f28e6c93f4d, stub =0x00007f28e4841800
[2023-11-11T17:19:07.674+0000][54.365s][debug][safepoint     ] ... found polling page return exception at pc = 0x00007f28e6c9d635, stub =0x00007f28e4841800
[2023-11-11T17:19:07.674+0000][54.365s][debug][safepoint     ] Waiting for 3 thread(s) to block
[2023-11-11T17:19:07.676+0000][54.367s][info ][safepoint     ] Entering safepoint region: ICBufferFull
[2023-11-11T17:19:07.676+0000][54.367s][info ][safepoint     ] Leaving safepoint region
[2023-11-11T17:19:07.676+0000][54.367s][info ][safepoint     ] Total time for which application threads were stopped: 0.0020623 seconds, Stopping threads took: 0.0017804 seconds
[2023-11-11T17:19:07.963+0000][54.655s][debug][safepoint     ] Safepoint synchronization initiated. (85 threads)
[2023-11-11T17:19:07.963+0000][54.655s][info ][safepoint     ] Application time: 0.2872075 seconds
[2023-11-11T17:19:07.971+0000][54.662s][debug][safepoint     ] ... found polling page return exception at pc = 0x00007f28ec495534, stub =0x00007f28e4841800
[2023-11-11T17:19:07.972+0000][54.663s][debug][safepoint     ] Waiting for 2 thread(s) to block
[2023-11-11T17:19:07.972+0000][54.663s][info ][safepoint     ] Entering safepoint region: ICBufferFull
[2023-11-11T17:19:07.972+0000][54.664s][info ][safepoint     ] Leaving safepoint region
[2023-11-11T17:19:07.972+0000][54.664s][info ][safepoint     ] Total time for which application threads were stopped: 0.0092461 seconds, Stopping threads took: 0.0087160 seconds
[2023-11-11T17:19:08.488+0000][55.179s][debug][safepoint     ] Safepoint synchronization initiated. (85 threads)
[2023-11-11T17:19:08.488+0000][55.179s][info ][safepoint     ] Application time: 0.5152709 seconds
[2023-11-11T17:19:08.488+0000][55.179s][debug][safepoint     ] ... found polling page return exception at pc = 0x00007f28ec52e69d, stub =0x00007f28e4841800
[2023-11-11T17:19:08.488+0000][55.179s][debug][safepoint     ] Waiting for 1 thread(s) to block
[2023-11-11T17:19:08.488+0000][55.180s][info ][safepoint     ] Entering safepoint region: ICBufferFull
[2023-11-11T17:19:08.488+0000][55.180s][info ][safepoint     ] Leaving safepoint region
[2023-11-11T17:19:08.488+0000][55.180s][info ][safepoint     ] Total time for which application threads were stopped: 0.0007080 seconds, Stopping threads took: 0.0004044 seconds
[2023-11-11T17:19:08.838+0000][55.529s][debug][safepoint     ] Safepoint synchronization initiated. (85 threads)
[2023-11-11T17:19:08.838+0000][55.529s][info ][safepoint     ] Application time: 0.3492874 seconds
[2023-11-11T17:19:08.838+0000][55.529s][debug][safepoint     ] ... found polling page return exception at pc = 0x00007f28ecec370c, stub =0x00007f28e4841800
[2023-11-11T17:19:08.838+0000][55.529s][debug][safepoint     ] Waiting for 1 thread(s) to block
[2023-11-11T17:19:08.843+0000][55.535s][info ][safepoint     ] Entering safepoint region: G1CollectForAllocation
[2023-11-11T17:19:08.844+0000][55.535s][info ][gc,start      ] GC(39) Pause Young (Normal) (G1 Evacuation Pause)
[2023-11-11T17:19:08.844+0000][55.535s][info ][gc,task       ] GC(39) Using 6 workers of 6 for evacuation
[2023-11-11T17:19:08.891+0000][55.582s][info ][gc,phases     ] GC(39)   Pre Evacuate Collection Set: 0.0ms
[2023-11-11T17:19:08.891+0000][55.582s][info ][gc,phases     ] GC(39)   Evacuate Collection Set: 42.8ms
[2023-11-11T17:19:08.891+0000][55.582s][info ][gc,phases     ] GC(39)   Post Evacuate Collection Set: 4.1ms
[2023-11-11T17:19:08.891+0000][55.582s][info ][gc,phases     ] GC(39)   Other: 0.3ms
[2023-11-11T17:19:08.891+0000][55.582s][info ][gc,heap       ] GC(39) Eden regions: 313->0(310)
[2023-11-11T17:19:08.891+0000][55.582s][info ][gc,heap       ] GC(39) Survivor regions: 27->30(43)
[2023-11-11T17:19:08.891+0000][55.582s][info ][gc,heap       ] GC(39) Old regions: 92->99
[2023-11-11T17:19:08.891+0000][55.582s][info ][gc,heap       ] GC(39) Humongous regions: 14->6
[2023-11-11T17:19:08.891+0000][55.582s][info ][gc,metaspace  ] GC(39) Metaspace: 144324K(148668K)->144324K(148668K) NonClass: 127428K(130036K)->127428K(130036K) Class: 16896K(18632K)->16896K(18632K)
[2023-11-11T17:19:08.891+0000][55.583s][info ][gc            ] GC(39) Pause Young (Normal) (G1 Evacuation Pause) 444M->132M(568M) 47.500ms
[2023-11-11T17:19:08.891+0000][55.583s][info ][gc,cpu        ] GC(39) User=0.17s Sys=0.00s Real=0.05s
[2023-11-11T17:19:08.891+0000][55.583s][info ][safepoint     ] Leaving safepoint region
[2023-11-11T17:19:08.891+0000][55.583s][info ][safepoint     ] Total time for which application threads were stopped: 0.0533579 seconds, Stopping threads took: 0.0055255 seconds
[2023-11-11T17:19:08.894+0000][55.585s][info ][gc,stringdedup] Concurrent String Deduplication (55.585s)
[2023-11-11T17:19:08.897+0000][55.589s][info ][gc,stringdedup] Concurrent String Deduplication 457.5K->241.1K(216.4K) avg 51.8% (55.585s, 55.589s) 3.723ms
[2023-11-11T17:19:09.410+0000][56.101s][debug][safepoint     ] Safepoint synchronization initiated. (85 threads)
[2023-11-11T17:19:09.410+0000][56.101s][info ][safepoint     ] Application time: 0.5186698 seconds
[2023-11-11T17:19:09.410+0000][56.101s][debug][safepoint     ] Waiting for 1 thread(s) to block
[2023-11-11T17:19:09.418+0000][56.110s][info ][safepoint     ] Entering safepoint region: ICBufferFull
[2023-11-11T17:19:09.419+0000][56.110s][info ][safepoint     ] Leaving safepoint region
[2023-11-11T17:19:09.419+0000][56.110s][info ][safepoint     ] Total time for which application threads were stopped: 0.0089295 seconds, Stopping threads took: 0.0085874 seconds
[2023-11-11T17:19:09.833+0000][56.524s][debug][safepoint     ] Safepoint synchronization initiated. (85 threads)
[2023-11-11T17:19:09.833+0000][56.525s][info ][safepoint     ] Application time: 0.4143185 seconds
[2023-11-11T17:19:09.833+0000][56.525s][debug][safepoint     ] ... found polling page return exception at pc = 0x00007f28ecf5f187, stub =0x00007f28e4841800
[2023-11-11T17:19:09.833+0000][56.525s][debug][safepoint     ] Waiting for 1 thread(s) to block
[2023-11-11T17:19:09.833+0000][56.525s][info ][safepoint     ] Entering safepoint region: Deoptimize
[2023-11-11T17:19:09.835+0000][56.527s][info ][safepoint     ] Leaving safepoint region
[2023-11-11T17:19:09.835+0000][56.527s][info ][safepoint     ] Total time for which application threads were stopped: 0.0022214 seconds, Stopping threads took: 0.0001776 seconds
[2023-11-11T17:19:10.305+0000][56.996s][debug][safepoint     ] Safepoint synchronization initiated. (85 threads)
[2023-11-11T17:19:10.305+0000][56.996s][info ][safepoint     ] Application time: 0.4695515 seconds
[2023-11-11T17:19:10.305+0000][56.996s][debug][safepoint     ] ... found polling page return exception at pc = 0x00007f28ec884bc6, stub =0x00007f28e4841800
[2023-11-11T17:19:10.305+0000][56.996s][debug][safepoint     ] Waiting for 1 thread(s) to block
[2023-11-11T17:19:10.305+0000][56.996s][info ][safepoint     ] Entering safepoint region: ICBufferFull
[2023-11-11T17:19:10.305+0000][56.997s][info ][safepoint     ] Leaving safepoint region
[2023-11-11T17:19:10.305+0000][56.997s][info ][safepoint     ] Total time for which application threads were stopped: 0.0004336 seconds, Stopping threads took: 0.0001362 seconds
[2023-11-11T17:19:10.579+0000][57.271s][debug][safepoint     ] Safepoint synchronization initiated. (85 threads)
[2023-11-11T17:19:10.579+0000][57.271s][info ][safepoint     ] Application time: 0.2738015 seconds
[2023-11-11T17:19:10.579+0000][57.271s][info ][safepoint     ] Entering safepoint region: ICBufferFull
[2023-11-11T17:19:10.580+0000][57.271s][info ][safepoint     ] Leaving safepoint region
[2023-11-11T17:19:10.580+0000][57.271s][info ][safepoint     ] Total time for which application threads were stopped: 0.0003631 seconds, Stopping threads took: 0.0000416 seconds
[2023-11-11T17:19:10.784+0000][57.475s][debug][safepoint     ] Safepoint synchronization initiated. (85 threads)
[2023-11-11T17:19:10.784+0000][57.475s][info ][safepoint     ] Application time: 0.2040189 seconds
[2023-11-11T17:19:10.784+0000][57.475s][debug][safepoint     ] Waiting for 1 thread(s) to block
[2023-11-11T17:19:10.784+0000][57.475s][info ][safepoint     ] Entering safepoint region: G1CollectForAllocation
[2023-11-11T17:19:10.784+0000][57.475s][info ][gc,start      ] GC(40) Pause Young (Normal) (G1 Evacuation Pause)
[2023-11-11T17:19:10.784+0000][57.475s][info ][gc,task       ] GC(40) Using 6 workers of 6 for evacuation
[2023-11-11T17:19:10.822+0000][57.514s][info ][gc,phases     ] GC(40)   Pre Evacuate Collection Set: 0.0ms
[2023-11-11T17:19:10.822+0000][57.514s][info ][gc,phases     ] GC(40)   Evacuate Collection Set: 30.5ms
[2023-11-11T17:19:10.822+0000][57.514s][info ][gc,phases     ] GC(40)   Post Evacuate Collection Set: 7.5ms
[2023-11-11T17:19:10.822+0000][57.514s][info ][gc,phases     ] GC(40)   Other: 0.3ms
[2023-11-11T17:19:10.822+0000][57.514s][info ][gc,heap       ] GC(40) Eden regions: 310->0(382)
[2023-11-11T17:19:10.822+0000][57.514s][info ][gc,heap       ] GC(40) Survivor regions: 30->27(43)
[2023-11-11T17:19:10.822+0000][57.514s][info ][gc,heap       ] GC(40) Old regions: 99->108
[2023-11-11T17:19:10.822+0000][57.514s][info ][gc,heap       ] GC(40) Humongous regions: 6->0
[2023-11-11T17:19:10.822+0000][57.514s][info ][gc,metaspace  ] GC(40) Metaspace: 145599K(150076K)->145599K(150076K) NonClass: 128592K(131316K)->128592K(131316K) Class: 17006K(18760K)->17006K(18760K)
[2023-11-11T17:19:10.822+0000][57.514s][info ][gc            ] GC(40) Pause Young (Normal) (G1 Evacuation Pause) 442M->132M(682M) 38.553ms
[2023-11-11T17:19:10.823+0000][57.514s][info ][gc,cpu        ] GC(40) User=0.14s Sys=0.00s Real=0.04s
[2023-11-11T17:19:10.823+0000][57.514s][info ][safepoint     ] Leaving safepoint region
[2023-11-11T17:19:10.823+0000][57.514s][info ][safepoint     ] Total time for which application threads were stopped: 0.0389112 seconds, Stopping threads took: 0.0001004 seconds
[2023-11-11T17:19:10.823+0000][57.514s][info ][gc,stringdedup] Concurrent String Deduplication (57.514s)
[2023-11-11T17:19:10.825+0000][57.516s][info ][gc,stringdedup] Concurrent String Deduplication 308.7K->129.2K(179.5K) avg 52.0% (57.514s, 57.516s) 2.161ms
[2023-11-11T17:19:11.823+0000][58.514s][debug][safepoint     ] Safepoint synchronization initiated. (86 threads)
[2023-11-11T17:19:11.823+0000][58.514s][info ][safepoint     ] Application time: 1.0001777 seconds
[2023-11-11T17:19:11.823+0000][58.514s][debug][safepoint     ] ... found polling page return exception at pc = 0x00007f28ec7ecf68, stub =0x00007f28e4841800
[2023-11-11T17:19:11.823+0000][58.514s][debug][safepoint     ] Waiting for 1 thread(s) to block
[2023-11-11T17:19:11.823+0000][58.514s][info ][safepoint     ] Entering safepoint region: Cleanup
[2023-11-11T17:19:11.823+0000][58.515s][info ][safepoint     ] Leaving safepoint region
[2023-11-11T17:19:11.823+0000][58.515s][info ][safepoint     ] Total time for which application threads were stopped: 0.0004572 seconds, Stopping threads took: 0.0001362 seconds
[2023-11-11T17:19:12.257+0000][58.949s][debug][safepoint     ] Safepoint synchronization initiated. (86 threads)
[2023-11-11T17:19:12.258+0000][58.949s][info ][safepoint     ] Application time: 0.4342858 seconds
[2023-11-11T17:19:12.258+0000][58.949s][info ][safepoint     ] Entering safepoint region: G1CollectForAllocation
[2023-11-11T17:19:12.258+0000][58.949s][info ][gc,start      ] GC(41) Pause Young (Normal) (G1 Evacuation Pause)
[2023-11-11T17:19:12.258+0000][58.949s][info ][gc,task       ] GC(41) Using 6 workers of 6 for evacuation
[2023-11-11T17:19:12.290+0000][58.981s][info ][gc,phases     ] GC(41)   Pre Evacuate Collection Set: 0.0ms
[2023-11-11T17:19:12.290+0000][58.982s][info ][gc,phases     ] GC(41)   Evacuate Collection Set: 28.8ms
[2023-11-11T17:19:12.290+0000][58.982s][info ][gc,phases     ] GC(41)   Post Evacuate Collection Set: 3.1ms
[2023-11-11T17:19:12.290+0000][58.982s][info ][gc,phases     ] GC(41)   Other: 0.4ms
[2023-11-11T17:19:12.290+0000][58.982s][info ][gc,heap       ] GC(41) Eden regions: 382->0(378)
[2023-11-11T17:19:12.290+0000][58.982s][info ][gc,heap       ] GC(41) Survivor regions: 27->31(52)
[2023-11-11T17:19:12.290+0000][58.982s][info ][gc,heap       ] GC(41) Old regions: 108->108
[2023-11-11T17:19:12.290+0000][58.982s][info ][gc,heap       ] GC(41) Humongous regions: 0->0
[2023-11-11T17:19:12.290+0000][58.982s][info ][gc,metaspace  ] GC(41) Metaspace: 146000K(150332K)->146000K(150332K) NonClass: 128965K(131572K)->128965K(131572K) Class: 17035K(18760K)->17035K(18760K)
[2023-11-11T17:19:12.290+0000][58.982s][info ][gc            ] GC(41) Pause Young (Normal) (G1 Evacuation Pause) 514M->136M(682M) 32.435ms
[2023-11-11T17:19:12.290+0000][58.982s][info ][gc,cpu        ] GC(41) User=0.19s Sys=0.00s Real=0.04s
[2023-11-11T17:19:12.290+0000][58.982s][info ][safepoint     ] Leaving safepoint region
[2023-11-11T17:19:12.290+0000][58.982s][info ][safepoint     ] Total time for which application threads were stopped: 0.0328373 seconds, Stopping threads took: 0.0000421 seconds
[2023-11-11T17:19:12.291+0000][58.982s][info ][gc,stringdedup] Concurrent String Deduplication (58.982s)
[2023-11-11T17:19:12.297+0000][58.989s][info ][gc,stringdedup] Concurrent String Deduplication 921.5K->270.1K(651.4K) avg 53.0% (58.982s, 58.989s) 6.573ms
[2023-11-11T17:19:13.290+0000][59.982s][debug][safepoint     ] Safepoint synchronization initiated. (86 threads)
[2023-11-11T17:19:13.291+0000][59.982s][info ][safepoint     ] Application time: 1.0001895 seconds
[2023-11-11T17:19:13.291+0000][59.982s][debug][safepoint     ] ... found polling page return exception at pc = 0x00007f28ecce9dca, stub =0x00007f28e4841800
[2023-11-11T17:19:13.291+0000][59.982s][debug][safepoint     ] Waiting for 2 thread(s) to block
[2023-11-11T17:19:13.291+0000][59.982s][info ][safepoint     ] Entering safepoint region: Cleanup
[2023-11-11T17:19:13.291+0000][59.982s][info ][safepoint     ] Leaving safepoint region
[2023-11-11T17:19:13.291+0000][59.982s][info ][safepoint     ] Total time for which application threads were stopped: 0.0004356 seconds, Stopping threads took: 0.0001252 seconds
[2023-11-11T17:19:13.422+0000][60.113s][debug][safepoint     ] Safepoint synchronization initiated. (86 threads)
[2023-11-11T17:19:13.422+0000][60.113s][info ][safepoint     ] Application time: 0.1307139 seconds
[2023-11-11T17:19:13.422+0000][60.113s][info ][safepoint     ] Entering safepoint region: G1CollectForAllocation
[2023-11-11T17:19:13.422+0000][60.113s][info ][gc,start      ] GC(42) Pause Young (Normal) (G1 Evacuation Pause)
[2023-11-11T17:19:13.422+0000][60.114s][info ][gc,task       ] GC(42) Using 6 workers of 6 for evacuation
[2023-11-11T17:19:13.460+0000][60.152s][info ][gc,phases     ] GC(42)   Pre Evacuate Collection Set: 0.0ms
[2023-11-11T17:19:13.460+0000][60.152s][info ][gc,phases     ] GC(42)   Evacuate Collection Set: 34.8ms
[2023-11-11T17:19:13.460+0000][60.152s][info ][gc,phases     ] GC(42)   Post Evacuate Collection Set: 3.1ms
[2023-11-11T17:19:13.460+0000][60.152s][info ][gc,phases     ] GC(42)   Other: 0.3ms
[2023-11-11T17:19:13.460+0000][60.152s][info ][gc,heap       ] GC(42) Eden regions: 378->0(379)
[2023-11-11T17:19:13.460+0000][60.152s][info ][gc,heap       ] GC(42) Survivor regions: 31->30(52)
[2023-11-11T17:19:13.460+0000][60.152s][info ][gc,heap       ] GC(42) Old regions: 108->112
[2023-11-11T17:19:13.460+0000][60.152s][info ][gc,heap       ] GC(42) Humongous regions: 0->0
[2023-11-11T17:19:13.460+0000][60.152s][info ][gc,metaspace  ] GC(42) Metaspace: 146289K(150588K)->146289K(150588K) NonClass: 129218K(131828K)->129218K(131828K) Class: 17070K(18760K)->17070K(18760K)
[2023-11-11T17:19:13.461+0000][60.152s][info ][gc            ] GC(42) Pause Young (Normal) (G1 Evacuation Pause) 514M->140M(682M) 38.452ms
[2023-11-11T17:19:13.461+0000][60.152s][info ][gc,cpu        ] GC(42) User=0.17s Sys=0.01s Real=0.04s
[2023-11-11T17:19:13.461+0000][60.152s][info ][safepoint     ] Leaving safepoint region
[2023-11-11T17:19:13.461+0000][60.152s][info ][safepoint     ] Total time for which application threads were stopped: 0.0388274 seconds, Stopping threads took: 0.0000393 seconds
[2023-11-11T17:19:13.461+0000][60.152s][info ][gc,stringdedup] Concurrent String Deduplication (60.152s)
[2023-11-11T17:19:13.465+0000][60.156s][info ][gc,stringdedup] Concurrent String Deduplication 647.4K->229.2K(418.2K) avg 53.4% (60.152s, 60.156s) 3.894ms
[2023-11-11T17:19:14.326+0000][61.017s][debug][safepoint     ] Safepoint synchronization initiated. (86 threads)
[2023-11-11T17:19:14.326+0000][61.017s][info ][safepoint     ] Application time: 0.8654516 seconds
[2023-11-11T17:19:14.326+0000][61.018s][info ][safepoint     ] Entering safepoint region: ICBufferFull
[2023-11-11T17:19:14.326+0000][61.018s][info ][safepoint     ] Leaving safepoint region
[2023-11-11T17:19:14.326+0000][61.018s][info ][safepoint     ] Total time for which application threads were stopped: 0.0003192 seconds, Stopping threads took: 0.0000396 seconds
[2023-11-11T17:19:14.399+0000][61.090s][debug][safepoint     ] Safepoint synchronization initiated. (86 threads)
[2023-11-11T17:19:14.399+0000][61.090s][info ][safepoint     ] Application time: 0.0724720 seconds
[2023-11-11T17:19:14.399+0000][61.090s][info ][safepoint     ] Entering safepoint region: G1CollectForAllocation
[2023-11-11T17:19:14.399+0000][61.091s][info ][gc,start      ] GC(43) Pause Young (Normal) (G1 Evacuation Pause)
[2023-11-11T17:19:14.399+0000][61.091s][info ][gc,task       ] GC(43) Using 6 workers of 6 for evacuation
[2023-11-11T17:19:14.425+0000][61.117s][info ][gc,phases     ] GC(43)   Pre Evacuate Collection Set: 0.0ms
[2023-11-11T17:19:14.425+0000][61.117s][info ][gc,phases     ] GC(43)   Evacuate Collection Set: 22.8ms
[2023-11-11T17:19:14.425+0000][61.117s][info ][gc,phases     ] GC(43)   Post Evacuate Collection Set: 3.1ms
[2023-11-11T17:19:14.425+0000][61.117s][info ][gc,phases     ] GC(43)   Other: 0.3ms
[2023-11-11T17:19:14.425+0000][61.117s][info ][gc,heap       ] GC(43) Eden regions: 379->0(380)
[2023-11-11T17:19:14.425+0000][61.117s][info ][gc,heap       ] GC(43) Survivor regions: 30->29(52)
[2023-11-11T17:19:14.425+0000][61.117s][info ][gc,heap       ] GC(43) Old regions: 112->117
[2023-11-11T17:19:14.425+0000][61.117s][info ][gc,heap       ] GC(43) Humongous regions: 0->0
[2023-11-11T17:19:14.426+0000][61.117s][info ][gc,metaspace  ] GC(43) Metaspace: 146428K(150972K)->146428K(150972K) NonClass: 129345K(132084K)->129345K(132084K) Class: 17082K(18888K)->17082K(18888K)
[2023-11-11T17:19:14.426+0000][61.117s][info ][gc            ] GC(43) Pause Young (Normal) (G1 Evacuation Pause) 519M->143M(682M) 26.399ms
[2023-11-11T17:19:14.426+0000][61.117s][info ][gc,cpu        ] GC(43) User=0.13s Sys=0.00s Real=0.02s
[2023-11-11T17:19:14.426+0000][61.117s][info ][safepoint     ] Leaving safepoint region
[2023-11-11T17:19:14.426+0000][61.117s][info ][safepoint     ] Total time for which application threads were stopped: 0.0267208 seconds, Stopping threads took: 0.0000380 seconds
[2023-11-11T17:19:14.426+0000][61.117s][info ][gc,stringdedup] Concurrent String Deduplication (61.117s)
[2023-11-11T17:19:14.429+0000][61.120s][info ][gc,stringdedup] Concurrent String Deduplication 537.5K->176.9K(360.5K) avg 53.8% (61.117s, 61.120s) 3.247ms
[2023-11-11T17:19:14.940+0000][61.631s][debug][safepoint     ] Safepoint synchronization initiated. (92 threads)
[2023-11-11T17:19:14.940+0000][61.631s][info ][safepoint     ] Application time: 0.5140340 seconds
[2023-11-11T17:19:14.940+0000][61.631s][info ][safepoint     ] Entering safepoint region: Deoptimize
[2023-11-11T17:19:14.942+0000][61.633s][info ][safepoint     ] Leaving safepoint region
[2023-11-11T17:19:14.942+0000][61.633s][info ][safepoint     ] Total time for which application threads were stopped: 0.0019863 seconds, Stopping threads took: 0.0000393 seconds
[2023-11-11T17:19:15.136+0000][61.827s][debug][safepoint     ] Safepoint synchronization initiated. (103 threads)
[2023-11-11T17:19:15.136+0000][61.827s][info ][safepoint     ] Application time: 0.1939361 seconds
[2023-11-11T17:19:15.136+0000][61.827s][debug][safepoint     ] Waiting for 1 thread(s) to block
[2023-11-11T17:19:15.136+0000][61.827s][info ][safepoint     ] Entering safepoint region: Deoptimize
[2023-11-11T17:19:15.138+0000][61.829s][info ][safepoint     ] Leaving safepoint region
[2023-11-11T17:19:15.138+0000][61.829s][info ][safepoint     ] Total time for which application threads were stopped: 0.0021089 seconds, Stopping threads took: 0.0001193 seconds
[2023-11-11T17:19:15.642+0000][62.333s][debug][safepoint     ] Safepoint synchronization initiated. (133 threads)
[2023-11-11T17:19:15.642+0000][62.334s][info ][safepoint     ] Application time: 0.5043521 seconds
[2023-11-11T17:19:15.642+0000][62.334s][debug][safepoint     ] ... found polling page return exception at pc = 0x00007f28ec481870, stub =0x00007f28e4841800
[2023-11-11T17:19:15.642+0000][62.334s][debug][safepoint     ] Waiting for 2 thread(s) to block
[2023-11-11T17:19:15.643+0000][62.334s][info ][safepoint     ] Entering safepoint region: Deoptimize
[2023-11-11T17:19:15.645+0000][62.336s][info ][safepoint     ] Leaving safepoint region
[2023-11-11T17:19:15.645+0000][62.336s][info ][safepoint     ] Total time for which application threads were stopped: 0.0029254 seconds, Stopping threads took: 0.0008567 seconds
[2023-11-11T17:19:15.741+0000][62.433s][debug][safepoint     ] Safepoint synchronization initiated. (143 threads)
[2023-11-11T17:19:15.741+0000][62.433s][info ][safepoint     ] Application time: 0.0962519 seconds
[2023-11-11T17:19:15.741+0000][62.433s][info ][safepoint     ] Entering safepoint region: Deoptimize
[2023-11-11T17:19:15.743+0000][62.435s][info ][safepoint     ] Leaving safepoint region
[2023-11-11T17:19:15.743+0000][62.435s][info ][safepoint     ] Total time for which application threads were stopped: 0.0020937 seconds, Stopping threads took: 0.0000535 seconds
[2023-11-11T17:19:16.744+0000][63.435s][debug][safepoint     ] Safepoint synchronization initiated. (172 threads)
[2023-11-11T17:19:16.744+0000][63.435s][info ][safepoint     ] Application time: 1.0002721 seconds
[2023-11-11T17:19:16.744+0000][63.435s][info ][safepoint     ] Entering safepoint region: Cleanup
[2023-11-11T17:19:16.744+0000][63.436s][info ][safepoint     ] Leaving safepoint region
[2023-11-11T17:19:16.744+0000][63.436s][info ][safepoint     ] Total time for which application threads were stopped: 0.0005537 seconds, Stopping threads took: 0.0001009 seconds
[2023-11-11T17:19:17.745+0000][64.436s][debug][safepoint     ] Safepoint synchronization initiated. (173 threads)
[2023-11-11T17:19:17.745+0000][64.436s][info ][safepoint     ] Application time: 1.0003487 seconds
[2023-11-11T17:19:17.745+0000][64.436s][info ][safepoint     ] Entering safepoint region: Cleanup
[2023-11-11T17:19:17.745+0000][64.437s][info ][safepoint     ] Leaving safepoint region
[2023-11-11T17:19:17.745+0000][64.437s][info ][safepoint     ] Total time for which application threads were stopped: 0.0005101 seconds, Stopping threads took: 0.0001003 seconds
[2023-11-11T17:19:21.746+0000][68.437s][debug][safepoint     ] Safepoint synchronization initiated. (173 threads)
[2023-11-11T17:19:21.746+0000][68.437s][info ][safepoint     ] Application time: 4.0006441 seconds
[2023-11-11T17:19:21.746+0000][68.438s][info ][safepoint     ] Entering safepoint region: Cleanup
[2023-11-11T17:19:21.747+0000][68.438s][info ][safepoint     ] Leaving safepoint region
[2023-11-11T17:19:21.747+0000][68.438s][info ][safepoint     ] Total time for which application threads were stopped: 0.0005655 seconds, Stopping threads took: 0.0000978 seconds
[2023-11-11T17:19:22.747+0000][69.438s][debug][safepoint     ] Safepoint synchronization initiated. (173 threads)
[2023-11-11T17:19:22.747+0000][69.438s][info ][safepoint     ] Application time: 1.0002721 seconds
[2023-11-11T17:19:22.747+0000][69.438s][info ][safepoint     ] Entering safepoint region: Cleanup
[2023-11-11T17:19:22.747+0000][69.439s][info ][safepoint     ] Leaving safepoint region
[2023-11-11T17:19:22.747+0000][69.439s][info ][safepoint     ] Total time for which application threads were stopped: 0.0004848 seconds, Stopping threads took: 0.0000977 seconds
[2023-11-11T17:19:23.748+0000][70.439s][debug][safepoint     ] Safepoint synchronization initiated. (173 threads)
[2023-11-11T17:19:23.748+0000][70.439s][info ][safepoint     ] Application time: 1.0002988 seconds
[2023-11-11T17:19:23.748+0000][70.439s][info ][safepoint     ] Entering safepoint region: Cleanup
[2023-11-11T17:19:23.748+0000][70.440s][info ][safepoint     ] Leaving safepoint region
[2023-11-11T17:19:23.748+0000][70.440s][info ][safepoint     ] Total time for which application threads were stopped: 0.0005481 seconds, Stopping threads took: 0.0001038 seconds
[2023-11-11T17:19:24.749+0000][71.440s][debug][safepoint     ] Safepoint synchronization initiated. (173 threads)
[2023-11-11T17:19:24.749+0000][71.440s][info ][safepoint     ] Application time: 1.0002768 seconds
[2023-11-11T17:19:24.749+0000][71.440s][info ][safepoint     ] Entering safepoint region: Cleanup
[2023-11-11T17:19:24.749+0000][71.441s][info ][safepoint     ] Leaving safepoint region
[2023-11-11T17:19:24.749+0000][71.441s][info ][safepoint     ] Total time for which application threads were stopped: 0.0004624 seconds, Stopping threads took: 0.0000940 seconds
[2023-11-11T17:19:26.750+0000][73.441s][debug][safepoint     ] Safepoint synchronization initiated. (173 threads)
[2023-11-11T17:19:26.750+0000][73.441s][info ][safepoint     ] Application time: 2.0005240 seconds
[2023-11-11T17:19:26.750+0000][73.441s][info ][safepoint     ] Entering safepoint region: Cleanup
[2023-11-11T17:19:26.750+0000][73.442s][info ][safepoint     ] Leaving safepoint region
[2023-11-11T17:19:26.750+0000][73.442s][info ][safepoint     ] Total time for which application threads were stopped: 0.0007038 seconds, Stopping threads took: 0.0002600 seconds
[2023-11-11T17:19:29.751+0000][76.442s][debug][safepoint     ] Safepoint synchronization initiated. (173 threads)
[2023-11-11T17:19:29.751+0000][76.443s][info ][safepoint     ] Application time: 3.0006200 seconds
[2023-11-11T17:19:29.751+0000][76.443s][info ][safepoint     ] Entering safepoint region: Cleanup
[2023-11-11T17:19:29.752+0000][76.443s][info ][safepoint     ] Leaving safepoint region
[2023-11-11T17:19:29.752+0000][76.444s][info ][safepoint     ] Total time for which application threads were stopped: 0.0010588 seconds, Stopping threads took: 0.0001047 seconds
[2023-11-11T17:19:31.753+0000][78.444s][debug][safepoint     ] Safepoint synchronization initiated. (174 threads)
[2023-11-11T17:19:31.753+0000][78.444s][info ][safepoint     ] Application time: 2.0004204 seconds
[2023-11-11T17:19:31.753+0000][78.444s][info ][safepoint     ] Entering safepoint region: Cleanup
[2023-11-11T17:19:31.753+0000][78.445s][info ][safepoint     ] Leaving safepoint region
[2023-11-11T17:19:31.753+0000][78.445s][info ][safepoint     ] Total time for which application threads were stopped: 0.0004807 seconds, Stopping threads took: 0.0000928 seconds
[2023-11-11T17:19:32.753+0000][79.445s][debug][safepoint     ] Safepoint synchronization initiated. (174 threads)
[2023-11-11T17:19:32.754+0000][79.445s][info ][safepoint     ] Application time: 1.0002860 seconds
[2023-11-11T17:19:32.754+0000][79.445s][info ][safepoint     ] Entering safepoint region: Cleanup
[2023-11-11T17:19:32.754+0000][79.445s][info ][safepoint     ] Leaving safepoint region
[2023-11-11T17:19:32.754+0000][79.445s][info ][safepoint     ] Total time for which application threads were stopped: 0.0004802 seconds, Stopping threads took: 0.0000961 seconds
[2023-11-11T17:19:33.754+0000][80.446s][debug][safepoint     ] Safepoint synchronization initiated. (173 threads)
[2023-11-11T17:19:33.754+0000][80.446s][info ][safepoint     ] Application time: 1.0003589 seconds
[2023-11-11T17:19:33.755+0000][80.446s][info ][safepoint     ] Entering safepoint region: Cleanup
[2023-11-11T17:19:33.755+0000][80.446s][info ][safepoint     ] Leaving safepoint region
[2023-11-11T17:19:33.755+0000][80.446s][info ][safepoint     ] Total time for which application threads were stopped: 0.0004789 seconds, Stopping threads took: 0.0000956 seconds
[2023-11-11T17:19:34.755+0000][81.447s][debug][safepoint     ] Safepoint synchronization initiated. (173 threads)
[2023-11-11T17:19:34.755+0000][81.447s][info ][safepoint     ] Application time: 1.0003145 seconds
[2023-11-11T17:19:34.755+0000][81.447s][info ][safepoint     ] Entering safepoint region: Cleanup
[2023-11-11T17:19:34.756+0000][81.447s][info ][safepoint     ] Leaving safepoint region
[2023-11-11T17:19:34.756+0000][81.447s][info ][safepoint     ] Total time for which application threads were stopped: 0.0005222 seconds, Stopping threads took: 0.0001046 seconds
[2023-11-11T17:19:44.758+0000][91.449s][debug][safepoint     ] Safepoint synchronization initiated. (173 threads)
[2023-11-11T17:19:44.758+0000][91.449s][info ][safepoint     ] Application time: 10.0018317 seconds
[2023-11-11T17:19:44.758+0000][91.449s][info ][safepoint     ] Entering safepoint region: Cleanup
[2023-11-11T17:19:44.758+0000][91.450s][info ][safepoint     ] Leaving safepoint region
[2023-11-11T17:19:44.758+0000][91.450s][info ][safepoint     ] Total time for which application threads were stopped: 0.0004702 seconds, Stopping threads took: 0.0000915 seconds
[2023-11-11T17:19:55.760+0000][102.451s][debug][safepoint     ] Safepoint synchronization initiated. (173 threads)
[2023-11-11T17:19:55.760+0000][102.452s][info ][safepoint     ] Application time: 11.0018513 seconds
[2023-11-11T17:19:55.760+0000][102.452s][info ][safepoint     ] Entering safepoint region: Cleanup
[2023-11-11T17:19:55.761+0000][102.452s][info ][safepoint     ] Leaving safepoint region
[2023-11-11T17:19:55.761+0000][102.452s][info ][safepoint     ] Total time for which application threads were stopped: 0.0004725 seconds, Stopping threads took: 0.0000933 seconds
[2023-11-11T17:19:59.761+0000][106.453s][debug][safepoint     ] Safepoint synchronization initiated. (173 threads)
[2023-11-11T17:19:59.761+0000][106.453s][info ][safepoint     ] Application time: 4.0008115 seconds
[2023-11-11T17:19:59.762+0000][106.453s][info ][safepoint     ] Entering safepoint region: Cleanup
[2023-11-11T17:19:59.762+0000][106.453s][info ][safepoint     ] Leaving safepoint region
[2023-11-11T17:19:59.762+0000][106.453s][info ][safepoint     ] Total time for which application threads were stopped: 0.0005496 seconds, Stopping threads took: 0.0000973 seconds
[2023-11-11T17:20:05.763+0000][112.454s][debug][safepoint     ] Safepoint synchronization initiated. (173 threads)
[2023-11-11T17:20:05.763+0000][112.454s][info ][safepoint     ] Application time: 6.0008923 seconds
[2023-11-11T17:20:05.763+0000][112.455s][info ][safepoint     ] Entering safepoint region: Cleanup
[2023-11-11T17:20:05.764+0000][112.455s][info ][safepoint     ] Leaving safepoint region
[2023-11-11T17:20:05.764+0000][112.455s][info ][safepoint     ] Total time for which application threads were stopped: 0.0005074 seconds, Stopping threads took: 0.0000961 seconds
[2023-11-11T17:20:06.764+0000][113.455s][debug][safepoint     ] Safepoint synchronization initiated. (174 threads)
[2023-11-11T17:20:06.764+0000][113.455s][info ][safepoint     ] Application time: 1.0002320 seconds
[2023-11-11T17:20:06.764+0000][113.455s][debug][safepoint     ] ... found polling page loop exception at pc = 0x00007f28e73f3455, stub =0x00007f28e4841b00
[2023-11-11T17:20:06.764+0000][113.455s][debug][safepoint     ] Waiting for 2 thread(s) to block
[2023-11-11T17:20:06.764+0000][113.456s][info ][safepoint     ] Entering safepoint region: Cleanup
[2023-11-11T17:20:06.765+0000][113.456s][info ][safepoint     ] Leaving safepoint region
[2023-11-11T17:20:06.765+0000][113.456s][info ][safepoint     ] Total time for which application threads were stopped: 0.0009150 seconds, Stopping threads took: 0.0004622 seconds
[2023-11-11T17:20:07.622+0000][114.314s][debug][safepoint     ] Safepoint synchronization initiated. (173 threads)
[2023-11-11T17:20:07.622+0000][114.314s][info ][safepoint     ] Application time: 0.8575194 seconds
[2023-11-11T17:20:07.622+0000][114.314s][info ][safepoint     ] Entering safepoint region: Deoptimize
[2023-11-11T17:20:07.626+0000][114.317s][info ][safepoint     ] Leaving safepoint region
[2023-11-11T17:20:07.626+0000][114.317s][info ][safepoint     ] Total time for which application threads were stopped: 0.0032627 seconds, Stopping threads took: 0.0000937 seconds
[2023-11-11T17:20:07.701+0000][114.393s][debug][safepoint     ] Safepoint synchronization initiated. (173 threads)
[2023-11-11T17:20:07.701+0000][114.393s][info ][safepoint     ] Application time: 0.0757684 seconds
[2023-11-11T17:20:07.702+0000][114.393s][info ][safepoint     ] Entering safepoint region: Deoptimize
[2023-11-11T17:20:07.705+0000][114.396s][info ][safepoint     ] Leaving safepoint region
[2023-11-11T17:20:07.705+0000][114.396s][info ][safepoint     ] Total time for which application threads were stopped: 0.0032193 seconds, Stopping threads took: 0.0000965 seconds
[2023-11-11T17:20:07.706+0000][114.397s][debug][safepoint     ] Safepoint synchronization initiated. (173 threads)
[2023-11-11T17:20:07.706+0000][114.397s][info ][safepoint     ] Application time: 0.0012341 seconds
[2023-11-11T17:20:07.706+0000][114.397s][debug][safepoint     ] Waiting for 1 thread(s) to block
[2023-11-11T17:20:07.706+0000][114.398s][info ][safepoint     ] Entering safepoint region: Deoptimize
[2023-11-11T17:20:07.709+0000][114.400s][info ][safepoint     ] Leaving safepoint region
[2023-11-11T17:20:07.709+0000][114.400s][info ][safepoint     ] Total time for which application threads were stopped: 0.0029399 seconds, Stopping threads took: 0.0001333 seconds
[2023-11-11T17:20:07.717+0000][114.408s][debug][safepoint     ] Safepoint synchronization initiated. (173 threads)
[2023-11-11T17:20:07.717+0000][114.408s][info ][safepoint     ] Application time: 0.0078268 seconds
[2023-11-11T17:20:07.717+0000][114.408s][info ][safepoint     ] Entering safepoint region: Deoptimize
[2023-11-11T17:20:07.720+0000][114.412s][info ][safepoint     ] Leaving safepoint region
[2023-11-11T17:20:07.720+0000][114.412s][info ][safepoint     ] Total time for which application threads were stopped: 0.0033810 seconds, Stopping threads took: 0.0000738 seconds
[2023-11-11T17:20:07.856+0000][114.548s][debug][safepoint     ] Safepoint synchronization initiated. (174 threads)
[2023-11-11T17:20:07.857+0000][114.548s][info ][safepoint     ] Application time: 0.1362741 seconds
[2023-11-11T17:20:07.857+0000][114.548s][debug][safepoint     ] ... found polling page return exception at pc = 0x00007f28ed100cb4, stub =0x00007f28e4841800
[2023-11-11T17:20:07.857+0000][114.548s][debug][safepoint     ] Waiting for 1 thread(s) to block
[2023-11-11T17:20:07.857+0000][114.548s][info ][safepoint     ] Entering safepoint region: Deoptimize
[2023-11-11T17:20:07.860+0000][114.552s][info ][safepoint     ] Leaving safepoint region
[2023-11-11T17:20:07.860+0000][114.552s][info ][safepoint     ] Total time for which application threads were stopped: 0.0036511 seconds, Stopping threads took: 0.0003713 seconds
[2023-11-11T17:20:07.881+0000][114.573s][debug][safepoint     ] Safepoint synchronization initiated. (174 threads)
[2023-11-11T17:20:07.881+0000][114.573s][info ][safepoint     ] Application time: 0.0211691 seconds
[2023-11-11T17:20:07.882+0000][114.573s][debug][safepoint     ] Waiting for 1 thread(s) to block
[2023-11-11T17:20:07.882+0000][114.573s][info ][safepoint     ] Entering safepoint region: Deoptimize
[2023-11-11T17:20:07.884+0000][114.575s][info ][safepoint     ] Leaving safepoint region
[2023-11-11T17:20:07.884+0000][114.575s][info ][safepoint     ] Total time for which application threads were stopped: 0.0024905 seconds, Stopping threads took: 0.0001389 seconds
[2023-11-11T17:20:07.949+0000][114.641s][debug][safepoint     ] Safepoint synchronization initiated. (174 threads)
[2023-11-11T17:20:07.949+0000][114.641s][info ][safepoint     ] Application time: 0.0654049 seconds
[2023-11-11T17:20:07.950+0000][114.641s][info ][safepoint     ] Entering safepoint region: Deoptimize
[2023-11-11T17:20:07.952+0000][114.644s][info ][safepoint     ] Leaving safepoint region
[2023-11-11T17:20:07.952+0000][114.644s][info ][safepoint     ] Total time for which application threads were stopped: 0.0029007 seconds, Stopping threads took: 0.0000819 seconds
[2023-11-11T17:20:07.962+0000][114.654s][debug][safepoint     ] Safepoint synchronization initiated. (174 threads)
[2023-11-11T17:20:07.963+0000][114.654s][info ][safepoint     ] Application time: 0.0102044 seconds
[2023-11-11T17:20:07.963+0000][114.654s][info ][safepoint     ] Entering safepoint region: G1CollectForAllocation
[2023-11-11T17:20:07.965+0000][114.657s][info ][gc,start      ] GC(44) Pause Young (Normal) (G1 Evacuation Pause)
[2023-11-11T17:20:07.966+0000][114.657s][info ][gc,task       ] GC(44) Using 6 workers of 6 for evacuation
[2023-11-11T17:20:08.019+0000][114.710s][info ][gc,phases     ] GC(44)   Pre Evacuate Collection Set: 0.0ms
[2023-11-11T17:20:08.019+0000][114.710s][info ][gc,phases     ] GC(44)   Evacuate Collection Set: 46.4ms
[2023-11-11T17:20:08.019+0000][114.710s][info ][gc,phases     ] GC(44)   Post Evacuate Collection Set: 6.5ms
[2023-11-11T17:20:08.019+0000][114.711s][info ][gc,phases     ] GC(44)   Other: 0.6ms
[2023-11-11T17:20:08.019+0000][114.711s][info ][gc,heap       ] GC(44) Eden regions: 380->0(385)
[2023-11-11T17:20:08.019+0000][114.711s][info ][gc,heap       ] GC(44) Survivor regions: 29->24(52)
[2023-11-11T17:20:08.019+0000][114.711s][info ][gc,heap       ] GC(44) Old regions: 117->126
[2023-11-11T17:20:08.019+0000][114.711s][info ][gc,heap       ] GC(44) Humongous regions: 0->0
[2023-11-11T17:20:08.019+0000][114.711s][info ][gc,metaspace  ] GC(44) Metaspace: 154633K(159932K)->154633K(159932K) NonClass: 136532K(139764K)->136532K(139764K) Class: 18101K(20168K)->18101K(20168K)
[2023-11-11T17:20:08.019+0000][114.711s][info ][gc            ] GC(44) Pause Young (Normal) (G1 Evacuation Pause) 523M->148M(682M) 53.806ms
[2023-11-11T17:20:08.019+0000][114.711s][info ][gc,cpu        ] GC(44) User=0.19s Sys=0.01s Real=0.06s
[2023-11-11T17:20:08.019+0000][114.711s][info ][safepoint     ] Leaving safepoint region
[2023-11-11T17:20:08.019+0000][114.711s][info ][safepoint     ] Total time for which application threads were stopped: 0.0568751 seconds, Stopping threads took: 0.0000707 seconds
[2023-11-11T17:20:08.020+0000][114.711s][info ][gc,stringdedup] Concurrent String Deduplication (114.711s)
[2023-11-11T17:20:08.024+0000][114.715s][info ][gc,stringdedup] Concurrent String Deduplication 473.9K->157.5K(316.4K) avg 54.1% (114.711s, 114.715s) 4.304ms
[2023-11-11T17:20:09.020+0000][115.711s][debug][safepoint     ] Safepoint synchronization initiated. (177 threads)
[2023-11-11T17:20:09.020+0000][115.711s][info ][safepoint     ] Application time: 1.0002506 seconds
[2023-11-11T17:20:09.020+0000][115.711s][debug][safepoint     ] Waiting for 1 thread(s) to block
[2023-11-11T17:20:09.020+0000][115.711s][info ][safepoint     ] Entering safepoint region: Cleanup
[2023-11-11T17:20:09.025+0000][115.717s][info ][safepoint     ] Leaving safepoint region
[2023-11-11T17:20:09.025+0000][115.717s][info ][safepoint     ] Total time for which application threads were stopped: 0.0055440 seconds, Stopping threads took: 0.0002735 seconds
[2023-11-11T17:20:09.965+0000][116.656s][debug][safepoint     ] Safepoint synchronization initiated. (178 threads)
[2023-11-11T17:20:09.965+0000][116.656s][info ][safepoint     ] Application time: 0.9393342 seconds
[2023-11-11T17:20:09.965+0000][116.656s][info ][safepoint     ] Entering safepoint region: Deoptimize
[2023-11-11T17:20:09.967+0000][116.659s][info ][safepoint     ] Leaving safepoint region
[2023-11-11T17:20:09.967+0000][116.659s][info ][safepoint     ] Total time for which application threads were stopped: 0.0025020 seconds, Stopping threads took: 0.0000621 seconds
[2023-11-11T17:20:10.967+0000][117.659s][debug][safepoint     ] Safepoint synchronization initiated. (179 threads)
[2023-11-11T17:20:10.967+0000][117.659s][info ][safepoint     ] Application time: 1.0001674 seconds
[2023-11-11T17:20:10.967+0000][117.659s][debug][safepoint     ] Waiting for 4 thread(s) to block
[2023-11-11T17:20:10.970+0000][117.662s][info ][safepoint     ] Entering safepoint region: Cleanup
[2023-11-11T17:20:10.971+0000][117.662s][info ][safepoint     ] Leaving safepoint region
[2023-11-11T17:20:10.971+0000][117.662s][info ][safepoint     ] Total time for which application threads were stopped: 0.0031280 seconds, Stopping threads took: 0.0027602 seconds
[2023-11-11T17:20:11.805+0000][118.497s][debug][safepoint     ] Safepoint synchronization initiated. (179 threads)
[2023-11-11T17:20:11.806+0000][118.497s][info ][safepoint     ] Application time: 0.8349766 seconds
[2023-11-11T17:20:11.806+0000][118.497s][info ][safepoint     ] Entering safepoint region: Deoptimize
[2023-11-11T17:20:11.808+0000][118.499s][info ][safepoint     ] Leaving safepoint region
[2023-11-11T17:20:11.808+0000][118.500s][info ][safepoint     ] Total time for which application threads were stopped: 0.0025360 seconds, Stopping threads took: 0.0000724 seconds
[2023-11-11T17:20:12.808+0000][119.500s][debug][safepoint     ] Safepoint synchronization initiated. (182 threads)
[2023-11-11T17:20:12.808+0000][119.500s][info ][safepoint     ] Application time: 1.0001994 seconds
[2023-11-11T17:20:12.808+0000][119.500s][info ][safepoint     ] Entering safepoint region: Cleanup
[2023-11-11T17:20:12.809+0000][119.500s][info ][safepoint     ] Leaving safepoint region
[2023-11-11T17:20:12.809+0000][119.500s][info ][safepoint     ] Total time for which application threads were stopped: 0.0003957 seconds, Stopping threads took: 0.0000966 seconds
[2023-11-11T17:20:13.809+0000][120.500s][debug][safepoint     ] Safepoint synchronization initiated. (182 threads)
[2023-11-11T17:20:13.809+0000][120.501s][info ][safepoint     ] Application time: 1.0006840 seconds
[2023-11-11T17:20:13.810+0000][120.501s][info ][safepoint     ] Entering safepoint region: Cleanup
[2023-11-11T17:20:13.810+0000][120.502s][info ][safepoint     ] Leaving safepoint region
[2023-11-11T17:20:13.810+0000][120.502s][info ][safepoint     ] Total time for which application threads were stopped: 0.0006278 seconds, Stopping threads took: 0.0001315 seconds
[2023-11-11T17:20:14.364+0000][121.055s][debug][safepoint     ] Safepoint synchronization initiated. (183 threads)
[2023-11-11T17:20:14.364+0000][121.055s][info ][safepoint     ] Application time: 0.5536237 seconds
[2023-11-11T17:20:14.364+0000][121.055s][info ][safepoint     ] Entering safepoint region: Deoptimize
[2023-11-11T17:20:14.366+0000][121.058s][info ][safepoint     ] Leaving safepoint region
[2023-11-11T17:20:14.366+0000][121.058s][info ][safepoint     ] Total time for which application threads were stopped: 0.0023011 seconds, Stopping threads took: 0.0000874 seconds
[2023-11-11T17:20:15.366+0000][122.058s][debug][safepoint     ] Safepoint synchronization initiated. (183 threads)
[2023-11-11T17:20:15.366+0000][122.058s][info ][safepoint     ] Application time: 1.0001747 seconds
[2023-11-11T17:20:15.366+0000][122.058s][info ][safepoint     ] Entering safepoint region: Cleanup
[2023-11-11T17:20:15.367+0000][122.058s][info ][safepoint     ] Leaving safepoint region
[2023-11-11T17:20:15.367+0000][122.058s][info ][safepoint     ] Total time for which application threads were stopped: 0.0002965 seconds, Stopping threads took: 0.0000699 seconds
[2023-11-11T17:20:16.367+0000][123.058s][debug][safepoint     ] Safepoint synchronization initiated. (180 threads)
[2023-11-11T17:20:16.367+0000][123.058s][info ][safepoint     ] Application time: 1.0002462 seconds
[2023-11-11T17:20:16.367+0000][123.058s][info ][safepoint     ] Entering safepoint region: Cleanup
[2023-11-11T17:20:16.367+0000][123.059s][info ][safepoint     ] Leaving safepoint region
[2023-11-11T17:20:16.367+0000][123.059s][info ][safepoint     ] Total time for which application threads were stopped: 0.0004589 seconds, Stopping threads took: 0.0001240 seconds
[2023-11-11T17:20:21.368+0000][128.060s][debug][safepoint     ] Safepoint synchronization initiated. (180 threads)
[2023-11-11T17:20:21.368+0000][128.060s][info ][safepoint     ] Application time: 5.0008700 seconds
[2023-11-11T17:20:21.368+0000][128.060s][info ][safepoint     ] Entering safepoint region: Cleanup
[2023-11-11T17:20:21.369+0000][128.060s][info ][safepoint     ] Leaving safepoint region
[2023-11-11T17:20:21.369+0000][128.060s][info ][safepoint     ] Total time for which application threads were stopped: 0.0004901 seconds, Stopping threads took: 0.0001193 seconds
[2023-11-11T17:20:26.369+0000][133.061s][debug][safepoint     ] Safepoint synchronization initiated. (180 threads)
[2023-11-11T17:20:26.370+0000][133.061s][info ][safepoint     ] Application time: 5.0007069 seconds
[2023-11-11T17:20:26.370+0000][133.061s][info ][safepoint     ] Entering safepoint region: Cleanup
[2023-11-11T17:20:26.370+0000][133.061s][info ][safepoint     ] Leaving safepoint region
[2023-11-11T17:20:26.370+0000][133.061s][info ][safepoint     ] Total time for which application threads were stopped: 0.0003847 seconds, Stopping threads took: 0.0000981 seconds
[2023-11-11T17:20:30.371+0000][137.063s][debug][safepoint     ] Safepoint synchronization initiated. (180 threads)
[2023-11-11T17:20:30.371+0000][137.063s][info ][safepoint     ] Application time: 4.0014750 seconds
[2023-11-11T17:20:30.372+0000][137.063s][info ][safepoint     ] Entering safepoint region: Cleanup
[2023-11-11T17:20:30.372+0000][137.064s][info ][safepoint     ] Leaving safepoint region
[2023-11-11T17:20:30.372+0000][137.064s][info ][safepoint     ] Total time for which application threads were stopped: 0.0006826 seconds, Stopping threads took: 0.0001070 seconds
[2023-11-11T17:20:30.372+0000][137.064s][debug][safepoint     ] ... found polling page return exception at pc = 0x00007f28ed09bc46, stub =0x00007f28e4841800
[2023-11-11T17:20:41.374+0000][148.066s][debug][safepoint     ] Safepoint synchronization initiated. (180 threads)
[2023-11-11T17:20:41.374+0000][148.066s][info ][safepoint     ] Application time: 11.0019419 seconds
[2023-11-11T17:20:41.374+0000][148.066s][info ][safepoint     ] Entering safepoint region: Cleanup
[2023-11-11T17:20:41.375+0000][148.066s][info ][safepoint     ] Leaving safepoint region
[2023-11-11T17:20:41.375+0000][148.066s][info ][safepoint     ] Total time for which application threads were stopped: 0.0005805 seconds, Stopping threads took: 0.0001745 seconds
[2023-11-11T17:21:07.379+0000][174.070s][debug][safepoint     ] Safepoint synchronization initiated. (180 threads)
[2023-11-11T17:21:07.379+0000][174.070s][info ][safepoint     ] Application time: 26.0037139 seconds
[2023-11-11T17:21:07.379+0000][174.070s][info ][safepoint     ] Entering safepoint region: Cleanup
[2023-11-11T17:21:07.379+0000][174.070s][info ][safepoint     ] Leaving safepoint region
[2023-11-11T17:21:07.379+0000][174.070s][info ][safepoint     ] Total time for which application threads were stopped: 0.0003362 seconds, Stopping threads took: 0.0000621 seconds
[2023-11-11T17:21:11.379+0000][178.071s][debug][safepoint     ] Safepoint synchronization initiated. (179 threads)
[2023-11-11T17:21:11.379+0000][178.071s][info ][safepoint     ] Application time: 4.0004071 seconds
[2023-11-11T17:21:11.379+0000][178.071s][info ][safepoint     ] Entering safepoint region: Cleanup
[2023-11-11T17:21:11.380+0000][178.071s][info ][safepoint     ] Leaving safepoint region
[2023-11-11T17:21:11.380+0000][178.071s][info ][safepoint     ] Total time for which application threads were stopped: 0.0003182 seconds, Stopping threads took: 0.0001132 seconds
[2023-11-11T17:21:16.380+0000][183.072s][debug][safepoint     ] Safepoint synchronization initiated. (177 threads)
[2023-11-11T17:21:16.380+0000][183.072s][info ][safepoint     ] Application time: 5.0005342 seconds
[2023-11-11T17:21:16.380+0000][183.072s][info ][safepoint     ] Entering safepoint region: Cleanup
[2023-11-11T17:21:16.381+0000][183.072s][info ][safepoint     ] Leaving safepoint region
[2023-11-11T17:21:16.381+0000][183.072s][info ][safepoint     ] Total time for which application threads were stopped: 0.0002995 seconds, Stopping threads took: 0.0000624 seconds
[2023-11-11T17:21:22.381+0000][189.073s][debug][safepoint     ] Safepoint synchronization initiated. (177 threads)
[2023-11-11T17:21:22.381+0000][189.073s][info ][safepoint     ] Application time: 6.0005950 seconds
[2023-11-11T17:21:22.381+0000][189.073s][info ][safepoint     ] Entering safepoint region: Cleanup
[2023-11-11T17:21:22.381+0000][189.073s][info ][safepoint     ] Leaving safepoint region
[2023-11-11T17:21:22.381+0000][189.073s][info ][safepoint     ] Total time for which application threads were stopped: 0.0002460 seconds, Stopping threads took: 0.0000645 seconds
[2023-11-11T17:21:26.382+0000][193.073s][debug][safepoint     ] Safepoint synchronization initiated. (177 threads)
[2023-11-11T17:21:26.382+0000][193.073s][info ][safepoint     ] Application time: 4.0005047 seconds
[2023-11-11T17:21:26.382+0000][193.073s][info ][safepoint     ] Entering safepoint region: Cleanup
[2023-11-11T17:21:26.382+0000][193.074s][info ][safepoint     ] Leaving safepoint region
[2023-11-11T17:21:26.382+0000][193.074s][info ][safepoint     ] Total time for which application threads were stopped: 0.0002809 seconds, Stopping threads took: 0.0000577 seconds
[2023-11-11T17:21:32.383+0000][199.074s][debug][safepoint     ] Safepoint synchronization initiated. (177 threads)
[2023-11-11T17:21:32.383+0000][199.074s][info ][safepoint     ] Application time: 6.0005899 seconds
[2023-11-11T17:21:32.383+0000][199.074s][info ][safepoint     ] Entering safepoint region: Cleanup
[2023-11-11T17:21:32.383+0000][199.075s][info ][safepoint     ] Leaving safepoint region
[2023-11-11T17:21:32.383+0000][199.075s][info ][safepoint     ] Total time for which application threads were stopped: 0.0002618 seconds, Stopping threads took: 0.0000677 seconds
[2023-11-11T17:21:59.386+0000][226.077s][debug][safepoint     ] Safepoint synchronization initiated. (178 threads)
[2023-11-11T17:21:59.386+0000][226.077s][info ][safepoint     ] Application time: 27.0025048 seconds
[2023-11-11T17:21:59.386+0000][226.077s][info ][safepoint     ] Entering safepoint region: Cleanup
[2023-11-11T17:21:59.386+0000][226.077s][info ][safepoint     ] Leaving safepoint region
[2023-11-11T17:21:59.386+0000][226.077s][info ][safepoint     ] Total time for which application threads were stopped: 0.0003229 seconds, Stopping threads took: 0.0000665 seconds
[2023-11-11T17:22:00.386+0000][227.078s][debug][safepoint     ] Safepoint synchronization initiated. (178 threads)
[2023-11-11T17:22:00.386+0000][227.078s][info ][safepoint     ] Application time: 1.0002097 seconds
[2023-11-11T17:22:00.386+0000][227.078s][info ][safepoint     ] Entering safepoint region: Cleanup
[2023-11-11T17:22:00.387+0000][227.078s][info ][safepoint     ] Leaving safepoint region
[2023-11-11T17:22:00.387+0000][227.078s][info ][safepoint     ] Total time for which application threads were stopped: 0.0002896 seconds, Stopping threads took: 0.0001098 seconds
[2023-11-11T17:22:04.387+0000][231.078s][debug][safepoint     ] Safepoint synchronization initiated. (179 threads)
[2023-11-11T17:22:04.387+0000][231.079s][info ][safepoint     ] Application time: 4.0005997 seconds
[2023-11-11T17:22:04.387+0000][231.079s][info ][safepoint     ] Entering safepoint region: Cleanup
[2023-11-11T17:22:04.388+0000][231.079s][info ][safepoint     ] Leaving safepoint region
[2023-11-11T17:22:04.388+0000][231.079s][info ][safepoint     ] Total time for which application threads were stopped: 0.0006056 seconds, Stopping threads took: 0.0002427 seconds
[2023-11-11T17:22:07.388+0000][234.080s][debug][safepoint     ] Safepoint synchronization initiated. (179 threads)
[2023-11-11T17:22:07.388+0000][234.080s][info ][safepoint     ] Application time: 3.0003407 seconds
[2023-11-11T17:22:07.388+0000][234.080s][info ][safepoint     ] Entering safepoint region: Cleanup
[2023-11-11T17:22:07.388+0000][234.080s][info ][safepoint     ] Leaving safepoint region
[2023-11-11T17:22:07.388+0000][234.080s][info ][safepoint     ] Total time for which application threads were stopped: 0.0002985 seconds, Stopping threads took: 0.0000720 seconds
[2023-11-11T17:22:11.389+0000][238.080s][debug][safepoint     ] Safepoint synchronization initiated. (179 threads)
[2023-11-11T17:22:11.389+0000][238.080s][info ][safepoint     ] Application time: 4.0004673 seconds
[2023-11-11T17:22:11.389+0000][238.080s][info ][safepoint     ] Entering safepoint region: Cleanup
[2023-11-11T17:22:11.389+0000][238.081s][info ][safepoint     ] Leaving safepoint region
[2023-11-11T17:22:11.389+0000][238.081s][info ][safepoint     ] Total time for which application threads were stopped: 0.0002832 seconds, Stopping threads took: 0.0000825 seconds
[2023-11-11T17:22:15.390+0000][242.081s][debug][safepoint     ] Safepoint synchronization initiated. (178 threads)
[2023-11-11T17:22:15.390+0000][242.081s][info ][safepoint     ] Application time: 4.0004224 seconds
[2023-11-11T17:22:15.390+0000][242.081s][info ][safepoint     ] Entering safepoint region: Cleanup
[2023-11-11T17:22:15.390+0000][242.081s][info ][safepoint     ] Leaving safepoint region
[2023-11-11T17:22:15.390+0000][242.081s][info ][safepoint     ] Total time for which application threads were stopped: 0.0002486 seconds, Stopping threads took: 0.0000667 seconds
[2023-11-11T17:22:21.390+0000][248.082s][debug][safepoint     ] Safepoint synchronization initiated. (177 threads)
[2023-11-11T17:22:21.391+0000][248.082s][info ][safepoint     ] Application time: 6.0005677 seconds
[2023-11-11T17:22:21.391+0000][248.082s][info ][safepoint     ] Entering safepoint region: Cleanup
[2023-11-11T17:22:21.391+0000][248.082s][info ][safepoint     ] Leaving safepoint region
[2023-11-11T17:22:21.391+0000][248.082s][info ][safepoint     ] Total time for which application threads were stopped: 0.0002787 seconds, Stopping threads took: 0.0000673 seconds
[2023-11-11T17:22:23.391+0000][250.082s][debug][safepoint     ] Safepoint synchronization initiated. (177 threads)
[2023-11-11T17:22:23.391+0000][250.083s][info ][safepoint     ] Application time: 2.0002625 seconds
[2023-11-11T17:22:23.391+0000][250.083s][info ][safepoint     ] Entering safepoint region: Cleanup
[2023-11-11T17:22:23.391+0000][250.083s][info ][safepoint     ] Leaving safepoint region
[2023-11-11T17:22:23.391+0000][250.083s][info ][safepoint     ] Total time for which application threads were stopped: 0.0002959 seconds, Stopping threads took: 0.0000666 seconds
[2023-11-11T17:22:28.392+0000][255.083s][debug][safepoint     ] Safepoint synchronization initiated. (177 threads)
[2023-11-11T17:22:28.392+0000][255.083s][info ][safepoint     ] Application time: 5.0005657 seconds
[2023-11-11T17:22:28.392+0000][255.084s][info ][safepoint     ] Entering safepoint region: Cleanup
[2023-11-11T17:22:28.392+0000][255.084s][info ][safepoint     ] Leaving safepoint region
[2023-11-11T17:22:28.392+0000][255.084s][info ][safepoint     ] Total time for which application threads were stopped: 0.0003647 seconds, Stopping threads took: 0.0000812 seconds
[2023-11-11T17:22:30.959+0000][257.651s][debug][safepoint     ] Safepoint synchronization initiated. (179 threads)
[2023-11-11T17:22:30.959+0000][257.651s][info ][safepoint     ] Application time: 2.5667401 seconds
[2023-11-11T17:22:30.959+0000][257.651s][info ][safepoint     ] Entering safepoint region: G1CollectForAllocation
[2023-11-11T17:22:30.960+0000][257.651s][info ][gc,start      ] GC(45) Pause Young (Normal) (G1 Evacuation Pause)
[2023-11-11T17:22:30.960+0000][257.651s][info ][gc,task       ] GC(45) Using 6 workers of 6 for evacuation
[2023-11-11T17:22:30.998+0000][257.690s][info ][gc,phases     ] GC(45)   Pre Evacuate Collection Set: 0.0ms
[2023-11-11T17:22:30.999+0000][257.690s][info ][gc,phases     ] GC(45)   Evacuate Collection Set: 29.6ms
[2023-11-11T17:22:30.999+0000][257.690s][info ][gc,phases     ] GC(45)   Post Evacuate Collection Set: 8.9ms
[2023-11-11T17:22:30.999+0000][257.690s][info ][gc,phases     ] GC(45)   Other: 0.4ms
[2023-11-11T17:22:30.999+0000][257.690s][info ][gc,heap       ] GC(45) Eden regions: 385->0(381)
[2023-11-11T17:22:30.999+0000][257.690s][info ][gc,heap       ] GC(45) Survivor regions: 24->28(52)
[2023-11-11T17:22:30.999+0000][257.690s][info ][gc,heap       ] GC(45) Old regions: 126->126
[2023-11-11T17:22:30.999+0000][257.690s][info ][gc,heap       ] GC(45) Humongous regions: 1->0
[2023-11-11T17:22:30.999+0000][257.690s][info ][gc,metaspace  ] GC(45) Metaspace: 160897K(166588K)->160897K(166588K) NonClass: 142125K(145652K)->142125K(145652K) Class: 18771K(20936K)->18771K(20936K)
[2023-11-11T17:22:30.999+0000][257.690s][info ][gc            ] GC(45) Pause Young (Normal) (G1 Evacuation Pause) 534M->152M(682M) 39.220ms
[2023-11-11T17:22:30.999+0000][257.690s][info ][gc,cpu        ] GC(45) User=0.11s Sys=0.00s Real=0.04s
[2023-11-11T17:22:30.999+0000][257.690s][info ][safepoint     ] Leaving safepoint region
[2023-11-11T17:22:30.999+0000][257.690s][info ][safepoint     ] Total time for which application threads were stopped: 0.0396697 seconds, Stopping threads took: 0.0000672 seconds
[2023-11-11T17:22:30.999+0000][257.690s][info ][gc,stringdedup] Concurrent String Deduplication (257.690s)
[2023-11-11T17:22:31.002+0000][257.693s][info ][gc,stringdedup] Concurrent String Deduplication 347.6K->121.8K(225.8K) avg 54.3% (257.690s, 257.693s) 2.726ms
[2023-11-11T17:22:31.086+0000][257.778s][debug][safepoint     ] Safepoint synchronization initiated. (181 threads)
[2023-11-11T17:22:31.086+0000][257.778s][info ][safepoint     ] Application time: 0.0875831 seconds
[2023-11-11T17:22:31.091+0000][257.782s][debug][safepoint     ] Waiting for 1 thread(s) to block
[2023-11-11T17:22:31.091+0000][257.782s][info ][safepoint     ] Entering safepoint region: Deoptimize
[2023-11-11T17:22:31.093+0000][257.785s][info ][safepoint     ] Leaving safepoint region
[2023-11-11T17:22:31.093+0000][257.785s][info ][safepoint     ] Total time for which application threads were stopped: 0.0069984 seconds, Stopping threads took: 0.0043027 seconds
[2023-11-11T17:22:32.094+0000][258.785s][debug][safepoint     ] Safepoint synchronization initiated. (186 threads)
[2023-11-11T17:22:32.094+0000][258.785s][info ][safepoint     ] Application time: 1.0001782 seconds
[2023-11-11T17:22:32.094+0000][258.785s][info ][safepoint     ] Entering safepoint region: Cleanup
[2023-11-11T17:22:32.094+0000][258.785s][info ][safepoint     ] Leaving safepoint region
[2023-11-11T17:22:32.094+0000][258.785s][info ][safepoint     ] Total time for which application threads were stopped: 0.0003115 seconds, Stopping threads took: 0.0000702 seconds
[2023-11-11T17:22:36.094+0000][262.786s][debug][safepoint     ] Safepoint synchronization initiated. (185 threads)
[2023-11-11T17:22:36.095+0000][262.786s][info ][safepoint     ] Application time: 4.0004819 seconds
[2023-11-11T17:22:36.095+0000][262.786s][info ][safepoint     ] Entering safepoint region: Cleanup
[2023-11-11T17:22:36.095+0000][262.786s][info ][safepoint     ] Leaving safepoint region
[2023-11-11T17:22:36.095+0000][262.787s][info ][safepoint     ] Total time for which application threads were stopped: 0.0007631 seconds, Stopping threads took: 0.0000690 seconds
[2023-11-11T17:22:39.096+0000][265.787s][debug][safepoint     ] Safepoint synchronization initiated. (185 threads)
[2023-11-11T17:22:39.096+0000][265.787s][info ][safepoint     ] Application time: 3.0003562 seconds
[2023-11-11T17:22:39.096+0000][265.787s][info ][safepoint     ] Entering safepoint region: Cleanup
[2023-11-11T17:22:39.096+0000][265.787s][info ][safepoint     ] Leaving safepoint region
[2023-11-11T17:22:39.096+0000][265.787s][info ][safepoint     ] Total time for which application threads were stopped: 0.0002693 seconds, Stopping threads took: 0.0000830 seconds
[2023-11-11T17:22:45.097+0000][271.788s][debug][safepoint     ] Safepoint synchronization initiated. (185 threads)
[2023-11-11T17:22:45.097+0000][271.788s][info ][safepoint     ] Application time: 6.0006056 seconds
[2023-11-11T17:22:45.097+0000][271.788s][info ][safepoint     ] Entering safepoint region: Cleanup
[2023-11-11T17:22:45.097+0000][271.788s][info ][safepoint     ] Leaving safepoint region
[2023-11-11T17:22:45.097+0000][271.788s][info ][safepoint     ] Total time for which application threads were stopped: 0.0002262 seconds, Stopping threads took: 0.0000689 seconds
[2023-11-11T17:22:47.097+0000][273.789s][debug][safepoint     ] Safepoint synchronization initiated. (185 threads)
[2023-11-11T17:22:47.097+0000][273.789s][info ][safepoint     ] Application time: 2.0003018 seconds
[2023-11-11T17:22:47.097+0000][273.789s][info ][safepoint     ] Entering safepoint region: Cleanup
[2023-11-11T17:22:47.097+0000][273.789s][info ][safepoint     ] Leaving safepoint region
[2023-11-11T17:22:47.097+0000][273.789s][info ][safepoint     ] Total time for which application threads were stopped: 0.0002692 seconds, Stopping threads took: 0.0000720 seconds
[2023-11-11T17:22:56.098+0000][282.790s][debug][safepoint     ] Safepoint synchronization initiated. (185 threads)
[2023-11-11T17:22:56.098+0000][282.790s][info ][safepoint     ] Application time: 9.0008582 seconds
[2023-11-11T17:22:56.098+0000][282.790s][info ][safepoint     ] Entering safepoint region: Cleanup
[2023-11-11T17:22:56.099+0000][282.790s][info ][safepoint     ] Leaving safepoint region
[2023-11-11T17:22:56.099+0000][282.790s][info ][safepoint     ] Total time for which application threads were stopped: 0.0003132 seconds, Stopping threads took: 0.0000767 seconds
[2023-11-11T17:23:13.100+0000][299.792s][debug][safepoint     ] Safepoint synchronization initiated. (185 threads)
[2023-11-11T17:23:13.101+0000][299.792s][info ][safepoint     ] Application time: 17.0018473 seconds
[2023-11-11T17:23:13.101+0000][299.792s][info ][safepoint     ] Entering safepoint region: Cleanup
[2023-11-11T17:23:13.101+0000][299.792s][info ][safepoint     ] Leaving safepoint region
[2023-11-11T17:23:13.101+0000][299.792s][info ][safepoint     ] Total time for which application threads were stopped: 0.0003558 seconds, Stopping threads took: 0.0000992 seconds
[2023-11-11T17:23:15.101+0000][301.793s][debug][safepoint     ] Safepoint synchronization initiated. (186 threads)
[2023-11-11T17:23:15.101+0000][301.793s][info ][safepoint     ] Application time: 2.0002501 seconds
[2023-11-11T17:23:15.101+0000][301.793s][info ][safepoint     ] Entering safepoint region: Cleanup
[2023-11-11T17:23:15.102+0000][301.793s][info ][safepoint     ] Leaving safepoint region
[2023-11-11T17:23:15.102+0000][301.793s][info ][safepoint     ] Total time for which application threads were stopped: 0.0004352 seconds, Stopping threads took: 0.0000711 seconds
[2023-11-11T17:23:16.102+0000][302.793s][debug][safepoint     ] Safepoint synchronization initiated. (183 threads)
[2023-11-11T17:23:16.102+0000][302.793s][info ][safepoint     ] Application time: 1.0001660 seconds
[2023-11-11T17:23:16.102+0000][302.793s][info ][safepoint     ] Entering safepoint region: Cleanup
[2023-11-11T17:23:16.102+0000][302.794s][info ][safepoint     ] Leaving safepoint region
[2023-11-11T17:23:16.102+0000][302.794s][info ][safepoint     ] Total time for which application threads were stopped: 0.0002801 seconds, Stopping threads took: 0.0000637 seconds
[2023-11-11T17:23:20.103+0000][306.794s][debug][safepoint     ] Safepoint synchronization initiated. (183 threads)
[2023-11-11T17:23:20.103+0000][306.794s][info ][safepoint     ] Application time: 4.0004394 seconds
[2023-11-11T17:23:20.103+0000][306.794s][info ][safepoint     ] Entering safepoint region: Cleanup
[2023-11-11T17:23:20.103+0000][306.794s][info ][safepoint     ] Leaving safepoint region
[2023-11-11T17:23:20.103+0000][306.794s][info ][safepoint     ] Total time for which application threads were stopped: 0.0002484 seconds, Stopping threads took: 0.0000639 seconds
[2023-11-11T17:23:32.104+0000][318.795s][debug][safepoint     ] Safepoint synchronization initiated. (182 threads)
[2023-11-11T17:23:32.104+0000][318.796s][info ][safepoint     ] Application time: 12.0012334 seconds
[2023-11-11T17:23:32.104+0000][318.796s][info ][safepoint     ] Entering safepoint region: Cleanup
[2023-11-11T17:23:32.105+0000][318.796s][info ][safepoint     ] Leaving safepoint region
[2023-11-11T17:23:32.105+0000][318.796s][info ][safepoint     ] Total time for which application threads were stopped: 0.0003999 seconds, Stopping threads took: 0.0000934 seconds
[2023-11-11T17:23:40.105+0000][326.797s][debug][safepoint     ] Safepoint synchronization initiated. (182 threads)
[2023-11-11T17:23:40.105+0000][326.797s][info ][safepoint     ] Application time: 8.0008953 seconds
[2023-11-11T17:23:40.106+0000][326.797s][info ][safepoint     ] Entering safepoint region: Cleanup
[2023-11-11T17:23:40.106+0000][326.797s][info ][safepoint     ] Leaving safepoint region
[2023-11-11T17:23:40.106+0000][326.797s][info ][safepoint     ] Total time for which application threads were stopped: 0.0005342 seconds, Stopping threads took: 0.0001241 seconds
[2023-11-11T17:23:47.107+0000][333.798s][debug][safepoint     ] Safepoint synchronization initiated. (182 threads)
[2023-11-11T17:23:47.107+0000][333.798s][info ][safepoint     ] Application time: 7.0007350 seconds
[2023-11-11T17:23:47.107+0000][333.798s][info ][safepoint     ] Entering safepoint region: Cleanup
[2023-11-11T17:23:47.107+0000][333.799s][info ][safepoint     ] Leaving safepoint region
[2023-11-11T17:23:47.107+0000][333.799s][info ][safepoint     ] Total time for which application threads were stopped: 0.0002881 seconds, Stopping threads took: 0.0000657 seconds
[2023-11-11T17:23:52.108+0000][338.799s][debug][safepoint     ] Safepoint synchronization initiated. (182 threads)
[2023-11-11T17:23:52.108+0000][338.799s][info ][safepoint     ] Application time: 5.0004866 seconds
[2023-11-11T17:23:52.108+0000][338.799s][info ][safepoint     ] Entering safepoint region: Cleanup
[2023-11-11T17:23:52.108+0000][338.799s][info ][safepoint     ] Leaving safepoint region
[2023-11-11T17:23:52.108+0000][338.799s][info ][safepoint     ] Total time for which application threads were stopped: 0.0002719 seconds, Stopping threads took: 0.0000731 seconds
[2023-11-11T17:24:04.109+0000][350.800s][debug][safepoint     ] Safepoint synchronization initiated. (182 threads)
[2023-11-11T17:24:04.109+0000][350.800s][info ][safepoint     ] Application time: 12.0011283 seconds
[2023-11-11T17:24:04.109+0000][350.801s][info ][safepoint     ] Entering safepoint region: Cleanup
[2023-11-11T17:24:04.109+0000][350.801s][info ][safepoint     ] Leaving safepoint region
[2023-11-11T17:24:04.109+0000][350.801s][info ][safepoint     ] Total time for which application threads were stopped: 0.0003153 seconds, Stopping threads took: 0.0000729 seconds
[2023-11-11T17:24:05.109+0000][351.801s][debug][safepoint     ] Safepoint synchronization initiated. (182 threads)
[2023-11-11T17:24:05.110+0000][351.801s][info ][safepoint     ] Application time: 1.0001678 seconds
[2023-11-11T17:24:05.110+0000][351.801s][info ][safepoint     ] Entering safepoint region: Cleanup
[2023-11-11T17:24:05.110+0000][351.801s][info ][safepoint     ] Leaving safepoint region
[2023-11-11T17:24:05.110+0000][351.801s][info ][safepoint     ] Total time for which application threads were stopped: 0.0002956 seconds, Stopping threads took: 0.0000650 seconds
[2023-11-11T17:24:16.111+0000][362.802s][debug][safepoint     ] Safepoint synchronization initiated. (179 threads)
[2023-11-11T17:24:16.111+0000][362.802s][info ][safepoint     ] Application time: 11.0011098 seconds
[2023-11-11T17:24:16.111+0000][362.803s][info ][safepoint     ] Entering safepoint region: Cleanup
[2023-11-11T17:24:16.111+0000][362.803s][info ][safepoint     ] Leaving safepoint region
[2023-11-11T17:24:16.111+0000][362.803s][info ][safepoint     ] Total time for which application threads were stopped: 0.0003356 seconds, Stopping threads took: 0.0001040 seconds
[2023-11-11T17:24:22.112+0000][368.803s][debug][safepoint     ] Safepoint synchronization initiated. (179 threads)
[2023-11-11T17:24:22.112+0000][368.804s][info ][safepoint     ] Application time: 6.0006997 seconds
[2023-11-11T17:24:22.112+0000][368.804s][info ][safepoint     ] Entering safepoint region: Cleanup
[2023-11-11T17:24:22.113+0000][368.804s][info ][safepoint     ] Leaving safepoint region
[2023-11-11T17:24:22.113+0000][368.804s][info ][safepoint     ] Total time for which application threads were stopped: 0.0005758 seconds, Stopping threads took: 0.0001136 seconds
[2023-11-11T17:24:26.113+0000][372.805s][debug][safepoint     ] Safepoint synchronization initiated. (179 threads)
[2023-11-11T17:24:26.113+0000][372.805s][info ][safepoint     ] Application time: 4.0004335 seconds
[2023-11-11T17:24:26.113+0000][372.805s][info ][safepoint     ] Entering safepoint region: Cleanup
[2023-11-11T17:24:26.113+0000][372.805s][info ][safepoint     ] Leaving safepoint region
[2023-11-11T17:24:26.113+0000][372.805s][info ][safepoint     ] Total time for which application threads were stopped: 0.0003078 seconds, Stopping threads took: 0.0000719 seconds
[2023-11-11T17:24:27.114+0000][373.805s][debug][safepoint     ] Safepoint synchronization initiated. (179 threads)
[2023-11-11T17:24:27.114+0000][373.805s][info ][safepoint     ] Application time: 1.0001736 seconds
[2023-11-11T17:24:27.114+0000][373.805s][info ][safepoint     ] Entering safepoint region: Cleanup
[2023-11-11T17:24:27.114+0000][373.805s][info ][safepoint     ] Leaving safepoint region
[2023-11-11T17:24:27.114+0000][373.805s][info ][safepoint     ] Total time for which application threads were stopped: 0.0003249 seconds, Stopping threads took: 0.0000709 seconds
[2023-11-11T17:24:31.114+0000][377.806s][debug][safepoint     ] Safepoint synchronization initiated. (179 threads)
[2023-11-11T17:24:31.114+0000][377.806s][info ][safepoint     ] Application time: 4.0004349 seconds
[2023-11-11T17:24:31.115+0000][377.806s][info ][safepoint     ] Entering safepoint region: Cleanup
[2023-11-11T17:24:31.115+0000][377.806s][info ][safepoint     ] Leaving safepoint region
[2023-11-11T17:24:31.115+0000][377.806s][info ][safepoint     ] Total time for which application threads were stopped: 0.0002923 seconds, Stopping threads took: 0.0000715 seconds
[2023-11-11T17:24:32.115+0000][378.806s][debug][safepoint     ] Safepoint synchronization initiated. (179 threads)
[2023-11-11T17:24:32.115+0000][378.806s][info ][safepoint     ] Application time: 1.0001755 seconds
[2023-11-11T17:24:32.115+0000][378.806s][info ][safepoint     ] Entering safepoint region: Cleanup
[2023-11-11T17:24:32.116+0000][378.807s][info ][safepoint     ] Leaving safepoint region
[2023-11-11T17:24:32.116+0000][378.807s][info ][safepoint     ] Total time for which application threads were stopped: 0.0007145 seconds, Stopping threads took: 0.0004369 seconds
[2023-11-11T17:24:53.118+0000][399.809s][debug][safepoint     ] Safepoint synchronization initiated. (179 threads)
[2023-11-11T17:24:53.118+0000][399.809s][info ][safepoint     ] Application time: 21.0020930 seconds
[2023-11-11T17:24:53.118+0000][399.809s][info ][safepoint     ] Entering safepoint region: Cleanup
[2023-11-11T17:24:53.118+0000][399.810s][info ][safepoint     ] Leaving safepoint region
[2023-11-11T17:24:53.118+0000][399.810s][info ][safepoint     ] Total time for which application threads were stopped: 0.0003509 seconds, Stopping threads took: 0.0000665 seconds
[2023-11-11T17:24:56.119+0000][402.810s][debug][safepoint     ] Safepoint synchronization initiated. (179 threads)
[2023-11-11T17:24:56.119+0000][402.810s][info ][safepoint     ] Application time: 3.0003776 seconds
[2023-11-11T17:24:56.119+0000][402.810s][info ][safepoint     ] Entering safepoint region: Cleanup
[2023-11-11T17:24:56.119+0000][402.810s][info ][safepoint     ] Leaving safepoint region
[2023-11-11T17:24:56.119+0000][402.810s][info ][safepoint     ] Total time for which application threads were stopped: 0.0003882 seconds, Stopping threads took: 0.0000882 seconds
[2023-11-11T17:25:13.121+0000][419.812s][debug][safepoint     ] Safepoint synchronization initiated. (179 threads)
[2023-11-11T17:25:13.121+0000][419.812s][info ][safepoint     ] Application time: 17.0016497 seconds
[2023-11-11T17:25:13.121+0000][419.812s][info ][safepoint     ] Entering safepoint region: Cleanup
[2023-11-11T17:25:13.121+0000][419.813s][info ][safepoint     ] Leaving safepoint region
[2023-11-11T17:25:13.121+0000][419.813s][info ][safepoint     ] Total time for which application threads were stopped: 0.0004258 seconds, Stopping threads took: 0.0001412 seconds
[2023-11-11T17:25:26.122+0000][432.814s][debug][safepoint     ] Safepoint synchronization initiated. (178 threads)
[2023-11-11T17:25:26.122+0000][432.814s][info ][safepoint     ] Application time: 13.0012797 seconds
[2023-11-11T17:25:26.123+0000][432.814s][info ][safepoint     ] Entering safepoint region: Cleanup
[2023-11-11T17:25:26.123+0000][432.814s][info ][safepoint     ] Leaving safepoint region
[2023-11-11T17:25:26.123+0000][432.814s][info ][safepoint     ] Total time for which application threads were stopped: 0.0002788 seconds, Stopping threads took: 0.0000675 seconds
[2023-11-11T17:25:31.123+0000][437.815s][debug][safepoint     ] Safepoint synchronization initiated. (178 threads)
[2023-11-11T17:25:31.123+0000][437.815s][info ][safepoint     ] Application time: 5.0006901 seconds
[2023-11-11T17:25:31.124+0000][437.815s][info ][safepoint     ] Entering safepoint region: Cleanup
[2023-11-11T17:25:31.124+0000][437.815s][info ][safepoint     ] Leaving safepoint region
[2023-11-11T17:25:31.124+0000][437.815s][info ][safepoint     ] Total time for which application threads were stopped: 0.0003716 seconds, Stopping threads took: 0.0000744 seconds
[2023-11-11T17:26:08.129+0000][474.821s][debug][safepoint     ] Safepoint synchronization initiated. (178 threads)
[2023-11-11T17:26:08.130+0000][474.821s][info ][safepoint     ] Application time: 37.0057401 seconds
[2023-11-11T17:26:08.130+0000][474.821s][info ][safepoint     ] Entering safepoint region: Cleanup
[2023-11-11T17:26:08.130+0000][474.822s][info ][safepoint     ] Leaving safepoint region
[2023-11-11T17:26:08.130+0000][474.822s][info ][safepoint     ] Total time for which application threads were stopped: 0.0006057 seconds, Stopping threads took: 0.0001146 seconds
[2023-11-11T17:26:15.131+0000][481.822s][debug][safepoint     ] Safepoint synchronization initiated. (178 threads)
[2023-11-11T17:26:15.131+0000][481.823s][info ][safepoint     ] Application time: 7.0008569 seconds
[2023-11-11T17:26:15.131+0000][481.823s][info ][safepoint     ] Entering safepoint region: Cleanup
[2023-11-11T17:26:15.132+0000][481.823s][info ][safepoint     ] Leaving safepoint region
[2023-11-11T17:26:15.132+0000][481.823s][info ][safepoint     ] Total time for which application threads were stopped: 0.0006028 seconds, Stopping threads took: 0.0001102 seconds
[2023-11-11T17:26:16.132+0000][482.823s][debug][safepoint     ] Safepoint synchronization initiated. (177 threads)
[2023-11-11T17:26:16.132+0000][482.823s][info ][safepoint     ] Application time: 1.0002523 seconds
[2023-11-11T17:26:16.132+0000][482.824s][info ][safepoint     ] Entering safepoint region: Cleanup
[2023-11-11T17:26:16.133+0000][482.824s][info ][safepoint     ] Leaving safepoint region
[2023-11-11T17:26:16.133+0000][482.824s][info ][safepoint     ] Total time for which application threads were stopped: 0.0005021 seconds, Stopping threads took: 0.0001083 seconds
[2023-11-11T17:26:26.134+0000][492.825s][debug][safepoint     ] Safepoint synchronization initiated. (177 threads)
[2023-11-11T17:26:26.134+0000][492.825s][info ][safepoint     ] Application time: 10.0012716 seconds
[2023-11-11T17:26:26.134+0000][492.825s][info ][safepoint     ] Entering safepoint region: Cleanup
[2023-11-11T17:26:26.135+0000][492.826s][info ][safepoint     ] Leaving safepoint region
[2023-11-11T17:26:26.135+0000][492.826s][info ][safepoint     ] Total time for which application threads were stopped: 0.0005887 seconds, Stopping threads took: 0.0000977 seconds
[2023-11-11T17:26:35.136+0000][501.827s][debug][safepoint     ] Safepoint synchronization initiated. (177 threads)
[2023-11-11T17:26:35.136+0000][501.827s][info ][safepoint     ] Application time: 9.0010222 seconds
[2023-11-11T17:26:35.136+0000][501.827s][info ][safepoint     ] Entering safepoint region: Cleanup
[2023-11-11T17:26:35.136+0000][501.827s][info ][safepoint     ] Leaving safepoint region
[2023-11-11T17:26:35.136+0000][501.827s][info ][safepoint     ] Total time for which application threads were stopped: 0.0004028 seconds, Stopping threads took: 0.0000904 seconds
[2023-11-11T17:26:56.139+0000][522.830s][debug][safepoint     ] Safepoint synchronization initiated. (177 threads)
[2023-11-11T17:26:56.139+0000][522.830s][info ][safepoint     ] Application time: 21.0025878 seconds
[2023-11-11T17:26:56.139+0000][522.830s][info ][safepoint     ] Entering safepoint region: Cleanup
[2023-11-11T17:26:56.139+0000][522.831s][info ][safepoint     ] Leaving safepoint region
[2023-11-11T17:26:56.139+0000][522.831s][info ][safepoint     ] Total time for which application threads were stopped: 0.0005745 seconds, Stopping threads took: 0.0000947 seconds
[2023-11-11T17:27:15.141+0000][541.833s][debug][safepoint     ] Safepoint synchronization initiated. (177 threads)
[2023-11-11T17:27:15.142+0000][541.833s][info ][safepoint     ] Application time: 19.0022445 seconds
[2023-11-11T17:27:15.142+0000][541.833s][info ][safepoint     ] Entering safepoint region: Cleanup
[2023-11-11T17:27:15.142+0000][541.833s][info ][safepoint     ] Leaving safepoint region
[2023-11-11T17:27:15.142+0000][541.834s][info ][safepoint     ] Total time for which application threads were stopped: 0.0005426 seconds, Stopping threads took: 0.0000913 seconds
[2023-11-11T17:27:26.143+0000][552.835s][debug][safepoint     ] Safepoint synchronization initiated. (176 threads)
[2023-11-11T17:27:26.143+0000][552.835s][info ][safepoint     ] Application time: 11.0010420 seconds
[2023-11-11T17:27:26.143+0000][552.835s][info ][safepoint     ] Entering safepoint region: Cleanup
[2023-11-11T17:27:26.144+0000][552.835s][info ][safepoint     ] Leaving safepoint region
[2023-11-11T17:27:26.144+0000][552.835s][info ][safepoint     ] Total time for which application threads were stopped: 0.0004597 seconds, Stopping threads took: 0.0000692 seconds
[2023-11-11T17:28:16.149+0000][602.840s][debug][safepoint     ] Safepoint synchronization initiated. (175 threads)
[2023-11-11T17:28:16.149+0000][602.840s][info ][safepoint     ] Application time: 50.0053994 seconds
[2023-11-11T17:28:16.149+0000][602.841s][info ][safepoint     ] Entering safepoint region: Cleanup
[2023-11-11T17:28:16.150+0000][602.841s][info ][safepoint     ] Leaving safepoint region
[2023-11-11T17:28:16.150+0000][602.841s][info ][safepoint     ] Total time for which application threads were stopped: 0.0006901 seconds, Stopping threads took: 0.0000890 seconds
[2023-11-11T17:28:22.150+0000][608.842s][debug][safepoint     ] Safepoint synchronization initiated. (175 threads)
[2023-11-11T17:28:22.151+0000][608.842s][info ][safepoint     ] Application time: 6.0007457 seconds
[2023-11-11T17:28:22.151+0000][608.842s][info ][safepoint     ] Entering safepoint region: Cleanup
[2023-11-11T17:28:22.151+0000][608.843s][info ][safepoint     ] Leaving safepoint region
[2023-11-11T17:28:22.151+0000][608.843s][info ][safepoint     ] Total time for which application threads were stopped: 0.0005885 seconds, Stopping threads took: 0.0001079 seconds
[2023-11-11T17:28:23.151+0000][609.843s][debug][safepoint     ] Safepoint synchronization initiated. (175 threads)
[2023-11-11T17:28:23.151+0000][609.843s][info ][safepoint     ] Application time: 1.0002208 seconds
[2023-11-11T17:28:23.151+0000][609.843s][info ][safepoint     ] Entering safepoint region: Cleanup
[2023-11-11T17:28:23.152+0000][609.843s][info ][safepoint     ] Leaving safepoint region
[2023-11-11T17:28:23.152+0000][609.843s][info ][safepoint     ] Total time for which application threads were stopped: 0.0003139 seconds, Stopping threads took: 0.0000738 seconds
[2023-11-11T17:28:26.152+0000][612.844s][debug][safepoint     ] Safepoint synchronization initiated. (175 threads)
[2023-11-11T17:28:26.152+0000][612.844s][info ][safepoint     ] Application time: 3.0004441 seconds
[2023-11-11T17:28:26.152+0000][612.844s][info ][safepoint     ] Entering safepoint region: Cleanup
[2023-11-11T17:28:26.153+0000][612.844s][info ][safepoint     ] Leaving safepoint region
[2023-11-11T17:28:26.153+0000][612.844s][info ][safepoint     ] Total time for which application threads were stopped: 0.0005956 seconds, Stopping threads took: 0.0001070 seconds
[2023-11-11T17:28:54.693+0000][641.384s][debug][safepoint     ] Safepoint synchronization initiated. (175 threads)
[2023-11-11T17:28:54.693+0000][641.384s][info ][safepoint     ] Application time: 28.5397130 seconds
[2023-11-11T17:28:54.693+0000][641.384s][info ][safepoint     ] Entering safepoint region: G1CollectForAllocation
[2023-11-11T17:28:54.693+0000][641.384s][info ][gc,start      ] GC(46) Pause Young (Normal) (G1 Evacuation Pause)
[2023-11-11T17:28:54.693+0000][641.384s][info ][gc,task       ] GC(46) Using 6 workers of 6 for evacuation
[2023-11-11T17:28:54.727+0000][641.418s][info ][gc,phases     ] GC(46)   Pre Evacuate Collection Set: 0.1ms
[2023-11-11T17:28:54.727+0000][641.418s][info ][gc,phases     ] GC(46)   Evacuate Collection Set: 29.3ms
[2023-11-11T17:28:54.727+0000][641.418s][info ][gc,phases     ] GC(46)   Post Evacuate Collection Set: 4.2ms
[2023-11-11T17:28:54.727+0000][641.418s][info ][gc,phases     ] GC(46)   Other: 0.4ms
[2023-11-11T17:28:54.727+0000][641.418s][info ][gc,heap       ] GC(46) Eden regions: 381->0(386)
[2023-11-11T17:28:54.727+0000][641.418s][info ][gc,heap       ] GC(46) Survivor regions: 28->23(52)
[2023-11-11T17:28:54.727+0000][641.418s][info ][gc,heap       ] GC(46) Old regions: 126->132
[2023-11-11T17:28:54.727+0000][641.418s][info ][gc,heap       ] GC(46) Humongous regions: 0->0
[2023-11-11T17:28:54.727+0000][641.418s][info ][gc,metaspace  ] GC(46) Metaspace: 162472K(168124K)->162472K(168124K) NonClass: 143552K(146932K)->143552K(146932K) Class: 18919K(21192K)->18919K(21192K)
[2023-11-11T17:28:54.727+0000][641.419s][info ][gc            ] GC(46) Pause Young (Normal) (G1 Evacuation Pause) 533M->153M(682M) 34.167ms
[2023-11-11T17:28:54.727+0000][641.419s][info ][gc,cpu        ] GC(46) User=0.16s Sys=0.00s Real=0.03s
[2023-11-11T17:28:54.727+0000][641.419s][info ][safepoint     ] Leaving safepoint region
[2023-11-11T17:28:54.727+0000][641.419s][info ][safepoint     ] Total time for which application threads were stopped: 0.0346378 seconds, Stopping threads took: 0.0000682 seconds
[2023-11-11T17:28:54.727+0000][641.419s][info ][gc,stringdedup] Concurrent String Deduplication (641.419s)
[2023-11-11T17:28:54.731+0000][641.422s][info ][gc,stringdedup] Concurrent String Deduplication 442.7K->210.9K(231.8K) avg 54.2% (641.419s, 641.422s) 3.247ms
[2023-11-11T17:29:16.730+0000][663.421s][debug][safepoint     ] Safepoint synchronization initiated. (175 threads)
[2023-11-11T17:29:16.730+0000][663.421s][info ][safepoint     ] Application time: 22.0026361 seconds
[2023-11-11T17:29:16.730+0000][663.421s][info ][safepoint     ] Entering safepoint region: Cleanup
[2023-11-11T17:29:16.730+0000][663.422s][info ][safepoint     ] Leaving safepoint region
[2023-11-11T17:29:16.731+0000][663.422s][info ][safepoint     ] Total time for which application threads were stopped: 0.0005701 seconds, Stopping threads took: 0.0001915 seconds
[2023-11-11T17:29:25.732+0000][672.423s][debug][safepoint     ] Safepoint synchronization initiated. (175 threads)
[2023-11-11T17:29:25.732+0000][672.423s][info ][safepoint     ] Application time: 9.0010699 seconds
[2023-11-11T17:29:25.732+0000][672.423s][info ][safepoint     ] Entering safepoint region: Cleanup
[2023-11-11T17:29:25.732+0000][672.423s][info ][safepoint     ] Leaving safepoint region
[2023-11-11T17:29:25.732+0000][672.423s][info ][safepoint     ] Total time for which application threads were stopped: 0.0003346 seconds, Stopping threads took: 0.0000757 seconds
[2023-11-11T17:29:45.734+0000][692.426s][debug][safepoint     ] Safepoint synchronization initiated. (175 threads)
[2023-11-11T17:29:45.734+0000][692.426s][info ][safepoint     ] Application time: 20.0023340 seconds
[2023-11-11T17:29:45.734+0000][692.426s][info ][safepoint     ] Entering safepoint region: Cleanup
[2023-11-11T17:29:45.735+0000][692.426s][info ][safepoint     ] Leaving safepoint region
[2023-11-11T17:29:45.735+0000][692.426s][info ][safepoint     ] Total time for which application threads were stopped: 0.0002859 seconds, Stopping threads took: 0.0000618 seconds
[2023-11-11T17:29:49.735+0000][696.427s][debug][safepoint     ] Safepoint synchronization initiated. (175 threads)
[2023-11-11T17:29:49.735+0000][696.427s][info ][safepoint     ] Application time: 4.0005492 seconds
[2023-11-11T17:29:49.735+0000][696.427s][info ][safepoint     ] Entering safepoint region: Cleanup
[2023-11-11T17:29:49.736+0000][696.427s][info ][safepoint     ] Leaving safepoint region
[2023-11-11T17:29:49.736+0000][696.427s][info ][safepoint     ] Total time for which application threads were stopped: 0.0004592 seconds, Stopping threads took: 0.0001105 seconds
[2023-11-11T17:30:00.737+0000][707.428s][debug][safepoint     ] Safepoint synchronization initiated. (175 threads)
[2023-11-11T17:30:00.737+0000][707.429s][info ][safepoint     ] Application time: 11.0013460 seconds
[2023-11-11T17:30:00.737+0000][707.429s][info ][safepoint     ] Entering safepoint region: Cleanup
[2023-11-11T17:30:00.738+0000][707.429s][info ][safepoint     ] Leaving safepoint region
[2023-11-11T17:30:00.738+0000][707.429s][info ][safepoint     ] Total time for which application threads were stopped: 0.0004868 seconds, Stopping threads took: 0.0001136 seconds
[2023-11-11T17:30:09.739+0000][716.430s][debug][safepoint     ] Safepoint synchronization initiated. (175 threads)
[2023-11-11T17:30:09.739+0000][716.430s][info ][safepoint     ] Application time: 9.0010211 seconds
[2023-11-11T17:30:09.739+0000][716.430s][info ][safepoint     ] Entering safepoint region: Cleanup
[2023-11-11T17:30:09.739+0000][716.431s][info ][safepoint     ] Leaving safepoint region
[2023-11-11T17:30:09.739+0000][716.431s][info ][safepoint     ] Total time for which application threads were stopped: 0.0004243 seconds, Stopping threads took: 0.0000956 seconds
[2023-11-11T17:30:25.741+0000][732.432s][debug][safepoint     ] Safepoint synchronization initiated. (175 threads)
[2023-11-11T17:30:25.741+0000][732.433s][info ][safepoint     ] Application time: 16.0019714 seconds
[2023-11-11T17:30:25.741+0000][732.433s][info ][safepoint     ] Entering safepoint region: Cleanup
[2023-11-11T17:30:25.741+0000][732.433s][info ][safepoint     ] Leaving safepoint region
[2023-11-11T17:30:25.741+0000][732.433s][info ][safepoint     ] Total time for which application threads were stopped: 0.0003287 seconds, Stopping threads took: 0.0000683 seconds
[2023-11-11T17:31:00.745+0000][767.437s][debug][safepoint     ] Safepoint synchronization initiated. (175 threads)
[2023-11-11T17:31:00.745+0000][767.437s][info ][safepoint     ] Application time: 35.0040100 seconds
[2023-11-11T17:31:00.746+0000][767.437s][debug][safepoint     ] ... found polling page return exception at pc = 0x00007f28ec952294, stub =0x00007f28e4841800
[2023-11-11T17:31:00.746+0000][767.437s][debug][safepoint     ] Waiting for 1 thread(s) to block
[2023-11-11T17:31:00.746+0000][767.437s][info ][safepoint     ] Entering safepoint region: Cleanup
[2023-11-11T17:31:00.746+0000][767.437s][info ][safepoint     ] Leaving safepoint region
[2023-11-11T17:31:00.746+0000][767.437s][info ][safepoint     ] Total time for which application threads were stopped: 0.0004126 seconds, Stopping threads took: 0.0002167 seconds
[2023-11-11T17:31:16.748+0000][783.439s][debug][safepoint     ] Safepoint synchronization initiated. (175 threads)
[2023-11-11T17:31:16.748+0000][783.439s][info ][safepoint     ] Application time: 16.0019015 seconds
[2023-11-11T17:31:16.748+0000][783.439s][info ][safepoint     ] Entering safepoint region: Cleanup
[2023-11-11T17:31:16.748+0000][783.440s][info ][safepoint     ] Leaving safepoint region
[2023-11-11T17:31:16.748+0000][783.440s][info ][safepoint     ] Total time for which application threads were stopped: 0.0002597 seconds, Stopping threads took: 0.0000596 seconds
[2023-11-11T17:31:25.749+0000][792.441s][debug][safepoint     ] Safepoint synchronization initiated. (175 threads)
[2023-11-11T17:31:25.749+0000][792.441s][info ][safepoint     ] Application time: 9.0012061 seconds
[2023-11-11T17:31:25.749+0000][792.441s][info ][safepoint     ] Entering safepoint region: Cleanup
[2023-11-11T17:31:25.750+0000][792.441s][info ][safepoint     ] Leaving safepoint region
[2023-11-11T17:31:25.750+0000][792.441s][info ][safepoint     ] Total time for which application threads were stopped: 0.0003671 seconds, Stopping threads took: 0.0001021 seconds
[2023-11-11T17:31:40.751+0000][807.443s][debug][safepoint     ] Safepoint synchronization initiated. (175 threads)
[2023-11-11T17:31:40.751+0000][807.443s][info ][safepoint     ] Application time: 15.0016998 seconds
[2023-11-11T17:31:40.752+0000][807.443s][info ][safepoint     ] Entering safepoint region: Cleanup
[2023-11-11T17:31:40.752+0000][807.443s][info ][safepoint     ] Leaving safepoint region
[2023-11-11T17:31:40.752+0000][807.443s][info ][safepoint     ] Total time for which application threads were stopped: 0.0002475 seconds, Stopping threads took: 0.0000707 seconds
[2023-11-11T17:31:53.753+0000][820.444s][debug][safepoint     ] Safepoint synchronization initiated. (175 threads)
[2023-11-11T17:31:53.753+0000][820.444s][info ][safepoint     ] Application time: 13.0012801 seconds
[2023-11-11T17:31:53.753+0000][820.445s][info ][safepoint     ] Entering safepoint region: Cleanup
[2023-11-11T17:31:53.753+0000][820.445s][info ][safepoint     ] Leaving safepoint region
[2023-11-11T17:31:53.753+0000][820.445s][info ][safepoint     ] Total time for which application threads were stopped: 0.0002589 seconds, Stopping threads took: 0.0000764 seconds
[2023-11-11T17:32:16.756+0000][843.447s][debug][safepoint     ] Safepoint synchronization initiated. (175 threads)
[2023-11-11T17:32:16.756+0000][843.447s][info ][safepoint     ] Application time: 23.0026276 seconds
[2023-11-11T17:32:16.756+0000][843.447s][info ][safepoint     ] Entering safepoint region: Cleanup
[2023-11-11T17:32:16.756+0000][843.448s][info ][safepoint     ] Leaving safepoint region
[2023-11-11T17:32:16.756+0000][843.448s][info ][safepoint     ] Total time for which application threads were stopped: 0.0004537 seconds, Stopping threads took: 0.0001278 seconds
[2023-11-11T17:32:20.757+0000][847.448s][debug][safepoint     ] Safepoint synchronization initiated. (175 threads)
[2023-11-11T17:32:20.757+0000][847.448s][info ][safepoint     ] Application time: 4.0005479 seconds
[2023-11-11T17:32:20.757+0000][847.449s][info ][safepoint     ] Entering safepoint region: Cleanup
[2023-11-11T17:32:20.757+0000][847.449s][info ][safepoint     ] Leaving safepoint region
[2023-11-11T17:32:20.758+0000][847.449s][info ][safepoint     ] Total time for which application threads were stopped: 0.0004999 seconds, Stopping threads took: 0.0001153 seconds
[2023-11-11T17:32:25.758+0000][852.450s][debug][safepoint     ] Safepoint synchronization initiated. (175 threads)
[2023-11-11T17:32:25.758+0000][852.450s][info ][safepoint     ] Application time: 5.0007027 seconds
[2023-11-11T17:32:25.758+0000][852.450s][info ][safepoint     ] Entering safepoint region: Cleanup
[2023-11-11T17:32:25.759+0000][852.450s][info ][safepoint     ] Leaving safepoint region
[2023-11-11T17:32:25.759+0000][852.450s][info ][safepoint     ] Total time for which application threads were stopped: 0.0005284 seconds, Stopping threads took: 0.0001153 seconds
[2023-11-11T17:32:42.761+0000][869.452s][debug][safepoint     ] Safepoint synchronization initiated. (175 threads)
[2023-11-11T17:32:42.761+0000][869.452s][info ][safepoint     ] Application time: 17.0020062 seconds
[2023-11-11T17:32:42.761+0000][869.452s][info ][safepoint     ] Entering safepoint region: Cleanup
[2023-11-11T17:32:42.761+0000][869.453s][info ][safepoint     ] Leaving safepoint region
[2023-11-11T17:32:42.761+0000][869.453s][info ][safepoint     ] Total time for which application threads were stopped: 0.0002813 seconds, Stopping threads took: 0.0000678 seconds
[2023-11-11T17:32:48.762+0000][875.453s][debug][safepoint     ] Safepoint synchronization initiated. (175 threads)
[2023-11-11T17:32:48.762+0000][875.454s][info ][safepoint     ] Application time: 6.0009186 seconds
[2023-11-11T17:32:48.762+0000][875.454s][info ][safepoint     ] Entering safepoint region: Cleanup
[2023-11-11T17:32:48.763+0000][875.454s][info ][safepoint     ] Leaving safepoint region
[2023-11-11T17:32:48.763+0000][875.454s][info ][safepoint     ] Total time for which application threads were stopped: 0.0005737 seconds, Stopping threads took: 0.0001054 seconds
[2023-11-11T17:32:55.764+0000][882.455s][debug][safepoint     ] Safepoint synchronization initiated. (175 threads)
[2023-11-11T17:32:55.764+0000][882.455s][info ][safepoint     ] Application time: 7.0008255 seconds
[2023-11-11T17:32:55.764+0000][882.455s][info ][safepoint     ] Entering safepoint region: Cleanup
[2023-11-11T17:32:55.764+0000][882.455s][info ][safepoint     ] Leaving safepoint region
[2023-11-11T17:32:55.764+0000][882.455s][info ][safepoint     ] Total time for which application threads were stopped: 0.0002759 seconds, Stopping threads took: 0.0000592 seconds
[2023-11-11T17:33:15.766+0000][902.457s][debug][safepoint     ] Safepoint synchronization initiated. (175 threads)
[2023-11-11T17:33:15.766+0000][902.458s][info ][safepoint     ] Application time: 20.0022315 seconds
[2023-11-11T17:33:15.766+0000][902.458s][info ][safepoint     ] Entering safepoint region: Cleanup
[2023-11-11T17:33:15.766+0000][902.458s][info ][safepoint     ] Leaving safepoint region
[2023-11-11T17:33:15.766+0000][902.458s][info ][safepoint     ] Total time for which application threads were stopped: 0.0003104 seconds, Stopping threads took: 0.0000976 seconds
[2023-11-11T17:33:16.767+0000][903.458s][debug][safepoint     ] Safepoint synchronization initiated. (175 threads)
[2023-11-11T17:33:16.767+0000][903.458s][info ][safepoint     ] Application time: 1.0002696 seconds
[2023-11-11T17:33:16.767+0000][903.458s][info ][safepoint     ] Entering safepoint region: Cleanup
[2023-11-11T17:33:16.767+0000][903.459s][info ][safepoint     ] Leaving safepoint region
[2023-11-11T17:33:16.767+0000][903.459s][info ][safepoint     ] Total time for which application threads were stopped: 0.0003898 seconds, Stopping threads took: 0.0000874 seconds
[2023-11-11T17:33:55.771+0000][942.463s][debug][safepoint     ] Safepoint synchronization initiated. (175 threads)
[2023-11-11T17:33:55.772+0000][942.463s][info ][safepoint     ] Application time: 39.0042913 seconds
[2023-11-11T17:33:55.772+0000][942.463s][info ][safepoint     ] Entering safepoint region: Cleanup
[2023-11-11T17:33:55.772+0000][942.463s][info ][safepoint     ] Leaving safepoint region
[2023-11-11T17:33:55.772+0000][942.463s][info ][safepoint     ] Total time for which application threads were stopped: 0.0004400 seconds, Stopping threads took: 0.0001009 seconds
[2023-11-11T17:34:16.774+0000][963.466s][debug][safepoint     ] Safepoint synchronization initiated. (174 threads)
[2023-11-11T17:34:16.775+0000][963.466s][info ][safepoint     ] Application time: 21.0025952 seconds
[2023-11-11T17:34:16.775+0000][963.466s][info ][safepoint     ] Entering safepoint region: Cleanup
[2023-11-11T17:34:16.775+0000][963.467s][info ][safepoint     ] Leaving safepoint region
[2023-11-11T17:34:16.775+0000][963.467s][info ][safepoint     ] Total time for which application threads were stopped: 0.0005126 seconds, Stopping threads took: 0.0001056 seconds
[2023-11-11T17:34:21.776+0000][968.467s][debug][safepoint     ] Safepoint synchronization initiated. (174 threads)
[2023-11-11T17:34:21.776+0000][968.467s][info ][safepoint     ] Application time: 5.0006967 seconds
[2023-11-11T17:34:21.776+0000][968.467s][info ][safepoint     ] Entering safepoint region: Cleanup
[2023-11-11T17:34:21.776+0000][968.468s][info ][safepoint     ] Leaving safepoint region
[2023-11-11T17:34:21.776+0000][968.468s][info ][safepoint     ] Total time for which application threads were stopped: 0.0004220 seconds, Stopping threads took: 0.0000930 seconds
[2023-11-11T17:34:25.777+0000][972.468s][debug][safepoint     ] Safepoint synchronization initiated. (174 threads)
[2023-11-11T17:34:25.777+0000][972.468s][info ][safepoint     ] Application time: 4.0005858 seconds
[2023-11-11T17:34:25.777+0000][972.468s][info ][safepoint     ] Entering safepoint region: Cleanup
[2023-11-11T17:34:25.777+0000][972.469s][info ][safepoint     ] Leaving safepoint region
[2023-11-11T17:34:25.777+0000][972.469s][info ][safepoint     ] Total time for which application threads were stopped: 0.0004367 seconds, Stopping threads took: 0.0000931 seconds
[2023-11-11T17:34:32.778+0000][979.470s][debug][safepoint     ] Safepoint synchronization initiated. (174 threads)
[2023-11-11T17:34:32.778+0000][979.470s][info ][safepoint     ] Application time: 7.0009553 seconds
[2023-11-11T17:34:32.779+0000][979.470s][info ][safepoint     ] Entering safepoint region: Cleanup
[2023-11-11T17:34:32.779+0000][979.470s][info ][safepoint     ] Leaving safepoint region
[2023-11-11T17:34:32.779+0000][979.470s][info ][safepoint     ] Total time for which application threads were stopped: 0.0005042 seconds, Stopping threads took: 0.0001071 seconds
[2023-11-11T17:35:16.784+0000][1023.475s][debug][safepoint     ] Safepoint synchronization initiated. (175 threads)
[2023-11-11T17:35:16.784+0000][1023.475s][info ][safepoint     ] Application time: 44.0049117 seconds
[2023-11-11T17:35:16.784+0000][1023.475s][info ][safepoint     ] Entering safepoint region: Cleanup
[2023-11-11T17:35:16.784+0000][1023.476s][info ][safepoint     ] Leaving safepoint region
[2023-11-11T17:35:16.784+0000][1023.476s][info ][safepoint     ] Total time for which application threads were stopped: 0.0003374 seconds, Stopping threads took: 0.0001099 seconds
[2023-11-11T17:35:35.786+0000][1042.478s][debug][safepoint     ] Safepoint synchronization initiated. (175 threads)
[2023-11-11T17:35:35.786+0000][1042.478s][info ][safepoint     ] Application time: 19.0020427 seconds
[2023-11-11T17:35:35.786+0000][1042.478s][info ][safepoint     ] Entering safepoint region: Cleanup
[2023-11-11T17:35:35.787+0000][1042.478s][info ][safepoint     ] Leaving safepoint region
[2023-11-11T17:35:35.787+0000][1042.478s][info ][safepoint     ] Total time for which application threads were stopped: 0.0002708 seconds, Stopping threads took: 0.0000704 seconds
[2023-11-11T17:35:55.789+0000][1062.480s][debug][safepoint     ] Safepoint synchronization initiated. (175 threads)
[2023-11-11T17:35:55.789+0000][1062.481s][info ][safepoint     ] Application time: 20.0025128 seconds
[2023-11-11T17:35:55.789+0000][1062.481s][info ][safepoint     ] Entering safepoint region: Cleanup
[2023-11-11T17:35:55.790+0000][1062.481s][info ][safepoint     ] Leaving safepoint region
[2023-11-11T17:35:55.790+0000][1062.481s][info ][safepoint     ] Total time for which application threads were stopped: 0.0004188 seconds, Stopping threads took: 0.0000871 seconds
[2023-11-11T17:36:06.995+0000][1073.686s][debug][safepoint     ] Safepoint synchronization initiated. (175 threads)
[2023-11-11T17:36:06.995+0000][1073.686s][info ][safepoint     ] Application time: 11.2052556 seconds
[2023-11-11T17:36:06.995+0000][1073.686s][info ][safepoint     ] Entering safepoint region: G1CollectForAllocation
[2023-11-11T17:36:06.995+0000][1073.687s][info ][gc,start      ] GC(47) Pause Young (Normal) (G1 Evacuation Pause)
[2023-11-11T17:36:06.995+0000][1073.687s][info ][gc,task       ] GC(47) Using 6 workers of 6 for evacuation
[2023-11-11T17:36:07.016+0000][1073.708s][info ][gc,phases     ] GC(47)   Pre Evacuate Collection Set: 0.2ms
[2023-11-11T17:36:07.016+0000][1073.708s][info ][gc,phases     ] GC(47)   Evacuate Collection Set: 16.6ms
[2023-11-11T17:36:07.016+0000][1073.708s][info ][gc,phases     ] GC(47)   Post Evacuate Collection Set: 3.9ms
[2023-11-11T17:36:07.016+0000][1073.708s][info ][gc,phases     ] GC(47)   Other: 0.4ms
[2023-11-11T17:36:07.016+0000][1073.708s][info ][gc,heap       ] GC(47) Eden regions: 386->0(386)
[2023-11-11T17:36:07.016+0000][1073.708s][info ][gc,heap       ] GC(47) Survivor regions: 23->23(52)
[2023-11-11T17:36:07.016+0000][1073.708s][info ][gc,heap       ] GC(47) Old regions: 132->132
[2023-11-11T17:36:07.016+0000][1073.708s][info ][gc,heap       ] GC(47) Humongous regions: 0->0
[2023-11-11T17:36:07.016+0000][1073.708s][info ][gc,metaspace  ] GC(47) Metaspace: 162700K(168380K)->162700K(168380K) NonClass: 143778K(147188K)->143778K(147188K) Class: 18922K(21192K)->18922K(21192K)
[2023-11-11T17:36:07.016+0000][1073.708s][info ][gc            ] GC(47) Pause Young (Normal) (G1 Evacuation Pause) 539M->152M(682M) 21.262ms
[2023-11-11T17:36:07.016+0000][1073.708s][info ][gc,cpu        ] GC(47) User=0.10s Sys=0.00s Real=0.02s
[2023-11-11T17:36:07.017+0000][1073.708s][info ][safepoint     ] Leaving safepoint region
[2023-11-11T17:36:07.017+0000][1073.708s][info ][safepoint     ] Total time for which application threads were stopped: 0.0216629 seconds, Stopping threads took: 0.0000697 seconds
[2023-11-11T17:36:07.017+0000][1073.708s][info ][gc,stringdedup] Concurrent String Deduplication (1073.708s)
[2023-11-11T17:36:07.021+0000][1073.712s][info ][gc,stringdedup] Concurrent String Deduplication 488.4K->290.6K(197.8K) avg 53.9% (1073.708s, 1073.712s) 4.254ms
[2023-11-11T17:36:26.019+0000][1092.710s][debug][safepoint     ] Safepoint synchronization initiated. (175 threads)
[2023-11-11T17:36:26.019+0000][1092.710s][info ][safepoint     ] Application time: 19.0023657 seconds
[2023-11-11T17:36:26.019+0000][1092.710s][info ][safepoint     ] Entering safepoint region: Cleanup
[2023-11-11T17:36:26.019+0000][1092.711s][info ][safepoint     ] Leaving safepoint region
[2023-11-11T17:36:26.019+0000][1092.711s][info ][safepoint     ] Total time for which application threads were stopped: 0.0002941 seconds, Stopping threads took: 0.0000657 seconds
[2023-11-11T17:37:14.025+0000][1140.716s][debug][safepoint     ] Safepoint synchronization initiated. (175 threads)
[2023-11-11T17:37:14.025+0000][1140.716s][info ][safepoint     ] Application time: 48.0054321 seconds
[2023-11-11T17:37:14.025+0000][1140.716s][info ][safepoint     ] Entering safepoint region: Cleanup
[2023-11-11T17:37:14.025+0000][1140.716s][info ][safepoint     ] Leaving safepoint region
[2023-11-11T17:37:14.025+0000][1140.716s][info ][safepoint     ] Total time for which application threads were stopped: 0.0002978 seconds, Stopping threads took: 0.0000750 seconds
[2023-11-11T17:37:26.026+0000][1152.718s][debug][safepoint     ] Safepoint synchronization initiated. (175 threads)
[2023-11-11T17:37:26.026+0000][1152.718s][info ][safepoint     ] Application time: 12.0014668 seconds
[2023-11-11T17:37:26.027+0000][1152.718s][info ][safepoint     ] Entering safepoint region: Cleanup
[2023-11-11T17:37:26.027+0000][1152.718s][info ][safepoint     ] Leaving safepoint region
[2023-11-11T17:37:26.027+0000][1152.718s][info ][safepoint     ] Total time for which application threads were stopped: 0.0004689 seconds, Stopping threads took: 0.0001182 seconds
[2023-11-11T17:37:52.030+0000][1178.721s][debug][safepoint     ] Safepoint synchronization initiated. (175 threads)
[2023-11-11T17:37:52.030+0000][1178.722s][info ][safepoint     ] Application time: 26.0031892 seconds
[2023-11-11T17:37:52.030+0000][1178.722s][info ][safepoint     ] Entering safepoint region: Cleanup
[2023-11-11T17:37:52.031+0000][1178.722s][info ][safepoint     ] Leaving safepoint region
[2023-11-11T17:37:52.031+0000][1178.722s][info ][safepoint     ] Total time for which application threads were stopped: 0.0004281 seconds, Stopping threads took: 0.0001465 seconds
[2023-11-11T17:37:55.031+0000][1181.722s][debug][safepoint     ] Safepoint synchronization initiated. (178 threads)
[2023-11-11T17:37:55.031+0000][1181.723s][info ][safepoint     ] Application time: 3.0004846 seconds
[2023-11-11T17:37:55.031+0000][1181.723s][info ][safepoint     ] Entering safepoint region: Cleanup
[2023-11-11T17:37:55.032+0000][1181.723s][info ][safepoint     ] Leaving safepoint region
[2023-11-11T17:37:55.032+0000][1181.723s][info ][safepoint     ] Total time for which application threads were stopped: 0.0005386 seconds, Stopping threads took: 0.0001178 seconds
[2023-11-11T17:37:56.032+0000][1182.723s][debug][safepoint     ] Safepoint synchronization initiated. (178 threads)
[2023-11-11T17:37:56.032+0000][1182.723s][info ][safepoint     ] Application time: 1.0002267 seconds
[2023-11-11T17:37:56.032+0000][1182.724s][info ][safepoint     ] Entering safepoint region: Cleanup
[2023-11-11T17:37:56.032+0000][1182.724s][info ][safepoint     ] Leaving safepoint region
[2023-11-11T17:37:56.032+0000][1182.724s][info ][safepoint     ] Total time for which application threads were stopped: 0.0003523 seconds, Stopping threads took: 0.0000926 seconds
[2023-11-11T17:37:57.033+0000][1183.724s][debug][safepoint     ] Safepoint synchronization initiated. (178 threads)
[2023-11-11T17:37:57.033+0000][1183.724s][info ][safepoint     ] Application time: 1.0001671 seconds
[2023-11-11T17:37:57.033+0000][1183.724s][info ][safepoint     ] Entering safepoint region: Cleanup
[2023-11-11T17:37:57.033+0000][1183.724s][info ][safepoint     ] Leaving safepoint region
[2023-11-11T17:37:57.033+0000][1183.724s][info ][safepoint     ] Total time for which application threads were stopped: 0.0002609 seconds, Stopping threads took: 0.0000775 seconds
[2023-11-11T17:38:05.034+0000][1191.725s][debug][safepoint     ] Safepoint synchronization initiated. (178 threads)
[2023-11-11T17:38:05.034+0000][1191.725s][info ][safepoint     ] Application time: 8.0007410 seconds
[2023-11-11T17:38:05.034+0000][1191.725s][info ][safepoint     ] Entering safepoint region: Cleanup
[2023-11-11T17:38:05.034+0000][1191.725s][info ][safepoint     ] Leaving safepoint region
[2023-11-11T17:38:05.034+0000][1191.725s][info ][safepoint     ] Total time for which application threads were stopped: 0.0002496 seconds, Stopping threads took: 0.0000745 seconds
[2023-11-11T17:38:10.034+0000][1196.726s][debug][safepoint     ] Safepoint synchronization initiated. (178 threads)
[2023-11-11T17:38:10.034+0000][1196.726s][info ][safepoint     ] Application time: 5.0005044 seconds
[2023-11-11T17:38:10.034+0000][1196.726s][info ][safepoint     ] Entering safepoint region: Cleanup
[2023-11-11T17:38:10.035+0000][1196.726s][info ][safepoint     ] Leaving safepoint region
[2023-11-11T17:38:10.035+0000][1196.726s][info ][safepoint     ] Total time for which application threads were stopped: 0.0002526 seconds, Stopping threads took: 0.0000729 seconds
[2023-11-11T17:38:18.035+0000][1204.727s][debug][safepoint     ] Safepoint synchronization initiated. (178 threads)
[2023-11-11T17:38:18.035+0000][1204.727s][info ][safepoint     ] Application time: 8.0008065 seconds
[2023-11-11T17:38:18.036+0000][1204.727s][info ][safepoint     ] Entering safepoint region: Cleanup
[2023-11-11T17:38:18.036+0000][1204.727s][info ][safepoint     ] Leaving safepoint region
[2023-11-11T17:38:18.036+0000][1204.727s][info ][safepoint     ] Total time for which application threads were stopped: 0.0003173 seconds, Stopping threads took: 0.0001142 seconds
[2023-11-11T17:38:26.037+0000][1212.728s][debug][safepoint     ] Safepoint synchronization initiated. (178 threads)
[2023-11-11T17:38:26.037+0000][1212.728s][info ][safepoint     ] Application time: 8.0007858 seconds
[2023-11-11T17:38:26.037+0000][1212.728s][info ][safepoint     ] Entering safepoint region: Cleanup
[2023-11-11T17:38:26.037+0000][1212.728s][info ][safepoint     ] Leaving safepoint region
[2023-11-11T17:38:26.037+0000][1212.728s][info ][safepoint     ] Total time for which application threads were stopped: 0.0002447 seconds, Stopping threads took: 0.0000727 seconds
[2023-11-11T17:39:16.041+0000][1262.733s][debug][safepoint     ] Safepoint synchronization initiated. (176 threads)
[2023-11-11T17:39:16.041+0000][1262.733s][info ][safepoint     ] Application time: 50.0045680 seconds
[2023-11-11T17:39:16.042+0000][1262.733s][info ][safepoint     ] Entering safepoint region: Cleanup
[2023-11-11T17:39:16.042+0000][1262.733s][info ][safepoint     ] Leaving safepoint region
[2023-11-11T17:39:16.042+0000][1262.733s][info ][safepoint     ] Total time for which application threads were stopped: 0.0002984 seconds, Stopping threads took: 0.0000728 seconds
[2023-11-11T17:39:17.042+0000][1263.733s][debug][safepoint     ] Safepoint synchronization initiated. (176 threads)
[2023-11-11T17:39:17.042+0000][1263.733s][info ][safepoint     ] Application time: 1.0001887 seconds
[2023-11-11T17:39:17.042+0000][1263.733s][info ][safepoint     ] Entering safepoint region: Cleanup
[2023-11-11T17:39:17.042+0000][1263.734s][info ][safepoint     ] Leaving safepoint region
[2023-11-11T17:39:17.042+0000][1263.734s][info ][safepoint     ] Total time for which application threads were stopped: 0.0002521 seconds, Stopping threads took: 0.0000721 seconds
[2023-11-11T17:39:55.046+0000][1301.737s][debug][safepoint     ] Safepoint synchronization initiated. (176 threads)
[2023-11-11T17:39:55.046+0000][1301.737s][info ][safepoint     ] Application time: 38.0034474 seconds
[2023-11-11T17:39:55.046+0000][1301.737s][info ][safepoint     ] Entering safepoint region: Cleanup
[2023-11-11T17:39:55.046+0000][1301.737s][info ][safepoint     ] Leaving safepoint region
[2023-11-11T17:39:55.046+0000][1301.737s][info ][safepoint     ] Total time for which application threads were stopped: 0.0002817 seconds, Stopping threads took: 0.0000752 seconds
[2023-11-11T17:39:56.046+0000][1302.738s][debug][safepoint     ] Safepoint synchronization initiated. (176 threads)
[2023-11-11T17:39:56.046+0000][1302.738s][info ][safepoint     ] Application time: 1.0001603 seconds
[2023-11-11T17:39:56.046+0000][1302.738s][info ][safepoint     ] Entering safepoint region: Cleanup
[2023-11-11T17:39:56.046+0000][1302.738s][info ][safepoint     ] Leaving safepoint region
[2023-11-11T17:39:56.047+0000][1302.738s][info ][safepoint     ] Total time for which application threads were stopped: 0.0002693 seconds, Stopping threads took: 0.0000899 seconds
[2023-11-11T17:40:15.049+0000][1321.740s][debug][safepoint     ] Safepoint synchronization initiated. (176 threads)
[2023-11-11T17:40:15.049+0000][1321.740s][info ][safepoint     ] Application time: 19.0021083 seconds
[2023-11-11T17:40:15.049+0000][1321.740s][info ][safepoint     ] Entering safepoint region: Cleanup
[2023-11-11T17:40:15.049+0000][1321.740s][info ][safepoint     ] Leaving safepoint region
[2023-11-11T17:40:15.049+0000][1321.741s][info ][safepoint     ] Total time for which application threads were stopped: 0.0004328 seconds, Stopping threads took: 0.0001248 seconds
[2023-11-11T17:40:18.049+0000][1324.741s][debug][safepoint     ] Safepoint synchronization initiated. (176 threads)
[2023-11-11T17:40:18.050+0000][1324.741s][info ][safepoint     ] Application time: 3.0004558 seconds
[2023-11-11T17:40:18.050+0000][1324.741s][info ][safepoint     ] Entering safepoint region: Cleanup
[2023-11-11T17:40:18.050+0000][1324.741s][info ][safepoint     ] Leaving safepoint region
[2023-11-11T17:40:18.050+0000][1324.741s][info ][safepoint     ] Total time for which application threads were stopped: 0.0003958 seconds, Stopping threads took: 0.0000900 seconds
[2023-11-11T17:40:23.051+0000][1329.742s][debug][safepoint     ] Safepoint synchronization initiated. (176 threads)
[2023-11-11T17:40:23.051+0000][1329.742s][info ][safepoint     ] Application time: 5.0006054 seconds
[2023-11-11T17:40:23.051+0000][1329.742s][info ][safepoint     ] Entering safepoint region: Cleanup
[2023-11-11T17:40:23.051+0000][1329.742s][info ][safepoint     ] Leaving safepoint region
[2023-11-11T17:40:23.051+0000][1329.742s][info ][safepoint     ] Total time for which application threads were stopped: 0.0002558 seconds, Stopping threads took: 0.0000723 seconds
[2023-11-11T17:40:26.051+0000][1332.743s][debug][safepoint     ] Safepoint synchronization initiated. (176 threads)
[2023-11-11T17:40:26.051+0000][1332.743s][info ][safepoint     ] Application time: 3.0004932 seconds
[2023-11-11T17:40:26.052+0000][1332.743s][info ][safepoint     ] Entering safepoint region: Cleanup
[2023-11-11T17:40:26.052+0000][1332.743s][info ][safepoint     ] Leaving safepoint region
[2023-11-11T17:40:26.052+0000][1332.743s][info ][safepoint     ] Total time for which application threads were stopped: 0.0005361 seconds, Stopping threads took: 0.0001159 seconds
[2023-11-11T17:40:35.053+0000][1341.744s][debug][safepoint     ] Safepoint synchronization initiated. (176 threads)
[2023-11-11T17:40:35.053+0000][1341.744s][info ][safepoint     ] Application time: 9.0010168 seconds
[2023-11-11T17:40:35.053+0000][1341.745s][info ][safepoint     ] Entering safepoint region: Cleanup
[2023-11-11T17:40:35.053+0000][1341.745s][info ][safepoint     ] Leaving safepoint region
[2023-11-11T17:40:35.053+0000][1341.745s][info ][safepoint     ] Total time for which application threads were stopped: 0.0003296 seconds, Stopping threads took: 0.0000732 seconds
[2023-11-11T17:40:48.055+0000][1354.746s][debug][safepoint     ] Safepoint synchronization initiated. (176 threads)
[2023-11-11T17:40:48.055+0000][1354.746s][info ][safepoint     ] Application time: 13.0014190 seconds
[2023-11-11T17:40:48.055+0000][1354.746s][info ][safepoint     ] Entering safepoint region: Cleanup
[2023-11-11T17:40:48.055+0000][1354.747s][info ][safepoint     ] Leaving safepoint region
[2023-11-11T17:40:48.055+0000][1354.747s][info ][safepoint     ] Total time for which application threads were stopped: 0.0005671 seconds, Stopping threads took: 0.0001179 seconds
[2023-11-11T17:40:53.056+0000][1359.747s][debug][safepoint     ] Safepoint synchronization initiated. (176 threads)
[2023-11-11T17:40:53.056+0000][1359.748s][info ][safepoint     ] Application time: 5.0006145 seconds
[2023-11-11T17:40:53.056+0000][1359.748s][info ][safepoint     ] Entering safepoint region: Cleanup
[2023-11-11T17:40:53.056+0000][1359.748s][info ][safepoint     ] Leaving safepoint region
[2023-11-11T17:40:53.057+0000][1359.748s][info ][safepoint     ] Total time for which application threads were stopped: 0.0004201 seconds, Stopping threads took: 0.0000894 seconds
[2023-11-11T17:41:15.059+0000][1381.751s][debug][safepoint     ] Safepoint synchronization initiated. (176 threads)
[2023-11-11T17:41:15.059+0000][1381.751s][info ][safepoint     ] Application time: 22.0028656 seconds
[2023-11-11T17:41:15.060+0000][1381.751s][info ][safepoint     ] Entering safepoint region: Cleanup
[2023-11-11T17:41:15.060+0000][1381.751s][info ][safepoint     ] Leaving safepoint region
[2023-11-11T17:41:15.060+0000][1381.751s][info ][safepoint     ] Total time for which application threads were stopped: 0.0004845 seconds, Stopping threads took: 0.0001046 seconds
[2023-11-11T17:41:21.061+0000][1387.752s][debug][safepoint     ] Safepoint synchronization initiated. (176 threads)
[2023-11-11T17:41:21.061+0000][1387.752s][info ][safepoint     ] Application time: 6.0007020 seconds
[2023-11-11T17:41:21.061+0000][1387.752s][info ][safepoint     ] Entering safepoint region: Cleanup
[2023-11-11T17:41:21.061+0000][1387.753s][info ][safepoint     ] Leaving safepoint region
[2023-11-11T17:41:21.061+0000][1387.753s][info ][safepoint     ] Total time for which application threads were stopped: 0.0005492 seconds, Stopping threads took: 0.0001081 seconds
[2023-11-11T17:41:53.065+0000][1419.756s][debug][safepoint     ] Safepoint synchronization initiated. (176 threads)
[2023-11-11T17:41:53.065+0000][1419.756s][info ][safepoint     ] Application time: 32.0033948 seconds
[2023-11-11T17:41:53.065+0000][1419.756s][info ][safepoint     ] Entering safepoint region: Cleanup
[2023-11-11T17:41:53.065+0000][1419.757s][info ][safepoint     ] Leaving safepoint region
[2023-11-11T17:41:53.065+0000][1419.757s][info ][safepoint     ] Total time for which application threads were stopped: 0.0003999 seconds, Stopping threads took: 0.0000704 seconds
[2023-11-11T17:41:56.066+0000][1422.757s][debug][safepoint     ] Safepoint synchronization initiated. (176 threads)
[2023-11-11T17:41:56.066+0000][1422.757s][info ][safepoint     ] Application time: 3.0004366 seconds
[2023-11-11T17:41:56.066+0000][1422.757s][info ][safepoint     ] Entering safepoint region: Cleanup
[2023-11-11T17:41:56.066+0000][1422.757s][info ][safepoint     ] Leaving safepoint region
[2023-11-11T17:41:56.066+0000][1422.758s][info ][safepoint     ] Total time for which application threads were stopped: 0.0004459 seconds, Stopping threads took: 0.0001077 seconds
[2023-11-11T17:42:13.068+0000][1439.759s][debug][safepoint     ] Safepoint synchronization initiated. (176 threads)
[2023-11-11T17:42:13.068+0000][1439.759s][info ][safepoint     ] Application time: 17.0019545 seconds
[2023-11-11T17:42:13.068+0000][1439.760s][info ][safepoint     ] Entering safepoint region: Cleanup
[2023-11-11T17:42:13.068+0000][1439.760s][info ][safepoint     ] Leaving safepoint region
[2023-11-11T17:42:13.068+0000][1439.760s][info ][safepoint     ] Total time for which application threads were stopped: 0.0004010 seconds, Stopping threads took: 0.0000888 seconds
[2023-11-11T17:42:26.070+0000][1452.761s][debug][safepoint     ] Safepoint synchronization initiated. (176 threads)
[2023-11-11T17:42:26.070+0000][1452.761s][info ][safepoint     ] Application time: 13.0015566 seconds
[2023-11-11T17:42:26.070+0000][1452.762s][info ][safepoint     ] Entering safepoint region: Cleanup
[2023-11-11T17:42:26.071+0000][1452.762s][info ][safepoint     ] Leaving safepoint region
[2023-11-11T17:42:26.071+0000][1452.762s][info ][safepoint     ] Total time for which application threads were stopped: 0.0007733 seconds, Stopping threads took: 0.0001376 seconds
[2023-11-11T17:42:33.072+0000][1459.763s][debug][safepoint     ] Safepoint synchronization initiated. (176 threads)
[2023-11-11T17:42:33.072+0000][1459.763s][info ][safepoint     ] Application time: 7.0007389 seconds
[2023-11-11T17:42:33.072+0000][1459.763s][info ][safepoint     ] Entering safepoint region: Cleanup
[2023-11-11T17:42:33.072+0000][1459.763s][info ][safepoint     ] Leaving safepoint region
[2023-11-11T17:42:33.072+0000][1459.763s][info ][safepoint     ] Total time for which application threads were stopped: 0.0003666 seconds, Stopping threads took: 0.0000721 seconds
[2023-11-11T17:42:48.596+0000][1475.288s][debug][safepoint     ] Safepoint synchronization initiated. (176 threads)
[2023-11-11T17:42:48.596+0000][1475.288s][info ][safepoint     ] Application time: 15.5242687 seconds
[2023-11-11T17:42:48.596+0000][1475.288s][info ][safepoint     ] Entering safepoint region: G1CollectForAllocation
[2023-11-11T17:42:48.597+0000][1475.288s][info ][gc,start      ] GC(48) Pause Young (Normal) (G1 Evacuation Pause)
[2023-11-11T17:42:48.597+0000][1475.288s][info ][gc,task       ] GC(48) Using 6 workers of 6 for evacuation
[2023-11-11T17:42:48.650+0000][1475.342s][info ][gc,phases     ] GC(48)   Pre Evacuate Collection Set: 0.1ms
[2023-11-11T17:42:48.650+0000][1475.342s][info ][gc,phases     ] GC(48)   Evacuate Collection Set: 43.2ms
[2023-11-11T17:42:48.650+0000][1475.342s][info ][gc,phases     ] GC(48)   Post Evacuate Collection Set: 9.6ms
[2023-11-11T17:42:48.651+0000][1475.342s][info ][gc,phases     ] GC(48)   Other: 0.6ms
[2023-11-11T17:42:48.651+0000][1475.342s][info ][gc,heap       ] GC(48) Eden regions: 386->0(385)
[2023-11-11T17:42:48.651+0000][1475.342s][info ][gc,heap       ] GC(48) Survivor regions: 23->24(52)
[2023-11-11T17:42:48.651+0000][1475.342s][info ][gc,heap       ] GC(48) Old regions: 132->132
[2023-11-11T17:42:48.651+0000][1475.342s][info ][gc,heap       ] GC(48) Humongous regions: 0->0
[2023-11-11T17:42:48.651+0000][1475.342s][info ][gc,metaspace  ] GC(48) Metaspace: 164000K(169788K)->164000K(169788K) NonClass: 144937K(148468K)->144937K(148468K) Class: 19062K(21320K)->19062K(21320K)
[2023-11-11T17:42:48.651+0000][1475.342s][info ][gc            ] GC(48) Pause Young (Normal) (G1 Evacuation Pause) 538M->153M(682M) 53.811ms
[2023-11-11T17:42:48.651+0000][1475.342s][info ][gc,cpu        ] GC(48) User=0.15s Sys=0.00s Real=0.06s
[2023-11-11T17:42:48.651+0000][1475.342s][info ][safepoint     ] Leaving safepoint region
[2023-11-11T17:42:48.651+0000][1475.342s][info ][safepoint     ] Total time for which application threads were stopped: 0.0545437 seconds, Stopping threads took: 0.0000921 seconds
[2023-11-11T17:42:48.651+0000][1475.342s][info ][gc,stringdedup] Concurrent String Deduplication (1475.342s)
[2023-11-11T17:42:48.652+0000][1475.343s][info ][gc,stringdedup] Concurrent String Deduplication 78680.0B->35008.0B(43672.0B) avg 53.9% (1475.342s, 1475.343s) 0.905ms
[2023-11-11T17:42:56.652+0000][1483.343s][debug][safepoint     ] Safepoint synchronization initiated. (177 threads)
[2023-11-11T17:42:56.652+0000][1483.343s][info ][safepoint     ] Application time: 8.0009935 seconds
[2023-11-11T17:42:56.652+0000][1483.343s][info ][safepoint     ] Entering safepoint region: Cleanup
[2023-11-11T17:42:56.652+0000][1483.344s][info ][safepoint     ] Leaving safepoint region
[2023-11-11T17:42:56.652+0000][1483.344s][info ][safepoint     ] Total time for which application threads were stopped: 0.0005007 seconds, Stopping threads took: 0.0001119 seconds
[2023-11-11T17:43:15.655+0000][1502.346s][debug][safepoint     ] Safepoint synchronization initiated. (177 threads)
[2023-11-11T17:43:15.655+0000][1502.346s][info ][safepoint     ] Application time: 19.0023068 seconds
[2023-11-11T17:43:15.655+0000][1502.346s][info ][safepoint     ] Entering safepoint region: Cleanup
[2023-11-11T17:43:15.655+0000][1502.347s][info ][safepoint     ] Leaving safepoint region
[2023-11-11T17:43:15.655+0000][1502.347s][info ][safepoint     ] Total time for which application threads were stopped: 0.0003177 seconds, Stopping threads took: 0.0000963 seconds
[2023-11-11T17:43:26.656+0000][1513.348s][debug][safepoint     ] Safepoint synchronization initiated. (177 threads)
[2023-11-11T17:43:26.657+0000][1513.348s][info ][safepoint     ] Application time: 11.0014387 seconds
[2023-11-11T17:43:26.657+0000][1513.348s][info ][safepoint     ] Entering safepoint region: Cleanup
[2023-11-11T17:43:26.657+0000][1513.348s][info ][safepoint     ] Leaving safepoint region
[2023-11-11T17:43:26.657+0000][1513.348s][info ][safepoint     ] Total time for which application threads were stopped: 0.0004251 seconds, Stopping threads took: 0.0001057 seconds
[2023-11-11T17:43:44.659+0000][1531.350s][debug][safepoint     ] Safepoint synchronization initiated. (177 threads)
[2023-11-11T17:43:44.659+0000][1531.350s][info ][safepoint     ] Application time: 18.0017617 seconds
[2023-11-11T17:43:44.659+0000][1531.350s][info ][safepoint     ] Entering safepoint region: Cleanup
[2023-11-11T17:43:44.659+0000][1531.351s][info ][safepoint     ] Leaving safepoint region
[2023-11-11T17:43:44.659+0000][1531.351s][info ][safepoint     ] Total time for which application threads were stopped: 0.0002762 seconds, Stopping threads took: 0.0000702 seconds
[2023-11-11T17:44:13.662+0000][1560.353s][debug][safepoint     ] Safepoint synchronization initiated. (176 threads)
[2023-11-11T17:44:13.662+0000][1560.353s][info ][safepoint     ] Application time: 29.0028941 seconds
[2023-11-11T17:44:13.662+0000][1560.354s][info ][safepoint     ] Entering safepoint region: Cleanup
[2023-11-11T17:44:13.662+0000][1560.354s][info ][safepoint     ] Leaving safepoint region
[2023-11-11T17:44:13.662+0000][1560.354s][info ][safepoint     ] Total time for which application threads were stopped: 0.0002965 seconds, Stopping threads took: 0.0000734 seconds
[2023-11-11T17:44:16.663+0000][1563.354s][debug][safepoint     ] Safepoint synchronization initiated. (175 threads)
[2023-11-11T17:44:16.663+0000][1563.354s][info ][safepoint     ] Application time: 3.0003541 seconds
[2023-11-11T17:44:16.663+0000][1563.354s][info ][safepoint     ] Entering safepoint region: Cleanup
[2023-11-11T17:44:16.663+0000][1563.354s][info ][safepoint     ] Leaving safepoint region
[2023-11-11T17:44:16.663+0000][1563.354s][info ][safepoint     ] Total time for which application threads were stopped: 0.0002797 seconds, Stopping threads took: 0.0001023 seconds
[2023-11-11T17:45:25.670+0000][1632.361s][debug][safepoint     ] Safepoint synchronization initiated. (175 threads)
[2023-11-11T17:45:25.670+0000][1632.361s][info ][safepoint     ] Application time: 69.0069674 seconds
[2023-11-11T17:45:25.670+0000][1632.362s][info ][safepoint     ] Entering safepoint region: Cleanup
[2023-11-11T17:45:25.670+0000][1632.362s][info ][safepoint     ] Leaving safepoint region
[2023-11-11T17:45:25.670+0000][1632.362s][info ][safepoint     ] Total time for which application threads were stopped: 0.0004381 seconds, Stopping threads took: 0.0001464 seconds
[2023-11-11T17:45:26.671+0000][1633.362s][debug][safepoint     ] Safepoint synchronization initiated. (175 threads)
[2023-11-11T17:45:26.671+0000][1633.362s][info ][safepoint     ] Application time: 1.0001737 seconds
[2023-11-11T17:45:26.671+0000][1633.362s][info ][safepoint     ] Entering safepoint region: Cleanup
[2023-11-11T17:45:26.671+0000][1633.362s][info ][safepoint     ] Leaving safepoint region
[2023-11-11T17:45:26.671+0000][1633.362s][info ][safepoint     ] Total time for which application threads were stopped: 0.0002928 seconds, Stopping threads took: 0.0000656 seconds
[2023-11-11T17:45:52.674+0000][1659.365s][debug][safepoint     ] Safepoint synchronization initiated. (175 threads)
[2023-11-11T17:45:52.674+0000][1659.365s][info ][safepoint     ] Application time: 26.0026728 seconds
[2023-11-11T17:45:52.674+0000][1659.365s][info ][safepoint     ] Entering safepoint region: Cleanup
[2023-11-11T17:45:52.674+0000][1659.365s][info ][safepoint     ] Leaving safepoint region
[2023-11-11T17:45:52.674+0000][1659.365s][info ][safepoint     ] Total time for which application threads were stopped: 0.0002241 seconds, Stopping threads took: 0.0000636 seconds
[2023-11-11T17:46:15.676+0000][1682.368s][debug][safepoint     ] Safepoint synchronization initiated. (175 threads)
[2023-11-11T17:46:15.676+0000][1682.368s][info ][safepoint     ] Application time: 23.0022366 seconds
[2023-11-11T17:46:15.676+0000][1682.368s][info ][safepoint     ] Entering safepoint region: Cleanup
[2023-11-11T17:46:15.676+0000][1682.368s][info ][safepoint     ] Leaving safepoint region
[2023-11-11T17:46:15.677+0000][1682.368s][info ][safepoint     ] Total time for which application threads were stopped: 0.0003218 seconds, Stopping threads took: 0.0000922 seconds
[2023-11-11T17:46:16.677+0000][1683.368s][debug][safepoint     ] Safepoint synchronization initiated. (175 threads)
[2023-11-11T17:46:16.677+0000][1683.368s][info ][safepoint     ] Application time: 1.0001713 seconds
[2023-11-11T17:46:16.677+0000][1683.368s][info ][safepoint     ] Entering safepoint region: Cleanup
[2023-11-11T17:46:16.677+0000][1683.368s][info ][safepoint     ] Leaving safepoint region
[2023-11-11T17:46:16.677+0000][1683.368s][info ][safepoint     ] Total time for which application threads were stopped: 0.0002729 seconds, Stopping threads took: 0.0000653 seconds
[2023-11-11T17:47:06.682+0000][1733.374s][debug][safepoint     ] Safepoint synchronization initiated. (175 threads)
[2023-11-11T17:47:06.682+0000][1733.374s][info ][safepoint     ] Application time: 50.0051548 seconds
[2023-11-11T17:47:06.682+0000][1733.374s][info ][safepoint     ] Entering safepoint region: Cleanup
[2023-11-11T17:47:06.682+0000][1733.374s][info ][safepoint     ] Leaving safepoint region
[2023-11-11T17:47:06.682+0000][1733.374s][info ][safepoint     ] Total time for which application threads were stopped: 0.0002536 seconds, Stopping threads took: 0.0000700 seconds
[2023-11-11T17:47:16.683+0000][1743.375s][debug][safepoint     ] Safepoint synchronization initiated. (180 threads)
[2023-11-11T17:47:16.684+0000][1743.375s][info ][safepoint     ] Application time: 10.0010606 seconds
[2023-11-11T17:47:16.684+0000][1743.375s][info ][safepoint     ] Entering safepoint region: Cleanup
[2023-11-11T17:47:16.684+0000][1743.375s][info ][safepoint     ] Leaving safepoint region
[2023-11-11T17:47:16.684+0000][1743.375s][info ][safepoint     ] Total time for which application threads were stopped: 0.0002919 seconds, Stopping threads took: 0.0001045 seconds
[2023-11-11T17:47:26.685+0000][1753.376s][debug][safepoint     ] Safepoint synchronization initiated. (180 threads)
[2023-11-11T17:47:26.685+0000][1753.376s][info ][safepoint     ] Application time: 10.0009897 seconds
[2023-11-11T17:47:26.685+0000][1753.376s][info ][safepoint     ] Entering safepoint region: Cleanup
[2023-11-11T17:47:26.685+0000][1753.377s][info ][safepoint     ] Leaving safepoint region
[2023-11-11T17:47:26.685+0000][1753.377s][info ][safepoint     ] Total time for which application threads were stopped: 0.0002857 seconds, Stopping threads took: 0.0000661 seconds
[2023-11-11T17:47:37.687+0000][1764.378s][debug][safepoint     ] Safepoint synchronization initiated. (180 threads)
[2023-11-11T17:47:37.687+0000][1764.378s][info ][safepoint     ] Application time: 11.0014157 seconds
[2023-11-11T17:47:37.687+0000][1764.378s][info ][safepoint     ] Entering safepoint region: Cleanup
[2023-11-11T17:47:37.687+0000][1764.378s][info ][safepoint     ] Leaving safepoint region
[2023-11-11T17:47:37.687+0000][1764.378s][info ][safepoint     ] Total time for which application threads were stopped: 0.0002833 seconds, Stopping threads took: 0.0000701 seconds
[2023-11-11T17:47:39.687+0000][1766.379s][debug][safepoint     ] Safepoint synchronization initiated. (181 threads)
[2023-11-11T17:47:39.687+0000][1766.379s][info ][safepoint     ] Application time: 2.0002794 seconds
[2023-11-11T17:47:39.687+0000][1766.379s][info ][safepoint     ] Entering safepoint region: Cleanup
[2023-11-11T17:47:39.687+0000][1766.379s][info ][safepoint     ] Leaving safepoint region
[2023-11-11T17:47:39.687+0000][1766.379s][info ][safepoint     ] Total time for which application threads were stopped: 0.0002651 seconds, Stopping threads took: 0.0000708 seconds
[2023-11-11T17:47:52.689+0000][1779.381s][debug][safepoint     ] Safepoint synchronization initiated. (182 threads)
[2023-11-11T17:47:52.689+0000][1779.381s][info ][safepoint     ] Application time: 13.0017281 seconds
[2023-11-11T17:47:52.689+0000][1779.381s][info ][safepoint     ] Entering safepoint region: Cleanup
[2023-11-11T17:47:52.690+0000][1779.381s][info ][safepoint     ] Leaving safepoint region
[2023-11-11T17:47:52.690+0000][1779.381s][info ][safepoint     ] Total time for which application threads were stopped: 0.0003231 seconds, Stopping threads took: 0.0000851 seconds
[2023-11-11T17:47:54.690+0000][1781.381s][debug][safepoint     ] Safepoint synchronization initiated. (184 threads)
[2023-11-11T17:47:54.690+0000][1781.381s][info ][safepoint     ] Application time: 2.0003924 seconds
[2023-11-11T17:47:54.690+0000][1781.382s][info ][safepoint     ] Entering safepoint region: Cleanup
[2023-11-11T17:47:54.690+0000][1781.382s][info ][safepoint     ] Leaving safepoint region
[2023-11-11T17:47:54.690+0000][1781.382s][info ][safepoint     ] Total time for which application threads were stopped: 0.0004731 seconds, Stopping threads took: 0.0001028 seconds
[2023-11-11T17:47:56.691+0000][1783.382s][debug][safepoint     ] Safepoint synchronization initiated. (184 threads)
[2023-11-11T17:47:56.691+0000][1783.382s][info ][safepoint     ] Application time: 2.0003927 seconds
[2023-11-11T17:47:56.691+0000][1783.382s][info ][safepoint     ] Entering safepoint region: Cleanup
[2023-11-11T17:47:56.691+0000][1783.383s][info ][safepoint     ] Leaving safepoint region
[2023-11-11T17:47:56.691+0000][1783.383s][info ][safepoint     ] Total time for which application threads were stopped: 0.0004275 seconds, Stopping threads took: 0.0000950 seconds
[2023-11-11T17:48:15.693+0000][1802.385s][debug][safepoint     ] Safepoint synchronization initiated. (184 threads)
[2023-11-11T17:48:15.694+0000][1802.385s][info ][safepoint     ] Application time: 19.0020729 seconds
[2023-11-11T17:48:15.694+0000][1802.385s][info ][safepoint     ] Entering safepoint region: Cleanup
[2023-11-11T17:48:15.694+0000][1802.385s][info ][safepoint     ] Leaving safepoint region
[2023-11-11T17:48:15.694+0000][1802.385s][info ][safepoint     ] Total time for which application threads were stopped: 0.0003053 seconds, Stopping threads took: 0.0000679 seconds
[2023-11-11T17:48:16.694+0000][1803.385s][debug][safepoint     ] Safepoint synchronization initiated. (184 threads)
[2023-11-11T17:48:16.694+0000][1803.385s][info ][safepoint     ] Application time: 1.0002059 seconds
[2023-11-11T17:48:16.694+0000][1803.386s][info ][safepoint     ] Entering safepoint region: Cleanup
[2023-11-11T17:48:16.694+0000][1803.386s][info ][safepoint     ] Leaving safepoint region
[2023-11-11T17:48:16.694+0000][1803.386s][info ][safepoint     ] Total time for which application threads were stopped: 0.0003002 seconds, Stopping threads took: 0.0000827 seconds
[2023-11-11T17:48:25.695+0000][1812.387s][debug][safepoint     ] Safepoint synchronization initiated. (184 threads)
[2023-11-11T17:48:25.695+0000][1812.387s][info ][safepoint     ] Application time: 9.0010934 seconds
[2023-11-11T17:48:25.696+0000][1812.387s][info ][safepoint     ] Entering safepoint region: Cleanup
[2023-11-11T17:48:25.696+0000][1812.387s][info ][safepoint     ] Leaving safepoint region
[2023-11-11T17:48:25.696+0000][1812.387s][info ][safepoint     ] Total time for which application threads were stopped: 0.0005254 seconds, Stopping threads took: 0.0001167 seconds
[2023-11-11T17:48:32.697+0000][1819.388s][debug][safepoint     ] Safepoint synchronization initiated. (184 threads)
[2023-11-11T17:48:32.697+0000][1819.388s][info ][safepoint     ] Application time: 7.0007845 seconds
[2023-11-11T17:48:32.697+0000][1819.388s][info ][safepoint     ] Entering safepoint region: Cleanup
[2023-11-11T17:48:32.697+0000][1819.389s][info ][safepoint     ] Leaving safepoint region
[2023-11-11T17:48:32.697+0000][1819.389s][info ][safepoint     ] Total time for which application threads were stopped: 0.0002791 seconds, Stopping threads took: 0.0000817 seconds
[2023-11-11T17:48:42.698+0000][1829.390s][debug][safepoint     ] Safepoint synchronization initiated. (182 threads)
[2023-11-11T17:48:42.698+0000][1829.390s][info ][safepoint     ] Application time: 10.0012422 seconds
[2023-11-11T17:48:42.698+0000][1829.390s][info ][safepoint     ] Entering safepoint region: Cleanup
[2023-11-11T17:48:42.699+0000][1829.390s][info ][safepoint     ] Leaving safepoint region
[2023-11-11T17:48:42.699+0000][1829.390s][info ][safepoint     ] Total time for which application threads were stopped: 0.0003926 seconds, Stopping threads took: 0.0000940 seconds
[2023-11-11T17:49:02.701+0000][1849.393s][debug][safepoint     ] Safepoint synchronization initiated. (180 threads)
[2023-11-11T17:49:02.701+0000][1849.393s][info ][safepoint     ] Application time: 20.0024765 seconds
[2023-11-11T17:49:02.701+0000][1849.393s][info ][safepoint     ] Entering safepoint region: Cleanup
[2023-11-11T17:49:02.702+0000][1849.393s][info ][safepoint     ] Leaving safepoint region
[2023-11-11T17:49:02.702+0000][1849.393s][info ][safepoint     ] Total time for which application threads were stopped: 0.0005176 seconds, Stopping threads took: 0.0001114 seconds
[2023-11-11T17:49:16.703+0000][1863.395s][debug][safepoint     ] Safepoint synchronization initiated. (180 threads)
[2023-11-11T17:49:16.704+0000][1863.395s][info ][safepoint     ] Application time: 14.0015917 seconds
[2023-11-11T17:49:16.704+0000][1863.395s][info ][safepoint     ] Entering safepoint region: Cleanup
[2023-11-11T17:49:16.704+0000][1863.395s][info ][safepoint     ] Leaving safepoint region
[2023-11-11T17:49:16.704+0000][1863.395s][info ][safepoint     ] Total time for which application threads were stopped: 0.0002598 seconds, Stopping threads took: 0.0000814 seconds
[2023-11-11T17:49:25.705+0000][1872.396s][debug][safepoint     ] Safepoint synchronization initiated. (180 threads)
[2023-11-11T17:49:25.705+0000][1872.396s][info ][safepoint     ] Application time: 9.0010447 seconds
[2023-11-11T17:49:25.705+0000][1872.396s][info ][safepoint     ] Entering safepoint region: Cleanup
[2023-11-11T17:49:25.705+0000][1872.397s][info ][safepoint     ] Leaving safepoint region
[2023-11-11T17:49:25.705+0000][1872.397s][info ][safepoint     ] Total time for which application threads were stopped: 0.0003084 seconds, Stopping threads took: 0.0000750 seconds
[2023-11-11T17:49:26.705+0000][1873.397s][debug][safepoint     ] Safepoint synchronization initiated. (180 threads)
[2023-11-11T17:49:26.705+0000][1873.397s][info ][safepoint     ] Application time: 1.0001634 seconds
[2023-11-11T17:49:26.705+0000][1873.397s][info ][safepoint     ] Entering safepoint region: Cleanup
[2023-11-11T17:49:26.706+0000][1873.397s][info ][safepoint     ] Leaving safepoint region
[2023-11-11T17:49:26.706+0000][1873.397s][info ][safepoint     ] Total time for which application threads were stopped: 0.0003355 seconds, Stopping threads took: 0.0000640 seconds
[2023-11-11T17:49:55.709+0000][1902.401s][debug][safepoint     ] Safepoint synchronization initiated. (179 threads)
[2023-11-11T17:49:55.709+0000][1902.401s][info ][safepoint     ] Application time: 29.0034943 seconds
[2023-11-11T17:49:55.709+0000][1902.401s][info ][safepoint     ] Entering safepoint region: Cleanup
[2023-11-11T17:49:55.710+0000][1902.401s][info ][safepoint     ] Leaving safepoint region
[2023-11-11T17:49:55.710+0000][1902.401s][info ][safepoint     ] Total time for which application threads were stopped: 0.0005628 seconds, Stopping threads took: 0.0001178 seconds
[2023-11-11T17:49:59.169+0000][1905.861s][debug][safepoint     ] Safepoint synchronization initiated. (179 threads)
[2023-11-11T17:49:59.169+0000][1905.861s][info ][safepoint     ] Application time: 3.4595352 seconds
[2023-11-11T17:49:59.169+0000][1905.861s][info ][safepoint     ] Entering safepoint region: G1CollectForAllocation
[2023-11-11T17:49:59.170+0000][1905.861s][info ][gc,start      ] GC(49) Pause Young (Normal) (G1 Evacuation Pause)
[2023-11-11T17:49:59.170+0000][1905.861s][info ][gc,task       ] GC(49) Using 6 workers of 6 for evacuation
[2023-11-11T17:49:59.209+0000][1905.900s][info ][gc,phases     ] GC(49)   Pre Evacuate Collection Set: 0.0ms
[2023-11-11T17:49:59.209+0000][1905.900s][info ][gc,phases     ] GC(49)   Evacuate Collection Set: 32.4ms
[2023-11-11T17:49:59.209+0000][1905.900s][info ][gc,phases     ] GC(49)   Post Evacuate Collection Set: 6.3ms
[2023-11-11T17:49:59.209+0000][1905.900s][info ][gc,phases     ] GC(49)   Other: 0.4ms
[2023-11-11T17:49:59.209+0000][1905.900s][info ][gc,heap       ] GC(49) Eden regions: 385->0(384)
[2023-11-11T17:49:59.209+0000][1905.900s][info ][gc,heap       ] GC(49) Survivor regions: 24->25(52)
[2023-11-11T17:49:59.209+0000][1905.900s][info ][gc,heap       ] GC(49) Old regions: 132->132
[2023-11-11T17:49:59.209+0000][1905.900s][info ][gc,heap       ] GC(49) Humongous regions: 0->0
[2023-11-11T17:49:59.209+0000][1905.900s][info ][gc,metaspace  ] GC(49) Metaspace: 164240K(169788K)->164240K(169788K) NonClass: 145170K(148468K)->145170K(148468K) Class: 19069K(21320K)->19069K(21320K)
[2023-11-11T17:49:59.209+0000][1905.900s][info ][gc            ] GC(49) Pause Young (Normal) (G1 Evacuation Pause) 538M->154M(682M) 39.265ms
[2023-11-11T17:49:59.209+0000][1905.901s][info ][gc,cpu        ] GC(49) User=0.11s Sys=0.00s Real=0.04s
[2023-11-11T17:49:59.209+0000][1905.901s][info ][safepoint     ] Leaving safepoint region
[2023-11-11T17:49:59.209+0000][1905.901s][info ][safepoint     ] Total time for which application threads were stopped: 0.0397426 seconds, Stopping threads took: 0.0000703 seconds
[2023-11-11T17:49:59.209+0000][1905.901s][info ][gc,stringdedup] Concurrent String Deduplication (1905.901s)
[2023-11-11T17:49:59.209+0000][1905.901s][info ][gc,stringdedup] Concurrent String Deduplication 400.0B->400.0B(0.0B) avg 53.9% (1905.901s, 1905.901s) 0.067ms
[2023-11-11T17:50:02.210+0000][1908.901s][debug][safepoint     ] Safepoint synchronization initiated. (179 threads)
[2023-11-11T17:50:02.210+0000][1908.901s][info ][safepoint     ] Application time: 3.0004859 seconds
[2023-11-11T17:50:02.210+0000][1908.901s][info ][safepoint     ] Entering safepoint region: Cleanup
[2023-11-11T17:50:02.210+0000][1908.902s][info ][safepoint     ] Leaving safepoint region
[2023-11-11T17:50:02.210+0000][1908.902s][info ][safepoint     ] Total time for which application threads were stopped: 0.0004847 seconds, Stopping threads took: 0.0000953 seconds
[2023-11-11T17:50:16.212+0000][1922.903s][debug][safepoint     ] Safepoint synchronization initiated. (179 threads)
[2023-11-11T17:50:16.212+0000][1922.903s][info ][safepoint     ] Application time: 14.0016154 seconds
[2023-11-11T17:50:16.212+0000][1922.903s][info ][safepoint     ] Entering safepoint region: Cleanup
[2023-11-11T17:50:16.212+0000][1922.904s][info ][safepoint     ] Leaving safepoint region
[2023-11-11T17:50:16.212+0000][1922.904s][info ][safepoint     ] Total time for which application threads were stopped: 0.0003624 seconds, Stopping threads took: 0.0000927 seconds
[2023-11-11T17:50:26.213+0000][1932.905s][debug][safepoint     ] Safepoint synchronization initiated. (179 threads)
[2023-11-11T17:50:26.213+0000][1932.905s][info ][safepoint     ] Application time: 10.0012350 seconds
[2023-11-11T17:50:26.214+0000][1932.905s][info ][safepoint     ] Entering safepoint region: Cleanup
[2023-11-11T17:50:26.214+0000][1932.905s][info ][safepoint     ] Leaving safepoint region
[2023-11-11T17:50:26.214+0000][1932.905s][info ][safepoint     ] Total time for which application threads were stopped: 0.0004873 seconds, Stopping threads took: 0.0001219 seconds
[2023-11-11T17:51:27.221+0000][1993.912s][debug][safepoint     ] Safepoint synchronization initiated. (180 threads)
[2023-11-11T17:51:27.221+0000][1993.912s][info ][safepoint     ] Application time: 61.0068528 seconds
[2023-11-11T17:51:27.221+0000][1993.912s][info ][safepoint     ] Entering safepoint region: Cleanup
[2023-11-11T17:51:27.221+0000][1993.913s][info ][safepoint     ] Leaving safepoint region
[2023-11-11T17:51:27.221+0000][1993.913s][info ][safepoint     ] Total time for which application threads were stopped: 0.0003974 seconds, Stopping threads took: 0.0001046 seconds
[2023-11-11T17:51:42.223+0000][2008.914s][debug][safepoint     ] Safepoint synchronization initiated. (180 threads)
[2023-11-11T17:51:42.223+0000][2008.914s][info ][safepoint     ] Application time: 15.0017673 seconds
[2023-11-11T17:51:42.223+0000][2008.915s][info ][safepoint     ] Entering safepoint region: Cleanup
[2023-11-11T17:51:42.224+0000][2008.915s][info ][safepoint     ] Leaving safepoint region
[2023-11-11T17:51:42.224+0000][2008.915s][info ][safepoint     ] Total time for which application threads were stopped: 0.0005491 seconds, Stopping threads took: 0.0001125 seconds
[2023-11-11T17:51:48.224+0000][2014.916s][debug][safepoint     ] Safepoint synchronization initiated. (183 threads)
[2023-11-11T17:51:48.224+0000][2014.916s][info ][safepoint     ] Application time: 6.0006809 seconds
[2023-11-11T17:51:48.224+0000][2014.916s][info ][safepoint     ] Entering safepoint region: Cleanup
[2023-11-11T17:51:48.225+0000][2014.916s][info ][safepoint     ] Leaving safepoint region
[2023-11-11T17:51:48.225+0000][2014.916s][info ][safepoint     ] Total time for which application threads were stopped: 0.0002971 seconds, Stopping threads took: 0.0000734 seconds
[2023-11-11T17:52:15.227+0000][2041.918s][debug][safepoint     ] Safepoint synchronization initiated. (183 threads)
[2023-11-11T17:52:15.227+0000][2041.918s][info ][safepoint     ] Application time: 27.0023774 seconds
[2023-11-11T17:52:15.227+0000][2041.919s][info ][safepoint     ] Entering safepoint region: Cleanup
[2023-11-11T17:52:15.227+0000][2041.919s][info ][safepoint     ] Leaving safepoint region
[2023-11-11T17:52:15.227+0000][2041.919s][info ][safepoint     ] Total time for which application threads were stopped: 0.0003544 seconds, Stopping threads took: 0.0000699 seconds
[2023-11-11T17:52:16.228+0000][2042.919s][debug][safepoint     ] Safepoint synchronization initiated. (183 threads)
[2023-11-11T17:52:16.228+0000][2042.919s][info ][safepoint     ] Application time: 1.0002688 seconds
[2023-11-11T17:52:16.228+0000][2042.919s][info ][safepoint     ] Entering safepoint region: Cleanup
[2023-11-11T17:52:16.228+0000][2042.920s][info ][safepoint     ] Leaving safepoint region
[2023-11-11T17:52:16.228+0000][2042.920s][info ][safepoint     ] Total time for which application threads were stopped: 0.0005764 seconds, Stopping threads took: 0.0001177 seconds
[2023-11-11T17:52:26.229+0000][2052.921s][debug][safepoint     ] Safepoint synchronization initiated. (183 threads)
[2023-11-11T17:52:26.229+0000][2052.921s][info ][safepoint     ] Application time: 10.0009856 seconds
[2023-11-11T17:52:26.229+0000][2052.921s][info ][safepoint     ] Entering safepoint region: Cleanup
[2023-11-11T17:52:26.230+0000][2052.921s][info ][safepoint     ] Leaving safepoint region
[2023-11-11T17:52:26.230+0000][2052.921s][info ][safepoint     ] Total time for which application threads were stopped: 0.0003710 seconds, Stopping threads took: 0.0000938 seconds
[2023-11-11T17:52:52.232+0000][2078.924s][debug][safepoint     ] Safepoint synchronization initiated. (181 threads)
[2023-11-11T17:52:52.233+0000][2078.924s][info ][safepoint     ] Application time: 26.0028607 seconds
[2023-11-11T17:52:52.233+0000][2078.924s][info ][safepoint     ] Entering safepoint region: Cleanup
[2023-11-11T17:52:52.233+0000][2078.925s][info ][safepoint     ] Leaving safepoint region
[2023-11-11T17:52:52.233+0000][2078.925s][info ][safepoint     ] Total time for which application threads were stopped: 0.0005803 seconds, Stopping threads took: 0.0001072 seconds
[2023-11-11T17:52:54.234+0000][2080.925s][debug][safepoint     ] Safepoint synchronization initiated. (181 threads)
[2023-11-11T17:52:54.234+0000][2080.925s][info ][safepoint     ] Application time: 2.0004467 seconds
[2023-11-11T17:52:54.234+0000][2080.925s][info ][safepoint     ] Entering safepoint region: Cleanup
[2023-11-11T17:52:54.234+0000][2080.926s][info ][safepoint     ] Leaving safepoint region
[2023-11-11T17:52:54.234+0000][2080.926s][info ][safepoint     ] Total time for which application threads were stopped: 0.0005943 seconds, Stopping threads took: 0.0001088 seconds
[2023-11-11T17:53:16.237+0000][2102.928s][debug][safepoint     ] Safepoint synchronization initiated. (181 threads)
[2023-11-11T17:53:16.237+0000][2102.929s][info ][safepoint     ] Application time: 22.0026694 seconds
[2023-11-11T17:53:16.237+0000][2102.929s][info ][safepoint     ] Entering safepoint region: Cleanup
[2023-11-11T17:53:16.237+0000][2102.929s][info ][safepoint     ] Leaving safepoint region
[2023-11-11T17:53:16.237+0000][2102.929s][info ][safepoint     ] Total time for which application threads were stopped: 0.0003613 seconds, Stopping threads took: 0.0000827 seconds
[2023-11-11T17:53:26.239+0000][2112.930s][debug][safepoint     ] Safepoint synchronization initiated. (181 threads)
[2023-11-11T17:53:26.239+0000][2112.930s][info ][safepoint     ] Application time: 10.0013763 seconds
[2023-11-11T17:53:26.239+0000][2112.930s][info ][safepoint     ] Entering safepoint region: Cleanup
[2023-11-11T17:53:26.239+0000][2112.931s][info ][safepoint     ] Leaving safepoint region
[2023-11-11T17:53:26.239+0000][2112.931s][info ][safepoint     ] Total time for which application threads were stopped: 0.0004793 seconds, Stopping threads took: 0.0001221 seconds
[2023-11-11T17:54:02.244+0000][2148.935s][debug][safepoint     ] Safepoint synchronization initiated. (180 threads)
[2023-11-11T17:54:02.244+0000][2148.935s][info ][safepoint     ] Application time: 36.0043925 seconds
[2023-11-11T17:54:02.244+0000][2148.935s][info ][safepoint     ] Entering safepoint region: Cleanup
[2023-11-11T17:54:02.244+0000][2148.936s][info ][safepoint     ] Leaving safepoint region
[2023-11-11T17:54:02.244+0000][2148.936s][info ][safepoint     ] Total time for which application threads were stopped: 0.0005415 seconds, Stopping threads took: 0.0001091 seconds
[2023-11-11T17:54:16.247+0000][2162.938s][debug][safepoint     ] Safepoint synchronization initiated. (180 threads)
[2023-11-11T17:54:16.247+0000][2162.938s][info ][safepoint     ] Application time: 14.0014784 seconds
[2023-11-11T17:54:16.247+0000][2162.938s][info ][safepoint     ] Entering safepoint region: Cleanup
[2023-11-11T17:54:16.247+0000][2162.938s][info ][safepoint     ] Leaving safepoint region
[2023-11-11T17:54:16.247+0000][2162.938s][info ][safepoint     ] Total time for which application threads were stopped: 0.0002896 seconds, Stopping threads took: 0.0000695 seconds
[2023-11-11T17:55:15.892+0000][2222.583s][debug][safepoint     ] Safepoint synchronization initiated. (180 threads)
[2023-11-11T17:55:15.892+0000][2222.584s][info ][safepoint     ] Application time: 59.6450743 seconds
[2023-11-11T17:55:15.892+0000][2222.584s][info ][safepoint     ] Entering safepoint region: Deoptimize
[2023-11-11T17:55:15.898+0000][2222.589s][info ][safepoint     ] Leaving safepoint region
[2023-11-11T17:55:15.898+0000][2222.589s][info ][safepoint     ] Total time for which application threads were stopped: 0.0056126 seconds, Stopping threads took: 0.0000940 seconds
[2023-11-11T17:55:16.898+0000][2223.589s][debug][safepoint     ] Safepoint synchronization initiated. (180 threads)
[2023-11-11T17:55:16.898+0000][2223.589s][info ][safepoint     ] Application time: 1.0002654 seconds
[2023-11-11T17:55:16.898+0000][2223.590s][info ][safepoint     ] Entering safepoint region: Cleanup
[2023-11-11T17:55:16.899+0000][2223.590s][info ][safepoint     ] Leaving safepoint region
[2023-11-11T17:55:16.899+0000][2223.590s][info ][safepoint     ] Total time for which application threads were stopped: 0.0005511 seconds, Stopping threads took: 0.0000844 seconds
[2023-11-11T17:56:25.906+0000][2292.598s][debug][safepoint     ] Safepoint synchronization initiated. (180 threads)
[2023-11-11T17:56:25.906+0000][2292.598s][info ][safepoint     ] Application time: 69.0075482 seconds
[2023-11-11T17:56:25.906+0000][2292.598s][info ][safepoint     ] Entering safepoint region: Cleanup
[2023-11-11T17:56:25.907+0000][2292.598s][info ][safepoint     ] Leaving safepoint region
[2023-11-11T17:56:25.907+0000][2292.598s][info ][safepoint     ] Total time for which application threads were stopped: 0.0005040 seconds, Stopping threads took: 0.0001336 seconds
[2023-11-11T17:56:39.908+0000][2306.600s][debug][safepoint     ] Safepoint synchronization initiated. (180 threads)
[2023-11-11T17:56:39.908+0000][2306.600s][info ][safepoint     ] Application time: 14.0014599 seconds
[2023-11-11T17:56:39.908+0000][2306.600s][info ][safepoint     ] Entering safepoint region: Cleanup
[2023-11-11T17:56:39.909+0000][2306.600s][info ][safepoint     ] Leaving safepoint region
[2023-11-11T17:56:39.909+0000][2306.600s][info ][safepoint     ] Total time for which application threads were stopped: 0.0003459 seconds, Stopping threads took: 0.0000751 seconds
[2023-11-11T17:56:49.910+0000][2316.601s][debug][safepoint     ] Safepoint synchronization initiated. (181 threads)
[2023-11-11T17:56:49.910+0000][2316.601s][info ][safepoint     ] Application time: 10.0011148 seconds
[2023-11-11T17:56:49.910+0000][2316.601s][info ][safepoint     ] Entering safepoint region: Cleanup
[2023-11-11T17:56:49.910+0000][2316.602s][info ][safepoint     ] Leaving safepoint region
[2023-11-11T17:56:49.910+0000][2316.602s][info ][safepoint     ] Total time for which application threads were stopped: 0.0004938 seconds, Stopping threads took: 0.0000871 seconds
[2023-11-11T17:57:10.729+0000][2337.421s][debug][safepoint     ] Safepoint synchronization initiated. (181 threads)
[2023-11-11T17:57:10.729+0000][2337.421s][info ][safepoint     ] Application time: 20.8190232 seconds
[2023-11-11T17:57:10.729+0000][2337.421s][info ][safepoint     ] Entering safepoint region: G1CollectForAllocation
[2023-11-11T17:57:10.730+0000][2337.422s][info ][gc,start      ] GC(50) Pause Young (Normal) (G1 Evacuation Pause)
[2023-11-11T17:57:10.730+0000][2337.422s][info ][gc,task       ] GC(50) Using 6 workers of 6 for evacuation
[2023-11-11T17:57:10.798+0000][2337.489s][info ][gc,phases     ] GC(50)   Pre Evacuate Collection Set: 0.1ms
[2023-11-11T17:57:10.798+0000][2337.489s][info ][gc,phases     ] GC(50)   Evacuate Collection Set: 59.6ms
[2023-11-11T17:57:10.798+0000][2337.489s][info ][gc,phases     ] GC(50)   Post Evacuate Collection Set: 7.0ms
[2023-11-11T17:57:10.798+0000][2337.489s][info ][gc,phases     ] GC(50)   Other: 0.8ms
[2023-11-11T17:57:10.798+0000][2337.489s][info ][gc,heap       ] GC(50) Eden regions: 384->0(383)
[2023-11-11T17:57:10.798+0000][2337.489s][info ][gc,heap       ] GC(50) Survivor regions: 25->26(52)
[2023-11-11T17:57:10.798+0000][2337.489s][info ][gc,heap       ] GC(50) Old regions: 132->132
[2023-11-11T17:57:10.798+0000][2337.489s][info ][gc,heap       ] GC(50) Humongous regions: 0->0
[2023-11-11T17:57:10.798+0000][2337.489s][info ][gc,metaspace  ] GC(50) Metaspace: 164418K(170044K)->164418K(170044K) NonClass: 145342K(148724K)->145342K(148724K) Class: 19075K(21320K)->19075K(21320K)
[2023-11-11T17:57:10.798+0000][2337.489s][info ][gc            ] GC(50) Pause Young (Normal) (G1 Evacuation Pause) 538M->155M(682M) 67.895ms
[2023-11-11T17:57:10.798+0000][2337.490s][info ][gc,cpu        ] GC(50) User=0.22s Sys=0.00s Real=0.07s
[2023-11-11T17:57:10.798+0000][2337.490s][info ][safepoint     ] Leaving safepoint region
[2023-11-11T17:57:10.798+0000][2337.490s][info ][safepoint     ] Total time for which application threads were stopped: 0.0689074 seconds, Stopping threads took: 0.0001101 seconds
[2023-11-11T17:57:10.798+0000][2337.490s][info ][gc,stringdedup] Concurrent String Deduplication (2337.490s)
[2023-11-11T17:57:10.799+0000][2337.490s][info ][gc,stringdedup] Concurrent String Deduplication 31176.0B->12944.0B(18232.0B) avg 53.9% (2337.490s, 2337.490s) 0.636ms
[2023-11-11T17:57:16.799+0000][2343.490s][debug][safepoint     ] Safepoint synchronization initiated. (181 threads)
[2023-11-11T17:57:16.799+0000][2343.490s][info ][safepoint     ] Application time: 6.0008287 seconds
[2023-11-11T17:57:16.799+0000][2343.491s][info ][safepoint     ] Entering safepoint region: Cleanup
[2023-11-11T17:57:16.799+0000][2343.491s][info ][safepoint     ] Leaving safepoint region
[2023-11-11T17:57:16.799+0000][2343.491s][info ][safepoint     ] Total time for which application threads were stopped: 0.0002497 seconds, Stopping threads took: 0.0000727 seconds
[2023-11-11T17:57:21.800+0000][2348.491s][debug][safepoint     ] Safepoint synchronization initiated. (182 threads)
[2023-11-11T17:57:21.800+0000][2348.491s][info ][safepoint     ] Application time: 5.0005859 seconds
[2023-11-11T17:57:21.800+0000][2348.491s][info ][safepoint     ] Entering safepoint region: Cleanup
[2023-11-11T17:57:21.800+0000][2348.492s][info ][safepoint     ] Leaving safepoint region
[2023-11-11T17:57:21.800+0000][2348.492s][info ][safepoint     ] Total time for which application threads were stopped: 0.0003094 seconds, Stopping threads took: 0.0001011 seconds
[2023-11-11T17:57:25.801+0000][2352.492s][debug][safepoint     ] Safepoint synchronization initiated. (182 threads)
[2023-11-11T17:57:25.801+0000][2352.492s][info ][safepoint     ] Application time: 4.0005265 seconds
[2023-11-11T17:57:25.801+0000][2352.492s][info ][safepoint     ] Entering safepoint region: Cleanup
[2023-11-11T17:57:25.801+0000][2352.493s][info ][safepoint     ] Leaving safepoint region
[2023-11-11T17:57:25.801+0000][2352.493s][info ][safepoint     ] Total time for which application threads were stopped: 0.0003053 seconds, Stopping threads took: 0.0000843 seconds
[2023-11-11T17:57:26.801+0000][2353.493s][debug][safepoint     ] Safepoint synchronization initiated. (182 threads)
[2023-11-11T17:57:26.801+0000][2353.493s][info ][safepoint     ] Application time: 1.0001729 seconds
[2023-11-11T17:57:26.801+0000][2353.493s][info ][safepoint     ] Entering safepoint region: Cleanup
[2023-11-11T17:57:26.802+0000][2353.493s][info ][safepoint     ] Leaving safepoint region
[2023-11-11T17:57:26.802+0000][2353.493s][info ][safepoint     ] Total time for which application threads were stopped: 0.0002999 seconds, Stopping threads took: 0.0000647 seconds
[2023-11-11T17:57:35.803+0000][2362.494s][debug][safepoint     ] Safepoint synchronization initiated. (184 threads)
[2023-11-11T17:57:35.803+0000][2362.494s][info ][safepoint     ] Application time: 9.0009521 seconds
[2023-11-11T17:57:35.803+0000][2362.494s][info ][safepoint     ] Entering safepoint region: Cleanup
[2023-11-11T17:57:35.803+0000][2362.494s][info ][safepoint     ] Leaving safepoint region
[2023-11-11T17:57:35.803+0000][2362.494s][info ][safepoint     ] Total time for which application threads were stopped: 0.0002490 seconds, Stopping threads took: 0.0000682 seconds
[2023-11-11T17:58:32.808+0000][2419.500s][debug][safepoint     ] Safepoint synchronization initiated. (184 threads)
[2023-11-11T17:58:32.808+0000][2419.500s][info ][safepoint     ] Application time: 57.0054447 seconds
[2023-11-11T17:58:32.808+0000][2419.500s][info ][safepoint     ] Entering safepoint region: Cleanup
[2023-11-11T17:58:32.809+0000][2419.500s][info ][safepoint     ] Leaving safepoint region
[2023-11-11T17:58:32.809+0000][2419.500s][info ][safepoint     ] Total time for which application threads were stopped: 0.0004238 seconds, Stopping threads took: 0.0001037 seconds
[2023-11-11T17:58:36.809+0000][2423.501s][debug][safepoint     ] Safepoint synchronization initiated. (184 threads)
[2023-11-11T17:58:36.809+0000][2423.501s][info ][safepoint     ] Application time: 4.0006227 seconds
[2023-11-11T17:58:36.810+0000][2423.501s][info ][safepoint     ] Entering safepoint region: Cleanup
[2023-11-11T17:58:36.810+0000][2423.501s][info ][safepoint     ] Leaving safepoint region
[2023-11-11T17:58:36.810+0000][2423.501s][info ][safepoint     ] Total time for which application threads were stopped: 0.0004983 seconds, Stopping threads took: 0.0001135 seconds
[2023-11-11T17:58:52.812+0000][2439.503s][debug][safepoint     ] Safepoint synchronization initiated. (183 threads)
[2023-11-11T17:58:52.812+0000][2439.503s][info ][safepoint     ] Application time: 16.0017809 seconds
[2023-11-11T17:58:52.812+0000][2439.503s][info ][safepoint     ] Entering safepoint region: Cleanup
[2023-11-11T17:58:52.812+0000][2439.504s][info ][safepoint     ] Leaving safepoint region
[2023-11-11T17:58:52.812+0000][2439.504s][info ][safepoint     ] Total time for which application threads were stopped: 0.0002866 seconds, Stopping threads took: 0.0000643 seconds
[2023-11-11T17:59:12.815+0000][2459.506s][debug][safepoint     ] Safepoint synchronization initiated. (183 threads)
[2023-11-11T17:59:12.815+0000][2459.506s][info ][safepoint     ] Application time: 20.0025596 seconds
[2023-11-11T17:59:12.815+0000][2459.506s][info ][safepoint     ] Entering safepoint region: Cleanup
[2023-11-11T17:59:12.815+0000][2459.507s][info ][safepoint     ] Leaving safepoint region
[2023-11-11T17:59:12.815+0000][2459.507s][info ][safepoint     ] Total time for which application threads were stopped: 0.0004143 seconds, Stopping threads took: 0.0000922 seconds
[2023-11-11T17:59:15.816+0000][2462.507s][debug][safepoint     ] Safepoint synchronization initiated. (183 threads)
[2023-11-11T17:59:15.816+0000][2462.507s][info ][safepoint     ] Application time: 3.0005541 seconds
[2023-11-11T17:59:15.816+0000][2462.507s][info ][safepoint     ] Entering safepoint region: Cleanup
[2023-11-11T17:59:15.816+0000][2462.507s][info ][safepoint     ] Leaving safepoint region
[2023-11-11T17:59:15.816+0000][2462.508s][info ][safepoint     ] Total time for which application threads were stopped: 0.0003665 seconds, Stopping threads took: 0.0000871 seconds
[2023-11-11T17:59:25.817+0000][2472.509s][debug][safepoint     ] Safepoint synchronization initiated. (183 threads)
[2023-11-11T17:59:25.817+0000][2472.509s][info ][safepoint     ] Application time: 10.0011210 seconds
[2023-11-11T17:59:25.817+0000][2472.509s][info ][safepoint     ] Entering safepoint region: Cleanup
[2023-11-11T17:59:25.818+0000][2472.509s][info ][safepoint     ] Leaving safepoint region
[2023-11-11T17:59:25.818+0000][2472.509s][info ][safepoint     ] Total time for which application threads were stopped: 0.0003204 seconds, Stopping threads took: 0.0000875 seconds
[2023-11-11T17:59:28.818+0000][2475.510s][debug][safepoint     ] Safepoint synchronization initiated. (185 threads)
[2023-11-11T17:59:28.818+0000][2475.510s][info ][safepoint     ] Application time: 3.0008073 seconds
[2023-11-11T17:59:28.818+0000][2475.510s][debug][safepoint     ] Waiting for 1 thread(s) to block
[2023-11-11T17:59:28.822+0000][2475.514s][info ][safepoint     ] Entering safepoint region: Cleanup
[2023-11-11T17:59:28.822+0000][2475.514s][info ][safepoint     ] Leaving safepoint region
[2023-11-11T17:59:28.822+0000][2475.514s][info ][safepoint     ] Total time for which application threads were stopped: 0.0040515 seconds, Stopping threads took: 0.0037688 seconds
[2023-11-11T17:59:29.823+0000][2476.514s][debug][safepoint     ] Safepoint synchronization initiated. (185 threads)
[2023-11-11T17:59:29.823+0000][2476.514s][info ][safepoint     ] Application time: 1.0001572 seconds
[2023-11-11T17:59:29.823+0000][2476.514s][info ][safepoint     ] Entering safepoint region: Cleanup
[2023-11-11T17:59:29.823+0000][2476.514s][info ][safepoint     ] Leaving safepoint region
[2023-11-11T17:59:29.823+0000][2476.514s][info ][safepoint     ] Total time for which application threads were stopped: 0.0003453 seconds, Stopping threads took: 0.0000712 seconds
[2023-11-11T17:59:32.823+0000][2479.515s][debug][safepoint     ] Safepoint synchronization initiated. (185 threads)
[2023-11-11T17:59:32.823+0000][2479.515s][info ][safepoint     ] Application time: 3.0003846 seconds
[2023-11-11T17:59:32.824+0000][2479.515s][info ][safepoint     ] Entering safepoint region: Cleanup
[2023-11-11T17:59:32.824+0000][2479.515s][info ][safepoint     ] Leaving safepoint region
[2023-11-11T17:59:32.824+0000][2479.515s][info ][safepoint     ] Total time for which application threads were stopped: 0.0004828 seconds, Stopping threads took: 0.0001007 seconds
[2023-11-11T18:00:15.829+0000][2522.520s][debug][safepoint     ] Safepoint synchronization initiated. (185 threads)
[2023-11-11T18:00:15.829+0000][2522.520s][info ][safepoint     ] Application time: 43.0047947 seconds
[2023-11-11T18:00:15.829+0000][2522.520s][info ][safepoint     ] Entering safepoint region: Cleanup
[2023-11-11T18:00:15.829+0000][2522.521s][info ][safepoint     ] Leaving safepoint region
[2023-11-11T18:00:15.829+0000][2522.521s][info ][safepoint     ] Total time for which application threads were stopped: 0.0004908 seconds, Stopping threads took: 0.0001137 seconds
[2023-11-11T18:00:32.831+0000][2539.523s][debug][safepoint     ] Safepoint synchronization initiated. (183 threads)
[2023-11-11T18:00:32.831+0000][2539.523s][info ][safepoint     ] Application time: 17.0019212 seconds
[2023-11-11T18:00:32.831+0000][2539.523s][info ][safepoint     ] Entering safepoint region: Cleanup
[2023-11-11T18:00:32.832+0000][2539.523s][info ][safepoint     ] Leaving safepoint region
[2023-11-11T18:00:32.832+0000][2539.523s][info ][safepoint     ] Total time for which application threads were stopped: 0.0005839 seconds, Stopping threads took: 0.0001064 seconds
[2023-11-11T18:00:52.834+0000][2559.525s][debug][safepoint     ] Safepoint synchronization initiated. (183 threads)
[2023-11-11T18:00:52.834+0000][2559.526s][info ][safepoint     ] Application time: 20.0022946 seconds
[2023-11-11T18:00:52.834+0000][2559.526s][info ][safepoint     ] Entering safepoint region: Cleanup
[2023-11-11T18:00:52.834+0000][2559.526s][info ][safepoint     ] Leaving safepoint region
[2023-11-11T18:00:52.834+0000][2559.526s][info ][safepoint     ] Total time for which application threads were stopped: 0.0003044 seconds, Stopping threads took: 0.0000686 seconds
[2023-11-11T18:01:12.837+0000][2579.528s][debug][safepoint     ] Safepoint synchronization initiated. (183 threads)
[2023-11-11T18:01:12.837+0000][2579.528s][info ][safepoint     ] Application time: 20.0021055 seconds
[2023-11-11T18:01:12.837+0000][2579.528s][info ][safepoint     ] Entering safepoint region: Cleanup
[2023-11-11T18:01:12.837+0000][2579.528s][info ][safepoint     ] Leaving safepoint region
[2023-11-11T18:01:12.837+0000][2579.528s][info ][safepoint     ] Total time for which application threads were stopped: 0.0004122 seconds, Stopping threads took: 0.0001383 seconds
[2023-11-11T18:01:30.839+0000][2597.530s][debug][safepoint     ] Safepoint synchronization initiated. (183 threads)
[2023-11-11T18:01:30.839+0000][2597.531s][info ][safepoint     ] Application time: 18.0021406 seconds
[2023-11-11T18:01:30.839+0000][2597.531s][info ][safepoint     ] Entering safepoint region: Cleanup
[2023-11-11T18:01:30.840+0000][2597.531s][info ][safepoint     ] Leaving safepoint region
[2023-11-11T18:01:30.840+0000][2597.531s][info ][safepoint     ] Total time for which application threads were stopped: 0.0005940 seconds, Stopping threads took: 0.0001344 seconds
[2023-11-11T18:01:35.840+0000][2602.532s][debug][safepoint     ] Safepoint synchronization initiated. (182 threads)
[2023-11-11T18:01:35.840+0000][2602.532s][info ][safepoint     ] Application time: 5.0006191 seconds
[2023-11-11T18:01:35.841+0000][2602.532s][info ][safepoint     ] Entering safepoint region: Cleanup
[2023-11-11T18:01:35.841+0000][2602.532s][info ][safepoint     ] Leaving safepoint region
[2023-11-11T18:01:35.841+0000][2602.532s][info ][safepoint     ] Total time for which application threads were stopped: 0.0004025 seconds, Stopping threads took: 0.0001106 seconds
[2023-11-11T18:01:45.842+0000][2612.533s][debug][safepoint     ] Safepoint synchronization initiated. (182 threads)
[2023-11-11T18:01:45.842+0000][2612.534s][info ][safepoint     ] Application time: 10.0012557 seconds
[2023-11-11T18:01:45.842+0000][2612.534s][info ][safepoint     ] Entering safepoint region: Cleanup
[2023-11-11T18:01:45.843+0000][2612.534s][info ][safepoint     ] Leaving safepoint region
[2023-11-11T18:01:45.843+0000][2612.534s][info ][safepoint     ] Total time for which application threads were stopped: 0.0003746 seconds, Stopping threads took: 0.0001031 seconds
[2023-11-11T18:01:52.843+0000][2619.535s][debug][safepoint     ] Safepoint synchronization initiated. (182 threads)
[2023-11-11T18:01:52.843+0000][2619.535s][info ][safepoint     ] Application time: 7.0007265 seconds
[2023-11-11T18:01:52.843+0000][2619.535s][info ][safepoint     ] Entering safepoint region: Cleanup
[2023-11-11T18:01:52.844+0000][2619.535s][info ][safepoint     ] Leaving safepoint region
[2023-11-11T18:01:52.844+0000][2619.535s][info ][safepoint     ] Total time for which application threads were stopped: 0.0003321 seconds, Stopping threads took: 0.0000748 seconds
[2023-11-11T18:02:16.846+0000][2643.538s][debug][safepoint     ] Safepoint synchronization initiated. (182 threads)
[2023-11-11T18:02:16.846+0000][2643.538s][info ][safepoint     ] Application time: 24.0027607 seconds
[2023-11-11T18:02:16.847+0000][2643.538s][info ][safepoint     ] Entering safepoint region: Cleanup
[2023-11-11T18:02:16.847+0000][2643.538s][info ][safepoint     ] Leaving safepoint region
[2023-11-11T18:02:16.847+0000][2643.538s][info ][safepoint     ] Total time for which application threads were stopped: 0.0004941 seconds, Stopping threads took: 0.0001054 seconds
[2023-11-11T18:02:17.847+0000][2644.539s][debug][safepoint     ] Safepoint synchronization initiated. (183 threads)
[2023-11-11T18:02:17.847+0000][2644.539s][info ][safepoint     ] Application time: 1.0002737 seconds
[2023-11-11T18:02:17.847+0000][2644.539s][info ][safepoint     ] Entering safepoint region: Cleanup
[2023-11-11T18:02:17.848+0000][2644.539s][info ][safepoint     ] Leaving safepoint region
[2023-11-11T18:02:17.848+0000][2644.539s][info ][safepoint     ] Total time for which application threads were stopped: 0.0005169 seconds, Stopping threads took: 0.0001051 seconds
[2023-11-11T18:02:25.849+0000][2652.540s][debug][safepoint     ] Safepoint synchronization initiated. (183 threads)
[2023-11-11T18:02:25.849+0000][2652.540s][info ][safepoint     ] Application time: 8.0008896 seconds
[2023-11-11T18:02:25.849+0000][2652.540s][info ][safepoint     ] Entering safepoint region: Cleanup
[2023-11-11T18:02:25.849+0000][2652.541s][info ][safepoint     ] Leaving safepoint region
[2023-11-11T18:02:25.849+0000][2652.541s][info ][safepoint     ] Total time for which application threads were stopped: 0.0005621 seconds, Stopping threads took: 0.0001877 seconds
[2023-11-11T18:02:38.851+0000][2665.542s][debug][safepoint     ] Safepoint synchronization initiated. (186 threads)
[2023-11-11T18:02:38.851+0000][2665.542s][info ][safepoint     ] Application time: 13.0013321 seconds
[2023-11-11T18:02:38.851+0000][2665.542s][info ][safepoint     ] Entering safepoint region: Cleanup
[2023-11-11T18:02:38.851+0000][2665.542s][info ][safepoint     ] Leaving safepoint region
[2023-11-11T18:02:38.851+0000][2665.542s][info ][safepoint     ] Total time for which application threads were stopped: 0.0003041 seconds, Stopping threads took: 0.0000718 seconds
[2023-11-11T18:03:13.855+0000][2700.546s][debug][safepoint     ] Safepoint synchronization initiated. (186 threads)
[2023-11-11T18:03:13.855+0000][2700.546s][info ][safepoint     ] Application time: 35.0039972 seconds
[2023-11-11T18:03:13.855+0000][2700.547s][info ][safepoint     ] Entering safepoint region: Cleanup
[2023-11-11T18:03:13.856+0000][2700.547s][info ][safepoint     ] Leaving safepoint region
[2023-11-11T18:03:13.856+0000][2700.547s][info ][safepoint     ] Total time for which application threads were stopped: 0.0004928 seconds, Stopping threads took: 0.0001191 seconds
[2023-11-11T18:03:15.856+0000][2702.547s][debug][safepoint     ] Safepoint synchronization initiated. (187 threads)
[2023-11-11T18:03:15.856+0000][2702.547s][info ][safepoint     ] Application time: 2.0002764 seconds
[2023-11-11T18:03:15.856+0000][2702.547s][info ][safepoint     ] Entering safepoint region: Cleanup
[2023-11-11T18:03:15.856+0000][2702.548s][info ][safepoint     ] Leaving safepoint region
[2023-11-11T18:03:15.856+0000][2702.548s][info ][safepoint     ] Total time for which application threads were stopped: 0.0002696 seconds, Stopping threads took: 0.0000667 seconds
[2023-11-11T18:03:16.856+0000][2703.548s][debug][safepoint     ] Safepoint synchronization initiated. (187 threads)
[2023-11-11T18:03:16.856+0000][2703.548s][info ][safepoint     ] Application time: 1.0001587 seconds
[2023-11-11T18:03:16.856+0000][2703.548s][info ][safepoint     ] Entering safepoint region: Cleanup
[2023-11-11T18:03:16.857+0000][2703.548s][info ][safepoint     ] Leaving safepoint region
[2023-11-11T18:03:16.857+0000][2703.548s][info ][safepoint     ] Total time for which application threads were stopped: 0.0002738 seconds, Stopping threads took: 0.0000734 seconds
[2023-11-11T18:03:25.857+0000][2712.549s][debug][safepoint     ] Safepoint synchronization initiated. (187 threads)
[2023-11-11T18:03:25.858+0000][2712.549s][info ][safepoint     ] Application time: 9.0008689 seconds
[2023-11-11T18:03:25.858+0000][2712.549s][info ][safepoint     ] Entering safepoint region: Cleanup
[2023-11-11T18:03:25.858+0000][2712.549s][info ][safepoint     ] Leaving safepoint region
[2023-11-11T18:03:25.858+0000][2712.549s][info ][safepoint     ] Total time for which application threads were stopped: 0.0003012 seconds, Stopping threads took: 0.0000765 seconds
[2023-11-11T18:03:50.860+0000][2737.552s][debug][safepoint     ] Safepoint synchronization initiated. (187 threads)
[2023-11-11T18:03:50.860+0000][2737.552s][info ][safepoint     ] Application time: 25.0025532 seconds
[2023-11-11T18:03:50.861+0000][2737.552s][info ][safepoint     ] Entering safepoint region: Cleanup
[2023-11-11T18:03:50.861+0000][2737.552s][info ][safepoint     ] Leaving safepoint region
[2023-11-11T18:03:50.861+0000][2737.552s][info ][safepoint     ] Total time for which application threads were stopped: 0.0002978 seconds, Stopping threads took: 0.0000780 seconds
[2023-11-11T18:03:55.861+0000][2742.553s][debug][safepoint     ] Safepoint synchronization initiated. (187 threads)
[2023-11-11T18:03:55.861+0000][2742.553s][info ][safepoint     ] Application time: 5.0005090 seconds
[2023-11-11T18:03:55.861+0000][2742.553s][info ][safepoint     ] Entering safepoint region: Cleanup
[2023-11-11T18:03:55.862+0000][2742.553s][info ][safepoint     ] Leaving safepoint region
[2023-11-11T18:03:55.862+0000][2742.553s][info ][safepoint     ] Total time for which application threads were stopped: 0.0003173 seconds, Stopping threads took: 0.0000937 seconds
[2023-11-11T18:04:03.862+0000][2750.554s][debug][safepoint     ] Safepoint synchronization initiated. (187 threads)
[2023-11-11T18:04:03.863+0000][2750.554s][info ][safepoint     ] Application time: 8.0009567 seconds
[2023-11-11T18:04:03.863+0000][2750.554s][info ][safepoint     ] Entering safepoint region: Cleanup
[2023-11-11T18:04:03.863+0000][2750.554s][info ][safepoint     ] Leaving safepoint region
[2023-11-11T18:04:03.863+0000][2750.554s][info ][safepoint     ] Total time for which application threads were stopped: 0.0004662 seconds, Stopping threads took: 0.0000911 seconds
[2023-11-11T18:04:19.160+0000][2765.851s][debug][safepoint     ] Safepoint synchronization initiated. (187 threads)
[2023-11-11T18:04:19.160+0000][2765.852s][info ][safepoint     ] Application time: 15.2970669 seconds
[2023-11-11T18:04:19.160+0000][2765.852s][info ][safepoint     ] Entering safepoint region: G1CollectForAllocation
[2023-11-11T18:04:19.161+0000][2765.852s][info ][gc,start      ] GC(51) Pause Young (Normal) (G1 Evacuation Pause)
[2023-11-11T18:04:19.161+0000][2765.852s][info ][gc,task       ] GC(51) Using 6 workers of 6 for evacuation
[2023-11-11T18:04:19.215+0000][2765.906s][info ][gc,phases     ] GC(51)   Pre Evacuate Collection Set: 0.1ms
[2023-11-11T18:04:19.215+0000][2765.906s][info ][gc,phases     ] GC(51)   Evacuate Collection Set: 45.2ms
[2023-11-11T18:04:19.215+0000][2765.906s][info ][gc,phases     ] GC(51)   Post Evacuate Collection Set: 7.9ms
[2023-11-11T18:04:19.215+0000][2765.906s][info ][gc,phases     ] GC(51)   Other: 0.7ms
[2023-11-11T18:04:19.215+0000][2765.906s][info ][gc,heap       ] GC(51) Eden regions: 383->0(388)
[2023-11-11T18:04:19.215+0000][2765.906s][info ][gc,heap       ] GC(51) Survivor regions: 26->21(52)
[2023-11-11T18:04:19.215+0000][2765.906s][info ][gc,heap       ] GC(51) Old regions: 132->136
[2023-11-11T18:04:19.215+0000][2765.906s][info ][gc,heap       ] GC(51) Humongous regions: 0->0
[2023-11-11T18:04:19.215+0000][2765.906s][info ][gc,metaspace  ] GC(51) Metaspace: 164750K(170300K)->164750K(170300K) NonClass: 145669K(148980K)->145669K(148980K) Class: 19081K(21320K)->19081K(21320K)
[2023-11-11T18:04:19.215+0000][2765.906s][info ][gc            ] GC(51) Pause Young (Normal) (G1 Evacuation Pause) 538M->155M(682M) 54.220ms
[2023-11-11T18:04:19.215+0000][2765.907s][info ][gc,cpu        ] GC(51) User=0.21s Sys=0.00s Real=0.05s
[2023-11-11T18:04:19.215+0000][2765.907s][info ][safepoint     ] Leaving safepoint region
[2023-11-11T18:04:19.215+0000][2765.907s][info ][safepoint     ] Total time for which application threads were stopped: 0.0550250 seconds, Stopping threads took: 0.0001172 seconds
[2023-11-11T18:04:19.218+0000][2765.909s][info ][gc,stringdedup] Concurrent String Deduplication (2765.909s)
[2023-11-11T18:04:19.218+0000][2765.910s][info ][gc,stringdedup] Concurrent String Deduplication 33800.0B->1328.0B(32472.0B) avg 54.0% (2765.909s, 2765.909s) 0.537ms
[2023-11-11T18:04:23.216+0000][2769.907s][debug][safepoint     ] Safepoint synchronization initiated. (187 threads)
[2023-11-11T18:04:23.216+0000][2769.907s][info ][safepoint     ] Application time: 4.0005924 seconds
[2023-11-11T18:04:23.216+0000][2769.907s][info ][safepoint     ] Entering safepoint region: Cleanup
[2023-11-11T18:04:23.216+0000][2769.908s][info ][safepoint     ] Leaving safepoint region
[2023-11-11T18:04:23.216+0000][2769.908s][info ][safepoint     ] Total time for which application threads were stopped: 0.0002871 seconds, Stopping threads took: 0.0000684 seconds
[2023-11-11T18:05:09.221+0000][2815.913s][debug][safepoint     ] Safepoint synchronization initiated. (185 threads)
[2023-11-11T18:05:09.222+0000][2815.913s][info ][safepoint     ] Application time: 46.0053414 seconds
[2023-11-11T18:05:09.222+0000][2815.913s][info ][safepoint     ] Entering safepoint region: Cleanup
[2023-11-11T18:05:09.222+0000][2815.913s][info ][safepoint     ] Leaving safepoint region
[2023-11-11T18:05:09.222+0000][2815.913s][info ][safepoint     ] Total time for which application threads were stopped: 0.0003389 seconds, Stopping threads took: 0.0001147 seconds
[2023-11-11T18:05:50.227+0000][2856.918s][debug][safepoint     ] Safepoint synchronization initiated. (185 threads)
[2023-11-11T18:05:50.227+0000][2856.918s][info ][safepoint     ] Application time: 41.0047310 seconds
[2023-11-11T18:05:50.227+0000][2856.918s][info ][safepoint     ] Entering safepoint region: Cleanup
[2023-11-11T18:05:50.227+0000][2856.918s][info ][safepoint     ] Leaving safepoint region
[2023-11-11T18:05:50.227+0000][2856.918s][info ][safepoint     ] Total time for which application threads were stopped: 0.0003784 seconds, Stopping threads took: 0.0000910 seconds
[2023-11-11T18:06:11.230+0000][2877.921s][debug][safepoint     ] Safepoint synchronization initiated. (184 threads)
[2023-11-11T18:06:11.230+0000][2877.921s][info ][safepoint     ] Application time: 21.0026822 seconds
[2023-11-11T18:06:11.230+0000][2877.921s][info ][safepoint     ] Entering safepoint region: Cleanup
[2023-11-11T18:06:11.230+0000][2877.922s][info ][safepoint     ] Leaving safepoint region
[2023-11-11T18:06:11.230+0000][2877.922s][info ][safepoint     ] Total time for which application threads were stopped: 0.0004855 seconds, Stopping threads took: 0.0001157 seconds
[2023-11-11T18:06:14.231+0000][2880.922s][debug][safepoint     ] Safepoint synchronization initiated. (184 threads)
[2023-11-11T18:06:14.231+0000][2880.922s][info ][safepoint     ] Application time: 3.0004678 seconds
[2023-11-11T18:06:14.231+0000][2880.922s][info ][safepoint     ] Entering safepoint region: Cleanup
[2023-11-11T18:06:14.231+0000][2880.923s][info ][safepoint     ] Leaving safepoint region
[2023-11-11T18:06:14.231+0000][2880.923s][info ][safepoint     ] Total time for which application threads were stopped: 0.0005132 seconds, Stopping threads took: 0.0001306 seconds
[2023-11-11T18:06:15.231+0000][2881.923s][debug][safepoint     ] Safepoint synchronization initiated. (184 threads)
[2023-11-11T18:06:15.232+0000][2881.923s][info ][safepoint     ] Application time: 1.0002290 seconds
[2023-11-11T18:06:15.232+0000][2881.923s][info ][safepoint     ] Entering safepoint region: Cleanup
[2023-11-11T18:06:15.232+0000][2881.924s][info ][safepoint     ] Leaving safepoint region
[2023-11-11T18:06:15.232+0000][2881.924s][info ][safepoint     ] Total time for which application threads were stopped: 0.0005420 seconds, Stopping threads took: 0.0001105 seconds
[2023-11-11T18:06:19.118+0000][2885.810s][debug][safepoint     ] Safepoint synchronization initiated. (184 threads)
[2023-11-11T18:06:19.118+0000][2885.810s][info ][safepoint     ] Application time: 3.8862415 seconds
[2023-11-11T18:06:19.119+0000][2885.810s][info ][safepoint     ] Entering safepoint region: Deoptimize
[2023-11-11T18:06:19.124+0000][2885.816s][info ][safepoint     ] Leaving safepoint region
[2023-11-11T18:06:19.124+0000][2885.816s][info ][safepoint     ] Total time for which application threads were stopped: 0.0058547 seconds, Stopping threads took: 0.0001161 seconds
[2023-11-11T18:06:20.125+0000][2886.816s][debug][safepoint     ] Safepoint synchronization initiated. (185 threads)
[2023-11-11T18:06:20.125+0000][2886.816s][info ][safepoint     ] Application time: 1.0002674 seconds
[2023-11-11T18:06:20.125+0000][2886.816s][info ][safepoint     ] Entering safepoint region: Cleanup
[2023-11-11T18:06:20.125+0000][2886.817s][info ][safepoint     ] Leaving safepoint region
[2023-11-11T18:06:20.125+0000][2886.817s][info ][safepoint     ] Total time for which application threads were stopped: 0.0006890 seconds, Stopping threads took: 0.0000856 seconds
[2023-11-11T18:07:15.133+0000][2941.825s][debug][safepoint     ] Safepoint synchronization initiated. (185 threads)
[2023-11-11T18:07:15.133+0000][2941.825s][info ][safepoint     ] Application time: 55.0079481 seconds
[2023-11-11T18:07:15.133+0000][2941.825s][info ][safepoint     ] Entering safepoint region: Cleanup
[2023-11-11T18:07:15.134+0000][2941.825s][info ][safepoint     ] Leaving safepoint region
[2023-11-11T18:07:15.134+0000][2941.825s][info ][safepoint     ] Total time for which application threads were stopped: 0.0005355 seconds, Stopping threads took: 0.0001625 seconds
[2023-11-11T18:07:16.134+0000][2942.826s][debug][safepoint     ] Safepoint synchronization initiated. (185 threads)
[2023-11-11T18:07:16.134+0000][2942.826s][info ][safepoint     ] Application time: 1.0002609 seconds
[2023-11-11T18:07:16.134+0000][2942.826s][info ][safepoint     ] Entering safepoint region: Cleanup
[2023-11-11T18:07:16.135+0000][2942.826s][info ][safepoint     ] Leaving safepoint region
[2023-11-11T18:07:16.135+0000][2942.826s][info ][safepoint     ] Total time for which application threads were stopped: 0.0005973 seconds, Stopping threads took: 0.0001537 seconds
[2023-11-11T18:07:22.136+0000][2948.827s][debug][safepoint     ] Safepoint synchronization initiated. (184 threads)
[2023-11-11T18:07:22.136+0000][2948.827s][info ][safepoint     ] Application time: 6.0011053 seconds
[2023-11-11T18:07:22.136+0000][2948.828s][info ][safepoint     ] Entering safepoint region: Cleanup
[2023-11-11T18:07:22.137+0000][2948.828s][info ][safepoint     ] Leaving safepoint region
[2023-11-11T18:07:22.137+0000][2948.828s][info ][safepoint     ] Total time for which application threads were stopped: 0.0005501 seconds, Stopping threads took: 0.0001034 seconds
[2023-11-11T18:07:26.137+0000][2952.829s][debug][safepoint     ] Safepoint synchronization initiated. (184 threads)
[2023-11-11T18:07:26.137+0000][2952.829s][info ][safepoint     ] Application time: 4.0007752 seconds
[2023-11-11T18:07:26.138+0000][2952.829s][info ][safepoint     ] Entering safepoint region: Cleanup
[2023-11-11T18:07:26.138+0000][2952.829s][info ][safepoint     ] Leaving safepoint region
[2023-11-11T18:07:26.138+0000][2952.830s][info ][safepoint     ] Total time for which application threads were stopped: 0.0009045 seconds, Stopping threads took: 0.0001050 seconds
[2023-11-11T18:07:33.140+0000][2959.831s][debug][safepoint     ] Safepoint synchronization initiated. (184 threads)
[2023-11-11T18:07:33.140+0000][2959.831s][info ][safepoint     ] Application time: 7.0013375 seconds
[2023-11-11T18:07:33.140+0000][2959.832s][info ][safepoint     ] Entering safepoint region: Cleanup
[2023-11-11T18:07:33.141+0000][2959.832s][info ][safepoint     ] Leaving safepoint region
[2023-11-11T18:07:33.141+0000][2959.832s][info ][safepoint     ] Total time for which application threads were stopped: 0.0007416 seconds, Stopping threads took: 0.0001226 seconds
[2023-11-11T18:07:56.145+0000][2982.836s][debug][safepoint     ] Safepoint synchronization initiated. (184 threads)
[2023-11-11T18:07:56.145+0000][2982.836s][info ][safepoint     ] Application time: 23.0038997 seconds
[2023-11-11T18:07:56.145+0000][2982.836s][info ][safepoint     ] Entering safepoint region: Cleanup
[2023-11-11T18:07:56.145+0000][2982.837s][info ][safepoint     ] Leaving safepoint region
[2023-11-11T18:07:56.145+0000][2982.837s][info ][safepoint     ] Total time for which application threads were stopped: 0.0006040 seconds, Stopping threads took: 0.0001090 seconds
[2023-11-11T18:08:06.147+0000][2992.838s][debug][safepoint     ] Safepoint synchronization initiated. (184 threads)
[2023-11-11T18:08:06.147+0000][2992.838s][info ][safepoint     ] Application time: 10.0015672 seconds
[2023-11-11T18:08:06.147+0000][2992.839s][info ][safepoint     ] Entering safepoint region: Cleanup
[2023-11-11T18:08:06.148+0000][2992.839s][info ][safepoint     ] Leaving safepoint region
[2023-11-11T18:08:06.148+0000][2992.839s][info ][safepoint     ] Total time for which application threads were stopped: 0.0005888 seconds, Stopping threads took: 0.0001081 seconds
[2023-11-11T18:08:15.149+0000][3001.840s][debug][safepoint     ] Safepoint synchronization initiated. (184 threads)
[2023-11-11T18:08:15.149+0000][3001.841s][info ][safepoint     ] Application time: 9.0014778 seconds
[2023-11-11T18:08:15.149+0000][3001.841s][info ][safepoint     ] Entering safepoint region: Cleanup
[2023-11-11T18:08:15.150+0000][3001.842s][info ][safepoint     ] Leaving safepoint region
[2023-11-11T18:08:15.150+0000][3001.842s][info ][safepoint     ] Total time for which application threads were stopped: 0.0009889 seconds, Stopping threads took: 0.0001133 seconds
[2023-11-11T18:08:26.152+0000][3012.843s][debug][safepoint     ] Safepoint synchronization initiated. (184 threads)
[2023-11-11T18:08:26.152+0000][3012.843s][info ][safepoint     ] Application time: 11.0017102 seconds
[2023-11-11T18:08:26.152+0000][3012.843s][info ][safepoint     ] Entering safepoint region: Cleanup
[2023-11-11T18:08:26.153+0000][3012.844s][info ][safepoint     ] Leaving safepoint region
[2023-11-11T18:08:26.153+0000][3012.844s][info ][safepoint     ] Total time for which application threads were stopped: 0.0006533 seconds, Stopping threads took: 0.0001249 seconds
[2023-11-11T18:08:47.156+0000][3033.848s][debug][safepoint     ] Safepoint synchronization initiated. (183 threads)
[2023-11-11T18:08:47.157+0000][3033.848s][info ][safepoint     ] Application time: 21.0038490 seconds
[2023-11-11T18:08:47.157+0000][3033.848s][info ][safepoint     ] Entering safepoint region: Cleanup
[2023-11-11T18:08:47.157+0000][3033.849s][info ][safepoint     ] Leaving safepoint region
[2023-11-11T18:08:47.157+0000][3033.849s][info ][safepoint     ] Total time for which application threads were stopped: 0.0005987 seconds, Stopping threads took: 0.0001072 seconds
