[2023-11-12T16:51:18.543+0000][0.013s][info][gc,heap] Heap region size: 1M
[2023-11-12T16:51:18.574+0000][0.045s][info][gc     ] Using G1
[2023-11-12T16:51:18.574+0000][0.045s][info][gc,heap,coops] Heap address: 0x0000000706200000, size: 3998 MB, Compressed Oops mode: Zero based, Oop shift amount: 3
[2023-11-12T16:51:18.577+0000][0.048s][info][gc,cds       ] Mark closed archive regions in map: [0x00000007bfc00000, 0x00000007bfc6aff8]
[2023-11-12T16:51:18.577+0000][0.048s][info][gc,cds       ] Mark open archive regions in map: [0x00000007bf800000, 0x00000007bf847ff8]
[2023-11-12T16:51:18.776+0000][0.247s][debug][safepoint    ] Safepoint synchronization initiated. (9 threads)
[2023-11-12T16:51:18.776+0000][0.247s][info ][safepoint    ] Application time: 0.1064662 seconds
[2023-11-12T16:51:18.777+0000][0.248s][info ][safepoint    ] Entering safepoint region: Deoptimize
[2023-11-12T16:51:18.777+0000][0.248s][info ][safepoint    ] Leaving safepoint region
[2023-11-12T16:51:18.777+0000][0.248s][info ][safepoint    ] Total time for which application threads were stopped: 0.0008602 seconds, Stopping threads took: 0.0002988 seconds
[2023-11-12T16:51:19.762+0000][1.232s][debug][safepoint    ] Safepoint synchronization initiated. (10 threads)
[2023-11-12T16:51:19.762+0000][1.233s][info ][safepoint    ] Application time: 0.9840876 seconds
[2023-11-12T16:51:19.762+0000][1.233s][info ][safepoint    ] Entering safepoint region: G1CollectForAllocation
[2023-11-12T16:51:19.762+0000][1.233s][info ][gc,start     ] GC(0) Pause Young (Normal) (G1 Evacuation Pause)
[2023-11-12T16:51:19.764+0000][1.234s][info ][gc,task      ] GC(0) Using 6 workers of 6 for evacuation
[2023-11-12T16:51:19.779+0000][1.250s][info ][gc,phases    ] GC(0)   Pre Evacuate Collection Set: 0.0ms
[2023-11-12T16:51:19.779+0000][1.250s][info ][gc,phases    ] GC(0)   Evacuate Collection Set: 14.3ms
[2023-11-12T16:51:19.779+0000][1.250s][info ][gc,phases    ] GC(0)   Post Evacuate Collection Set: 0.9ms
[2023-11-12T16:51:19.780+0000][1.250s][info ][gc,phases    ] GC(0)   Other: 1.5ms
[2023-11-12T16:51:19.780+0000][1.250s][info ][gc,heap      ] GC(0) Eden regions: 56->0(143)
[2023-11-12T16:51:19.780+0000][1.251s][info ][gc,heap      ] GC(0) Survivor regions: 0->7(7)
[2023-11-12T16:51:19.780+0000][1.251s][info ][gc,heap      ] GC(0) Old regions: 2->3
[2023-11-12T16:51:19.780+0000][1.251s][info ][gc,heap      ] GC(0) Humongous regions: 2->0
[2023-11-12T16:51:19.780+0000][1.251s][info ][gc,metaspace ] GC(0) Metaspace: 2386K(5760K)->2386K(5760K) NonClass: 2188K(5120K)->2188K(5120K) Class: 198K(640K)->198K(640K)
[2023-11-12T16:51:19.780+0000][1.251s][info ][gc           ] GC(0) Pause Young (Normal) (G1 Evacuation Pause) 58M->8M(252M) 17.916ms
[2023-11-12T16:51:19.780+0000][1.251s][info ][gc,cpu       ] GC(0) User=0.05s Sys=0.02s Real=0.02s
[2023-11-12T16:51:19.781+0000][1.251s][info ][safepoint    ] Leaving safepoint region
[2023-11-12T16:51:19.781+0000][1.252s][info ][safepoint    ] Total time for which application threads were stopped: 0.0186270 seconds, Stopping threads took: 0.0001296 seconds
[2023-11-12T16:51:19.781+0000][1.252s][info ][gc,stringdedup] Concurrent String Deduplication (1.252s)
[2023-11-12T16:51:19.782+0000][1.253s][info ][gc,stringdedup] Concurrent String Deduplication 217.6K->214.5K(3248.0B) avg 0.6% (1.252s, 1.253s) 1.277ms
[2023-11-12T16:51:19.883+0000][1.354s][debug][safepoint     ] Safepoint synchronization initiated. (10 threads)
[2023-11-12T16:51:19.883+0000][1.354s][info ][safepoint     ] Application time: 0.1025883 seconds
[2023-11-12T16:51:19.884+0000][1.354s][info ][safepoint     ] Entering safepoint region: Deoptimize
[2023-11-12T16:51:19.884+0000][1.355s][info ][safepoint     ] Leaving safepoint region
[2023-11-12T16:51:19.884+0000][1.355s][info ][safepoint     ] Total time for which application threads were stopped: 0.0005014 seconds, Stopping threads took: 0.0001422 seconds
[2023-11-12T16:51:19.891+0000][1.362s][debug][safepoint     ] Safepoint synchronization initiated. (10 threads)
[2023-11-12T16:51:19.891+0000][1.362s][info ][safepoint     ] Application time: 0.0073429 seconds
[2023-11-12T16:51:19.892+0000][1.362s][info ][safepoint     ] Entering safepoint region: Deoptimize
[2023-11-12T16:51:19.892+0000][1.363s][info ][safepoint     ] Leaving safepoint region
[2023-11-12T16:51:19.892+0000][1.363s][info ][safepoint     ] Total time for which application threads were stopped: 0.0004181 seconds, Stopping threads took: 0.0001246 seconds
[2023-11-12T16:51:19.976+0000][1.447s][debug][safepoint     ] Safepoint synchronization initiated. (10 threads)
[2023-11-12T16:51:19.976+0000][1.447s][info ][safepoint     ] Application time: 0.0836967 seconds
[2023-11-12T16:51:19.976+0000][1.447s][info ][safepoint     ] Entering safepoint region: Deoptimize
[2023-11-12T16:51:19.976+0000][1.447s][info ][safepoint     ] Leaving safepoint region
[2023-11-12T16:51:19.976+0000][1.447s][info ][safepoint     ] Total time for which application threads were stopped: 0.0005037 seconds, Stopping threads took: 0.0001199 seconds
[2023-11-12T16:51:19.988+0000][1.459s][debug][safepoint     ] Safepoint synchronization initiated. (10 threads)
[2023-11-12T16:51:19.988+0000][1.459s][info ][safepoint     ] Application time: 0.0114558 seconds
[2023-11-12T16:51:19.988+0000][1.459s][info ][safepoint     ] Entering safepoint region: Deoptimize
[2023-11-12T16:51:19.988+0000][1.459s][info ][safepoint     ] Leaving safepoint region
[2023-11-12T16:51:19.989+0000][1.459s][info ][safepoint     ] Total time for which application threads were stopped: 0.0004319 seconds, Stopping threads took: 0.0001239 seconds
[2023-11-12T16:51:20.903+0000][2.374s][debug][safepoint     ] Safepoint synchronization initiated. (11 threads)
[2023-11-12T16:51:20.903+0000][2.374s][info ][safepoint     ] Application time: 0.9141334 seconds
[2023-11-12T16:51:20.903+0000][2.374s][info ][safepoint     ] Entering safepoint region: G1CollectForAllocation
[2023-11-12T16:51:20.903+0000][2.374s][info ][gc,start      ] GC(1) Pause Young (Normal) (G1 Evacuation Pause)
[2023-11-12T16:51:20.903+0000][2.374s][info ][gc,task       ] GC(1) Using 6 workers of 6 for evacuation
[2023-11-12T16:51:20.916+0000][2.386s][info ][gc,phases     ] GC(1)   Pre Evacuate Collection Set: 0.0ms
[2023-11-12T16:51:20.916+0000][2.387s][info ][gc,phases     ] GC(1)   Evacuate Collection Set: 11.0ms
[2023-11-12T16:51:20.916+0000][2.387s][info ][gc,phases     ] GC(1)   Post Evacuate Collection Set: 1.1ms
[2023-11-12T16:51:20.916+0000][2.387s][info ][gc,phases     ] GC(1)   Other: 0.2ms
[2023-11-12T16:51:20.916+0000][2.387s][info ][gc,heap       ] GC(1) Eden regions: 143->0(140)
[2023-11-12T16:51:20.916+0000][2.387s][info ][gc,heap       ] GC(1) Survivor regions: 7->10(19)
[2023-11-12T16:51:20.916+0000][2.387s][info ][gc,heap       ] GC(1) Old regions: 3->3
[2023-11-12T16:51:20.916+0000][2.387s][info ][gc,heap       ] GC(1) Humongous regions: 0->0
[2023-11-12T16:51:20.917+0000][2.387s][info ][gc,metaspace  ] GC(1) Metaspace: 8790K(10240K)->8790K(10240K) NonClass: 7749K(8960K)->7749K(8960K) Class: 1040K(1280K)->1040K(1280K)
[2023-11-12T16:51:20.917+0000][2.388s][info ][gc            ] GC(1) Pause Young (Normal) (G1 Evacuation Pause) 151M->11M(252M) 13.538ms
[2023-11-12T16:51:20.917+0000][2.388s][info ][gc,cpu        ] GC(1) User=0.04s Sys=0.01s Real=0.02s
[2023-11-12T16:51:20.917+0000][2.388s][info ][safepoint     ] Leaving safepoint region
[2023-11-12T16:51:20.917+0000][2.388s][info ][safepoint     ] Total time for which application threads were stopped: 0.0141973 seconds, Stopping threads took: 0.0000157 seconds
[2023-11-12T16:51:21.352+0000][2.823s][debug][safepoint     ] Safepoint synchronization initiated. (11 threads)
[2023-11-12T16:51:21.352+0000][2.823s][info ][safepoint     ] Application time: 0.4351785 seconds
[2023-11-12T16:51:21.353+0000][2.824s][info ][safepoint     ] Entering safepoint region: Deoptimize
[2023-11-12T16:51:21.353+0000][2.824s][info ][safepoint     ] Leaving safepoint region
[2023-11-12T16:51:21.353+0000][2.824s][info ][safepoint     ] Total time for which application threads were stopped: 0.0006519 seconds, Stopping threads took: 0.0001467 seconds
[2023-11-12T16:51:21.454+0000][2.924s][debug][safepoint     ] Safepoint synchronization initiated. (11 threads)
[2023-11-12T16:51:21.454+0000][2.925s][info ][safepoint     ] Application time: 0.1001885 seconds
[2023-11-12T16:51:21.454+0000][2.925s][info ][safepoint     ] Entering safepoint region: ICBufferFull
[2023-11-12T16:51:21.454+0000][2.925s][info ][safepoint     ] Leaving safepoint region
[2023-11-12T16:51:21.455+0000][2.925s][info ][safepoint     ] Total time for which application threads were stopped: 0.0005525 seconds, Stopping threads took: 0.0001442 seconds
[2023-11-12T16:51:21.596+0000][3.067s][debug][safepoint     ] Safepoint synchronization initiated. (12 threads)
[2023-11-12T16:51:21.596+0000][3.067s][info ][safepoint     ] Application time: 0.1414388 seconds
[2023-11-12T16:51:21.598+0000][3.069s][debug][safepoint     ] ... found polling page return exception at pc = 0x00007f491c40be06, stub =0x00007f4914841800
[2023-11-12T16:51:21.598+0000][3.069s][debug][safepoint     ] Waiting for 1 thread(s) to block
[2023-11-12T16:51:21.598+0000][3.069s][info ][safepoint     ] Entering safepoint region: G1CollectForAllocation
[2023-11-12T16:51:21.599+0000][3.070s][info ][gc,start      ] GC(2) Pause Young (Normal) (G1 Evacuation Pause)
[2023-11-12T16:51:21.599+0000][3.070s][info ][gc,task       ] GC(2) Using 6 workers of 6 for evacuation
[2023-11-12T16:51:21.611+0000][3.082s][info ][gc,phases     ] GC(2)   Pre Evacuate Collection Set: 0.0ms
[2023-11-12T16:51:21.611+0000][3.082s][info ][gc,phases     ] GC(2)   Evacuate Collection Set: 10.9ms
[2023-11-12T16:51:21.612+0000][3.082s][info ][gc,phases     ] GC(2)   Post Evacuate Collection Set: 1.2ms
[2023-11-12T16:51:21.612+0000][3.083s][info ][gc,phases     ] GC(2)   Other: 0.4ms
[2023-11-12T16:51:21.612+0000][3.083s][info ][gc,heap       ] GC(2) Eden regions: 140->0(137)
[2023-11-12T16:51:21.612+0000][3.083s][info ][gc,heap       ] GC(2) Survivor regions: 10->13(19)
[2023-11-12T16:51:21.612+0000][3.083s][info ][gc,heap       ] GC(2) Old regions: 3->3
[2023-11-12T16:51:21.612+0000][3.083s][info ][gc,heap       ] GC(2) Humongous regions: 0->0
[2023-11-12T16:51:21.612+0000][3.083s][info ][gc,metaspace  ] GC(2) Metaspace: 13397K(14208K)->13397K(14208K) NonClass: 11760K(12288K)->11760K(12288K) Class: 1637K(1920K)->1637K(1920K)
[2023-11-12T16:51:21.612+0000][3.083s][info ][gc            ] GC(2) Pause Young (Normal) (G1 Evacuation Pause) 151M->14M(252M) 13.689ms
[2023-11-12T16:51:21.613+0000][3.083s][info ][gc,cpu        ] GC(2) User=0.05s Sys=0.00s Real=0.01s
[2023-11-12T16:51:21.613+0000][3.084s][info ][safepoint     ] Leaving safepoint region
[2023-11-12T16:51:21.613+0000][3.084s][info ][safepoint     ] Total time for which application threads were stopped: 0.0165767 seconds, Stopping threads took: 0.0022886 seconds
[2023-11-12T16:51:21.613+0000][3.084s][info ][gc,stringdedup] Concurrent String Deduplication (3.084s)
[2023-11-12T16:51:21.628+0000][3.098s][info ][gc,stringdedup] Concurrent String Deduplication 1964.4K->1771.6K(192.8K) avg 8.0% (3.084s, 3.098s) 14.639ms
[2023-11-12T16:51:21.897+0000][3.368s][debug][safepoint     ] Safepoint synchronization initiated. (12 threads)
[2023-11-12T16:51:21.897+0000][3.368s][info ][safepoint     ] Application time: 0.2840162 seconds
[2023-11-12T16:51:21.897+0000][3.368s][info ][safepoint     ] Entering safepoint region: G1CollectForAllocation
[2023-11-12T16:51:21.897+0000][3.368s][info ][gc,start      ] GC(3) Pause Young (Normal) (G1 Evacuation Pause)
[2023-11-12T16:51:21.898+0000][3.368s][info ][gc,task       ] GC(3) Using 6 workers of 6 for evacuation
[2023-11-12T16:51:21.912+0000][3.383s][info ][gc,phases     ] GC(3)   Pre Evacuate Collection Set: 0.0ms
[2023-11-12T16:51:21.912+0000][3.383s][info ][gc,phases     ] GC(3)   Evacuate Collection Set: 12.5ms
[2023-11-12T16:51:21.912+0000][3.383s][info ][gc,phases     ] GC(3)   Post Evacuate Collection Set: 1.6ms
[2023-11-12T16:51:21.912+0000][3.383s][info ][gc,phases     ] GC(3)   Other: 0.4ms
[2023-11-12T16:51:21.912+0000][3.383s][info ][gc,heap       ] GC(3) Eden regions: 137->0(143)
[2023-11-12T16:51:21.913+0000][3.383s][info ][gc,heap       ] GC(3) Survivor regions: 13->7(19)
[2023-11-12T16:51:21.913+0000][3.384s][info ][gc,heap       ] GC(3) Old regions: 3->10
[2023-11-12T16:51:21.913+0000][3.384s][info ][gc,heap       ] GC(3) Humongous regions: 0->0
[2023-11-12T16:51:21.913+0000][3.384s][info ][gc,metaspace  ] GC(3) Metaspace: 16877K(17920K)->16877K(17920K) NonClass: 14673K(15360K)->14673K(15360K) Class: 2204K(2560K)->2204K(2560K)
[2023-11-12T16:51:21.913+0000][3.384s][info ][gc            ] GC(3) Pause Young (Normal) (G1 Evacuation Pause) 151M->15M(252M) 15.701ms
[2023-11-12T16:51:21.913+0000][3.384s][info ][gc,cpu        ] GC(3) User=0.06s Sys=0.01s Real=0.01s
[2023-11-12T16:51:21.913+0000][3.384s][info ][safepoint     ] Leaving safepoint region
[2023-11-12T16:51:21.913+0000][3.384s][info ][safepoint     ] Total time for which application threads were stopped: 0.0164097 seconds, Stopping threads took: 0.0001406 seconds
[2023-11-12T16:51:21.914+0000][3.385s][info ][gc,stringdedup] Concurrent String Deduplication (3.384s)
[2023-11-12T16:51:21.920+0000][3.391s][info ][gc,stringdedup] Concurrent String Deduplication 215.1K->68000.0B(148.7K) avg 12.9% (3.384s, 3.391s) 6.580ms
[2023-11-12T16:51:21.930+0000][3.400s][debug][safepoint     ] Safepoint synchronization initiated. (12 threads)
[2023-11-12T16:51:21.930+0000][3.401s][info ][safepoint     ] Application time: 0.0161167 seconds
[2023-11-12T16:51:21.930+0000][3.401s][debug][safepoint     ] Waiting for 1 thread(s) to block
[2023-11-12T16:51:21.930+0000][3.401s][info ][safepoint     ] Entering safepoint region: Deoptimize
[2023-11-12T16:51:21.931+0000][3.401s][info ][safepoint     ] Leaving safepoint region
[2023-11-12T16:51:21.931+0000][3.402s][info ][safepoint     ] Total time for which application threads were stopped: 0.0008379 seconds, Stopping threads took: 0.0003503 seconds
[2023-11-12T16:51:22.091+0000][3.562s][debug][safepoint     ] Safepoint synchronization initiated. (12 threads)
[2023-11-12T16:51:22.091+0000][3.562s][info ][safepoint     ] Application time: 0.1601027 seconds
[2023-11-12T16:51:22.091+0000][3.562s][debug][safepoint     ] ... found polling page return exception at pc = 0x00007f491c301cd9, stub =0x00007f4914841800
[2023-11-12T16:51:22.091+0000][3.562s][debug][safepoint     ] Waiting for 1 thread(s) to block
[2023-11-12T16:51:22.091+0000][3.562s][info ][safepoint     ] Entering safepoint region: Deoptimize
[2023-11-12T16:51:22.092+0000][3.563s][info ][safepoint     ] Leaving safepoint region
[2023-11-12T16:51:22.092+0000][3.563s][info ][safepoint     ] Total time for which application threads were stopped: 0.0007815 seconds, Stopping threads took: 0.0002791 seconds
[2023-11-12T16:51:22.257+0000][3.728s][debug][safepoint     ] Safepoint synchronization initiated. (12 threads)
[2023-11-12T16:51:22.257+0000][3.728s][info ][safepoint     ] Application time: 0.1656099 seconds
[2023-11-12T16:51:22.257+0000][3.728s][debug][safepoint     ] ... found polling page loop exception at pc = 0x00007f491532ae52, stub =0x00007f4914841b00
[2023-11-12T16:51:22.257+0000][3.728s][debug][safepoint     ] Waiting for 1 thread(s) to block
[2023-11-12T16:51:22.258+0000][3.728s][info ][safepoint     ] Entering safepoint region: CollectForMetadataAllocation
[2023-11-12T16:51:22.258+0000][3.729s][info ][gc,start      ] GC(4) Pause Young (Concurrent Start) (Metadata GC Threshold)
[2023-11-12T16:51:22.258+0000][3.729s][info ][gc,task       ] GC(4) Using 6 workers of 6 for evacuation
[2023-11-12T16:51:22.273+0000][3.744s][info ][gc,phases     ] GC(4)   Pre Evacuate Collection Set: 0.1ms
[2023-11-12T16:51:22.274+0000][3.745s][info ][gc,phases     ] GC(4)   Evacuate Collection Set: 11.9ms
[2023-11-12T16:51:22.274+0000][3.745s][info ][gc,phases     ] GC(4)   Post Evacuate Collection Set: 3.4ms
[2023-11-12T16:51:22.274+0000][3.745s][info ][gc,phases     ] GC(4)   Other: 0.4ms
[2023-11-12T16:51:22.274+0000][3.745s][info ][gc,heap       ] GC(4) Eden regions: 101->0(173)
[2023-11-12T16:51:22.274+0000][3.745s][info ][gc,heap       ] GC(4) Survivor regions: 7->8(19)
[2023-11-12T16:51:22.274+0000][3.745s][info ][gc,heap       ] GC(4) Old regions: 10->10
[2023-11-12T16:51:22.274+0000][3.745s][info ][gc,heap       ] GC(4) Humongous regions: 0->0
[2023-11-12T16:51:22.275+0000][3.745s][info ][gc,metaspace  ] GC(4) Metaspace: 20487K(21248K)->20487K(21248K) NonClass: 17909K(18432K)->17909K(18432K) Class: 2578K(2816K)->2578K(2816K)
[2023-11-12T16:51:22.275+0000][3.746s][info ][gc            ] GC(4) Pause Young (Concurrent Start) (Metadata GC Threshold) 115M->16M(303M) 16.982ms
[2023-11-12T16:51:22.275+0000][3.746s][info ][gc,cpu        ] GC(4) User=0.04s Sys=0.00s Real=0.02s
[2023-11-12T16:51:22.275+0000][3.746s][info ][safepoint     ] Leaving safepoint region
[2023-11-12T16:51:22.275+0000][3.746s][info ][safepoint     ] Total time for which application threads were stopped: 0.0179677 seconds, Stopping threads took: 0.0002642 seconds
[2023-11-12T16:51:22.275+0000][3.746s][info ][gc            ] GC(5) Concurrent Cycle
[2023-11-12T16:51:22.276+0000][3.746s][info ][gc,marking    ] GC(5) Concurrent Clear Claimed Marks
[2023-11-12T16:51:22.276+0000][3.746s][info ][gc,marking    ] GC(5) Concurrent Clear Claimed Marks 0.053ms
[2023-11-12T16:51:22.276+0000][3.746s][info ][gc,marking    ] GC(5) Concurrent Scan Root Regions
[2023-11-12T16:51:22.275+0000][3.746s][info ][gc,stringdedup] Concurrent String Deduplication (3.746s)
[2023-11-12T16:51:22.281+0000][3.752s][info ][gc,marking    ] GC(5) Concurrent Scan Root Regions 5.386ms
[2023-11-12T16:51:22.281+0000][3.752s][info ][gc,marking    ] GC(5) Concurrent Mark (3.752s)
[2023-11-12T16:51:22.281+0000][3.752s][info ][gc,marking    ] GC(5) Concurrent Mark From Roots
[2023-11-12T16:51:22.281+0000][3.752s][info ][gc,task       ] GC(5) Using 2 workers of 2 for marking
[2023-11-12T16:51:22.282+0000][3.753s][info ][gc,stringdedup] Concurrent String Deduplication 191.7K->126.0K(67264.0B) avg 14.4% (3.746s, 3.753s) 6.374ms
[2023-11-12T16:51:22.290+0000][3.761s][info ][gc,marking    ] GC(5) Concurrent Mark From Roots 8.622ms
[2023-11-12T16:51:22.290+0000][3.761s][info ][gc,marking    ] GC(5) Concurrent Preclean
[2023-11-12T16:51:22.290+0000][3.761s][info ][gc,marking    ] GC(5) Concurrent Preclean 0.180ms
[2023-11-12T16:51:22.290+0000][3.761s][info ][gc,marking    ] GC(5) Concurrent Mark (3.752s, 3.761s) 8.935ms
[2023-11-12T16:51:22.290+0000][3.761s][debug][safepoint     ] Safepoint synchronization initiated. (12 threads)
[2023-11-12T16:51:22.290+0000][3.761s][info ][safepoint     ] Application time: 0.0147715 seconds
[2023-11-12T16:51:22.290+0000][3.761s][debug][safepoint     ] ... found polling page loop exception at pc = 0x00007f491c44bd9d, stub =0x00007f4914841b00
[2023-11-12T16:51:22.291+0000][3.761s][debug][safepoint     ] Waiting for 2 thread(s) to block
[2023-11-12T16:51:22.291+0000][3.762s][info ][safepoint     ] Entering safepoint region: CGC_Operation
[2023-11-12T16:51:22.291+0000][3.762s][info ][gc,start      ] GC(5) Pause Remark
[2023-11-12T16:51:22.294+0000][3.765s][info ][gc,stringtable] GC(5) Cleaned string and symbol table, strings: 8084 processed, 7 removed, symbols: 55795 processed, 114 removed
[2023-11-12T16:51:22.295+0000][3.765s][info ][gc            ] GC(5) Pause Remark 20M->20M(303M) 3.676ms
[2023-11-12T16:51:22.295+0000][3.766s][info ][gc,cpu        ] GC(5) User=0.01s Sys=0.00s Real=0.01s
[2023-11-12T16:51:22.295+0000][3.766s][info ][safepoint     ] Leaving safepoint region
[2023-11-12T16:51:22.295+0000][3.766s][info ][safepoint     ] Total time for which application threads were stopped: 0.0046987 seconds, Stopping threads took: 0.0004841 seconds
[2023-11-12T16:51:22.295+0000][3.766s][info ][gc,marking    ] GC(5) Concurrent Rebuild Remembered Sets
[2023-11-12T16:51:22.300+0000][3.771s][info ][gc,marking    ] GC(5) Concurrent Rebuild Remembered Sets 4.710ms
[2023-11-12T16:51:22.300+0000][3.771s][debug][safepoint     ] Safepoint synchronization initiated. (12 threads)
[2023-11-12T16:51:22.300+0000][3.771s][info ][safepoint     ] Application time: 0.0051313 seconds
[2023-11-12T16:51:22.300+0000][3.771s][debug][safepoint     ] ... found polling page return exception at pc = 0x00007f491c3d2f78, stub =0x00007f4914841800
[2023-11-12T16:51:22.301+0000][3.771s][debug][safepoint     ] Waiting for 3 thread(s) to block
[2023-11-12T16:51:22.301+0000][3.772s][info ][safepoint     ] Entering safepoint region: CGC_Operation
[2023-11-12T16:51:22.301+0000][3.772s][info ][gc,start      ] GC(5) Pause Cleanup
[2023-11-12T16:51:22.301+0000][3.772s][info ][gc            ] GC(5) Pause Cleanup 21M->21M(303M) 0.274ms
[2023-11-12T16:51:22.302+0000][3.772s][info ][gc,cpu        ] GC(5) User=0.00s Sys=0.00s Real=0.00s
[2023-11-12T16:51:22.302+0000][3.773s][info ][safepoint     ] Leaving safepoint region
[2023-11-12T16:51:22.302+0000][3.773s][info ][safepoint     ] Total time for which application threads were stopped: 0.0013580 seconds, Stopping threads took: 0.0005717 seconds
[2023-11-12T16:51:22.302+0000][3.773s][info ][gc,marking    ] GC(5) Concurrent Cleanup for Next Mark
[2023-11-12T16:51:22.305+0000][3.776s][info ][gc,marking    ] GC(5) Concurrent Cleanup for Next Mark 3.004ms
[2023-11-12T16:51:22.305+0000][3.776s][info ][gc            ] GC(5) Concurrent Cycle 29.943ms
[2023-11-12T16:51:22.536+0000][4.006s][debug][safepoint     ] Safepoint synchronization initiated. (12 threads)
[2023-11-12T16:51:22.536+0000][4.007s][info ][safepoint     ] Application time: 0.2337757 seconds
[2023-11-12T16:51:22.536+0000][4.007s][info ][safepoint     ] Entering safepoint region: Deoptimize
[2023-11-12T16:51:22.537+0000][4.007s][info ][safepoint     ] Leaving safepoint region
[2023-11-12T16:51:22.537+0000][4.008s][info ][safepoint     ] Total time for which application threads were stopped: 0.0007585 seconds, Stopping threads took: 0.0001405 seconds
[2023-11-12T16:51:23.031+0000][4.502s][debug][safepoint     ] Safepoint synchronization initiated. (11 threads)
[2023-11-12T16:51:23.031+0000][4.502s][info ][safepoint     ] Application time: 0.4944706 seconds
[2023-11-12T16:51:23.031+0000][4.502s][info ][safepoint     ] Entering safepoint region: G1CollectForAllocation
[2023-11-12T16:51:23.032+0000][4.502s][info ][gc,start      ] GC(6) Pause Young (Normal) (G1 Evacuation Pause)
[2023-11-12T16:51:23.032+0000][4.503s][info ][gc,task       ] GC(6) Using 6 workers of 6 for evacuation
[2023-11-12T16:51:23.042+0000][4.513s][info ][gc,phases     ] GC(6)   Pre Evacuate Collection Set: 0.0ms
[2023-11-12T16:51:23.042+0000][4.513s][info ][gc,phases     ] GC(6)   Evacuate Collection Set: 8.4ms
[2023-11-12T16:51:23.042+0000][4.513s][info ][gc,phases     ] GC(6)   Post Evacuate Collection Set: 1.4ms
[2023-11-12T16:51:23.042+0000][4.513s][info ][gc,phases     ] GC(6)   Other: 0.4ms
[2023-11-12T16:51:23.043+0000][4.513s][info ][gc,heap       ] GC(6) Eden regions: 173->0(169)
[2023-11-12T16:51:23.043+0000][4.514s][info ][gc,heap       ] GC(6) Survivor regions: 8->12(23)
[2023-11-12T16:51:23.043+0000][4.514s][info ][gc,heap       ] GC(6) Old regions: 10->10
[2023-11-12T16:51:23.043+0000][4.514s][info ][gc,heap       ] GC(6) Humongous regions: 0->0
[2023-11-12T16:51:23.043+0000][4.514s][info ][gc,metaspace  ] GC(6) Metaspace: 24061K(25212K)->24061K(25212K) NonClass: 21032K(21756K)->21032K(21756K) Class: 3029K(3456K)->3029K(3456K)
[2023-11-12T16:51:23.043+0000][4.514s][info ][gc            ] GC(6) Pause Young (Normal) (G1 Evacuation Pause) 189M->20M(303M) 11.598ms
[2023-11-12T16:51:23.043+0000][4.514s][info ][gc,cpu        ] GC(6) User=0.06s Sys=0.00s Real=0.01s
[2023-11-12T16:51:23.043+0000][4.514s][info ][safepoint     ] Leaving safepoint region
[2023-11-12T16:51:23.044+0000][4.514s][info ][safepoint     ] Total time for which application threads were stopped: 0.0123349 seconds, Stopping threads took: 0.0000168 seconds
[2023-11-12T16:51:23.044+0000][4.515s][info ][gc,stringdedup] Concurrent String Deduplication (4.515s)
[2023-11-12T16:51:23.045+0000][4.516s][info ][gc,stringdedup] Concurrent String Deduplication 140.2K->24120.0B(116.6K) avg 17.6% (4.515s, 4.516s) 0.878ms
[2023-11-12T16:51:23.749+0000][5.220s][debug][safepoint     ] Safepoint synchronization initiated. (11 threads)
[2023-11-12T16:51:23.750+0000][5.221s][info ][safepoint     ] Application time: 0.7061125 seconds
[2023-11-12T16:51:23.750+0000][5.221s][info ][safepoint     ] Entering safepoint region: ICBufferFull
[2023-11-12T16:51:23.750+0000][5.221s][info ][safepoint     ] Leaving safepoint region
[2023-11-12T16:51:23.751+0000][5.221s][info ][safepoint     ] Total time for which application threads were stopped: 0.0004918 seconds, Stopping threads took: 0.0001465 seconds
[2023-11-12T16:51:23.937+0000][5.408s][debug][safepoint     ] Safepoint synchronization initiated. (11 threads)
[2023-11-12T16:51:23.937+0000][5.408s][info ][safepoint     ] Application time: 0.1861390 seconds
[2023-11-12T16:51:23.937+0000][5.408s][info ][safepoint     ] Entering safepoint region: G1CollectForAllocation
[2023-11-12T16:51:23.937+0000][5.408s][info ][gc,start      ] GC(7) Pause Young (Normal) (G1 Evacuation Pause)
[2023-11-12T16:51:23.937+0000][5.408s][info ][gc,task       ] GC(7) Using 6 workers of 6 for evacuation
[2023-11-12T16:51:23.951+0000][5.421s][info ][gc,phases     ] GC(7)   Pre Evacuate Collection Set: 0.0ms
[2023-11-12T16:51:23.951+0000][5.422s][info ][gc,phases     ] GC(7)   Evacuate Collection Set: 11.9ms
[2023-11-12T16:51:23.951+0000][5.422s][info ][gc,phases     ] GC(7)   Post Evacuate Collection Set: 1.5ms
[2023-11-12T16:51:23.951+0000][5.422s][info ][gc,phases     ] GC(7)   Other: 0.2ms
[2023-11-12T16:51:23.951+0000][5.422s][info ][gc,heap       ] GC(7) Eden regions: 169->0(165)
[2023-11-12T16:51:23.951+0000][5.422s][info ][gc,heap       ] GC(7) Survivor regions: 12->16(23)
[2023-11-12T16:51:23.952+0000][5.422s][info ][gc,heap       ] GC(7) Old regions: 10->10
[2023-11-12T16:51:23.952+0000][5.423s][info ][gc,heap       ] GC(7) Humongous regions: 0->0
[2023-11-12T16:51:23.952+0000][5.423s][info ][gc,metaspace  ] GC(7) Metaspace: 24687K(25724K)->24687K(25724K) NonClass: 21597K(22268K)->21597K(22268K) Class: 3090K(3456K)->3090K(3456K)
[2023-11-12T16:51:23.952+0000][5.423s][info ][gc            ] GC(7) Pause Young (Normal) (G1 Evacuation Pause) 189M->24M(303M) 14.907ms
[2023-11-12T16:51:23.952+0000][5.423s][info ][gc,cpu        ] GC(7) User=0.08s Sys=0.00s Real=0.01s
[2023-11-12T16:51:23.952+0000][5.423s][info ][safepoint     ] Leaving safepoint region
[2023-11-12T16:51:23.952+0000][5.423s][info ][safepoint     ] Total time for which application threads were stopped: 0.0155469 seconds, Stopping threads took: 0.0000165 seconds
[2023-11-12T16:51:23.953+0000][5.423s][info ][gc,stringdedup] Concurrent String Deduplication (5.423s)
[2023-11-12T16:51:23.956+0000][5.427s][info ][gc,stringdedup] Concurrent String Deduplication 766.1K->721.1K(46024.0B) avg 15.2% (5.423s, 5.427s) 3.726ms
[2023-11-12T16:51:24.405+0000][5.876s][debug][safepoint     ] Safepoint synchronization initiated. (12 threads)
[2023-11-12T16:51:24.406+0000][5.876s][info ][safepoint     ] Application time: 0.4529977 seconds
[2023-11-12T16:51:24.406+0000][5.877s][debug][safepoint     ] ... found polling page return exception at pc = 0x00007f491c339225, stub =0x00007f4914841800
[2023-11-12T16:51:24.406+0000][5.877s][debug][safepoint     ] Waiting for 1 thread(s) to block
[2023-11-12T16:51:24.406+0000][5.877s][info ][safepoint     ] Entering safepoint region: G1CollectForAllocation
[2023-11-12T16:51:24.406+0000][5.877s][info ][gc,start      ] GC(8) Pause Young (Normal) (G1 Evacuation Pause)
[2023-11-12T16:51:24.407+0000][5.877s][info ][gc,task       ] GC(8) Using 6 workers of 6 for evacuation
[2023-11-12T16:51:24.422+0000][5.892s][info ][gc,phases     ] GC(8)   Pre Evacuate Collection Set: 0.0ms
[2023-11-12T16:51:24.422+0000][5.893s][info ][gc,phases     ] GC(8)   Evacuate Collection Set: 13.2ms
[2023-11-12T16:51:24.422+0000][5.893s][info ][gc,phases     ] GC(8)   Post Evacuate Collection Set: 1.4ms
[2023-11-12T16:51:24.422+0000][5.893s][info ][gc,phases     ] GC(8)   Other: 0.4ms
[2023-11-12T16:51:24.422+0000][5.893s][info ][gc,heap       ] GC(8) Eden regions: 165->0(166)
[2023-11-12T16:51:24.422+0000][5.893s][info ][gc,heap       ] GC(8) Survivor regions: 16->15(23)
[2023-11-12T16:51:24.423+0000][5.893s][info ][gc,heap       ] GC(8) Old regions: 10->15
[2023-11-12T16:51:24.423+0000][5.894s][info ][gc,heap       ] GC(8) Humongous regions: 0->0
[2023-11-12T16:51:24.423+0000][5.894s][info ][gc,metaspace  ] GC(8) Metaspace: 25744K(26620K)->25744K(26620K) NonClass: 22572K(23036K)->22572K(23036K) Class: 3171K(3584K)->3171K(3584K)
[2023-11-12T16:51:24.423+0000][5.894s][info ][gc            ] GC(8) Pause Young (Normal) (G1 Evacuation Pause) 189M->27M(303M) 16.541ms
[2023-11-12T16:51:24.423+0000][5.894s][info ][gc,cpu        ] GC(8) User=0.08s Sys=0.01s Real=0.01s
[2023-11-12T16:51:24.423+0000][5.894s][info ][safepoint     ] Leaving safepoint region
[2023-11-12T16:51:24.423+0000][5.894s][info ][safepoint     ] Total time for which application threads were stopped: 0.0177131 seconds, Stopping threads took: 0.0005483 seconds
[2023-11-12T16:51:24.424+0000][5.894s][info ][gc,stringdedup] Concurrent String Deduplication (5.894s)
[2023-11-12T16:51:24.432+0000][5.903s][info ][gc,stringdedup] Concurrent String Deduplication 1347.1K->708.1K(638.9K) avg 23.7% (5.894s, 5.903s) 8.124ms
[2023-11-12T16:51:24.663+0000][6.133s][debug][safepoint     ] Safepoint synchronization initiated. (12 threads)
[2023-11-12T16:51:24.663+0000][6.134s][info ][safepoint     ] Application time: 0.2391979 seconds
[2023-11-12T16:51:24.663+0000][6.134s][info ][safepoint     ] Entering safepoint region: G1CollectForAllocation
[2023-11-12T16:51:24.663+0000][6.134s][info ][gc,start      ] GC(9) Pause Young (Normal) (G1 Evacuation Pause)
[2023-11-12T16:51:24.663+0000][6.134s][info ][gc,task       ] GC(9) Using 6 workers of 6 for evacuation
[2023-11-12T16:51:24.675+0000][6.146s][info ][gc,phases     ] GC(9)   Pre Evacuate Collection Set: 0.0ms
[2023-11-12T16:51:24.675+0000][6.146s][info ][gc,phases     ] GC(9)   Evacuate Collection Set: 7.5ms
[2023-11-12T16:51:24.676+0000][6.146s][info ][gc,phases     ] GC(9)   Post Evacuate Collection Set: 4.1ms
[2023-11-12T16:51:24.676+0000][6.147s][info ][gc,phases     ] GC(9)   Other: 0.4ms
[2023-11-12T16:51:24.676+0000][6.147s][info ][gc,heap       ] GC(9) Eden regions: 166->0(207)
[2023-11-12T16:51:24.676+0000][6.147s][info ][gc,heap       ] GC(9) Survivor regions: 15->11(23)
[2023-11-12T16:51:24.676+0000][6.147s][info ][gc,heap       ] GC(9) Old regions: 15->17
[2023-11-12T16:51:24.676+0000][6.147s][info ][gc,heap       ] GC(9) Humongous regions: 0->0
[2023-11-12T16:51:24.676+0000][6.147s][info ][gc,metaspace  ] GC(9) Metaspace: 26317K(27388K)->26317K(27388K) NonClass: 23097K(23804K)->23097K(23804K) Class: 3220K(3584K)->3220K(3584K)
[2023-11-12T16:51:24.677+0000][6.147s][info ][gc            ] GC(9) Pause Young (Normal) (G1 Evacuation Pause) 193M->26M(364M) 13.394ms
[2023-11-12T16:51:24.677+0000][6.148s][info ][gc,cpu        ] GC(9) User=0.03s Sys=0.01s Real=0.02s
[2023-11-12T16:51:24.677+0000][6.148s][info ][safepoint     ] Leaving safepoint region
[2023-11-12T16:51:24.677+0000][6.148s][info ][safepoint     ] Total time for which application threads were stopped: 0.0140849 seconds, Stopping threads took: 0.0001405 seconds
[2023-11-12T16:51:24.677+0000][6.148s][info ][gc,stringdedup] Concurrent String Deduplication (6.148s)
[2023-11-12T16:51:24.683+0000][6.153s][info ][gc,stringdedup] Concurrent String Deduplication 1174.5K->358.4K(816.1K) avg 32.2% (6.148s, 6.153s) 5.469ms
[2023-11-12T16:51:25.386+0000][6.857s][debug][safepoint     ] Safepoint synchronization initiated. (11 threads)
[2023-11-12T16:51:25.386+0000][6.857s][info ][safepoint     ] Application time: 0.7087884 seconds
[2023-11-12T16:51:25.386+0000][6.857s][info ][safepoint     ] Entering safepoint region: G1CollectForAllocation
[2023-11-12T16:51:25.386+0000][6.857s][info ][gc,start      ] GC(10) Pause Young (Normal) (G1 Evacuation Pause)
[2023-11-12T16:51:25.386+0000][6.857s][info ][gc,task       ] GC(10) Using 6 workers of 6 for evacuation
[2023-11-12T16:51:25.395+0000][6.866s][info ][gc,phases     ] GC(10)   Pre Evacuate Collection Set: 0.0ms
[2023-11-12T16:51:25.395+0000][6.866s][info ][gc,phases     ] GC(10)   Evacuate Collection Set: 7.4ms
[2023-11-12T16:51:25.395+0000][6.866s][info ][gc,phases     ] GC(10)   Post Evacuate Collection Set: 1.6ms
[2023-11-12T16:51:25.395+0000][6.866s][info ][gc,phases     ] GC(10)   Other: 0.2ms
[2023-11-12T16:51:25.395+0000][6.866s][info ][gc,heap       ] GC(10) Eden regions: 207->0(206)
[2023-11-12T16:51:25.395+0000][6.866s][info ][gc,heap       ] GC(10) Survivor regions: 11->12(28)
[2023-11-12T16:51:25.395+0000][6.866s][info ][gc,heap       ] GC(10) Old regions: 17->17
[2023-11-12T16:51:25.395+0000][6.866s][info ][gc,heap       ] GC(10) Humongous regions: 0->0
[2023-11-12T16:51:25.395+0000][6.866s][info ][gc,metaspace  ] GC(10) Metaspace: 31568K(32508K)->31568K(32508K) NonClass: 27793K(28412K)->27793K(28412K) Class: 3775K(4096K)->3775K(4096K)
[2023-11-12T16:51:25.395+0000][6.866s][info ][gc            ] GC(10) Pause Young (Normal) (G1 Evacuation Pause) 233M->27M(364M) 9.334ms
[2023-11-12T16:51:25.396+0000][6.866s][info ][gc,cpu        ] GC(10) User=0.03s Sys=0.00s Real=0.01s
[2023-11-12T16:51:25.396+0000][6.866s][info ][safepoint     ] Leaving safepoint region
[2023-11-12T16:51:25.396+0000][6.866s][info ][safepoint     ] Total time for which application threads were stopped: 0.0096245 seconds, Stopping threads took: 0.0000160 seconds
[2023-11-12T16:51:25.396+0000][6.866s][info ][gc,stringdedup] Concurrent String Deduplication (6.866s)
[2023-11-12T16:51:25.399+0000][6.870s][info ][gc,stringdedup] Concurrent String Deduplication 1196.5K->260.9K(935.6K) avg 39.6% (6.866s, 6.870s) 3.281ms
[2023-11-12T16:51:25.561+0000][7.032s][debug][safepoint     ] Safepoint synchronization initiated. (11 threads)
[2023-11-12T16:51:25.561+0000][7.032s][info ][safepoint     ] Application time: 0.1656717 seconds
[2023-11-12T16:51:25.561+0000][7.032s][info ][safepoint     ] Entering safepoint region: ICBufferFull
[2023-11-12T16:51:25.562+0000][7.032s][info ][safepoint     ] Leaving safepoint region
[2023-11-12T16:51:25.562+0000][7.032s][info ][safepoint     ] Total time for which application threads were stopped: 0.0003280 seconds, Stopping threads took: 0.0000161 seconds
[2023-11-12T16:51:25.802+0000][7.273s][debug][safepoint     ] Safepoint synchronization initiated. (11 threads)
[2023-11-12T16:51:25.802+0000][7.273s][info ][safepoint     ] Application time: 0.2407200 seconds
[2023-11-12T16:51:25.802+0000][7.273s][info ][safepoint     ] Entering safepoint region: Deoptimize
[2023-11-12T16:51:25.803+0000][7.274s][info ][safepoint     ] Leaving safepoint region
[2023-11-12T16:51:25.803+0000][7.274s][info ][safepoint     ] Total time for which application threads were stopped: 0.0006233 seconds, Stopping threads took: 0.0000175 seconds
[2023-11-12T16:51:26.027+0000][7.498s][debug][safepoint     ] Safepoint synchronization initiated. (11 threads)
[2023-11-12T16:51:26.027+0000][7.498s][info ][safepoint     ] Application time: 0.2240689 seconds
[2023-11-12T16:51:26.027+0000][7.498s][info ][safepoint     ] Entering safepoint region: G1CollectForAllocation
[2023-11-12T16:51:26.027+0000][7.498s][info ][gc,start      ] GC(11) Pause Young (Normal) (G1 Evacuation Pause)
[2023-11-12T16:51:26.027+0000][7.498s][info ][gc,task       ] GC(11) Using 6 workers of 6 for evacuation
[2023-11-12T16:51:26.035+0000][7.506s][info ][gc,phases     ] GC(11)   Pre Evacuate Collection Set: 0.0ms
[2023-11-12T16:51:26.035+0000][7.506s][info ][gc,phases     ] GC(11)   Evacuate Collection Set: 6.1ms
[2023-11-12T16:51:26.035+0000][7.506s][info ][gc,phases     ] GC(11)   Post Evacuate Collection Set: 1.5ms
[2023-11-12T16:51:26.035+0000][7.506s][info ][gc,phases     ] GC(11)   Other: 0.2ms
[2023-11-12T16:51:26.035+0000][7.506s][info ][gc,heap       ] GC(11) Eden regions: 206->0(205)
[2023-11-12T16:51:26.035+0000][7.506s][info ][gc,heap       ] GC(11) Survivor regions: 12->13(28)
[2023-11-12T16:51:26.035+0000][7.506s][info ][gc,heap       ] GC(11) Old regions: 17->17
[2023-11-12T16:51:26.035+0000][7.506s][info ][gc,heap       ] GC(11) Humongous regions: 0->0
[2023-11-12T16:51:26.035+0000][7.506s][info ][gc,metaspace  ] GC(11) Metaspace: 32834K(33788K)->32834K(33788K) NonClass: 28884K(29436K)->28884K(29436K) Class: 3950K(4352K)->3950K(4352K)
[2023-11-12T16:51:26.035+0000][7.506s][info ][gc            ] GC(11) Pause Young (Normal) (G1 Evacuation Pause) 233M->28M(364M) 8.112ms
[2023-11-12T16:51:26.035+0000][7.506s][info ][gc,cpu        ] GC(11) User=0.04s Sys=0.00s Real=0.01s
[2023-11-12T16:51:26.035+0000][7.506s][info ][safepoint     ] Leaving safepoint region
[2023-11-12T16:51:26.035+0000][7.506s][info ][safepoint     ] Total time for which application threads were stopped: 0.0083162 seconds, Stopping threads took: 0.0000169 seconds
[2023-11-12T16:51:26.035+0000][7.506s][info ][gc,stringdedup] Concurrent String Deduplication (7.506s)
[2023-11-12T16:51:26.036+0000][7.507s][info ][gc,stringdedup] Concurrent String Deduplication 45216.0B->10608.0B(34608.0B) avg 39.8% (7.506s, 7.507s) 0.236ms
[2023-11-12T16:51:26.221+0000][7.692s][debug][safepoint     ] Safepoint synchronization initiated. (11 threads)
[2023-11-12T16:51:26.221+0000][7.692s][info ][safepoint     ] Application time: 0.1859849 seconds
[2023-11-12T16:51:26.221+0000][7.692s][info ][safepoint     ] Entering safepoint region: Deoptimize
[2023-11-12T16:51:26.222+0000][7.693s][info ][safepoint     ] Leaving safepoint region
[2023-11-12T16:51:26.222+0000][7.693s][info ][safepoint     ] Total time for which application threads were stopped: 0.0006919 seconds, Stopping threads took: 0.0000166 seconds
[2023-11-12T16:51:26.534+0000][8.005s][debug][safepoint     ] Safepoint synchronization initiated. (11 threads)
[2023-11-12T16:51:26.534+0000][8.005s][info ][safepoint     ] Application time: 0.3117277 seconds
[2023-11-12T16:51:26.534+0000][8.005s][info ][safepoint     ] Entering safepoint region: Deoptimize
[2023-11-12T16:51:26.535+0000][8.006s][info ][safepoint     ] Leaving safepoint region
[2023-11-12T16:51:26.535+0000][8.006s][info ][safepoint     ] Total time for which application threads were stopped: 0.0007845 seconds, Stopping threads took: 0.0000306 seconds
[2023-11-12T16:51:26.543+0000][8.014s][debug][safepoint     ] Safepoint synchronization initiated. (11 threads)
[2023-11-12T16:51:26.543+0000][8.014s][info ][safepoint     ] Application time: 0.0077514 seconds
[2023-11-12T16:51:26.543+0000][8.014s][info ][safepoint     ] Entering safepoint region: Deoptimize
[2023-11-12T16:51:26.543+0000][8.014s][info ][safepoint     ] Leaving safepoint region
[2023-11-12T16:51:26.543+0000][8.014s][info ][safepoint     ] Total time for which application threads were stopped: 0.0003689 seconds, Stopping threads took: 0.0000138 seconds
[2023-11-12T16:51:26.562+0000][8.033s][debug][safepoint     ] Safepoint synchronization initiated. (11 threads)
[2023-11-12T16:51:26.562+0000][8.033s][info ][safepoint     ] Application time: 0.0189621 seconds
[2023-11-12T16:51:26.562+0000][8.033s][info ][safepoint     ] Entering safepoint region: Deoptimize
[2023-11-12T16:51:26.563+0000][8.034s][info ][safepoint     ] Leaving safepoint region
[2023-11-12T16:51:26.563+0000][8.034s][info ][safepoint     ] Total time for which application threads were stopped: 0.0005772 seconds, Stopping threads took: 0.0000156 seconds
[2023-11-12T16:51:26.619+0000][8.090s][debug][safepoint     ] Safepoint synchronization initiated. (11 threads)
[2023-11-12T16:51:26.619+0000][8.090s][info ][safepoint     ] Application time: 0.0561657 seconds
[2023-11-12T16:51:26.619+0000][8.090s][info ][safepoint     ] Entering safepoint region: Deoptimize
[2023-11-12T16:51:26.620+0000][8.091s][info ][safepoint     ] Leaving safepoint region
[2023-11-12T16:51:26.620+0000][8.091s][info ][safepoint     ] Total time for which application threads were stopped: 0.0007488 seconds, Stopping threads took: 0.0000163 seconds
[2023-11-12T16:51:26.669+0000][8.140s][debug][safepoint     ] Safepoint synchronization initiated. (11 threads)
[2023-11-12T16:51:26.670+0000][8.140s][info ][safepoint     ] Application time: 0.0496840 seconds
[2023-11-12T16:51:26.670+0000][8.140s][info ][safepoint     ] Entering safepoint region: CollectForMetadataAllocation
[2023-11-12T16:51:26.670+0000][8.141s][info ][gc,start      ] GC(12) Pause Young (Concurrent Start) (Metadata GC Threshold)
[2023-11-12T16:51:26.670+0000][8.141s][info ][gc,task       ] GC(12) Using 6 workers of 6 for evacuation
[2023-11-12T16:51:26.684+0000][8.155s][info ][gc,phases     ] GC(12)   Pre Evacuate Collection Set: 0.1ms
[2023-11-12T16:51:26.684+0000][8.155s][info ][gc,phases     ] GC(12)   Evacuate Collection Set: 11.9ms
[2023-11-12T16:51:26.684+0000][8.155s][info ][gc,phases     ] GC(12)   Post Evacuate Collection Set: 1.7ms
[2023-11-12T16:51:26.684+0000][8.155s][info ][gc,phases     ] GC(12)   Other: 0.3ms
[2023-11-12T16:51:26.684+0000][8.155s][info ][gc,heap       ] GC(12) Eden regions: 192->0(204)
[2023-11-12T16:51:26.685+0000][8.155s][info ][gc,heap       ] GC(12) Survivor regions: 13->14(28)
[2023-11-12T16:51:26.685+0000][8.156s][info ][gc,heap       ] GC(12) Old regions: 17->17
[2023-11-12T16:51:26.685+0000][8.156s][info ][gc,heap       ] GC(12) Humongous regions: 0->0
[2023-11-12T16:51:26.685+0000][8.156s][info ][gc,metaspace  ] GC(12) Metaspace: 35104K(36048K)->35104K(36048K) NonClass: 30875K(31440K)->30875K(31440K) Class: 4229K(4608K)->4229K(4608K)
[2023-11-12T16:51:26.685+0000][8.156s][info ][gc            ] GC(12) Pause Young (Concurrent Start) (Metadata GC Threshold) 220M->29M(364M) 15.260ms
[2023-11-12T16:51:26.685+0000][8.156s][info ][gc,cpu        ] GC(12) User=0.05s Sys=0.00s Real=0.01s
[2023-11-12T16:51:26.685+0000][8.156s][info ][gc            ] GC(13) Concurrent Cycle
[2023-11-12T16:51:26.686+0000][8.156s][info ][gc,marking    ] GC(13) Concurrent Clear Claimed Marks
[2023-11-12T16:51:26.685+0000][8.156s][info ][safepoint     ] Leaving safepoint region
[2023-11-12T16:51:26.686+0000][8.157s][info ][safepoint     ] Total time for which application threads were stopped: 0.0161569 seconds, Stopping threads took: 0.0000167 seconds
[2023-11-12T16:51:26.686+0000][8.157s][info ][gc,stringdedup] Concurrent String Deduplication (8.157s)
[2023-11-12T16:51:26.686+0000][8.157s][info ][gc,marking    ] GC(13) Concurrent Clear Claimed Marks 0.533ms
[2023-11-12T16:51:26.686+0000][8.157s][info ][gc,marking    ] GC(13) Concurrent Scan Root Regions
[2023-11-12T16:51:26.687+0000][8.157s][info ][gc,stringdedup] Concurrent String Deduplication 124.1K->17216.0B(107.3K) avg 40.6% (8.157s, 8.157s) 0.831ms
[2023-11-12T16:51:26.693+0000][8.164s][info ][gc,marking    ] GC(13) Concurrent Scan Root Regions 6.487ms
[2023-11-12T16:51:26.693+0000][8.164s][info ][gc,marking    ] GC(13) Concurrent Mark (8.164s)
[2023-11-12T16:51:26.693+0000][8.164s][info ][gc,marking    ] GC(13) Concurrent Mark From Roots
[2023-11-12T16:51:26.693+0000][8.164s][info ][gc,task       ] GC(13) Using 2 workers of 2 for marking
[2023-11-12T16:51:26.708+0000][8.179s][info ][gc,marking    ] GC(13) Concurrent Mark From Roots 15.109ms
[2023-11-12T16:51:26.708+0000][8.179s][info ][gc,marking    ] GC(13) Concurrent Preclean
[2023-11-12T16:51:26.709+0000][8.180s][info ][gc,marking    ] GC(13) Concurrent Preclean 0.271ms
[2023-11-12T16:51:26.709+0000][8.180s][info ][gc,marking    ] GC(13) Concurrent Mark (8.164s, 8.180s) 15.856ms
[2023-11-12T16:51:26.709+0000][8.180s][debug][safepoint     ] Safepoint synchronization initiated. (11 threads)
[2023-11-12T16:51:26.709+0000][8.180s][info ][safepoint     ] Application time: 0.0233174 seconds
[2023-11-12T16:51:26.709+0000][8.180s][debug][safepoint     ] Waiting for 1 thread(s) to block
[2023-11-12T16:51:26.709+0000][8.180s][info ][safepoint     ] Entering safepoint region: CGC_Operation
[2023-11-12T16:51:26.709+0000][8.180s][info ][gc,start      ] GC(13) Pause Remark
[2023-11-12T16:51:26.715+0000][8.186s][info ][gc,stringtable] GC(13) Cleaned string and symbol table, strings: 12686 processed, 28 removed, symbols: 122598 processed, 337 removed
[2023-11-12T16:51:26.716+0000][8.187s][info ][gc            ] GC(13) Pause Remark 34M->34M(364M) 6.619ms
[2023-11-12T16:51:26.716+0000][8.187s][info ][gc,cpu        ] GC(13) User=0.02s Sys=0.00s Real=0.01s
[2023-11-12T16:51:26.716+0000][8.187s][info ][safepoint     ] Leaving safepoint region
[2023-11-12T16:51:26.716+0000][8.187s][info ][safepoint     ] Total time for which application threads were stopped: 0.0068498 seconds, Stopping threads took: 0.0000757 seconds
[2023-11-12T16:51:26.716+0000][8.187s][info ][gc,marking    ] GC(13) Concurrent Rebuild Remembered Sets
[2023-11-12T16:51:26.725+0000][8.196s][info ][gc,marking    ] GC(13) Concurrent Rebuild Remembered Sets 8.996ms
[2023-11-12T16:51:26.725+0000][8.196s][debug][safepoint     ] Safepoint synchronization initiated. (11 threads)
[2023-11-12T16:51:26.725+0000][8.196s][info ][safepoint     ] Application time: 0.0094033 seconds
[2023-11-12T16:51:26.725+0000][8.196s][debug][safepoint     ] Waiting for 1 thread(s) to block
[2023-11-12T16:51:26.726+0000][8.196s][info ][safepoint     ] Entering safepoint region: CGC_Operation
[2023-11-12T16:51:26.726+0000][8.196s][info ][gc,start      ] GC(13) Pause Cleanup
[2023-11-12T16:51:26.726+0000][8.197s][info ][gc            ] GC(13) Pause Cleanup 36M->36M(364M) 0.156ms
[2023-11-12T16:51:26.726+0000][8.197s][info ][gc,cpu        ] GC(13) User=0.00s Sys=0.00s Real=0.00s
[2023-11-12T16:51:26.726+0000][8.197s][info ][safepoint     ] Leaving safepoint region
[2023-11-12T16:51:26.726+0000][8.197s][info ][safepoint     ] Total time for which application threads were stopped: 0.0005328 seconds, Stopping threads took: 0.0002282 seconds
[2023-11-12T16:51:26.726+0000][8.197s][info ][gc,marking    ] GC(13) Concurrent Cleanup for Next Mark
[2023-11-12T16:51:26.730+0000][8.200s][info ][gc,marking    ] GC(13) Concurrent Cleanup for Next Mark 3.454ms
[2023-11-12T16:51:26.730+0000][8.201s][info ][gc            ] GC(13) Concurrent Cycle 44.391ms
[2023-11-12T16:51:26.899+0000][8.370s][debug][safepoint     ] Safepoint synchronization initiated. (11 threads)
[2023-11-12T16:51:26.899+0000][8.370s][info ][safepoint     ] Application time: 0.1728945 seconds
[2023-11-12T16:51:26.899+0000][8.370s][info ][safepoint     ] Entering safepoint region: Deoptimize
[2023-11-12T16:51:26.899+0000][8.370s][info ][safepoint     ] Leaving safepoint region
[2023-11-12T16:51:26.899+0000][8.370s][info ][safepoint     ] Total time for which application threads were stopped: 0.0006339 seconds, Stopping threads took: 0.0000150 seconds
[2023-11-12T16:51:27.319+0000][8.790s][debug][safepoint     ] Safepoint synchronization initiated. (11 threads)
[2023-11-12T16:51:27.319+0000][8.790s][info ][safepoint     ] Application time: 0.4195424 seconds
[2023-11-12T16:51:27.319+0000][8.790s][info ][safepoint     ] Entering safepoint region: Deoptimize
[2023-11-12T16:51:27.320+0000][8.791s][info ][safepoint     ] Leaving safepoint region
[2023-11-12T16:51:27.320+0000][8.791s][info ][safepoint     ] Total time for which application threads were stopped: 0.0007074 seconds, Stopping threads took: 0.0000165 seconds
[2023-11-12T16:51:27.358+0000][8.829s][debug][safepoint     ] Safepoint synchronization initiated. (11 threads)
[2023-11-12T16:51:27.358+0000][8.829s][info ][safepoint     ] Application time: 0.0386311 seconds
[2023-11-12T16:51:27.358+0000][8.829s][info ][safepoint     ] Entering safepoint region: G1CollectForAllocation
[2023-11-12T16:51:27.359+0000][8.829s][info ][gc,start      ] GC(14) Pause Young (Normal) (G1 Evacuation Pause)
[2023-11-12T16:51:27.359+0000][8.829s][info ][gc,task       ] GC(14) Using 6 workers of 6 for evacuation
[2023-11-12T16:51:27.377+0000][8.848s][info ][gc,phases     ] GC(14)   Pre Evacuate Collection Set: 0.0ms
[2023-11-12T16:51:27.377+0000][8.848s][info ][gc,phases     ] GC(14)   Evacuate Collection Set: 16.0ms
[2023-11-12T16:51:27.377+0000][8.848s][info ][gc,phases     ] GC(14)   Post Evacuate Collection Set: 2.0ms
[2023-11-12T16:51:27.377+0000][8.848s][info ][gc,phases     ] GC(14)   Other: 0.2ms
[2023-11-12T16:51:27.377+0000][8.848s][info ][gc,heap       ] GC(14) Eden regions: 204->0(203)
[2023-11-12T16:51:27.377+0000][8.848s][info ][gc,heap       ] GC(14) Survivor regions: 14->15(28)
[2023-11-12T16:51:27.377+0000][8.848s][info ][gc,heap       ] GC(14) Old regions: 17->17
[2023-11-12T16:51:27.377+0000][8.848s][info ][gc,heap       ] GC(14) Humongous regions: 0->0
[2023-11-12T16:51:27.377+0000][8.848s][info ][gc,metaspace  ] GC(14) Metaspace: 37992K(39120K)->37992K(39120K) NonClass: 33340K(34000K)->33340K(34000K) Class: 4651K(5120K)->4651K(5120K)
[2023-11-12T16:51:27.377+0000][8.848s][info ][gc            ] GC(14) Pause Young (Normal) (G1 Evacuation Pause) 233M->30M(364M) 18.472ms
[2023-11-12T16:51:27.377+0000][8.848s][info ][gc,cpu        ] GC(14) User=0.08s Sys=0.00s Real=0.02s
[2023-11-12T16:51:27.377+0000][8.848s][info ][safepoint     ] Leaving safepoint region
[2023-11-12T16:51:27.377+0000][8.848s][info ][safepoint     ] Total time for which application threads were stopped: 0.0186762 seconds, Stopping threads took: 0.0000166 seconds
[2023-11-12T16:51:27.377+0000][8.848s][info ][gc,stringdedup] Concurrent String Deduplication (8.848s)
[2023-11-12T16:51:27.379+0000][8.850s][info ][gc,stringdedup] Concurrent String Deduplication 436.3K->220.4K(215.9K) avg 41.0% (8.848s, 8.850s) 1.785ms
[2023-11-12T16:51:27.841+0000][9.312s][debug][safepoint     ] Safepoint synchronization initiated. (11 threads)
[2023-11-12T16:51:27.842+0000][9.312s][info ][safepoint     ] Application time: 0.4644377 seconds
[2023-11-12T16:51:27.842+0000][9.312s][info ][safepoint     ] Entering safepoint region: ICBufferFull
[2023-11-12T16:51:27.842+0000][9.313s][info ][safepoint     ] Leaving safepoint region
[2023-11-12T16:51:27.842+0000][9.313s][info ][safepoint     ] Total time for which application threads were stopped: 0.0002280 seconds, Stopping threads took: 0.0000171 seconds
[2023-11-12T16:51:28.427+0000][9.898s][debug][safepoint     ] Safepoint synchronization initiated. (11 threads)
[2023-11-12T16:51:28.427+0000][9.898s][info ][safepoint     ] Application time: 0.5856030 seconds
[2023-11-12T16:51:28.427+0000][9.898s][info ][safepoint     ] Entering safepoint region: G1CollectForAllocation
[2023-11-12T16:51:28.428+0000][9.899s][info ][gc,start      ] GC(15) Pause Young (Normal) (G1 Evacuation Pause)
[2023-11-12T16:51:28.428+0000][9.899s][info ][gc,task       ] GC(15) Using 6 workers of 6 for evacuation
[2023-11-12T16:51:28.453+0000][9.924s][info ][gc,phases     ] GC(15)   Pre Evacuate Collection Set: 0.0ms
[2023-11-12T16:51:28.453+0000][9.924s][info ][gc,phases     ] GC(15)   Evacuate Collection Set: 23.4ms
[2023-11-12T16:51:28.453+0000][9.924s][info ][gc,phases     ] GC(15)   Post Evacuate Collection Set: 1.9ms
[2023-11-12T16:51:28.453+0000][9.924s][info ][gc,phases     ] GC(15)   Other: 0.2ms
[2023-11-12T16:51:28.453+0000][9.924s][info ][gc,heap       ] GC(15) Eden regions: 203->0(201)
[2023-11-12T16:51:28.453+0000][9.924s][info ][gc,heap       ] GC(15) Survivor regions: 15->17(28)
[2023-11-12T16:51:28.453+0000][9.924s][info ][gc,heap       ] GC(15) Old regions: 17->17
[2023-11-12T16:51:28.453+0000][9.924s][info ][gc,heap       ] GC(15) Humongous regions: 0->0
[2023-11-12T16:51:28.453+0000][9.924s][info ][gc,metaspace  ] GC(15) Metaspace: 40653K(41680K)->40653K(41680K) NonClass: 35638K(36304K)->35638K(36304K) Class: 5015K(5376K)->5015K(5376K)
[2023-11-12T16:51:28.453+0000][9.924s][info ][gc            ] GC(15) Pause Young (Normal) (G1 Evacuation Pause) 233M->32M(364M) 25.661ms
[2023-11-12T16:51:28.453+0000][9.924s][info ][gc,cpu        ] GC(15) User=0.08s Sys=0.00s Real=0.02s
[2023-11-12T16:51:28.453+0000][9.924s][info ][safepoint     ] Leaving safepoint region
[2023-11-12T16:51:28.453+0000][9.924s][info ][safepoint     ] Total time for which application threads were stopped: 0.0259945 seconds, Stopping threads took: 0.0000165 seconds
[2023-11-12T16:51:28.453+0000][9.924s][info ][gc,stringdedup] Concurrent String Deduplication (9.924s)
[2023-11-12T16:51:28.455+0000][9.926s][info ][gc,stringdedup] Concurrent String Deduplication 240.0K->102.6K(137.4K) avg 41.5% (9.924s, 9.926s) 1.350ms
[2023-11-12T16:51:28.608+0000][10.079s][debug][safepoint     ] Safepoint synchronization initiated. (11 threads)
[2023-11-12T16:51:28.608+0000][10.079s][info ][safepoint     ] Application time: 0.1548450 seconds
[2023-11-12T16:51:28.608+0000][10.079s][info ][safepoint     ] Entering safepoint region: Deoptimize
[2023-11-12T16:51:28.609+0000][10.080s][info ][safepoint     ] Leaving safepoint region
[2023-11-12T16:51:28.609+0000][10.080s][info ][safepoint     ] Total time for which application threads were stopped: 0.0007653 seconds, Stopping threads took: 0.0000168 seconds
[2023-11-12T16:51:28.623+0000][10.094s][debug][safepoint     ] Safepoint synchronization initiated. (11 threads)
[2023-11-12T16:51:28.623+0000][10.094s][info ][safepoint     ] Application time: 0.0136802 seconds
[2023-11-12T16:51:28.623+0000][10.094s][info ][safepoint     ] Entering safepoint region: Deoptimize
[2023-11-12T16:51:28.623+0000][10.094s][info ][safepoint     ] Leaving safepoint region
[2023-11-12T16:51:28.623+0000][10.094s][info ][safepoint     ] Total time for which application threads were stopped: 0.0006293 seconds, Stopping threads took: 0.0000162 seconds
[2023-11-12T16:51:28.650+0000][10.121s][debug][safepoint     ] Safepoint synchronization initiated. (11 threads)
[2023-11-12T16:51:28.650+0000][10.121s][info ][safepoint     ] Application time: 0.0270937 seconds
[2023-11-12T16:51:28.650+0000][10.121s][info ][safepoint     ] Entering safepoint region: Deoptimize
[2023-11-12T16:51:28.652+0000][10.123s][info ][safepoint     ] Leaving safepoint region
[2023-11-12T16:51:28.652+0000][10.123s][info ][safepoint     ] Total time for which application threads were stopped: 0.0012535 seconds, Stopping threads took: 0.0000160 seconds
[2023-11-12T16:51:28.977+0000][10.448s][debug][safepoint     ] Safepoint synchronization initiated. (11 threads)
[2023-11-12T16:51:28.978+0000][10.448s][info ][safepoint     ] Application time: 0.3257994 seconds
[2023-11-12T16:51:28.978+0000][10.448s][info ][safepoint     ] Entering safepoint region: Deoptimize
[2023-11-12T16:51:28.978+0000][10.449s][info ][safepoint     ] Leaving safepoint region
[2023-11-12T16:51:28.978+0000][10.449s][info ][safepoint     ] Total time for which application threads were stopped: 0.0008902 seconds, Stopping threads took: 0.0000171 seconds
[2023-11-12T16:51:28.980+0000][10.450s][debug][safepoint     ] Safepoint synchronization initiated. (11 threads)
[2023-11-12T16:51:28.980+0000][10.451s][info ][safepoint     ] Application time: 0.0011890 seconds
[2023-11-12T16:51:28.980+0000][10.451s][info ][safepoint     ] Entering safepoint region: Deoptimize
[2023-11-12T16:51:28.980+0000][10.451s][info ][safepoint     ] Leaving safepoint region
[2023-11-12T16:51:28.980+0000][10.451s][info ][safepoint     ] Total time for which application threads were stopped: 0.0003126 seconds, Stopping threads took: 0.0000143 seconds
[2023-11-12T16:51:29.064+0000][10.535s][debug][safepoint     ] Safepoint synchronization initiated. (11 threads)
[2023-11-12T16:51:29.064+0000][10.535s][info ][safepoint     ] Application time: 0.0842295 seconds
[2023-11-12T16:51:29.064+0000][10.535s][info ][safepoint     ] Entering safepoint region: Deoptimize
[2023-11-12T16:51:29.065+0000][10.536s][info ][safepoint     ] Leaving safepoint region
[2023-11-12T16:51:29.065+0000][10.536s][info ][safepoint     ] Total time for which application threads were stopped: 0.0007245 seconds, Stopping threads took: 0.0000173 seconds
[2023-11-12T16:51:29.412+0000][10.883s][debug][safepoint     ] Safepoint synchronization initiated. (11 threads)
[2023-11-12T16:51:29.412+0000][10.883s][info ][safepoint     ] Application time: 0.3468157 seconds
[2023-11-12T16:51:29.412+0000][10.883s][info ][safepoint     ] Entering safepoint region: Deoptimize
[2023-11-12T16:51:29.413+0000][10.884s][info ][safepoint     ] Leaving safepoint region
[2023-11-12T16:51:29.413+0000][10.884s][info ][safepoint     ] Total time for which application threads were stopped: 0.0008456 seconds, Stopping threads took: 0.0000171 seconds
[2023-11-12T16:51:29.413+0000][10.884s][debug][safepoint     ] Safepoint synchronization initiated. (11 threads)
[2023-11-12T16:51:29.413+0000][10.884s][info ][safepoint     ] Application time: 0.0007152 seconds
[2023-11-12T16:51:29.413+0000][10.884s][info ][safepoint     ] Entering safepoint region: Deoptimize
[2023-11-12T16:51:29.414+0000][10.885s][info ][safepoint     ] Leaving safepoint region
[2023-11-12T16:51:29.414+0000][10.885s][info ][safepoint     ] Total time for which application threads were stopped: 0.0002996 seconds, Stopping threads took: 0.0000141 seconds
[2023-11-12T16:51:29.611+0000][11.082s][debug][safepoint     ] Safepoint synchronization initiated. (11 threads)
[2023-11-12T16:51:29.611+0000][11.082s][info ][safepoint     ] Application time: 0.1971345 seconds
[2023-11-12T16:51:29.611+0000][11.082s][info ][safepoint     ] Entering safepoint region: Deoptimize
[2023-11-12T16:51:29.612+0000][11.083s][info ][safepoint     ] Leaving safepoint region
[2023-11-12T16:51:29.612+0000][11.083s][info ][safepoint     ] Total time for which application threads were stopped: 0.0007940 seconds, Stopping threads took: 0.0000183 seconds
[2023-11-12T16:51:29.616+0000][11.087s][debug][safepoint     ] Safepoint synchronization initiated. (11 threads)
[2023-11-12T16:51:29.616+0000][11.087s][info ][safepoint     ] Application time: 0.0043272 seconds
[2023-11-12T16:51:29.616+0000][11.087s][info ][safepoint     ] Entering safepoint region: G1CollectForAllocation
[2023-11-12T16:51:29.616+0000][11.087s][info ][gc,start      ] GC(16) Pause Young (Normal) (G1 Evacuation Pause)
[2023-11-12T16:51:29.616+0000][11.087s][info ][gc,task       ] GC(16) Using 6 workers of 6 for evacuation
[2023-11-12T16:51:29.657+0000][11.128s][info ][gc,phases     ] GC(16)   Pre Evacuate Collection Set: 0.0ms
[2023-11-12T16:51:29.657+0000][11.128s][info ][gc,phases     ] GC(16)   Evacuate Collection Set: 34.6ms
[2023-11-12T16:51:29.657+0000][11.128s][info ][gc,phases     ] GC(16)   Post Evacuate Collection Set: 5.7ms
[2023-11-12T16:51:29.657+0000][11.128s][info ][gc,phases     ] GC(16)   Other: 0.2ms
[2023-11-12T16:51:29.657+0000][11.128s][info ][gc,heap       ] GC(16) Eden regions: 201->0(246)
[2023-11-12T16:51:29.657+0000][11.128s][info ][gc,heap       ] GC(16) Survivor regions: 17->16(28)
[2023-11-12T16:51:29.657+0000][11.128s][info ][gc,heap       ] GC(16) Old regions: 17->21
[2023-11-12T16:51:29.657+0000][11.128s][info ][gc,heap       ] GC(16) Humongous regions: 0->0
[2023-11-12T16:51:29.657+0000][11.128s][info ][gc,metaspace  ] GC(16) Metaspace: 46976K(48208K)->46976K(48208K) NonClass: 41151K(41936K)->41151K(41936K) Class: 5825K(6272K)->5825K(6272K)
[2023-11-12T16:51:29.657+0000][11.128s][info ][gc            ] GC(16) Pause Young (Normal) (G1 Evacuation Pause) 233M->35M(437M) 40.715ms
[2023-11-12T16:51:29.657+0000][11.128s][info ][gc,cpu        ] GC(16) User=0.13s Sys=0.01s Real=0.04s
[2023-11-12T16:51:29.657+0000][11.128s][info ][safepoint     ] Leaving safepoint region
[2023-11-12T16:51:29.657+0000][11.128s][info ][safepoint     ] Total time for which application threads were stopped: 0.0409069 seconds, Stopping threads took: 0.0000141 seconds
[2023-11-12T16:51:29.657+0000][11.128s][info ][gc,stringdedup] Concurrent String Deduplication (11.128s)
[2023-11-12T16:51:29.658+0000][11.129s][info ][gc,stringdedup] Concurrent String Deduplication 224.9K->54880.0B(171.3K) avg 42.4% (11.128s, 11.129s) 1.128ms
[2023-11-12T16:51:29.836+0000][11.307s][debug][safepoint     ] Safepoint synchronization initiated. (11 threads)
[2023-11-12T16:51:29.836+0000][11.307s][info ][safepoint     ] Application time: 0.1787832 seconds
[2023-11-12T16:51:29.836+0000][11.307s][info ][safepoint     ] Entering safepoint region: ICBufferFull
[2023-11-12T16:51:29.836+0000][11.307s][info ][safepoint     ] Leaving safepoint region
[2023-11-12T16:51:29.836+0000][11.307s][info ][safepoint     ] Total time for which application threads were stopped: 0.0003129 seconds, Stopping threads took: 0.0000169 seconds
[2023-11-12T16:51:29.854+0000][11.325s][debug][safepoint     ] Safepoint synchronization initiated. (11 threads)
[2023-11-12T16:51:29.854+0000][11.325s][info ][safepoint     ] Application time: 0.0177235 seconds
[2023-11-12T16:51:29.854+0000][11.325s][info ][safepoint     ] Entering safepoint region: Deoptimize
[2023-11-12T16:51:29.855+0000][11.325s][info ][safepoint     ] Leaving safepoint region
[2023-11-12T16:51:29.855+0000][11.326s][info ][safepoint     ] Total time for which application threads were stopped: 0.0007732 seconds, Stopping threads took: 0.0000165 seconds
[2023-11-12T16:51:30.249+0000][11.720s][debug][safepoint     ] Safepoint synchronization initiated. (11 threads)
[2023-11-12T16:51:30.249+0000][11.720s][info ][safepoint     ] Application time: 0.3943178 seconds
[2023-11-12T16:51:30.249+0000][11.720s][info ][safepoint     ] Entering safepoint region: Deoptimize
[2023-11-12T16:51:30.250+0000][11.721s][info ][safepoint     ] Leaving safepoint region
[2023-11-12T16:51:30.250+0000][11.721s][info ][safepoint     ] Total time for which application threads were stopped: 0.0008430 seconds, Stopping threads took: 0.0000176 seconds
[2023-11-12T16:51:31.250+0000][12.721s][debug][safepoint     ] Safepoint synchronization initiated. (13 threads)
[2023-11-12T16:51:31.250+0000][12.721s][info ][safepoint     ] Application time: 1.0003588 seconds
[2023-11-12T16:51:31.250+0000][12.721s][info ][safepoint     ] Entering safepoint region: Cleanup
[2023-11-12T16:51:31.251+0000][12.721s][info ][safepoint     ] Leaving safepoint region
[2023-11-12T16:51:31.251+0000][12.721s][info ][safepoint     ] Total time for which application threads were stopped: 0.0003215 seconds, Stopping threads took: 0.0000385 seconds
[2023-11-12T16:51:31.381+0000][12.851s][debug][safepoint     ] Safepoint synchronization initiated. (13 threads)
[2023-11-12T16:51:31.381+0000][12.852s][info ][safepoint     ] Application time: 0.1300495 seconds
[2023-11-12T16:51:31.381+0000][12.852s][info ][safepoint     ] Entering safepoint region: Deoptimize
[2023-11-12T16:51:31.382+0000][12.853s][info ][safepoint     ] Leaving safepoint region
[2023-11-12T16:51:31.382+0000][12.853s][info ][safepoint     ] Total time for which application threads were stopped: 0.0013412 seconds, Stopping threads took: 0.0000361 seconds
[2023-11-12T16:51:31.559+0000][13.030s][debug][safepoint     ] Safepoint synchronization initiated. (14 threads)
[2023-11-12T16:51:31.559+0000][13.030s][info ][safepoint     ] Application time: 0.1773167 seconds
[2023-11-12T16:51:31.560+0000][13.030s][info ][safepoint     ] Entering safepoint region: Deoptimize
[2023-11-12T16:51:31.561+0000][13.032s][info ][safepoint     ] Leaving safepoint region
[2023-11-12T16:51:31.561+0000][13.032s][info ][safepoint     ] Total time for which application threads were stopped: 0.0014852 seconds, Stopping threads took: 0.0000394 seconds
[2023-11-12T16:51:32.093+0000][13.564s][debug][safepoint     ] Safepoint synchronization initiated. (14 threads)
[2023-11-12T16:51:32.094+0000][13.564s][info ][safepoint     ] Application time: 0.5325424 seconds
[2023-11-12T16:51:32.094+0000][13.564s][info ][safepoint     ] Entering safepoint region: ICBufferFull
[2023-11-12T16:51:32.094+0000][13.565s][info ][safepoint     ] Leaving safepoint region
[2023-11-12T16:51:32.094+0000][13.565s][info ][safepoint     ] Total time for which application threads were stopped: 0.0002308 seconds, Stopping threads took: 0.0000179 seconds
[2023-11-12T16:51:32.485+0000][13.956s][debug][safepoint     ] Safepoint synchronization initiated. (14 threads)
[2023-11-12T16:51:32.485+0000][13.956s][info ][safepoint     ] Application time: 0.3913096 seconds
[2023-11-12T16:51:32.485+0000][13.956s][info ][safepoint     ] Entering safepoint region: G1CollectForAllocation
[2023-11-12T16:51:32.485+0000][13.956s][info ][gc,start      ] GC(17) Pause Young (Normal) (G1 Evacuation Pause)
[2023-11-12T16:51:32.485+0000][13.956s][info ][gc,task       ] GC(17) Using 6 workers of 6 for evacuation
[2023-11-12T16:51:32.514+0000][13.984s][info ][gc,phases     ] GC(17)   Pre Evacuate Collection Set: 0.0ms
[2023-11-12T16:51:32.514+0000][13.985s][info ][gc,phases     ] GC(17)   Evacuate Collection Set: 25.4ms
[2023-11-12T16:51:32.514+0000][13.985s][info ][gc,phases     ] GC(17)   Post Evacuate Collection Set: 2.6ms
[2023-11-12T16:51:32.514+0000][13.985s][info ][gc,phases     ] GC(17)   Other: 0.2ms
[2023-11-12T16:51:32.514+0000][13.985s][info ][gc,heap       ] GC(17) Eden regions: 246->0(243)
[2023-11-12T16:51:32.514+0000][13.985s][info ][gc,heap       ] GC(17) Survivor regions: 16->19(33)
[2023-11-12T16:51:32.514+0000][13.985s][info ][gc,heap       ] GC(17) Old regions: 21->21
[2023-11-12T16:51:32.514+0000][13.985s][info ][gc,heap       ] GC(17) Humongous regions: 0->0
[2023-11-12T16:51:32.514+0000][13.985s][info ][gc,metaspace  ] GC(17) Metaspace: 54393K(55888K)->54393K(55888K) NonClass: 47700K(48592K)->47700K(48592K) Class: 6693K(7296K)->6693K(7296K)
[2023-11-12T16:51:32.514+0000][13.985s][info ][gc            ] GC(17) Pause Young (Normal) (G1 Evacuation Pause) 281M->38M(437M) 28.490ms
[2023-11-12T16:51:32.514+0000][13.985s][info ][gc,cpu        ] GC(17) User=0.11s Sys=0.00s Real=0.03s
[2023-11-12T16:51:32.514+0000][13.985s][info ][safepoint     ] Leaving safepoint region
[2023-11-12T16:51:32.514+0000][13.985s][info ][safepoint     ] Total time for which application threads were stopped: 0.0287351 seconds, Stopping threads took: 0.0000181 seconds
[2023-11-12T16:51:32.514+0000][13.985s][info ][gc,stringdedup] Concurrent String Deduplication (13.985s)
[2023-11-12T16:51:32.515+0000][13.986s][info ][gc,stringdedup] Concurrent String Deduplication 229.0K->94384.0B(136.8K) avg 42.9% (13.985s, 13.986s) 1.474ms
[2023-11-12T16:51:33.516+0000][14.987s][debug][safepoint     ] Safepoint synchronization initiated. (13 threads)
[2023-11-12T16:51:33.516+0000][14.987s][info ][safepoint     ] Application time: 1.0023074 seconds
[2023-11-12T16:51:33.516+0000][14.987s][info ][safepoint     ] Entering safepoint region: Cleanup
[2023-11-12T16:51:33.517+0000][14.987s][info ][safepoint     ] Leaving safepoint region
[2023-11-12T16:51:33.517+0000][14.987s][info ][safepoint     ] Total time for which application threads were stopped: 0.0003517 seconds, Stopping threads took: 0.0000389 seconds
[2023-11-12T16:51:34.373+0000][15.844s][debug][safepoint     ] Safepoint synchronization initiated. (13 threads)
[2023-11-12T16:51:34.373+0000][15.844s][info ][safepoint     ] Application time: 0.8563172 seconds
[2023-11-12T16:51:34.373+0000][15.844s][info ][safepoint     ] Entering safepoint region: CollectForMetadataAllocation
[2023-11-12T16:51:34.373+0000][15.844s][info ][gc,start      ] GC(18) Pause Young (Concurrent Start) (Metadata GC Threshold)
[2023-11-12T16:51:34.373+0000][15.844s][info ][gc,task       ] GC(18) Using 6 workers of 6 for evacuation
[2023-11-12T16:51:34.409+0000][15.880s][info ][gc,phases     ] GC(18)   Pre Evacuate Collection Set: 0.2ms
[2023-11-12T16:51:34.409+0000][15.880s][info ][gc,phases     ] GC(18)   Evacuate Collection Set: 28.7ms
[2023-11-12T16:51:34.409+0000][15.880s][info ][gc,phases     ] GC(18)   Post Evacuate Collection Set: 6.2ms
[2023-11-12T16:51:34.409+0000][15.880s][info ][gc,phases     ] GC(18)   Other: 0.5ms
[2023-11-12T16:51:34.409+0000][15.880s][info ][gc,heap       ] GC(18) Eden regions: 226->0(246)
[2023-11-12T16:51:34.409+0000][15.880s][info ][gc,heap       ] GC(18) Survivor regions: 19->16(33)
[2023-11-12T16:51:34.409+0000][15.880s][info ][gc,heap       ] GC(18) Old regions: 21->24
[2023-11-12T16:51:34.409+0000][15.880s][info ][gc,heap       ] GC(18) Humongous regions: 0->0
[2023-11-12T16:51:34.409+0000][15.880s][info ][gc,metaspace  ] GC(18) Metaspace: 59080K(60496K)->59080K(60496K) NonClass: 51600K(52432K)->51600K(52432K) Class: 7480K(8064K)->7480K(8064K)
[2023-11-12T16:51:34.409+0000][15.880s][info ][gc            ] GC(18) Pause Young (Concurrent Start) (Metadata GC Threshold) 263M->37M(437M) 35.952ms
[2023-11-12T16:51:34.409+0000][15.880s][info ][gc,cpu        ] GC(18) User=0.16s Sys=0.00s Real=0.04s
[2023-11-12T16:51:34.409+0000][15.880s][info ][safepoint     ] Leaving safepoint region
[2023-11-12T16:51:34.410+0000][15.880s][info ][safepoint     ] Total time for which application threads were stopped: 0.0365201 seconds, Stopping threads took: 0.0000379 seconds
[2023-11-12T16:51:34.410+0000][15.881s][info ][gc            ] GC(19) Concurrent Cycle
[2023-11-12T16:51:34.410+0000][15.881s][info ][gc,marking    ] GC(19) Concurrent Clear Claimed Marks
[2023-11-12T16:51:34.410+0000][15.881s][info ][gc,marking    ] GC(19) Concurrent Clear Claimed Marks 0.200ms
[2023-11-12T16:51:34.410+0000][15.881s][info ][gc,marking    ] GC(19) Concurrent Scan Root Regions
[2023-11-12T16:51:34.414+0000][15.885s][info ][gc,stringdedup] Concurrent String Deduplication (15.885s)
[2023-11-12T16:51:34.419+0000][15.890s][info ][gc,stringdedup] Concurrent String Deduplication 198.4K->72744.0B(127.3K) avg 43.3% (15.885s, 15.890s) 4.836ms
[2023-11-12T16:51:34.428+0000][15.899s][info ][gc,marking    ] GC(19) Concurrent Scan Root Regions 17.906ms
[2023-11-12T16:51:34.428+0000][15.899s][info ][gc,marking    ] GC(19) Concurrent Mark (15.899s)
[2023-11-12T16:51:34.428+0000][15.899s][info ][gc,marking    ] GC(19) Concurrent Mark From Roots
[2023-11-12T16:51:34.428+0000][15.899s][info ][gc,task       ] GC(19) Using 2 workers of 2 for marking
[2023-11-12T16:51:34.477+0000][15.947s][info ][gc,marking    ] GC(19) Concurrent Mark From Roots 48.633ms
[2023-11-12T16:51:34.477+0000][15.948s][info ][gc,marking    ] GC(19) Concurrent Preclean
[2023-11-12T16:51:34.477+0000][15.948s][info ][gc,marking    ] GC(19) Concurrent Preclean 0.429ms
[2023-11-12T16:51:34.477+0000][15.948s][info ][gc,marking    ] GC(19) Concurrent Mark (15.899s, 15.948s) 49.274ms
[2023-11-12T16:51:34.477+0000][15.948s][debug][safepoint     ] Safepoint synchronization initiated. (13 threads)
[2023-11-12T16:51:34.477+0000][15.948s][info ][safepoint     ] Application time: 0.0677994 seconds
[2023-11-12T16:51:34.477+0000][15.948s][info ][safepoint     ] Entering safepoint region: CGC_Operation
[2023-11-12T16:51:34.478+0000][15.948s][info ][gc,start      ] GC(19) Pause Remark
[2023-11-12T16:51:34.498+0000][15.968s][info ][gc,stringtable] GC(19) Cleaned string and symbol table, strings: 23538 processed, 1 removed, symbols: 191841 processed, 187 removed
[2023-11-12T16:51:34.498+0000][15.969s][info ][gc            ] GC(19) Pause Remark 45M->45M(437M) 20.784ms
[2023-11-12T16:51:34.498+0000][15.969s][info ][gc,cpu        ] GC(19) User=0.10s Sys=0.00s Real=0.02s
[2023-11-12T16:51:34.499+0000][15.969s][info ][safepoint     ] Leaving safepoint region
[2023-11-12T16:51:34.499+0000][15.969s][info ][safepoint     ] Total time for which application threads were stopped: 0.0212072 seconds, Stopping threads took: 0.0000355 seconds
[2023-11-12T16:51:34.499+0000][15.970s][info ][gc,marking    ] GC(19) Concurrent Rebuild Remembered Sets
[2023-11-12T16:51:34.534+0000][16.005s][info ][gc,marking    ] GC(19) Concurrent Rebuild Remembered Sets 35.472ms
[2023-11-12T16:51:34.534+0000][16.005s][debug][safepoint     ] Safepoint synchronization initiated. (11 threads)
[2023-11-12T16:51:34.534+0000][16.005s][info ][safepoint     ] Application time: 0.0357613 seconds
[2023-11-12T16:51:34.534+0000][16.005s][info ][safepoint     ] Entering safepoint region: CGC_Operation
[2023-11-12T16:51:34.535+0000][16.005s][info ][gc,start      ] GC(19) Pause Cleanup
[2023-11-12T16:51:34.535+0000][16.006s][info ][gc            ] GC(19) Pause Cleanup 48M->48M(437M) 0.473ms
[2023-11-12T16:51:34.535+0000][16.006s][info ][gc,cpu        ] GC(19) User=0.00s Sys=0.00s Real=0.00s
[2023-11-12T16:51:34.535+0000][16.006s][info ][safepoint     ] Leaving safepoint region
[2023-11-12T16:51:34.535+0000][16.006s][info ][safepoint     ] Total time for which application threads were stopped: 0.0008150 seconds, Stopping threads took: 0.0000348 seconds
[2023-11-12T16:51:34.535+0000][16.006s][info ][gc,marking    ] GC(19) Concurrent Cleanup for Next Mark
[2023-11-12T16:51:34.539+0000][16.010s][info ][gc,marking    ] GC(19) Concurrent Cleanup for Next Mark 3.682ms
[2023-11-12T16:51:34.539+0000][16.010s][info ][gc            ] GC(19) Concurrent Cycle 129.403ms
[2023-11-12T16:51:34.539+0000][16.010s][info ][gc,heap,exit  ] Heap
[2023-11-12T16:51:34.539+0000][16.010s][info ][gc,heap,exit  ]  garbage-first heap   total 447488K, used 48905K [0x0000000706200000, 0x0000000800000000)
[2023-11-12T16:51:34.539+0000][16.010s][info ][gc,heap,exit  ]   region size 1024K, 27 young (27648K), 16 survivors (16384K)
[2023-11-12T16:51:34.539+0000][16.010s][info ][gc,heap,exit  ]  Metaspace       used 59242K, capacity 60550K, committed 60752K, reserved 1101824K
[2023-11-12T16:51:34.540+0000][16.010s][info ][gc,heap,exit  ]   class space    used 7507K, capacity 8036K, committed 8064K, reserved 1048576K
[2023-11-12T16:51:34.540+0000][16.011s][debug][safepoint     ] Safepoint synchronization initiated. (10 threads)
[2023-11-12T16:51:34.540+0000][16.011s][info ][safepoint     ] Application time: 0.0045903 seconds
[2023-11-12T16:51:34.540+0000][16.011s][info ][safepoint     ] Entering safepoint region: Halt
