[2023-11-12T16:45:14.845+0000][0.013s][info][gc,heap] Heap region size: 1M
[2023-11-12T16:45:14.877+0000][0.046s][info][gc     ] Using G1
[2023-11-12T16:45:14.877+0000][0.046s][info][gc,heap,coops] Heap address: 0x0000000706200000, size: 3998 MB, Compressed Oops mode: Zero based, Oop shift amount: 3
[2023-11-12T16:45:14.880+0000][0.048s][info][gc,cds       ] Mark closed archive regions in map: [0x00000007bfc00000, 0x00000007bfc6aff8]
[2023-11-12T16:45:14.880+0000][0.049s][info][gc,cds       ] Mark open archive regions in map: [0x00000007bf800000, 0x00000007bf847ff8]
[2023-11-12T16:45:15.093+0000][0.261s][debug][safepoint    ] Safepoint synchronization initiated. (9 threads)
[2023-11-12T16:45:15.093+0000][0.261s][info ][safepoint    ] Application time: 0.1184685 seconds
[2023-11-12T16:45:15.093+0000][0.261s][info ][safepoint    ] Entering safepoint region: Deoptimize
[2023-11-12T16:45:15.093+0000][0.262s][info ][safepoint    ] Leaving safepoint region
[2023-11-12T16:45:15.093+0000][0.262s][info ][safepoint    ] Total time for which application threads were stopped: 0.0004302 seconds, Stopping threads took: 0.0000342 seconds
[2023-11-12T16:45:15.927+0000][1.096s][debug][safepoint    ] Safepoint synchronization initiated. (10 threads)
[2023-11-12T16:45:15.928+0000][1.096s][info ][safepoint    ] Application time: 0.8342096 seconds
[2023-11-12T16:45:15.928+0000][1.096s][info ][safepoint    ] Entering safepoint region: G1CollectForAllocation
[2023-11-12T16:45:15.928+0000][1.096s][info ][gc,start     ] GC(0) Pause Young (Normal) (G1 Evacuation Pause)
[2023-11-12T16:45:15.929+0000][1.097s][info ][gc,task      ] GC(0) Using 6 workers of 6 for evacuation
[2023-11-12T16:45:15.939+0000][1.108s][info ][gc,phases    ] GC(0)   Pre Evacuate Collection Set: 0.0ms
[2023-11-12T16:45:15.939+0000][1.108s][info ][gc,phases    ] GC(0)   Evacuate Collection Set: 9.0ms
[2023-11-12T16:45:15.939+0000][1.108s][info ][gc,phases    ] GC(0)   Post Evacuate Collection Set: 1.2ms
[2023-11-12T16:45:15.939+0000][1.108s][info ][gc,phases    ] GC(0)   Other: 1.4ms
[2023-11-12T16:45:15.939+0000][1.108s][info ][gc,heap      ] GC(0) Eden regions: 56->0(143)
[2023-11-12T16:45:15.939+0000][1.108s][info ][gc,heap      ] GC(0) Survivor regions: 0->7(7)
[2023-11-12T16:45:15.939+0000][1.108s][info ][gc,heap      ] GC(0) Old regions: 2->3
[2023-11-12T16:45:15.939+0000][1.108s][info ][gc,heap      ] GC(0) Humongous regions: 2->0
[2023-11-12T16:45:15.939+0000][1.108s][info ][gc,metaspace ] GC(0) Metaspace: 2380K(5760K)->2380K(5760K) NonClass: 2182K(5120K)->2182K(5120K) Class: 198K(640K)->198K(640K)
[2023-11-12T16:45:15.939+0000][1.108s][info ][gc           ] GC(0) Pause Young (Normal) (G1 Evacuation Pause) 58M->8M(252M) 11.758ms
[2023-11-12T16:45:15.939+0000][1.108s][info ][gc,cpu       ] GC(0) User=0.04s Sys=0.01s Real=0.01s
[2023-11-12T16:45:15.940+0000][1.108s][info ][safepoint    ] Leaving safepoint region
[2023-11-12T16:45:15.940+0000][1.108s][info ][safepoint    ] Total time for which application threads were stopped: 0.0120153 seconds, Stopping threads took: 0.0000151 seconds
[2023-11-12T16:45:15.940+0000][1.108s][info ][gc,stringdedup] Concurrent String Deduplication (1.108s)
[2023-11-12T16:45:15.941+0000][1.110s][info ][gc,stringdedup] Concurrent String Deduplication 257.6K->254.7K(3016.0B) avg 0.6% (1.108s, 1.110s) 1.586ms
[2023-11-12T16:45:16.044+0000][1.213s][debug][safepoint     ] Safepoint synchronization initiated. (10 threads)
[2023-11-12T16:45:16.044+0000][1.213s][info ][safepoint     ] Application time: 0.1049160 seconds
[2023-11-12T16:45:16.044+0000][1.213s][info ][safepoint     ] Entering safepoint region: Deoptimize
[2023-11-12T16:45:16.045+0000][1.213s][info ][safepoint     ] Leaving safepoint region
[2023-11-12T16:45:16.045+0000][1.213s][info ][safepoint     ] Total time for which application threads were stopped: 0.0003475 seconds, Stopping threads took: 0.0000157 seconds
[2023-11-12T16:45:16.052+0000][1.220s][debug][safepoint     ] Safepoint synchronization initiated. (10 threads)
[2023-11-12T16:45:16.052+0000][1.220s][info ][safepoint     ] Application time: 0.0070720 seconds
[2023-11-12T16:45:16.052+0000][1.220s][info ][safepoint     ] Entering safepoint region: Deoptimize
[2023-11-12T16:45:16.052+0000][1.221s][info ][safepoint     ] Leaving safepoint region
[2023-11-12T16:45:16.052+0000][1.221s][info ][safepoint     ] Total time for which application threads were stopped: 0.0002556 seconds, Stopping threads took: 0.0000161 seconds
[2023-11-12T16:45:16.135+0000][1.303s][debug][safepoint     ] Safepoint synchronization initiated. (10 threads)
[2023-11-12T16:45:16.135+0000][1.303s][info ][safepoint     ] Application time: 0.0827611 seconds
[2023-11-12T16:45:16.135+0000][1.303s][info ][safepoint     ] Entering safepoint region: Deoptimize
[2023-11-12T16:45:16.135+0000][1.304s][info ][safepoint     ] Leaving safepoint region
[2023-11-12T16:45:16.135+0000][1.304s][info ][safepoint     ] Total time for which application threads were stopped: 0.0003267 seconds, Stopping threads took: 0.0000153 seconds
[2023-11-12T16:45:16.146+0000][1.315s][debug][safepoint     ] Safepoint synchronization initiated. (10 threads)
[2023-11-12T16:45:16.146+0000][1.315s][info ][safepoint     ] Application time: 0.0110542 seconds
[2023-11-12T16:45:16.146+0000][1.315s][info ][safepoint     ] Entering safepoint region: Deoptimize
[2023-11-12T16:45:16.147+0000][1.315s][info ][safepoint     ] Leaving safepoint region
[2023-11-12T16:45:16.147+0000][1.315s][info ][safepoint     ] Total time for which application threads were stopped: 0.0002718 seconds, Stopping threads took: 0.0000139 seconds
[2023-11-12T16:45:17.147+0000][2.315s][debug][safepoint     ] Safepoint synchronization initiated. (11 threads)
[2023-11-12T16:45:17.147+0000][2.315s][info ][safepoint     ] Application time: 1.0001520 seconds
[2023-11-12T16:45:17.147+0000][2.315s][debug][safepoint     ] Waiting for 1 thread(s) to block
[2023-11-12T16:45:17.147+0000][2.315s][info ][safepoint     ] Entering safepoint region: Cleanup
[2023-11-12T16:45:17.147+0000][2.316s][info ][safepoint     ] Leaving safepoint region
[2023-11-12T16:45:17.147+0000][2.316s][info ][safepoint     ] Total time for which application threads were stopped: 0.0003238 seconds, Stopping threads took: 0.0000750 seconds
[2023-11-12T16:45:17.161+0000][2.329s][debug][safepoint     ] Safepoint synchronization initiated. (11 threads)
[2023-11-12T16:45:17.161+0000][2.329s][info ][safepoint     ] Application time: 0.0138045 seconds
[2023-11-12T16:45:17.161+0000][2.330s][info ][safepoint     ] Entering safepoint region: G1CollectForAllocation
[2023-11-12T16:45:17.161+0000][2.330s][info ][gc,start      ] GC(1) Pause Young (Normal) (G1 Evacuation Pause)
[2023-11-12T16:45:17.161+0000][2.330s][info ][gc,task       ] GC(1) Using 6 workers of 6 for evacuation
[2023-11-12T16:45:17.173+0000][2.342s][info ][gc,phases     ] GC(1)   Pre Evacuate Collection Set: 0.0ms
[2023-11-12T16:45:17.173+0000][2.342s][info ][gc,phases     ] GC(1)   Evacuate Collection Set: 10.5ms
[2023-11-12T16:45:17.173+0000][2.342s][info ][gc,phases     ] GC(1)   Post Evacuate Collection Set: 1.2ms
[2023-11-12T16:45:17.173+0000][2.342s][info ][gc,phases     ] GC(1)   Other: 0.2ms
[2023-11-12T16:45:17.173+0000][2.342s][info ][gc,heap       ] GC(1) Eden regions: 143->0(140)
[2023-11-12T16:45:17.173+0000][2.342s][info ][gc,heap       ] GC(1) Survivor regions: 7->10(19)
[2023-11-12T16:45:17.173+0000][2.342s][info ][gc,heap       ] GC(1) Old regions: 3->3
[2023-11-12T16:45:17.173+0000][2.342s][info ][gc,heap       ] GC(1) Humongous regions: 0->0
[2023-11-12T16:45:17.173+0000][2.342s][info ][gc,metaspace  ] GC(1) Metaspace: 8712K(10240K)->8712K(10240K) NonClass: 7680K(8960K)->7680K(8960K) Class: 1032K(1280K)->1032K(1280K)
[2023-11-12T16:45:17.173+0000][2.342s][info ][gc            ] GC(1) Pause Young (Normal) (G1 Evacuation Pause) 151M->11M(252M) 12.113ms
[2023-11-12T16:45:17.173+0000][2.342s][info ][gc,cpu        ] GC(1) User=0.02s Sys=0.01s Real=0.01s
[2023-11-12T16:45:17.173+0000][2.342s][info ][safepoint     ] Leaving safepoint region
[2023-11-12T16:45:17.173+0000][2.342s][info ][safepoint     ] Total time for which application threads were stopped: 0.0122967 seconds, Stopping threads took: 0.0000131 seconds
[2023-11-12T16:45:17.609+0000][2.778s][debug][safepoint     ] Safepoint synchronization initiated. (11 threads)
[2023-11-12T16:45:17.609+0000][2.778s][info ][safepoint     ] Application time: 0.4358918 seconds
[2023-11-12T16:45:17.609+0000][2.778s][info ][safepoint     ] Entering safepoint region: Deoptimize
[2023-11-12T16:45:17.610+0000][2.778s][info ][safepoint     ] Leaving safepoint region
[2023-11-12T16:45:17.610+0000][2.778s][info ][safepoint     ] Total time for which application threads were stopped: 0.0003875 seconds, Stopping threads took: 0.0000156 seconds
[2023-11-12T16:45:17.729+0000][2.897s][debug][safepoint     ] Safepoint synchronization initiated. (11 threads)
[2023-11-12T16:45:17.729+0000][2.897s][info ][safepoint     ] Application time: 0.1191745 seconds
[2023-11-12T16:45:17.729+0000][2.897s][debug][safepoint     ] Waiting for 1 thread(s) to block
[2023-11-12T16:45:17.729+0000][2.897s][info ][safepoint     ] Entering safepoint region: ICBufferFull
[2023-11-12T16:45:17.729+0000][2.898s][info ][safepoint     ] Leaving safepoint region
[2023-11-12T16:45:17.729+0000][2.898s][info ][safepoint     ] Total time for which application threads were stopped: 0.0002859 seconds, Stopping threads took: 0.0000513 seconds
[2023-11-12T16:45:17.853+0000][3.021s][debug][safepoint     ] Safepoint synchronization initiated. (12 threads)
[2023-11-12T16:45:17.853+0000][3.021s][info ][safepoint     ] Application time: 0.1234631 seconds
[2023-11-12T16:45:17.853+0000][3.021s][debug][safepoint     ] Waiting for 1 thread(s) to block
[2023-11-12T16:45:17.853+0000][3.021s][info ][safepoint     ] Entering safepoint region: G1CollectForAllocation
[2023-11-12T16:45:17.853+0000][3.021s][info ][gc,start      ] GC(2) Pause Young (Normal) (G1 Evacuation Pause)
[2023-11-12T16:45:17.853+0000][3.021s][info ][gc,task       ] GC(2) Using 6 workers of 6 for evacuation
[2023-11-12T16:45:17.867+0000][3.036s][info ][gc,phases     ] GC(2)   Pre Evacuate Collection Set: 0.0ms
[2023-11-12T16:45:17.868+0000][3.036s][info ][gc,phases     ] GC(2)   Evacuate Collection Set: 13.0ms
[2023-11-12T16:45:17.868+0000][3.036s][info ][gc,phases     ] GC(2)   Post Evacuate Collection Set: 1.4ms
[2023-11-12T16:45:17.868+0000][3.036s][info ][gc,phases     ] GC(2)   Other: 0.2ms
[2023-11-12T16:45:17.868+0000][3.036s][info ][gc,heap       ] GC(2) Eden regions: 140->0(137)
[2023-11-12T16:45:17.868+0000][3.036s][info ][gc,heap       ] GC(2) Survivor regions: 10->13(19)
[2023-11-12T16:45:17.868+0000][3.036s][info ][gc,heap       ] GC(2) Old regions: 3->3
[2023-11-12T16:45:17.868+0000][3.036s][info ][gc,heap       ] GC(2) Humongous regions: 0->0
[2023-11-12T16:45:17.868+0000][3.036s][info ][gc,metaspace  ] GC(2) Metaspace: 13378K(14208K)->13378K(14208K) NonClass: 11743K(12288K)->11743K(12288K) Class: 1635K(1920K)->1635K(1920K)
[2023-11-12T16:45:17.868+0000][3.036s][info ][gc            ] GC(2) Pause Young (Normal) (G1 Evacuation Pause) 151M->13M(252M) 14.792ms
[2023-11-12T16:45:17.868+0000][3.036s][info ][gc,cpu        ] GC(2) User=0.06s Sys=0.00s Real=0.02s
[2023-11-12T16:45:17.868+0000][3.036s][info ][safepoint     ] Leaving safepoint region
[2023-11-12T16:45:17.868+0000][3.036s][info ][safepoint     ] Total time for which application threads were stopped: 0.0151003 seconds, Stopping threads took: 0.0000707 seconds
[2023-11-12T16:45:17.868+0000][3.036s][info ][gc,stringdedup] Concurrent String Deduplication (3.036s)
[2023-11-12T16:45:17.880+0000][3.048s][info ][gc,stringdedup] Concurrent String Deduplication 1924.4K->1731.4K(193.0K) avg 8.0% (3.036s, 3.048s) 11.986ms
[2023-11-12T16:45:18.158+0000][3.326s][debug][safepoint     ] Safepoint synchronization initiated. (12 threads)
[2023-11-12T16:45:18.158+0000][3.326s][info ][safepoint     ] Application time: 0.2898288 seconds
[2023-11-12T16:45:18.158+0000][3.326s][debug][safepoint     ] ... found polling page loop exception at pc = 0x00007f2784408107, stub =0x00007f277c841b00
[2023-11-12T16:45:18.158+0000][3.326s][debug][safepoint     ] Waiting for 1 thread(s) to block
[2023-11-12T16:45:18.158+0000][3.326s][info ][safepoint     ] Entering safepoint region: G1CollectForAllocation
[2023-11-12T16:45:18.158+0000][3.326s][info ][gc,start      ] GC(3) Pause Young (Normal) (G1 Evacuation Pause)
[2023-11-12T16:45:18.158+0000][3.326s][info ][gc,task       ] GC(3) Using 6 workers of 6 for evacuation
[2023-11-12T16:45:18.172+0000][3.340s][info ][gc,phases     ] GC(3)   Pre Evacuate Collection Set: 0.0ms
[2023-11-12T16:45:18.172+0000][3.340s][info ][gc,phases     ] GC(3)   Evacuate Collection Set: 12.1ms
[2023-11-12T16:45:18.172+0000][3.340s][info ][gc,phases     ] GC(3)   Post Evacuate Collection Set: 1.6ms
[2023-11-12T16:45:18.172+0000][3.340s][info ][gc,phases     ] GC(3)   Other: 0.2ms
[2023-11-12T16:45:18.172+0000][3.340s][info ][gc,heap       ] GC(3) Eden regions: 137->0(143)
[2023-11-12T16:45:18.172+0000][3.340s][info ][gc,heap       ] GC(3) Survivor regions: 13->7(19)
[2023-11-12T16:45:18.172+0000][3.340s][info ][gc,heap       ] GC(3) Old regions: 3->10
[2023-11-12T16:45:18.172+0000][3.341s][info ][gc,heap       ] GC(3) Humongous regions: 0->0
[2023-11-12T16:45:18.172+0000][3.341s][info ][gc,metaspace  ] GC(3) Metaspace: 16884K(17920K)->16884K(17920K) NonClass: 14678K(15360K)->14678K(15360K) Class: 2205K(2560K)->2205K(2560K)
[2023-11-12T16:45:18.172+0000][3.341s][info ][gc            ] GC(3) Pause Young (Normal) (G1 Evacuation Pause) 150M->15M(252M) 14.139ms
[2023-11-12T16:45:18.172+0000][3.341s][info ][gc,cpu        ] GC(3) User=0.06s Sys=0.01s Real=0.01s
[2023-11-12T16:45:18.172+0000][3.341s][info ][safepoint     ] Leaving safepoint region
[2023-11-12T16:45:18.172+0000][3.341s][info ][safepoint     ] Total time for which application threads were stopped: 0.0145370 seconds, Stopping threads took: 0.0001743 seconds
[2023-11-12T16:45:18.172+0000][3.341s][info ][gc,stringdedup] Concurrent String Deduplication (3.341s)
[2023-11-12T16:45:18.174+0000][3.342s][info ][gc,stringdedup] Concurrent String Deduplication 213.0K->67480.0B(147.1K) avg 12.9% (3.341s, 3.342s) 1.607ms
[2023-11-12T16:45:18.191+0000][3.360s][debug][safepoint     ] Safepoint synchronization initiated. (12 threads)
[2023-11-12T16:45:18.191+0000][3.360s][info ][safepoint     ] Application time: 0.0191172 seconds
[2023-11-12T16:45:18.191+0000][3.360s][debug][safepoint     ] ... found polling page loop exception at pc = 0x00007f27843547d5, stub =0x00007f277c841b00
[2023-11-12T16:45:18.191+0000][3.360s][debug][safepoint     ] Waiting for 1 thread(s) to block
[2023-11-12T16:45:18.191+0000][3.360s][info ][safepoint     ] Entering safepoint region: Deoptimize
[2023-11-12T16:45:18.192+0000][3.360s][info ][safepoint     ] Leaving safepoint region
[2023-11-12T16:45:18.192+0000][3.360s][info ][safepoint     ] Total time for which application threads were stopped: 0.0005527 seconds, Stopping threads took: 0.0001390 seconds
[2023-11-12T16:45:18.338+0000][3.506s][debug][safepoint     ] Safepoint synchronization initiated. (12 threads)
[2023-11-12T16:45:18.338+0000][3.507s][info ][safepoint     ] Application time: 0.1462339 seconds
[2023-11-12T16:45:18.338+0000][3.507s][info ][safepoint     ] Entering safepoint region: Deoptimize
[2023-11-12T16:45:18.339+0000][3.507s][info ][safepoint     ] Leaving safepoint region
[2023-11-12T16:45:18.339+0000][3.507s][info ][safepoint     ] Total time for which application threads were stopped: 0.0004513 seconds, Stopping threads took: 0.0000180 seconds
[2023-11-12T16:45:18.511+0000][3.679s][debug][safepoint     ] Safepoint synchronization initiated. (12 threads)
[2023-11-12T16:45:18.511+0000][3.679s][info ][safepoint     ] Application time: 0.1720106 seconds
[2023-11-12T16:45:18.511+0000][3.679s][debug][safepoint     ] ... found polling page return exception at pc = 0x00007f27843580cc, stub =0x00007f277c841800
[2023-11-12T16:45:18.511+0000][3.679s][debug][safepoint     ] Waiting for 1 thread(s) to block
[2023-11-12T16:45:18.511+0000][3.679s][info ][safepoint     ] Entering safepoint region: CollectForMetadataAllocation
[2023-11-12T16:45:18.511+0000][3.679s][info ][gc,start      ] GC(4) Pause Young (Concurrent Start) (Metadata GC Threshold)
[2023-11-12T16:45:18.511+0000][3.679s][info ][gc,task       ] GC(4) Using 6 workers of 6 for evacuation
[2023-11-12T16:45:18.527+0000][3.696s][info ][gc,phases     ] GC(4)   Pre Evacuate Collection Set: 0.1ms
[2023-11-12T16:45:18.528+0000][3.696s][info ][gc,phases     ] GC(4)   Evacuate Collection Set: 12.6ms
[2023-11-12T16:45:18.528+0000][3.696s][info ][gc,phases     ] GC(4)   Post Evacuate Collection Set: 3.5ms
[2023-11-12T16:45:18.528+0000][3.696s][info ][gc,phases     ] GC(4)   Other: 0.4ms
[2023-11-12T16:45:18.528+0000][3.696s][info ][gc,heap       ] GC(4) Eden regions: 102->0(173)
[2023-11-12T16:45:18.528+0000][3.696s][info ][gc,heap       ] GC(4) Survivor regions: 7->8(19)
[2023-11-12T16:45:18.528+0000][3.696s][info ][gc,heap       ] GC(4) Old regions: 10->10
[2023-11-12T16:45:18.528+0000][3.696s][info ][gc,heap       ] GC(4) Humongous regions: 0->0
[2023-11-12T16:45:18.528+0000][3.696s][info ][gc,metaspace  ] GC(4) Metaspace: 20453K(21248K)->20453K(21248K) NonClass: 17883K(18432K)->17883K(18432K) Class: 2569K(2816K)->2569K(2816K)
[2023-11-12T16:45:18.528+0000][3.696s][info ][gc            ] GC(4) Pause Young (Concurrent Start) (Metadata GC Threshold) 117M->16M(303M) 16.812ms
[2023-11-12T16:45:18.528+0000][3.696s][info ][gc,cpu        ] GC(4) User=0.04s Sys=0.00s Real=0.02s
[2023-11-12T16:45:18.528+0000][3.696s][info ][gc            ] GC(5) Concurrent Cycle
[2023-11-12T16:45:18.528+0000][3.696s][info ][gc,marking    ] GC(5) Concurrent Clear Claimed Marks
[2023-11-12T16:45:18.528+0000][3.696s][info ][gc,marking    ] GC(5) Concurrent Clear Claimed Marks 0.034ms
[2023-11-12T16:45:18.528+0000][3.696s][info ][gc,marking    ] GC(5) Concurrent Scan Root Regions
[2023-11-12T16:45:18.528+0000][3.696s][info ][safepoint     ] Leaving safepoint region
[2023-11-12T16:45:18.528+0000][3.696s][info ][safepoint     ] Total time for which application threads were stopped: 0.0172758 seconds, Stopping threads took: 0.0001281 seconds
[2023-11-12T16:45:18.528+0000][3.696s][info ][gc,stringdedup] Concurrent String Deduplication (3.696s)
[2023-11-12T16:45:18.530+0000][3.698s][info ][gc,stringdedup] Concurrent String Deduplication 193.7K->126.5K(68752.0B) avg 14.3% (3.696s, 3.698s) 1.781ms
[2023-11-12T16:45:18.532+0000][3.700s][info ][gc,marking    ] GC(5) Concurrent Scan Root Regions 3.975ms
[2023-11-12T16:45:18.532+0000][3.700s][info ][gc,marking    ] GC(5) Concurrent Mark (3.700s)
[2023-11-12T16:45:18.532+0000][3.700s][info ][gc,marking    ] GC(5) Concurrent Mark From Roots
[2023-11-12T16:45:18.532+0000][3.700s][info ][gc,task       ] GC(5) Using 2 workers of 2 for marking
[2023-11-12T16:45:18.539+0000][3.708s][info ][gc,marking    ] GC(5) Concurrent Mark From Roots 7.387ms
[2023-11-12T16:45:18.539+0000][3.708s][info ][gc,marking    ] GC(5) Concurrent Preclean
[2023-11-12T16:45:18.539+0000][3.708s][info ][gc,marking    ] GC(5) Concurrent Preclean 0.164ms
[2023-11-12T16:45:18.539+0000][3.708s][info ][gc,marking    ] GC(5) Concurrent Mark (3.700s, 3.708s) 7.645ms
[2023-11-12T16:45:18.540+0000][3.708s][debug][safepoint     ] Safepoint synchronization initiated. (12 threads)
[2023-11-12T16:45:18.540+0000][3.708s][info ][safepoint     ] Application time: 0.0116644 seconds
[2023-11-12T16:45:18.540+0000][3.708s][debug][safepoint     ] ... found polling page loop exception at pc = 0x00007f27843581ac, stub =0x00007f277c841b00
[2023-11-12T16:45:18.540+0000][3.708s][debug][safepoint     ] Waiting for 2 thread(s) to block
[2023-11-12T16:45:18.540+0000][3.708s][info ][safepoint     ] Entering safepoint region: CGC_Operation
[2023-11-12T16:45:18.540+0000][3.708s][info ][gc,start      ] GC(5) Pause Remark
[2023-11-12T16:45:18.543+0000][3.711s][info ][gc,stringtable] GC(5) Cleaned string and symbol table, strings: 8020 processed, 7 removed, symbols: 55713 processed, 117 removed
[2023-11-12T16:45:18.543+0000][3.712s][info ][gc            ] GC(5) Pause Remark 19M->19M(303M) 3.313ms
[2023-11-12T16:45:18.543+0000][3.712s][info ][gc,cpu        ] GC(5) User=0.02s Sys=0.00s Real=0.00s
[2023-11-12T16:45:18.543+0000][3.712s][info ][safepoint     ] Leaving safepoint region
[2023-11-12T16:45:18.543+0000][3.712s][info ][safepoint     ] Total time for which application threads were stopped: 0.0037715 seconds, Stopping threads took: 0.0002838 seconds
[2023-11-12T16:45:18.543+0000][3.712s][info ][gc,marking    ] GC(5) Concurrent Rebuild Remembered Sets
[2023-11-12T16:45:18.547+0000][3.716s][info ][gc,marking    ] GC(5) Concurrent Rebuild Remembered Sets 3.966ms
[2023-11-12T16:45:18.547+0000][3.716s][debug][safepoint     ] Safepoint synchronization initiated. (12 threads)
[2023-11-12T16:45:18.547+0000][3.716s][info ][safepoint     ] Application time: 0.0041002 seconds
[2023-11-12T16:45:18.551+0000][3.720s][debug][safepoint     ] ... found polling page return exception at pc = 0x00007f277d33d63f, stub =0x00007f277c841800
[2023-11-12T16:45:18.552+0000][3.721s][debug][safepoint     ] Waiting for 2 thread(s) to block
[2023-11-12T16:45:18.552+0000][3.721s][info ][safepoint     ] Entering safepoint region: CGC_Operation
[2023-11-12T16:45:18.553+0000][3.721s][info ][gc,start      ] GC(5) Pause Cleanup
[2023-11-12T16:45:18.553+0000][3.721s][info ][gc            ] GC(5) Pause Cleanup 20M->20M(303M) 0.236ms
[2023-11-12T16:45:18.553+0000][3.721s][info ][gc,cpu        ] GC(5) User=0.00s Sys=0.00s Real=0.00s
[2023-11-12T16:45:18.553+0000][3.721s][info ][safepoint     ] Leaving safepoint region
[2023-11-12T16:45:18.553+0000][3.721s][info ][safepoint     ] Total time for which application threads were stopped: 0.0053547 seconds, Stopping threads took: 0.0049065 seconds
[2023-11-12T16:45:18.553+0000][3.721s][info ][gc,marking    ] GC(5) Concurrent Cleanup for Next Mark
[2023-11-12T16:45:18.556+0000][3.724s][info ][gc,marking    ] GC(5) Concurrent Cleanup for Next Mark 2.956ms
[2023-11-12T16:45:18.556+0000][3.724s][info ][gc            ] GC(5) Concurrent Cycle 28.126ms
[2023-11-12T16:45:18.774+0000][3.943s][debug][safepoint     ] Safepoint synchronization initiated. (12 threads)
[2023-11-12T16:45:18.774+0000][3.943s][info ][safepoint     ] Application time: 0.2215506 seconds
[2023-11-12T16:45:18.774+0000][3.943s][debug][safepoint     ] ... found polling page return exception at pc = 0x00007f27842c9314, stub =0x00007f277c841800
[2023-11-12T16:45:18.774+0000][3.943s][debug][safepoint     ] Waiting for 2 thread(s) to block
[2023-11-12T16:45:18.775+0000][3.943s][info ][safepoint     ] Entering safepoint region: Deoptimize
[2023-11-12T16:45:18.775+0000][3.943s][info ][safepoint     ] Leaving safepoint region
[2023-11-12T16:45:18.775+0000][3.944s][info ][safepoint     ] Total time for which application threads were stopped: 0.0006368 seconds, Stopping threads took: 0.0001452 seconds
[2023-11-12T16:45:19.264+0000][4.432s][debug][safepoint     ] Safepoint synchronization initiated. (11 threads)
[2023-11-12T16:45:19.264+0000][4.433s][info ][safepoint     ] Application time: 0.4890001 seconds
[2023-11-12T16:45:19.264+0000][4.433s][info ][safepoint     ] Entering safepoint region: G1CollectForAllocation
[2023-11-12T16:45:19.264+0000][4.433s][info ][gc,start      ] GC(6) Pause Young (Normal) (G1 Evacuation Pause)
[2023-11-12T16:45:19.264+0000][4.433s][info ][gc,task       ] GC(6) Using 6 workers of 6 for evacuation
[2023-11-12T16:45:19.277+0000][4.445s][info ][gc,phases     ] GC(6)   Pre Evacuate Collection Set: 0.0ms
[2023-11-12T16:45:19.277+0000][4.445s][info ][gc,phases     ] GC(6)   Evacuate Collection Set: 10.8ms
[2023-11-12T16:45:19.277+0000][4.445s][info ][gc,phases     ] GC(6)   Post Evacuate Collection Set: 1.5ms
[2023-11-12T16:45:19.277+0000][4.446s][info ][gc,phases     ] GC(6)   Other: 0.2ms
[2023-11-12T16:45:19.277+0000][4.446s][info ][gc,heap       ] GC(6) Eden regions: 173->0(169)
[2023-11-12T16:45:19.277+0000][4.446s][info ][gc,heap       ] GC(6) Survivor regions: 8->12(23)
[2023-11-12T16:45:19.277+0000][4.446s][info ][gc,heap       ] GC(6) Old regions: 10->10
[2023-11-12T16:45:19.277+0000][4.446s][info ][gc,heap       ] GC(6) Humongous regions: 0->0
[2023-11-12T16:45:19.277+0000][4.446s][info ][gc,metaspace  ] GC(6) Metaspace: 24061K(25212K)->24061K(25212K) NonClass: 21029K(21760K)->21029K(21760K) Class: 3032K(3452K)->3032K(3452K)
[2023-11-12T16:45:19.277+0000][4.446s][info ][gc            ] GC(6) Pause Young (Normal) (G1 Evacuation Pause) 189M->20M(303M) 12.827ms
[2023-11-12T16:45:19.277+0000][4.446s][info ][gc,cpu        ] GC(6) User=0.07s Sys=0.00s Real=0.02s
[2023-11-12T16:45:19.277+0000][4.446s][info ][safepoint     ] Leaving safepoint region
[2023-11-12T16:45:19.277+0000][4.446s][info ][safepoint     ] Total time for which application threads were stopped: 0.0131169 seconds, Stopping threads took: 0.0000175 seconds
[2023-11-12T16:45:19.277+0000][4.446s][info ][gc,stringdedup] Concurrent String Deduplication (4.446s)
[2023-11-12T16:45:19.278+0000][4.447s][info ][gc,stringdedup] Concurrent String Deduplication 140.1K->24056.0B(116.7K) avg 17.6% (4.446s, 4.447s) 0.810ms
[2023-11-12T16:45:20.025+0000][5.194s][debug][safepoint     ] Safepoint synchronization initiated. (11 threads)
[2023-11-12T16:45:20.025+0000][5.194s][info ][safepoint     ] Application time: 0.7480878 seconds
[2023-11-12T16:45:20.025+0000][5.194s][debug][safepoint     ] Waiting for 1 thread(s) to block
[2023-11-12T16:45:20.025+0000][5.194s][info ][safepoint     ] Entering safepoint region: ICBufferFull
[2023-11-12T16:45:20.026+0000][5.194s][info ][safepoint     ] Leaving safepoint region
[2023-11-12T16:45:20.026+0000][5.194s][info ][safepoint     ] Total time for which application threads were stopped: 0.0003880 seconds, Stopping threads took: 0.0001009 seconds
[2023-11-12T16:45:20.145+0000][5.313s][debug][safepoint     ] Safepoint synchronization initiated. (11 threads)
[2023-11-12T16:45:20.145+0000][5.313s][info ][safepoint     ] Application time: 0.1189165 seconds
[2023-11-12T16:45:20.145+0000][5.313s][info ][safepoint     ] Entering safepoint region: G1CollectForAllocation
[2023-11-12T16:45:20.145+0000][5.313s][info ][gc,start      ] GC(7) Pause Young (Normal) (G1 Evacuation Pause)
[2023-11-12T16:45:20.145+0000][5.313s][info ][gc,task       ] GC(7) Using 6 workers of 6 for evacuation
[2023-11-12T16:45:20.170+0000][5.338s][info ][gc,phases     ] GC(7)   Pre Evacuate Collection Set: 0.0ms
[2023-11-12T16:45:20.170+0000][5.339s][info ][gc,phases     ] GC(7)   Evacuate Collection Set: 23.5ms
[2023-11-12T16:45:20.170+0000][5.339s][info ][gc,phases     ] GC(7)   Post Evacuate Collection Set: 1.5ms
[2023-11-12T16:45:20.170+0000][5.339s][info ][gc,phases     ] GC(7)   Other: 0.2ms
[2023-11-12T16:45:20.170+0000][5.339s][info ][gc,heap       ] GC(7) Eden regions: 169->0(165)
[2023-11-12T16:45:20.170+0000][5.339s][info ][gc,heap       ] GC(7) Survivor regions: 12->16(23)
[2023-11-12T16:45:20.170+0000][5.339s][info ][gc,heap       ] GC(7) Old regions: 10->10
[2023-11-12T16:45:20.170+0000][5.339s][info ][gc,heap       ] GC(7) Humongous regions: 0->0
[2023-11-12T16:45:20.170+0000][5.339s][info ][gc,metaspace  ] GC(7) Metaspace: 24689K(25724K)->24689K(25724K) NonClass: 21595K(22272K)->21595K(22272K) Class: 3094K(3452K)->3094K(3452K)
[2023-11-12T16:45:20.170+0000][5.339s][info ][gc            ] GC(7) Pause Young (Normal) (G1 Evacuation Pause) 189M->24M(303M) 25.333ms
[2023-11-12T16:45:20.170+0000][5.339s][info ][gc,cpu        ] GC(7) User=0.13s Sys=0.00s Real=0.03s
[2023-11-12T16:45:20.170+0000][5.339s][info ][safepoint     ] Leaving safepoint region
[2023-11-12T16:45:20.170+0000][5.339s][info ][safepoint     ] Total time for which application threads were stopped: 0.0255862 seconds, Stopping threads took: 0.0000173 seconds
[2023-11-12T16:45:20.170+0000][5.339s][info ][gc,stringdedup] Concurrent String Deduplication (5.339s)
[2023-11-12T16:45:20.174+0000][5.342s][info ][gc,stringdedup] Concurrent String Deduplication 761.1K->717.9K(44248.0B) avg 15.2% (5.339s, 5.342s) 3.391ms
[2023-11-12T16:45:20.640+0000][5.808s][debug][safepoint     ] Safepoint synchronization initiated. (12 threads)
[2023-11-12T16:45:20.640+0000][5.808s][info ][safepoint     ] Application time: 0.4695090 seconds
[2023-11-12T16:45:20.642+0000][5.811s][debug][safepoint     ] ... found polling page loop exception at pc = 0x00007f2784476a4e, stub =0x00007f277c841b00
[2023-11-12T16:45:20.642+0000][5.811s][debug][safepoint     ] Waiting for 1 thread(s) to block
[2023-11-12T16:45:20.642+0000][5.811s][info ][safepoint     ] Entering safepoint region: G1CollectForAllocation
[2023-11-12T16:45:20.643+0000][5.811s][info ][gc,start      ] GC(8) Pause Young (Normal) (G1 Evacuation Pause)
[2023-11-12T16:45:20.643+0000][5.811s][info ][gc,task       ] GC(8) Using 6 workers of 6 for evacuation
[2023-11-12T16:45:20.667+0000][5.836s][info ][gc,phases     ] GC(8)   Pre Evacuate Collection Set: 0.0ms
[2023-11-12T16:45:20.667+0000][5.836s][info ][gc,phases     ] GC(8)   Evacuate Collection Set: 22.5ms
[2023-11-12T16:45:20.667+0000][5.836s][info ][gc,phases     ] GC(8)   Post Evacuate Collection Set: 1.8ms
[2023-11-12T16:45:20.667+0000][5.836s][info ][gc,phases     ] GC(8)   Other: 0.2ms
[2023-11-12T16:45:20.667+0000][5.836s][info ][gc,heap       ] GC(8) Eden regions: 165->0(167)
[2023-11-12T16:45:20.667+0000][5.836s][info ][gc,heap       ] GC(8) Survivor regions: 16->14(23)
[2023-11-12T16:45:20.667+0000][5.836s][info ][gc,heap       ] GC(8) Old regions: 10->15
[2023-11-12T16:45:20.667+0000][5.836s][info ][gc,heap       ] GC(8) Humongous regions: 0->0
[2023-11-12T16:45:20.667+0000][5.836s][info ][gc,metaspace  ] GC(8) Metaspace: 25777K(26876K)->25777K(26876K) NonClass: 22600K(23296K)->22600K(23296K) Class: 3176K(3580K)->3176K(3580K)
[2023-11-12T16:45:20.667+0000][5.836s][info ][gc            ] GC(8) Pause Young (Normal) (G1 Evacuation Pause) 189M->26M(303M) 24.680ms
[2023-11-12T16:45:20.667+0000][5.836s][info ][gc,cpu        ] GC(8) User=0.08s Sys=0.00s Real=0.03s
[2023-11-12T16:45:20.667+0000][5.836s][info ][safepoint     ] Leaving safepoint region
[2023-11-12T16:45:20.667+0000][5.836s][info ][safepoint     ] Total time for which application threads were stopped: 0.0276809 seconds, Stopping threads took: 0.0027323 seconds
[2023-11-12T16:45:20.668+0000][5.836s][info ][gc,stringdedup] Concurrent String Deduplication (5.836s)
[2023-11-12T16:45:20.674+0000][5.843s][info ][gc,stringdedup] Concurrent String Deduplication 1348.6K->709.8K(638.8K) avg 23.7% (5.836s, 5.843s) 6.698ms
[2023-11-12T16:45:20.923+0000][6.091s][debug][safepoint     ] Safepoint synchronization initiated. (12 threads)
[2023-11-12T16:45:20.923+0000][6.091s][info ][safepoint     ] Application time: 0.2552420 seconds
[2023-11-12T16:45:20.923+0000][6.091s][info ][safepoint     ] Entering safepoint region: G1CollectForAllocation
[2023-11-12T16:45:20.923+0000][6.091s][info ][gc,start      ] GC(9) Pause Young (Normal) (G1 Evacuation Pause)
[2023-11-12T16:45:20.923+0000][6.091s][info ][gc,task       ] GC(9) Using 6 workers of 6 for evacuation
[2023-11-12T16:45:20.939+0000][6.107s][info ][gc,phases     ] GC(9)   Pre Evacuate Collection Set: 0.0ms
[2023-11-12T16:45:20.939+0000][6.107s][info ][gc,phases     ] GC(9)   Evacuate Collection Set: 11.1ms
[2023-11-12T16:45:20.939+0000][6.107s][info ][gc,phases     ] GC(9)   Post Evacuate Collection Set: 4.8ms
[2023-11-12T16:45:20.939+0000][6.108s][info ][gc,phases     ] GC(9)   Other: 0.2ms
[2023-11-12T16:45:20.939+0000][6.108s][info ][gc,heap       ] GC(9) Eden regions: 167->0(215)
[2023-11-12T16:45:20.939+0000][6.108s][info ][gc,heap       ] GC(9) Survivor regions: 14->11(23)
[2023-11-12T16:45:20.939+0000][6.108s][info ][gc,heap       ] GC(9) Old regions: 15->17
[2023-11-12T16:45:20.939+0000][6.108s][info ][gc,heap       ] GC(9) Humongous regions: 0->0
[2023-11-12T16:45:20.939+0000][6.108s][info ][gc,metaspace  ] GC(9) Metaspace: 26318K(27388K)->26318K(27388K) NonClass: 23095K(23808K)->23095K(23808K) Class: 3223K(3580K)->3223K(3580K)
[2023-11-12T16:45:20.939+0000][6.108s][info ][gc            ] GC(9) Pause Young (Normal) (G1 Evacuation Pause) 193M->26M(378M) 16.275ms
[2023-11-12T16:45:20.939+0000][6.108s][info ][gc,cpu        ] GC(9) User=0.06s Sys=0.00s Real=0.02s
[2023-11-12T16:45:20.939+0000][6.108s][info ][safepoint     ] Leaving safepoint region
[2023-11-12T16:45:20.939+0000][6.108s][info ][safepoint     ] Total time for which application threads were stopped: 0.0164952 seconds, Stopping threads took: 0.0000166 seconds
[2023-11-12T16:45:20.939+0000][6.108s][info ][gc,stringdedup] Concurrent String Deduplication (6.108s)
[2023-11-12T16:45:20.944+0000][6.113s][info ][gc,stringdedup] Concurrent String Deduplication 1180.2K->360.2K(819.9K) avg 32.3% (6.108s, 6.113s) 4.849ms
[2023-11-12T16:45:21.700+0000][6.868s][debug][safepoint     ] Safepoint synchronization initiated. (10 threads)
[2023-11-12T16:45:21.700+0000][6.868s][info ][safepoint     ] Application time: 0.7606188 seconds
[2023-11-12T16:45:21.700+0000][6.868s][info ][safepoint     ] Entering safepoint region: G1CollectForAllocation
[2023-11-12T16:45:21.700+0000][6.869s][info ][gc,start      ] GC(10) Pause Young (Normal) (G1 Evacuation Pause)
[2023-11-12T16:45:21.700+0000][6.869s][info ][gc,task       ] GC(10) Using 6 workers of 6 for evacuation
[2023-11-12T16:45:21.708+0000][6.877s][info ][gc,phases     ] GC(10)   Pre Evacuate Collection Set: 0.0ms
[2023-11-12T16:45:21.708+0000][6.877s][info ][gc,phases     ] GC(10)   Evacuate Collection Set: 6.5ms
[2023-11-12T16:45:21.709+0000][6.877s][info ][gc,phases     ] GC(10)   Post Evacuate Collection Set: 1.5ms
[2023-11-12T16:45:21.709+0000][6.877s][info ][gc,phases     ] GC(10)   Other: 0.2ms
[2023-11-12T16:45:21.709+0000][6.877s][info ][gc,heap       ] GC(10) Eden regions: 215->0(214)
[2023-11-12T16:45:21.709+0000][6.877s][info ][gc,heap       ] GC(10) Survivor regions: 11->12(29)
[2023-11-12T16:45:21.709+0000][6.877s][info ][gc,heap       ] GC(10) Old regions: 17->17
[2023-11-12T16:45:21.709+0000][6.877s][info ][gc,heap       ] GC(10) Humongous regions: 0->0
[2023-11-12T16:45:21.709+0000][6.877s][info ][gc,metaspace  ] GC(10) Metaspace: 31815K(33148K)->31815K(33148K) NonClass: 28007K(28928K)->28007K(28928K) Class: 3808K(4220K)->3808K(4220K)
[2023-11-12T16:45:21.709+0000][6.877s][info ][gc            ] GC(10) Pause Young (Normal) (G1 Evacuation Pause) 241M->27M(378M) 8.484ms
[2023-11-12T16:45:21.709+0000][6.877s][info ][gc,cpu        ] GC(10) User=0.04s Sys=0.00s Real=0.01s
[2023-11-12T16:45:21.709+0000][6.877s][info ][safepoint     ] Leaving safepoint region
[2023-11-12T16:45:21.709+0000][6.877s][info ][safepoint     ] Total time for which application threads were stopped: 0.0088345 seconds, Stopping threads took: 0.0000169 seconds
[2023-11-12T16:45:21.709+0000][6.877s][info ][gc,stringdedup] Concurrent String Deduplication (6.877s)
[2023-11-12T16:45:21.712+0000][6.881s][info ][gc,stringdedup] Concurrent String Deduplication 1194.1K->261.4K(932.7K) avg 39.6% (6.877s, 6.881s) 3.275ms
[2023-11-12T16:45:22.083+0000][7.251s][debug][safepoint     ] Safepoint synchronization initiated. (11 threads)
[2023-11-12T16:45:22.083+0000][7.252s][info ][safepoint     ] Application time: 0.3742862 seconds
[2023-11-12T16:45:22.083+0000][7.252s][info ][safepoint     ] Entering safepoint region: Deoptimize
[2023-11-12T16:45:22.084+0000][7.252s][info ][safepoint     ] Leaving safepoint region
[2023-11-12T16:45:22.084+0000][7.252s][info ][safepoint     ] Total time for which application threads were stopped: 0.0006451 seconds, Stopping threads took: 0.0000162 seconds
[2023-11-12T16:45:22.360+0000][7.529s][debug][safepoint     ] Safepoint synchronization initiated. (11 threads)
[2023-11-12T16:45:22.360+0000][7.529s][info ][safepoint     ] Application time: 0.2766221 seconds
[2023-11-12T16:45:22.360+0000][7.529s][info ][safepoint     ] Entering safepoint region: G1CollectForAllocation
[2023-11-12T16:45:22.361+0000][7.529s][info ][gc,start      ] GC(11) Pause Young (Normal) (G1 Evacuation Pause)
[2023-11-12T16:45:22.361+0000][7.529s][info ][gc,task       ] GC(11) Using 6 workers of 6 for evacuation
[2023-11-12T16:45:22.372+0000][7.540s][info ][gc,phases     ] GC(11)   Pre Evacuate Collection Set: 0.0ms
[2023-11-12T16:45:22.372+0000][7.540s][info ][gc,phases     ] GC(11)   Evacuate Collection Set: 9.4ms
[2023-11-12T16:45:22.372+0000][7.540s][info ][gc,phases     ] GC(11)   Post Evacuate Collection Set: 1.8ms
[2023-11-12T16:45:22.372+0000][7.540s][info ][gc,phases     ] GC(11)   Other: 0.2ms
[2023-11-12T16:45:22.372+0000][7.541s][info ][gc,heap       ] GC(11) Eden regions: 214->0(213)
[2023-11-12T16:45:22.372+0000][7.541s][info ][gc,heap       ] GC(11) Survivor regions: 12->13(29)
[2023-11-12T16:45:22.372+0000][7.541s][info ][gc,heap       ] GC(11) Old regions: 17->17
[2023-11-12T16:45:22.372+0000][7.541s][info ][gc,heap       ] GC(11) Humongous regions: 0->0
[2023-11-12T16:45:22.372+0000][7.541s][info ][gc,metaspace  ] GC(11) Metaspace: 32842K(34044K)->32842K(34044K) NonClass: 28889K(29696K)->28889K(29696K) Class: 3952K(4348K)->3952K(4348K)
[2023-11-12T16:45:22.372+0000][7.541s][info ][gc            ] GC(11) Pause Young (Normal) (G1 Evacuation Pause) 241M->28M(378M) 11.559ms
[2023-11-12T16:45:22.372+0000][7.541s][info ][gc,cpu        ] GC(11) User=0.04s Sys=0.00s Real=0.01s
[2023-11-12T16:45:22.372+0000][7.541s][info ][safepoint     ] Leaving safepoint region
[2023-11-12T16:45:22.372+0000][7.541s][info ][safepoint     ] Total time for which application threads were stopped: 0.0118064 seconds, Stopping threads took: 0.0000163 seconds
[2023-11-12T16:45:22.372+0000][7.541s][info ][gc,stringdedup] Concurrent String Deduplication (7.541s)
[2023-11-12T16:45:22.372+0000][7.541s][info ][gc,stringdedup] Concurrent String Deduplication 44408.0B->10160.0B(34248.0B) avg 39.8% (7.541s, 7.541s) 0.235ms
[2023-11-12T16:45:22.513+0000][7.682s][debug][safepoint     ] Safepoint synchronization initiated. (11 threads)
[2023-11-12T16:45:22.513+0000][7.682s][info ][safepoint     ] Application time: 0.1409452 seconds
[2023-11-12T16:45:22.513+0000][7.682s][info ][safepoint     ] Entering safepoint region: Deoptimize
[2023-11-12T16:45:22.514+0000][7.682s][info ][safepoint     ] Leaving safepoint region
[2023-11-12T16:45:22.514+0000][7.682s][info ][safepoint     ] Total time for which application threads were stopped: 0.0006487 seconds, Stopping threads took: 0.0000170 seconds
[2023-11-12T16:45:22.827+0000][7.995s][debug][safepoint     ] Safepoint synchronization initiated. (11 threads)
[2023-11-12T16:45:22.827+0000][7.995s][info ][safepoint     ] Application time: 0.3131931 seconds
[2023-11-12T16:45:22.827+0000][7.995s][info ][safepoint     ] Entering safepoint region: Deoptimize
[2023-11-12T16:45:22.828+0000][7.996s][info ][safepoint     ] Leaving safepoint region
[2023-11-12T16:45:22.828+0000][7.996s][info ][safepoint     ] Total time for which application threads were stopped: 0.0006774 seconds, Stopping threads took: 0.0000164 seconds
[2023-11-12T16:45:22.836+0000][8.004s][debug][safepoint     ] Safepoint synchronization initiated. (11 threads)
[2023-11-12T16:45:22.836+0000][8.004s][info ][safepoint     ] Application time: 0.0079962 seconds
[2023-11-12T16:45:22.836+0000][8.004s][info ][safepoint     ] Entering safepoint region: Deoptimize
[2023-11-12T16:45:22.836+0000][8.005s][info ][safepoint     ] Leaving safepoint region
[2023-11-12T16:45:22.836+0000][8.005s][info ][safepoint     ] Total time for which application threads were stopped: 0.0005095 seconds, Stopping threads took: 0.0000155 seconds
[2023-11-12T16:45:22.855+0000][8.024s][debug][safepoint     ] Safepoint synchronization initiated. (11 threads)
[2023-11-12T16:45:22.856+0000][8.024s][info ][safepoint     ] Application time: 0.0192713 seconds
[2023-11-12T16:45:22.856+0000][8.024s][info ][safepoint     ] Entering safepoint region: Deoptimize
[2023-11-12T16:45:22.856+0000][8.025s][info ][safepoint     ] Leaving safepoint region
[2023-11-12T16:45:22.856+0000][8.025s][info ][safepoint     ] Total time for which application threads were stopped: 0.0006079 seconds, Stopping threads took: 0.0000165 seconds
[2023-11-12T16:45:22.913+0000][8.082s][debug][safepoint     ] Safepoint synchronization initiated. (11 threads)
[2023-11-12T16:45:22.913+0000][8.082s][info ][safepoint     ] Application time: 0.0570228 seconds
[2023-11-12T16:45:22.913+0000][8.082s][info ][safepoint     ] Entering safepoint region: Deoptimize
[2023-11-12T16:45:22.914+0000][8.082s][info ][safepoint     ] Leaving safepoint region
[2023-11-12T16:45:22.914+0000][8.082s][info ][safepoint     ] Total time for which application threads were stopped: 0.0006393 seconds, Stopping threads took: 0.0000155 seconds
[2023-11-12T16:45:22.939+0000][8.108s][debug][safepoint     ] Safepoint synchronization initiated. (11 threads)
[2023-11-12T16:45:22.939+0000][8.108s][info ][safepoint     ] Application time: 0.0254024 seconds
[2023-11-12T16:45:22.939+0000][8.108s][info ][safepoint     ] Entering safepoint region: CollectForMetadataAllocation
[2023-11-12T16:45:22.939+0000][8.108s][info ][gc,start      ] GC(12) Pause Young (Concurrent Start) (Metadata GC Threshold)
[2023-11-12T16:45:22.939+0000][8.108s][info ][gc,task       ] GC(12) Using 6 workers of 6 for evacuation
[2023-11-12T16:45:22.949+0000][8.118s][info ][gc,phases     ] GC(12)   Pre Evacuate Collection Set: 0.1ms
[2023-11-12T16:45:22.950+0000][8.118s][info ][gc,phases     ] GC(12)   Evacuate Collection Set: 8.4ms
[2023-11-12T16:45:22.950+0000][8.118s][info ][gc,phases     ] GC(12)   Post Evacuate Collection Set: 1.4ms
[2023-11-12T16:45:22.950+0000][8.118s][info ][gc,phases     ] GC(12)   Other: 0.2ms
[2023-11-12T16:45:22.950+0000][8.118s][info ][gc,heap       ] GC(12) Eden regions: 167->0(212)
[2023-11-12T16:45:22.950+0000][8.118s][info ][gc,heap       ] GC(12) Survivor regions: 13->14(29)
[2023-11-12T16:45:22.950+0000][8.118s][info ][gc,heap       ] GC(12) Old regions: 17->17
[2023-11-12T16:45:22.950+0000][8.118s][info ][gc,heap       ] GC(12) Humongous regions: 0->0
[2023-11-12T16:45:22.950+0000][8.118s][info ][gc,metaspace  ] GC(12) Metaspace: 34999K(36048K)->34999K(36048K) NonClass: 30786K(31444K)->30786K(31444K) Class: 4212K(4604K)->4212K(4604K)
[2023-11-12T16:45:22.950+0000][8.118s][info ][gc            ] GC(12) Pause Young (Concurrent Start) (Metadata GC Threshold) 194M->29M(378M) 10.260ms
[2023-11-12T16:45:22.950+0000][8.118s][info ][gc,cpu        ] GC(12) User=0.04s Sys=0.00s Real=0.01s
[2023-11-12T16:45:22.950+0000][8.118s][info ][safepoint     ] Leaving safepoint region
[2023-11-12T16:45:22.950+0000][8.118s][info ][safepoint     ] Total time for which application threads were stopped: 0.0105836 seconds, Stopping threads took: 0.0000159 seconds
[2023-11-12T16:45:22.950+0000][8.118s][info ][gc,stringdedup] Concurrent String Deduplication (8.118s)
[2023-11-12T16:45:22.950+0000][8.118s][info ][gc            ] GC(13) Concurrent Cycle
[2023-11-12T16:45:22.950+0000][8.118s][info ][gc,marking    ] GC(13) Concurrent Clear Claimed Marks
[2023-11-12T16:45:22.950+0000][8.119s][info ][gc,marking    ] GC(13) Concurrent Clear Claimed Marks 0.053ms
[2023-11-12T16:45:22.950+0000][8.119s][info ][gc,marking    ] GC(13) Concurrent Scan Root Regions
[2023-11-12T16:45:22.951+0000][8.119s][info ][gc,stringdedup] Concurrent String Deduplication 131.2K->17592.0B(114.0K) avg 40.6% (8.118s, 8.119s) 0.904ms
[2023-11-12T16:45:22.955+0000][8.124s][info ][gc,marking    ] GC(13) Concurrent Scan Root Regions 5.233ms
[2023-11-12T16:45:22.955+0000][8.124s][info ][gc,marking    ] GC(13) Concurrent Mark (8.124s)
[2023-11-12T16:45:22.955+0000][8.124s][info ][gc,marking    ] GC(13) Concurrent Mark From Roots
[2023-11-12T16:45:22.955+0000][8.124s][info ][gc,task       ] GC(13) Using 2 workers of 2 for marking
[2023-11-12T16:45:22.971+0000][8.139s][info ][gc,marking    ] GC(13) Concurrent Mark From Roots 15.426ms
[2023-11-12T16:45:22.971+0000][8.139s][info ][gc,marking    ] GC(13) Concurrent Preclean
[2023-11-12T16:45:22.971+0000][8.140s][info ][gc,marking    ] GC(13) Concurrent Preclean 0.160ms
[2023-11-12T16:45:22.971+0000][8.140s][info ][gc,marking    ] GC(13) Concurrent Mark (8.124s, 8.140s) 15.690ms
[2023-11-12T16:45:22.971+0000][8.140s][debug][safepoint     ] Safepoint synchronization initiated. (11 threads)
[2023-11-12T16:45:22.971+0000][8.140s][info ][safepoint     ] Application time: 0.0212375 seconds
[2023-11-12T16:45:22.971+0000][8.140s][debug][safepoint     ] ... found polling page loop exception at pc = 0x00007f2784432eb5, stub =0x00007f277c841b00
[2023-11-12T16:45:22.971+0000][8.140s][debug][safepoint     ] Waiting for 1 thread(s) to block
[2023-11-12T16:45:22.971+0000][8.140s][info ][safepoint     ] Entering safepoint region: CGC_Operation
[2023-11-12T16:45:22.971+0000][8.140s][info ][gc,start      ] GC(13) Pause Remark
[2023-11-12T16:45:22.975+0000][8.144s][info ][gc,stringtable] GC(13) Cleaned string and symbol table, strings: 12672 processed, 28 removed, symbols: 122099 processed, 335 removed
[2023-11-12T16:45:22.976+0000][8.144s][info ][gc            ] GC(13) Pause Remark 29M->29M(378M) 4.329ms
[2023-11-12T16:45:22.976+0000][8.144s][info ][gc,cpu        ] GC(13) User=0.02s Sys=0.00s Real=0.01s
[2023-11-12T16:45:22.976+0000][8.144s][info ][safepoint     ] Leaving safepoint region
[2023-11-12T16:45:22.976+0000][8.144s][info ][safepoint     ] Total time for which application threads were stopped: 0.0046395 seconds, Stopping threads took: 0.0001456 seconds
[2023-11-12T16:45:22.976+0000][8.144s][info ][gc,marking    ] GC(13) Concurrent Rebuild Remembered Sets
[2023-11-12T16:45:22.985+0000][8.153s][info ][gc,marking    ] GC(13) Concurrent Rebuild Remembered Sets 8.838ms
[2023-11-12T16:45:22.985+0000][8.153s][debug][safepoint     ] Safepoint synchronization initiated. (11 threads)
[2023-11-12T16:45:22.985+0000][8.153s][info ][safepoint     ] Application time: 0.0089949 seconds
[2023-11-12T16:45:22.985+0000][8.153s][debug][safepoint     ] ... found polling page loop exception at pc = 0x00007f2784432eb5, stub =0x00007f277c841b00
[2023-11-12T16:45:22.985+0000][8.153s][debug][safepoint     ] Waiting for 1 thread(s) to block
[2023-11-12T16:45:22.985+0000][8.153s][info ][safepoint     ] Entering safepoint region: CGC_Operation
[2023-11-12T16:45:22.985+0000][8.153s][info ][gc,start      ] GC(13) Pause Cleanup
[2023-11-12T16:45:22.985+0000][8.154s][info ][gc            ] GC(13) Pause Cleanup 32M->32M(378M) 0.164ms
[2023-11-12T16:45:22.985+0000][8.154s][info ][gc,cpu        ] GC(13) User=0.00s Sys=0.00s Real=0.00s
[2023-11-12T16:45:22.985+0000][8.154s][info ][safepoint     ] Leaving safepoint region
[2023-11-12T16:45:22.985+0000][8.154s][info ][safepoint     ] Total time for which application threads were stopped: 0.0004418 seconds, Stopping threads took: 0.0001306 seconds
[2023-11-12T16:45:22.985+0000][8.154s][info ][gc,marking    ] GC(13) Concurrent Cleanup for Next Mark
[2023-11-12T16:45:22.989+0000][8.157s][info ][gc,marking    ] GC(13) Concurrent Cleanup for Next Mark 3.733ms
[2023-11-12T16:45:22.989+0000][8.158s][info ][gc            ] GC(13) Concurrent Cycle 39.125ms
[2023-11-12T16:45:23.204+0000][8.373s][debug][safepoint     ] Safepoint synchronization initiated. (11 threads)
[2023-11-12T16:45:23.204+0000][8.373s][info ][safepoint     ] Application time: 0.2190498 seconds
[2023-11-12T16:45:23.204+0000][8.373s][info ][safepoint     ] Entering safepoint region: Deoptimize
[2023-11-12T16:45:23.205+0000][8.373s][info ][safepoint     ] Leaving safepoint region
[2023-11-12T16:45:23.205+0000][8.373s][info ][safepoint     ] Total time for which application threads were stopped: 0.0006422 seconds, Stopping threads took: 0.0000268 seconds
[2023-11-12T16:45:23.642+0000][8.810s][debug][safepoint     ] Safepoint synchronization initiated. (11 threads)
[2023-11-12T16:45:23.642+0000][8.810s][info ][safepoint     ] Application time: 0.4366950 seconds
[2023-11-12T16:45:23.642+0000][8.810s][info ][safepoint     ] Entering safepoint region: Deoptimize
[2023-11-12T16:45:23.642+0000][8.811s][info ][safepoint     ] Leaving safepoint region
[2023-11-12T16:45:23.642+0000][8.811s][info ][safepoint     ] Total time for which application threads were stopped: 0.0007505 seconds, Stopping threads took: 0.0000165 seconds
[2023-11-12T16:45:23.684+0000][8.852s][debug][safepoint     ] Safepoint synchronization initiated. (11 threads)
[2023-11-12T16:45:23.684+0000][8.852s][info ][safepoint     ] Application time: 0.0411370 seconds
[2023-11-12T16:45:23.684+0000][8.852s][info ][safepoint     ] Entering safepoint region: G1CollectForAllocation
[2023-11-12T16:45:23.684+0000][8.852s][info ][gc,start      ] GC(14) Pause Young (Normal) (G1 Evacuation Pause)
[2023-11-12T16:45:23.684+0000][8.852s][info ][gc,task       ] GC(14) Using 6 workers of 6 for evacuation
[2023-11-12T16:45:23.693+0000][8.861s][info ][gc,phases     ] GC(14)   Pre Evacuate Collection Set: 0.0ms
[2023-11-12T16:45:23.693+0000][8.861s][info ][gc,phases     ] GC(14)   Evacuate Collection Set: 7.1ms
[2023-11-12T16:45:23.693+0000][8.861s][info ][gc,phases     ] GC(14)   Post Evacuate Collection Set: 1.6ms
[2023-11-12T16:45:23.693+0000][8.861s][info ][gc,phases     ] GC(14)   Other: 0.2ms
[2023-11-12T16:45:23.693+0000][8.861s][info ][gc,heap       ] GC(14) Eden regions: 212->0(212)
[2023-11-12T16:45:23.693+0000][8.861s][info ][gc,heap       ] GC(14) Survivor regions: 14->14(29)
[2023-11-12T16:45:23.693+0000][8.861s][info ][gc,heap       ] GC(14) Old regions: 17->17
[2023-11-12T16:45:23.693+0000][8.861s][info ][gc,heap       ] GC(14) Humongous regions: 0->0
[2023-11-12T16:45:23.693+0000][8.861s][info ][gc,metaspace  ] GC(14) Metaspace: 37991K(39120K)->37991K(39120K) NonClass: 33339K(34004K)->33339K(34004K) Class: 4651K(5116K)->4651K(5116K)
[2023-11-12T16:45:23.693+0000][8.861s][info ][gc            ] GC(14) Pause Young (Normal) (G1 Evacuation Pause) 241M->29M(378M) 9.050ms
[2023-11-12T16:45:23.693+0000][8.861s][info ][gc,cpu        ] GC(14) User=0.05s Sys=0.00s Real=0.01s
[2023-11-12T16:45:23.693+0000][8.861s][info ][safepoint     ] Leaving safepoint region
[2023-11-12T16:45:23.693+0000][8.861s][info ][safepoint     ] Total time for which application threads were stopped: 0.0092531 seconds, Stopping threads took: 0.0000179 seconds
[2023-11-12T16:45:23.693+0000][8.861s][info ][gc,stringdedup] Concurrent String Deduplication (8.861s)
[2023-11-12T16:45:23.696+0000][8.864s][info ][gc,stringdedup] Concurrent String Deduplication 475.7K->246.5K(229.2K) avg 41.0% (8.861s, 8.864s) 2.802ms
[2023-11-12T16:45:24.693+0000][9.861s][debug][safepoint     ] Safepoint synchronization initiated. (11 threads)
[2023-11-12T16:45:24.693+0000][9.862s][info ][safepoint     ] Application time: 1.0001961 seconds
[2023-11-12T16:45:24.693+0000][9.862s][info ][safepoint     ] Entering safepoint region: Cleanup
[2023-11-12T16:45:24.693+0000][9.862s][info ][safepoint     ] Leaving safepoint region
[2023-11-12T16:45:24.693+0000][9.862s][info ][safepoint     ] Total time for which application threads were stopped: 0.0002386 seconds, Stopping threads took: 0.0000249 seconds
[2023-11-12T16:45:24.858+0000][10.027s][debug][safepoint     ] Safepoint synchronization initiated. (11 threads)
[2023-11-12T16:45:24.859+0000][10.027s][info ][safepoint     ] Application time: 0.1651886 seconds
[2023-11-12T16:45:24.859+0000][10.027s][info ][safepoint     ] Entering safepoint region: G1CollectForAllocation
[2023-11-12T16:45:24.859+0000][10.027s][info ][gc,start      ] GC(15) Pause Young (Normal) (G1 Evacuation Pause)
[2023-11-12T16:45:24.859+0000][10.027s][info ][gc,task       ] GC(15) Using 6 workers of 6 for evacuation
[2023-11-12T16:45:24.875+0000][10.044s][info ][gc,phases     ] GC(15)   Pre Evacuate Collection Set: 0.0ms
[2023-11-12T16:45:24.875+0000][10.044s][info ][gc,phases     ] GC(15)   Evacuate Collection Set: 11.2ms
[2023-11-12T16:45:24.875+0000][10.044s][info ][gc,phases     ] GC(15)   Post Evacuate Collection Set: 5.3ms
[2023-11-12T16:45:24.875+0000][10.044s][info ][gc,phases     ] GC(15)   Other: 0.2ms
[2023-11-12T16:45:24.875+0000][10.044s][info ][gc,heap       ] GC(15) Eden regions: 212->0(255)
[2023-11-12T16:45:24.875+0000][10.044s][info ][gc,heap       ] GC(15) Survivor regions: 14->17(29)
[2023-11-12T16:45:24.875+0000][10.044s][info ][gc,heap       ] GC(15) Old regions: 17->17
[2023-11-12T16:45:24.875+0000][10.044s][info ][gc,heap       ] GC(15) Humongous regions: 0->0
[2023-11-12T16:45:24.875+0000][10.044s][info ][gc,metaspace  ] GC(15) Metaspace: 40826K(42064K)->40826K(42064K) NonClass: 35784K(36564K)->35784K(36564K) Class: 5042K(5500K)->5042K(5500K)
[2023-11-12T16:45:24.876+0000][10.044s][info ][gc            ] GC(15) Pause Young (Normal) (G1 Evacuation Pause) 241M->32M(454M) 16.800ms
[2023-11-12T16:45:24.876+0000][10.044s][info ][gc,cpu        ] GC(15) User=0.06s Sys=0.00s Real=0.02s
[2023-11-12T16:45:24.876+0000][10.044s][info ][safepoint     ] Leaving safepoint region
[2023-11-12T16:45:24.876+0000][10.044s][info ][safepoint     ] Total time for which application threads were stopped: 0.0170453 seconds, Stopping threads took: 0.0000165 seconds
[2023-11-12T16:45:24.876+0000][10.044s][info ][gc,stringdedup] Concurrent String Deduplication (10.044s)
[2023-11-12T16:45:24.877+0000][10.045s][info ][gc,stringdedup] Concurrent String Deduplication 189.8K->73824.0B(117.7K) avg 41.5% (10.044s, 10.045s) 1.082ms
[2023-11-12T16:45:25.032+0000][10.200s][debug][safepoint     ] Safepoint synchronization initiated. (11 threads)
[2023-11-12T16:45:25.032+0000][10.200s][info ][safepoint     ] Application time: 0.1562409 seconds
[2023-11-12T16:45:25.032+0000][10.200s][info ][safepoint     ] Entering safepoint region: Deoptimize
[2023-11-12T16:45:25.033+0000][10.201s][info ][safepoint     ] Leaving safepoint region
[2023-11-12T16:45:25.033+0000][10.201s][info ][safepoint     ] Total time for which application threads were stopped: 0.0007478 seconds, Stopping threads took: 0.0000172 seconds
[2023-11-12T16:45:25.050+0000][10.219s][debug][safepoint     ] Safepoint synchronization initiated. (11 threads)
[2023-11-12T16:45:25.050+0000][10.219s][info ][safepoint     ] Application time: 0.0175354 seconds
[2023-11-12T16:45:25.050+0000][10.219s][info ][safepoint     ] Entering safepoint region: Deoptimize
[2023-11-12T16:45:25.051+0000][10.219s][info ][safepoint     ] Leaving safepoint region
[2023-11-12T16:45:25.051+0000][10.219s][info ][safepoint     ] Total time for which application threads were stopped: 0.0006520 seconds, Stopping threads took: 0.0000165 seconds
[2023-11-12T16:45:25.081+0000][10.250s][debug][safepoint     ] Safepoint synchronization initiated. (11 threads)
[2023-11-12T16:45:25.082+0000][10.250s][info ][safepoint     ] Application time: 0.0306620 seconds
[2023-11-12T16:45:25.082+0000][10.250s][info ][safepoint     ] Entering safepoint region: Deoptimize
[2023-11-12T16:45:25.082+0000][10.251s][info ][safepoint     ] Leaving safepoint region
[2023-11-12T16:45:25.082+0000][10.251s][info ][safepoint     ] Total time for which application threads were stopped: 0.0008756 seconds, Stopping threads took: 0.0000160 seconds
[2023-11-12T16:45:25.457+0000][10.625s][debug][safepoint     ] Safepoint synchronization initiated. (11 threads)
[2023-11-12T16:45:25.457+0000][10.625s][info ][safepoint     ] Application time: 0.3744027 seconds
[2023-11-12T16:45:25.457+0000][10.625s][info ][safepoint     ] Entering safepoint region: Deoptimize
[2023-11-12T16:45:25.458+0000][10.626s][info ][safepoint     ] Leaving safepoint region
[2023-11-12T16:45:25.458+0000][10.626s][info ][safepoint     ] Total time for which application threads were stopped: 0.0007865 seconds, Stopping threads took: 0.0000167 seconds
[2023-11-12T16:45:25.459+0000][10.627s][debug][safepoint     ] Safepoint synchronization initiated. (11 threads)
[2023-11-12T16:45:25.459+0000][10.627s][info ][safepoint     ] Application time: 0.0010758 seconds
[2023-11-12T16:45:25.459+0000][10.627s][info ][safepoint     ] Entering safepoint region: Deoptimize
[2023-11-12T16:45:25.459+0000][10.627s][info ][safepoint     ] Leaving safepoint region
[2023-11-12T16:45:25.459+0000][10.628s][info ][safepoint     ] Total time for which application threads were stopped: 0.0003963 seconds, Stopping threads took: 0.0000138 seconds
[2023-11-12T16:45:25.553+0000][10.721s][debug][safepoint     ] Safepoint synchronization initiated. (11 threads)
[2023-11-12T16:45:25.553+0000][10.721s][info ][safepoint     ] Application time: 0.0935920 seconds
[2023-11-12T16:45:25.553+0000][10.721s][info ][safepoint     ] Entering safepoint region: Deoptimize
[2023-11-12T16:45:25.553+0000][10.722s][info ][safepoint     ] Leaving safepoint region
[2023-11-12T16:45:25.553+0000][10.722s][info ][safepoint     ] Total time for which application threads were stopped: 0.0007104 seconds, Stopping threads took: 0.0000176 seconds
[2023-11-12T16:45:25.882+0000][11.051s][debug][safepoint     ] Safepoint synchronization initiated. (11 threads)
[2023-11-12T16:45:25.882+0000][11.051s][info ][safepoint     ] Application time: 0.3289429 seconds
[2023-11-12T16:45:25.882+0000][11.051s][info ][safepoint     ] Entering safepoint region: Deoptimize
[2023-11-12T16:45:25.883+0000][11.052s][info ][safepoint     ] Leaving safepoint region
[2023-11-12T16:45:25.883+0000][11.052s][info ][safepoint     ] Total time for which application threads were stopped: 0.0008723 seconds, Stopping threads took: 0.0000180 seconds
[2023-11-12T16:45:25.884+0000][11.052s][debug][safepoint     ] Safepoint synchronization initiated. (11 threads)
[2023-11-12T16:45:25.884+0000][11.053s][info ][safepoint     ] Application time: 0.0006550 seconds
[2023-11-12T16:45:25.884+0000][11.053s][info ][safepoint     ] Entering safepoint region: Deoptimize
[2023-11-12T16:45:25.884+0000][11.053s][info ][safepoint     ] Leaving safepoint region
[2023-11-12T16:45:25.884+0000][11.053s][info ][safepoint     ] Total time for which application threads were stopped: 0.0003099 seconds, Stopping threads took: 0.0000127 seconds
[2023-11-12T16:45:26.081+0000][11.250s][debug][safepoint     ] Safepoint synchronization initiated. (11 threads)
[2023-11-12T16:45:26.081+0000][11.250s][info ][safepoint     ] Application time: 0.1969576 seconds
[2023-11-12T16:45:26.081+0000][11.250s][info ][safepoint     ] Entering safepoint region: Deoptimize
[2023-11-12T16:45:26.082+0000][11.251s][info ][safepoint     ] Leaving safepoint region
[2023-11-12T16:45:26.082+0000][11.251s][info ][safepoint     ] Total time for which application threads were stopped: 0.0009245 seconds, Stopping threads took: 0.0000165 seconds
[2023-11-12T16:45:26.227+0000][11.395s][debug][safepoint     ] Safepoint synchronization initiated. (11 threads)
[2023-11-12T16:45:26.227+0000][11.395s][info ][safepoint     ] Application time: 0.1443247 seconds
[2023-11-12T16:45:26.227+0000][11.395s][info ][safepoint     ] Entering safepoint region: Deoptimize
[2023-11-12T16:45:26.227+0000][11.396s][info ][safepoint     ] Leaving safepoint region
[2023-11-12T16:45:26.227+0000][11.396s][info ][safepoint     ] Total time for which application threads were stopped: 0.0007908 seconds, Stopping threads took: 0.0000170 seconds
[2023-11-12T16:45:26.413+0000][11.581s][debug][safepoint     ] Safepoint synchronization initiated. (11 threads)
[2023-11-12T16:45:26.413+0000][11.581s][info ][safepoint     ] Application time: 0.1853312 seconds
[2023-11-12T16:45:26.413+0000][11.581s][info ][safepoint     ] Entering safepoint region: G1CollectForAllocation
[2023-11-12T16:45:26.413+0000][11.581s][info ][gc,start      ] GC(16) Pause Young (Normal) (G1 Evacuation Pause)
[2023-11-12T16:45:26.413+0000][11.582s][info ][gc,task       ] GC(16) Using 6 workers of 6 for evacuation
[2023-11-12T16:45:26.440+0000][11.609s][info ][gc,phases     ] GC(16)   Pre Evacuate Collection Set: 0.0ms
[2023-11-12T16:45:26.440+0000][11.609s][info ][gc,phases     ] GC(16)   Evacuate Collection Set: 23.6ms
[2023-11-12T16:45:26.441+0000][11.609s][info ][gc,phases     ] GC(16)   Post Evacuate Collection Set: 3.6ms
[2023-11-12T16:45:26.441+0000][11.609s][info ][gc,phases     ] GC(16)   Other: 0.2ms
[2023-11-12T16:45:26.441+0000][11.609s][info ][gc,heap       ] GC(16) Eden regions: 255->0(252)
[2023-11-12T16:45:26.441+0000][11.609s][info ][gc,heap       ] GC(16) Survivor regions: 17->20(34)
[2023-11-12T16:45:26.441+0000][11.609s][info ][gc,heap       ] GC(16) Old regions: 17->17
[2023-11-12T16:45:26.441+0000][11.609s][info ][gc,heap       ] GC(16) Humongous regions: 0->0
[2023-11-12T16:45:26.441+0000][11.609s][info ][gc,metaspace  ] GC(16) Metaspace: 48844K(50256K)->48844K(50256K) NonClass: 42776K(43732K)->42776K(43732K) Class: 6067K(6524K)->6067K(6524K)
[2023-11-12T16:45:26.441+0000][11.609s][info ][gc            ] GC(16) Pause Young (Normal) (G1 Evacuation Pause) 287M->35M(454M) 27.658ms
[2023-11-12T16:45:26.441+0000][11.609s][info ][gc,cpu        ] GC(16) User=0.11s Sys=0.01s Real=0.03s
[2023-11-12T16:45:26.441+0000][11.609s][info ][safepoint     ] Leaving safepoint region
[2023-11-12T16:45:26.441+0000][11.609s][info ][safepoint     ] Total time for which application threads were stopped: 0.0279162 seconds, Stopping threads took: 0.0000170 seconds
[2023-11-12T16:45:26.441+0000][11.609s][info ][gc,stringdedup] Concurrent String Deduplication (11.609s)
[2023-11-12T16:45:26.442+0000][11.610s][info ][gc,stringdedup] Concurrent String Deduplication 237.5K->57032.0B(181.8K) avg 42.5% (11.609s, 11.610s) 1.080ms
[2023-11-12T16:45:26.596+0000][11.765s][debug][safepoint     ] Safepoint synchronization initiated. (11 threads)
[2023-11-12T16:45:26.597+0000][11.765s][info ][safepoint     ] Application time: 0.1557963 seconds
[2023-11-12T16:45:26.597+0000][11.765s][info ][safepoint     ] Entering safepoint region: Deoptimize
[2023-11-12T16:45:26.597+0000][11.766s][info ][safepoint     ] Leaving safepoint region
[2023-11-12T16:45:26.597+0000][11.766s][info ][safepoint     ] Total time for which application threads were stopped: 0.0008389 seconds, Stopping threads took: 0.0000170 seconds
[2023-11-12T16:45:27.598+0000][12.766s][debug][safepoint     ] Safepoint synchronization initiated. (13 threads)
[2023-11-12T16:45:27.598+0000][12.766s][info ][safepoint     ] Application time: 1.0003138 seconds
[2023-11-12T16:45:27.598+0000][12.766s][info ][safepoint     ] Entering safepoint region: Cleanup
[2023-11-12T16:45:27.598+0000][12.767s][info ][safepoint     ] Leaving safepoint region
[2023-11-12T16:45:27.598+0000][12.767s][info ][safepoint     ] Total time for which application threads were stopped: 0.0003922 seconds, Stopping threads took: 0.0000389 seconds
[2023-11-12T16:45:27.726+0000][12.895s][debug][safepoint     ] Safepoint synchronization initiated. (13 threads)
[2023-11-12T16:45:27.726+0000][12.895s][info ][safepoint     ] Application time: 0.1282442 seconds
[2023-11-12T16:45:27.726+0000][12.895s][info ][safepoint     ] Entering safepoint region: Deoptimize
[2023-11-12T16:45:27.728+0000][12.896s][info ][safepoint     ] Leaving safepoint region
[2023-11-12T16:45:27.728+0000][12.896s][info ][safepoint     ] Total time for which application threads were stopped: 0.0012439 seconds, Stopping threads took: 0.0000366 seconds
[2023-11-12T16:45:27.905+0000][13.074s][debug][safepoint     ] Safepoint synchronization initiated. (14 threads)
[2023-11-12T16:45:27.905+0000][13.074s][info ][safepoint     ] Application time: 0.1774579 seconds
[2023-11-12T16:45:27.905+0000][13.074s][info ][safepoint     ] Entering safepoint region: Deoptimize
[2023-11-12T16:45:27.907+0000][13.075s][info ][safepoint     ] Leaving safepoint region
[2023-11-12T16:45:27.907+0000][13.075s][info ][safepoint     ] Total time for which application threads were stopped: 0.0013591 seconds, Stopping threads took: 0.0000374 seconds
[2023-11-12T16:45:28.550+0000][13.719s][debug][safepoint     ] Safepoint synchronization initiated. (14 threads)
[2023-11-12T16:45:28.551+0000][13.719s][info ][safepoint     ] Application time: 0.6438879 seconds
[2023-11-12T16:45:28.551+0000][13.719s][info ][safepoint     ] Entering safepoint region: ICBufferFull
[2023-11-12T16:45:28.551+0000][13.719s][info ][safepoint     ] Leaving safepoint region
[2023-11-12T16:45:28.551+0000][13.719s][info ][safepoint     ] Total time for which application threads were stopped: 0.0002150 seconds, Stopping threads took: 0.0000180 seconds
[2023-11-12T16:45:29.118+0000][14.286s][debug][safepoint     ] Safepoint synchronization initiated. (14 threads)
[2023-11-12T16:45:29.118+0000][14.287s][info ][safepoint     ] Application time: 0.5672531 seconds
[2023-11-12T16:45:29.118+0000][14.287s][info ][safepoint     ] Entering safepoint region: G1CollectForAllocation
[2023-11-12T16:45:29.118+0000][14.287s][info ][gc,start      ] GC(17) Pause Young (Normal) (G1 Evacuation Pause)
[2023-11-12T16:45:29.118+0000][14.287s][info ][gc,task       ] GC(17) Using 6 workers of 6 for evacuation
[2023-11-12T16:45:29.142+0000][14.311s][info ][gc,phases     ] GC(17)   Pre Evacuate Collection Set: 0.0ms
[2023-11-12T16:45:29.142+0000][14.311s][info ][gc,phases     ] GC(17)   Evacuate Collection Set: 21.5ms
[2023-11-12T16:45:29.142+0000][14.311s][info ][gc,phases     ] GC(17)   Post Evacuate Collection Set: 2.0ms
[2023-11-12T16:45:29.143+0000][14.311s][info ][gc,phases     ] GC(17)   Other: 0.2ms
[2023-11-12T16:45:29.143+0000][14.311s][info ][gc,heap       ] GC(17) Eden regions: 252->0(253)
[2023-11-12T16:45:29.143+0000][14.311s][info ][gc,heap       ] GC(17) Survivor regions: 20->19(34)
[2023-11-12T16:45:29.143+0000][14.311s][info ][gc,heap       ] GC(17) Old regions: 17->21
[2023-11-12T16:45:29.143+0000][14.312s][info ][gc,heap       ] GC(17) Humongous regions: 0->0
[2023-11-12T16:45:29.143+0000][14.312s][info ][gc,metaspace  ] GC(17) Metaspace: 55435K(57040K)->55435K(57040K) NonClass: 48583K(49620K)->48583K(49620K) Class: 6851K(7420K)->6851K(7420K)
[2023-11-12T16:45:29.143+0000][14.312s][info ][gc            ] GC(17) Pause Young (Normal) (G1 Evacuation Pause) 287M->38M(454M) 25.024ms
[2023-11-12T16:45:29.143+0000][14.312s][info ][gc,cpu        ] GC(17) User=0.11s Sys=0.01s Real=0.02s
[2023-11-12T16:45:29.144+0000][14.312s][info ][safepoint     ] Leaving safepoint region
[2023-11-12T16:45:29.144+0000][14.312s][info ][safepoint     ] Total time for which application threads were stopped: 0.0256760 seconds, Stopping threads took: 0.0000171 seconds
[2023-11-12T16:45:29.144+0000][14.312s][info ][gc,stringdedup] Concurrent String Deduplication (14.312s)
[2023-11-12T16:45:29.145+0000][14.314s][info ][gc,stringdedup] Concurrent String Deduplication 230.4K->99248.0B(133.4K) avg 42.9% (14.312s, 14.314s) 1.419ms
[2023-11-12T16:45:29.584+0000][14.753s][debug][safepoint     ] Safepoint synchronization initiated. (13 threads)
[2023-11-12T16:45:29.584+0000][14.753s][info ][safepoint     ] Application time: 0.4404888 seconds
[2023-11-12T16:45:29.584+0000][14.753s][info ][safepoint     ] Entering safepoint region: Deoptimize
[2023-11-12T16:45:29.585+0000][14.754s][info ][safepoint     ] Leaving safepoint region
[2023-11-12T16:45:29.585+0000][14.754s][info ][safepoint     ] Total time for which application threads were stopped: 0.0008473 seconds, Stopping threads took: 0.0000177 seconds
[2023-11-12T16:45:30.585+0000][15.754s][debug][safepoint     ] Safepoint synchronization initiated. (13 threads)
[2023-11-12T16:45:30.586+0000][15.754s][info ][safepoint     ] Application time: 1.0003163 seconds
[2023-11-12T16:45:30.586+0000][15.754s][info ][safepoint     ] Entering safepoint region: Cleanup
[2023-11-12T16:45:30.586+0000][15.754s][info ][safepoint     ] Leaving safepoint region
[2023-11-12T16:45:30.586+0000][15.754s][info ][safepoint     ] Total time for which application threads were stopped: 0.0003642 seconds, Stopping threads took: 0.0000383 seconds
[2023-11-12T16:45:30.673+0000][15.842s][debug][safepoint     ] Safepoint synchronization initiated. (13 threads)
[2023-11-12T16:45:30.674+0000][15.842s][info ][safepoint     ] Application time: 0.0875010 seconds
[2023-11-12T16:45:30.674+0000][15.842s][info ][safepoint     ] Entering safepoint region: CollectForMetadataAllocation
[2023-11-12T16:45:30.674+0000][15.842s][info ][gc,start      ] GC(18) Pause Young (Concurrent Start) (Metadata GC Threshold)
[2023-11-12T16:45:30.674+0000][15.842s][info ][gc,task       ] GC(18) Using 6 workers of 6 for evacuation
[2023-11-12T16:45:30.712+0000][15.881s][info ][gc,phases     ] GC(18)   Pre Evacuate Collection Set: 0.2ms
[2023-11-12T16:45:30.712+0000][15.881s][info ][gc,phases     ] GC(18)   Evacuate Collection Set: 33.9ms
[2023-11-12T16:45:30.712+0000][15.881s][info ][gc,phases     ] GC(18)   Post Evacuate Collection Set: 3.5ms
[2023-11-12T16:45:30.712+0000][15.881s][info ][gc,phases     ] GC(18)   Other: 0.6ms
[2023-11-12T16:45:30.712+0000][15.881s][info ][gc,heap       ] GC(18) Eden regions: 151->0(255)
[2023-11-12T16:45:30.712+0000][15.881s][info ][gc,heap       ] GC(18) Survivor regions: 19->17(34)
[2023-11-12T16:45:30.712+0000][15.881s][info ][gc,heap       ] GC(18) Old regions: 21->24
[2023-11-12T16:45:30.712+0000][15.881s][info ][gc,heap       ] GC(18) Humongous regions: 0->0
[2023-11-12T16:45:30.712+0000][15.881s][info ][gc,metaspace  ] GC(18) Metaspace: 58972K(60496K)->58972K(60496K) NonClass: 51510K(52436K)->51510K(52436K) Class: 7462K(8060K)->7462K(8060K)
[2023-11-12T16:45:30.713+0000][15.881s][info ][gc            ] GC(18) Pause Young (Concurrent Start) (Metadata GC Threshold) 188M->39M(454M) 38.746ms
[2023-11-12T16:45:30.713+0000][15.881s][info ][gc,cpu        ] GC(18) User=0.16s Sys=0.01s Real=0.04s
[2023-11-12T16:45:30.713+0000][15.881s][info ][safepoint     ] Leaving safepoint region
[2023-11-12T16:45:30.713+0000][15.881s][info ][safepoint     ] Total time for which application threads were stopped: 0.0393126 seconds, Stopping threads took: 0.0000376 seconds
[2023-11-12T16:45:30.713+0000][15.882s][info ][gc,stringdedup] Concurrent String Deduplication (15.882s)
[2023-11-12T16:45:30.714+0000][15.883s][info ][gc            ] GC(19) Concurrent Cycle
[2023-11-12T16:45:30.715+0000][15.883s][info ][gc,marking    ] GC(19) Concurrent Clear Claimed Marks
[2023-11-12T16:45:30.715+0000][15.884s][info ][gc,marking    ] GC(19) Concurrent Clear Claimed Marks 0.261ms
[2023-11-12T16:45:30.715+0000][15.884s][info ][gc,marking    ] GC(19) Concurrent Scan Root Regions
[2023-11-12T16:45:30.722+0000][15.890s][info ][gc,stringdedup] Concurrent String Deduplication 316.9K->141.1K(175.7K) avg 43.3% (15.882s, 15.890s) 8.313ms
[2023-11-12T16:45:30.732+0000][15.901s][info ][gc,marking    ] GC(19) Concurrent Scan Root Regions 17.285ms
[2023-11-12T16:45:30.732+0000][15.901s][info ][gc,marking    ] GC(19) Concurrent Mark (15.901s)
[2023-11-12T16:45:30.733+0000][15.901s][info ][gc,marking    ] GC(19) Concurrent Mark From Roots
[2023-11-12T16:45:30.733+0000][15.901s][info ][gc,task       ] GC(19) Using 2 workers of 2 for marking
[2023-11-12T16:45:30.781+0000][15.950s][info ][gc,marking    ] GC(19) Concurrent Mark From Roots 48.958ms
[2023-11-12T16:45:30.782+0000][15.950s][info ][gc,marking    ] GC(19) Concurrent Preclean
[2023-11-12T16:45:30.782+0000][15.951s][info ][gc,marking    ] GC(19) Concurrent Preclean 0.464ms
[2023-11-12T16:45:30.782+0000][15.951s][info ][gc,marking    ] GC(19) Concurrent Mark (15.901s, 15.951s) 49.653ms
[2023-11-12T16:45:30.782+0000][15.951s][debug][safepoint     ] Safepoint synchronization initiated. (13 threads)
[2023-11-12T16:45:30.782+0000][15.951s][info ][safepoint     ] Application time: 0.0694198 seconds
[2023-11-12T16:45:30.782+0000][15.951s][debug][safepoint     ] ... found polling page return exception at pc = 0x00007f277dbd7bb3, stub =0x00007f277c841800
[2023-11-12T16:45:30.782+0000][15.951s][debug][safepoint     ] Waiting for 1 thread(s) to block
[2023-11-12T16:45:30.783+0000][15.951s][info ][safepoint     ] Entering safepoint region: CGC_Operation
[2023-11-12T16:45:30.783+0000][15.951s][info ][gc,start      ] GC(19) Pause Remark
[2023-11-12T16:45:30.798+0000][15.966s][info ][gc,stringtable] GC(19) Cleaned string and symbol table, strings: 23495 processed, 1 removed, symbols: 191119 processed, 202 removed
[2023-11-12T16:45:30.798+0000][15.967s][info ][gc            ] GC(19) Pause Remark 41M->41M(454M) 15.450ms
[2023-11-12T16:45:30.798+0000][15.967s][info ][gc,cpu        ] GC(19) User=0.07s Sys=0.00s Real=0.02s
[2023-11-12T16:45:30.798+0000][15.967s][info ][safepoint     ] Leaving safepoint region
[2023-11-12T16:45:30.798+0000][15.967s][info ][safepoint     ] Total time for which application threads were stopped: 0.0161024 seconds, Stopping threads took: 0.0002741 seconds
[2023-11-12T16:45:30.799+0000][15.967s][info ][gc,marking    ] GC(19) Concurrent Rebuild Remembered Sets
[2023-11-12T16:45:30.830+0000][15.999s][info ][gc,marking    ] GC(19) Concurrent Rebuild Remembered Sets 31.811ms
[2023-11-12T16:45:30.831+0000][15.999s][debug][safepoint     ] Safepoint synchronization initiated. (13 threads)
[2023-11-12T16:45:30.831+0000][15.999s][info ][safepoint     ] Application time: 0.0321378 seconds
[2023-11-12T16:45:30.831+0000][15.999s][info ][safepoint     ] Entering safepoint region: CGC_Operation
[2023-11-12T16:45:30.831+0000][15.999s][info ][gc,start      ] GC(19) Pause Cleanup
[2023-11-12T16:45:30.831+0000][16.000s][info ][gc            ] GC(19) Pause Cleanup 42M->42M(454M) 0.474ms
[2023-11-12T16:45:30.832+0000][16.000s][info ][gc,cpu        ] GC(19) User=0.00s Sys=0.00s Real=0.00s
[2023-11-12T16:45:30.832+0000][16.001s][info ][safepoint     ] Leaving safepoint region
[2023-11-12T16:45:30.832+0000][16.001s][info ][safepoint     ] Total time for which application threads were stopped: 0.0017477 seconds, Stopping threads took: 0.0000413 seconds
[2023-11-12T16:45:30.833+0000][16.001s][info ][gc,marking    ] GC(19) Concurrent Cleanup for Next Mark
[2023-11-12T16:45:30.837+0000][16.005s][info ][gc,marking    ] GC(19) Concurrent Cleanup for Next Mark 4.103ms
[2023-11-12T16:45:30.837+0000][16.005s][info ][gc            ] GC(19) Concurrent Cycle 122.955ms
[2023-11-12T16:45:30.955+0000][16.123s][info ][gc,heap,exit  ] Heap
[2023-11-12T16:45:30.955+0000][16.124s][info ][gc,heap,exit  ]  garbage-first heap   total 464896K, used 56810K [0x0000000706200000, 0x0000000800000000)
[2023-11-12T16:45:30.955+0000][16.124s][info ][gc,heap,exit  ]   region size 1024K, 34 young (34816K), 17 survivors (17408K)
[2023-11-12T16:45:30.955+0000][16.124s][info ][gc,heap,exit  ]  Metaspace       used 59114K, capacity 60423K, committed 60752K, reserved 1101824K
[2023-11-12T16:45:30.955+0000][16.124s][info ][gc,heap,exit  ]   class space    used 7506K, capacity 8036K, committed 8060K, reserved 1048576K
[2023-11-12T16:45:30.956+0000][16.124s][debug][safepoint     ] Safepoint synchronization initiated. (9 threads)
[2023-11-12T16:45:30.956+0000][16.125s][info ][safepoint     ] Application time: 0.1233128 seconds
[2023-11-12T16:45:30.956+0000][16.125s][info ][safepoint     ] Entering safepoint region: Halt
