[2023-11-12T20:08:58.976+0000][0.014s][info][gc,heap] Heap region size: 1M
[2023-11-12T20:08:59.005+0000][0.043s][info][gc     ] Using G1
[2023-11-12T20:08:59.005+0000][0.043s][info][gc,heap,coops] Heap address: 0x0000000706200000, size: 3998 MB, Compressed Oops mode: Zero based, Oop shift amount: 3
[2023-11-12T20:08:59.007+0000][0.046s][info][gc,cds       ] Mark closed archive regions in map: [0x00000007bfc00000, 0x00000007bfc6aff8]
[2023-11-12T20:08:59.008+0000][0.046s][info][gc,cds       ] Mark open archive regions in map: [0x00000007bf800000, 0x00000007bf847ff8]
[2023-11-12T20:08:59.187+0000][0.225s][debug][safepoint    ] Safepoint synchronization initiated. (9 threads)
[2023-11-12T20:08:59.187+0000][0.225s][info ][safepoint    ] Application time: 0.0970107 seconds
[2023-11-12T20:08:59.187+0000][0.225s][info ][safepoint    ] Entering safepoint region: Deoptimize
[2023-11-12T20:08:59.188+0000][0.226s][info ][safepoint    ] Leaving safepoint region
[2023-11-12T20:08:59.188+0000][0.226s][info ][safepoint    ] Total time for which application threads were stopped: 0.0004829 seconds, Stopping threads took: 0.0000320 seconds
[2023-11-12T20:09:00.188+0000][1.226s][debug][safepoint    ] Safepoint synchronization initiated. (10 threads)
[2023-11-12T20:09:00.188+0000][1.226s][info ][safepoint    ] Application time: 1.0001915 seconds
[2023-11-12T20:09:00.188+0000][1.226s][debug][safepoint    ] ... found polling page return exception at pc = 0x00007f10dc2f16ae, stub =0x00007f10d4841800
[2023-11-12T20:09:00.188+0000][1.226s][debug][safepoint    ] Waiting for 1 thread(s) to block
[2023-11-12T20:09:00.188+0000][1.226s][info ][safepoint    ] Entering safepoint region: Cleanup
[2023-11-12T20:09:00.188+0000][1.226s][info ][safepoint    ] Leaving safepoint region
[2023-11-12T20:09:00.188+0000][1.226s][info ][safepoint    ] Total time for which application threads were stopped: 0.0003893 seconds, Stopping threads took: 0.0001655 seconds
[2023-11-12T20:09:00.235+0000][1.274s][debug][safepoint    ] Safepoint synchronization initiated. (10 threads)
[2023-11-12T20:09:00.235+0000][1.274s][info ][safepoint    ] Application time: 0.0471836 seconds
[2023-11-12T20:09:00.236+0000][1.274s][info ][safepoint    ] Entering safepoint region: G1CollectForAllocation
[2023-11-12T20:09:00.236+0000][1.274s][info ][gc,start     ] GC(0) Pause Young (Normal) (G1 Evacuation Pause)
[2023-11-12T20:09:00.237+0000][1.275s][info ][gc,task      ] GC(0) Using 6 workers of 6 for evacuation
[2023-11-12T20:09:00.247+0000][1.285s][info ][gc,phases    ] GC(0)   Pre Evacuate Collection Set: 0.0ms
[2023-11-12T20:09:00.247+0000][1.286s][info ][gc,phases    ] GC(0)   Evacuate Collection Set: 9.1ms
[2023-11-12T20:09:00.247+0000][1.286s][info ][gc,phases    ] GC(0)   Post Evacuate Collection Set: 1.2ms
[2023-11-12T20:09:00.247+0000][1.286s][info ][gc,phases    ] GC(0)   Other: 1.4ms
[2023-11-12T20:09:00.247+0000][1.286s][info ][gc,heap      ] GC(0) Eden regions: 56->0(143)
[2023-11-12T20:09:00.247+0000][1.286s][info ][gc,heap      ] GC(0) Survivor regions: 0->7(7)
[2023-11-12T20:09:00.247+0000][1.286s][info ][gc,heap      ] GC(0) Old regions: 2->3
[2023-11-12T20:09:00.247+0000][1.286s][info ][gc,heap      ] GC(0) Humongous regions: 2->0
[2023-11-12T20:09:00.247+0000][1.286s][info ][gc,metaspace ] GC(0) Metaspace: 2364K(5760K)->2364K(5760K) NonClass: 2167K(5120K)->2167K(5120K) Class: 196K(640K)->196K(640K)
[2023-11-12T20:09:00.248+0000][1.286s][info ][gc           ] GC(0) Pause Young (Normal) (G1 Evacuation Pause) 58M->8M(252M) 11.869ms
[2023-11-12T20:09:00.248+0000][1.286s][info ][gc,cpu       ] GC(0) User=0.04s Sys=0.01s Real=0.01s
[2023-11-12T20:09:00.248+0000][1.286s][info ][safepoint    ] Leaving safepoint region
[2023-11-12T20:09:00.248+0000][1.286s][info ][safepoint    ] Total time for which application threads were stopped: 0.0120449 seconds, Stopping threads took: 0.0000158 seconds
[2023-11-12T20:09:00.248+0000][1.286s][info ][gc,stringdedup] Concurrent String Deduplication (1.286s)
[2023-11-12T20:09:00.249+0000][1.287s][info ][gc,stringdedup] Concurrent String Deduplication 262.8K->259.9K(3016.0B) avg 0.6% (1.286s, 1.287s) 1.579ms
[2023-11-12T20:09:00.362+0000][1.400s][debug][safepoint     ] Safepoint synchronization initiated. (10 threads)
[2023-11-12T20:09:00.362+0000][1.400s][info ][safepoint     ] Application time: 0.1144830 seconds
[2023-11-12T20:09:00.362+0000][1.400s][info ][safepoint     ] Entering safepoint region: Deoptimize
[2023-11-12T20:09:00.362+0000][1.400s][info ][safepoint     ] Leaving safepoint region
[2023-11-12T20:09:00.362+0000][1.401s][info ][safepoint     ] Total time for which application threads were stopped: 0.0002798 seconds, Stopping threads took: 0.0000167 seconds
[2023-11-12T20:09:00.369+0000][1.407s][debug][safepoint     ] Safepoint synchronization initiated. (10 threads)
[2023-11-12T20:09:00.369+0000][1.407s][info ][safepoint     ] Application time: 0.0069160 seconds
[2023-11-12T20:09:00.369+0000][1.407s][info ][safepoint     ] Entering safepoint region: Deoptimize
[2023-11-12T20:09:00.369+0000][1.408s][info ][safepoint     ] Leaving safepoint region
[2023-11-12T20:09:00.369+0000][1.408s][info ][safepoint     ] Total time for which application threads were stopped: 0.0001980 seconds, Stopping threads took: 0.0000142 seconds
[2023-11-12T20:09:00.459+0000][1.497s][debug][safepoint     ] Safepoint synchronization initiated. (10 threads)
[2023-11-12T20:09:00.459+0000][1.497s][info ][safepoint     ] Application time: 0.0893361 seconds
[2023-11-12T20:09:00.459+0000][1.497s][info ][safepoint     ] Entering safepoint region: Deoptimize
[2023-11-12T20:09:00.459+0000][1.497s][info ][safepoint     ] Leaving safepoint region
[2023-11-12T20:09:00.459+0000][1.497s][info ][safepoint     ] Total time for which application threads were stopped: 0.0002539 seconds, Stopping threads took: 0.0000162 seconds
[2023-11-12T20:09:00.471+0000][1.509s][debug][safepoint     ] Safepoint synchronization initiated. (10 threads)
[2023-11-12T20:09:00.471+0000][1.509s][info ][safepoint     ] Application time: 0.0121005 seconds
[2023-11-12T20:09:00.471+0000][1.509s][info ][safepoint     ] Entering safepoint region: Deoptimize
[2023-11-12T20:09:00.471+0000][1.510s][info ][safepoint     ] Leaving safepoint region
[2023-11-12T20:09:00.472+0000][1.510s][info ][safepoint     ] Total time for which application threads were stopped: 0.0002583 seconds, Stopping threads took: 0.0000156 seconds
[2023-11-12T20:09:01.474+0000][2.512s][debug][safepoint     ] Safepoint synchronization initiated. (11 threads)
[2023-11-12T20:09:01.474+0000][2.512s][info ][safepoint     ] Application time: 1.0027497 seconds
[2023-11-12T20:09:01.474+0000][2.512s][debug][safepoint     ] ... found polling page return exception at pc = 0x00007f10dc33d308, stub =0x00007f10d4841800
[2023-11-12T20:09:01.474+0000][2.512s][debug][safepoint     ] Waiting for 1 thread(s) to block
[2023-11-12T20:09:01.474+0000][2.513s][info ][safepoint     ] Entering safepoint region: Cleanup
[2023-11-12T20:09:01.475+0000][2.513s][info ][safepoint     ] Leaving safepoint region
[2023-11-12T20:09:01.475+0000][2.513s][info ][safepoint     ] Total time for which application threads were stopped: 0.0005204 seconds, Stopping threads took: 0.0001516 seconds
[2023-11-12T20:09:01.483+0000][2.521s][debug][safepoint     ] Safepoint synchronization initiated. (11 threads)
[2023-11-12T20:09:01.483+0000][2.521s][info ][safepoint     ] Application time: 0.0084638 seconds
[2023-11-12T20:09:01.483+0000][2.521s][info ][safepoint     ] Entering safepoint region: G1CollectForAllocation
[2023-11-12T20:09:01.483+0000][2.522s][info ][gc,start      ] GC(1) Pause Young (Normal) (G1 Evacuation Pause)
[2023-11-12T20:09:01.483+0000][2.522s][info ][gc,task       ] GC(1) Using 6 workers of 6 for evacuation
[2023-11-12T20:09:01.495+0000][2.533s][info ][gc,phases     ] GC(1)   Pre Evacuate Collection Set: 0.0ms
[2023-11-12T20:09:01.495+0000][2.533s][info ][gc,phases     ] GC(1)   Evacuate Collection Set: 9.9ms
[2023-11-12T20:09:01.495+0000][2.533s][info ][gc,phases     ] GC(1)   Post Evacuate Collection Set: 1.3ms
[2023-11-12T20:09:01.495+0000][2.533s][info ][gc,phases     ] GC(1)   Other: 0.2ms
[2023-11-12T20:09:01.495+0000][2.534s][info ][gc,heap       ] GC(1) Eden regions: 143->0(141)
[2023-11-12T20:09:01.496+0000][2.534s][info ][gc,heap       ] GC(1) Survivor regions: 7->9(19)
[2023-11-12T20:09:01.496+0000][2.534s][info ][gc,heap       ] GC(1) Old regions: 3->3
[2023-11-12T20:09:01.496+0000][2.534s][info ][gc,heap       ] GC(1) Humongous regions: 0->0
[2023-11-12T20:09:01.496+0000][2.534s][info ][gc,metaspace  ] GC(1) Metaspace: 7526K(9344K)->7526K(9344K) NonClass: 6653K(8192K)->6653K(8192K) Class: 873K(1152K)->873K(1152K)
[2023-11-12T20:09:01.496+0000][2.534s][info ][gc            ] GC(1) Pause Young (Normal) (G1 Evacuation Pause) 151M->10M(252M) 12.639ms
[2023-11-12T20:09:01.496+0000][2.534s][info ][gc,cpu        ] GC(1) User=0.05s Sys=0.01s Real=0.02s
[2023-11-12T20:09:01.496+0000][2.534s][info ][safepoint     ] Leaving safepoint region
[2023-11-12T20:09:01.496+0000][2.535s][info ][safepoint     ] Total time for which application threads were stopped: 0.0131390 seconds, Stopping threads took: 0.0000138 seconds
[2023-11-12T20:09:02.047+0000][3.085s][debug][safepoint     ] Safepoint synchronization initiated. (11 threads)
[2023-11-12T20:09:02.047+0000][3.085s][info ][safepoint     ] Application time: 0.5503658 seconds
[2023-11-12T20:09:02.047+0000][3.085s][info ][safepoint     ] Entering safepoint region: ICBufferFull
[2023-11-12T20:09:02.047+0000][3.085s][info ][safepoint     ] Leaving safepoint region
[2023-11-12T20:09:02.047+0000][3.085s][info ][safepoint     ] Total time for which application threads were stopped: 0.0002166 seconds, Stopping threads took: 0.0000165 seconds
[2023-11-12T20:09:02.055+0000][3.093s][debug][safepoint     ] Safepoint synchronization initiated. (11 threads)
[2023-11-12T20:09:02.055+0000][3.093s][info ][safepoint     ] Application time: 0.0081049 seconds
[2023-11-12T20:09:02.055+0000][3.093s][info ][safepoint     ] Entering safepoint region: Deoptimize
[2023-11-12T20:09:02.056+0000][3.094s][info ][safepoint     ] Leaving safepoint region
[2023-11-12T20:09:02.056+0000][3.094s][info ][safepoint     ] Total time for which application threads were stopped: 0.0003242 seconds, Stopping threads took: 0.0000136 seconds
[2023-11-12T20:09:02.204+0000][3.242s][debug][safepoint     ] Safepoint synchronization initiated. (11 threads)
[2023-11-12T20:09:02.204+0000][3.242s][info ][safepoint     ] Application time: 0.1483866 seconds
[2023-11-12T20:09:02.204+0000][3.242s][info ][safepoint     ] Entering safepoint region: ICBufferFull
[2023-11-12T20:09:02.204+0000][3.242s][info ][safepoint     ] Leaving safepoint region
[2023-11-12T20:09:02.204+0000][3.242s][info ][safepoint     ] Total time for which application threads were stopped: 0.0002163 seconds, Stopping threads took: 0.0000164 seconds
[2023-11-12T20:09:02.268+0000][3.306s][debug][safepoint     ] Safepoint synchronization initiated. (12 threads)
[2023-11-12T20:09:02.268+0000][3.306s][info ][safepoint     ] Application time: 0.0636945 seconds
[2023-11-12T20:09:02.268+0000][3.306s][debug][safepoint     ] ... found polling page loop exception at pc = 0x00007f10dc2f01fb, stub =0x00007f10d4841b00
[2023-11-12T20:09:02.268+0000][3.306s][debug][safepoint     ] Waiting for 2 thread(s) to block
[2023-11-12T20:09:02.268+0000][3.306s][info ][safepoint     ] Entering safepoint region: G1CollectForAllocation
[2023-11-12T20:09:02.268+0000][3.306s][info ][gc,start      ] GC(2) Pause Young (Normal) (G1 Evacuation Pause)
[2023-11-12T20:09:02.268+0000][3.306s][info ][gc,task       ] GC(2) Using 6 workers of 6 for evacuation
[2023-11-12T20:09:02.288+0000][3.326s][info ][gc,phases     ] GC(2)   Pre Evacuate Collection Set: 0.0ms
[2023-11-12T20:09:02.288+0000][3.326s][info ][gc,phases     ] GC(2)   Evacuate Collection Set: 17.7ms
[2023-11-12T20:09:02.288+0000][3.326s][info ][gc,phases     ] GC(2)   Post Evacuate Collection Set: 1.9ms
[2023-11-12T20:09:02.288+0000][3.326s][info ][gc,phases     ] GC(2)   Other: 0.2ms
[2023-11-12T20:09:02.288+0000][3.326s][info ][gc,heap       ] GC(2) Eden regions: 141->0(137)
[2023-11-12T20:09:02.288+0000][3.326s][info ][gc,heap       ] GC(2) Survivor regions: 9->13(19)
[2023-11-12T20:09:02.288+0000][3.326s][info ][gc,heap       ] GC(2) Old regions: 3->3
[2023-11-12T20:09:02.288+0000][3.326s][info ][gc,heap       ] GC(2) Humongous regions: 0->0
[2023-11-12T20:09:02.288+0000][3.326s][info ][gc,metaspace  ] GC(2) Metaspace: 12782K(13568K)->12782K(13568K) NonClass: 11228K(11776K)->11228K(11776K) Class: 1554K(1792K)->1554K(1792K)
[2023-11-12T20:09:02.288+0000][3.326s][info ][gc            ] GC(2) Pause Young (Normal) (G1 Evacuation Pause) 151M->14M(252M) 20.017ms
[2023-11-12T20:09:02.288+0000][3.326s][info ][gc,cpu        ] GC(2) User=0.06s Sys=0.00s Real=0.02s
[2023-11-12T20:09:02.288+0000][3.326s][info ][safepoint     ] Leaving safepoint region
[2023-11-12T20:09:02.288+0000][3.326s][info ][safepoint     ] Total time for which application threads were stopped: 0.0203268 seconds, Stopping threads took: 0.0000979 seconds
[2023-11-12T20:09:02.288+0000][3.327s][info ][gc,stringdedup] Concurrent String Deduplication (3.326s)
[2023-11-12T20:09:02.304+0000][3.342s][info ][gc,stringdedup] Concurrent String Deduplication 1919.2K->1726.4K(192.8K) avg 8.0% (3.326s, 3.342s) 15.818ms
[2023-11-12T20:09:02.612+0000][3.650s][debug][safepoint     ] Safepoint synchronization initiated. (12 threads)
[2023-11-12T20:09:02.612+0000][3.650s][info ][safepoint     ] Application time: 0.3233071 seconds
[2023-11-12T20:09:02.612+0000][3.650s][debug][safepoint     ] Waiting for 2 thread(s) to block
[2023-11-12T20:09:02.612+0000][3.650s][info ][safepoint     ] Entering safepoint region: G1CollectForAllocation
[2023-11-12T20:09:02.612+0000][3.650s][info ][gc,start      ] GC(3) Pause Young (Normal) (G1 Evacuation Pause)
[2023-11-12T20:09:02.612+0000][3.650s][info ][gc,task       ] GC(3) Using 6 workers of 6 for evacuation
[2023-11-12T20:09:02.625+0000][3.663s][info ][gc,phases     ] GC(3)   Pre Evacuate Collection Set: 0.0ms
[2023-11-12T20:09:02.625+0000][3.663s][info ][gc,phases     ] GC(3)   Evacuate Collection Set: 11.4ms
[2023-11-12T20:09:02.625+0000][3.663s][info ][gc,phases     ] GC(3)   Post Evacuate Collection Set: 1.7ms
[2023-11-12T20:09:02.625+0000][3.663s][info ][gc,phases     ] GC(3)   Other: 0.2ms
[2023-11-12T20:09:02.625+0000][3.663s][info ][gc,heap       ] GC(3) Eden regions: 137->0(143)
[2023-11-12T20:09:02.625+0000][3.663s][info ][gc,heap       ] GC(3) Survivor regions: 13->7(19)
[2023-11-12T20:09:02.625+0000][3.663s][info ][gc,heap       ] GC(3) Old regions: 3->10
[2023-11-12T20:09:02.625+0000][3.663s][info ][gc,heap       ] GC(3) Humongous regions: 0->0
[2023-11-12T20:09:02.625+0000][3.663s][info ][gc,metaspace  ] GC(3) Metaspace: 16763K(17664K)->16763K(17664K) NonClass: 14578K(15104K)->14578K(15104K) Class: 2184K(2560K)->2184K(2560K)
[2023-11-12T20:09:02.625+0000][3.664s][info ][gc            ] GC(3) Pause Young (Normal) (G1 Evacuation Pause) 151M->15M(252M) 13.455ms
[2023-11-12T20:09:02.625+0000][3.664s][info ][gc,cpu        ] GC(3) User=0.04s Sys=0.01s Real=0.01s
[2023-11-12T20:09:02.625+0000][3.664s][info ][safepoint     ] Leaving safepoint region
[2023-11-12T20:09:02.625+0000][3.664s][info ][safepoint     ] Total time for which application threads were stopped: 0.0137830 seconds, Stopping threads took: 0.0001081 seconds
[2023-11-12T20:09:02.625+0000][3.664s][info ][gc,stringdedup] Concurrent String Deduplication (3.664s)
[2023-11-12T20:09:02.627+0000][3.665s][info ][gc,stringdedup] Concurrent String Deduplication 175.5K->58896.0B(118.0K) avg 11.9% (3.664s, 3.665s) 1.530ms
[2023-11-12T20:09:02.664+0000][3.702s][debug][safepoint     ] Safepoint synchronization initiated. (12 threads)
[2023-11-12T20:09:02.664+0000][3.702s][info ][safepoint     ] Application time: 0.0385200 seconds
[2023-11-12T20:09:02.666+0000][3.704s][debug][safepoint     ] ... found polling page return exception at pc = 0x00007f10dc358875, stub =0x00007f10d4841800
[2023-11-12T20:09:02.666+0000][3.704s][debug][safepoint     ] Waiting for 1 thread(s) to block
[2023-11-12T20:09:02.666+0000][3.705s][info ][safepoint     ] Entering safepoint region: Deoptimize
[2023-11-12T20:09:02.667+0000][3.705s][info ][safepoint     ] Leaving safepoint region
[2023-11-12T20:09:02.667+0000][3.705s][info ][safepoint     ] Total time for which application threads were stopped: 0.0028885 seconds, Stopping threads took: 0.0024203 seconds
[2023-11-12T20:09:02.829+0000][3.867s][debug][safepoint     ] Safepoint synchronization initiated. (12 threads)
[2023-11-12T20:09:02.829+0000][3.867s][info ][safepoint     ] Application time: 0.1622212 seconds
[2023-11-12T20:09:02.829+0000][3.867s][info ][safepoint     ] Entering safepoint region: Deoptimize
[2023-11-12T20:09:02.830+0000][3.868s][info ][safepoint     ] Leaving safepoint region
[2023-11-12T20:09:02.830+0000][3.868s][info ][safepoint     ] Total time for which application threads were stopped: 0.0004801 seconds, Stopping threads took: 0.0000299 seconds
[2023-11-12T20:09:03.006+0000][4.045s][debug][safepoint     ] Safepoint synchronization initiated. (12 threads)
[2023-11-12T20:09:03.007+0000][4.045s][info ][safepoint     ] Application time: 0.1769083 seconds
[2023-11-12T20:09:03.007+0000][4.045s][debug][safepoint     ] ... found polling page return exception at pc = 0x00007f10dc2f0eeb, stub =0x00007f10d4841800
[2023-11-12T20:09:03.007+0000][4.045s][debug][safepoint     ] Waiting for 1 thread(s) to block
[2023-11-12T20:09:03.007+0000][4.045s][info ][safepoint     ] Entering safepoint region: CollectForMetadataAllocation
[2023-11-12T20:09:03.007+0000][4.045s][info ][gc,start      ] GC(4) Pause Young (Concurrent Start) (Metadata GC Threshold)
[2023-11-12T20:09:03.007+0000][4.045s][info ][gc,task       ] GC(4) Using 6 workers of 6 for evacuation
[2023-11-12T20:09:03.021+0000][4.060s][info ][gc,phases     ] GC(4)   Pre Evacuate Collection Set: 0.1ms
[2023-11-12T20:09:03.022+0000][4.060s][info ][gc,phases     ] GC(4)   Evacuate Collection Set: 10.5ms
[2023-11-12T20:09:03.022+0000][4.060s][info ][gc,phases     ] GC(4)   Post Evacuate Collection Set: 3.6ms
[2023-11-12T20:09:03.022+0000][4.060s][info ][gc,phases     ] GC(4)   Other: 0.4ms
[2023-11-12T20:09:03.022+0000][4.060s][info ][gc,heap       ] GC(4) Eden regions: 116->0(173)
[2023-11-12T20:09:03.022+0000][4.060s][info ][gc,heap       ] GC(4) Survivor regions: 7->8(19)
[2023-11-12T20:09:03.022+0000][4.060s][info ][gc,heap       ] GC(4) Old regions: 10->10
[2023-11-12T20:09:03.022+0000][4.060s][info ][gc,heap       ] GC(4) Humongous regions: 0->0
[2023-11-12T20:09:03.022+0000][4.060s][info ][gc,metaspace  ] GC(4) Metaspace: 20486K(21248K)->20486K(21248K) NonClass: 17907K(18432K)->17907K(18432K) Class: 2579K(2816K)->2579K(2816K)
[2023-11-12T20:09:03.022+0000][4.060s][info ][gc            ] GC(4) Pause Young (Concurrent Start) (Metadata GC Threshold) 130M->16M(303M) 14.732ms
[2023-11-12T20:09:03.022+0000][4.060s][info ][gc,cpu        ] GC(4) User=0.05s Sys=0.00s Real=0.01s
[2023-11-12T20:09:03.022+0000][4.060s][info ][safepoint     ] Leaving safepoint region
[2023-11-12T20:09:03.022+0000][4.060s][info ][safepoint     ] Total time for which application threads were stopped: 0.0152520 seconds, Stopping threads took: 0.0002672 seconds
[2023-11-12T20:09:03.022+0000][4.060s][info ][gc            ] GC(5) Concurrent Cycle
[2023-11-12T20:09:03.022+0000][4.060s][info ][gc,marking    ] GC(5) Concurrent Clear Claimed Marks
[2023-11-12T20:09:03.022+0000][4.060s][info ][gc,marking    ] GC(5) Concurrent Clear Claimed Marks 0.050ms
[2023-11-12T20:09:03.022+0000][4.060s][info ][gc,marking    ] GC(5) Concurrent Scan Root Regions
[2023-11-12T20:09:03.022+0000][4.060s][info ][gc,stringdedup] Concurrent String Deduplication (4.060s)
[2023-11-12T20:09:03.024+0000][4.062s][info ][gc,stringdedup] Concurrent String Deduplication 225.2K->133.6K(93832.0B) avg 14.2% (4.060s, 4.062s) 2.054ms
[2023-11-12T20:09:03.026+0000][4.064s][info ][gc,marking    ] GC(5) Concurrent Scan Root Regions 3.599ms
[2023-11-12T20:09:03.026+0000][4.064s][info ][gc,marking    ] GC(5) Concurrent Mark (4.064s)
[2023-11-12T20:09:03.026+0000][4.064s][info ][gc,marking    ] GC(5) Concurrent Mark From Roots
[2023-11-12T20:09:03.026+0000][4.064s][info ][gc,task       ] GC(5) Using 2 workers of 2 for marking
[2023-11-12T20:09:03.035+0000][4.073s][info ][gc,marking    ] GC(5) Concurrent Mark From Roots 9.050ms
[2023-11-12T20:09:03.035+0000][4.073s][info ][gc,marking    ] GC(5) Concurrent Preclean
[2023-11-12T20:09:03.035+0000][4.073s][info ][gc,marking    ] GC(5) Concurrent Preclean 0.166ms
[2023-11-12T20:09:03.035+0000][4.073s][info ][gc,marking    ] GC(5) Concurrent Mark (4.064s, 4.073s) 9.302ms
[2023-11-12T20:09:03.035+0000][4.073s][debug][safepoint     ] Safepoint synchronization initiated. (12 threads)
[2023-11-12T20:09:03.035+0000][4.073s][info ][safepoint     ] Application time: 0.0131205 seconds
[2023-11-12T20:09:03.035+0000][4.073s][debug][safepoint     ] Waiting for 2 thread(s) to block
[2023-11-12T20:09:03.035+0000][4.073s][info ][safepoint     ] Entering safepoint region: CGC_Operation
[2023-11-12T20:09:03.035+0000][4.073s][info ][gc,start      ] GC(5) Pause Remark
[2023-11-12T20:09:03.038+0000][4.076s][info ][gc,stringtable] GC(5) Cleaned string and symbol table, strings: 8081 processed, 7 removed, symbols: 55787 processed, 114 removed
[2023-11-12T20:09:03.038+0000][4.076s][info ][gc            ] GC(5) Pause Remark 19M->19M(303M) 2.915ms
[2023-11-12T20:09:03.038+0000][4.076s][info ][gc,cpu        ] GC(5) User=0.01s Sys=0.00s Real=0.00s
[2023-11-12T20:09:03.038+0000][4.076s][info ][safepoint     ] Leaving safepoint region
[2023-11-12T20:09:03.038+0000][4.076s][info ][safepoint     ] Total time for which application threads were stopped: 0.0033038 seconds, Stopping threads took: 0.0002194 seconds
[2023-11-12T20:09:03.038+0000][4.076s][info ][gc,marking    ] GC(5) Concurrent Rebuild Remembered Sets
[2023-11-12T20:09:03.047+0000][4.085s][info ][gc,marking    ] GC(5) Concurrent Rebuild Remembered Sets 8.362ms
[2023-11-12T20:09:03.047+0000][4.085s][debug][safepoint     ] Safepoint synchronization initiated. (12 threads)
[2023-11-12T20:09:03.047+0000][4.085s][info ][safepoint     ] Application time: 0.0085266 seconds
[2023-11-12T20:09:03.047+0000][4.085s][debug][safepoint     ] ... found polling page return exception at pc = 0x00007f10dc399dc3, stub =0x00007f10d4841800
[2023-11-12T20:09:03.047+0000][4.085s][debug][safepoint     ] Waiting for 1 thread(s) to block
[2023-11-12T20:09:03.047+0000][4.085s][info ][safepoint     ] Entering safepoint region: CGC_Operation
[2023-11-12T20:09:03.047+0000][4.085s][info ][gc,start      ] GC(5) Pause Cleanup
[2023-11-12T20:09:03.047+0000][4.086s][info ][gc            ] GC(5) Pause Cleanup 21M->21M(303M) 0.185ms
[2023-11-12T20:09:03.047+0000][4.086s][info ][gc,cpu        ] GC(5) User=0.01s Sys=0.00s Real=0.00s
[2023-11-12T20:09:03.047+0000][4.086s][info ][safepoint     ] Leaving safepoint region
[2023-11-12T20:09:03.047+0000][4.086s][info ][safepoint     ] Total time for which application threads were stopped: 0.0006118 seconds, Stopping threads took: 0.0002736 seconds
[2023-11-12T20:09:03.047+0000][4.086s][info ][gc,marking    ] GC(5) Concurrent Cleanup for Next Mark
[2023-11-12T20:09:03.051+0000][4.089s][info ][gc,marking    ] GC(5) Concurrent Cleanup for Next Mark 3.465ms
[2023-11-12T20:09:03.051+0000][4.089s][info ][gc            ] GC(5) Concurrent Cycle 29.262ms
[2023-11-12T20:09:03.291+0000][4.329s][debug][safepoint     ] Safepoint synchronization initiated. (12 threads)
[2023-11-12T20:09:03.291+0000][4.329s][info ][safepoint     ] Application time: 0.2435470 seconds
[2023-11-12T20:09:03.291+0000][4.329s][debug][safepoint     ] ... found polling page return exception at pc = 0x00007f10d5343888, stub =0x00007f10d4841800
[2023-11-12T20:09:03.291+0000][4.329s][debug][safepoint     ] Waiting for 1 thread(s) to block
[2023-11-12T20:09:03.291+0000][4.329s][info ][safepoint     ] Entering safepoint region: Deoptimize
[2023-11-12T20:09:03.292+0000][4.330s][info ][safepoint     ] Leaving safepoint region
[2023-11-12T20:09:03.292+0000][4.330s][info ][safepoint     ] Total time for which application threads were stopped: 0.0006284 seconds, Stopping threads took: 0.0001366 seconds
[2023-11-12T20:09:03.787+0000][4.826s][debug][safepoint     ] Safepoint synchronization initiated. (11 threads)
[2023-11-12T20:09:03.787+0000][4.826s][info ][safepoint     ] Application time: 0.4958458 seconds
[2023-11-12T20:09:03.788+0000][4.826s][info ][safepoint     ] Entering safepoint region: G1CollectForAllocation
[2023-11-12T20:09:03.788+0000][4.826s][info ][gc,start      ] GC(6) Pause Young (Normal) (G1 Evacuation Pause)
[2023-11-12T20:09:03.788+0000][4.826s][info ][gc,task       ] GC(6) Using 6 workers of 6 for evacuation
[2023-11-12T20:09:03.823+0000][4.861s][info ][gc,phases     ] GC(6)   Pre Evacuate Collection Set: 0.0ms
[2023-11-12T20:09:03.823+0000][4.861s][info ][gc,phases     ] GC(6)   Evacuate Collection Set: 30.2ms
[2023-11-12T20:09:03.823+0000][4.861s][info ][gc,phases     ] GC(6)   Post Evacuate Collection Set: 4.7ms
[2023-11-12T20:09:03.823+0000][4.861s][info ][gc,phases     ] GC(6)   Other: 0.2ms
[2023-11-12T20:09:03.823+0000][4.861s][info ][gc,heap       ] GC(6) Eden regions: 173->0(169)
[2023-11-12T20:09:03.823+0000][4.861s][info ][gc,heap       ] GC(6) Survivor regions: 8->12(23)
[2023-11-12T20:09:03.823+0000][4.861s][info ][gc,heap       ] GC(6) Old regions: 10->10
[2023-11-12T20:09:03.823+0000][4.861s][info ][gc,heap       ] GC(6) Humongous regions: 0->0
[2023-11-12T20:09:03.823+0000][4.861s][info ][gc,metaspace  ] GC(6) Metaspace: 24027K(24956K)->24027K(24956K) NonClass: 20995K(21500K)->20995K(21500K) Class: 3031K(3456K)->3031K(3456K)
[2023-11-12T20:09:03.823+0000][4.861s][info ][gc            ] GC(6) Pause Young (Normal) (G1 Evacuation Pause) 189M->20M(303M) 35.194ms
[2023-11-12T20:09:03.823+0000][4.861s][info ][gc,cpu        ] GC(6) User=0.09s Sys=0.00s Real=0.03s
[2023-11-12T20:09:03.823+0000][4.861s][info ][safepoint     ] Leaving safepoint region
[2023-11-12T20:09:03.823+0000][4.861s][info ][safepoint     ] Total time for which application threads were stopped: 0.0354917 seconds, Stopping threads took: 0.0000175 seconds
[2023-11-12T20:09:03.823+0000][4.861s][info ][gc,stringdedup] Concurrent String Deduplication (4.861s)
[2023-11-12T20:09:03.824+0000][4.862s][info ][gc,stringdedup] Concurrent String Deduplication 132.4K->22040.0B(110.9K) avg 17.3% (4.861s, 4.862s) 0.821ms
[2023-11-12T20:09:04.493+0000][5.531s][debug][safepoint     ] Safepoint synchronization initiated. (11 threads)
[2023-11-12T20:09:04.493+0000][5.531s][info ][safepoint     ] Application time: 0.6697214 seconds
[2023-11-12T20:09:04.493+0000][5.531s][info ][safepoint     ] Entering safepoint region: ICBufferFull
[2023-11-12T20:09:04.493+0000][5.531s][info ][safepoint     ] Leaving safepoint region
[2023-11-12T20:09:04.493+0000][5.531s][info ][safepoint     ] Total time for which application threads were stopped: 0.0002439 seconds, Stopping threads took: 0.0000162 seconds
[2023-11-12T20:09:04.709+0000][5.748s][debug][safepoint     ] Safepoint synchronization initiated. (11 threads)
[2023-11-12T20:09:04.710+0000][5.748s][info ][safepoint     ] Application time: 0.2165526 seconds
[2023-11-12T20:09:04.710+0000][5.748s][info ][safepoint     ] Entering safepoint region: G1CollectForAllocation
[2023-11-12T20:09:04.710+0000][5.748s][info ][gc,start      ] GC(7) Pause Young (Normal) (G1 Evacuation Pause)
[2023-11-12T20:09:04.710+0000][5.748s][info ][gc,task       ] GC(7) Using 6 workers of 6 for evacuation
[2023-11-12T20:09:04.732+0000][5.770s][info ][gc,phases     ] GC(7)   Pre Evacuate Collection Set: 0.0ms
[2023-11-12T20:09:04.732+0000][5.770s][info ][gc,phases     ] GC(7)   Evacuate Collection Set: 20.6ms
[2023-11-12T20:09:04.732+0000][5.770s][info ][gc,phases     ] GC(7)   Post Evacuate Collection Set: 1.7ms
[2023-11-12T20:09:04.732+0000][5.770s][info ][gc,phases     ] GC(7)   Other: 0.2ms
[2023-11-12T20:09:04.732+0000][5.770s][info ][gc,heap       ] GC(7) Eden regions: 169->0(164)
[2023-11-12T20:09:04.732+0000][5.770s][info ][gc,heap       ] GC(7) Survivor regions: 12->17(23)
[2023-11-12T20:09:04.732+0000][5.770s][info ][gc,heap       ] GC(7) Old regions: 10->10
[2023-11-12T20:09:04.732+0000][5.771s][info ][gc,heap       ] GC(7) Humongous regions: 0->0
[2023-11-12T20:09:04.732+0000][5.771s][info ][gc,metaspace  ] GC(7) Metaspace: 24651K(25724K)->24651K(25724K) NonClass: 21558K(22268K)->21558K(22268K) Class: 3092K(3456K)->3092K(3456K)
[2023-11-12T20:09:04.732+0000][5.771s][info ][gc            ] GC(7) Pause Young (Normal) (G1 Evacuation Pause) 189M->24M(303M) 22.633ms
[2023-11-12T20:09:04.732+0000][5.771s][info ][gc,cpu        ] GC(7) User=0.09s Sys=0.01s Real=0.02s
[2023-11-12T20:09:04.732+0000][5.771s][info ][safepoint     ] Leaving safepoint region
[2023-11-12T20:09:04.732+0000][5.771s][info ][safepoint     ] Total time for which application threads were stopped: 0.0228889 seconds, Stopping threads took: 0.0000169 seconds
[2023-11-12T20:09:04.733+0000][5.771s][info ][gc,stringdedup] Concurrent String Deduplication (5.771s)
[2023-11-12T20:09:04.737+0000][5.775s][info ][gc,stringdedup] Concurrent String Deduplication 778.3K->722.9K(56680.0B) avg 15.2% (5.771s, 5.775s) 4.698ms
[2023-11-12T20:09:05.249+0000][6.287s][debug][safepoint     ] Safepoint synchronization initiated. (12 threads)
[2023-11-12T20:09:05.249+0000][6.288s][info ][safepoint     ] Application time: 0.5169209 seconds
[2023-11-12T20:09:05.250+0000][6.288s][debug][safepoint     ] ... found polling page loop exception at pc = 0x00007f10dc41bc37, stub =0x00007f10d4841b00
[2023-11-12T20:09:05.250+0000][6.288s][debug][safepoint     ] Waiting for 1 thread(s) to block
[2023-11-12T20:09:05.250+0000][6.288s][info ][safepoint     ] Entering safepoint region: G1CollectForAllocation
[2023-11-12T20:09:05.250+0000][6.288s][info ][gc,start      ] GC(8) Pause Young (Normal) (G1 Evacuation Pause)
[2023-11-12T20:09:05.250+0000][6.289s][info ][gc,task       ] GC(8) Using 6 workers of 6 for evacuation
[2023-11-12T20:09:05.293+0000][6.331s][info ][gc,phases     ] GC(8)   Pre Evacuate Collection Set: 0.0ms
[2023-11-12T20:09:05.293+0000][6.331s][info ][gc,phases     ] GC(8)   Evacuate Collection Set: 30.9ms
[2023-11-12T20:09:05.293+0000][6.331s][info ][gc,phases     ] GC(8)   Post Evacuate Collection Set: 11.3ms
[2023-11-12T20:09:05.293+0000][6.331s][info ][gc,phases     ] GC(8)   Other: 0.2ms
[2023-11-12T20:09:05.293+0000][6.331s][info ][gc,heap       ] GC(8) Eden regions: 164->0(166)
[2023-11-12T20:09:05.293+0000][6.331s][info ][gc,heap       ] GC(8) Survivor regions: 17->15(23)
[2023-11-12T20:09:05.293+0000][6.331s][info ][gc,heap       ] GC(8) Old regions: 10->15
[2023-11-12T20:09:05.293+0000][6.331s][info ][gc,heap       ] GC(8) Humongous regions: 0->0
[2023-11-12T20:09:05.293+0000][6.331s][info ][gc,metaspace  ] GC(8) Metaspace: 25693K(26620K)->25693K(26620K) NonClass: 22520K(23036K)->22520K(23036K) Class: 3172K(3584K)->3172K(3584K)
[2023-11-12T20:09:05.293+0000][6.331s][info ][gc            ] GC(8) Pause Young (Normal) (G1 Evacuation Pause) 188M->27M(303M) 42.643ms
[2023-11-12T20:09:05.293+0000][6.331s][info ][gc,cpu        ] GC(8) User=0.13s Sys=0.00s Real=0.04s
[2023-11-12T20:09:05.293+0000][6.331s][info ][safepoint     ] Leaving safepoint region
[2023-11-12T20:09:05.293+0000][6.331s][info ][safepoint     ] Total time for which application threads were stopped: 0.0436167 seconds, Stopping threads took: 0.0007082 seconds
[2023-11-12T20:09:05.297+0000][6.335s][info ][gc,stringdedup] Concurrent String Deduplication (6.335s)
[2023-11-12T20:09:05.313+0000][6.351s][info ][gc,stringdedup] Concurrent String Deduplication 1343.1K->706.9K(636.2K) avg 23.6% (6.335s, 6.351s) 15.489ms
[2023-11-12T20:09:05.560+0000][6.598s][debug][safepoint     ] Safepoint synchronization initiated. (12 threads)
[2023-11-12T20:09:05.560+0000][6.598s][info ][safepoint     ] Application time: 0.2672776 seconds
[2023-11-12T20:09:05.560+0000][6.599s][info ][safepoint     ] Entering safepoint region: G1CollectForAllocation
[2023-11-12T20:09:05.561+0000][6.599s][info ][gc,start      ] GC(9) Pause Young (Normal) (G1 Evacuation Pause)
[2023-11-12T20:09:05.561+0000][6.599s][info ][gc,task       ] GC(9) Using 6 workers of 6 for evacuation
[2023-11-12T20:09:05.581+0000][6.619s][info ][gc,phases     ] GC(9)   Pre Evacuate Collection Set: 0.0ms
[2023-11-12T20:09:05.581+0000][6.619s][info ][gc,phases     ] GC(9)   Evacuate Collection Set: 13.1ms
[2023-11-12T20:09:05.581+0000][6.620s][info ][gc,phases     ] GC(9)   Post Evacuate Collection Set: 7.2ms
[2023-11-12T20:09:05.581+0000][6.620s][info ][gc,phases     ] GC(9)   Other: 0.2ms
[2023-11-12T20:09:05.581+0000][6.620s][info ][gc,heap       ] GC(9) Eden regions: 166->0(239)
[2023-11-12T20:09:05.581+0000][6.620s][info ][gc,heap       ] GC(9) Survivor regions: 15->11(23)
[2023-11-12T20:09:05.581+0000][6.620s][info ][gc,heap       ] GC(9) Old regions: 15->17
[2023-11-12T20:09:05.581+0000][6.620s][info ][gc,heap       ] GC(9) Humongous regions: 0->0
[2023-11-12T20:09:05.581+0000][6.620s][info ][gc,metaspace  ] GC(9) Metaspace: 26270K(27132K)->26270K(27132K) NonClass: 23047K(23548K)->23047K(23548K) Class: 3222K(3584K)->3222K(3584K)
[2023-11-12T20:09:05.581+0000][6.620s][info ][gc            ] GC(9) Pause Young (Normal) (G1 Evacuation Pause) 193M->26M(418M) 20.866ms
[2023-11-12T20:09:05.582+0000][6.620s][info ][gc,cpu        ] GC(9) User=0.05s Sys=0.00s Real=0.02s
[2023-11-12T20:09:05.582+0000][6.620s][info ][safepoint     ] Leaving safepoint region
[2023-11-12T20:09:05.582+0000][6.620s][info ][safepoint     ] Total time for which application threads were stopped: 0.0211994 seconds, Stopping threads took: 0.0000171 seconds
[2023-11-12T20:09:05.582+0000][6.620s][info ][gc,stringdedup] Concurrent String Deduplication (6.620s)
[2023-11-12T20:09:05.591+0000][6.629s][info ][gc,stringdedup] Concurrent String Deduplication 1182.9K->361.4K(821.5K) avg 32.3% (6.620s, 6.629s) 9.327ms
[2023-11-12T20:09:06.519+0000][7.557s][debug][safepoint     ] Safepoint synchronization initiated. (11 threads)
[2023-11-12T20:09:06.519+0000][7.557s][info ][safepoint     ] Application time: 0.9372080 seconds
[2023-11-12T20:09:06.519+0000][7.557s][info ][safepoint     ] Entering safepoint region: G1CollectForAllocation
[2023-11-12T20:09:06.519+0000][7.557s][info ][gc,start      ] GC(10) Pause Young (Normal) (G1 Evacuation Pause)
[2023-11-12T20:09:06.519+0000][7.557s][info ][gc,task       ] GC(10) Using 6 workers of 6 for evacuation
[2023-11-12T20:09:06.528+0000][7.566s][info ][gc,phases     ] GC(10)   Pre Evacuate Collection Set: 0.0ms
[2023-11-12T20:09:06.528+0000][7.567s][info ][gc,phases     ] GC(10)   Evacuate Collection Set: 6.6ms
[2023-11-12T20:09:06.528+0000][7.567s][info ][gc,phases     ] GC(10)   Post Evacuate Collection Set: 2.1ms
[2023-11-12T20:09:06.528+0000][7.567s][info ][gc,phases     ] GC(10)   Other: 0.3ms
[2023-11-12T20:09:06.528+0000][7.567s][info ][gc,heap       ] GC(10) Eden regions: 239->0(237)
[2023-11-12T20:09:06.528+0000][7.567s][info ][gc,heap       ] GC(10) Survivor regions: 11->13(32)
[2023-11-12T20:09:06.528+0000][7.567s][info ][gc,heap       ] GC(10) Old regions: 17->17
[2023-11-12T20:09:06.528+0000][7.567s][info ][gc,heap       ] GC(10) Humongous regions: 0->0
[2023-11-12T20:09:06.528+0000][7.567s][info ][gc,metaspace  ] GC(10) Metaspace: 31913K(33148K)->31913K(33148K) NonClass: 28079K(28924K)->28079K(28924K) Class: 3834K(4224K)->3834K(4224K)
[2023-11-12T20:09:06.529+0000][7.567s][info ][gc            ] GC(10) Pause Young (Normal) (G1 Evacuation Pause) 265M->28M(418M) 9.227ms
[2023-11-12T20:09:06.529+0000][7.567s][info ][gc,cpu        ] GC(10) User=0.04s Sys=0.00s Real=0.01s
[2023-11-12T20:09:06.529+0000][7.567s][info ][safepoint     ] Leaving safepoint region
[2023-11-12T20:09:06.529+0000][7.567s][info ][safepoint     ] Total time for which application threads were stopped: 0.0097807 seconds, Stopping threads took: 0.0000157 seconds
[2023-11-12T20:09:06.529+0000][7.567s][info ][gc,stringdedup] Concurrent String Deduplication (7.567s)
[2023-11-12T20:09:06.533+0000][7.571s][info ][gc,stringdedup] Concurrent String Deduplication 1192.1K->260.4K(931.7K) avg 39.6% (7.567s, 7.571s) 3.972ms
[2023-11-12T20:09:06.831+0000][7.869s][debug][safepoint     ] Safepoint synchronization initiated. (11 threads)
[2023-11-12T20:09:06.831+0000][7.870s][info ][safepoint     ] Application time: 0.3027635 seconds
[2023-11-12T20:09:06.832+0000][7.870s][info ][safepoint     ] Entering safepoint region: Deoptimize
[2023-11-12T20:09:06.832+0000][7.870s][info ][safepoint     ] Leaving safepoint region
[2023-11-12T20:09:06.832+0000][7.871s][info ][safepoint     ] Total time for which application threads were stopped: 0.0008936 seconds, Stopping threads took: 0.0001601 seconds
[2023-11-12T20:09:07.254+0000][8.292s][debug][safepoint     ] Safepoint synchronization initiated. (10 threads)
[2023-11-12T20:09:07.254+0000][8.292s][info ][safepoint     ] Application time: 0.4216514 seconds
[2023-11-12T20:09:07.254+0000][8.292s][debug][safepoint     ] Waiting for 1 thread(s) to block
[2023-11-12T20:09:07.255+0000][8.293s][info ][safepoint     ] Entering safepoint region: G1CollectForAllocation
[2023-11-12T20:09:07.255+0000][8.293s][info ][gc,start      ] GC(11) Pause Young (Normal) (G1 Evacuation Pause)
[2023-11-12T20:09:07.255+0000][8.293s][info ][gc,task       ] GC(11) Using 6 workers of 6 for evacuation
[2023-11-12T20:09:07.276+0000][8.314s][info ][gc,phases     ] GC(11)   Pre Evacuate Collection Set: 0.0ms
[2023-11-12T20:09:07.276+0000][8.315s][info ][gc,phases     ] GC(11)   Evacuate Collection Set: 14.2ms
[2023-11-12T20:09:07.276+0000][8.315s][info ][gc,phases     ] GC(11)   Post Evacuate Collection Set: 6.6ms
[2023-11-12T20:09:07.276+0000][8.315s][info ][gc,phases     ] GC(11)   Other: 0.3ms
[2023-11-12T20:09:07.276+0000][8.315s][info ][gc,heap       ] GC(11) Eden regions: 237->0(236)
[2023-11-12T20:09:07.276+0000][8.315s][info ][gc,heap       ] GC(11) Survivor regions: 13->14(32)
[2023-11-12T20:09:07.276+0000][8.315s][info ][gc,heap       ] GC(11) Old regions: 17->17
[2023-11-12T20:09:07.276+0000][8.315s][info ][gc,heap       ] GC(11) Humongous regions: 0->0
[2023-11-12T20:09:07.276+0000][8.315s][info ][gc,metaspace  ] GC(11) Metaspace: 32894K(34044K)->32894K(34044K) NonClass: 28930K(29692K)->28930K(29692K) Class: 3963K(4352K)->3963K(4352K)
[2023-11-12T20:09:07.277+0000][8.315s][info ][gc            ] GC(11) Pause Young (Normal) (G1 Evacuation Pause) 265M->29M(418M) 21.290ms
[2023-11-12T20:09:07.277+0000][8.315s][info ][gc,cpu        ] GC(11) User=0.05s Sys=0.00s Real=0.02s
[2023-11-12T20:09:07.277+0000][8.315s][info ][safepoint     ] Leaving safepoint region
[2023-11-12T20:09:07.277+0000][8.315s][info ][safepoint     ] Total time for which application threads were stopped: 0.0223748 seconds, Stopping threads took: 0.0005947 seconds
[2023-11-12T20:09:07.277+0000][8.315s][info ][gc,stringdedup] Concurrent String Deduplication (8.315s)
[2023-11-12T20:09:07.277+0000][8.315s][info ][gc,stringdedup] Concurrent String Deduplication 45584.0B->10696.0B(34888.0B) avg 39.8% (8.315s, 8.315s) 0.364ms
[2023-11-12T20:09:07.306+0000][8.344s][debug][safepoint     ] Safepoint synchronization initiated. (10 threads)
[2023-11-12T20:09:07.306+0000][8.344s][info ][safepoint     ] Application time: 0.0291504 seconds
[2023-11-12T20:09:07.306+0000][8.344s][info ][safepoint     ] Entering safepoint region: Deoptimize
[2023-11-12T20:09:07.307+0000][8.345s][info ][safepoint     ] Leaving safepoint region
[2023-11-12T20:09:07.307+0000][8.345s][info ][safepoint     ] Total time for which application threads were stopped: 0.0008349 seconds, Stopping threads took: 0.0000167 seconds
[2023-11-12T20:09:07.645+0000][8.683s][debug][safepoint     ] Safepoint synchronization initiated. (11 threads)
[2023-11-12T20:09:07.645+0000][8.683s][info ][safepoint     ] Application time: 0.3381413 seconds
[2023-11-12T20:09:07.645+0000][8.683s][info ][safepoint     ] Entering safepoint region: Deoptimize
[2023-11-12T20:09:07.646+0000][8.684s][info ][safepoint     ] Leaving safepoint region
[2023-11-12T20:09:07.646+0000][8.684s][info ][safepoint     ] Total time for which application threads were stopped: 0.0007697 seconds, Stopping threads took: 0.0000171 seconds
[2023-11-12T20:09:07.654+0000][8.692s][debug][safepoint     ] Safepoint synchronization initiated. (11 threads)
[2023-11-12T20:09:07.654+0000][8.692s][info ][safepoint     ] Application time: 0.0085558 seconds
[2023-11-12T20:09:07.654+0000][8.692s][info ][safepoint     ] Entering safepoint region: Deoptimize
[2023-11-12T20:09:07.655+0000][8.693s][info ][safepoint     ] Leaving safepoint region
[2023-11-12T20:09:07.655+0000][8.693s][info ][safepoint     ] Total time for which application threads were stopped: 0.0007768 seconds, Stopping threads took: 0.0000162 seconds
[2023-11-12T20:09:07.676+0000][8.714s][debug][safepoint     ] Safepoint synchronization initiated. (11 threads)
[2023-11-12T20:09:07.676+0000][8.714s][info ][safepoint     ] Application time: 0.0213358 seconds
[2023-11-12T20:09:07.676+0000][8.714s][info ][safepoint     ] Entering safepoint region: Deoptimize
[2023-11-12T20:09:07.677+0000][8.715s][info ][safepoint     ] Leaving safepoint region
[2023-11-12T20:09:07.677+0000][8.715s][info ][safepoint     ] Total time for which application threads were stopped: 0.0006180 seconds, Stopping threads took: 0.0000163 seconds
[2023-11-12T20:09:07.733+0000][8.771s][debug][safepoint     ] Safepoint synchronization initiated. (11 threads)
[2023-11-12T20:09:07.733+0000][8.771s][info ][safepoint     ] Application time: 0.0559927 seconds
[2023-11-12T20:09:07.733+0000][8.771s][info ][safepoint     ] Entering safepoint region: Deoptimize
[2023-11-12T20:09:07.734+0000][8.772s][info ][safepoint     ] Leaving safepoint region
[2023-11-12T20:09:07.734+0000][8.772s][info ][safepoint     ] Total time for which application threads were stopped: 0.0006339 seconds, Stopping threads took: 0.0000169 seconds
[2023-11-12T20:09:07.780+0000][8.818s][debug][safepoint     ] Safepoint synchronization initiated. (11 threads)
[2023-11-12T20:09:07.780+0000][8.819s][info ][safepoint     ] Application time: 0.0468158 seconds
[2023-11-12T20:09:07.780+0000][8.819s][info ][safepoint     ] Entering safepoint region: CollectForMetadataAllocation
[2023-11-12T20:09:07.781+0000][8.819s][info ][gc,start      ] GC(12) Pause Young (Concurrent Start) (Metadata GC Threshold)
[2023-11-12T20:09:07.781+0000][8.819s][info ][gc,task       ] GC(12) Using 6 workers of 6 for evacuation
[2023-11-12T20:09:07.795+0000][8.833s][info ][gc,phases     ] GC(12)   Pre Evacuate Collection Set: 0.1ms
[2023-11-12T20:09:07.795+0000][8.833s][info ][gc,phases     ] GC(12)   Evacuate Collection Set: 12.7ms
[2023-11-12T20:09:07.795+0000][8.833s][info ][gc,phases     ] GC(12)   Post Evacuate Collection Set: 1.7ms
[2023-11-12T20:09:07.795+0000][8.834s][info ][gc,phases     ] GC(12)   Other: 0.2ms
[2023-11-12T20:09:07.795+0000][8.834s][info ][gc,heap       ] GC(12) Eden regions: 130->0(237)
[2023-11-12T20:09:07.795+0000][8.834s][info ][gc,heap       ] GC(12) Survivor regions: 14->13(32)
[2023-11-12T20:09:07.795+0000][8.834s][info ][gc,heap       ] GC(12) Old regions: 17->17
[2023-11-12T20:09:07.795+0000][8.834s][info ][gc,heap       ] GC(12) Humongous regions: 0->0
[2023-11-12T20:09:07.795+0000][8.834s][info ][gc,metaspace  ] GC(12) Metaspace: 35041K(36048K)->35041K(36048K) NonClass: 30815K(31440K)->30815K(31440K) Class: 4226K(4608K)->4226K(4608K)
[2023-11-12T20:09:07.795+0000][8.834s][info ][gc            ] GC(12) Pause Young (Concurrent Start) (Metadata GC Threshold) 159M->28M(418M) 14.919ms
[2023-11-12T20:09:07.795+0000][8.834s][info ][gc,cpu        ] GC(12) User=0.06s Sys=0.00s Real=0.02s
[2023-11-12T20:09:07.796+0000][8.834s][info ][safepoint     ] Leaving safepoint region
[2023-11-12T20:09:07.796+0000][8.834s][info ][safepoint     ] Total time for which application threads were stopped: 0.0152062 seconds, Stopping threads took: 0.0000166 seconds
[2023-11-12T20:09:07.796+0000][8.834s][info ][gc            ] GC(13) Concurrent Cycle
[2023-11-12T20:09:07.796+0000][8.834s][info ][gc,marking    ] GC(13) Concurrent Clear Claimed Marks
[2023-11-12T20:09:07.796+0000][8.835s][info ][gc,marking    ] GC(13) Concurrent Clear Claimed Marks 0.175ms
[2023-11-12T20:09:07.797+0000][8.835s][info ][gc,marking    ] GC(13) Concurrent Scan Root Regions
[2023-11-12T20:09:07.796+0000][8.834s][info ][gc,stringdedup] Concurrent String Deduplication (8.834s)
[2023-11-12T20:09:07.798+0000][8.836s][info ][gc,stringdedup] Concurrent String Deduplication 176.6K->40520.0B(137.1K) avg 40.7% (8.834s, 8.836s) 2.093ms
[2023-11-12T20:09:07.802+0000][8.840s][info ][gc,marking    ] GC(13) Concurrent Scan Root Regions 5.248ms
[2023-11-12T20:09:07.802+0000][8.840s][info ][gc,marking    ] GC(13) Concurrent Mark (8.840s)
[2023-11-12T20:09:07.802+0000][8.840s][info ][gc,marking    ] GC(13) Concurrent Mark From Roots
[2023-11-12T20:09:07.802+0000][8.840s][info ][gc,task       ] GC(13) Using 2 workers of 2 for marking
[2023-11-12T20:09:07.819+0000][8.857s][info ][gc,marking    ] GC(13) Concurrent Mark From Roots 17.020ms
[2023-11-12T20:09:07.819+0000][8.858s][info ][gc,marking    ] GC(13) Concurrent Preclean
[2023-11-12T20:09:07.820+0000][8.858s][info ][gc,marking    ] GC(13) Concurrent Preclean 0.268ms
[2023-11-12T20:09:07.820+0000][8.858s][info ][gc,marking    ] GC(13) Concurrent Mark (8.840s, 8.858s) 17.776ms
[2023-11-12T20:09:07.820+0000][8.858s][debug][safepoint     ] Safepoint synchronization initiated. (11 threads)
[2023-11-12T20:09:07.820+0000][8.858s][info ][safepoint     ] Application time: 0.0244243 seconds
[2023-11-12T20:09:07.820+0000][8.858s][debug][safepoint     ] Waiting for 1 thread(s) to block
[2023-11-12T20:09:07.820+0000][8.858s][info ][safepoint     ] Entering safepoint region: CGC_Operation
[2023-11-12T20:09:07.820+0000][8.858s][info ][gc,start      ] GC(13) Pause Remark
[2023-11-12T20:09:07.827+0000][8.866s][info ][gc,stringtable] GC(13) Cleaned string and symbol table, strings: 12669 processed, 28 removed, symbols: 122532 processed, 336 removed
[2023-11-12T20:09:07.828+0000][8.866s][info ][gc            ] GC(13) Pause Remark 32M->32M(418M) 7.670ms
[2023-11-12T20:09:07.828+0000][8.866s][info ][gc,cpu        ] GC(13) User=0.04s Sys=0.00s Real=0.01s
[2023-11-12T20:09:07.828+0000][8.866s][info ][safepoint     ] Leaving safepoint region
[2023-11-12T20:09:07.828+0000][8.866s][info ][safepoint     ] Total time for which application threads were stopped: 0.0079120 seconds, Stopping threads took: 0.0000679 seconds
[2023-11-12T20:09:07.828+0000][8.866s][info ][gc,marking    ] GC(13) Concurrent Rebuild Remembered Sets
[2023-11-12T20:09:07.837+0000][8.875s][info ][gc,marking    ] GC(13) Concurrent Rebuild Remembered Sets 8.531ms
[2023-11-12T20:09:07.837+0000][8.875s][debug][safepoint     ] Safepoint synchronization initiated. (11 threads)
[2023-11-12T20:09:07.837+0000][8.875s][info ][safepoint     ] Application time: 0.0089636 seconds
[2023-11-12T20:09:07.837+0000][8.875s][info ][safepoint     ] Entering safepoint region: CGC_Operation
[2023-11-12T20:09:07.837+0000][8.875s][info ][gc,start      ] GC(13) Pause Cleanup
[2023-11-12T20:09:07.837+0000][8.875s][info ][gc            ] GC(13) Pause Cleanup 34M->34M(418M) 0.216ms
[2023-11-12T20:09:07.837+0000][8.876s][info ][gc,cpu        ] GC(13) User=0.00s Sys=0.00s Real=0.00s
[2023-11-12T20:09:07.837+0000][8.876s][info ][safepoint     ] Leaving safepoint region
[2023-11-12T20:09:07.837+0000][8.876s][info ][safepoint     ] Total time for which application threads were stopped: 0.0004085 seconds, Stopping threads took: 0.0000174 seconds
[2023-11-12T20:09:07.838+0000][8.876s][info ][gc,marking    ] GC(13) Concurrent Cleanup for Next Mark
[2023-11-12T20:09:07.842+0000][8.880s][info ][gc,marking    ] GC(13) Concurrent Cleanup for Next Mark 4.000ms
[2023-11-12T20:09:07.842+0000][8.880s][info ][gc            ] GC(13) Concurrent Cycle 45.947ms
[2023-11-12T20:09:08.028+0000][9.066s][debug][safepoint     ] Safepoint synchronization initiated. (11 threads)
[2023-11-12T20:09:08.028+0000][9.066s][info ][safepoint     ] Application time: 0.1904615 seconds
[2023-11-12T20:09:08.028+0000][9.066s][info ][safepoint     ] Entering safepoint region: Deoptimize
[2023-11-12T20:09:08.028+0000][9.067s][info ][safepoint     ] Leaving safepoint region
[2023-11-12T20:09:08.028+0000][9.067s][info ][safepoint     ] Total time for which application threads were stopped: 0.0006198 seconds, Stopping threads took: 0.0000155 seconds
[2023-11-12T20:09:08.485+0000][9.523s][debug][safepoint     ] Safepoint synchronization initiated. (11 threads)
[2023-11-12T20:09:08.485+0000][9.523s][info ][safepoint     ] Application time: 0.4564792 seconds
[2023-11-12T20:09:08.485+0000][9.523s][info ][safepoint     ] Entering safepoint region: Deoptimize
[2023-11-12T20:09:08.490+0000][9.528s][info ][safepoint     ] Leaving safepoint region
[2023-11-12T20:09:08.490+0000][9.528s][info ][safepoint     ] Total time for which application threads were stopped: 0.0050169 seconds, Stopping threads took: 0.0000198 seconds
[2023-11-12T20:09:08.755+0000][9.793s][debug][safepoint     ] Safepoint synchronization initiated. (11 threads)
[2023-11-12T20:09:08.755+0000][9.793s][info ][safepoint     ] Application time: 0.2647889 seconds
[2023-11-12T20:09:08.755+0000][9.793s][info ][safepoint     ] Entering safepoint region: G1CollectForAllocation
[2023-11-12T20:09:08.755+0000][9.793s][info ][gc,start      ] GC(14) Pause Young (Normal) (G1 Evacuation Pause)
[2023-11-12T20:09:08.755+0000][9.793s][info ][gc,task       ] GC(14) Using 6 workers of 6 for evacuation
[2023-11-12T20:09:08.768+0000][9.806s][info ][gc,phases     ] GC(14)   Pre Evacuate Collection Set: 0.0ms
[2023-11-12T20:09:08.768+0000][9.806s][info ][gc,phases     ] GC(14)   Evacuate Collection Set: 10.8ms
[2023-11-12T20:09:08.768+0000][9.806s][info ][gc,phases     ] GC(14)   Post Evacuate Collection Set: 1.8ms
[2023-11-12T20:09:08.768+0000][9.806s][info ][gc,phases     ] GC(14)   Other: 0.2ms
[2023-11-12T20:09:08.768+0000][9.806s][info ][gc,heap       ] GC(14) Eden regions: 237->0(235)
[2023-11-12T20:09:08.768+0000][9.806s][info ][gc,heap       ] GC(14) Survivor regions: 13->15(32)
[2023-11-12T20:09:08.768+0000][9.806s][info ][gc,heap       ] GC(14) Old regions: 17->17
[2023-11-12T20:09:08.768+0000][9.806s][info ][gc,heap       ] GC(14) Humongous regions: 0->0
[2023-11-12T20:09:08.768+0000][9.806s][info ][gc,metaspace  ] GC(14) Metaspace: 38300K(39376K)->38300K(39376K) NonClass: 33610K(34256K)->33610K(34256K) Class: 4690K(5120K)->4690K(5120K)
[2023-11-12T20:09:08.768+0000][9.806s][info ][gc            ] GC(14) Pause Young (Normal) (G1 Evacuation Pause) 265M->30M(418M) 12.957ms
[2023-11-12T20:09:08.768+0000][9.806s][info ][gc,cpu        ] GC(14) User=0.05s Sys=0.00s Real=0.01s
[2023-11-12T20:09:08.768+0000][9.806s][info ][safepoint     ] Leaving safepoint region
[2023-11-12T20:09:08.768+0000][9.806s][info ][safepoint     ] Total time for which application threads were stopped: 0.0132455 seconds, Stopping threads took: 0.0000160 seconds
[2023-11-12T20:09:08.768+0000][9.806s][info ][gc,stringdedup] Concurrent String Deduplication (9.806s)
[2023-11-12T20:09:08.770+0000][9.809s][info ][gc,stringdedup] Concurrent String Deduplication 512.0K->262.1K(249.9K) avg 41.2% (9.806s, 9.809s) 2.222ms
[2023-11-12T20:09:09.529+0000][10.567s][debug][safepoint     ] Safepoint synchronization initiated. (11 threads)
[2023-11-12T20:09:09.529+0000][10.567s][info ][safepoint     ] Application time: 0.7607143 seconds
[2023-11-12T20:09:09.529+0000][10.567s][info ][safepoint     ] Entering safepoint region: ICBufferFull
[2023-11-12T20:09:09.529+0000][10.567s][info ][safepoint     ] Leaving safepoint region
[2023-11-12T20:09:09.529+0000][10.567s][info ][safepoint     ] Total time for which application threads were stopped: 0.0002619 seconds, Stopping threads took: 0.0000170 seconds
[2023-11-12T20:09:09.804+0000][10.842s][debug][safepoint     ] Safepoint synchronization initiated. (11 threads)
[2023-11-12T20:09:09.804+0000][10.842s][info ][safepoint     ] Application time: 0.2748751 seconds
[2023-11-12T20:09:09.804+0000][10.842s][info ][safepoint     ] Entering safepoint region: Deoptimize
[2023-11-12T20:09:09.805+0000][10.843s][info ][safepoint     ] Leaving safepoint region
[2023-11-12T20:09:09.805+0000][10.843s][info ][safepoint     ] Total time for which application threads were stopped: 0.0008608 seconds, Stopping threads took: 0.0000170 seconds
[2023-11-12T20:09:09.819+0000][10.858s][debug][safepoint     ] Safepoint synchronization initiated. (11 threads)
[2023-11-12T20:09:09.819+0000][10.858s][info ][safepoint     ] Application time: 0.0145181 seconds
[2023-11-12T20:09:09.819+0000][10.858s][info ][safepoint     ] Entering safepoint region: Deoptimize
[2023-11-12T20:09:09.820+0000][10.858s][info ][safepoint     ] Leaving safepoint region
[2023-11-12T20:09:09.820+0000][10.858s][info ][safepoint     ] Total time for which application threads were stopped: 0.0006457 seconds, Stopping threads took: 0.0000164 seconds
[2023-11-12T20:09:09.847+0000][10.886s][debug][safepoint     ] Safepoint synchronization initiated. (11 threads)
[2023-11-12T20:09:09.848+0000][10.886s][info ][safepoint     ] Application time: 0.0274367 seconds
[2023-11-12T20:09:09.848+0000][10.886s][info ][safepoint     ] Entering safepoint region: Deoptimize
[2023-11-12T20:09:09.848+0000][10.886s][info ][safepoint     ] Leaving safepoint region
[2023-11-12T20:09:09.848+0000][10.886s][info ][safepoint     ] Total time for which application threads were stopped: 0.0006841 seconds, Stopping threads took: 0.0000157 seconds
[2023-11-12T20:09:10.050+0000][11.088s][debug][safepoint     ] Safepoint synchronization initiated. (11 threads)
[2023-11-12T20:09:10.050+0000][11.088s][info ][safepoint     ] Application time: 0.2017610 seconds
[2023-11-12T20:09:10.050+0000][11.088s][debug][safepoint     ] Waiting for 1 thread(s) to block
[2023-11-12T20:09:10.050+0000][11.088s][info ][safepoint     ] Entering safepoint region: G1CollectForAllocation
[2023-11-12T20:09:10.050+0000][11.088s][info ][gc,start      ] GC(15) Pause Young (Normal) (G1 Evacuation Pause)
[2023-11-12T20:09:10.050+0000][11.088s][info ][gc,task       ] GC(15) Using 6 workers of 6 for evacuation
[2023-11-12T20:09:10.078+0000][11.116s][info ][gc,phases     ] GC(15)   Pre Evacuate Collection Set: 0.0ms
[2023-11-12T20:09:10.078+0000][11.116s][info ][gc,phases     ] GC(15)   Evacuate Collection Set: 20.4ms
[2023-11-12T20:09:10.078+0000][11.116s][info ][gc,phases     ] GC(15)   Post Evacuate Collection Set: 6.8ms
[2023-11-12T20:09:10.078+0000][11.116s][info ][gc,phases     ] GC(15)   Other: 0.2ms
[2023-11-12T20:09:10.078+0000][11.116s][info ][gc,heap       ] GC(15) Eden regions: 235->0(284)
[2023-11-12T20:09:10.078+0000][11.116s][info ][gc,heap       ] GC(15) Survivor regions: 15->17(32)
[2023-11-12T20:09:10.078+0000][11.116s][info ][gc,heap       ] GC(15) Old regions: 17->17
[2023-11-12T20:09:10.078+0000][11.116s][info ][gc,heap       ] GC(15) Humongous regions: 0->0
[2023-11-12T20:09:10.078+0000][11.116s][info ][gc,metaspace  ] GC(15) Metaspace: 42875K(44112K)->42875K(44112K) NonClass: 37574K(38352K)->37574K(38352K) Class: 5301K(5760K)->5301K(5760K)
[2023-11-12T20:09:10.078+0000][11.116s][info ][gc            ] GC(15) Pause Young (Normal) (G1 Evacuation Pause) 265M->32M(502M) 27.609ms
[2023-11-12T20:09:10.078+0000][11.116s][info ][gc,cpu        ] GC(15) User=0.08s Sys=0.00s Real=0.03s
[2023-11-12T20:09:10.078+0000][11.116s][info ][safepoint     ] Leaving safepoint region
[2023-11-12T20:09:10.078+0000][11.116s][info ][safepoint     ] Total time for which application threads were stopped: 0.0278614 seconds, Stopping threads took: 0.0000488 seconds
[2023-11-12T20:09:10.082+0000][11.120s][info ][gc,stringdedup] Concurrent String Deduplication (11.120s)
[2023-11-12T20:09:10.083+0000][11.121s][info ][gc,stringdedup] Concurrent String Deduplication 110.8K->34920.0B(78544.0B) avg 41.5% (11.120s, 11.121s) 0.914ms
[2023-11-12T20:09:10.259+0000][11.297s][debug][safepoint     ] Safepoint synchronization initiated. (11 threads)
[2023-11-12T20:09:10.259+0000][11.297s][info ][safepoint     ] Application time: 0.1807770 seconds
[2023-11-12T20:09:10.259+0000][11.297s][debug][safepoint     ] Waiting for 1 thread(s) to block
[2023-11-12T20:09:10.259+0000][11.297s][info ][safepoint     ] Entering safepoint region: Deoptimize
[2023-11-12T20:09:10.259+0000][11.298s][info ][safepoint     ] Leaving safepoint region
[2023-11-12T20:09:10.260+0000][11.298s][info ][safepoint     ] Total time for which application threads were stopped: 0.0007964 seconds, Stopping threads took: 0.0000527 seconds
[2023-11-12T20:09:10.261+0000][11.299s][debug][safepoint     ] Safepoint synchronization initiated. (11 threads)
[2023-11-12T20:09:10.261+0000][11.299s][info ][safepoint     ] Application time: 0.0010876 seconds
[2023-11-12T20:09:10.261+0000][11.299s][debug][safepoint     ] Waiting for 1 thread(s) to block
[2023-11-12T20:09:10.261+0000][11.299s][info ][safepoint     ] Entering safepoint region: Deoptimize
[2023-11-12T20:09:10.261+0000][11.299s][info ][safepoint     ] Leaving safepoint region
[2023-11-12T20:09:10.261+0000][11.299s][info ][safepoint     ] Total time for which application threads were stopped: 0.0003612 seconds, Stopping threads took: 0.0000471 seconds
[2023-11-12T20:09:10.372+0000][11.410s][debug][safepoint     ] Safepoint synchronization initiated. (11 threads)
[2023-11-12T20:09:10.372+0000][11.410s][info ][safepoint     ] Application time: 0.1108638 seconds
[2023-11-12T20:09:10.372+0000][11.410s][debug][safepoint     ] Waiting for 1 thread(s) to block
[2023-11-12T20:09:10.372+0000][11.410s][info ][safepoint     ] Entering safepoint region: Deoptimize
[2023-11-12T20:09:10.373+0000][11.411s][info ][safepoint     ] Leaving safepoint region
[2023-11-12T20:09:10.373+0000][11.411s][info ][safepoint     ] Total time for which application threads were stopped: 0.0007791 seconds, Stopping threads took: 0.0000489 seconds
[2023-11-12T20:09:10.810+0000][11.848s][debug][safepoint     ] Safepoint synchronization initiated. (11 threads)
[2023-11-12T20:09:10.810+0000][11.848s][info ][safepoint     ] Application time: 0.4369374 seconds
[2023-11-12T20:09:10.810+0000][11.848s][debug][safepoint     ] Waiting for 1 thread(s) to block
[2023-11-12T20:09:10.810+0000][11.848s][info ][safepoint     ] Entering safepoint region: Deoptimize
[2023-11-12T20:09:10.811+0000][11.849s][info ][safepoint     ] Leaving safepoint region
[2023-11-12T20:09:10.811+0000][11.849s][info ][safepoint     ] Total time for which application threads were stopped: 0.0009281 seconds, Stopping threads took: 0.0000512 seconds
[2023-11-12T20:09:10.811+0000][11.849s][debug][safepoint     ] Safepoint synchronization initiated. (11 threads)
[2023-11-12T20:09:10.811+0000][11.849s][info ][safepoint     ] Application time: 0.0006809 seconds
[2023-11-12T20:09:10.811+0000][11.849s][debug][safepoint     ] Waiting for 1 thread(s) to block
[2023-11-12T20:09:10.811+0000][11.849s][info ][safepoint     ] Entering safepoint region: Deoptimize
[2023-11-12T20:09:10.812+0000][11.850s][info ][safepoint     ] Leaving safepoint region
[2023-11-12T20:09:10.812+0000][11.850s][info ][safepoint     ] Total time for which application threads were stopped: 0.0003442 seconds, Stopping threads took: 0.0000456 seconds
[2023-11-12T20:09:11.005+0000][12.043s][debug][safepoint     ] Safepoint synchronization initiated. (11 threads)
[2023-11-12T20:09:11.005+0000][12.043s][info ][safepoint     ] Application time: 0.1931281 seconds
[2023-11-12T20:09:11.005+0000][12.043s][debug][safepoint     ] Waiting for 1 thread(s) to block
[2023-11-12T20:09:11.005+0000][12.043s][info ][safepoint     ] Entering safepoint region: Deoptimize
[2023-11-12T20:09:11.006+0000][12.044s][info ][safepoint     ] Leaving safepoint region
[2023-11-12T20:09:11.006+0000][12.044s][info ][safepoint     ] Total time for which application threads were stopped: 0.0008673 seconds, Stopping threads took: 0.0000472 seconds
[2023-11-12T20:09:11.151+0000][12.189s][debug][safepoint     ] Safepoint synchronization initiated. (11 threads)
[2023-11-12T20:09:11.151+0000][12.189s][info ][safepoint     ] Application time: 0.1449579 seconds
[2023-11-12T20:09:11.151+0000][12.189s][debug][safepoint     ] Waiting for 1 thread(s) to block
[2023-11-12T20:09:11.151+0000][12.189s][info ][safepoint     ] Entering safepoint region: Deoptimize
[2023-11-12T20:09:11.151+0000][12.190s][info ][safepoint     ] Leaving safepoint region
[2023-11-12T20:09:11.152+0000][12.190s][info ][safepoint     ] Total time for which application threads were stopped: 0.0008401 seconds, Stopping threads took: 0.0000612 seconds
[2023-11-12T20:09:11.507+0000][12.545s][debug][safepoint     ] Safepoint synchronization initiated. (11 threads)
[2023-11-12T20:09:11.507+0000][12.545s][info ][safepoint     ] Application time: 0.3554233 seconds
[2023-11-12T20:09:11.507+0000][12.545s][debug][safepoint     ] Waiting for 1 thread(s) to block
[2023-11-12T20:09:11.507+0000][12.545s][info ][safepoint     ] Entering safepoint region: Deoptimize
[2023-11-12T20:09:11.508+0000][12.546s][info ][safepoint     ] Leaving safepoint region
[2023-11-12T20:09:11.508+0000][12.546s][info ][safepoint     ] Total time for which application threads were stopped: 0.0008565 seconds, Stopping threads took: 0.0000613 seconds
[2023-11-12T20:09:12.508+0000][13.546s][debug][safepoint     ] Safepoint synchronization initiated. (14 threads)
[2023-11-12T20:09:12.508+0000][13.546s][info ][safepoint     ] Application time: 1.0002711 seconds
[2023-11-12T20:09:12.508+0000][13.546s][info ][safepoint     ] Entering safepoint region: Cleanup
[2023-11-12T20:09:12.508+0000][13.547s][info ][safepoint     ] Leaving safepoint region
[2023-11-12T20:09:12.508+0000][13.547s][info ][safepoint     ] Total time for which application threads were stopped: 0.0003180 seconds, Stopping threads took: 0.0000396 seconds
[2023-11-12T20:09:12.637+0000][13.675s][debug][safepoint     ] Safepoint synchronization initiated. (14 threads)
[2023-11-12T20:09:12.637+0000][13.676s][info ][safepoint     ] Application time: 0.1288600 seconds
[2023-11-12T20:09:12.637+0000][13.676s][debug][safepoint     ] Waiting for 2 thread(s) to block
[2023-11-12T20:09:12.637+0000][13.676s][info ][safepoint     ] Entering safepoint region: Deoptimize
[2023-11-12T20:09:12.639+0000][13.677s][info ][safepoint     ] Leaving safepoint region
[2023-11-12T20:09:12.639+0000][13.677s][info ][safepoint     ] Total time for which application threads were stopped: 0.0014367 seconds, Stopping threads took: 0.0001235 seconds
[2023-11-12T20:09:13.433+0000][14.472s][debug][safepoint     ] Safepoint synchronization initiated. (14 threads)
[2023-11-12T20:09:13.434+0000][14.472s][info ][safepoint     ] Application time: 0.7946779 seconds
[2023-11-12T20:09:13.434+0000][14.472s][debug][safepoint     ] Waiting for 1 thread(s) to block
[2023-11-12T20:09:13.434+0000][14.472s][info ][safepoint     ] Entering safepoint region: ICBufferFull
[2023-11-12T20:09:13.434+0000][14.472s][info ][safepoint     ] Leaving safepoint region
[2023-11-12T20:09:13.434+0000][14.472s][info ][safepoint     ] Total time for which application threads were stopped: 0.0002977 seconds, Stopping threads took: 0.0000535 seconds
[2023-11-12T20:09:13.453+0000][14.491s][debug][safepoint     ] Safepoint synchronization initiated. (14 threads)
[2023-11-12T20:09:13.453+0000][14.491s][info ][safepoint     ] Application time: 0.0193577 seconds
[2023-11-12T20:09:13.453+0000][14.491s][debug][safepoint     ] Waiting for 1 thread(s) to block
[2023-11-12T20:09:13.453+0000][14.491s][info ][safepoint     ] Entering safepoint region: G1CollectForAllocation
[2023-11-12T20:09:13.454+0000][14.492s][info ][gc,start      ] GC(16) Pause Young (Normal) (G1 Evacuation Pause)
[2023-11-12T20:09:13.454+0000][14.492s][info ][gc,task       ] GC(16) Using 6 workers of 6 for evacuation
[2023-11-12T20:09:13.504+0000][14.542s][info ][gc,phases     ] GC(16)   Pre Evacuate Collection Set: 0.0ms
[2023-11-12T20:09:13.504+0000][14.542s][info ][gc,phases     ] GC(16)   Evacuate Collection Set: 41.7ms
[2023-11-12T20:09:13.504+0000][14.542s][info ][gc,phases     ] GC(16)   Post Evacuate Collection Set: 8.5ms
[2023-11-12T20:09:13.504+0000][14.542s][info ][gc,phases     ] GC(16)   Other: 0.3ms
[2023-11-12T20:09:13.504+0000][14.542s][info ][gc,heap       ] GC(16) Eden regions: 284->0(279)
[2023-11-12T20:09:13.504+0000][14.542s][info ][gc,heap       ] GC(16) Survivor regions: 17->22(38)
[2023-11-12T20:09:13.504+0000][14.542s][info ][gc,heap       ] GC(16) Old regions: 17->17
[2023-11-12T20:09:13.504+0000][14.542s][info ][gc,heap       ] GC(16) Humongous regions: 0->0
[2023-11-12T20:09:13.504+0000][14.542s][info ][gc,metaspace  ] GC(16) Metaspace: 52642K(54096K)->52642K(54096K) NonClass: 46159K(47056K)->46159K(47056K) Class: 6482K(7040K)->6482K(7040K)
[2023-11-12T20:09:13.504+0000][14.542s][info ][gc            ] GC(16) Pause Young (Normal) (G1 Evacuation Pause) 316M->37M(502M) 50.705ms
[2023-11-12T20:09:13.504+0000][14.543s][info ][gc,cpu        ] GC(16) User=0.19s Sys=0.00s Real=0.05s
[2023-11-12T20:09:13.504+0000][14.543s][info ][safepoint     ] Leaving safepoint region
[2023-11-12T20:09:13.504+0000][14.543s][info ][safepoint     ] Total time for which application threads were stopped: 0.0511312 seconds, Stopping threads took: 0.0000537 seconds
[2023-11-12T20:09:13.505+0000][14.543s][info ][gc,stringdedup] Concurrent String Deduplication (14.543s)
[2023-11-12T20:09:13.507+0000][14.545s][info ][gc,stringdedup] Concurrent String Deduplication 281.8K->64824.0B(218.5K) avg 42.7% (14.543s, 14.545s) 1.985ms
[2023-11-12T20:09:14.512+0000][15.551s][debug][safepoint     ] Safepoint synchronization initiated. (14 threads)
[2023-11-12T20:09:14.512+0000][15.551s][info ][safepoint     ] Application time: 1.0080146 seconds
[2023-11-12T20:09:14.516+0000][15.554s][debug][safepoint     ] ... found polling page loop exception at pc = 0x00007f10dc487ba1, stub =0x00007f10d4841b00
[2023-11-12T20:09:14.517+0000][15.556s][debug][safepoint     ] Waiting for 2 thread(s) to block
[2023-11-12T20:09:14.517+0000][15.556s][info ][safepoint     ] Entering safepoint region: Cleanup
[2023-11-12T20:09:14.518+0000][15.556s][info ][safepoint     ] Leaving safepoint region
[2023-11-12T20:09:14.518+0000][15.556s][info ][safepoint     ] Total time for which application threads were stopped: 0.0052944 seconds, Stopping threads took: 0.0050530 seconds
[2023-11-12T20:09:14.660+0000][15.698s][debug][safepoint     ] Safepoint synchronization initiated. (14 threads)
[2023-11-12T20:09:14.660+0000][15.698s][info ][safepoint     ] Application time: 0.1419826 seconds
[2023-11-12T20:09:14.660+0000][15.698s][debug][safepoint     ] Waiting for 1 thread(s) to block
[2023-11-12T20:09:14.660+0000][15.698s][info ][safepoint     ] Entering safepoint region: G1CollectForAllocation
[2023-11-12T20:09:14.660+0000][15.698s][info ][gc,start      ] GC(17) Pause Young (Normal) (G1 Evacuation Pause)
[2023-11-12T20:09:14.660+0000][15.698s][info ][gc,task       ] GC(17) Using 6 workers of 6 for evacuation
[2023-11-12T20:09:14.698+0000][15.737s][info ][gc,phases     ] GC(17)   Pre Evacuate Collection Set: 0.0ms
[2023-11-12T20:09:14.699+0000][15.737s][info ][gc,phases     ] GC(17)   Evacuate Collection Set: 34.8ms
[2023-11-12T20:09:14.699+0000][15.737s][info ][gc,phases     ] GC(17)   Post Evacuate Collection Set: 3.5ms
[2023-11-12T20:09:14.699+0000][15.737s][info ][gc,phases     ] GC(17)   Other: 0.2ms
[2023-11-12T20:09:14.699+0000][15.737s][info ][gc,heap       ] GC(17) Eden regions: 279->0(280)
[2023-11-12T20:09:14.699+0000][15.737s][info ][gc,heap       ] GC(17) Survivor regions: 22->21(38)
[2023-11-12T20:09:14.699+0000][15.737s][info ][gc,heap       ] GC(17) Old regions: 17->21
[2023-11-12T20:09:14.699+0000][15.737s][info ][gc,heap       ] GC(17) Humongous regions: 0->0
[2023-11-12T20:09:14.699+0000][15.737s][info ][gc,metaspace  ] GC(17) Metaspace: 57690K(59216K)->57690K(59216K) NonClass: 50383K(51408K)->50383K(51408K) Class: 7307K(7808K)->7307K(7808K)
[2023-11-12T20:09:14.699+0000][15.737s][info ][gc            ] GC(17) Pause Young (Normal) (G1 Evacuation Pause) 316M->39M(502M) 38.707ms
[2023-11-12T20:09:14.699+0000][15.737s][info ][gc,cpu        ] GC(17) User=0.14s Sys=0.00s Real=0.04s
[2023-11-12T20:09:14.699+0000][15.737s][info ][safepoint     ] Leaving safepoint region
[2023-11-12T20:09:14.699+0000][15.737s][info ][safepoint     ] Total time for which application threads were stopped: 0.0389841 seconds, Stopping threads took: 0.0000502 seconds
[2023-11-12T20:09:14.699+0000][15.737s][info ][gc,stringdedup] Concurrent String Deduplication (15.737s)
[2023-11-12T20:09:14.701+0000][15.739s][info ][gc,stringdedup] Concurrent String Deduplication 244.5K->104.5K(140.0K) avg 43.1% (15.737s, 15.739s) 2.087ms
[2023-11-12T20:09:14.893+0000][15.931s][debug][safepoint     ] Safepoint synchronization initiated. (14 threads)
[2023-11-12T20:09:14.893+0000][15.931s][info ][safepoint     ] Application time: 0.1940822 seconds
[2023-11-12T20:09:14.893+0000][15.931s][debug][safepoint     ] Waiting for 1 thread(s) to block
[2023-11-12T20:09:14.893+0000][15.931s][info ][safepoint     ] Entering safepoint region: CollectForMetadataAllocation
[2023-11-12T20:09:14.893+0000][15.932s][info ][gc,start      ] GC(18) Pause Young (Concurrent Start) (Metadata GC Threshold)
[2023-11-12T20:09:14.894+0000][15.932s][info ][gc,task       ] GC(18) Using 6 workers of 6 for evacuation
[2023-11-12T20:09:14.913+0000][15.951s][info ][gc,phases     ] GC(18)   Pre Evacuate Collection Set: 0.1ms
[2023-11-12T20:09:14.913+0000][15.952s][info ][gc,phases     ] GC(18)   Evacuate Collection Set: 17.3ms
[2023-11-12T20:09:14.914+0000][15.952s][info ][gc,phases     ] GC(18)   Post Evacuate Collection Set: 1.8ms
[2023-11-12T20:09:14.914+0000][15.952s][info ][gc,phases     ] GC(18)   Other: 0.5ms
[2023-11-12T20:09:14.914+0000][15.952s][info ][gc,heap       ] GC(18) Eden regions: 41->0(284)
[2023-11-12T20:09:14.914+0000][15.952s][info ][gc,heap       ] GC(18) Survivor regions: 21->17(38)
[2023-11-12T20:09:14.914+0000][15.952s][info ][gc,heap       ] GC(18) Old regions: 21->24
[2023-11-12T20:09:14.914+0000][15.953s][info ][gc,heap       ] GC(18) Humongous regions: 0->0
[2023-11-12T20:09:14.915+0000][15.953s][info ][gc,metaspace  ] GC(18) Metaspace: 59177K(60496K)->59177K(60496K) NonClass: 51684K(52432K)->51684K(52432K) Class: 7492K(8064K)->7492K(8064K)
[2023-11-12T20:09:14.915+0000][15.953s][info ][gc            ] GC(18) Pause Young (Concurrent Start) (Metadata GC Threshold) 80M->39M(502M) 21.298ms
[2023-11-12T20:09:14.915+0000][15.953s][info ][gc,cpu        ] GC(18) User=0.07s Sys=0.00s Real=0.03s
[2023-11-12T20:09:14.915+0000][15.953s][info ][gc            ] GC(19) Concurrent Cycle
[2023-11-12T20:09:14.915+0000][15.953s][info ][gc,marking    ] GC(19) Concurrent Clear Claimed Marks
[2023-11-12T20:09:14.915+0000][15.953s][info ][gc,marking    ] GC(19) Concurrent Clear Claimed Marks 0.128ms
[2023-11-12T20:09:14.915+0000][15.953s][info ][gc,marking    ] GC(19) Concurrent Scan Root Regions
[2023-11-12T20:09:14.915+0000][15.954s][info ][safepoint     ] Leaving safepoint region
[2023-11-12T20:09:14.916+0000][15.954s][info ][safepoint     ] Total time for which application threads were stopped: 0.0225795 seconds, Stopping threads took: 0.0002898 seconds
[2023-11-12T20:09:14.916+0000][15.954s][info ][gc,stringdedup] Concurrent String Deduplication (15.954s)
[2023-11-12T20:09:14.920+0000][15.958s][info ][gc,stringdedup] Concurrent String Deduplication 440.6K->193.7K(246.9K) avg 43.7% (15.954s, 15.958s) 4.227ms
[2023-11-12T20:09:14.924+0000][15.962s][info ][gc,marking    ] GC(19) Concurrent Scan Root Regions 8.786ms
[2023-11-12T20:09:14.924+0000][15.962s][info ][gc,marking    ] GC(19) Concurrent Mark (15.962s)
[2023-11-12T20:09:14.924+0000][15.962s][info ][gc,marking    ] GC(19) Concurrent Mark From Roots
[2023-11-12T20:09:14.924+0000][15.962s][info ][gc,task       ] GC(19) Using 2 workers of 2 for marking
[2023-11-12T20:09:14.946+0000][15.985s][debug][safepoint     ] Safepoint synchronization initiated. (13 threads)
[2023-11-12T20:09:14.947+0000][15.985s][info ][safepoint     ] Application time: 0.0309333 seconds
[2023-11-12T20:09:14.947+0000][15.985s][info ][safepoint     ] Entering safepoint region: CollectForMetadataAllocation
[2023-11-12T20:09:14.947+0000][15.985s][info ][safepoint     ] Leaving safepoint region
[2023-11-12T20:09:14.947+0000][15.985s][info ][safepoint     ] Total time for which application threads were stopped: 0.0004535 seconds, Stopping threads took: 0.0001232 seconds
[2023-11-12T20:09:14.951+0000][15.990s][info ][gc,marking    ] GC(19) Concurrent Mark From Roots 27.405ms
[2023-11-12T20:09:14.951+0000][15.990s][info ][gc,marking    ] GC(19) Concurrent Preclean
[2023-11-12T20:09:14.952+0000][15.990s][info ][gc,marking    ] GC(19) Concurrent Preclean 0.284ms
[2023-11-12T20:09:14.952+0000][15.990s][info ][gc,marking    ] GC(19) Concurrent Mark (15.962s, 15.990s) 27.772ms
[2023-11-12T20:09:14.952+0000][15.990s][debug][safepoint     ] Safepoint synchronization initiated. (13 threads)
[2023-11-12T20:09:14.952+0000][15.990s][info ][safepoint     ] Application time: 0.0045489 seconds
[2023-11-12T20:09:14.952+0000][15.990s][debug][safepoint     ] ... found polling page loop exception at pc = 0x00007f10dc41c33c, stub =0x00007f10d4841b00
[2023-11-12T20:09:14.952+0000][15.990s][debug][safepoint     ] Waiting for 1 thread(s) to block
[2023-11-12T20:09:14.952+0000][15.991s][info ][safepoint     ] Entering safepoint region: CGC_Operation
[2023-11-12T20:09:14.953+0000][15.991s][info ][gc,start      ] GC(19) Pause Remark
[2023-11-12T20:09:14.959+0000][15.997s][info ][gc,stringtable] GC(19) Cleaned string and symbol table, strings: 23496 processed, 2 removed, symbols: 192721 processed, 178 removed
[2023-11-12T20:09:14.959+0000][15.997s][info ][gc            ] GC(19) Pause Remark 44M->44M(502M) 6.695ms
[2023-11-12T20:09:14.959+0000][15.997s][info ][gc,cpu        ] GC(19) User=0.03s Sys=0.00s Real=0.01s
[2023-11-12T20:09:14.959+0000][15.997s][info ][safepoint     ] Leaving safepoint region
[2023-11-12T20:09:14.959+0000][15.997s][info ][safepoint     ] Total time for which application threads were stopped: 0.0074363 seconds, Stopping threads took: 0.0005462 seconds
[2023-11-12T20:09:14.959+0000][15.998s][info ][gc,marking    ] GC(19) Concurrent Rebuild Remembered Sets
[2023-11-12T20:09:14.983+0000][16.021s][info ][gc,marking    ] GC(19) Concurrent Rebuild Remembered Sets 23.964ms
[2023-11-12T20:09:14.983+0000][16.022s][debug][safepoint     ] Safepoint synchronization initiated. (14 threads)
[2023-11-12T20:09:14.983+0000][16.022s][info ][safepoint     ] Application time: 0.0241165 seconds
[2023-11-12T20:09:14.983+0000][16.022s][debug][safepoint     ] Waiting for 2 thread(s) to block
[2023-11-12T20:09:14.984+0000][16.022s][info ][safepoint     ] Entering safepoint region: CGC_Operation
[2023-11-12T20:09:14.984+0000][16.022s][info ][gc,start      ] GC(19) Pause Cleanup
[2023-11-12T20:09:14.984+0000][16.022s][info ][gc            ] GC(19) Pause Cleanup 46M->46M(502M) 0.217ms
[2023-11-12T20:09:14.984+0000][16.022s][info ][gc,cpu        ] GC(19) User=0.00s Sys=0.00s Real=0.00s
[2023-11-12T20:09:14.984+0000][16.022s][info ][safepoint     ] Leaving safepoint region
[2023-11-12T20:09:14.984+0000][16.022s][info ][safepoint     ] Total time for which application threads were stopped: 0.0006081 seconds, Stopping threads took: 0.0002321 seconds
[2023-11-12T20:09:14.984+0000][16.022s][info ][gc,marking    ] GC(19) Concurrent Cleanup for Next Mark
[2023-11-12T20:09:14.987+0000][16.025s][info ][gc,marking    ] GC(19) Concurrent Cleanup for Next Mark 2.422ms
[2023-11-12T20:09:14.987+0000][16.025s][info ][gc            ] GC(19) Concurrent Cycle 71.578ms
[2023-11-12T20:09:15.581+0000][16.619s][debug][safepoint     ] Safepoint synchronization initiated. (16 threads)
[2023-11-12T20:09:15.581+0000][16.619s][info ][safepoint     ] Application time: 0.5966764 seconds
[2023-11-12T20:09:15.581+0000][16.619s][info ][safepoint     ] Entering safepoint region: ICBufferFull
[2023-11-12T20:09:15.581+0000][16.619s][info ][safepoint     ] Leaving safepoint region
[2023-11-12T20:09:15.581+0000][16.619s][info ][safepoint     ] Total time for which application threads were stopped: 0.0002581 seconds, Stopping threads took: 0.0000196 seconds
[2023-11-12T20:09:15.766+0000][16.804s][debug][safepoint     ] Safepoint synchronization initiated. (16 threads)
[2023-11-12T20:09:15.766+0000][16.804s][info ][safepoint     ] Application time: 0.1847426 seconds
[2023-11-12T20:09:15.766+0000][16.804s][info ][safepoint     ] Entering safepoint region: Deoptimize
[2023-11-12T20:09:15.771+0000][16.809s][info ][safepoint     ] Leaving safepoint region
[2023-11-12T20:09:15.771+0000][16.809s][info ][safepoint     ] Total time for which application threads were stopped: 0.0050174 seconds, Stopping threads took: 0.0000195 seconds
[2023-11-12T20:09:16.227+0000][17.265s][debug][safepoint     ] Safepoint synchronization initiated. (16 threads)
[2023-11-12T20:09:16.227+0000][17.265s][info ][safepoint     ] Application time: 0.4559055 seconds
[2023-11-12T20:09:16.227+0000][17.265s][debug][safepoint     ] Waiting for 1 thread(s) to block
[2023-11-12T20:09:16.227+0000][17.265s][info ][safepoint     ] Entering safepoint region: ICBufferFull
[2023-11-12T20:09:16.227+0000][17.265s][info ][safepoint     ] Leaving safepoint region
[2023-11-12T20:09:16.227+0000][17.265s][info ][safepoint     ] Total time for which application threads were stopped: 0.0003746 seconds, Stopping threads took: 0.0001318 seconds
[2023-11-12T20:09:16.652+0000][17.690s][debug][safepoint     ] Safepoint synchronization initiated. (16 threads)
[2023-11-12T20:09:16.652+0000][17.690s][info ][safepoint     ] Application time: 0.4247088 seconds
[2023-11-12T20:09:16.652+0000][17.690s][info ][safepoint     ] Entering safepoint region: G1CollectForAllocation
[2023-11-12T20:09:16.653+0000][17.691s][info ][gc,start      ] GC(20) Pause Young (Concurrent Start) (G1 Evacuation Pause)
[2023-11-12T20:09:16.653+0000][17.691s][info ][gc,task       ] GC(20) Using 6 workers of 6 for evacuation
[2023-11-12T20:09:16.689+0000][17.727s][info ][gc,phases     ] GC(20)   Pre Evacuate Collection Set: 0.2ms
[2023-11-12T20:09:16.689+0000][17.727s][info ][gc,phases     ] GC(20)   Evacuate Collection Set: 30.8ms
[2023-11-12T20:09:16.689+0000][17.727s][info ][gc,phases     ] GC(20)   Post Evacuate Collection Set: 4.8ms
[2023-11-12T20:09:16.689+0000][17.727s][info ][gc,phases     ] GC(20)   Other: 0.3ms
[2023-11-12T20:09:16.689+0000][17.727s][info ][gc,heap       ] GC(20) Eden regions: 284->0(280)
[2023-11-12T20:09:16.689+0000][17.727s][info ][gc,heap       ] GC(20) Survivor regions: 17->21(38)
[2023-11-12T20:09:16.689+0000][17.727s][info ][gc,heap       ] GC(20) Old regions: 24->25
[2023-11-12T20:09:16.689+0000][17.727s][info ][gc,heap       ] GC(20) Humongous regions: 0->0
[2023-11-12T20:09:16.689+0000][17.727s][info ][gc,metaspace  ] GC(20) Metaspace: 67074K(68688K)->67074K(68688K) NonClass: 58539K(59600K)->58539K(59600K) Class: 8534K(9088K)->8534K(9088K)
[2023-11-12T20:09:16.689+0000][17.727s][info ][gc            ] GC(20) Pause Young (Concurrent Start) (G1 Evacuation Pause) 323M->44M(502M) 36.348ms
[2023-11-12T20:09:16.689+0000][17.727s][info ][gc,cpu        ] GC(20) User=0.09s Sys=0.00s Real=0.04s
[2023-11-12T20:09:16.689+0000][17.727s][info ][safepoint     ] Leaving safepoint region
[2023-11-12T20:09:16.689+0000][17.727s][info ][safepoint     ] Total time for which application threads were stopped: 0.0370946 seconds, Stopping threads took: 0.0000190 seconds
[2023-11-12T20:09:16.690+0000][17.728s][info ][gc,stringdedup] Concurrent String Deduplication (17.728s)
[2023-11-12T20:09:16.692+0000][17.730s][info ][gc,stringdedup] Concurrent String Deduplication 153.8K->36144.0B(118.5K) avg 44.3% (17.728s, 17.730s) 1.756ms
[2023-11-12T20:09:16.694+0000][17.732s][info ][gc            ] GC(21) Concurrent Cycle
[2023-11-12T20:09:16.694+0000][17.732s][info ][gc,marking    ] GC(21) Concurrent Clear Claimed Marks
[2023-11-12T20:09:16.694+0000][17.732s][info ][gc,marking    ] GC(21) Concurrent Clear Claimed Marks 0.160ms
[2023-11-12T20:09:16.694+0000][17.732s][info ][gc,marking    ] GC(21) Concurrent Scan Root Regions
[2023-11-12T20:09:16.718+0000][17.756s][info ][gc,marking    ] GC(21) Concurrent Scan Root Regions 23.741ms
[2023-11-12T20:09:16.718+0000][17.756s][info ][gc,marking    ] GC(21) Concurrent Mark (17.756s)
[2023-11-12T20:09:16.718+0000][17.756s][info ][gc,marking    ] GC(21) Concurrent Mark From Roots
[2023-11-12T20:09:16.718+0000][17.756s][info ][gc,task       ] GC(21) Using 2 workers of 2 for marking
[2023-11-12T20:09:16.749+0000][17.787s][info ][gc,marking    ] GC(21) Concurrent Mark From Roots 30.593ms
[2023-11-12T20:09:16.749+0000][17.787s][info ][gc,marking    ] GC(21) Concurrent Preclean
[2023-11-12T20:09:16.749+0000][17.787s][info ][gc,marking    ] GC(21) Concurrent Preclean 0.199ms
[2023-11-12T20:09:16.749+0000][17.787s][info ][gc,marking    ] GC(21) Concurrent Mark (17.756s, 17.787s) 30.896ms
[2023-11-12T20:09:16.749+0000][17.787s][debug][safepoint     ] Safepoint synchronization initiated. (16 threads)
[2023-11-12T20:09:16.749+0000][17.787s][info ][safepoint     ] Application time: 0.0599934 seconds
[2023-11-12T20:09:16.749+0000][17.787s][debug][safepoint     ] ... found polling page return exception at pc = 0x00007f10dc358875, stub =0x00007f10d4841800
[2023-11-12T20:09:16.749+0000][17.787s][debug][safepoint     ] Waiting for 1 thread(s) to block
[2023-11-12T20:09:16.749+0000][17.787s][info ][safepoint     ] Entering safepoint region: CGC_Operation
[2023-11-12T20:09:16.749+0000][17.787s][info ][gc,start      ] GC(21) Pause Remark
[2023-11-12T20:09:16.773+0000][17.811s][info ][gc,stringtable] GC(21) Cleaned string and symbol table, strings: 26715 processed, 0 removed, symbols: 212154 processed, 19 removed
[2023-11-12T20:09:16.774+0000][17.812s][info ][gc            ] GC(21) Pause Remark 57M->57M(502M) 24.169ms
[2023-11-12T20:09:16.774+0000][17.812s][info ][gc,cpu        ] GC(21) User=0.06s Sys=0.00s Real=0.02s
[2023-11-12T20:09:16.774+0000][17.812s][info ][safepoint     ] Leaving safepoint region
[2023-11-12T20:09:16.774+0000][17.812s][info ][safepoint     ] Total time for which application threads were stopped: 0.0245637 seconds, Stopping threads took: 0.0001744 seconds
[2023-11-12T20:09:16.774+0000][17.812s][info ][gc,marking    ] GC(21) Concurrent Rebuild Remembered Sets
[2023-11-12T20:09:16.792+0000][17.830s][info ][gc,marking    ] GC(21) Concurrent Rebuild Remembered Sets 18.195ms
[2023-11-12T20:09:16.792+0000][17.830s][debug][safepoint     ] Safepoint synchronization initiated. (16 threads)
[2023-11-12T20:09:16.792+0000][17.830s][info ][safepoint     ] Application time: 0.0183522 seconds
[2023-11-12T20:09:16.792+0000][17.830s][debug][safepoint     ] Waiting for 1 thread(s) to block
[2023-11-12T20:09:16.792+0000][17.830s][info ][safepoint     ] Entering safepoint region: CGC_Operation
[2023-11-12T20:09:16.792+0000][17.830s][info ][gc,start      ] GC(21) Pause Cleanup
[2023-11-12T20:09:16.792+0000][17.831s][info ][gc            ] GC(21) Pause Cleanup 63M->63M(502M) 0.224ms
[2023-11-12T20:09:16.792+0000][17.831s][info ][gc,cpu        ] GC(21) User=0.00s Sys=0.00s Real=0.00s
[2023-11-12T20:09:16.792+0000][17.831s][info ][safepoint     ] Leaving safepoint region
[2023-11-12T20:09:16.792+0000][17.831s][info ][safepoint     ] Total time for which application threads were stopped: 0.0004520 seconds, Stopping threads took: 0.0000800 seconds
[2023-11-12T20:09:16.792+0000][17.831s][info ][gc,marking    ] GC(21) Concurrent Cleanup for Next Mark
[2023-11-12T20:09:16.795+0000][17.833s][info ][gc,marking    ] GC(21) Concurrent Cleanup for Next Mark 2.597ms
[2023-11-12T20:09:16.795+0000][17.833s][info ][gc            ] GC(21) Concurrent Cycle 101.137ms
[2023-11-12T20:09:17.196+0000][18.234s][debug][safepoint     ] Safepoint synchronization initiated. (16 threads)
[2023-11-12T20:09:17.196+0000][18.234s][info ][safepoint     ] Application time: 0.4037052 seconds
[2023-11-12T20:09:17.196+0000][18.234s][info ][safepoint     ] Entering safepoint region: ICBufferFull
[2023-11-12T20:09:17.196+0000][18.235s][info ][safepoint     ] Leaving safepoint region
[2023-11-12T20:09:17.196+0000][18.235s][info ][safepoint     ] Total time for which application threads were stopped: 0.0002377 seconds, Stopping threads took: 0.0000191 seconds
[2023-11-12T20:09:17.300+0000][18.338s][debug][safepoint     ] Safepoint synchronization initiated. (16 threads)
[2023-11-12T20:09:17.300+0000][18.338s][info ][safepoint     ] Application time: 0.1037650 seconds
[2023-11-12T20:09:17.300+0000][18.338s][info ][safepoint     ] Entering safepoint region: ICBufferFull
[2023-11-12T20:09:17.300+0000][18.339s][info ][safepoint     ] Leaving safepoint region
[2023-11-12T20:09:17.300+0000][18.339s][info ][safepoint     ] Total time for which application threads were stopped: 0.0002891 seconds, Stopping threads took: 0.0000194 seconds
[2023-11-12T20:09:17.377+0000][18.415s][debug][safepoint     ] Safepoint synchronization initiated. (16 threads)
[2023-11-12T20:09:17.377+0000][18.415s][info ][safepoint     ] Application time: 0.0760941 seconds
[2023-11-12T20:09:17.377+0000][18.415s][info ][safepoint     ] Entering safepoint region: ICBufferFull
[2023-11-12T20:09:17.377+0000][18.415s][info ][safepoint     ] Leaving safepoint region
[2023-11-12T20:09:17.377+0000][18.415s][info ][safepoint     ] Total time for which application threads were stopped: 0.0003883 seconds, Stopping threads took: 0.0001701 seconds
[2023-11-12T20:09:17.437+0000][18.475s][debug][safepoint     ] Safepoint synchronization initiated. (16 threads)
[2023-11-12T20:09:17.437+0000][18.475s][info ][safepoint     ] Application time: 0.0595566 seconds
[2023-11-12T20:09:17.437+0000][18.475s][debug][safepoint     ] Waiting for 2 thread(s) to block
[2023-11-12T20:09:17.437+0000][18.475s][info ][safepoint     ] Entering safepoint region: ICBufferFull
[2023-11-12T20:09:17.437+0000][18.475s][info ][safepoint     ] Leaving safepoint region
[2023-11-12T20:09:17.437+0000][18.475s][info ][safepoint     ] Total time for which application threads were stopped: 0.0003992 seconds, Stopping threads took: 0.0001595 seconds
[2023-11-12T20:09:17.608+0000][18.646s][debug][safepoint     ] Safepoint synchronization initiated. (16 threads)
[2023-11-12T20:09:17.608+0000][18.646s][info ][safepoint     ] Application time: 0.1710056 seconds
[2023-11-12T20:09:17.608+0000][18.646s][info ][safepoint     ] Entering safepoint region: ICBufferFull
[2023-11-12T20:09:17.608+0000][18.646s][info ][safepoint     ] Leaving safepoint region
[2023-11-12T20:09:17.608+0000][18.646s][info ][safepoint     ] Total time for which application threads were stopped: 0.0002325 seconds, Stopping threads took: 0.0000186 seconds
[2023-11-12T20:09:17.931+0000][18.969s][debug][safepoint     ] Safepoint synchronization initiated. (16 threads)
[2023-11-12T20:09:17.931+0000][18.969s][info ][safepoint     ] Application time: 0.3228856 seconds
[2023-11-12T20:09:17.931+0000][18.969s][info ][safepoint     ] Entering safepoint region: ICBufferFull
[2023-11-12T20:09:17.931+0000][18.970s][info ][safepoint     ] Leaving safepoint region
[2023-11-12T20:09:17.931+0000][18.970s][info ][safepoint     ] Total time for which application threads were stopped: 0.0002422 seconds, Stopping threads took: 0.0000214 seconds
[2023-11-12T20:09:18.154+0000][19.192s][debug][safepoint     ] Safepoint synchronization initiated. (15 threads)
[2023-11-12T20:09:18.154+0000][19.192s][info ][safepoint     ] Application time: 0.2223999 seconds
[2023-11-12T20:09:18.154+0000][19.192s][info ][safepoint     ] Entering safepoint region: G1CollectForAllocation
[2023-11-12T20:09:18.154+0000][19.192s][info ][gc,start      ] GC(22) Pause Young (Normal) (G1 Evacuation Pause)
[2023-11-12T20:09:18.154+0000][19.192s][info ][gc,task       ] GC(22) Using 6 workers of 6 for evacuation
[2023-11-12T20:09:18.187+0000][19.225s][info ][gc,phases     ] GC(22)   Pre Evacuate Collection Set: 0.0ms
[2023-11-12T20:09:18.187+0000][19.226s][info ][gc,phases     ] GC(22)   Evacuate Collection Set: 25.4ms
[2023-11-12T20:09:18.188+0000][19.226s][info ][gc,phases     ] GC(22)   Post Evacuate Collection Set: 7.5ms
[2023-11-12T20:09:18.188+0000][19.226s][info ][gc,phases     ] GC(22)   Other: 0.2ms
[2023-11-12T20:09:18.188+0000][19.226s][info ][gc,heap       ] GC(22) Eden regions: 280->0(351)
[2023-11-12T20:09:18.188+0000][19.226s][info ][gc,heap       ] GC(22) Survivor regions: 21->23(38)
[2023-11-12T20:09:18.188+0000][19.226s][info ][gc,heap       ] GC(22) Old regions: 25->26
[2023-11-12T20:09:18.188+0000][19.226s][info ][gc,heap       ] GC(22) Humongous regions: 0->0
[2023-11-12T20:09:18.188+0000][19.226s][info ][gc,metaspace  ] GC(22) Metaspace: 70838K(72656K)->70838K(72656K) NonClass: 61770K(62928K)->61770K(62928K) Class: 9068K(9728K)->9068K(9728K)
[2023-11-12T20:09:18.188+0000][19.227s][info ][gc            ] GC(22) Pause Young (Normal) (G1 Evacuation Pause) 324M->46M(624M) 34.274ms
[2023-11-12T20:09:18.189+0000][19.227s][info ][gc,cpu        ] GC(22) User=0.10s Sys=0.01s Real=0.03s
[2023-11-12T20:09:18.189+0000][19.227s][info ][safepoint     ] Leaving safepoint region
[2023-11-12T20:09:18.189+0000][19.227s][info ][safepoint     ] Total time for which application threads were stopped: 0.0349734 seconds, Stopping threads took: 0.0000178 seconds
[2023-11-12T20:09:18.189+0000][19.227s][info ][gc,stringdedup] Concurrent String Deduplication (19.227s)
[2023-11-12T20:09:18.190+0000][19.228s][info ][gc,stringdedup] Concurrent String Deduplication 62912.0B->45000.0B(17912.0B) avg 44.2% (19.227s, 19.228s) 0.927ms
[2023-11-12T20:09:18.424+0000][19.463s][debug][safepoint     ] Safepoint synchronization initiated. (16 threads)
[2023-11-12T20:09:18.425+0000][19.463s][info ][safepoint     ] Application time: 0.2356597 seconds
[2023-11-12T20:09:18.425+0000][19.463s][info ][safepoint     ] Entering safepoint region: Deoptimize
[2023-11-12T20:09:18.426+0000][19.464s][info ][safepoint     ] Leaving safepoint region
[2023-11-12T20:09:18.426+0000][19.464s][info ][safepoint     ] Total time for which application threads were stopped: 0.0015173 seconds, Stopping threads took: 0.0001299 seconds
[2023-11-12T20:09:18.428+0000][19.466s][debug][safepoint     ] Safepoint synchronization initiated. (16 threads)
[2023-11-12T20:09:18.428+0000][19.466s][info ][safepoint     ] Application time: 0.0013084 seconds
[2023-11-12T20:09:18.428+0000][19.466s][info ][safepoint     ] Entering safepoint region: Deoptimize
[2023-11-12T20:09:18.428+0000][19.467s][info ][safepoint     ] Leaving safepoint region
[2023-11-12T20:09:18.429+0000][19.467s][info ][safepoint     ] Total time for which application threads were stopped: 0.0006842 seconds, Stopping threads took: 0.0001246 seconds
[2023-11-12T20:09:18.813+0000][19.851s][debug][safepoint     ] Safepoint synchronization initiated. (16 threads)
[2023-11-12T20:09:18.813+0000][19.851s][info ][safepoint     ] Application time: 0.3844026 seconds
[2023-11-12T20:09:18.813+0000][19.851s][info ][safepoint     ] Entering safepoint region: Deoptimize
[2023-11-12T20:09:18.817+0000][19.855s][info ][safepoint     ] Leaving safepoint region
[2023-11-12T20:09:18.817+0000][19.855s][info ][safepoint     ] Total time for which application threads were stopped: 0.0040125 seconds, Stopping threads took: 0.0000189 seconds
[2023-11-12T20:09:19.090+0000][20.128s][debug][safepoint     ] Safepoint synchronization initiated. (16 threads)
[2023-11-12T20:09:19.090+0000][20.128s][info ][safepoint     ] Application time: 0.2727413 seconds
[2023-11-12T20:09:19.090+0000][20.128s][info ][safepoint     ] Entering safepoint region: Deoptimize
[2023-11-12T20:09:19.091+0000][20.129s][info ][safepoint     ] Leaving safepoint region
[2023-11-12T20:09:19.091+0000][20.129s][info ][safepoint     ] Total time for which application threads were stopped: 0.0013628 seconds, Stopping threads took: 0.0000196 seconds
[2023-11-12T20:09:19.290+0000][20.328s][debug][safepoint     ] Safepoint synchronization initiated. (16 threads)
[2023-11-12T20:09:19.290+0000][20.328s][info ][safepoint     ] Application time: 0.1988341 seconds
[2023-11-12T20:09:19.290+0000][20.328s][info ][safepoint     ] Entering safepoint region: Deoptimize
[2023-11-12T20:09:19.291+0000][20.329s][info ][safepoint     ] Leaving safepoint region
[2023-11-12T20:09:19.291+0000][20.329s][info ][safepoint     ] Total time for which application threads were stopped: 0.0011974 seconds, Stopping threads took: 0.0000188 seconds
[2023-11-12T20:09:19.531+0000][20.569s][debug][safepoint     ] Safepoint synchronization initiated. (16 threads)
[2023-11-12T20:09:19.531+0000][20.569s][info ][safepoint     ] Application time: 0.2400248 seconds
[2023-11-12T20:09:19.531+0000][20.570s][debug][safepoint     ] Waiting for 2 thread(s) to block
[2023-11-12T20:09:19.531+0000][20.570s][info ][safepoint     ] Entering safepoint region: ICBufferFull
[2023-11-12T20:09:19.532+0000][20.570s][info ][safepoint     ] Leaving safepoint region
[2023-11-12T20:09:19.532+0000][20.570s][info ][safepoint     ] Total time for which application threads were stopped: 0.0003046 seconds, Stopping threads took: 0.0000913 seconds
[2023-11-12T20:09:19.795+0000][20.833s][debug][safepoint     ] Safepoint synchronization initiated. (16 threads)
[2023-11-12T20:09:19.795+0000][20.834s][info ][safepoint     ] Application time: 0.2637114 seconds
[2023-11-12T20:09:19.795+0000][20.834s][debug][safepoint     ] Waiting for 1 thread(s) to block
[2023-11-12T20:09:19.795+0000][20.834s][info ][safepoint     ] Entering safepoint region: ICBufferFull
[2023-11-12T20:09:19.796+0000][20.834s][info ][safepoint     ] Leaving safepoint region
[2023-11-12T20:09:19.796+0000][20.834s][info ][safepoint     ] Total time for which application threads were stopped: 0.0002952 seconds, Stopping threads took: 0.0000944 seconds
[2023-11-12T20:09:20.010+0000][21.048s][debug][safepoint     ] Safepoint synchronization initiated. (16 threads)
[2023-11-12T20:09:20.010+0000][21.048s][info ][safepoint     ] Application time: 0.2144090 seconds
[2023-11-12T20:09:20.010+0000][21.048s][info ][safepoint     ] Entering safepoint region: ICBufferFull
[2023-11-12T20:09:20.010+0000][21.049s][info ][safepoint     ] Leaving safepoint region
[2023-11-12T20:09:20.010+0000][21.049s][info ][safepoint     ] Total time for which application threads were stopped: 0.0002683 seconds, Stopping threads took: 0.0000339 seconds
[2023-11-12T20:09:20.327+0000][21.365s][debug][safepoint     ] Safepoint synchronization initiated. (15 threads)
[2023-11-12T20:09:20.327+0000][21.365s][info ][safepoint     ] Application time: 0.3166730 seconds
[2023-11-12T20:09:20.327+0000][21.365s][debug][safepoint     ] Waiting for 1 thread(s) to block
[2023-11-12T20:09:20.327+0000][21.365s][info ][safepoint     ] Entering safepoint region: ICBufferFull
[2023-11-12T20:09:20.327+0000][21.366s][info ][safepoint     ] Leaving safepoint region
[2023-11-12T20:09:20.327+0000][21.366s][info ][safepoint     ] Total time for which application threads were stopped: 0.0002907 seconds, Stopping threads took: 0.0000506 seconds
[2023-11-12T20:09:20.651+0000][21.689s][debug][safepoint     ] Safepoint synchronization initiated. (15 threads)
[2023-11-12T20:09:20.651+0000][21.690s][info ][safepoint     ] Application time: 0.3240491 seconds
[2023-11-12T20:09:20.652+0000][21.690s][debug][safepoint     ] Waiting for 1 thread(s) to block
[2023-11-12T20:09:20.652+0000][21.690s][info ][safepoint     ] Entering safepoint region: G1CollectForAllocation
[2023-11-12T20:09:20.652+0000][21.690s][info ][gc,start      ] GC(23) Pause Young (Normal) (G1 Evacuation Pause)
[2023-11-12T20:09:20.652+0000][21.690s][info ][gc,task       ] GC(23) Using 6 workers of 6 for evacuation
[2023-11-12T20:09:20.679+0000][21.717s][info ][gc,phases     ] GC(23)   Pre Evacuate Collection Set: 0.0ms
[2023-11-12T20:09:20.679+0000][21.718s][info ][gc,phases     ] GC(23)   Evacuate Collection Set: 24.1ms
[2023-11-12T20:09:20.679+0000][21.718s][info ][gc,phases     ] GC(23)   Post Evacuate Collection Set: 2.7ms
[2023-11-12T20:09:20.679+0000][21.718s][info ][gc,phases     ] GC(23)   Other: 0.5ms
[2023-11-12T20:09:20.679+0000][21.718s][info ][gc,heap       ] GC(23) Eden regions: 351->0(346)
[2023-11-12T20:09:20.679+0000][21.718s][info ][gc,heap       ] GC(23) Survivor regions: 23->28(47)
[2023-11-12T20:09:20.679+0000][21.718s][info ][gc,heap       ] GC(23) Old regions: 26->26
[2023-11-12T20:09:20.679+0000][21.718s][info ][gc,heap       ] GC(23) Humongous regions: 0->0
[2023-11-12T20:09:20.680+0000][21.718s][info ][gc,metaspace  ] GC(23) Metaspace: 78474K(80464K)->78474K(80464K) NonClass: 68602K(69840K)->68602K(69840K) Class: 9871K(10624K)->9871K(10624K)
[2023-11-12T20:09:20.680+0000][21.718s][info ][gc            ] GC(23) Pause Young (Normal) (G1 Evacuation Pause) 397M->51M(624M) 27.508ms
[2023-11-12T20:09:20.680+0000][21.718s][info ][gc,cpu        ] GC(23) User=0.12s Sys=0.00s Real=0.03s
[2023-11-12T20:09:20.680+0000][21.718s][info ][safepoint     ] Leaving safepoint region
[2023-11-12T20:09:20.680+0000][21.718s][info ][safepoint     ] Total time for which application threads were stopped: 0.0280133 seconds, Stopping threads took: 0.0002875 seconds
[2023-11-12T20:09:20.680+0000][21.718s][info ][gc,stringdedup] Concurrent String Deduplication (21.718s)
[2023-11-12T20:09:20.682+0000][21.720s][info ][gc,stringdedup] Concurrent String Deduplication 300.2K->67576.0B(234.2K) avg 45.2% (21.718s, 21.720s) 2.082ms
[2023-11-12T20:09:21.094+0000][22.132s][debug][safepoint     ] Safepoint synchronization initiated. (15 threads)
[2023-11-12T20:09:21.094+0000][22.132s][info ][safepoint     ] Application time: 0.4143201 seconds
[2023-11-12T20:09:21.094+0000][22.132s][debug][safepoint     ] Waiting for 1 thread(s) to block
[2023-11-12T20:09:21.094+0000][22.132s][info ][safepoint     ] Entering safepoint region: ICBufferFull
[2023-11-12T20:09:21.094+0000][22.132s][info ][safepoint     ] Leaving safepoint region
[2023-11-12T20:09:21.094+0000][22.132s][info ][safepoint     ] Total time for which application threads were stopped: 0.0003410 seconds, Stopping threads took: 0.0001055 seconds
[2023-11-12T20:09:21.158+0000][22.197s][debug][safepoint     ] Safepoint synchronization initiated. (15 threads)
[2023-11-12T20:09:21.159+0000][22.197s][info ][safepoint     ] Application time: 0.0641982 seconds
[2023-11-12T20:09:21.159+0000][22.197s][info ][safepoint     ] Entering safepoint region: ICBufferFull
[2023-11-12T20:09:21.159+0000][22.197s][info ][safepoint     ] Leaving safepoint region
[2023-11-12T20:09:21.159+0000][22.197s][info ][safepoint     ] Total time for which application threads were stopped: 0.0002367 seconds, Stopping threads took: 0.0000194 seconds
[2023-11-12T20:09:21.447+0000][22.486s][debug][safepoint     ] Safepoint synchronization initiated. (15 threads)
[2023-11-12T20:09:21.447+0000][22.486s][info ][safepoint     ] Application time: 0.2886607 seconds
[2023-11-12T20:09:21.447+0000][22.486s][info ][safepoint     ] Entering safepoint region: ICBufferFull
[2023-11-12T20:09:21.448+0000][22.486s][info ][safepoint     ] Leaving safepoint region
[2023-11-12T20:09:21.448+0000][22.486s][info ][safepoint     ] Total time for which application threads were stopped: 0.0002433 seconds, Stopping threads took: 0.0000202 seconds
[2023-11-12T20:09:21.719+0000][22.758s][debug][safepoint     ] Safepoint synchronization initiated. (15 threads)
[2023-11-12T20:09:21.720+0000][22.758s][info ][safepoint     ] Application time: 0.2718132 seconds
[2023-11-12T20:09:21.720+0000][22.758s][info ][safepoint     ] Entering safepoint region: Deoptimize
[2023-11-12T20:09:21.721+0000][22.759s][info ][safepoint     ] Leaving safepoint region
[2023-11-12T20:09:21.721+0000][22.759s][info ][safepoint     ] Total time for which application threads were stopped: 0.0014252 seconds, Stopping threads took: 0.0000185 seconds
[2023-11-12T20:09:22.399+0000][23.438s][debug][safepoint     ] Safepoint synchronization initiated. (16 threads)
[2023-11-12T20:09:22.399+0000][23.438s][info ][safepoint     ] Application time: 0.6784340 seconds
[2023-11-12T20:09:22.399+0000][23.438s][info ][safepoint     ] Entering safepoint region: Deoptimize
[2023-11-12T20:09:22.401+0000][23.439s][info ][safepoint     ] Leaving safepoint region
[2023-11-12T20:09:22.401+0000][23.439s][info ][safepoint     ] Total time for which application threads were stopped: 0.0014490 seconds, Stopping threads took: 0.0000184 seconds
[2023-11-12T20:09:22.537+0000][23.575s][debug][safepoint     ] Safepoint synchronization initiated. (20 threads)
[2023-11-12T20:09:22.537+0000][23.575s][info ][safepoint     ] Application time: 0.1362248 seconds
[2023-11-12T20:09:22.537+0000][23.575s][info ][safepoint     ] Entering safepoint region: ICBufferFull
[2023-11-12T20:09:22.537+0000][23.576s][info ][safepoint     ] Leaving safepoint region
[2023-11-12T20:09:22.537+0000][23.576s][info ][safepoint     ] Total time for which application threads were stopped: 0.0002278 seconds, Stopping threads took: 0.0000211 seconds
[2023-11-12T20:09:22.655+0000][23.693s][debug][safepoint     ] Safepoint synchronization initiated. (20 threads)
[2023-11-12T20:09:22.655+0000][23.693s][info ][safepoint     ] Application time: 0.1172355 seconds
[2023-11-12T20:09:22.655+0000][23.693s][info ][safepoint     ] Entering safepoint region: G1CollectForAllocation
[2023-11-12T20:09:22.655+0000][23.693s][info ][gc,start      ] GC(24) Pause Young (Normal) (G1 Evacuation Pause)
[2023-11-12T20:09:22.655+0000][23.693s][info ][gc,task       ] GC(24) Using 6 workers of 6 for evacuation
[2023-11-12T20:09:22.692+0000][23.731s][info ][gc,phases     ] GC(24)   Pre Evacuate Collection Set: 0.0ms
[2023-11-12T20:09:22.692+0000][23.731s][info ][gc,phases     ] GC(24)   Evacuate Collection Set: 34.3ms
[2023-11-12T20:09:22.692+0000][23.731s][info ][gc,phases     ] GC(24)   Post Evacuate Collection Set: 2.8ms
[2023-11-12T20:09:22.692+0000][23.731s][info ][gc,phases     ] GC(24)   Other: 0.3ms
[2023-11-12T20:09:22.692+0000][23.731s][info ][gc,heap       ] GC(24) Eden regions: 346->0(341)
[2023-11-12T20:09:22.692+0000][23.731s][info ][gc,heap       ] GC(24) Survivor regions: 28->33(47)
[2023-11-12T20:09:22.693+0000][23.731s][info ][gc,heap       ] GC(24) Old regions: 26->30
[2023-11-12T20:09:22.693+0000][23.731s][info ][gc,heap       ] GC(24) Humongous regions: 0->0
[2023-11-12T20:09:22.693+0000][23.731s][info ][gc,metaspace  ] GC(24) Metaspace: 82574K(84816K)->82574K(84816K) NonClass: 72290K(73680K)->72290K(73680K) Class: 10283K(11136K)->10283K(11136K)
[2023-11-12T20:09:22.693+0000][23.731s][info ][gc            ] GC(24) Pause Young (Normal) (G1 Evacuation Pause) 397M->61M(624M) 37.683ms
[2023-11-12T20:09:22.693+0000][23.731s][info ][gc,cpu        ] GC(24) User=0.15s Sys=0.00s Real=0.03s
[2023-11-12T20:09:22.693+0000][23.731s][info ][safepoint     ] Leaving safepoint region
[2023-11-12T20:09:22.693+0000][23.731s][info ][safepoint     ] Total time for which application threads were stopped: 0.0379745 seconds, Stopping threads took: 0.0000199 seconds
[2023-11-12T20:09:22.693+0000][23.731s][info ][gc,stringdedup] Concurrent String Deduplication (23.731s)
[2023-11-12T20:09:22.695+0000][23.733s][info ][gc,stringdedup] Concurrent String Deduplication 245.2K->164.6K(82512.0B) avg 44.9% (23.731s, 23.733s) 1.801ms
[2023-11-12T20:09:22.927+0000][23.965s][debug][safepoint     ] Safepoint synchronization initiated. (20 threads)
[2023-11-12T20:09:22.927+0000][23.965s][info ][safepoint     ] Application time: 0.2343753 seconds
[2023-11-12T20:09:22.927+0000][23.965s][info ][safepoint     ] Entering safepoint region: ICBufferFull
[2023-11-12T20:09:22.927+0000][23.965s][info ][safepoint     ] Leaving safepoint region
[2023-11-12T20:09:22.927+0000][23.965s][info ][safepoint     ] Total time for which application threads were stopped: 0.0002506 seconds, Stopping threads took: 0.0000198 seconds
[2023-11-12T20:09:23.265+0000][24.303s][debug][safepoint     ] Safepoint synchronization initiated. (20 threads)
[2023-11-12T20:09:23.265+0000][24.303s][info ][safepoint     ] Application time: 0.3377130 seconds
[2023-11-12T20:09:23.265+0000][24.303s][info ][safepoint     ] Entering safepoint region: ICBufferFull
[2023-11-12T20:09:23.265+0000][24.303s][info ][safepoint     ] Leaving safepoint region
[2023-11-12T20:09:23.265+0000][24.303s][info ][safepoint     ] Total time for which application threads were stopped: 0.0002370 seconds, Stopping threads took: 0.0000203 seconds
[2023-11-12T20:09:23.695+0000][24.733s][debug][safepoint     ] Safepoint synchronization initiated. (20 threads)
[2023-11-12T20:09:23.695+0000][24.733s][info ][safepoint     ] Application time: 0.4292914 seconds
[2023-11-12T20:09:23.695+0000][24.733s][info ][safepoint     ] Entering safepoint region: Deoptimize
[2023-11-12T20:09:23.696+0000][24.734s][info ][safepoint     ] Leaving safepoint region
[2023-11-12T20:09:23.696+0000][24.734s][info ][safepoint     ] Total time for which application threads were stopped: 0.0015783 seconds, Stopping threads took: 0.0000203 seconds
[2023-11-12T20:09:23.822+0000][24.861s][debug][safepoint     ] Safepoint synchronization initiated. (21 threads)
[2023-11-12T20:09:23.822+0000][24.861s][info ][safepoint     ] Application time: 0.1261964 seconds
[2023-11-12T20:09:23.822+0000][24.861s][info ][safepoint     ] Entering safepoint region: Deoptimize
[2023-11-12T20:09:23.824+0000][24.862s][info ][safepoint     ] Leaving safepoint region
[2023-11-12T20:09:23.824+0000][24.862s][info ][safepoint     ] Total time for which application threads were stopped: 0.0014735 seconds, Stopping threads took: 0.0000203 seconds
[2023-11-12T20:09:24.052+0000][25.090s][debug][safepoint     ] Safepoint synchronization initiated. (21 threads)
[2023-11-12T20:09:24.052+0000][25.090s][info ][safepoint     ] Application time: 0.2279159 seconds
[2023-11-12T20:09:24.052+0000][25.090s][info ][safepoint     ] Entering safepoint region: Deoptimize
[2023-11-12T20:09:24.054+0000][25.092s][info ][safepoint     ] Leaving safepoint region
[2023-11-12T20:09:24.054+0000][25.092s][info ][safepoint     ] Total time for which application threads were stopped: 0.0017044 seconds, Stopping threads took: 0.0000214 seconds
[2023-11-12T20:09:24.519+0000][25.557s][debug][safepoint     ] Safepoint synchronization initiated. (23 threads)
[2023-11-12T20:09:24.519+0000][25.557s][info ][safepoint     ] Application time: 0.4653674 seconds
[2023-11-12T20:09:24.519+0000][25.557s][info ][safepoint     ] Entering safepoint region: G1CollectForAllocation
[2023-11-12T20:09:24.519+0000][25.557s][info ][gc,start      ] GC(25) Pause Young (Normal) (G1 Evacuation Pause)
[2023-11-12T20:09:24.519+0000][25.557s][info ][gc,task       ] GC(25) Using 6 workers of 6 for evacuation
[2023-11-12T20:09:24.557+0000][25.595s][info ][gc,phases     ] GC(25)   Pre Evacuate Collection Set: 0.0ms
[2023-11-12T20:09:24.557+0000][25.595s][info ][gc,phases     ] GC(25)   Evacuate Collection Set: 34.0ms
[2023-11-12T20:09:24.557+0000][25.595s][info ][gc,phases     ] GC(25)   Post Evacuate Collection Set: 3.0ms
[2023-11-12T20:09:24.557+0000][25.595s][info ][gc,phases     ] GC(25)   Other: 0.3ms
[2023-11-12T20:09:24.557+0000][25.595s][info ][gc,heap       ] GC(25) Eden regions: 341->0(342)
[2023-11-12T20:09:24.557+0000][25.595s][info ][gc,heap       ] GC(25) Survivor regions: 33->32(47)
[2023-11-12T20:09:24.557+0000][25.595s][info ][gc,heap       ] GC(25) Old regions: 30->38
[2023-11-12T20:09:24.557+0000][25.596s][info ][gc,heap       ] GC(25) Humongous regions: 0->0
[2023-11-12T20:09:24.558+0000][25.596s][info ][gc,metaspace  ] GC(25) Metaspace: 89432K(92240K)->89432K(92240K) NonClass: 78296K(80080K)->78296K(80080K) Class: 11136K(12160K)->11136K(12160K)
[2023-11-12T20:09:24.558+0000][25.596s][info ][gc            ] GC(25) Pause Young (Normal) (G1 Evacuation Pause) 402M->67M(624M) 38.558ms
[2023-11-12T20:09:24.558+0000][25.596s][info ][gc,cpu        ] GC(25) User=0.14s Sys=0.02s Real=0.04s
[2023-11-12T20:09:24.558+0000][25.596s][info ][safepoint     ] Leaving safepoint region
[2023-11-12T20:09:24.558+0000][25.596s][info ][safepoint     ] Total time for which application threads were stopped: 0.0392342 seconds, Stopping threads took: 0.0000200 seconds
[2023-11-12T20:09:24.562+0000][25.600s][info ][gc,stringdedup] Concurrent String Deduplication (25.600s)
[2023-11-12T20:09:24.566+0000][25.604s][info ][gc,stringdedup] Concurrent String Deduplication 632.3K->169.1K(463.1K) avg 46.6% (25.600s, 25.604s) 4.396ms
[2023-11-12T20:09:24.755+0000][25.794s][debug][safepoint     ] Safepoint synchronization initiated. (23 threads)
[2023-11-12T20:09:24.756+0000][25.794s][info ][safepoint     ] Application time: 0.1972206 seconds
[2023-11-12T20:09:24.756+0000][25.794s][info ][safepoint     ] Entering safepoint region: Deoptimize
[2023-11-12T20:09:24.757+0000][25.795s][info ][safepoint     ] Leaving safepoint region
[2023-11-12T20:09:24.757+0000][25.795s][info ][safepoint     ] Total time for which application threads were stopped: 0.0015728 seconds, Stopping threads took: 0.0000206 seconds
[2023-11-12T20:09:24.812+0000][25.850s][debug][safepoint     ] Safepoint synchronization initiated. (23 threads)
[2023-11-12T20:09:24.812+0000][25.851s][info ][safepoint     ] Application time: 0.0552544 seconds
[2023-11-12T20:09:24.812+0000][25.851s][info ][safepoint     ] Entering safepoint region: Deoptimize
[2023-11-12T20:09:24.814+0000][25.852s][info ][safepoint     ] Leaving safepoint region
[2023-11-12T20:09:24.814+0000][25.852s][info ][safepoint     ] Total time for which application threads were stopped: 0.0015355 seconds, Stopping threads took: 0.0000212 seconds
[2023-11-12T20:09:24.861+0000][25.899s][debug][safepoint     ] Safepoint synchronization initiated. (23 threads)
[2023-11-12T20:09:24.861+0000][25.899s][info ][safepoint     ] Application time: 0.0471705 seconds
[2023-11-12T20:09:24.861+0000][25.899s][info ][safepoint     ] Entering safepoint region: Deoptimize
[2023-11-12T20:09:24.863+0000][25.901s][info ][safepoint     ] Leaving safepoint region
[2023-11-12T20:09:24.863+0000][25.901s][info ][safepoint     ] Total time for which application threads were stopped: 0.0014474 seconds, Stopping threads took: 0.0000193 seconds
[2023-11-12T20:09:24.871+0000][25.909s][debug][safepoint     ] Safepoint synchronization initiated. (23 threads)
[2023-11-12T20:09:24.871+0000][25.910s][info ][safepoint     ] Application time: 0.0087591 seconds
[2023-11-12T20:09:24.871+0000][25.910s][info ][safepoint     ] Entering safepoint region: Deoptimize
[2023-11-12T20:09:24.872+0000][25.910s][info ][safepoint     ] Leaving safepoint region
[2023-11-12T20:09:24.872+0000][25.910s][info ][safepoint     ] Total time for which application threads were stopped: 0.0006832 seconds, Stopping threads took: 0.0000160 seconds
[2023-11-12T20:09:24.918+0000][25.957s][debug][safepoint     ] Safepoint synchronization initiated. (23 threads)
[2023-11-12T20:09:24.918+0000][25.957s][info ][safepoint     ] Application time: 0.0463971 seconds
[2023-11-12T20:09:24.919+0000][25.957s][info ][safepoint     ] Entering safepoint region: Deoptimize
[2023-11-12T20:09:24.920+0000][25.958s][info ][safepoint     ] Leaving safepoint region
[2023-11-12T20:09:24.920+0000][25.958s][info ][safepoint     ] Total time for which application threads were stopped: 0.0014489 seconds, Stopping threads took: 0.0000202 seconds
[2023-11-12T20:09:25.347+0000][26.385s][debug][safepoint     ] Safepoint synchronization initiated. (26 threads)
[2023-11-12T20:09:25.347+0000][26.385s][info ][safepoint     ] Application time: 0.4271681 seconds
[2023-11-12T20:09:25.347+0000][26.385s][info ][safepoint     ] Entering safepoint region: ICBufferFull
[2023-11-12T20:09:25.347+0000][26.386s][info ][safepoint     ] Leaving safepoint region
[2023-11-12T20:09:25.347+0000][26.386s][info ][safepoint     ] Total time for which application threads were stopped: 0.0002704 seconds, Stopping threads took: 0.0000214 seconds
[2023-11-12T20:09:25.729+0000][26.767s][debug][safepoint     ] Safepoint synchronization initiated. (33 threads)
[2023-11-12T20:09:25.729+0000][26.768s][info ][safepoint     ] Application time: 0.3820136 seconds
[2023-11-12T20:09:25.730+0000][26.768s][info ][safepoint     ] Entering safepoint region: Deoptimize
[2023-11-12T20:09:25.731+0000][26.769s][info ][safepoint     ] Leaving safepoint region
[2023-11-12T20:09:25.731+0000][26.770s][info ][safepoint     ] Total time for which application threads were stopped: 0.0017134 seconds, Stopping threads took: 0.0001504 seconds
[2023-11-12T20:09:25.821+0000][26.859s][debug][safepoint     ] Safepoint synchronization initiated. (33 threads)
[2023-11-12T20:09:25.821+0000][26.860s][info ][safepoint     ] Application time: 0.0897862 seconds
[2023-11-12T20:09:25.822+0000][26.860s][info ][safepoint     ] Entering safepoint region: Deoptimize
[2023-11-12T20:09:25.823+0000][26.861s][info ][safepoint     ] Leaving safepoint region
[2023-11-12T20:09:25.823+0000][26.862s][info ][safepoint     ] Total time for which application threads were stopped: 0.0018738 seconds, Stopping threads took: 0.0001578 seconds
[2023-11-12T20:09:26.166+0000][27.204s][debug][safepoint     ] Safepoint synchronization initiated. (33 threads)
[2023-11-12T20:09:26.166+0000][27.204s][info ][safepoint     ] Application time: 0.3427191 seconds
[2023-11-12T20:09:26.166+0000][27.204s][debug][safepoint     ] Waiting for 1 thread(s) to block
[2023-11-12T20:09:26.167+0000][27.205s][info ][safepoint     ] Entering safepoint region: ICBufferFull
[2023-11-12T20:09:26.167+0000][27.205s][info ][safepoint     ] Leaving safepoint region
[2023-11-12T20:09:26.167+0000][27.205s][info ][safepoint     ] Total time for which application threads were stopped: 0.0006155 seconds, Stopping threads took: 0.0002209 seconds
[2023-11-12T20:09:26.257+0000][27.295s][debug][safepoint     ] Safepoint synchronization initiated. (33 threads)
[2023-11-12T20:09:26.257+0000][27.295s][info ][safepoint     ] Application time: 0.0897617 seconds
[2023-11-12T20:09:26.257+0000][27.295s][info ][safepoint     ] Entering safepoint region: G1CollectForAllocation
[2023-11-12T20:09:26.257+0000][27.295s][info ][gc,start      ] GC(26) Pause Young (Normal) (G1 Evacuation Pause)
[2023-11-12T20:09:26.257+0000][27.295s][info ][gc,task       ] GC(26) Using 6 workers of 6 for evacuation
[2023-11-12T20:09:26.313+0000][27.352s][info ][gc,phases     ] GC(26)   Pre Evacuate Collection Set: 0.0ms
[2023-11-12T20:09:26.314+0000][27.352s][info ][gc,phases     ] GC(26)   Evacuate Collection Set: 52.8ms
[2023-11-12T20:09:26.314+0000][27.352s][info ][gc,phases     ] GC(26)   Post Evacuate Collection Set: 3.2ms
[2023-11-12T20:09:26.314+0000][27.352s][info ][gc,phases     ] GC(26)   Other: 0.3ms
[2023-11-12T20:09:26.314+0000][27.352s][info ][gc,heap       ] GC(26) Eden regions: 342->0(349)
[2023-11-12T20:09:26.314+0000][27.352s][info ][gc,heap       ] GC(26) Survivor regions: 32->25(47)
[2023-11-12T20:09:26.314+0000][27.352s][info ][gc,heap       ] GC(26) Old regions: 38->52
[2023-11-12T20:09:26.314+0000][27.353s][info ][gc,heap       ] GC(26) Humongous regions: 0->0
[2023-11-12T20:09:26.314+0000][27.353s][info ][gc,metaspace  ] GC(26) Metaspace: 95338K(98256K)->95338K(98256K) NonClass: 83582K(85456K)->83582K(85456K) Class: 11756K(12800K)->11756K(12800K)
[2023-11-12T20:09:26.315+0000][27.353s][info ][gc            ] GC(26) Pause Young (Normal) (G1 Evacuation Pause) 409M->74M(624M) 57.523ms
[2023-11-12T20:09:26.315+0000][27.353s][info ][gc,cpu        ] GC(26) User=0.25s Sys=0.02s Real=0.06s
[2023-11-12T20:09:26.315+0000][27.353s][info ][safepoint     ] Leaving safepoint region
[2023-11-12T20:09:26.315+0000][27.353s][info ][safepoint     ] Total time for which application threads were stopped: 0.0583002 seconds, Stopping threads took: 0.0000239 seconds
[2023-11-12T20:09:26.319+0000][27.357s][info ][gc,stringdedup] Concurrent String Deduplication (27.357s)
[2023-11-12T20:09:26.324+0000][27.362s][info ][gc,stringdedup] Concurrent String Deduplication 816.5K->214.8K(601.7K) avg 48.5% (27.357s, 27.362s) 5.418ms
[2023-11-12T20:09:26.405+0000][27.443s][debug][safepoint     ] Safepoint synchronization initiated. (33 threads)
[2023-11-12T20:09:26.405+0000][27.444s][info ][safepoint     ] Application time: 0.0902961 seconds
[2023-11-12T20:09:26.406+0000][27.444s][info ][safepoint     ] Entering safepoint region: Deoptimize
[2023-11-12T20:09:26.407+0000][27.445s][info ][safepoint     ] Leaving safepoint region
[2023-11-12T20:09:26.407+0000][27.445s][info ][safepoint     ] Total time for which application threads were stopped: 0.0016357 seconds, Stopping threads took: 0.0001272 seconds
[2023-11-12T20:09:26.409+0000][27.447s][debug][safepoint     ] Safepoint synchronization initiated. (33 threads)
[2023-11-12T20:09:26.409+0000][27.447s][info ][safepoint     ] Application time: 0.0017734 seconds
[2023-11-12T20:09:26.409+0000][27.447s][info ][safepoint     ] Entering safepoint region: Deoptimize
[2023-11-12T20:09:26.410+0000][27.448s][info ][safepoint     ] Leaving safepoint region
[2023-11-12T20:09:26.410+0000][27.448s][info ][safepoint     ] Total time for which application threads were stopped: 0.0008357 seconds, Stopping threads took: 0.0001215 seconds
[2023-11-12T20:09:26.434+0000][27.472s][debug][safepoint     ] Safepoint synchronization initiated. (33 threads)
[2023-11-12T20:09:26.434+0000][27.473s][info ][safepoint     ] Application time: 0.0242815 seconds
[2023-11-12T20:09:26.435+0000][27.473s][info ][safepoint     ] Entering safepoint region: Deoptimize
[2023-11-12T20:09:26.436+0000][27.474s][info ][safepoint     ] Leaving safepoint region
[2023-11-12T20:09:26.436+0000][27.474s][info ][safepoint     ] Total time for which application threads were stopped: 0.0014306 seconds, Stopping threads took: 0.0001414 seconds
[2023-11-12T20:09:26.715+0000][27.753s][debug][safepoint     ] Safepoint synchronization initiated. (36 threads)
[2023-11-12T20:09:26.715+0000][27.753s][info ][safepoint     ] Application time: 0.2789912 seconds
[2023-11-12T20:09:26.715+0000][27.753s][info ][safepoint     ] Entering safepoint region: Deoptimize
[2023-11-12T20:09:26.717+0000][27.755s][info ][safepoint     ] Leaving safepoint region
[2023-11-12T20:09:26.717+0000][27.755s][info ][safepoint     ] Total time for which application threads were stopped: 0.0017730 seconds, Stopping threads took: 0.0001399 seconds
[2023-11-12T20:09:27.323+0000][28.361s][debug][safepoint     ] Safepoint synchronization initiated. (37 threads)
[2023-11-12T20:09:27.323+0000][28.361s][info ][safepoint     ] Application time: 0.6060315 seconds
[2023-11-12T20:09:27.323+0000][28.361s][info ][safepoint     ] Entering safepoint region: ICBufferFull
[2023-11-12T20:09:27.323+0000][28.362s][info ][safepoint     ] Leaving safepoint region
[2023-11-12T20:09:27.324+0000][28.362s][info ][safepoint     ] Total time for which application threads were stopped: 0.0002940 seconds, Stopping threads took: 0.0000233 seconds
[2023-11-12T20:09:27.774+0000][28.812s][debug][safepoint     ] Safepoint synchronization initiated. (37 threads)
[2023-11-12T20:09:27.774+0000][28.812s][info ][safepoint     ] Application time: 0.4504959 seconds
[2023-11-12T20:09:27.774+0000][28.812s][info ][safepoint     ] Entering safepoint region: ICBufferFull
[2023-11-12T20:09:27.778+0000][28.816s][info ][safepoint     ] Leaving safepoint region
[2023-11-12T20:09:27.778+0000][28.816s][info ][safepoint     ] Total time for which application threads were stopped: 0.0039498 seconds, Stopping threads took: 0.0000242 seconds
[2023-11-12T20:09:28.052+0000][29.090s][debug][safepoint     ] Safepoint synchronization initiated. (37 threads)
[2023-11-12T20:09:28.052+0000][29.090s][info ][safepoint     ] Application time: 0.2741184 seconds
[2023-11-12T20:09:28.052+0000][29.090s][info ][safepoint     ] Entering safepoint region: G1CollectForAllocation
[2023-11-12T20:09:28.056+0000][29.094s][info ][gc,start      ] GC(27) Pause Young (Normal) (G1 Evacuation Pause)
[2023-11-12T20:09:28.056+0000][29.094s][info ][gc,task       ] GC(27) Using 6 workers of 6 for evacuation
[2023-11-12T20:09:28.088+0000][29.126s][info ][gc,phases     ] GC(27)   Pre Evacuate Collection Set: 0.0ms
[2023-11-12T20:09:28.088+0000][29.127s][info ][gc,phases     ] GC(27)   Evacuate Collection Set: 28.7ms
[2023-11-12T20:09:28.089+0000][29.127s][info ][gc,phases     ] GC(27)   Post Evacuate Collection Set: 2.9ms
[2023-11-12T20:09:28.089+0000][29.127s][info ][gc,phases     ] GC(27)   Other: 0.2ms
[2023-11-12T20:09:28.089+0000][29.127s][info ][gc,heap       ] GC(27) Eden regions: 349->0(350)
[2023-11-12T20:09:28.089+0000][29.127s][info ][gc,heap       ] GC(27) Survivor regions: 25->24(47)
[2023-11-12T20:09:28.089+0000][29.127s][info ][gc,heap       ] GC(27) Old regions: 52->61
[2023-11-12T20:09:28.089+0000][29.127s][info ][gc,heap       ] GC(27) Humongous regions: 1->0
[2023-11-12T20:09:28.089+0000][29.127s][info ][gc,metaspace  ] GC(27) Metaspace: 102178K(105296K)->102178K(105296K) NonClass: 89868K(91856K)->89868K(91856K) Class: 12310K(13440K)->12310K(13440K)
[2023-11-12T20:09:28.089+0000][29.128s][info ][gc            ] GC(27) Pause Young (Normal) (G1 Evacuation Pause) 424M->83M(624M) 33.193ms
[2023-11-12T20:09:28.090+0000][29.128s][info ][gc,cpu        ] GC(27) User=0.15s Sys=0.00s Real=0.03s
[2023-11-12T20:09:28.090+0000][29.128s][info ][safepoint     ] Leaving safepoint region
[2023-11-12T20:09:28.090+0000][29.128s][info ][safepoint     ] Total time for which application threads were stopped: 0.0377183 seconds, Stopping threads took: 0.0000253 seconds
[2023-11-12T20:09:28.091+0000][29.129s][info ][gc,stringdedup] Concurrent String Deduplication (29.129s)
[2023-11-12T20:09:28.095+0000][29.133s][info ][gc,stringdedup] Concurrent String Deduplication 549.0K->179.1K(370.0K) avg 49.4% (29.129s, 29.133s) 3.982ms
[2023-11-12T20:09:28.279+0000][29.317s][debug][safepoint     ] Safepoint synchronization initiated. (37 threads)
[2023-11-12T20:09:28.279+0000][29.317s][info ][safepoint     ] Application time: 0.1892321 seconds
[2023-11-12T20:09:28.279+0000][29.317s][info ][safepoint     ] Entering safepoint region: Deoptimize
[2023-11-12T20:09:28.281+0000][29.319s][info ][safepoint     ] Leaving safepoint region
[2023-11-12T20:09:28.281+0000][29.319s][info ][safepoint     ] Total time for which application threads were stopped: 0.0015560 seconds, Stopping threads took: 0.0000249 seconds
[2023-11-12T20:09:28.341+0000][29.379s][debug][safepoint     ] Safepoint synchronization initiated. (37 threads)
[2023-11-12T20:09:28.341+0000][29.379s][info ][safepoint     ] Application time: 0.0600825 seconds
[2023-11-12T20:09:28.341+0000][29.379s][info ][safepoint     ] Entering safepoint region: Deoptimize
[2023-11-12T20:09:28.343+0000][29.381s][info ][safepoint     ] Leaving safepoint region
[2023-11-12T20:09:28.343+0000][29.381s][info ][safepoint     ] Total time for which application threads were stopped: 0.0018806 seconds, Stopping threads took: 0.0000230 seconds
[2023-11-12T20:09:28.967+0000][30.005s][debug][safepoint     ] Safepoint synchronization initiated. (40 threads)
[2023-11-12T20:09:28.967+0000][30.005s][info ][safepoint     ] Application time: 0.6241921 seconds
[2023-11-12T20:09:28.967+0000][30.005s][debug][safepoint     ] Waiting for 1 thread(s) to block
[2023-11-12T20:09:28.968+0000][30.006s][info ][safepoint     ] Entering safepoint region: ICBufferFull
[2023-11-12T20:09:28.968+0000][30.006s][info ][safepoint     ] Leaving safepoint region
[2023-11-12T20:09:28.968+0000][30.006s][info ][safepoint     ] Total time for which application threads were stopped: 0.0008677 seconds, Stopping threads took: 0.0004677 seconds
[2023-11-12T20:09:29.006+0000][30.044s][debug][safepoint     ] Safepoint synchronization initiated. (40 threads)
[2023-11-12T20:09:29.006+0000][30.044s][info ][safepoint     ] Application time: 0.0376872 seconds
[2023-11-12T20:09:29.006+0000][30.044s][info ][safepoint     ] Entering safepoint region: Deoptimize
[2023-11-12T20:09:29.007+0000][30.046s][info ][safepoint     ] Leaving safepoint region
[2023-11-12T20:09:29.008+0000][30.046s][info ][safepoint     ] Total time for which application threads were stopped: 0.0017977 seconds, Stopping threads took: 0.0000242 seconds
[2023-11-12T20:09:29.309+0000][30.347s][debug][safepoint     ] Safepoint synchronization initiated. (40 threads)
[2023-11-12T20:09:29.309+0000][30.347s][info ][safepoint     ] Application time: 0.3014020 seconds
[2023-11-12T20:09:29.309+0000][30.347s][info ][safepoint     ] Entering safepoint region: ICBufferFull
[2023-11-12T20:09:29.309+0000][30.348s][info ][safepoint     ] Leaving safepoint region
[2023-11-12T20:09:29.309+0000][30.348s][info ][safepoint     ] Total time for which application threads were stopped: 0.0002880 seconds, Stopping threads took: 0.0000241 seconds
[2023-11-12T20:09:30.110+0000][31.148s][debug][safepoint     ] Safepoint synchronization initiated. (41 threads)
[2023-11-12T20:09:30.110+0000][31.148s][info ][safepoint     ] Application time: 0.8006272 seconds
[2023-11-12T20:09:30.110+0000][31.148s][debug][safepoint     ] Waiting for 2 thread(s) to block
[2023-11-12T20:09:30.110+0000][31.148s][info ][safepoint     ] Entering safepoint region: ICBufferFull
[2023-11-12T20:09:30.111+0000][31.149s][info ][safepoint     ] Leaving safepoint region
[2023-11-12T20:09:30.111+0000][31.149s][info ][safepoint     ] Total time for which application threads were stopped: 0.0006004 seconds, Stopping threads took: 0.0001812 seconds
[2023-11-12T20:09:30.211+0000][31.249s][debug][safepoint     ] Safepoint synchronization initiated. (41 threads)
[2023-11-12T20:09:30.211+0000][31.249s][info ][safepoint     ] Application time: 0.0999326 seconds
[2023-11-12T20:09:30.211+0000][31.249s][info ][safepoint     ] Entering safepoint region: G1CollectForAllocation
[2023-11-12T20:09:30.211+0000][31.249s][info ][gc,start      ] GC(28) Pause Young (Normal) (G1 Evacuation Pause)
[2023-11-12T20:09:30.211+0000][31.249s][info ][gc,task       ] GC(28) Using 6 workers of 6 for evacuation
[2023-11-12T20:09:30.242+0000][31.280s][info ][gc,phases     ] GC(28)   Pre Evacuate Collection Set: 0.0ms
[2023-11-12T20:09:30.242+0000][31.280s][info ][gc,phases     ] GC(28)   Evacuate Collection Set: 27.3ms
[2023-11-12T20:09:30.242+0000][31.280s][info ][gc,phases     ] GC(28)   Post Evacuate Collection Set: 3.3ms
[2023-11-12T20:09:30.242+0000][31.280s][info ][gc,phases     ] GC(28)   Other: 0.2ms
[2023-11-12T20:09:30.242+0000][31.280s][info ][gc,heap       ] GC(28) Eden regions: 350->0(343)
[2023-11-12T20:09:30.242+0000][31.280s][info ][gc,heap       ] GC(28) Survivor regions: 24->31(47)
[2023-11-12T20:09:30.242+0000][31.280s][info ][gc,heap       ] GC(28) Old regions: 61->61
[2023-11-12T20:09:30.242+0000][31.280s][info ][gc,heap       ] GC(28) Humongous regions: 0->0
[2023-11-12T20:09:30.242+0000][31.280s][info ][gc,metaspace  ] GC(28) Metaspace: 109918K(113104K)->109918K(113104K) NonClass: 96922K(99024K)->96922K(99024K) Class: 12995K(14080K)->12995K(14080K)
[2023-11-12T20:09:30.242+0000][31.280s][info ][gc            ] GC(28) Pause Young (Normal) (G1 Evacuation Pause) 433M->90M(624M) 31.166ms
[2023-11-12T20:09:30.242+0000][31.280s][info ][gc,cpu        ] GC(28) User=0.15s Sys=0.01s Real=0.03s
[2023-11-12T20:09:30.242+0000][31.280s][info ][safepoint     ] Leaving safepoint region
[2023-11-12T20:09:30.242+0000][31.280s][info ][safepoint     ] Total time for which application threads were stopped: 0.0315581 seconds, Stopping threads took: 0.0000261 seconds
[2023-11-12T20:09:30.242+0000][31.280s][info ][gc,stringdedup] Concurrent String Deduplication (31.280s)
[2023-11-12T20:09:30.250+0000][31.289s][info ][gc,stringdedup] Concurrent String Deduplication 798.6K->370.2K(428.4K) avg 49.6% (31.280s, 31.289s) 8.177ms
[2023-11-12T20:09:30.383+0000][31.422s][debug][safepoint     ] Safepoint synchronization initiated. (41 threads)
[2023-11-12T20:09:30.383+0000][31.422s][info ][safepoint     ] Application time: 0.1412513 seconds
[2023-11-12T20:09:30.384+0000][31.422s][info ][safepoint     ] Entering safepoint region: Deoptimize
[2023-11-12T20:09:30.385+0000][31.423s][info ][safepoint     ] Leaving safepoint region
[2023-11-12T20:09:30.385+0000][31.423s][info ][safepoint     ] Total time for which application threads were stopped: 0.0017814 seconds, Stopping threads took: 0.0000253 seconds
[2023-11-12T20:09:30.444+0000][31.483s][debug][safepoint     ] Safepoint synchronization initiated. (41 threads)
[2023-11-12T20:09:30.445+0000][31.483s][info ][safepoint     ] Application time: 0.0592903 seconds
[2023-11-12T20:09:30.445+0000][31.483s][info ][safepoint     ] Entering safepoint region: CollectForMetadataAllocation
[2023-11-12T20:09:30.445+0000][31.483s][info ][gc,start      ] GC(29) Pause Young (Concurrent Start) (Metadata GC Threshold)
[2023-11-12T20:09:30.445+0000][31.483s][info ][gc,task       ] GC(29) Using 6 workers of 6 for evacuation
[2023-11-12T20:09:30.482+0000][31.520s][info ][gc,phases     ] GC(29)   Pre Evacuate Collection Set: 0.3ms
[2023-11-12T20:09:30.482+0000][31.521s][info ][gc,phases     ] GC(29)   Evacuate Collection Set: 33.2ms
[2023-11-12T20:09:30.483+0000][31.521s][info ][gc,phases     ] GC(29)   Post Evacuate Collection Set: 3.0ms
[2023-11-12T20:09:30.483+0000][31.521s][info ][gc,phases     ] GC(29)   Other: 0.6ms
[2023-11-12T20:09:30.483+0000][31.521s][info ][gc,heap       ] GC(29) Eden regions: 20->0(349)
[2023-11-12T20:09:30.483+0000][31.521s][info ][gc,heap       ] GC(29) Survivor regions: 31->25(47)
[2023-11-12T20:09:30.483+0000][31.521s][info ][gc,heap       ] GC(29) Old regions: 61->68
[2023-11-12T20:09:30.483+0000][31.521s][info ][gc,heap       ] GC(29) Humongous regions: 0->0
[2023-11-12T20:09:30.483+0000][31.521s][info ][gc,metaspace  ] GC(29) Metaspace: 111870K(115120K)->111870K(115120K) NonClass: 98663K(100784K)->98663K(100784K) Class: 13207K(14336K)->13207K(14336K)
[2023-11-12T20:09:30.483+0000][31.522s][info ][gc            ] GC(29) Pause Young (Concurrent Start) (Metadata GC Threshold) 110M->90M(624M) 38.324ms
[2023-11-12T20:09:30.484+0000][31.522s][info ][gc,cpu        ] GC(29) User=0.15s Sys=0.02s Real=0.04s
[2023-11-12T20:09:30.484+0000][31.522s][info ][gc            ] GC(30) Concurrent Cycle
[2023-11-12T20:09:30.484+0000][31.522s][info ][gc,marking    ] GC(30) Concurrent Clear Claimed Marks
[2023-11-12T20:09:30.484+0000][31.522s][info ][safepoint     ] Leaving safepoint region
[2023-11-12T20:09:30.484+0000][31.522s][info ][safepoint     ] Total time for which application threads were stopped: 0.0393007 seconds, Stopping threads took: 0.0001357 seconds
[2023-11-12T20:09:30.484+0000][31.522s][info ][gc,marking    ] GC(30) Concurrent Clear Claimed Marks 0.266ms
[2023-11-12T20:09:30.484+0000][31.522s][info ][gc,marking    ] GC(30) Concurrent Scan Root Regions
[2023-11-12T20:09:30.484+0000][31.522s][info ][gc,stringdedup] Concurrent String Deduplication (31.522s)
[2023-11-12T20:09:30.495+0000][31.534s][info ][gc,stringdedup] Concurrent String Deduplication 865.5K->473.6K(391.9K) avg 49.4% (31.522s, 31.534s) 11.070ms
[2023-11-12T20:09:30.500+0000][31.538s][info ][gc,marking    ] GC(30) Concurrent Scan Root Regions 15.779ms
[2023-11-12T20:09:30.500+0000][31.538s][info ][gc,marking    ] GC(30) Concurrent Mark (31.538s)
[2023-11-12T20:09:30.500+0000][31.538s][info ][gc,marking    ] GC(30) Concurrent Mark From Roots
[2023-11-12T20:09:30.500+0000][31.538s][info ][gc,task       ] GC(30) Using 2 workers of 2 for marking
[2023-11-12T20:09:30.501+0000][31.539s][debug][safepoint     ] Safepoint synchronization initiated. (41 threads)
[2023-11-12T20:09:30.501+0000][31.539s][info ][safepoint     ] Application time: 0.0170737 seconds
[2023-11-12T20:09:30.501+0000][31.540s][info ][safepoint     ] Entering safepoint region: Deoptimize
[2023-11-12T20:09:30.503+0000][31.541s][info ][safepoint     ] Leaving safepoint region
[2023-11-12T20:09:30.503+0000][31.541s][info ][safepoint     ] Total time for which application threads were stopped: 0.0017937 seconds, Stopping threads took: 0.0001483 seconds
[2023-11-12T20:09:30.534+0000][31.572s][debug][safepoint     ] Safepoint synchronization initiated. (41 threads)
[2023-11-12T20:09:30.534+0000][31.573s][info ][safepoint     ] Application time: 0.0310575 seconds
[2023-11-12T20:09:30.535+0000][31.573s][info ][safepoint     ] Entering safepoint region: CollectForMetadataAllocation
[2023-11-12T20:09:30.535+0000][31.573s][info ][safepoint     ] Leaving safepoint region
[2023-11-12T20:09:30.535+0000][31.573s][info ][safepoint     ] Total time for which application threads were stopped: 0.0004770 seconds, Stopping threads took: 0.0001481 seconds
[2023-11-12T20:09:30.545+0000][31.583s][debug][safepoint     ] Safepoint synchronization initiated. (41 threads)
[2023-11-12T20:09:30.545+0000][31.583s][info ][safepoint     ] Application time: 0.0101367 seconds
[2023-11-12T20:09:30.545+0000][31.584s][info ][safepoint     ] Entering safepoint region: Deoptimize
[2023-11-12T20:09:30.547+0000][31.585s][info ][safepoint     ] Leaving safepoint region
[2023-11-12T20:09:30.547+0000][31.585s][info ][safepoint     ] Total time for which application threads were stopped: 0.0018346 seconds, Stopping threads took: 0.0001834 seconds
[2023-11-12T20:09:30.559+0000][31.597s][debug][safepoint     ] Safepoint synchronization initiated. (41 threads)
[2023-11-12T20:09:30.559+0000][31.597s][info ][safepoint     ] Application time: 0.0114341 seconds
[2023-11-12T20:09:30.559+0000][31.597s][info ][safepoint     ] Entering safepoint region: CollectForMetadataAllocation
[2023-11-12T20:09:30.560+0000][31.598s][info ][safepoint     ] Leaving safepoint region
[2023-11-12T20:09:30.560+0000][31.598s][info ][safepoint     ] Total time for which application threads were stopped: 0.0008399 seconds, Stopping threads took: 0.0001501 seconds
[2023-11-12T20:09:30.583+0000][31.622s][debug][safepoint     ] Safepoint synchronization initiated. (41 threads)
[2023-11-12T20:09:30.584+0000][31.622s][info ][safepoint     ] Application time: 0.0236375 seconds
[2023-11-12T20:09:30.584+0000][31.622s][info ][safepoint     ] Entering safepoint region: CollectForMetadataAllocation
[2023-11-12T20:09:30.584+0000][31.622s][info ][safepoint     ] Leaving safepoint region
[2023-11-12T20:09:30.584+0000][31.622s][info ][safepoint     ] Total time for which application threads were stopped: 0.0004753 seconds, Stopping threads took: 0.0001499 seconds
[2023-11-12T20:09:30.587+0000][31.625s][info ][gc,marking    ] GC(30) Concurrent Mark From Roots 86.681ms
[2023-11-12T20:09:30.587+0000][31.625s][info ][gc,marking    ] GC(30) Concurrent Preclean
[2023-11-12T20:09:30.587+0000][31.625s][info ][gc,marking    ] GC(30) Concurrent Preclean 0.283ms
[2023-11-12T20:09:30.587+0000][31.625s][info ][gc,marking    ] GC(30) Concurrent Mark (31.538s, 31.625s) 87.041ms
[2023-11-12T20:09:30.587+0000][31.625s][debug][safepoint     ] Safepoint synchronization initiated. (41 threads)
[2023-11-12T20:09:30.587+0000][31.626s][info ][safepoint     ] Application time: 0.0030484 seconds
[2023-11-12T20:09:30.588+0000][31.626s][debug][safepoint     ] Waiting for 1 thread(s) to block
[2023-11-12T20:09:30.588+0000][31.626s][info ][safepoint     ] Entering safepoint region: CGC_Operation
[2023-11-12T20:09:30.588+0000][31.626s][info ][gc,start      ] GC(30) Pause Remark
[2023-11-12T20:09:30.602+0000][31.640s][info ][gc,stringtable] GC(30) Cleaned string and symbol table, strings: 53376 processed, 82 removed, symbols: 310454 processed, 383 removed
[2023-11-12T20:09:30.602+0000][31.641s][info ][gc            ] GC(30) Pause Remark 95M->95M(624M) 14.285ms
[2023-11-12T20:09:30.603+0000][31.641s][info ][gc,cpu        ] GC(30) User=0.07s Sys=0.00s Real=0.01s
[2023-11-12T20:09:30.603+0000][31.641s][info ][safepoint     ] Leaving safepoint region
[2023-11-12T20:09:30.603+0000][31.641s][info ][safepoint     ] Total time for which application threads were stopped: 0.0151691 seconds, Stopping threads took: 0.0003490 seconds
[2023-11-12T20:09:30.603+0000][31.641s][info ][gc,marking    ] GC(30) Concurrent Rebuild Remembered Sets
[2023-11-12T20:09:30.619+0000][31.657s][debug][safepoint     ] Safepoint synchronization initiated. (41 threads)
[2023-11-12T20:09:30.619+0000][31.657s][info ][safepoint     ] Application time: 0.0162271 seconds
[2023-11-12T20:09:30.619+0000][31.657s][info ][safepoint     ] Entering safepoint region: Deoptimize
[2023-11-12T20:09:30.621+0000][31.659s][info ][safepoint     ] Leaving safepoint region
[2023-11-12T20:09:30.621+0000][31.659s][info ][safepoint     ] Total time for which application threads were stopped: 0.0017896 seconds, Stopping threads took: 0.0001488 seconds
[2023-11-12T20:09:30.660+0000][31.699s][info ][gc,marking    ] GC(30) Concurrent Rebuild Remembered Sets 57.430ms
[2023-11-12T20:09:30.661+0000][31.699s][debug][safepoint     ] Safepoint synchronization initiated. (41 threads)
[2023-11-12T20:09:30.661+0000][31.699s][info ][safepoint     ] Application time: 0.0395793 seconds
[2023-11-12T20:09:30.661+0000][31.699s][debug][safepoint     ] Waiting for 2 thread(s) to block
[2023-11-12T20:09:30.661+0000][31.699s][info ][safepoint     ] Entering safepoint region: CGC_Operation
[2023-11-12T20:09:30.661+0000][31.700s][info ][gc,start      ] GC(30) Pause Cleanup
[2023-11-12T20:09:30.662+0000][31.700s][info ][gc            ] GC(30) Pause Cleanup 97M->97M(624M) 0.399ms
[2023-11-12T20:09:30.662+0000][31.700s][info ][gc,cpu        ] GC(30) User=0.01s Sys=0.00s Real=0.00s
[2023-11-12T20:09:30.662+0000][31.700s][info ][safepoint     ] Leaving safepoint region
[2023-11-12T20:09:30.662+0000][31.700s][info ][safepoint     ] Total time for which application threads were stopped: 0.0013350 seconds, Stopping threads took: 0.0003401 seconds
[2023-11-12T20:09:30.662+0000][31.701s][info ][gc,marking    ] GC(30) Concurrent Cleanup for Next Mark
[2023-11-12T20:09:30.665+0000][31.703s][info ][gc,marking    ] GC(30) Concurrent Cleanup for Next Mark 2.058ms
[2023-11-12T20:09:30.665+0000][31.703s][info ][gc            ] GC(30) Concurrent Cycle 180.841ms
[2023-11-12T20:09:30.797+0000][31.835s][debug][safepoint     ] Safepoint synchronization initiated. (41 threads)
[2023-11-12T20:09:30.797+0000][31.835s][info ][safepoint     ] Application time: 0.1348283 seconds
[2023-11-12T20:09:30.797+0000][31.836s][info ][safepoint     ] Entering safepoint region: Deoptimize
[2023-11-12T20:09:30.799+0000][31.837s][info ][safepoint     ] Leaving safepoint region
[2023-11-12T20:09:30.799+0000][31.837s][info ][safepoint     ] Total time for which application threads were stopped: 0.0019033 seconds, Stopping threads took: 0.0001634 seconds
[2023-11-12T20:09:30.800+0000][31.839s][debug][safepoint     ] Safepoint synchronization initiated. (41 threads)
[2023-11-12T20:09:30.801+0000][31.839s][info ][safepoint     ] Application time: 0.0011844 seconds
[2023-11-12T20:09:30.801+0000][31.839s][info ][safepoint     ] Entering safepoint region: Deoptimize
[2023-11-12T20:09:30.801+0000][31.840s][info ][safepoint     ] Leaving safepoint region
[2023-11-12T20:09:30.802+0000][31.840s][info ][safepoint     ] Total time for which application threads were stopped: 0.0008498 seconds, Stopping threads took: 0.0001326 seconds
[2023-11-12T20:09:31.592+0000][32.630s][debug][safepoint     ] Safepoint synchronization initiated. (41 threads)
[2023-11-12T20:09:31.592+0000][32.630s][info ][safepoint     ] Application time: 0.7903868 seconds
[2023-11-12T20:09:31.592+0000][32.630s][info ][safepoint     ] Entering safepoint region: Deoptimize
[2023-11-12T20:09:31.594+0000][32.632s][info ][safepoint     ] Leaving safepoint region
[2023-11-12T20:09:31.594+0000][32.632s][info ][safepoint     ] Total time for which application threads were stopped: 0.0019903 seconds, Stopping threads took: 0.0001319 seconds
[2023-11-12T20:09:31.864+0000][32.902s][debug][safepoint     ] Safepoint synchronization initiated. (41 threads)
[2023-11-12T20:09:31.864+0000][32.902s][info ][safepoint     ] Application time: 0.2694087 seconds
[2023-11-12T20:09:31.866+0000][32.904s][info ][safepoint     ] Entering safepoint region: Deoptimize
[2023-11-12T20:09:31.868+0000][32.906s][info ][safepoint     ] Leaving safepoint region
[2023-11-12T20:09:31.868+0000][32.906s][info ][safepoint     ] Total time for which application threads were stopped: 0.0040463 seconds, Stopping threads took: 0.0022548 seconds
[2023-11-12T20:09:32.573+0000][33.611s][debug][safepoint     ] Safepoint synchronization initiated. (43 threads)
[2023-11-12T20:09:32.573+0000][33.611s][info ][safepoint     ] Application time: 0.7052796 seconds
[2023-11-12T20:09:32.573+0000][33.611s][info ][safepoint     ] Entering safepoint region: G1CollectForAllocation
[2023-11-12T20:09:32.574+0000][33.612s][info ][gc,start      ] GC(31) Pause Young (Concurrent Start) (G1 Evacuation Pause)
[2023-11-12T20:09:32.574+0000][33.612s][info ][gc,task       ] GC(31) Using 6 workers of 6 for evacuation
[2023-11-12T20:09:32.648+0000][33.687s][info ][gc,phases     ] GC(31)   Pre Evacuate Collection Set: 0.3ms
[2023-11-12T20:09:32.648+0000][33.687s][info ][gc,phases     ] GC(31)   Evacuate Collection Set: 55.7ms
[2023-11-12T20:09:32.648+0000][33.687s][info ][gc,phases     ] GC(31)   Post Evacuate Collection Set: 18.3ms
[2023-11-12T20:09:32.648+0000][33.687s][info ][gc,phases     ] GC(31)   Other: 0.4ms
[2023-11-12T20:09:32.648+0000][33.687s][info ][gc,heap       ] GC(31) Eden regions: 349->0(341)
[2023-11-12T20:09:32.648+0000][33.687s][info ][gc,heap       ] GC(31) Survivor regions: 25->33(47)
[2023-11-12T20:09:32.648+0000][33.687s][info ][gc,heap       ] GC(31) Old regions: 68->68
[2023-11-12T20:09:32.649+0000][33.687s][info ][gc,heap       ] GC(31) Humongous regions: 0->0
[2023-11-12T20:09:32.649+0000][33.687s][info ][gc,metaspace  ] GC(31) Metaspace: 122935K(126484K)->122935K(126484K) NonClass: 108478K(110716K)->108478K(110716K) Class: 14457K(15768K)->14457K(15768K)
[2023-11-12T20:09:32.649+0000][33.687s][info ][gc            ] GC(31) Pause Young (Concurrent Start) (G1 Evacuation Pause) 439M->98M(624M) 74.917ms
[2023-11-12T20:09:32.649+0000][33.687s][info ][gc,cpu        ] GC(31) User=0.24s Sys=0.00s Real=0.08s
[2023-11-12T20:09:32.649+0000][33.687s][info ][safepoint     ] Leaving safepoint region
[2023-11-12T20:09:32.649+0000][33.687s][info ][safepoint     ] Total time for which application threads were stopped: 0.0753507 seconds, Stopping threads took: 0.0000273 seconds
[2023-11-12T20:09:32.649+0000][33.687s][info ][gc            ] GC(32) Concurrent Cycle
[2023-11-12T20:09:32.649+0000][33.687s][info ][gc,marking    ] GC(32) Concurrent Clear Claimed Marks
[2023-11-12T20:09:32.649+0000][33.687s][info ][gc,marking    ] GC(32) Concurrent Clear Claimed Marks 0.357ms
[2023-11-12T20:09:32.649+0000][33.687s][info ][gc,marking    ] GC(32) Concurrent Scan Root Regions
[2023-11-12T20:09:32.650+0000][33.688s][info ][gc,stringdedup] Concurrent String Deduplication (33.688s)
[2023-11-12T20:09:32.668+0000][33.706s][info ][gc,stringdedup] Concurrent String Deduplication 755.7K->257.9K(497.8K) avg 50.2% (33.688s, 33.706s) 18.112ms
[2023-11-12T20:09:32.678+0000][33.716s][info ][gc,marking    ] GC(32) Concurrent Scan Root Regions 28.737ms
[2023-11-12T20:09:32.678+0000][33.716s][info ][gc,marking    ] GC(32) Concurrent Mark (33.716s)
[2023-11-12T20:09:32.678+0000][33.716s][info ][gc,marking    ] GC(32) Concurrent Mark From Roots
[2023-11-12T20:09:32.678+0000][33.716s][info ][gc,task       ] GC(32) Using 2 workers of 2 for marking
[2023-11-12T20:09:32.803+0000][33.841s][info ][gc,marking    ] GC(32) Concurrent Mark From Roots 124.484ms
[2023-11-12T20:09:32.803+0000][33.841s][info ][gc,marking    ] GC(32) Concurrent Preclean
[2023-11-12T20:09:32.803+0000][33.841s][info ][gc,marking    ] GC(32) Concurrent Preclean 0.257ms
[2023-11-12T20:09:32.803+0000][33.841s][info ][gc,marking    ] GC(32) Concurrent Mark (33.716s, 33.841s) 124.833ms
[2023-11-12T20:09:32.803+0000][33.841s][debug][safepoint     ] Safepoint synchronization initiated. (43 threads)
[2023-11-12T20:09:32.803+0000][33.841s][info ][safepoint     ] Application time: 0.1543380 seconds
[2023-11-12T20:09:32.803+0000][33.841s][debug][safepoint     ] ... found polling page return exception at pc = 0x00007f10dc99e525, stub =0x00007f10d4841800
[2023-11-12T20:09:32.803+0000][33.841s][debug][safepoint     ] Waiting for 1 thread(s) to block
[2023-11-12T20:09:32.803+0000][33.841s][info ][safepoint     ] Entering safepoint region: CGC_Operation
[2023-11-12T20:09:32.803+0000][33.841s][info ][gc,start      ] GC(32) Pause Remark
[2023-11-12T20:09:32.827+0000][33.865s][info ][gc,stringtable] GC(32) Cleaned string and symbol table, strings: 60099 processed, 1 removed, symbols: 331904 processed, 26 removed
[2023-11-12T20:09:32.828+0000][33.866s][info ][gc            ] GC(32) Pause Remark 120M->120M(624M) 24.423ms
[2023-11-12T20:09:32.828+0000][33.866s][info ][gc,cpu        ] GC(32) User=0.11s Sys=0.00s Real=0.03s
[2023-11-12T20:09:32.828+0000][33.866s][info ][safepoint     ] Leaving safepoint region
[2023-11-12T20:09:32.828+0000][33.866s][info ][safepoint     ] Total time for which application threads were stopped: 0.0247595 seconds, Stopping threads took: 0.0001212 seconds
[2023-11-12T20:09:32.828+0000][33.866s][info ][gc,marking    ] GC(32) Concurrent Rebuild Remembered Sets
[2023-11-12T20:09:32.907+0000][33.945s][info ][gc,marking    ] GC(32) Concurrent Rebuild Remembered Sets 79.161ms
[2023-11-12T20:09:32.907+0000][33.945s][debug][safepoint     ] Safepoint synchronization initiated. (43 threads)
[2023-11-12T20:09:32.907+0000][33.945s][info ][safepoint     ] Application time: 0.0794185 seconds
[2023-11-12T20:09:32.907+0000][33.945s][debug][safepoint     ] ... found polling page return exception at pc = 0x00007f10dca3dfc3, stub =0x00007f10d4841800
[2023-11-12T20:09:32.907+0000][33.945s][debug][safepoint     ] Waiting for 1 thread(s) to block
[2023-11-12T20:09:32.913+0000][33.951s][info ][safepoint     ] Entering safepoint region: CGC_Operation
[2023-11-12T20:09:32.913+0000][33.951s][info ][gc,start      ] GC(32) Pause Cleanup
[2023-11-12T20:09:32.913+0000][33.952s][info ][gc            ] GC(32) Pause Cleanup 127M->127M(624M) 0.291ms
[2023-11-12T20:09:32.913+0000][33.952s][info ][gc,cpu        ] GC(32) User=0.00s Sys=0.00s Real=0.00s
[2023-11-12T20:09:32.913+0000][33.952s][info ][safepoint     ] Leaving safepoint region
[2023-11-12T20:09:32.913+0000][33.952s][info ][safepoint     ] Total time for which application threads were stopped: 0.0062793 seconds, Stopping threads took: 0.0057980 seconds
[2023-11-12T20:09:32.914+0000][33.952s][info ][gc,marking    ] GC(32) Concurrent Cleanup for Next Mark
[2023-11-12T20:09:32.916+0000][33.954s][info ][gc,marking    ] GC(32) Concurrent Cleanup for Next Mark 2.103ms
[2023-11-12T20:09:32.916+0000][33.954s][info ][gc            ] GC(32) Concurrent Cycle 266.976ms
[2023-11-12T20:09:33.914+0000][34.952s][debug][safepoint     ] Safepoint synchronization initiated. (53 threads)
[2023-11-12T20:09:33.914+0000][34.952s][info ][safepoint     ] Application time: 1.0004077 seconds
[2023-11-12T20:09:33.914+0000][34.952s][debug][safepoint     ] ... found polling page loop exception at pc = 0x00007f10dc922d57, stub =0x00007f10d4841b00
[2023-11-12T20:09:33.914+0000][34.952s][debug][safepoint     ] Waiting for 1 thread(s) to block
[2023-11-12T20:09:33.914+0000][34.952s][info ][safepoint     ] Entering safepoint region: Cleanup
[2023-11-12T20:09:33.914+0000][34.952s][info ][safepoint     ] Leaving safepoint region
[2023-11-12T20:09:33.914+0000][34.952s][info ][safepoint     ] Total time for which application threads were stopped: 0.0003626 seconds, Stopping threads took: 0.0001429 seconds
[2023-11-12T20:09:34.362+0000][35.400s][debug][safepoint     ] Safepoint synchronization initiated. (53 threads)
[2023-11-12T20:09:34.362+0000][35.400s][info ][safepoint     ] Application time: 0.4478523 seconds
[2023-11-12T20:09:34.362+0000][35.400s][info ][safepoint     ] Entering safepoint region: Deoptimize
[2023-11-12T20:09:34.364+0000][35.402s][info ][safepoint     ] Leaving safepoint region
[2023-11-12T20:09:34.364+0000][35.402s][info ][safepoint     ] Total time for which application threads were stopped: 0.0017278 seconds, Stopping threads took: 0.0000283 seconds
[2023-11-12T20:09:34.879+0000][35.917s][debug][safepoint     ] Safepoint synchronization initiated. (65 threads)
[2023-11-12T20:09:34.879+0000][35.917s][info ][safepoint     ] Application time: 0.5151249 seconds
[2023-11-12T20:09:34.879+0000][35.917s][info ][safepoint     ] Entering safepoint region: G1CollectForAllocation
[2023-11-12T20:09:34.879+0000][35.918s][info ][gc,start      ] GC(33) Pause Young (Normal) (G1 Evacuation Pause)
[2023-11-12T20:09:34.879+0000][35.918s][info ][gc,task       ] GC(33) Using 6 workers of 6 for evacuation
[2023-11-12T20:09:34.926+0000][35.964s][info ][gc,phases     ] GC(33)   Pre Evacuate Collection Set: 0.0ms
[2023-11-12T20:09:34.926+0000][35.964s][info ][gc,phases     ] GC(33)   Evacuate Collection Set: 36.0ms
[2023-11-12T20:09:34.926+0000][35.965s][info ][gc,phases     ] GC(33)   Post Evacuate Collection Set: 10.3ms
[2023-11-12T20:09:34.927+0000][35.965s][info ][gc,phases     ] GC(33)   Other: 0.3ms
[2023-11-12T20:09:34.927+0000][35.965s][info ][gc,heap       ] GC(33) Eden regions: 341->0(422)
[2023-11-12T20:09:34.927+0000][35.965s][info ][gc,heap       ] GC(33) Survivor regions: 33->27(47)
[2023-11-12T20:09:34.927+0000][35.965s][info ][gc,heap       ] GC(33) Old regions: 68->82
[2023-11-12T20:09:34.927+0000][35.965s][info ][gc,heap       ] GC(33) Humongous regions: 0->0
[2023-11-12T20:09:34.927+0000][35.965s][info ][gc,metaspace  ] GC(33) Metaspace: 133630K(137364K)->133630K(137364K) NonClass: 118138K(120444K)->118138K(120444K) Class: 15491K(16920K)->15491K(16920K)
[2023-11-12T20:09:34.927+0000][35.966s][info ][gc            ] GC(33) Pause Young (Normal) (G1 Evacuation Pause) 439M->106M(749M) 47.970ms
[2023-11-12T20:09:34.927+0000][35.966s][info ][gc,cpu        ] GC(33) User=0.20s Sys=0.01s Real=0.05s
[2023-11-12T20:09:34.928+0000][35.966s][info ][safepoint     ] Leaving safepoint region
[2023-11-12T20:09:34.928+0000][35.966s][info ][safepoint     ] Total time for which application threads were stopped: 0.0486705 seconds, Stopping threads took: 0.0000297 seconds
[2023-11-12T20:09:34.929+0000][35.968s][info ][gc,stringdedup] Concurrent String Deduplication (35.968s)
[2023-11-12T20:09:34.931+0000][35.969s][info ][gc,stringdedup] Concurrent String Deduplication 81936.0B->45688.0B(36248.0B) avg 50.2% (35.968s, 35.969s) 1.425ms
[2023-11-12T20:09:35.188+0000][36.226s][debug][safepoint     ] Safepoint synchronization initiated. (65 threads)
[2023-11-12T20:09:35.188+0000][36.226s][info ][safepoint     ] Application time: 0.2598954 seconds
[2023-11-12T20:09:35.188+0000][36.226s][info ][safepoint     ] Entering safepoint region: Deoptimize
[2023-11-12T20:09:35.189+0000][36.228s][info ][safepoint     ] Leaving safepoint region
[2023-11-12T20:09:35.190+0000][36.228s][info ][safepoint     ] Total time for which application threads were stopped: 0.0017245 seconds, Stopping threads took: 0.0000362 seconds
[2023-11-12T20:09:35.190+0000][36.228s][debug][safepoint     ] Safepoint synchronization initiated. (65 threads)
[2023-11-12T20:09:35.190+0000][36.228s][info ][safepoint     ] Application time: 0.0001611 seconds
[2023-11-12T20:09:35.190+0000][36.228s][debug][safepoint     ] Waiting for 1 thread(s) to block
[2023-11-12T20:09:35.190+0000][36.228s][info ][safepoint     ] Entering safepoint region: Deoptimize
[2023-11-12T20:09:35.190+0000][36.229s][info ][safepoint     ] Leaving safepoint region
[2023-11-12T20:09:35.190+0000][36.229s][info ][safepoint     ] Total time for which application threads were stopped: 0.0007259 seconds, Stopping threads took: 0.0000654 seconds
[2023-11-12T20:09:35.192+0000][36.230s][debug][safepoint     ] Safepoint synchronization initiated. (65 threads)
[2023-11-12T20:09:35.192+0000][36.230s][info ][safepoint     ] Application time: 0.0013846 seconds
[2023-11-12T20:09:35.192+0000][36.230s][debug][safepoint     ] Waiting for 1 thread(s) to block
[2023-11-12T20:09:35.192+0000][36.230s][info ][safepoint     ] Entering safepoint region: Deoptimize
[2023-11-12T20:09:35.193+0000][36.231s][info ][safepoint     ] Leaving safepoint region
[2023-11-12T20:09:35.193+0000][36.231s][info ][safepoint     ] Total time for which application threads were stopped: 0.0008234 seconds, Stopping threads took: 0.0000705 seconds
[2023-11-12T20:09:35.225+0000][36.263s][debug][safepoint     ] Safepoint synchronization initiated. (65 threads)
[2023-11-12T20:09:35.225+0000][36.263s][info ][safepoint     ] Application time: 0.0325430 seconds
[2023-11-12T20:09:35.225+0000][36.263s][info ][safepoint     ] Entering safepoint region: Deoptimize
[2023-11-12T20:09:35.227+0000][36.265s][info ][safepoint     ] Leaving safepoint region
[2023-11-12T20:09:35.227+0000][36.265s][info ][safepoint     ] Total time for which application threads were stopped: 0.0017046 seconds, Stopping threads took: 0.0000311 seconds
[2023-11-12T20:09:35.520+0000][36.558s][debug][safepoint     ] Safepoint synchronization initiated. (65 threads)
[2023-11-12T20:09:35.520+0000][36.558s][info ][safepoint     ] Application time: 0.2929357 seconds
[2023-11-12T20:09:35.520+0000][36.558s][info ][safepoint     ] Entering safepoint region: Deoptimize
[2023-11-12T20:09:35.522+0000][36.560s][info ][safepoint     ] Leaving safepoint region
[2023-11-12T20:09:35.522+0000][36.560s][info ][safepoint     ] Total time for which application threads were stopped: 0.0017753 seconds, Stopping threads took: 0.0000357 seconds
[2023-11-12T20:09:36.409+0000][37.447s][debug][safepoint     ] Safepoint synchronization initiated. (65 threads)
[2023-11-12T20:09:36.409+0000][37.447s][info ][safepoint     ] Application time: 0.8869684 seconds
[2023-11-12T20:09:36.409+0000][37.447s][info ][safepoint     ] Entering safepoint region: Deoptimize
[2023-11-12T20:09:36.411+0000][37.449s][info ][safepoint     ] Leaving safepoint region
[2023-11-12T20:09:36.411+0000][37.449s][info ][safepoint     ] Total time for which application threads were stopped: 0.0021713 seconds, Stopping threads took: 0.0000311 seconds
[2023-11-12T20:09:36.769+0000][37.808s][debug][safepoint     ] Safepoint synchronization initiated. (65 threads)
[2023-11-12T20:09:36.770+0000][37.808s][info ][safepoint     ] Application time: 0.3586646 seconds
[2023-11-12T20:09:36.770+0000][37.808s][info ][safepoint     ] Entering safepoint region: Deoptimize
[2023-11-12T20:09:36.772+0000][37.810s][info ][safepoint     ] Leaving safepoint region
[2023-11-12T20:09:36.772+0000][37.810s][info ][safepoint     ] Total time for which application threads were stopped: 0.0020019 seconds, Stopping threads took: 0.0001849 seconds
[2023-11-12T20:09:36.832+0000][37.870s][debug][safepoint     ] Safepoint synchronization initiated. (65 threads)
[2023-11-12T20:09:36.832+0000][37.870s][info ][safepoint     ] Application time: 0.0601742 seconds
[2023-11-12T20:09:36.832+0000][37.870s][info ][safepoint     ] Entering safepoint region: Deoptimize
[2023-11-12T20:09:36.834+0000][37.872s][info ][safepoint     ] Leaving safepoint region
[2023-11-12T20:09:36.834+0000][37.872s][info ][safepoint     ] Total time for which application threads were stopped: 0.0016810 seconds, Stopping threads took: 0.0000469 seconds
[2023-11-12T20:09:37.001+0000][38.039s][debug][safepoint     ] Safepoint synchronization initiated. (65 threads)
[2023-11-12T20:09:37.001+0000][38.039s][info ][safepoint     ] Application time: 0.1671130 seconds
[2023-11-12T20:09:37.001+0000][38.039s][info ][safepoint     ] Entering safepoint region: G1CollectForAllocation
[2023-11-12T20:09:37.001+0000][38.039s][info ][gc,start      ] GC(34) Pause Young (Normal) (G1 Evacuation Pause)
[2023-11-12T20:09:37.001+0000][38.039s][info ][gc,task       ] GC(34) Using 6 workers of 6 for evacuation
[2023-11-12T20:09:37.043+0000][38.081s][info ][gc,phases     ] GC(34)   Pre Evacuate Collection Set: 0.0ms
[2023-11-12T20:09:37.043+0000][38.081s][info ][gc,phases     ] GC(34)   Evacuate Collection Set: 37.2ms
[2023-11-12T20:09:37.043+0000][38.081s][info ][gc,phases     ] GC(34)   Post Evacuate Collection Set: 3.9ms
[2023-11-12T20:09:37.043+0000][38.081s][info ][gc,phases     ] GC(34)   Other: 0.4ms
[2023-11-12T20:09:37.043+0000][38.081s][info ][gc,heap       ] GC(34) Eden regions: 422->0(416)
[2023-11-12T20:09:37.043+0000][38.081s][info ][gc,heap       ] GC(34) Survivor regions: 27->33(57)
[2023-11-12T20:09:37.043+0000][38.081s][info ][gc,heap       ] GC(34) Old regions: 82->82
[2023-11-12T20:09:37.043+0000][38.081s][info ][gc,heap       ] GC(34) Humongous regions: 0->0
[2023-11-12T20:09:37.043+0000][38.081s][info ][gc,metaspace  ] GC(34) Metaspace: 138164K(141844K)->138164K(141844K) NonClass: 122038K(124284K)->122038K(124284K) Class: 16126K(17560K)->16126K(17560K)
[2023-11-12T20:09:37.043+0000][38.081s][info ][gc            ] GC(34) Pause Young (Normal) (G1 Evacuation Pause) 528M->112M(749M) 41.745ms
[2023-11-12T20:09:37.043+0000][38.081s][info ][gc,cpu        ] GC(34) User=0.19s Sys=0.00s Real=0.04s
[2023-11-12T20:09:37.043+0000][38.081s][info ][safepoint     ] Leaving safepoint region
[2023-11-12T20:09:37.043+0000][38.081s][info ][safepoint     ] Total time for which application threads were stopped: 0.0420570 seconds, Stopping threads took: 0.0000334 seconds
[2023-11-12T20:09:37.043+0000][38.081s][info ][gc,stringdedup] Concurrent String Deduplication (38.081s)
[2023-11-12T20:09:37.048+0000][38.086s][info ][gc,stringdedup] Concurrent String Deduplication 497.2K->116.3K(380.9K) avg 51.1% (38.081s, 38.086s) 4.932ms
[2023-11-12T20:09:37.714+0000][38.752s][debug][safepoint     ] Safepoint synchronization initiated. (72 threads)
[2023-11-12T20:09:37.714+0000][38.752s][info ][safepoint     ] Application time: 0.6708275 seconds
[2023-11-12T20:09:37.714+0000][38.752s][info ][safepoint     ] Entering safepoint region: Deoptimize
[2023-11-12T20:09:37.716+0000][38.754s][info ][safepoint     ] Leaving safepoint region
[2023-11-12T20:09:37.716+0000][38.754s][info ][safepoint     ] Total time for which application threads were stopped: 0.0017616 seconds, Stopping threads took: 0.0000600 seconds
[2023-11-12T20:09:38.423+0000][39.462s][debug][safepoint     ] Safepoint synchronization initiated. (84 threads)
[2023-11-12T20:09:38.424+0000][39.462s][info ][safepoint     ] Application time: 0.7078341 seconds
[2023-11-12T20:09:38.424+0000][39.462s][info ][safepoint     ] Entering safepoint region: ICBufferFull
[2023-11-12T20:09:38.424+0000][39.462s][info ][safepoint     ] Leaving safepoint region
[2023-11-12T20:09:38.424+0000][39.462s][info ][safepoint     ] Total time for which application threads were stopped: 0.0004080 seconds, Stopping threads took: 0.0000405 seconds
[2023-11-12T20:09:38.864+0000][39.903s][debug][safepoint     ] Safepoint synchronization initiated. (84 threads)
[2023-11-12T20:09:38.865+0000][39.903s][info ][safepoint     ] Application time: 0.4405956 seconds
[2023-11-12T20:09:38.865+0000][39.903s][info ][safepoint     ] Entering safepoint region: ICBufferFull
[2023-11-12T20:09:38.865+0000][39.903s][info ][safepoint     ] Leaving safepoint region
[2023-11-12T20:09:38.865+0000][39.903s][info ][safepoint     ] Total time for which application threads were stopped: 0.0003969 seconds, Stopping threads took: 0.0000386 seconds
[2023-11-12T20:09:39.411+0000][40.449s][debug][safepoint     ] Safepoint synchronization initiated. (84 threads)
[2023-11-12T20:09:39.411+0000][40.449s][info ][safepoint     ] Application time: 0.5462873 seconds
[2023-11-12T20:09:39.411+0000][40.449s][debug][safepoint     ] Waiting for 1 thread(s) to block
[2023-11-12T20:09:39.411+0000][40.450s][info ][safepoint     ] Entering safepoint region: ICBufferFull
[2023-11-12T20:09:39.412+0000][40.450s][info ][safepoint     ] Leaving safepoint region
[2023-11-12T20:09:39.412+0000][40.450s][info ][safepoint     ] Total time for which application threads were stopped: 0.0004270 seconds, Stopping threads took: 0.0000853 seconds
[2023-11-12T20:09:39.620+0000][40.658s][debug][safepoint     ] Safepoint synchronization initiated. (84 threads)
[2023-11-12T20:09:39.620+0000][40.658s][info ][safepoint     ] Application time: 0.2085039 seconds
[2023-11-12T20:09:39.620+0000][40.658s][debug][safepoint     ] Waiting for 1 thread(s) to block
[2023-11-12T20:09:39.620+0000][40.658s][info ][safepoint     ] Entering safepoint region: G1CollectForAllocation
[2023-11-12T20:09:39.621+0000][40.659s][info ][gc,start      ] GC(35) Pause Young (Normal) (G1 Evacuation Pause)
[2023-11-12T20:09:39.621+0000][40.659s][info ][gc,task       ] GC(35) Using 6 workers of 6 for evacuation
[2023-11-12T20:09:39.668+0000][40.706s][info ][gc,phases     ] GC(35)   Pre Evacuate Collection Set: 0.0ms
[2023-11-12T20:09:39.668+0000][40.707s][info ][gc,phases     ] GC(35)   Evacuate Collection Set: 43.3ms
[2023-11-12T20:09:39.668+0000][40.707s][info ][gc,phases     ] GC(35)   Post Evacuate Collection Set: 4.1ms
[2023-11-12T20:09:39.668+0000][40.707s][info ][gc,phases     ] GC(35)   Other: 0.4ms
[2023-11-12T20:09:39.668+0000][40.707s][info ][gc,heap       ] GC(35) Eden regions: 416->0(413)
[2023-11-12T20:09:39.668+0000][40.707s][info ][gc,heap       ] GC(35) Survivor regions: 33->36(57)
[2023-11-12T20:09:39.668+0000][40.707s][info ][gc,heap       ] GC(35) Old regions: 82->89
[2023-11-12T20:09:39.668+0000][40.707s][info ][gc,heap       ] GC(35) Humongous regions: 0->0
[2023-11-12T20:09:39.669+0000][40.707s][info ][gc,metaspace  ] GC(35) Metaspace: 142573K(147092K)->142573K(147092K) NonClass: 125858K(128636K)->125858K(128636K) Class: 16714K(18456K)->16714K(18456K)
[2023-11-12T20:09:39.669+0000][40.707s][info ][gc            ] GC(35) Pause Young (Normal) (G1 Evacuation Pause) 528M->123M(749M) 47.922ms
[2023-11-12T20:09:39.669+0000][40.707s][info ][gc,cpu        ] GC(35) User=0.24s Sys=0.01s Real=0.05s
[2023-11-12T20:09:39.669+0000][40.707s][info ][safepoint     ] Leaving safepoint region
[2023-11-12T20:09:39.669+0000][40.707s][info ][safepoint     ] Total time for which application threads were stopped: 0.0483553 seconds, Stopping threads took: 0.0000735 seconds
[2023-11-12T20:09:39.669+0000][40.707s][info ][gc,stringdedup] Concurrent String Deduplication (40.707s)
[2023-11-12T20:09:39.673+0000][40.711s][info ][gc,stringdedup] Concurrent String Deduplication 697.1K->219.5K(477.6K) avg 51.8% (40.707s, 40.711s) 4.263ms
[2023-11-12T20:09:40.293+0000][41.331s][debug][safepoint     ] Safepoint synchronization initiated. (84 threads)
[2023-11-12T20:09:40.293+0000][41.331s][info ][safepoint     ] Application time: 0.6240991 seconds
[2023-11-12T20:09:40.293+0000][41.331s][debug][safepoint     ] Waiting for 1 thread(s) to block
[2023-11-12T20:09:40.293+0000][41.331s][info ][safepoint     ] Entering safepoint region: ICBufferFull
[2023-11-12T20:09:40.293+0000][41.331s][info ][safepoint     ] Leaving safepoint region
[2023-11-12T20:09:40.293+0000][41.331s][info ][safepoint     ] Total time for which application threads were stopped: 0.0003861 seconds, Stopping threads took: 0.0000760 seconds
[2023-11-12T20:09:41.293+0000][42.331s][debug][safepoint     ] Safepoint synchronization initiated. (84 threads)
[2023-11-12T20:09:41.293+0000][42.332s][info ][safepoint     ] Application time: 1.0001781 seconds
[2023-11-12T20:09:41.298+0000][42.336s][debug][safepoint     ] ... found polling page return exception at pc = 0x00007f10dc2c32e8, stub =0x00007f10d4841800
[2023-11-12T20:09:41.299+0000][42.337s][debug][safepoint     ] Waiting for 1 thread(s) to block
[2023-11-12T20:09:41.299+0000][42.337s][info ][safepoint     ] Entering safepoint region: Cleanup
[2023-11-12T20:09:41.300+0000][42.338s][info ][safepoint     ] Leaving safepoint region
[2023-11-12T20:09:41.300+0000][42.338s][info ][safepoint     ] Total time for which application threads were stopped: 0.0062065 seconds, Stopping threads took: 0.0058909 seconds
[2023-11-12T20:09:41.699+0000][42.737s][debug][safepoint     ] Safepoint synchronization initiated. (84 threads)
[2023-11-12T20:09:41.699+0000][42.737s][info ][safepoint     ] Application time: 0.3992913 seconds
[2023-11-12T20:09:41.699+0000][42.737s][debug][safepoint     ] Waiting for 1 thread(s) to block
[2023-11-12T20:09:41.699+0000][42.737s][info ][safepoint     ] Entering safepoint region: G1CollectForAllocation
[2023-11-12T20:09:41.699+0000][42.737s][info ][gc,start      ] GC(36) Pause Young (Normal) (G1 Evacuation Pause)
[2023-11-12T20:09:41.699+0000][42.737s][info ][gc,task       ] GC(36) Using 6 workers of 6 for evacuation
[2023-11-12T20:09:41.738+0000][42.776s][info ][gc,phases     ] GC(36)   Pre Evacuate Collection Set: 0.0ms
[2023-11-12T20:09:41.738+0000][42.776s][info ][gc,phases     ] GC(36)   Evacuate Collection Set: 35.5ms
[2023-11-12T20:09:41.738+0000][42.777s][info ][gc,phases     ] GC(36)   Post Evacuate Collection Set: 3.2ms
[2023-11-12T20:09:41.738+0000][42.777s][info ][gc,phases     ] GC(36)   Other: 0.3ms
[2023-11-12T20:09:41.738+0000][42.777s][info ][gc,heap       ] GC(36) Eden regions: 413->0(415)
[2023-11-12T20:09:41.738+0000][42.777s][info ][gc,heap       ] GC(36) Survivor regions: 36->34(57)
[2023-11-12T20:09:41.738+0000][42.777s][info ][gc,heap       ] GC(36) Old regions: 89->98
[2023-11-12T20:09:41.738+0000][42.777s][info ][gc,heap       ] GC(36) Humongous regions: 0->0
[2023-11-12T20:09:41.738+0000][42.777s][info ][gc,metaspace  ] GC(36) Metaspace: 143309K(147988K)->143309K(147988K) NonClass: 126528K(129404K)->126528K(129404K) Class: 16781K(18584K)->16781K(18584K)
[2023-11-12T20:09:41.738+0000][42.777s][info ][gc            ] GC(36) Pause Young (Normal) (G1 Evacuation Pause) 536M->130M(749M) 39.300ms
[2023-11-12T20:09:41.739+0000][42.777s][info ][gc,cpu        ] GC(36) User=0.20s Sys=0.01s Real=0.04s
[2023-11-12T20:09:41.739+0000][42.777s][info ][safepoint     ] Leaving safepoint region
[2023-11-12T20:09:41.739+0000][42.777s][info ][safepoint     ] Total time for which application threads were stopped: 0.0396705 seconds, Stopping threads took: 0.0000766 seconds
[2023-11-12T20:09:41.739+0000][42.777s][info ][gc,stringdedup] Concurrent String Deduplication (42.777s)
[2023-11-12T20:09:41.743+0000][42.781s][info ][gc,stringdedup] Concurrent String Deduplication 537.2K->268.4K(268.8K) avg 51.8% (42.777s, 42.781s) 4.113ms
[2023-11-12T20:09:42.163+0000][43.201s][debug][safepoint     ] Safepoint synchronization initiated. (84 threads)
[2023-11-12T20:09:42.163+0000][43.201s][info ][safepoint     ] Application time: 0.4246974 seconds
[2023-11-12T20:09:42.163+0000][43.201s][debug][safepoint     ] Waiting for 1 thread(s) to block
[2023-11-12T20:09:42.164+0000][43.202s][info ][safepoint     ] Entering safepoint region: ICBufferFull
[2023-11-12T20:09:42.164+0000][43.202s][info ][safepoint     ] Leaving safepoint region
[2023-11-12T20:09:42.164+0000][43.202s][info ][safepoint     ] Total time for which application threads were stopped: 0.0009197 seconds, Stopping threads took: 0.0005788 seconds
[2023-11-12T20:09:42.683+0000][43.721s][debug][safepoint     ] Safepoint synchronization initiated. (85 threads)
[2023-11-12T20:09:42.683+0000][43.721s][info ][safepoint     ] Application time: 0.5190177 seconds
[2023-11-12T20:09:42.683+0000][43.722s][debug][safepoint     ] Waiting for 1 thread(s) to block
[2023-11-12T20:09:42.683+0000][43.722s][info ][safepoint     ] Entering safepoint region: ICBufferFull
[2023-11-12T20:09:42.684+0000][43.722s][info ][safepoint     ] Leaving safepoint region
[2023-11-12T20:09:42.684+0000][43.722s][info ][safepoint     ] Total time for which application threads were stopped: 0.0005710 seconds, Stopping threads took: 0.0001306 seconds
[2023-11-12T20:09:43.237+0000][44.276s][debug][safepoint     ] Safepoint synchronization initiated. (85 threads)
[2023-11-12T20:09:43.238+0000][44.276s][info ][safepoint     ] Application time: 0.5536675 seconds
[2023-11-12T20:09:43.238+0000][44.276s][debug][safepoint     ] Waiting for 1 thread(s) to block
[2023-11-12T20:09:43.238+0000][44.276s][info ][safepoint     ] Entering safepoint region: G1CollectForAllocation
[2023-11-12T20:09:43.238+0000][44.276s][info ][gc,start      ] GC(37) Pause Young (Normal) (G1 Evacuation Pause)
[2023-11-12T20:09:43.238+0000][44.276s][info ][gc,task       ] GC(37) Using 6 workers of 6 for evacuation
[2023-11-12T20:09:43.293+0000][44.331s][info ][gc,phases     ] GC(37)   Pre Evacuate Collection Set: 0.0ms
[2023-11-12T20:09:43.293+0000][44.331s][info ][gc,phases     ] GC(37)   Evacuate Collection Set: 51.7ms
[2023-11-12T20:09:43.293+0000][44.331s][info ][gc,phases     ] GC(37)   Post Evacuate Collection Set: 2.8ms
[2023-11-12T20:09:43.293+0000][44.331s][info ][gc,phases     ] GC(37)   Other: 0.6ms
[2023-11-12T20:09:43.293+0000][44.331s][info ][gc,heap       ] GC(37) Eden regions: 415->0(418)
[2023-11-12T20:09:43.293+0000][44.331s][info ][gc,heap       ] GC(37) Survivor regions: 34->31(57)
[2023-11-12T20:09:43.293+0000][44.331s][info ][gc,heap       ] GC(37) Old regions: 98->108
[2023-11-12T20:09:43.293+0000][44.331s][info ][gc,heap       ] GC(37) Humongous regions: 0->0
[2023-11-12T20:09:43.293+0000][44.331s][info ][gc,metaspace  ] GC(37) Metaspace: 143714K(148244K)->143714K(148244K) NonClass: 126898K(129660K)->126898K(129660K) Class: 16815K(18584K)->16815K(18584K)
[2023-11-12T20:09:43.293+0000][44.331s][info ][gc            ] GC(37) Pause Young (Normal) (G1 Evacuation Pause) 545M->136M(749M) 55.346ms
[2023-11-12T20:09:43.293+0000][44.331s][info ][gc,cpu        ] GC(37) User=0.24s Sys=0.01s Real=0.05s
[2023-11-12T20:09:43.293+0000][44.331s][info ][safepoint     ] Leaving safepoint region
[2023-11-12T20:09:43.293+0000][44.331s][info ][safepoint     ] Total time for which application threads were stopped: 0.0557460 seconds, Stopping threads took: 0.0000793 seconds
[2023-11-12T20:09:43.293+0000][44.332s][info ][gc,stringdedup] Concurrent String Deduplication (44.332s)
[2023-11-12T20:09:43.300+0000][44.338s][info ][gc,stringdedup] Concurrent String Deduplication 952.9K->279.0K(673.9K) avg 52.8% (44.332s, 44.338s) 6.473ms
[2023-11-12T20:09:43.924+0000][44.962s][debug][safepoint     ] Safepoint synchronization initiated. (85 threads)
[2023-11-12T20:09:43.924+0000][44.962s][info ][safepoint     ] Application time: 0.6307687 seconds
[2023-11-12T20:09:43.929+0000][44.967s][debug][safepoint     ] ... found polling page return exception at pc = 0x00007f10dcd18407, stub =0x00007f10d4841800
[2023-11-12T20:09:43.930+0000][44.968s][debug][safepoint     ] Waiting for 1 thread(s) to block
[2023-11-12T20:09:43.930+0000][44.968s][info ][safepoint     ] Entering safepoint region: Deoptimize
[2023-11-12T20:09:43.932+0000][44.970s][info ][safepoint     ] Leaving safepoint region
[2023-11-12T20:09:43.932+0000][44.970s][info ][safepoint     ] Total time for which application threads were stopped: 0.0078312 seconds, Stopping threads took: 0.0057586 seconds
[2023-11-12T20:09:44.441+0000][45.479s][debug][safepoint     ] Safepoint synchronization initiated. (85 threads)
[2023-11-12T20:09:44.441+0000][45.479s][info ][safepoint     ] Application time: 0.5092010 seconds
[2023-11-12T20:09:44.441+0000][45.479s][debug][safepoint     ] Waiting for 1 thread(s) to block
[2023-11-12T20:09:44.441+0000][45.479s][info ][safepoint     ] Entering safepoint region: G1CollectForAllocation
[2023-11-12T20:09:44.442+0000][45.480s][info ][gc,start      ] GC(38) Pause Young (Normal) (G1 Evacuation Pause)
[2023-11-12T20:09:44.442+0000][45.480s][info ][gc,task       ] GC(38) Using 6 workers of 6 for evacuation
[2023-11-12T20:09:44.477+0000][45.515s][info ][gc,phases     ] GC(38)   Pre Evacuate Collection Set: 0.0ms
[2023-11-12T20:09:44.477+0000][45.515s][info ][gc,phases     ] GC(38)   Evacuate Collection Set: 31.0ms
[2023-11-12T20:09:44.477+0000][45.515s][info ][gc,phases     ] GC(38)   Post Evacuate Collection Set: 3.8ms
[2023-11-12T20:09:44.477+0000][45.515s][info ][gc,phases     ] GC(38)   Other: 0.3ms
[2023-11-12T20:09:44.477+0000][45.515s][info ][gc,heap       ] GC(38) Eden regions: 418->0(422)
[2023-11-12T20:09:44.477+0000][45.515s][info ][gc,heap       ] GC(38) Survivor regions: 31->27(57)
[2023-11-12T20:09:44.477+0000][45.515s][info ][gc,heap       ] GC(38) Old regions: 108->114
[2023-11-12T20:09:44.477+0000][45.515s][info ][gc,heap       ] GC(38) Humongous regions: 0->0
[2023-11-12T20:09:44.477+0000][45.515s][info ][gc,metaspace  ] GC(38) Metaspace: 145433K(149908K)->145433K(149908K) NonClass: 128422K(131196K)->128422K(131196K) Class: 17010K(18712K)->17010K(18712K)
[2023-11-12T20:09:44.477+0000][45.515s][info ][gc            ] GC(38) Pause Young (Normal) (G1 Evacuation Pause) 554M->138M(749M) 35.397ms
[2023-11-12T20:09:44.477+0000][45.515s][info ][gc,cpu        ] GC(38) User=0.18s Sys=0.01s Real=0.04s
[2023-11-12T20:09:44.477+0000][45.515s][info ][safepoint     ] Leaving safepoint region
[2023-11-12T20:09:44.477+0000][45.515s][info ][safepoint     ] Total time for which application threads were stopped: 0.0358752 seconds, Stopping threads took: 0.0000770 seconds
[2023-11-12T20:09:44.477+0000][45.515s][info ][gc,stringdedup] Concurrent String Deduplication (45.515s)
[2023-11-12T20:09:44.483+0000][45.521s][info ][gc,stringdedup] Concurrent String Deduplication 767.5K->267.5K(500.0K) avg 53.3% (45.515s, 45.521s) 5.812ms
[2023-11-12T20:09:45.478+0000][46.517s][debug][safepoint     ] Safepoint synchronization initiated. (91 threads)
[2023-11-12T20:09:45.479+0000][46.517s][info ][safepoint     ] Application time: 1.0014329 seconds
[2023-11-12T20:09:45.479+0000][46.517s][debug][safepoint     ] Waiting for 1 thread(s) to block
[2023-11-12T20:09:45.479+0000][46.517s][info ][safepoint     ] Entering safepoint region: Cleanup
[2023-11-12T20:09:45.479+0000][46.517s][info ][safepoint     ] Leaving safepoint region
[2023-11-12T20:09:45.479+0000][46.517s][info ][safepoint     ] Total time for which application threads were stopped: 0.0003644 seconds, Stopping threads took: 0.0000855 seconds
[2023-11-12T20:09:45.508+0000][46.546s][debug][safepoint     ] Safepoint synchronization initiated. (91 threads)
[2023-11-12T20:09:45.508+0000][46.546s][info ][safepoint     ] Application time: 0.0292158 seconds
[2023-11-12T20:09:45.508+0000][46.546s][debug][safepoint     ] Waiting for 1 thread(s) to block
[2023-11-12T20:09:45.508+0000][46.546s][info ][safepoint     ] Entering safepoint region: Deoptimize
[2023-11-12T20:09:45.510+0000][46.548s][info ][safepoint     ] Leaving safepoint region
[2023-11-12T20:09:45.510+0000][46.548s][info ][safepoint     ] Total time for which application threads were stopped: 0.0020179 seconds, Stopping threads took: 0.0000624 seconds
[2023-11-12T20:09:45.645+0000][46.683s][debug][safepoint     ] Safepoint synchronization initiated. (102 threads)
[2023-11-12T20:09:45.645+0000][46.683s][info ][safepoint     ] Application time: 0.1348889 seconds
[2023-11-12T20:09:45.645+0000][46.683s][debug][safepoint     ] Waiting for 1 thread(s) to block
[2023-11-12T20:09:45.645+0000][46.683s][info ][safepoint     ] Entering safepoint region: Deoptimize
[2023-11-12T20:09:45.647+0000][46.685s][info ][safepoint     ] Leaving safepoint region
[2023-11-12T20:09:45.647+0000][46.685s][info ][safepoint     ] Total time for which application threads were stopped: 0.0021878 seconds, Stopping threads took: 0.0000966 seconds
[2023-11-12T20:09:45.809+0000][46.847s][debug][safepoint     ] Safepoint synchronization initiated. (130 threads)
[2023-11-12T20:09:45.809+0000][46.847s][info ][safepoint     ] Application time: 0.1617041 seconds
[2023-11-12T20:09:45.809+0000][46.847s][info ][safepoint     ] Entering safepoint region: G1CollectForAllocation
[2023-11-12T20:09:45.809+0000][46.848s][info ][gc,start      ] GC(39) Pause Young (Normal) (G1 Evacuation Pause)
[2023-11-12T20:09:45.809+0000][46.848s][info ][gc,task       ] GC(39) Using 6 workers of 6 for evacuation
[2023-11-12T20:09:45.845+0000][46.883s][info ][gc,phases     ] GC(39)   Pre Evacuate Collection Set: 0.0ms
[2023-11-12T20:09:45.845+0000][46.883s][info ][gc,phases     ] GC(39)   Evacuate Collection Set: 31.5ms
[2023-11-12T20:09:45.845+0000][46.883s][info ][gc,phases     ] GC(39)   Post Evacuate Collection Set: 3.9ms
[2023-11-12T20:09:45.845+0000][46.883s][info ][gc,phases     ] GC(39)   Other: 0.3ms
[2023-11-12T20:09:45.845+0000][46.883s][info ][gc,heap       ] GC(39) Eden regions: 422->0(417)
[2023-11-12T20:09:45.845+0000][46.883s][info ][gc,heap       ] GC(39) Survivor regions: 27->32(57)
[2023-11-12T20:09:45.845+0000][46.883s][info ][gc,heap       ] GC(39) Old regions: 114->114
[2023-11-12T20:09:45.845+0000][46.883s][info ][gc,heap       ] GC(39) Humongous regions: 0->0
[2023-11-12T20:09:45.845+0000][46.883s][info ][gc,metaspace  ] GC(39) Metaspace: 149347K(154260K)->149347K(154260K) NonClass: 131846K(134780K)->131846K(134780K) Class: 17500K(19480K)->17500K(19480K)
[2023-11-12T20:09:45.845+0000][46.884s][info ][gc            ] GC(39) Pause Young (Normal) (G1 Evacuation Pause) 560M->143M(749M) 35.945ms
[2023-11-12T20:09:45.845+0000][46.884s][info ][gc,cpu        ] GC(39) User=0.16s Sys=0.00s Real=0.03s
[2023-11-12T20:09:45.845+0000][46.884s][info ][safepoint     ] Leaving safepoint region
[2023-11-12T20:09:45.845+0000][46.884s][info ][safepoint     ] Total time for which application threads were stopped: 0.0364051 seconds, Stopping threads took: 0.0000550 seconds
[2023-11-12T20:09:45.846+0000][46.884s][info ][gc,stringdedup] Concurrent String Deduplication (46.884s)
[2023-11-12T20:09:45.849+0000][46.887s][info ][gc,stringdedup] Concurrent String Deduplication 603.6K->191.2K(412.4K) avg 53.8% (46.884s, 46.887s) 3.526ms
[2023-11-12T20:09:45.916+0000][46.954s][debug][safepoint     ] Safepoint synchronization initiated. (131 threads)
[2023-11-12T20:09:45.916+0000][46.954s][info ][safepoint     ] Application time: 0.0705821 seconds
[2023-11-12T20:09:45.916+0000][46.954s][info ][safepoint     ] Entering safepoint region: Deoptimize
[2023-11-12T20:09:45.918+0000][46.956s][info ][safepoint     ] Leaving safepoint region
[2023-11-12T20:09:45.918+0000][46.956s][info ][safepoint     ] Total time for which application threads were stopped: 0.0021284 seconds, Stopping threads took: 0.0000533 seconds
[2023-11-12T20:09:45.971+0000][47.009s][debug][safepoint     ] Safepoint synchronization initiated. (131 threads)
[2023-11-12T20:09:45.971+0000][47.009s][info ][safepoint     ] Application time: 0.0530928 seconds
[2023-11-12T20:09:45.972+0000][47.010s][debug][safepoint     ] ... found polling page loop exception at pc = 0x00007f10dc935eaa, stub =0x00007f10d4841b00
[2023-11-12T20:09:45.972+0000][47.010s][debug][safepoint     ] Waiting for 2 thread(s) to block
[2023-11-12T20:09:45.972+0000][47.010s][info ][safepoint     ] Entering safepoint region: Deoptimize
[2023-11-12T20:09:45.974+0000][47.012s][info ][safepoint     ] Leaving safepoint region
[2023-11-12T20:09:45.974+0000][47.012s][info ][safepoint     ] Total time for which application threads were stopped: 0.0025325 seconds, Stopping threads took: 0.0005667 seconds
[2023-11-12T20:09:46.053+0000][47.091s][debug][safepoint     ] Safepoint synchronization initiated. (132 threads)
[2023-11-12T20:09:46.053+0000][47.091s][info ][safepoint     ] Application time: 0.0793584 seconds
[2023-11-12T20:09:46.053+0000][47.091s][info ][safepoint     ] Entering safepoint region: Deoptimize
[2023-11-12T20:09:46.055+0000][47.094s][info ][safepoint     ] Leaving safepoint region
[2023-11-12T20:09:46.055+0000][47.094s][info ][safepoint     ] Total time for which application threads were stopped: 0.0021734 seconds, Stopping threads took: 0.0000767 seconds
[2023-11-12T20:09:47.056+0000][48.094s][debug][safepoint     ] Safepoint synchronization initiated. (164 threads)
[2023-11-12T20:09:47.056+0000][48.094s][info ][safepoint     ] Application time: 1.0002767 seconds
[2023-11-12T20:09:47.056+0000][48.094s][info ][safepoint     ] Entering safepoint region: Cleanup
[2023-11-12T20:09:47.062+0000][48.100s][info ][safepoint     ] Leaving safepoint region
[2023-11-12T20:09:47.062+0000][48.100s][info ][safepoint     ] Total time for which application threads were stopped: 0.0063459 seconds, Stopping threads took: 0.0001574 seconds
[2023-11-12T20:09:48.062+0000][49.101s][debug][safepoint     ] Safepoint synchronization initiated. (163 threads)
[2023-11-12T20:09:48.062+0000][49.101s][info ][safepoint     ] Application time: 1.0002648 seconds
[2023-11-12T20:09:48.063+0000][49.101s][info ][safepoint     ] Entering safepoint region: Cleanup
[2023-11-12T20:09:48.063+0000][49.101s][info ][safepoint     ] Leaving safepoint region
[2023-11-12T20:09:48.063+0000][49.101s][info ][safepoint     ] Total time for which application threads were stopped: 0.0006184 seconds, Stopping threads took: 0.0001122 seconds
[2023-11-12T20:09:49.063+0000][50.101s][debug][safepoint     ] Safepoint synchronization initiated. (164 threads)
[2023-11-12T20:09:49.063+0000][50.102s][info ][safepoint     ] Application time: 1.0001828 seconds
[2023-11-12T20:09:49.063+0000][50.102s][info ][safepoint     ] Entering safepoint region: Cleanup
[2023-11-12T20:09:49.064+0000][50.102s][info ][safepoint     ] Leaving safepoint region
[2023-11-12T20:09:49.064+0000][50.102s][info ][safepoint     ] Total time for which application threads were stopped: 0.0005732 seconds, Stopping threads took: 0.0001140 seconds
[2023-11-12T20:09:50.064+0000][51.102s][debug][safepoint     ] Safepoint synchronization initiated. (164 threads)
[2023-11-12T20:09:50.064+0000][51.102s][info ][safepoint     ] Application time: 1.0002808 seconds
[2023-11-12T20:09:50.064+0000][51.103s][info ][safepoint     ] Entering safepoint region: Cleanup
[2023-11-12T20:09:50.065+0000][51.103s][info ][safepoint     ] Leaving safepoint region
[2023-11-12T20:09:50.065+0000][51.103s][info ][safepoint     ] Total time for which application threads were stopped: 0.0004985 seconds, Stopping threads took: 0.0001127 seconds
[2023-11-12T20:09:51.065+0000][52.103s][debug][safepoint     ] Safepoint synchronization initiated. (164 threads)
[2023-11-12T20:09:51.065+0000][52.103s][info ][safepoint     ] Application time: 1.0002701 seconds
[2023-11-12T20:09:51.065+0000][52.103s][info ][safepoint     ] Entering safepoint region: Cleanup
[2023-11-12T20:09:51.066+0000][52.104s][info ][safepoint     ] Leaving safepoint region
[2023-11-12T20:09:51.066+0000][52.104s][info ][safepoint     ] Total time for which application threads were stopped: 0.0003867 seconds, Stopping threads took: 0.0001094 seconds
[2023-11-12T20:09:52.066+0000][53.104s][debug][safepoint     ] Safepoint synchronization initiated. (164 threads)
[2023-11-12T20:09:52.066+0000][53.104s][info ][safepoint     ] Application time: 1.0002452 seconds
[2023-11-12T20:09:52.066+0000][53.104s][info ][safepoint     ] Entering safepoint region: Cleanup
[2023-11-12T20:09:52.066+0000][53.104s][info ][safepoint     ] Leaving safepoint region
[2023-11-12T20:09:52.066+0000][53.105s][info ][safepoint     ] Total time for which application threads were stopped: 0.0005198 seconds, Stopping threads took: 0.0001600 seconds
[2023-11-12T20:09:53.067+0000][54.105s][debug][safepoint     ] Safepoint synchronization initiated. (165 threads)
[2023-11-12T20:09:53.067+0000][54.105s][info ][safepoint     ] Application time: 1.0002913 seconds
[2023-11-12T20:09:53.067+0000][54.105s][info ][safepoint     ] Entering safepoint region: Cleanup
[2023-11-12T20:09:53.067+0000][54.105s][info ][safepoint     ] Leaving safepoint region
[2023-11-12T20:09:53.067+0000][54.105s][info ][safepoint     ] Total time for which application threads were stopped: 0.0005162 seconds, Stopping threads took: 0.0001496 seconds
[2023-11-12T20:09:54.067+0000][55.106s][debug][safepoint     ] Safepoint synchronization initiated. (165 threads)
[2023-11-12T20:09:54.068+0000][55.106s][info ][safepoint     ] Application time: 1.0002707 seconds
[2023-11-12T20:09:54.068+0000][55.106s][info ][safepoint     ] Entering safepoint region: Cleanup
[2023-11-12T20:09:54.069+0000][55.107s][info ][safepoint     ] Leaving safepoint region
[2023-11-12T20:09:54.069+0000][55.107s][info ][safepoint     ] Total time for which application threads were stopped: 0.0013320 seconds, Stopping threads took: 0.0009439 seconds
[2023-11-12T20:09:55.069+0000][56.107s][debug][safepoint     ] Safepoint synchronization initiated. (165 threads)
[2023-11-12T20:09:55.069+0000][56.107s][info ][safepoint     ] Application time: 1.0003407 seconds
[2023-11-12T20:09:55.069+0000][56.108s][info ][safepoint     ] Entering safepoint region: Cleanup
[2023-11-12T20:09:55.070+0000][56.108s][info ][safepoint     ] Leaving safepoint region
[2023-11-12T20:09:55.070+0000][56.108s][info ][safepoint     ] Total time for which application threads were stopped: 0.0005462 seconds, Stopping threads took: 0.0001035 seconds
[2023-11-12T20:09:55.070+0000][56.108s][debug][safepoint     ] ... found polling page return exception at pc = 0x00007f10dd0d43c6, stub =0x00007f10d4841800
[2023-11-12T20:09:56.070+0000][57.108s][debug][safepoint     ] Safepoint synchronization initiated. (166 threads)
[2023-11-12T20:09:56.070+0000][57.108s][info ][safepoint     ] Application time: 1.0001681 seconds
[2023-11-12T20:09:56.070+0000][57.108s][info ][safepoint     ] Entering safepoint region: Cleanup
[2023-11-12T20:09:56.070+0000][57.109s][info ][safepoint     ] Leaving safepoint region
[2023-11-12T20:09:56.070+0000][57.109s][info ][safepoint     ] Total time for which application threads were stopped: 0.0003165 seconds, Stopping threads took: 0.0000709 seconds
[2023-11-12T20:09:57.071+0000][58.109s][debug][safepoint     ] Safepoint synchronization initiated. (165 threads)
[2023-11-12T20:09:57.071+0000][58.109s][info ][safepoint     ] Application time: 1.0001551 seconds
[2023-11-12T20:09:57.071+0000][58.109s][info ][safepoint     ] Entering safepoint region: Cleanup
[2023-11-12T20:09:57.071+0000][58.109s][info ][safepoint     ] Leaving safepoint region
[2023-11-12T20:09:57.071+0000][58.109s][info ][safepoint     ] Total time for which application threads were stopped: 0.0002554 seconds, Stopping threads took: 0.0000674 seconds
[2023-11-12T20:09:57.475+0000][58.513s][debug][safepoint     ] Safepoint synchronization initiated. (165 threads)
[2023-11-12T20:09:57.475+0000][58.513s][info ][safepoint     ] Application time: 0.4043296 seconds
[2023-11-12T20:09:57.475+0000][58.514s][info ][safepoint     ] Entering safepoint region: Deoptimize
[2023-11-12T20:09:57.478+0000][58.516s][info ][safepoint     ] Leaving safepoint region
[2023-11-12T20:09:57.478+0000][58.516s][info ][safepoint     ] Total time for which application threads were stopped: 0.0023714 seconds, Stopping threads took: 0.0000638 seconds
[2023-11-12T20:09:58.478+0000][59.516s][debug][safepoint     ] Safepoint synchronization initiated. (165 threads)
[2023-11-12T20:09:58.479+0000][59.517s][info ][safepoint     ] Application time: 1.0010882 seconds
[2023-11-12T20:09:58.479+0000][59.517s][info ][safepoint     ] Entering safepoint region: Cleanup
[2023-11-12T20:09:58.480+0000][59.518s][info ][safepoint     ] Leaving safepoint region
[2023-11-12T20:09:58.480+0000][59.518s][info ][safepoint     ] Total time for which application threads were stopped: 0.0008007 seconds, Stopping threads took: 0.0001062 seconds
[2023-11-12T20:09:59.480+0000][60.518s][debug][safepoint     ] Safepoint synchronization initiated. (165 threads)
[2023-11-12T20:09:59.480+0000][60.518s][info ][safepoint     ] Application time: 1.0003148 seconds
[2023-11-12T20:09:59.480+0000][60.518s][info ][safepoint     ] Entering safepoint region: Cleanup
[2023-11-12T20:09:59.480+0000][60.519s][info ][safepoint     ] Leaving safepoint region
[2023-11-12T20:09:59.481+0000][60.519s][info ][safepoint     ] Total time for which application threads were stopped: 0.0004687 seconds, Stopping threads took: 0.0001065 seconds
[2023-11-12T20:10:00.481+0000][61.519s][debug][safepoint     ] Safepoint synchronization initiated. (165 threads)
[2023-11-12T20:10:00.481+0000][61.519s][info ][safepoint     ] Application time: 1.0002982 seconds
[2023-11-12T20:10:00.481+0000][61.519s][info ][safepoint     ] Entering safepoint region: Cleanup
[2023-11-12T20:10:00.482+0000][61.520s][info ][safepoint     ] Leaving safepoint region
[2023-11-12T20:10:00.482+0000][61.520s][info ][safepoint     ] Total time for which application threads were stopped: 0.0008452 seconds, Stopping threads took: 0.0001068 seconds
[2023-11-12T20:10:01.482+0000][62.520s][debug][safepoint     ] Safepoint synchronization initiated. (165 threads)
[2023-11-12T20:10:01.482+0000][62.520s][info ][safepoint     ] Application time: 1.0003516 seconds
[2023-11-12T20:10:01.482+0000][62.520s][info ][safepoint     ] Entering safepoint region: Cleanup
[2023-11-12T20:10:01.483+0000][62.521s][info ][safepoint     ] Leaving safepoint region
[2023-11-12T20:10:01.483+0000][62.521s][info ][safepoint     ] Total time for which application threads were stopped: 0.0006182 seconds, Stopping threads took: 0.0001222 seconds
[2023-11-12T20:10:01.483+0000][62.521s][debug][safepoint     ] ... found polling page return exception at pc = 0x00007f10dd0d43c6, stub =0x00007f10d4841800
[2023-11-12T20:10:02.483+0000][63.521s][debug][safepoint     ] Safepoint synchronization initiated. (166 threads)
[2023-11-12T20:10:02.483+0000][63.521s][info ][safepoint     ] Application time: 1.0003014 seconds
[2023-11-12T20:10:02.483+0000][63.521s][info ][safepoint     ] Entering safepoint region: Cleanup
[2023-11-12T20:10:02.484+0000][63.522s][info ][safepoint     ] Leaving safepoint region
[2023-11-12T20:10:02.484+0000][63.522s][info ][safepoint     ] Total time for which application threads were stopped: 0.0004584 seconds, Stopping threads took: 0.0000992 seconds
[2023-11-12T20:10:03.484+0000][64.522s][debug][safepoint     ] Safepoint synchronization initiated. (166 threads)
[2023-11-12T20:10:03.484+0000][64.522s][info ][safepoint     ] Application time: 1.0002434 seconds
[2023-11-12T20:10:03.484+0000][64.522s][info ][safepoint     ] Entering safepoint region: Cleanup
[2023-11-12T20:10:03.484+0000][64.523s][info ][safepoint     ] Leaving safepoint region
[2023-11-12T20:10:03.484+0000][64.523s][info ][safepoint     ] Total time for which application threads were stopped: 0.0004730 seconds, Stopping threads took: 0.0001121 seconds
[2023-11-12T20:10:04.485+0000][65.523s][debug][safepoint     ] Safepoint synchronization initiated. (166 threads)
[2023-11-12T20:10:04.485+0000][65.523s][info ][safepoint     ] Application time: 1.0002465 seconds
[2023-11-12T20:10:04.485+0000][65.523s][info ][safepoint     ] Entering safepoint region: Cleanup
[2023-11-12T20:10:04.485+0000][65.523s][info ][safepoint     ] Leaving safepoint region
[2023-11-12T20:10:04.485+0000][65.523s][info ][safepoint     ] Total time for which application threads were stopped: 0.0004446 seconds, Stopping threads took: 0.0001054 seconds
[2023-11-12T20:10:05.485+0000][66.524s][debug][safepoint     ] Safepoint synchronization initiated. (166 threads)
[2023-11-12T20:10:05.485+0000][66.524s][info ][safepoint     ] Application time: 1.0002598 seconds
[2023-11-12T20:10:05.486+0000][66.524s][info ][safepoint     ] Entering safepoint region: Cleanup
[2023-11-12T20:10:05.486+0000][66.524s][info ][safepoint     ] Leaving safepoint region
[2023-11-12T20:10:05.486+0000][66.524s][info ][safepoint     ] Total time for which application threads were stopped: 0.0005002 seconds, Stopping threads took: 0.0001130 seconds
[2023-11-12T20:10:06.486+0000][67.524s][debug][safepoint     ] Safepoint synchronization initiated. (166 threads)
[2023-11-12T20:10:06.486+0000][67.525s][info ][safepoint     ] Application time: 1.0002891 seconds
[2023-11-12T20:10:06.486+0000][67.525s][info ][safepoint     ] Entering safepoint region: Cleanup
[2023-11-12T20:10:06.487+0000][67.525s][info ][safepoint     ] Leaving safepoint region
[2023-11-12T20:10:06.487+0000][67.525s][info ][safepoint     ] Total time for which application threads were stopped: 0.0004104 seconds, Stopping threads took: 0.0001109 seconds
[2023-11-12T20:10:07.487+0000][68.525s][debug][safepoint     ] Safepoint synchronization initiated. (166 threads)
[2023-11-12T20:10:07.487+0000][68.525s][info ][safepoint     ] Application time: 1.0002119 seconds
[2023-11-12T20:10:07.487+0000][68.525s][info ][safepoint     ] Entering safepoint region: Cleanup
[2023-11-12T20:10:07.488+0000][68.526s][info ][safepoint     ] Leaving safepoint region
[2023-11-12T20:10:07.488+0000][68.526s][info ][safepoint     ] Total time for which application threads were stopped: 0.0004928 seconds, Stopping threads took: 0.0001049 seconds
[2023-11-12T20:10:08.488+0000][69.526s][debug][safepoint     ] Safepoint synchronization initiated. (166 threads)
[2023-11-12T20:10:08.488+0000][69.526s][info ][safepoint     ] Application time: 1.0002503 seconds
[2023-11-12T20:10:08.488+0000][69.526s][info ][safepoint     ] Entering safepoint region: Cleanup
[2023-11-12T20:10:08.488+0000][69.527s][info ][safepoint     ] Leaving safepoint region
[2023-11-12T20:10:08.488+0000][69.527s][info ][safepoint     ] Total time for which application threads were stopped: 0.0004972 seconds, Stopping threads took: 0.0001364 seconds
[2023-11-12T20:10:09.489+0000][70.527s][debug][safepoint     ] Safepoint synchronization initiated. (166 threads)
[2023-11-12T20:10:09.489+0000][70.527s][info ][safepoint     ] Application time: 1.0002410 seconds
[2023-11-12T20:10:09.489+0000][70.527s][info ][safepoint     ] Entering safepoint region: Cleanup
[2023-11-12T20:10:09.489+0000][70.527s][info ][safepoint     ] Leaving safepoint region
[2023-11-12T20:10:09.490+0000][70.528s][info ][safepoint     ] Total time for which application threads were stopped: 0.0010309 seconds, Stopping threads took: 0.0001114 seconds
[2023-11-12T20:10:10.490+0000][71.528s][debug][safepoint     ] Safepoint synchronization initiated. (166 threads)
[2023-11-12T20:10:10.490+0000][71.528s][info ][safepoint     ] Application time: 1.0003269 seconds
[2023-11-12T20:10:10.490+0000][71.528s][info ][safepoint     ] Entering safepoint region: Cleanup
[2023-11-12T20:10:10.491+0000][71.529s][info ][safepoint     ] Leaving safepoint region
[2023-11-12T20:10:10.491+0000][71.529s][info ][safepoint     ] Total time for which application threads were stopped: 0.0005016 seconds, Stopping threads took: 0.0001000 seconds
[2023-11-12T20:10:11.491+0000][72.529s][debug][safepoint     ] Safepoint synchronization initiated. (166 threads)
[2023-11-12T20:10:11.491+0000][72.529s][info ][safepoint     ] Application time: 1.0002995 seconds
[2023-11-12T20:10:11.491+0000][72.529s][info ][safepoint     ] Entering safepoint region: Cleanup
[2023-11-12T20:10:11.491+0000][72.530s][info ][safepoint     ] Leaving safepoint region
[2023-11-12T20:10:11.491+0000][72.530s][info ][safepoint     ] Total time for which application threads were stopped: 0.0004600 seconds, Stopping threads took: 0.0001064 seconds
[2023-11-12T20:10:12.492+0000][73.530s][debug][safepoint     ] Safepoint synchronization initiated. (166 threads)
[2023-11-12T20:10:12.492+0000][73.530s][info ][safepoint     ] Application time: 1.0002873 seconds
[2023-11-12T20:10:12.492+0000][73.530s][info ][safepoint     ] Entering safepoint region: Cleanup
[2023-11-12T20:10:12.492+0000][73.530s][info ][safepoint     ] Leaving safepoint region
[2023-11-12T20:10:12.492+0000][73.530s][info ][safepoint     ] Total time for which application threads were stopped: 0.0004580 seconds, Stopping threads took: 0.0001051 seconds
[2023-11-12T20:10:13.494+0000][74.532s][debug][safepoint     ] Safepoint synchronization initiated. (167 threads)
[2023-11-12T20:10:13.494+0000][74.532s][info ][safepoint     ] Application time: 1.0017098 seconds
[2023-11-12T20:10:13.494+0000][74.532s][debug][safepoint     ] ... found polling page loop exception at pc = 0x00007f10d74c4163, stub =0x00007f10d4841b00
[2023-11-12T20:10:13.494+0000][74.532s][debug][safepoint     ] Waiting for 1 thread(s) to block
[2023-11-12T20:10:13.495+0000][74.533s][info ][safepoint     ] Entering safepoint region: Cleanup
[2023-11-12T20:10:13.495+0000][74.533s][info ][safepoint     ] Leaving safepoint region
[2023-11-12T20:10:13.495+0000][74.533s][info ][safepoint     ] Total time for which application threads were stopped: 0.0008293 seconds, Stopping threads took: 0.0005815 seconds
[2023-11-12T20:10:13.641+0000][74.679s][debug][safepoint     ] Safepoint synchronization initiated. (167 threads)
[2023-11-12T20:10:13.641+0000][74.679s][info ][safepoint     ] Application time: 0.1460693 seconds
[2023-11-12T20:10:13.641+0000][74.679s][info ][safepoint     ] Entering safepoint region: Deoptimize
[2023-11-12T20:10:13.643+0000][74.681s][info ][safepoint     ] Leaving safepoint region
[2023-11-12T20:10:13.643+0000][74.681s][info ][safepoint     ] Total time for which application threads were stopped: 0.0023273 seconds, Stopping threads took: 0.0000707 seconds
[2023-11-12T20:10:13.688+0000][74.726s][debug][safepoint     ] Safepoint synchronization initiated. (167 threads)
[2023-11-12T20:10:13.688+0000][74.726s][info ][safepoint     ] Application time: 0.0446306 seconds
[2023-11-12T20:10:13.688+0000][74.726s][info ][safepoint     ] Entering safepoint region: Deoptimize
[2023-11-12T20:10:13.692+0000][74.731s][info ][safepoint     ] Leaving safepoint region
[2023-11-12T20:10:13.692+0000][74.731s][info ][safepoint     ] Total time for which application threads were stopped: 0.0044319 seconds, Stopping threads took: 0.0000760 seconds
[2023-11-12T20:10:13.696+0000][74.735s][debug][safepoint     ] Safepoint synchronization initiated. (167 threads)
[2023-11-12T20:10:13.696+0000][74.735s][info ][safepoint     ] Application time: 0.0039914 seconds
[2023-11-12T20:10:13.696+0000][74.735s][info ][safepoint     ] Entering safepoint region: Deoptimize
[2023-11-12T20:10:13.698+0000][74.736s][info ][safepoint     ] Leaving safepoint region
[2023-11-12T20:10:13.698+0000][74.736s][info ][safepoint     ] Total time for which application threads were stopped: 0.0015956 seconds, Stopping threads took: 0.0000387 seconds
[2023-11-12T20:10:13.702+0000][74.740s][debug][safepoint     ] Safepoint synchronization initiated. (167 threads)
[2023-11-12T20:10:13.702+0000][74.740s][info ][safepoint     ] Application time: 0.0036164 seconds
[2023-11-12T20:10:13.702+0000][74.740s][info ][safepoint     ] Entering safepoint region: Deoptimize
[2023-11-12T20:10:13.703+0000][74.741s][info ][safepoint     ] Leaving safepoint region
[2023-11-12T20:10:13.703+0000][74.741s][info ][safepoint     ] Total time for which application threads were stopped: 0.0015962 seconds, Stopping threads took: 0.0000349 seconds
[2023-11-12T20:10:13.782+0000][74.820s][debug][safepoint     ] Safepoint synchronization initiated. (167 threads)
[2023-11-12T20:10:13.782+0000][74.820s][info ][safepoint     ] Application time: 0.0789300 seconds
[2023-11-12T20:10:13.782+0000][74.820s][info ][safepoint     ] Entering safepoint region: Deoptimize
[2023-11-12T20:10:13.785+0000][74.823s][info ][safepoint     ] Leaving safepoint region
[2023-11-12T20:10:13.785+0000][74.823s][info ][safepoint     ] Total time for which application threads were stopped: 0.0025402 seconds, Stopping threads took: 0.0000632 seconds
[2023-11-12T20:10:13.791+0000][74.829s][debug][safepoint     ] Safepoint synchronization initiated. (167 threads)
[2023-11-12T20:10:13.791+0000][74.830s][info ][safepoint     ] Application time: 0.0065776 seconds
[2023-11-12T20:10:13.791+0000][74.830s][info ][safepoint     ] Entering safepoint region: Deoptimize
[2023-11-12T20:10:13.793+0000][74.832s][info ][safepoint     ] Leaving safepoint region
[2023-11-12T20:10:13.793+0000][74.832s][info ][safepoint     ] Total time for which application threads were stopped: 0.0020620 seconds, Stopping threads took: 0.0000544 seconds
[2023-11-12T20:10:13.828+0000][74.866s][debug][safepoint     ] Safepoint synchronization initiated. (167 threads)
[2023-11-12T20:10:13.828+0000][74.866s][info ][safepoint     ] Application time: 0.0343692 seconds
[2023-11-12T20:10:13.828+0000][74.866s][info ][safepoint     ] Entering safepoint region: Deoptimize
[2023-11-12T20:10:13.830+0000][74.868s][info ][safepoint     ] Leaving safepoint region
[2023-11-12T20:10:13.830+0000][74.868s][info ][safepoint     ] Total time for which application threads were stopped: 0.0023030 seconds, Stopping threads took: 0.0000651 seconds
[2023-11-12T20:10:14.275+0000][75.314s][debug][safepoint     ] Safepoint synchronization initiated. (169 threads)
[2023-11-12T20:10:14.275+0000][75.314s][info ][safepoint     ] Application time: 0.4452512 seconds
[2023-11-12T20:10:14.276+0000][75.314s][debug][safepoint     ] Waiting for 1 thread(s) to block
[2023-11-12T20:10:14.279+0000][75.317s][info ][safepoint     ] Entering safepoint region: ICBufferFull
[2023-11-12T20:10:14.280+0000][75.318s][info ][safepoint     ] Leaving safepoint region
[2023-11-12T20:10:14.280+0000][75.318s][info ][safepoint     ] Total time for which application threads were stopped: 0.0042638 seconds, Stopping threads took: 0.0038475 seconds
[2023-11-12T20:10:14.595+0000][75.633s][debug][safepoint     ] Safepoint synchronization initiated. (170 threads)
[2023-11-12T20:10:14.595+0000][75.633s][info ][safepoint     ] Application time: 0.3154004 seconds
[2023-11-12T20:10:14.595+0000][75.633s][info ][safepoint     ] Entering safepoint region: ICBufferFull
[2023-11-12T20:10:14.596+0000][75.634s][info ][safepoint     ] Leaving safepoint region
[2023-11-12T20:10:14.596+0000][75.634s][info ][safepoint     ] Total time for which application threads were stopped: 0.0005681 seconds, Stopping threads took: 0.0001722 seconds
[2023-11-12T20:10:15.596+0000][76.634s][debug][safepoint     ] Safepoint synchronization initiated. (172 threads)
[2023-11-12T20:10:15.596+0000][76.634s][info ][safepoint     ] Application time: 1.0005028 seconds
[2023-11-12T20:10:15.596+0000][76.635s][info ][safepoint     ] Entering safepoint region: Cleanup
[2023-11-12T20:10:15.597+0000][76.635s][info ][safepoint     ] Leaving safepoint region
[2023-11-12T20:10:15.597+0000][76.636s][info ][safepoint     ] Total time for which application threads were stopped: 0.0010557 seconds, Stopping threads took: 0.0001010 seconds
[2023-11-12T20:10:16.597+0000][77.636s][debug][safepoint     ] Safepoint synchronization initiated. (171 threads)
[2023-11-12T20:10:16.598+0000][77.636s][info ][safepoint     ] Application time: 1.0001636 seconds
[2023-11-12T20:10:16.598+0000][77.636s][info ][safepoint     ] Entering safepoint region: Cleanup
[2023-11-12T20:10:16.598+0000][77.636s][info ][safepoint     ] Leaving safepoint region
[2023-11-12T20:10:16.598+0000][77.636s][info ][safepoint     ] Total time for which application threads were stopped: 0.0002979 seconds, Stopping threads took: 0.0000747 seconds
[2023-11-12T20:10:16.833+0000][77.871s][debug][safepoint     ] Safepoint synchronization initiated. (172 threads)
[2023-11-12T20:10:16.833+0000][77.871s][info ][safepoint     ] Application time: 0.2347371 seconds
[2023-11-12T20:10:16.833+0000][77.871s][info ][safepoint     ] Entering safepoint region: Deoptimize
[2023-11-12T20:10:16.835+0000][77.873s][info ][safepoint     ] Leaving safepoint region
[2023-11-12T20:10:16.835+0000][77.873s][info ][safepoint     ] Total time for which application threads were stopped: 0.0024745 seconds, Stopping threads took: 0.0000711 seconds
[2023-11-12T20:10:17.835+0000][78.873s][debug][safepoint     ] Safepoint synchronization initiated. (173 threads)
[2023-11-12T20:10:17.835+0000][78.873s][info ][safepoint     ] Application time: 1.0002187 seconds
[2023-11-12T20:10:17.835+0000][78.874s][info ][safepoint     ] Entering safepoint region: Cleanup
[2023-11-12T20:10:17.836+0000][78.874s][info ][safepoint     ] Leaving safepoint region
[2023-11-12T20:10:17.836+0000][78.874s][info ][safepoint     ] Total time for which application threads were stopped: 0.0003530 seconds, Stopping threads took: 0.0001072 seconds
[2023-11-12T20:10:18.132+0000][79.170s][debug][safepoint     ] Safepoint synchronization initiated. (174 threads)
[2023-11-12T20:10:18.132+0000][79.170s][info ][safepoint     ] Application time: 0.2964761 seconds
[2023-11-12T20:10:18.132+0000][79.171s][info ][safepoint     ] Entering safepoint region: Deoptimize
[2023-11-12T20:10:18.137+0000][79.175s][info ][safepoint     ] Leaving safepoint region
[2023-11-12T20:10:18.137+0000][79.175s][info ][safepoint     ] Total time for which application threads were stopped: 0.0045811 seconds, Stopping threads took: 0.0001177 seconds
[2023-11-12T20:10:19.138+0000][80.176s][debug][safepoint     ] Safepoint synchronization initiated. (173 threads)
[2023-11-12T20:10:19.138+0000][80.176s][info ][safepoint     ] Application time: 1.0008984 seconds
[2023-11-12T20:10:19.138+0000][80.176s][info ][safepoint     ] Entering safepoint region: Cleanup
[2023-11-12T20:10:19.138+0000][80.177s][info ][safepoint     ] Leaving safepoint region
[2023-11-12T20:10:19.138+0000][80.177s][info ][safepoint     ] Total time for which application threads were stopped: 0.0005803 seconds, Stopping threads took: 0.0001178 seconds
[2023-11-12T20:10:20.139+0000][81.177s][debug][safepoint     ] Safepoint synchronization initiated. (173 threads)
[2023-11-12T20:10:20.139+0000][81.177s][info ][safepoint     ] Application time: 1.0002612 seconds
[2023-11-12T20:10:20.139+0000][81.177s][info ][safepoint     ] Entering safepoint region: Cleanup
[2023-11-12T20:10:20.139+0000][81.177s][info ][safepoint     ] Leaving safepoint region
[2023-11-12T20:10:20.139+0000][81.177s][info ][safepoint     ] Total time for which application threads were stopped: 0.0004490 seconds, Stopping threads took: 0.0000944 seconds
[2023-11-12T20:10:21.139+0000][82.178s][debug][safepoint     ] Safepoint synchronization initiated. (173 threads)
[2023-11-12T20:10:21.139+0000][82.178s][info ][safepoint     ] Application time: 1.0002790 seconds
[2023-11-12T20:10:21.140+0000][82.178s][info ][safepoint     ] Entering safepoint region: Cleanup
[2023-11-12T20:10:21.140+0000][82.178s][info ][safepoint     ] Leaving safepoint region
[2023-11-12T20:10:21.140+0000][82.178s][info ][safepoint     ] Total time for which application threads were stopped: 0.0005193 seconds, Stopping threads took: 0.0001125 seconds
[2023-11-12T20:10:22.140+0000][83.178s][debug][safepoint     ] Safepoint synchronization initiated. (174 threads)
[2023-11-12T20:10:22.140+0000][83.178s][info ][safepoint     ] Application time: 1.0002426 seconds
[2023-11-12T20:10:22.140+0000][83.179s][info ][safepoint     ] Entering safepoint region: Cleanup
[2023-11-12T20:10:22.141+0000][83.180s][info ][safepoint     ] Leaving safepoint region
[2023-11-12T20:10:22.141+0000][83.180s][info ][safepoint     ] Total time for which application threads were stopped: 0.0010763 seconds, Stopping threads took: 0.0001195 seconds
[2023-11-12T20:10:23.142+0000][84.180s][debug][safepoint     ] Safepoint synchronization initiated. (175 threads)
[2023-11-12T20:10:23.142+0000][84.180s][info ][safepoint     ] Application time: 1.0002126 seconds
[2023-11-12T20:10:23.142+0000][84.180s][info ][safepoint     ] Entering safepoint region: Cleanup
[2023-11-12T20:10:23.142+0000][84.180s][info ][safepoint     ] Leaving safepoint region
[2023-11-12T20:10:23.142+0000][84.180s][info ][safepoint     ] Total time for which application threads were stopped: 0.0004168 seconds, Stopping threads took: 0.0000889 seconds
[2023-11-12T20:10:24.142+0000][85.180s][debug][safepoint     ] Safepoint synchronization initiated. (177 threads)
[2023-11-12T20:10:24.142+0000][85.180s][info ][safepoint     ] Application time: 1.0002135 seconds
[2023-11-12T20:10:24.142+0000][85.181s][info ][safepoint     ] Entering safepoint region: Cleanup
[2023-11-12T20:10:24.143+0000][85.181s][info ][safepoint     ] Leaving safepoint region
[2023-11-12T20:10:24.143+0000][85.181s][info ][safepoint     ] Total time for which application threads were stopped: 0.0003578 seconds, Stopping threads took: 0.0000829 seconds
[2023-11-12T20:10:25.143+0000][86.181s][debug][safepoint     ] Safepoint synchronization initiated. (177 threads)
[2023-11-12T20:10:25.143+0000][86.181s][info ][safepoint     ] Application time: 1.0002822 seconds
[2023-11-12T20:10:25.143+0000][86.181s][info ][safepoint     ] Entering safepoint region: Cleanup
[2023-11-12T20:10:25.144+0000][86.182s][info ][safepoint     ] Leaving safepoint region
[2023-11-12T20:10:25.144+0000][86.182s][info ][safepoint     ] Total time for which application threads were stopped: 0.0005684 seconds, Stopping threads took: 0.0001140 seconds
[2023-11-12T20:10:26.144+0000][87.182s][debug][safepoint     ] Safepoint synchronization initiated. (177 threads)
[2023-11-12T20:10:26.144+0000][87.182s][info ][safepoint     ] Application time: 1.0002989 seconds
[2023-11-12T20:10:26.144+0000][87.182s][info ][safepoint     ] Entering safepoint region: Cleanup
[2023-11-12T20:10:26.145+0000][87.183s][info ][safepoint     ] Leaving safepoint region
[2023-11-12T20:10:26.145+0000][87.183s][info ][safepoint     ] Total time for which application threads were stopped: 0.0005697 seconds, Stopping threads took: 0.0001131 seconds
[2023-11-12T20:10:27.145+0000][88.183s][debug][safepoint     ] Safepoint synchronization initiated. (177 threads)
[2023-11-12T20:10:27.145+0000][88.183s][info ][safepoint     ] Application time: 1.0003010 seconds
[2023-11-12T20:10:27.145+0000][88.183s][info ][safepoint     ] Entering safepoint region: Cleanup
[2023-11-12T20:10:27.146+0000][88.184s][info ][safepoint     ] Leaving safepoint region
[2023-11-12T20:10:27.146+0000][88.184s][info ][safepoint     ] Total time for which application threads were stopped: 0.0006399 seconds, Stopping threads took: 0.0001124 seconds
[2023-11-12T20:10:28.146+0000][89.184s][debug][safepoint     ] Safepoint synchronization initiated. (177 threads)
[2023-11-12T20:10:28.146+0000][89.184s][info ][safepoint     ] Application time: 1.0002471 seconds
[2023-11-12T20:10:28.146+0000][89.184s][info ][safepoint     ] Entering safepoint region: Cleanup
[2023-11-12T20:10:28.147+0000][89.185s][info ][safepoint     ] Leaving safepoint region
[2023-11-12T20:10:28.147+0000][89.185s][info ][safepoint     ] Total time for which application threads were stopped: 0.0007010 seconds, Stopping threads took: 0.0001577 seconds
[2023-11-12T20:10:28.243+0000][89.281s][debug][safepoint     ] Safepoint synchronization initiated. (177 threads)
[2023-11-12T20:10:28.243+0000][89.281s][info ][safepoint     ] Application time: 0.0964309 seconds
[2023-11-12T20:10:28.243+0000][89.281s][debug][safepoint     ] Waiting for 1 thread(s) to block
[2023-11-12T20:10:28.243+0000][89.281s][info ][safepoint     ] Entering safepoint region: G1CollectForAllocation
[2023-11-12T20:10:28.244+0000][89.282s][info ][gc,start      ] GC(40) Pause Young (Normal) (G1 Evacuation Pause)
[2023-11-12T20:10:28.244+0000][89.282s][info ][gc,task       ] GC(40) Using 6 workers of 6 for evacuation
[2023-11-12T20:10:28.314+0000][89.352s][info ][gc,phases     ] GC(40)   Pre Evacuate Collection Set: 0.1ms
[2023-11-12T20:10:28.314+0000][89.352s][info ][gc,phases     ] GC(40)   Evacuate Collection Set: 58.6ms
[2023-11-12T20:10:28.314+0000][89.352s][info ][gc,phases     ] GC(40)   Post Evacuate Collection Set: 10.4ms
[2023-11-12T20:10:28.314+0000][89.352s][info ][gc,phases     ] GC(40)   Other: 0.7ms
[2023-11-12T20:10:28.314+0000][89.352s][info ][gc,heap       ] GC(40) Eden regions: 417->0(421)
[2023-11-12T20:10:28.314+0000][89.352s][info ][gc,heap       ] GC(40) Survivor regions: 32->28(57)
[2023-11-12T20:10:28.314+0000][89.352s][info ][gc,heap       ] GC(40) Old regions: 114->124
[2023-11-12T20:10:28.314+0000][89.352s][info ][gc,heap       ] GC(40) Humongous regions: 15->0
[2023-11-12T20:10:28.314+0000][89.352s][info ][gc,metaspace  ] GC(40) Metaspace: 158599K(163860K)->158599K(163860K) NonClass: 140059K(143228K)->140059K(143228K) Class: 18540K(20632K)->18540K(20632K)
[2023-11-12T20:10:28.314+0000][89.352s][info ][gc            ] GC(40) Pause Young (Normal) (G1 Evacuation Pause) 575M->150M(749M) 70.369ms
[2023-11-12T20:10:28.314+0000][89.353s][info ][gc,cpu        ] GC(40) User=0.33s Sys=0.01s Real=0.08s
[2023-11-12T20:10:28.315+0000][89.353s][info ][safepoint     ] Leaving safepoint region
[2023-11-12T20:10:28.315+0000][89.353s][info ][safepoint     ] Total time for which application threads were stopped: 0.0714083 seconds, Stopping threads took: 0.0001924 seconds
[2023-11-12T20:10:28.315+0000][89.353s][info ][gc,stringdedup] Concurrent String Deduplication (89.353s)
[2023-11-12T20:10:28.323+0000][89.361s][info ][gc,stringdedup] Concurrent String Deduplication 454.2K->165.9K(288.3K) avg 54.1% (89.353s, 89.361s) 7.822ms
[2023-11-12T20:10:29.320+0000][90.358s][debug][safepoint     ] Safepoint synchronization initiated. (177 threads)
[2023-11-12T20:10:29.320+0000][90.359s][info ][safepoint     ] Application time: 1.0058242 seconds
[2023-11-12T20:10:29.321+0000][90.359s][info ][safepoint     ] Entering safepoint region: Cleanup
[2023-11-12T20:10:29.321+0000][90.359s][info ][safepoint     ] Leaving safepoint region
[2023-11-12T20:10:29.321+0000][90.359s][info ][safepoint     ] Total time for which application threads were stopped: 0.0004888 seconds, Stopping threads took: 0.0001112 seconds
[2023-11-12T20:10:30.321+0000][91.359s][debug][safepoint     ] Safepoint synchronization initiated. (177 threads)
[2023-11-12T20:10:30.321+0000][91.359s][info ][safepoint     ] Application time: 1.0002168 seconds
[2023-11-12T20:10:30.321+0000][91.359s][info ][safepoint     ] Entering safepoint region: Cleanup
[2023-11-12T20:10:30.322+0000][91.360s][info ][safepoint     ] Leaving safepoint region
[2023-11-12T20:10:30.322+0000][91.360s][info ][safepoint     ] Total time for which application threads were stopped: 0.0005450 seconds, Stopping threads took: 0.0001183 seconds
[2023-11-12T20:10:31.322+0000][92.360s][debug][safepoint     ] Safepoint synchronization initiated. (177 threads)
[2023-11-12T20:10:31.322+0000][92.360s][info ][safepoint     ] Application time: 1.0003079 seconds
[2023-11-12T20:10:31.322+0000][92.360s][info ][safepoint     ] Entering safepoint region: Cleanup
[2023-11-12T20:10:31.323+0000][92.361s][info ][safepoint     ] Leaving safepoint region
[2023-11-12T20:10:31.323+0000][92.361s][info ][safepoint     ] Total time for which application threads were stopped: 0.0004574 seconds, Stopping threads took: 0.0001204 seconds
[2023-11-12T20:10:32.191+0000][93.229s][debug][safepoint     ] Safepoint synchronization initiated. (178 threads)
[2023-11-12T20:10:32.191+0000][93.229s][info ][safepoint     ] Application time: 0.8681953 seconds
[2023-11-12T20:10:32.191+0000][93.229s][info ][safepoint     ] Entering safepoint region: Deoptimize
[2023-11-12T20:10:32.196+0000][93.234s][info ][safepoint     ] Leaving safepoint region
[2023-11-12T20:10:32.196+0000][93.234s][info ][safepoint     ] Total time for which application threads were stopped: 0.0047786 seconds, Stopping threads took: 0.0001243 seconds
[2023-11-12T20:10:33.196+0000][94.234s][debug][safepoint     ] Safepoint synchronization initiated. (178 threads)
[2023-11-12T20:10:33.196+0000][94.234s][info ][safepoint     ] Application time: 1.0002772 seconds
[2023-11-12T20:10:33.196+0000][94.234s][info ][safepoint     ] Entering safepoint region: Cleanup
[2023-11-12T20:10:33.196+0000][94.235s][info ][safepoint     ] Leaving safepoint region
[2023-11-12T20:10:33.197+0000][94.235s][info ][safepoint     ] Total time for which application threads were stopped: 0.0005175 seconds, Stopping threads took: 0.0000974 seconds
[2023-11-12T20:10:34.197+0000][95.235s][debug][safepoint     ] Safepoint synchronization initiated. (178 threads)
[2023-11-12T20:10:34.197+0000][95.235s][info ][safepoint     ] Application time: 1.0001619 seconds
[2023-11-12T20:10:34.197+0000][95.235s][info ][safepoint     ] Entering safepoint region: Cleanup
[2023-11-12T20:10:34.197+0000][95.235s][info ][safepoint     ] Leaving safepoint region
[2023-11-12T20:10:34.197+0000][95.235s][info ][safepoint     ] Total time for which application threads were stopped: 0.0002567 seconds, Stopping threads took: 0.0000623 seconds
[2023-11-12T20:10:35.198+0000][96.236s][debug][safepoint     ] Safepoint synchronization initiated. (179 threads)
[2023-11-12T20:10:35.198+0000][96.236s][info ][safepoint     ] Application time: 1.0009872 seconds
[2023-11-12T20:10:35.198+0000][96.236s][info ][safepoint     ] Entering safepoint region: Cleanup
[2023-11-12T20:10:35.199+0000][96.238s][info ][safepoint     ] Leaving safepoint region
[2023-11-12T20:10:35.199+0000][96.238s][info ][safepoint     ] Total time for which application threads were stopped: 0.0014276 seconds, Stopping threads took: 0.0001180 seconds
[2023-11-12T20:10:36.200+0000][97.238s][debug][safepoint     ] Safepoint synchronization initiated. (178 threads)
[2023-11-12T20:10:36.200+0000][97.238s][info ][safepoint     ] Application time: 1.0002013 seconds
[2023-11-12T20:10:36.200+0000][97.238s][info ][safepoint     ] Entering safepoint region: Cleanup
[2023-11-12T20:10:36.200+0000][97.238s][info ][safepoint     ] Leaving safepoint region
[2023-11-12T20:10:36.200+0000][97.238s][info ][safepoint     ] Total time for which application threads were stopped: 0.0002920 seconds, Stopping threads took: 0.0000734 seconds
[2023-11-12T20:10:37.200+0000][98.238s][debug][safepoint     ] Safepoint synchronization initiated. (179 threads)
[2023-11-12T20:10:37.200+0000][98.238s][info ][safepoint     ] Application time: 1.0002525 seconds
[2023-11-12T20:10:37.200+0000][98.239s][info ][safepoint     ] Entering safepoint region: Cleanup
[2023-11-12T20:10:37.201+0000][98.239s][info ][safepoint     ] Leaving safepoint region
[2023-11-12T20:10:37.202+0000][98.240s][info ][safepoint     ] Total time for which application threads were stopped: 0.0012809 seconds, Stopping threads took: 0.0001283 seconds
[2023-11-12T20:10:38.202+0000][99.240s][debug][safepoint     ] Safepoint synchronization initiated. (179 threads)
[2023-11-12T20:10:38.202+0000][99.240s][info ][safepoint     ] Application time: 1.0002468 seconds
[2023-11-12T20:10:38.202+0000][99.240s][info ][safepoint     ] Entering safepoint region: Cleanup
[2023-11-12T20:10:38.202+0000][99.241s][info ][safepoint     ] Leaving safepoint region
[2023-11-12T20:10:38.203+0000][99.241s][info ][safepoint     ] Total time for which application threads were stopped: 0.0006037 seconds, Stopping threads took: 0.0001797 seconds
[2023-11-12T20:10:39.203+0000][100.241s][debug][safepoint     ] Safepoint synchronization initiated. (179 threads)
[2023-11-12T20:10:39.203+0000][100.241s][info ][safepoint     ] Application time: 1.0002859 seconds
[2023-11-12T20:10:39.203+0000][100.241s][info ][safepoint     ] Entering safepoint region: Cleanup
[2023-11-12T20:10:39.203+0000][100.241s][info ][safepoint     ] Leaving safepoint region
[2023-11-12T20:10:39.203+0000][100.241s][info ][safepoint     ] Total time for which application threads were stopped: 0.0004153 seconds, Stopping threads took: 0.0001064 seconds
[2023-11-12T20:10:40.203+0000][101.242s][debug][safepoint     ] Safepoint synchronization initiated. (179 threads)
[2023-11-12T20:10:40.204+0000][101.242s][info ][safepoint     ] Application time: 1.0002362 seconds
[2023-11-12T20:10:40.204+0000][101.242s][info ][safepoint     ] Entering safepoint region: Cleanup
[2023-11-12T20:10:40.204+0000][101.242s][info ][safepoint     ] Leaving safepoint region
[2023-11-12T20:10:40.204+0000][101.242s][info ][safepoint     ] Total time for which application threads were stopped: 0.0004887 seconds, Stopping threads took: 0.0001229 seconds
[2023-11-12T20:10:41.204+0000][102.242s][debug][safepoint     ] Safepoint synchronization initiated. (179 threads)
[2023-11-12T20:10:41.204+0000][102.242s][info ][safepoint     ] Application time: 1.0001927 seconds
[2023-11-12T20:10:41.204+0000][102.243s][info ][safepoint     ] Entering safepoint region: Cleanup
[2023-11-12T20:10:41.205+0000][102.243s][info ][safepoint     ] Leaving safepoint region
[2023-11-12T20:10:41.205+0000][102.243s][info ][safepoint     ] Total time for which application threads were stopped: 0.0004349 seconds, Stopping threads took: 0.0001284 seconds
[2023-11-12T20:10:42.205+0000][103.243s][debug][safepoint     ] Safepoint synchronization initiated. (179 threads)
[2023-11-12T20:10:42.205+0000][103.243s][info ][safepoint     ] Application time: 1.0003374 seconds
[2023-11-12T20:10:42.205+0000][103.243s][debug][safepoint     ] ... found polling page return exception at pc = 0x00007f10dc99dec4, stub =0x00007f10d4841800
[2023-11-12T20:10:42.205+0000][103.243s][debug][safepoint     ] ... found polling page loop exception at pc = 0x00007f10dd0ef26e, stub =0x00007f10d4841b00
[2023-11-12T20:10:42.206+0000][103.244s][debug][safepoint     ] Waiting for 2 thread(s) to block
[2023-11-12T20:10:42.206+0000][103.244s][info ][safepoint     ] Entering safepoint region: Cleanup
[2023-11-12T20:10:42.207+0000][103.245s][info ][safepoint     ] Leaving safepoint region
[2023-11-12T20:10:42.207+0000][103.245s][info ][safepoint     ] Total time for which application threads were stopped: 0.0014382 seconds, Stopping threads took: 0.0010618 seconds
[2023-11-12T20:10:43.207+0000][104.245s][debug][safepoint     ] Safepoint synchronization initiated. (179 threads)
[2023-11-12T20:10:43.207+0000][104.245s][info ][safepoint     ] Application time: 1.0002940 seconds
[2023-11-12T20:10:43.207+0000][104.245s][debug][safepoint     ] ... found polling page loop exception at pc = 0x00007f10dd0ef26e, stub =0x00007f10d4841b00
[2023-11-12T20:10:43.207+0000][104.245s][debug][safepoint     ] Waiting for 2 thread(s) to block
[2023-11-12T20:10:43.212+0000][104.250s][info ][safepoint     ] Entering safepoint region: Cleanup
[2023-11-12T20:10:43.213+0000][104.251s][info ][safepoint     ] Leaving safepoint region
[2023-11-12T20:10:43.213+0000][104.251s][info ][safepoint     ] Total time for which application threads were stopped: 0.0056633 seconds, Stopping threads took: 0.0051356 seconds
[2023-11-12T20:10:43.305+0000][104.343s][debug][safepoint     ] Safepoint synchronization initiated. (185 threads)
[2023-11-12T20:10:43.305+0000][104.343s][info ][safepoint     ] Application time: 0.0920581 seconds
[2023-11-12T20:10:43.305+0000][104.343s][debug][safepoint     ] Waiting for 1 thread(s) to block
[2023-11-12T20:10:43.306+0000][104.345s][info ][safepoint     ] Entering safepoint region: Deoptimize
[2023-11-12T20:10:43.310+0000][104.348s][info ][safepoint     ] Leaving safepoint region
[2023-11-12T20:10:43.310+0000][104.349s][info ][safepoint     ] Total time for which application threads were stopped: 0.0056118 seconds, Stopping threads took: 0.0017234 seconds
[2023-11-12T20:10:44.312+0000][105.350s][debug][safepoint     ] Safepoint synchronization initiated. (191 threads)
[2023-11-12T20:10:44.312+0000][105.350s][info ][safepoint     ] Application time: 1.0012717 seconds
[2023-11-12T20:10:44.312+0000][105.350s][info ][safepoint     ] Entering safepoint region: Cleanup
[2023-11-12T20:10:44.312+0000][105.350s][info ][safepoint     ] Leaving safepoint region
[2023-11-12T20:10:44.312+0000][105.350s][info ][safepoint     ] Total time for which application threads were stopped: 0.0005523 seconds, Stopping threads took: 0.0001256 seconds
[2023-11-12T20:10:44.895+0000][105.933s][debug][safepoint     ] Safepoint synchronization initiated. (190 threads)
[2023-11-12T20:10:44.895+0000][105.933s][info ][safepoint     ] Application time: 0.5830101 seconds
[2023-11-12T20:10:44.895+0000][105.934s][info ][safepoint     ] Entering safepoint region: Deoptimize
[2023-11-12T20:10:44.898+0000][105.937s][info ][safepoint     ] Leaving safepoint region
[2023-11-12T20:10:44.898+0000][105.937s][info ][safepoint     ] Total time for which application threads were stopped: 0.0031710 seconds, Stopping threads took: 0.0001007 seconds
[2023-11-12T20:10:45.899+0000][106.937s][debug][safepoint     ] Safepoint synchronization initiated. (189 threads)
[2023-11-12T20:10:45.899+0000][106.937s][info ][safepoint     ] Application time: 1.0002251 seconds
[2023-11-12T20:10:45.899+0000][106.937s][info ][safepoint     ] Entering safepoint region: Cleanup
[2023-11-12T20:10:45.899+0000][106.937s][info ][safepoint     ] Leaving safepoint region
[2023-11-12T20:10:45.899+0000][106.937s][info ][safepoint     ] Total time for which application threads were stopped: 0.0004237 seconds, Stopping threads took: 0.0000797 seconds
[2023-11-12T20:10:46.899+0000][107.938s][debug][safepoint     ] Safepoint synchronization initiated. (189 threads)
[2023-11-12T20:10:46.899+0000][107.938s][info ][safepoint     ] Application time: 1.0002027 seconds
[2023-11-12T20:10:46.900+0000][107.938s][info ][safepoint     ] Entering safepoint region: Cleanup
[2023-11-12T20:10:46.900+0000][107.938s][info ][safepoint     ] Leaving safepoint region
[2023-11-12T20:10:46.900+0000][107.938s][info ][safepoint     ] Total time for which application threads were stopped: 0.0004821 seconds, Stopping threads took: 0.0000686 seconds
[2023-11-12T20:10:47.900+0000][108.938s][debug][safepoint     ] Safepoint synchronization initiated. (189 threads)
[2023-11-12T20:10:47.900+0000][108.938s][info ][safepoint     ] Application time: 1.0002357 seconds
[2023-11-12T20:10:47.900+0000][108.938s][info ][safepoint     ] Entering safepoint region: Cleanup
[2023-11-12T20:10:47.901+0000][108.939s][info ][safepoint     ] Leaving safepoint region
[2023-11-12T20:10:47.901+0000][108.939s][info ][safepoint     ] Total time for which application threads were stopped: 0.0009519 seconds, Stopping threads took: 0.0001322 seconds
[2023-11-12T20:10:48.901+0000][109.940s][debug][safepoint     ] Safepoint synchronization initiated. (189 threads)
[2023-11-12T20:10:48.902+0000][109.940s][info ][safepoint     ] Application time: 1.0002766 seconds
[2023-11-12T20:10:48.902+0000][109.940s][info ][safepoint     ] Entering safepoint region: Cleanup
[2023-11-12T20:10:48.902+0000][109.940s][info ][safepoint     ] Leaving safepoint region
[2023-11-12T20:10:48.902+0000][109.940s][info ][safepoint     ] Total time for which application threads were stopped: 0.0006239 seconds, Stopping threads took: 0.0001147 seconds
[2023-11-12T20:10:49.902+0000][110.941s][debug][safepoint     ] Safepoint synchronization initiated. (189 threads)
[2023-11-12T20:10:49.903+0000][110.941s][info ][safepoint     ] Application time: 1.0003038 seconds
[2023-11-12T20:10:49.903+0000][110.941s][info ][safepoint     ] Entering safepoint region: Cleanup
[2023-11-12T20:10:49.903+0000][110.942s][info ][safepoint     ] Leaving safepoint region
[2023-11-12T20:10:49.903+0000][110.942s][info ][safepoint     ] Total time for which application threads were stopped: 0.0008603 seconds, Stopping threads took: 0.0001204 seconds
[2023-11-12T20:10:50.904+0000][111.942s][debug][safepoint     ] Safepoint synchronization initiated. (189 threads)
[2023-11-12T20:10:50.904+0000][111.942s][info ][safepoint     ] Application time: 1.0002991 seconds
[2023-11-12T20:10:50.904+0000][111.942s][info ][safepoint     ] Entering safepoint region: Cleanup
[2023-11-12T20:10:50.905+0000][111.943s][info ][safepoint     ] Leaving safepoint region
[2023-11-12T20:10:50.905+0000][111.943s][info ][safepoint     ] Total time for which application threads were stopped: 0.0009006 seconds, Stopping threads took: 0.0001169 seconds
[2023-11-12T20:10:51.905+0000][112.943s][debug][safepoint     ] Safepoint synchronization initiated. (189 threads)
[2023-11-12T20:10:51.905+0000][112.943s][info ][safepoint     ] Application time: 1.0002940 seconds
[2023-11-12T20:10:51.905+0000][112.943s][info ][safepoint     ] Entering safepoint region: Cleanup
[2023-11-12T20:10:51.906+0000][112.944s][info ][safepoint     ] Leaving safepoint region
[2023-11-12T20:10:51.906+0000][112.944s][info ][safepoint     ] Total time for which application threads were stopped: 0.0006184 seconds, Stopping threads took: 0.0001146 seconds
[2023-11-12T20:10:52.906+0000][113.944s][debug][safepoint     ] Safepoint synchronization initiated. (189 threads)
[2023-11-12T20:10:52.906+0000][113.944s][info ][safepoint     ] Application time: 1.0003561 seconds
[2023-11-12T20:10:52.906+0000][113.944s][info ][safepoint     ] Entering safepoint region: Cleanup
[2023-11-12T20:10:52.907+0000][113.945s][info ][safepoint     ] Leaving safepoint region
[2023-11-12T20:10:52.907+0000][113.945s][info ][safepoint     ] Total time for which application threads were stopped: 0.0005889 seconds, Stopping threads took: 0.0001149 seconds
[2023-11-12T20:10:53.907+0000][114.945s][debug][safepoint     ] Safepoint synchronization initiated. (189 threads)
[2023-11-12T20:10:53.907+0000][114.945s][info ][safepoint     ] Application time: 1.0002725 seconds
[2023-11-12T20:10:53.907+0000][114.945s][info ][safepoint     ] Entering safepoint region: Cleanup
[2023-11-12T20:10:53.908+0000][114.946s][info ][safepoint     ] Leaving safepoint region
[2023-11-12T20:10:53.908+0000][114.946s][info ][safepoint     ] Total time for which application threads were stopped: 0.0005611 seconds, Stopping threads took: 0.0001142 seconds
[2023-11-12T20:10:54.908+0000][115.946s][debug][safepoint     ] Safepoint synchronization initiated. (189 threads)
[2023-11-12T20:10:54.908+0000][115.946s][info ][safepoint     ] Application time: 1.0002642 seconds
[2023-11-12T20:10:54.908+0000][115.946s][info ][safepoint     ] Entering safepoint region: Cleanup
[2023-11-12T20:10:54.909+0000][115.947s][info ][safepoint     ] Leaving safepoint region
[2023-11-12T20:10:54.909+0000][115.947s][info ][safepoint     ] Total time for which application threads were stopped: 0.0007895 seconds, Stopping threads took: 0.0001275 seconds
[2023-11-12T20:10:55.909+0000][116.947s][debug][safepoint     ] Safepoint synchronization initiated. (189 threads)
[2023-11-12T20:10:55.909+0000][116.947s][info ][safepoint     ] Application time: 1.0002311 seconds
[2023-11-12T20:10:55.909+0000][116.947s][info ][safepoint     ] Entering safepoint region: Cleanup
[2023-11-12T20:10:55.909+0000][116.948s][info ][safepoint     ] Leaving safepoint region
[2023-11-12T20:10:55.909+0000][116.948s][info ][safepoint     ] Total time for which application threads were stopped: 0.0003139 seconds, Stopping threads took: 0.0000702 seconds
[2023-11-12T20:10:56.910+0000][117.948s][debug][safepoint     ] Safepoint synchronization initiated. (189 threads)
[2023-11-12T20:10:56.910+0000][117.948s][info ][safepoint     ] Application time: 1.0002469 seconds
[2023-11-12T20:10:56.910+0000][117.948s][info ][safepoint     ] Entering safepoint region: Cleanup
[2023-11-12T20:10:56.910+0000][117.948s][info ][safepoint     ] Leaving safepoint region
[2023-11-12T20:10:56.910+0000][117.948s][info ][safepoint     ] Total time for which application threads were stopped: 0.0006352 seconds, Stopping threads took: 0.0001228 seconds
[2023-11-12T20:10:57.910+0000][118.949s][debug][safepoint     ] Safepoint synchronization initiated. (189 threads)
[2023-11-12T20:10:57.911+0000][118.949s][info ][safepoint     ] Application time: 1.0002489 seconds
[2023-11-12T20:10:57.911+0000][118.949s][debug][safepoint     ] ... found polling page return exception at pc = 0x00007f10dc61d88c, stub =0x00007f10d4841800
[2023-11-12T20:10:57.911+0000][118.949s][debug][safepoint     ] Waiting for 2 thread(s) to block
[2023-11-12T20:10:57.911+0000][118.949s][info ][safepoint     ] Entering safepoint region: Cleanup
[2023-11-12T20:10:57.911+0000][118.950s][info ][safepoint     ] Leaving safepoint region
[2023-11-12T20:10:57.911+0000][118.950s][info ][safepoint     ] Total time for which application threads were stopped: 0.0007616 seconds, Stopping threads took: 0.0003069 seconds
[2023-11-12T20:10:58.912+0000][119.950s][debug][safepoint     ] Safepoint synchronization initiated. (190 threads)
[2023-11-12T20:10:58.912+0000][119.950s][info ][safepoint     ] Application time: 1.0003131 seconds
[2023-11-12T20:10:58.912+0000][119.950s][info ][safepoint     ] Entering safepoint region: Cleanup
[2023-11-12T20:10:58.912+0000][119.950s][info ][safepoint     ] Leaving safepoint region
[2023-11-12T20:10:58.912+0000][119.951s][info ][safepoint     ] Total time for which application threads were stopped: 0.0005849 seconds, Stopping threads took: 0.0001247 seconds
[2023-11-12T20:10:59.913+0000][120.951s][debug][safepoint     ] Safepoint synchronization initiated. (190 threads)
[2023-11-12T20:10:59.913+0000][120.951s][info ][safepoint     ] Application time: 1.0002486 seconds
[2023-11-12T20:10:59.913+0000][120.951s][info ][safepoint     ] Entering safepoint region: Cleanup
[2023-11-12T20:10:59.913+0000][120.951s][info ][safepoint     ] Leaving safepoint region
[2023-11-12T20:10:59.913+0000][120.951s][info ][safepoint     ] Total time for which application threads were stopped: 0.0005778 seconds, Stopping threads took: 0.0001626 seconds
[2023-11-12T20:11:00.913+0000][121.952s][debug][safepoint     ] Safepoint synchronization initiated. (190 threads)
[2023-11-12T20:11:00.914+0000][121.952s][info ][safepoint     ] Application time: 1.0002593 seconds
[2023-11-12T20:11:00.914+0000][121.952s][info ][safepoint     ] Entering safepoint region: Cleanup
[2023-11-12T20:11:00.915+0000][121.953s][info ][safepoint     ] Leaving safepoint region
[2023-11-12T20:11:00.915+0000][121.953s][info ][safepoint     ] Total time for which application threads were stopped: 0.0010039 seconds, Stopping threads took: 0.0005963 seconds
[2023-11-12T20:11:01.915+0000][122.953s][debug][safepoint     ] Safepoint synchronization initiated. (190 threads)
[2023-11-12T20:11:01.915+0000][122.953s][info ][safepoint     ] Application time: 1.0002252 seconds
[2023-11-12T20:11:01.915+0000][122.953s][info ][safepoint     ] Entering safepoint region: Cleanup
[2023-11-12T20:11:01.915+0000][122.954s][info ][safepoint     ] Leaving safepoint region
[2023-11-12T20:11:01.915+0000][122.954s][info ][safepoint     ] Total time for which application threads were stopped: 0.0005783 seconds, Stopping threads took: 0.0001234 seconds
[2023-11-12T20:11:02.916+0000][123.954s][debug][safepoint     ] Safepoint synchronization initiated. (190 threads)
[2023-11-12T20:11:02.916+0000][123.954s][info ][safepoint     ] Application time: 1.0002402 seconds
[2023-11-12T20:11:02.916+0000][123.954s][info ][safepoint     ] Entering safepoint region: Cleanup
[2023-11-12T20:11:02.916+0000][123.955s][info ][safepoint     ] Leaving safepoint region
[2023-11-12T20:11:02.916+0000][123.955s][info ][safepoint     ] Total time for which application threads were stopped: 0.0005982 seconds, Stopping threads took: 0.0001357 seconds
[2023-11-12T20:11:03.917+0000][124.955s][debug][safepoint     ] Safepoint synchronization initiated. (190 threads)
[2023-11-12T20:11:03.917+0000][124.955s][info ][safepoint     ] Application time: 1.0002452 seconds
[2023-11-12T20:11:03.917+0000][124.955s][info ][safepoint     ] Entering safepoint region: Cleanup
[2023-11-12T20:11:03.917+0000][124.955s][info ][safepoint     ] Leaving safepoint region
[2023-11-12T20:11:03.917+0000][124.955s][info ][safepoint     ] Total time for which application threads were stopped: 0.0005634 seconds, Stopping threads took: 0.0001259 seconds
[2023-11-12T20:11:04.918+0000][125.956s][debug][safepoint     ] Safepoint synchronization initiated. (190 threads)
[2023-11-12T20:11:04.918+0000][125.956s][info ][safepoint     ] Application time: 1.0002984 seconds
[2023-11-12T20:11:04.918+0000][125.956s][info ][safepoint     ] Entering safepoint region: Cleanup
[2023-11-12T20:11:04.918+0000][125.956s][info ][safepoint     ] Leaving safepoint region
[2023-11-12T20:11:04.918+0000][125.956s][info ][safepoint     ] Total time for which application threads were stopped: 0.0005862 seconds, Stopping threads took: 0.0001164 seconds
[2023-11-12T20:11:05.919+0000][126.957s][debug][safepoint     ] Safepoint synchronization initiated. (190 threads)
[2023-11-12T20:11:05.919+0000][126.957s][info ][safepoint     ] Application time: 1.0002917 seconds
[2023-11-12T20:11:05.919+0000][126.957s][info ][safepoint     ] Entering safepoint region: Cleanup
[2023-11-12T20:11:05.919+0000][126.957s][info ][safepoint     ] Leaving safepoint region
[2023-11-12T20:11:05.919+0000][126.957s][info ][safepoint     ] Total time for which application threads were stopped: 0.0006466 seconds, Stopping threads took: 0.0001175 seconds
[2023-11-12T20:11:06.920+0000][127.958s][debug][safepoint     ] Safepoint synchronization initiated. (190 threads)
[2023-11-12T20:11:06.920+0000][127.958s][info ][safepoint     ] Application time: 1.0002628 seconds
[2023-11-12T20:11:06.920+0000][127.958s][info ][safepoint     ] Entering safepoint region: Cleanup
[2023-11-12T20:11:06.920+0000][127.958s][info ][safepoint     ] Leaving safepoint region
[2023-11-12T20:11:06.920+0000][127.958s][info ][safepoint     ] Total time for which application threads were stopped: 0.0006342 seconds, Stopping threads took: 0.0001604 seconds
[2023-11-12T20:11:07.921+0000][128.959s][debug][safepoint     ] Safepoint synchronization initiated. (190 threads)
[2023-11-12T20:11:07.921+0000][128.959s][info ][safepoint     ] Application time: 1.0003562 seconds
[2023-11-12T20:11:07.921+0000][128.959s][info ][safepoint     ] Entering safepoint region: Cleanup
[2023-11-12T20:11:07.921+0000][128.959s][info ][safepoint     ] Leaving safepoint region
[2023-11-12T20:11:07.921+0000][128.959s][info ][safepoint     ] Total time for which application threads were stopped: 0.0005899 seconds, Stopping threads took: 0.0001212 seconds
[2023-11-12T20:11:08.922+0000][129.960s][debug][safepoint     ] Safepoint synchronization initiated. (190 threads)
[2023-11-12T20:11:08.922+0000][129.960s][info ][safepoint     ] Application time: 1.0002859 seconds
[2023-11-12T20:11:08.922+0000][129.960s][info ][safepoint     ] Entering safepoint region: Cleanup
[2023-11-12T20:11:08.922+0000][129.960s][info ][safepoint     ] Leaving safepoint region
[2023-11-12T20:11:08.922+0000][129.960s][info ][safepoint     ] Total time for which application threads were stopped: 0.0005015 seconds, Stopping threads took: 0.0001126 seconds
[2023-11-12T20:11:09.922+0000][130.961s][debug][safepoint     ] Safepoint synchronization initiated. (190 threads)
[2023-11-12T20:11:09.923+0000][130.961s][info ][safepoint     ] Application time: 1.0002813 seconds
[2023-11-12T20:11:09.923+0000][130.961s][info ][safepoint     ] Entering safepoint region: Cleanup
[2023-11-12T20:11:09.923+0000][130.961s][info ][safepoint     ] Leaving safepoint region
[2023-11-12T20:11:09.923+0000][130.961s][info ][safepoint     ] Total time for which application threads were stopped: 0.0005529 seconds, Stopping threads took: 0.0001347 seconds
[2023-11-12T20:11:10.923+0000][131.961s][debug][safepoint     ] Safepoint synchronization initiated. (190 threads)
[2023-11-12T20:11:10.923+0000][131.961s][info ][safepoint     ] Application time: 1.0001797 seconds
[2023-11-12T20:11:10.923+0000][131.962s][info ][safepoint     ] Entering safepoint region: Cleanup
[2023-11-12T20:11:10.924+0000][131.962s][info ][safepoint     ] Leaving safepoint region
[2023-11-12T20:11:10.924+0000][131.962s][info ][safepoint     ] Total time for which application threads were stopped: 0.0004925 seconds, Stopping threads took: 0.0001189 seconds
[2023-11-12T20:11:11.924+0000][132.962s][debug][safepoint     ] Safepoint synchronization initiated. (190 threads)
[2023-11-12T20:11:11.924+0000][132.962s][info ][safepoint     ] Application time: 1.0002332 seconds
[2023-11-12T20:11:11.924+0000][132.962s][info ][safepoint     ] Entering safepoint region: Cleanup
[2023-11-12T20:11:11.925+0000][132.963s][info ][safepoint     ] Leaving safepoint region
[2023-11-12T20:11:11.925+0000][132.963s][info ][safepoint     ] Total time for which application threads were stopped: 0.0005190 seconds, Stopping threads took: 0.0001271 seconds
[2023-11-12T20:11:12.925+0000][133.963s][debug][safepoint     ] Safepoint synchronization initiated. (190 threads)
[2023-11-12T20:11:12.925+0000][133.963s][info ][safepoint     ] Application time: 1.0002880 seconds
[2023-11-12T20:11:12.925+0000][133.963s][info ][safepoint     ] Entering safepoint region: Cleanup
[2023-11-12T20:11:12.926+0000][133.964s][info ][safepoint     ] Leaving safepoint region
[2023-11-12T20:11:12.926+0000][133.964s][info ][safepoint     ] Total time for which application threads were stopped: 0.0005861 seconds, Stopping threads took: 0.0001267 seconds
[2023-11-12T20:11:13.926+0000][134.964s][debug][safepoint     ] Safepoint synchronization initiated. (190 threads)
[2023-11-12T20:11:13.926+0000][134.964s][info ][safepoint     ] Application time: 1.0003149 seconds
[2023-11-12T20:11:13.926+0000][134.964s][info ][safepoint     ] Entering safepoint region: Cleanup
[2023-11-12T20:11:13.927+0000][134.965s][info ][safepoint     ] Leaving safepoint region
[2023-11-12T20:11:13.927+0000][134.965s][info ][safepoint     ] Total time for which application threads were stopped: 0.0006408 seconds, Stopping threads took: 0.0001640 seconds
[2023-11-12T20:11:14.927+0000][135.965s][debug][safepoint     ] Safepoint synchronization initiated. (190 threads)
[2023-11-12T20:11:14.927+0000][135.965s][info ][safepoint     ] Application time: 1.0003473 seconds
[2023-11-12T20:11:14.927+0000][135.965s][info ][safepoint     ] Entering safepoint region: Cleanup
[2023-11-12T20:11:14.928+0000][135.966s][info ][safepoint     ] Leaving safepoint region
[2023-11-12T20:11:14.928+0000][135.966s][info ][safepoint     ] Total time for which application threads were stopped: 0.0005932 seconds, Stopping threads took: 0.0001198 seconds
[2023-11-12T20:11:15.928+0000][136.966s][debug][safepoint     ] Safepoint synchronization initiated. (190 threads)
[2023-11-12T20:11:15.928+0000][136.966s][info ][safepoint     ] Application time: 1.0003075 seconds
[2023-11-12T20:11:15.928+0000][136.966s][info ][safepoint     ] Entering safepoint region: Cleanup
[2023-11-12T20:11:15.929+0000][136.967s][info ][safepoint     ] Leaving safepoint region
[2023-11-12T20:11:15.929+0000][136.967s][info ][safepoint     ] Total time for which application threads were stopped: 0.0005850 seconds, Stopping threads took: 0.0001242 seconds
[2023-11-12T20:11:16.929+0000][137.967s][debug][safepoint     ] Safepoint synchronization initiated. (190 threads)
[2023-11-12T20:11:16.929+0000][137.967s][info ][safepoint     ] Application time: 1.0002243 seconds
[2023-11-12T20:11:16.929+0000][137.967s][info ][safepoint     ] Entering safepoint region: Cleanup
[2023-11-12T20:11:16.929+0000][137.968s][info ][safepoint     ] Leaving safepoint region
[2023-11-12T20:11:16.930+0000][137.968s][info ][safepoint     ] Total time for which application threads were stopped: 0.0005744 seconds, Stopping threads took: 0.0001272 seconds
[2023-11-12T20:11:17.930+0000][138.968s][debug][safepoint     ] Safepoint synchronization initiated. (190 threads)
[2023-11-12T20:11:17.930+0000][138.968s][info ][safepoint     ] Application time: 1.0003012 seconds
[2023-11-12T20:11:17.930+0000][138.968s][info ][safepoint     ] Entering safepoint region: Cleanup
[2023-11-12T20:11:17.930+0000][138.969s][info ][safepoint     ] Leaving safepoint region
[2023-11-12T20:11:17.931+0000][138.969s][info ][safepoint     ] Total time for which application threads were stopped: 0.0006779 seconds, Stopping threads took: 0.0002132 seconds
[2023-11-12T20:11:18.931+0000][139.969s][debug][safepoint     ] Safepoint synchronization initiated. (190 threads)
[2023-11-12T20:11:18.931+0000][139.969s][info ][safepoint     ] Application time: 1.0002104 seconds
[2023-11-12T20:11:18.931+0000][139.969s][info ][safepoint     ] Entering safepoint region: Cleanup
[2023-11-12T20:11:18.931+0000][139.969s][info ][safepoint     ] Leaving safepoint region
[2023-11-12T20:11:18.931+0000][139.969s][info ][safepoint     ] Total time for which application threads were stopped: 0.0004764 seconds, Stopping threads took: 0.0001209 seconds
[2023-11-12T20:11:19.931+0000][140.970s][debug][safepoint     ] Safepoint synchronization initiated. (190 threads)
[2023-11-12T20:11:19.932+0000][140.970s][info ][safepoint     ] Application time: 1.0002493 seconds
[2023-11-12T20:11:19.932+0000][140.970s][info ][safepoint     ] Entering safepoint region: Cleanup
[2023-11-12T20:11:19.932+0000][140.970s][info ][safepoint     ] Leaving safepoint region
[2023-11-12T20:11:19.932+0000][140.970s][info ][safepoint     ] Total time for which application threads were stopped: 0.0005103 seconds, Stopping threads took: 0.0001251 seconds
[2023-11-12T20:11:20.932+0000][141.971s][debug][safepoint     ] Safepoint synchronization initiated. (190 threads)
[2023-11-12T20:11:20.932+0000][141.971s][info ][safepoint     ] Application time: 1.0002958 seconds
[2023-11-12T20:11:20.933+0000][141.971s][info ][safepoint     ] Entering safepoint region: Cleanup
[2023-11-12T20:11:20.933+0000][141.971s][info ][safepoint     ] Leaving safepoint region
[2023-11-12T20:11:20.933+0000][141.971s][info ][safepoint     ] Total time for which application threads were stopped: 0.0006323 seconds, Stopping threads took: 0.0001669 seconds
[2023-11-12T20:11:21.933+0000][142.971s][debug][safepoint     ] Safepoint synchronization initiated. (190 threads)
[2023-11-12T20:11:21.933+0000][142.972s][info ][safepoint     ] Application time: 1.0002942 seconds
[2023-11-12T20:11:21.934+0000][142.972s][info ][safepoint     ] Entering safepoint region: Cleanup
[2023-11-12T20:11:21.934+0000][142.972s][info ][safepoint     ] Leaving safepoint region
[2023-11-12T20:11:21.934+0000][142.972s][info ][safepoint     ] Total time for which application threads were stopped: 0.0005626 seconds, Stopping threads took: 0.0001256 seconds
[2023-11-12T20:11:22.934+0000][143.972s][debug][safepoint     ] Safepoint synchronization initiated. (190 threads)
[2023-11-12T20:11:22.934+0000][143.973s][info ][safepoint     ] Application time: 1.0002711 seconds
[2023-11-12T20:11:22.934+0000][143.973s][info ][safepoint     ] Entering safepoint region: Cleanup
[2023-11-12T20:11:22.935+0000][143.973s][info ][safepoint     ] Leaving safepoint region
[2023-11-12T20:11:22.935+0000][143.973s][info ][safepoint     ] Total time for which application threads were stopped: 0.0005099 seconds, Stopping threads took: 0.0001199 seconds
[2023-11-12T20:11:23.935+0000][144.973s][debug][safepoint     ] Safepoint synchronization initiated. (190 threads)
[2023-11-12T20:11:23.935+0000][144.973s][info ][safepoint     ] Application time: 1.0002900 seconds
[2023-11-12T20:11:23.935+0000][144.974s][info ][safepoint     ] Entering safepoint region: Cleanup
[2023-11-12T20:11:23.936+0000][144.974s][info ][safepoint     ] Leaving safepoint region
[2023-11-12T20:11:23.936+0000][144.974s][info ][safepoint     ] Total time for which application threads were stopped: 0.0005871 seconds, Stopping threads took: 0.0001179 seconds
[2023-11-12T20:11:24.936+0000][145.974s][debug][safepoint     ] Safepoint synchronization initiated. (190 threads)
[2023-11-12T20:11:24.936+0000][145.974s][info ][safepoint     ] Application time: 1.0002557 seconds
[2023-11-12T20:11:24.936+0000][145.974s][info ][safepoint     ] Entering safepoint region: Cleanup
[2023-11-12T20:11:24.937+0000][145.975s][info ][safepoint     ] Leaving safepoint region
[2023-11-12T20:11:24.937+0000][145.975s][info ][safepoint     ] Total time for which application threads were stopped: 0.0006279 seconds, Stopping threads took: 0.0001435 seconds
[2023-11-12T20:11:25.937+0000][146.975s][debug][safepoint     ] Safepoint synchronization initiated. (190 threads)
[2023-11-12T20:11:25.937+0000][146.975s][info ][safepoint     ] Application time: 1.0003195 seconds
[2023-11-12T20:11:25.938+0000][146.976s][info ][safepoint     ] Entering safepoint region: Cleanup
[2023-11-12T20:11:25.939+0000][146.977s][info ][safepoint     ] Leaving safepoint region
[2023-11-12T20:11:25.939+0000][146.977s][info ][safepoint     ] Total time for which application threads were stopped: 0.0006139 seconds, Stopping threads took: 0.0001476 seconds
[2023-11-12T20:11:26.939+0000][147.977s][debug][safepoint     ] Safepoint synchronization initiated. (190 threads)
[2023-11-12T20:11:26.939+0000][147.977s][info ][safepoint     ] Application time: 1.0002634 seconds
[2023-11-12T20:11:26.939+0000][147.977s][info ][safepoint     ] Entering safepoint region: Cleanup
[2023-11-12T20:11:26.939+0000][147.978s][info ][safepoint     ] Leaving safepoint region
[2023-11-12T20:11:26.939+0000][147.978s][info ][safepoint     ] Total time for which application threads were stopped: 0.0005160 seconds, Stopping threads took: 0.0001304 seconds
[2023-11-12T20:11:27.940+0000][148.978s][debug][safepoint     ] Safepoint synchronization initiated. (190 threads)
[2023-11-12T20:11:27.940+0000][148.978s][info ][safepoint     ] Application time: 1.0003127 seconds
[2023-11-12T20:11:27.940+0000][148.978s][info ][safepoint     ] Entering safepoint region: Cleanup
[2023-11-12T20:11:27.940+0000][148.979s][info ][safepoint     ] Leaving safepoint region
[2023-11-12T20:11:27.940+0000][148.979s][info ][safepoint     ] Total time for which application threads were stopped: 0.0005868 seconds, Stopping threads took: 0.0001233 seconds
[2023-11-12T20:11:28.941+0000][149.979s][debug][safepoint     ] Safepoint synchronization initiated. (190 threads)
[2023-11-12T20:11:28.941+0000][149.979s][info ][safepoint     ] Application time: 1.0002336 seconds
[2023-11-12T20:11:28.941+0000][149.979s][info ][safepoint     ] Entering safepoint region: Cleanup
[2023-11-12T20:11:28.941+0000][149.980s][info ][safepoint     ] Leaving safepoint region
[2023-11-12T20:11:28.941+0000][149.980s][info ][safepoint     ] Total time for which application threads were stopped: 0.0006485 seconds, Stopping threads took: 0.0001210 seconds
[2023-11-12T20:11:29.942+0000][150.980s][debug][safepoint     ] Safepoint synchronization initiated. (190 threads)
[2023-11-12T20:11:29.942+0000][150.980s][info ][safepoint     ] Application time: 1.0002897 seconds
[2023-11-12T20:11:29.942+0000][150.980s][info ][safepoint     ] Entering safepoint region: Cleanup
[2023-11-12T20:11:29.942+0000][150.980s][info ][safepoint     ] Leaving safepoint region
[2023-11-12T20:11:29.942+0000][150.981s][info ][safepoint     ] Total time for which application threads were stopped: 0.0006103 seconds, Stopping threads took: 0.0001190 seconds
[2023-11-12T20:11:30.943+0000][151.981s][debug][safepoint     ] Safepoint synchronization initiated. (190 threads)
[2023-11-12T20:11:30.943+0000][151.981s][info ][safepoint     ] Application time: 1.0002257 seconds
[2023-11-12T20:11:30.943+0000][151.981s][info ][safepoint     ] Entering safepoint region: Cleanup
[2023-11-12T20:11:30.943+0000][151.981s][info ][safepoint     ] Leaving safepoint region
[2023-11-12T20:11:30.943+0000][151.981s][info ][safepoint     ] Total time for which application threads were stopped: 0.0006091 seconds, Stopping threads took: 0.0001231 seconds
[2023-11-12T20:11:31.943+0000][152.982s][debug][safepoint     ] Safepoint synchronization initiated. (190 threads)
[2023-11-12T20:11:31.943+0000][152.982s][info ][safepoint     ] Application time: 1.0001778 seconds
[2023-11-12T20:11:31.944+0000][152.982s][info ][safepoint     ] Entering safepoint region: Cleanup
[2023-11-12T20:11:31.944+0000][152.982s][info ][safepoint     ] Leaving safepoint region
[2023-11-12T20:11:31.944+0000][152.982s][info ][safepoint     ] Total time for which application threads were stopped: 0.0003537 seconds, Stopping threads took: 0.0000781 seconds
[2023-11-12T20:11:32.944+0000][153.982s][debug][safepoint     ] Safepoint synchronization initiated. (189 threads)
[2023-11-12T20:11:32.944+0000][153.982s][info ][safepoint     ] Application time: 1.0002851 seconds
[2023-11-12T20:11:32.944+0000][153.982s][info ][safepoint     ] Entering safepoint region: Cleanup
[2023-11-12T20:11:32.945+0000][153.983s][info ][safepoint     ] Leaving safepoint region
[2023-11-12T20:11:32.945+0000][153.983s][info ][safepoint     ] Total time for which application threads were stopped: 0.0006378 seconds, Stopping threads took: 0.0001198 seconds
[2023-11-12T20:11:33.945+0000][154.983s][debug][safepoint     ] Safepoint synchronization initiated. (189 threads)
[2023-11-12T20:11:33.945+0000][154.983s][info ][safepoint     ] Application time: 1.0002290 seconds
[2023-11-12T20:11:33.945+0000][154.983s][info ][safepoint     ] Entering safepoint region: Cleanup
[2023-11-12T20:11:33.946+0000][154.984s][info ][safepoint     ] Leaving safepoint region
[2023-11-12T20:11:33.946+0000][154.984s][info ][safepoint     ] Total time for which application threads were stopped: 0.0006354 seconds, Stopping threads took: 0.0001203 seconds
[2023-11-12T20:11:34.946+0000][155.984s][debug][safepoint     ] Safepoint synchronization initiated. (189 threads)
[2023-11-12T20:11:34.946+0000][155.984s][info ][safepoint     ] Application time: 1.0002684 seconds
[2023-11-12T20:11:34.946+0000][155.984s][info ][safepoint     ] Entering safepoint region: Cleanup
[2023-11-12T20:11:34.947+0000][155.985s][info ][safepoint     ] Leaving safepoint region
[2023-11-12T20:11:34.947+0000][155.985s][info ][safepoint     ] Total time for which application threads were stopped: 0.0007260 seconds, Stopping threads took: 0.0001177 seconds
[2023-11-12T20:11:35.947+0000][156.985s][debug][safepoint     ] Safepoint synchronization initiated. (189 threads)
[2023-11-12T20:11:35.947+0000][156.985s][info ][safepoint     ] Application time: 1.0003632 seconds
[2023-11-12T20:11:35.947+0000][156.986s][info ][safepoint     ] Entering safepoint region: Cleanup
[2023-11-12T20:11:35.948+0000][156.986s][info ][safepoint     ] Leaving safepoint region
[2023-11-12T20:11:35.948+0000][156.986s][info ][safepoint     ] Total time for which application threads were stopped: 0.0006564 seconds, Stopping threads took: 0.0001150 seconds
[2023-11-12T20:11:36.948+0000][157.986s][debug][safepoint     ] Safepoint synchronization initiated. (189 threads)
[2023-11-12T20:11:36.948+0000][157.986s][info ][safepoint     ] Application time: 1.0002604 seconds
[2023-11-12T20:11:36.948+0000][157.987s][info ][safepoint     ] Entering safepoint region: Cleanup
[2023-11-12T20:11:36.949+0000][157.987s][info ][safepoint     ] Leaving safepoint region
[2023-11-12T20:11:36.949+0000][157.987s][info ][safepoint     ] Total time for which application threads were stopped: 0.0006496 seconds, Stopping threads took: 0.0001164 seconds
[2023-11-12T20:11:37.949+0000][158.987s][debug][safepoint     ] Safepoint synchronization initiated. (189 threads)
[2023-11-12T20:11:37.949+0000][158.987s][info ][safepoint     ] Application time: 1.0002746 seconds
[2023-11-12T20:11:37.949+0000][158.988s][info ][safepoint     ] Entering safepoint region: Cleanup
[2023-11-12T20:11:37.950+0000][158.988s][info ][safepoint     ] Leaving safepoint region
[2023-11-12T20:11:37.950+0000][158.988s][info ][safepoint     ] Total time for which application threads were stopped: 0.0007045 seconds, Stopping threads took: 0.0001269 seconds
[2023-11-12T20:11:38.950+0000][159.988s][debug][safepoint     ] Safepoint synchronization initiated. (189 threads)
[2023-11-12T20:11:38.950+0000][159.988s][info ][safepoint     ] Application time: 1.0002559 seconds
[2023-11-12T20:11:38.950+0000][159.989s][info ][safepoint     ] Entering safepoint region: Cleanup
[2023-11-12T20:11:38.951+0000][159.989s][info ][safepoint     ] Leaving safepoint region
[2023-11-12T20:11:38.951+0000][159.989s][info ][safepoint     ] Total time for which application threads were stopped: 0.0005948 seconds, Stopping threads took: 0.0001122 seconds
[2023-11-12T20:11:39.951+0000][160.989s][debug][safepoint     ] Safepoint synchronization initiated. (189 threads)
[2023-11-12T20:11:39.951+0000][160.989s][info ][safepoint     ] Application time: 1.0002519 seconds
[2023-11-12T20:11:39.951+0000][160.989s][info ][safepoint     ] Entering safepoint region: Cleanup
[2023-11-12T20:11:39.952+0000][160.990s][info ][safepoint     ] Leaving safepoint region
[2023-11-12T20:11:39.952+0000][160.990s][info ][safepoint     ] Total time for which application threads were stopped: 0.0006374 seconds, Stopping threads took: 0.0001275 seconds
[2023-11-12T20:11:40.952+0000][161.990s][debug][safepoint     ] Safepoint synchronization initiated. (189 threads)
[2023-11-12T20:11:40.952+0000][161.990s][info ][safepoint     ] Application time: 1.0002626 seconds
[2023-11-12T20:11:40.952+0000][161.990s][info ][safepoint     ] Entering safepoint region: Cleanup
[2023-11-12T20:11:40.953+0000][161.991s][info ][safepoint     ] Leaving safepoint region
[2023-11-12T20:11:40.953+0000][161.991s][info ][safepoint     ] Total time for which application threads were stopped: 0.0005754 seconds, Stopping threads took: 0.0001202 seconds
[2023-11-12T20:11:41.953+0000][162.991s][debug][safepoint     ] Safepoint synchronization initiated. (189 threads)
[2023-11-12T20:11:41.953+0000][162.991s][info ][safepoint     ] Application time: 1.0003031 seconds
[2023-11-12T20:11:41.953+0000][162.991s][info ][safepoint     ] Entering safepoint region: Cleanup
[2023-11-12T20:11:41.954+0000][162.992s][info ][safepoint     ] Leaving safepoint region
[2023-11-12T20:11:41.954+0000][162.992s][info ][safepoint     ] Total time for which application threads were stopped: 0.0007283 seconds, Stopping threads took: 0.0001224 seconds
[2023-11-12T20:11:42.954+0000][163.992s][debug][safepoint     ] Safepoint synchronization initiated. (189 threads)
[2023-11-12T20:11:42.954+0000][163.992s][info ][safepoint     ] Application time: 1.0002020 seconds
[2023-11-12T20:11:42.954+0000][163.992s][info ][safepoint     ] Entering safepoint region: Cleanup
[2023-11-12T20:11:42.955+0000][163.993s][info ][safepoint     ] Leaving safepoint region
[2023-11-12T20:11:42.955+0000][163.993s][info ][safepoint     ] Total time for which application threads were stopped: 0.0005481 seconds, Stopping threads took: 0.0001287 seconds
[2023-11-12T20:11:43.955+0000][164.993s][debug][safepoint     ] Safepoint synchronization initiated. (189 threads)
[2023-11-12T20:11:43.955+0000][164.993s][info ][safepoint     ] Application time: 1.0002700 seconds
[2023-11-12T20:11:43.955+0000][164.993s][info ][safepoint     ] Entering safepoint region: Cleanup
[2023-11-12T20:11:43.956+0000][164.994s][info ][safepoint     ] Leaving safepoint region
[2023-11-12T20:11:43.956+0000][164.994s][info ][safepoint     ] Total time for which application threads were stopped: 0.0005877 seconds, Stopping threads took: 0.0001256 seconds
[2023-11-12T20:11:44.956+0000][165.994s][debug][safepoint     ] Safepoint synchronization initiated. (189 threads)
[2023-11-12T20:11:44.956+0000][165.994s][info ][safepoint     ] Application time: 1.0002446 seconds
[2023-11-12T20:11:44.956+0000][165.994s][info ][safepoint     ] Entering safepoint region: Cleanup
[2023-11-12T20:11:44.956+0000][165.995s][info ][safepoint     ] Leaving safepoint region
[2023-11-12T20:11:44.957+0000][165.995s][info ][safepoint     ] Total time for which application threads were stopped: 0.0005496 seconds, Stopping threads took: 0.0001311 seconds
[2023-11-12T20:11:46.957+0000][167.995s][debug][safepoint     ] Safepoint synchronization initiated. (186 threads)
[2023-11-12T20:11:46.957+0000][167.995s][info ][safepoint     ] Application time: 2.0004510 seconds
[2023-11-12T20:11:46.957+0000][167.995s][info ][safepoint     ] Entering safepoint region: Cleanup
[2023-11-12T20:11:46.958+0000][167.996s][info ][safepoint     ] Leaving safepoint region
[2023-11-12T20:11:46.958+0000][167.996s][info ][safepoint     ] Total time for which application threads were stopped: 0.0005888 seconds, Stopping threads took: 0.0001203 seconds
[2023-11-12T20:11:55.959+0000][176.997s][debug][safepoint     ] Safepoint synchronization initiated. (186 threads)
[2023-11-12T20:11:55.959+0000][176.997s][info ][safepoint     ] Application time: 9.0015477 seconds
[2023-11-12T20:11:55.959+0000][176.997s][info ][safepoint     ] Entering safepoint region: Cleanup
[2023-11-12T20:11:55.960+0000][176.998s][info ][safepoint     ] Leaving safepoint region
[2023-11-12T20:11:55.960+0000][176.998s][info ][safepoint     ] Total time for which application threads were stopped: 0.0005706 seconds, Stopping threads took: 0.0001121 seconds
[2023-11-12T20:11:57.960+0000][178.998s][debug][safepoint     ] Safepoint synchronization initiated. (186 threads)
[2023-11-12T20:11:57.960+0000][178.998s][info ][safepoint     ] Application time: 2.0004413 seconds
[2023-11-12T20:11:57.960+0000][178.999s][info ][safepoint     ] Entering safepoint region: Cleanup
[2023-11-12T20:11:57.961+0000][178.999s][info ][safepoint     ] Leaving safepoint region
[2023-11-12T20:11:57.961+0000][178.999s][info ][safepoint     ] Total time for which application threads were stopped: 0.0006598 seconds, Stopping threads took: 0.0001130 seconds
[2023-11-12T20:12:09.963+0000][191.001s][debug][safepoint     ] Safepoint synchronization initiated. (185 threads)
[2023-11-12T20:12:09.963+0000][191.001s][info ][safepoint     ] Application time: 12.0019655 seconds
[2023-11-12T20:12:09.963+0000][191.001s][info ][safepoint     ] Entering safepoint region: Cleanup
[2023-11-12T20:12:09.964+0000][191.002s][info ][safepoint     ] Leaving safepoint region
[2023-11-12T20:12:09.964+0000][191.002s][info ][safepoint     ] Total time for which application threads were stopped: 0.0006724 seconds, Stopping threads took: 0.0001207 seconds
[2023-11-12T20:12:13.964+0000][195.002s][debug][safepoint     ] Safepoint synchronization initiated. (185 threads)
[2023-11-12T20:12:13.964+0000][195.003s][info ][safepoint     ] Application time: 4.0007059 seconds
[2023-11-12T20:12:13.965+0000][195.003s][info ][safepoint     ] Entering safepoint region: Cleanup
[2023-11-12T20:12:13.965+0000][195.003s][info ][safepoint     ] Leaving safepoint region
[2023-11-12T20:12:13.965+0000][195.003s][info ][safepoint     ] Total time for which application threads were stopped: 0.0006574 seconds, Stopping threads took: 0.0001282 seconds
[2023-11-12T20:12:32.968+0000][214.006s][debug][safepoint     ] Safepoint synchronization initiated. (184 threads)
[2023-11-12T20:12:32.968+0000][214.006s][info ][safepoint     ] Application time: 19.0028602 seconds
[2023-11-12T20:12:32.968+0000][214.006s][info ][safepoint     ] Entering safepoint region: Cleanup
[2023-11-12T20:12:32.969+0000][214.007s][info ][safepoint     ] Leaving safepoint region
[2023-11-12T20:12:32.969+0000][214.007s][info ][safepoint     ] Total time for which application threads were stopped: 0.0005678 seconds, Stopping threads took: 0.0001395 seconds
[2023-11-12T20:12:45.971+0000][227.009s][debug][safepoint     ] Safepoint synchronization initiated. (182 threads)
[2023-11-12T20:12:45.971+0000][227.009s][info ][safepoint     ] Application time: 13.0023835 seconds
[2023-11-12T20:12:45.971+0000][227.009s][info ][safepoint     ] Entering safepoint region: Cleanup
[2023-11-12T20:12:45.972+0000][227.010s][info ][safepoint     ] Leaving safepoint region
[2023-11-12T20:12:45.972+0000][227.010s][info ][safepoint     ] Total time for which application threads were stopped: 0.0006092 seconds, Stopping threads took: 0.0001023 seconds
[2023-11-12T20:12:46.972+0000][228.010s][debug][safepoint     ] Safepoint synchronization initiated. (182 threads)
[2023-11-12T20:12:46.972+0000][228.010s][info ][safepoint     ] Application time: 1.0002961 seconds
[2023-11-12T20:12:46.972+0000][228.010s][info ][safepoint     ] Entering safepoint region: Cleanup
[2023-11-12T20:12:46.973+0000][228.011s][info ][safepoint     ] Leaving safepoint region
[2023-11-12T20:12:46.973+0000][228.011s][info ][safepoint     ] Total time for which application threads were stopped: 0.0005542 seconds, Stopping threads took: 0.0001093 seconds
[2023-11-12T20:12:47.973+0000][229.011s][debug][safepoint     ] Safepoint synchronization initiated. (182 threads)
[2023-11-12T20:12:47.973+0000][229.011s][info ][safepoint     ] Application time: 1.0003251 seconds
[2023-11-12T20:12:47.973+0000][229.011s][info ][safepoint     ] Entering safepoint region: Cleanup
[2023-11-12T20:12:47.974+0000][229.012s][info ][safepoint     ] Leaving safepoint region
[2023-11-12T20:12:47.974+0000][229.012s][info ][safepoint     ] Total time for which application threads were stopped: 0.0005578 seconds, Stopping threads took: 0.0001117 seconds
[2023-11-12T20:12:53.975+0000][235.013s][debug][safepoint     ] Safepoint synchronization initiated. (182 threads)
[2023-11-12T20:12:53.975+0000][235.013s][info ][safepoint     ] Application time: 6.0011553 seconds
[2023-11-12T20:12:53.975+0000][235.013s][info ][safepoint     ] Entering safepoint region: Cleanup
[2023-11-12T20:12:53.975+0000][235.014s][info ][safepoint     ] Leaving safepoint region
[2023-11-12T20:12:53.975+0000][235.014s][info ][safepoint     ] Total time for which application threads were stopped: 0.0005727 seconds, Stopping threads took: 0.0001120 seconds
[2023-11-12T20:12:55.976+0000][237.014s][debug][safepoint     ] Safepoint synchronization initiated. (182 threads)
[2023-11-12T20:12:55.976+0000][237.014s][info ][safepoint     ] Application time: 2.0004229 seconds
[2023-11-12T20:12:55.976+0000][237.014s][info ][safepoint     ] Entering safepoint region: Cleanup
[2023-11-12T20:12:55.976+0000][237.015s][info ][safepoint     ] Leaving safepoint region
[2023-11-12T20:12:55.977+0000][237.015s][info ][safepoint     ] Total time for which application threads were stopped: 0.0006582 seconds, Stopping threads took: 0.0001154 seconds
[2023-11-12T20:13:12.979+0000][254.017s][debug][safepoint     ] Safepoint synchronization initiated. (182 threads)
[2023-11-12T20:13:12.979+0000][254.017s][info ][safepoint     ] Application time: 17.0026357 seconds
[2023-11-12T20:13:12.979+0000][254.018s][info ][safepoint     ] Entering safepoint region: Cleanup
[2023-11-12T20:13:12.980+0000][254.018s][info ][safepoint     ] Leaving safepoint region
[2023-11-12T20:13:12.980+0000][254.018s][info ][safepoint     ] Total time for which application threads were stopped: 0.0005587 seconds, Stopping threads took: 0.0001130 seconds
[2023-11-12T20:13:15.980+0000][257.018s][debug][safepoint     ] Safepoint synchronization initiated. (182 threads)
[2023-11-12T20:13:15.980+0000][257.019s][info ][safepoint     ] Application time: 3.0005675 seconds
[2023-11-12T20:13:15.981+0000][257.019s][info ][safepoint     ] Entering safepoint region: Cleanup
[2023-11-12T20:13:15.981+0000][257.019s][info ][safepoint     ] Leaving safepoint region
[2023-11-12T20:13:15.981+0000][257.019s][info ][safepoint     ] Total time for which application threads were stopped: 0.0005479 seconds, Stopping threads took: 0.0001123 seconds
[2023-11-12T20:13:26.983+0000][268.021s][debug][safepoint     ] Safepoint synchronization initiated. (182 threads)
[2023-11-12T20:13:26.983+0000][268.021s][info ][safepoint     ] Application time: 11.0018243 seconds
[2023-11-12T20:13:26.983+0000][268.021s][info ][safepoint     ] Entering safepoint region: Cleanup
[2023-11-12T20:13:26.984+0000][268.022s][info ][safepoint     ] Leaving safepoint region
[2023-11-12T20:13:26.984+0000][268.022s][info ][safepoint     ] Total time for which application threads were stopped: 0.0006386 seconds, Stopping threads took: 0.0001656 seconds
[2023-11-12T20:13:28.984+0000][270.022s][debug][safepoint     ] Safepoint synchronization initiated. (182 threads)
[2023-11-12T20:13:28.984+0000][270.022s][info ][safepoint     ] Application time: 2.0004463 seconds
[2023-11-12T20:13:28.984+0000][270.022s][info ][safepoint     ] Entering safepoint region: Cleanup
[2023-11-12T20:13:28.985+0000][270.023s][info ][safepoint     ] Leaving safepoint region
[2023-11-12T20:13:28.985+0000][270.023s][info ][safepoint     ] Total time for which application threads were stopped: 0.0006128 seconds, Stopping threads took: 0.0001165 seconds
[2023-11-12T20:13:33.986+0000][275.024s][debug][safepoint     ] Safepoint synchronization initiated. (182 threads)
[2023-11-12T20:13:33.986+0000][275.024s][info ][safepoint     ] Application time: 5.0009776 seconds
[2023-11-12T20:13:33.986+0000][275.024s][info ][safepoint     ] Entering safepoint region: Cleanup
[2023-11-12T20:13:33.986+0000][275.024s][info ][safepoint     ] Leaving safepoint region
[2023-11-12T20:13:33.986+0000][275.025s][info ][safepoint     ] Total time for which application threads were stopped: 0.0006120 seconds, Stopping threads took: 0.0001135 seconds
[2023-11-12T20:13:46.988+0000][288.026s][debug][safepoint     ] Safepoint synchronization initiated. (180 threads)
[2023-11-12T20:13:46.988+0000][288.026s][info ][safepoint     ] Application time: 13.0019163 seconds
[2023-11-12T20:13:46.988+0000][288.027s][info ][safepoint     ] Entering safepoint region: Cleanup
[2023-11-12T20:13:46.989+0000][288.027s][info ][safepoint     ] Leaving safepoint region
[2023-11-12T20:13:46.989+0000][288.027s][info ][safepoint     ] Total time for which application threads were stopped: 0.0008882 seconds, Stopping threads took: 0.0001544 seconds
[2023-11-12T20:14:06.992+0000][308.031s][debug][safepoint     ] Safepoint synchronization initiated. (180 threads)
[2023-11-12T20:14:06.993+0000][308.031s][info ][safepoint     ] Application time: 20.0032137 seconds
[2023-11-12T20:14:06.993+0000][308.031s][info ][safepoint     ] Entering safepoint region: Cleanup
[2023-11-12T20:14:06.993+0000][308.031s][info ][safepoint     ] Leaving safepoint region
[2023-11-12T20:14:06.993+0000][308.032s][info ][safepoint     ] Total time for which application threads were stopped: 0.0008105 seconds, Stopping threads took: 0.0001177 seconds
[2023-11-12T20:14:25.996+0000][327.034s][debug][safepoint     ] Safepoint synchronization initiated. (180 threads)
[2023-11-12T20:14:25.996+0000][327.035s][info ][safepoint     ] Application time: 19.0029517 seconds
[2023-11-12T20:14:25.997+0000][327.035s][info ][safepoint     ] Entering safepoint region: Cleanup
[2023-11-12T20:14:25.997+0000][327.035s][info ][safepoint     ] Leaving safepoint region
[2023-11-12T20:14:25.997+0000][327.035s][info ][safepoint     ] Total time for which application threads were stopped: 0.0008932 seconds, Stopping threads took: 0.0001492 seconds
[2023-11-12T20:14:26.997+0000][328.036s][debug][safepoint     ] Safepoint synchronization initiated. (180 threads)
[2023-11-12T20:14:26.998+0000][328.036s][info ][safepoint     ] Application time: 1.0002270 seconds
[2023-11-12T20:14:26.998+0000][328.036s][info ][safepoint     ] Entering safepoint region: Cleanup
[2023-11-12T20:14:26.998+0000][328.037s][info ][safepoint     ] Leaving safepoint region
[2023-11-12T20:14:26.999+0000][328.037s][info ][safepoint     ] Total time for which application threads were stopped: 0.0008587 seconds, Stopping threads took: 0.0001220 seconds
[2023-11-12T20:14:28.999+0000][330.037s][debug][safepoint     ] Safepoint synchronization initiated. (180 threads)
[2023-11-12T20:14:28.999+0000][330.037s][info ][safepoint     ] Application time: 2.0004057 seconds
[2023-11-12T20:14:28.999+0000][330.037s][info ][safepoint     ] Entering safepoint region: Cleanup
[2023-11-12T20:14:29.000+0000][330.038s][info ][safepoint     ] Leaving safepoint region
[2023-11-12T20:14:29.000+0000][330.038s][info ][safepoint     ] Total time for which application threads were stopped: 0.0007190 seconds, Stopping threads took: 0.0001232 seconds
[2023-11-12T20:14:32.000+0000][333.038s][debug][safepoint     ] Safepoint synchronization initiated. (180 threads)
[2023-11-12T20:14:32.000+0000][333.038s][info ][safepoint     ] Application time: 3.0005611 seconds
[2023-11-12T20:14:32.000+0000][333.039s][info ][safepoint     ] Entering safepoint region: Cleanup
[2023-11-12T20:14:32.001+0000][333.039s][info ][safepoint     ] Leaving safepoint region
[2023-11-12T20:14:32.001+0000][333.039s][info ][safepoint     ] Total time for which application threads were stopped: 0.0005634 seconds, Stopping threads took: 0.0001070 seconds
[2023-11-12T20:14:39.002+0000][340.040s][debug][safepoint     ] Safepoint synchronization initiated. (180 threads)
[2023-11-12T20:14:39.002+0000][340.040s][info ][safepoint     ] Application time: 7.0012538 seconds
[2023-11-12T20:14:39.002+0000][340.040s][info ][safepoint     ] Entering safepoint region: Cleanup
[2023-11-12T20:14:39.003+0000][340.041s][info ][safepoint     ] Leaving safepoint region
[2023-11-12T20:14:39.003+0000][340.041s][info ][safepoint     ] Total time for which application threads were stopped: 0.0005547 seconds, Stopping threads took: 0.0001191 seconds
[2023-11-12T20:14:47.004+0000][348.042s][debug][safepoint     ] Safepoint synchronization initiated. (178 threads)
[2023-11-12T20:14:47.004+0000][348.042s][info ][safepoint     ] Application time: 8.0012591 seconds
[2023-11-12T20:14:47.004+0000][348.042s][info ][safepoint     ] Entering safepoint region: Cleanup
[2023-11-12T20:14:47.005+0000][348.043s][info ][safepoint     ] Leaving safepoint region
[2023-11-12T20:14:47.005+0000][348.043s][info ][safepoint     ] Total time for which application threads were stopped: 0.0005030 seconds, Stopping threads took: 0.0001080 seconds
[2023-11-12T20:14:56.007+0000][357.045s][debug][safepoint     ] Safepoint synchronization initiated. (178 threads)
[2023-11-12T20:14:56.007+0000][357.045s][info ][safepoint     ] Application time: 9.0020690 seconds
[2023-11-12T20:14:56.007+0000][357.045s][info ][safepoint     ] Entering safepoint region: Cleanup
[2023-11-12T20:14:56.007+0000][357.045s][info ][safepoint     ] Leaving safepoint region
[2023-11-12T20:14:56.007+0000][357.046s][info ][safepoint     ] Total time for which application threads were stopped: 0.0006369 seconds, Stopping threads took: 0.0001088 seconds
[2023-11-12T20:14:57.008+0000][358.046s][debug][safepoint     ] Safepoint synchronization initiated. (178 threads)
[2023-11-12T20:14:57.008+0000][358.046s][info ][safepoint     ] Application time: 1.0002263 seconds
[2023-11-12T20:14:57.008+0000][358.046s][info ][safepoint     ] Entering safepoint region: Cleanup
[2023-11-12T20:14:57.008+0000][358.046s][info ][safepoint     ] Leaving safepoint region
[2023-11-12T20:14:57.008+0000][358.046s][info ][safepoint     ] Total time for which application threads were stopped: 0.0005043 seconds, Stopping threads took: 0.0001134 seconds
[2023-11-12T20:14:58.008+0000][359.047s][debug][safepoint     ] Safepoint synchronization initiated. (178 threads)
[2023-11-12T20:14:58.008+0000][359.047s][info ][safepoint     ] Application time: 1.0002145 seconds
[2023-11-12T20:14:58.009+0000][359.047s][info ][safepoint     ] Entering safepoint region: Cleanup
[2023-11-12T20:14:58.009+0000][359.047s][info ][safepoint     ] Leaving safepoint region
[2023-11-12T20:14:58.009+0000][359.047s][info ][safepoint     ] Total time for which application threads were stopped: 0.0005381 seconds, Stopping threads took: 0.0001367 seconds
[2023-11-12T20:14:59.009+0000][360.047s][debug][safepoint     ] Safepoint synchronization initiated. (178 threads)
[2023-11-12T20:14:59.009+0000][360.047s][info ][safepoint     ] Application time: 1.0001593 seconds
[2023-11-12T20:14:59.009+0000][360.047s][info ][safepoint     ] Entering safepoint region: Cleanup
[2023-11-12T20:14:59.010+0000][360.048s][info ][safepoint     ] Leaving safepoint region
[2023-11-12T20:14:59.010+0000][360.048s][info ][safepoint     ] Total time for which application threads were stopped: 0.0003081 seconds, Stopping threads took: 0.0000639 seconds
[2023-11-12T20:15:00.010+0000][361.048s][debug][safepoint     ] Safepoint synchronization initiated. (178 threads)
[2023-11-12T20:15:00.010+0000][361.048s][info ][safepoint     ] Application time: 1.0002497 seconds
[2023-11-12T20:15:00.010+0000][361.048s][info ][safepoint     ] Entering safepoint region: Cleanup
[2023-11-12T20:15:00.010+0000][361.049s][info ][safepoint     ] Leaving safepoint region
[2023-11-12T20:15:00.010+0000][361.049s][info ][safepoint     ] Total time for which application threads were stopped: 0.0005984 seconds, Stopping threads took: 0.0001638 seconds
[2023-11-12T20:15:13.012+0000][374.050s][debug][safepoint     ] Safepoint synchronization initiated. (178 threads)
[2023-11-12T20:15:13.012+0000][374.050s][info ][safepoint     ] Application time: 13.0016968 seconds
[2023-11-12T20:15:13.012+0000][374.050s][info ][safepoint     ] Entering safepoint region: Cleanup
[2023-11-12T20:15:13.013+0000][374.051s][info ][safepoint     ] Leaving safepoint region
[2023-11-12T20:15:13.013+0000][374.051s][info ][safepoint     ] Total time for which application threads were stopped: 0.0006900 seconds, Stopping threads took: 0.0001093 seconds
[2023-11-12T20:15:14.013+0000][375.051s][debug][safepoint     ] Safepoint synchronization initiated. (178 threads)
[2023-11-12T20:15:14.013+0000][375.051s][info ][safepoint     ] Application time: 1.0002315 seconds
[2023-11-12T20:15:14.013+0000][375.051s][info ][safepoint     ] Entering safepoint region: Cleanup
[2023-11-12T20:15:14.014+0000][375.052s][info ][safepoint     ] Leaving safepoint region
[2023-11-12T20:15:14.014+0000][375.052s][info ][safepoint     ] Total time for which application threads were stopped: 0.0004985 seconds, Stopping threads took: 0.0001088 seconds
[2023-11-12T20:15:46.018+0000][407.056s][debug][safepoint     ] Safepoint synchronization initiated. (177 threads)
[2023-11-12T20:15:46.018+0000][407.056s][info ][safepoint     ] Application time: 32.0043838 seconds
[2023-11-12T20:15:46.018+0000][407.056s][info ][safepoint     ] Entering safepoint region: Cleanup
[2023-11-12T20:15:46.019+0000][407.057s][info ][safepoint     ] Leaving safepoint region
[2023-11-12T20:15:46.019+0000][407.057s][info ][safepoint     ] Total time for which application threads were stopped: 0.0005619 seconds, Stopping threads took: 0.0001128 seconds
[2023-11-12T20:15:47.019+0000][408.057s][debug][safepoint     ] Safepoint synchronization initiated. (177 threads)
[2023-11-12T20:15:47.019+0000][408.057s][info ][safepoint     ] Application time: 1.0003188 seconds
[2023-11-12T20:15:47.019+0000][408.057s][info ][safepoint     ] Entering safepoint region: Cleanup
[2023-11-12T20:15:47.020+0000][408.058s][info ][safepoint     ] Leaving safepoint region
[2023-11-12T20:15:47.020+0000][408.058s][info ][safepoint     ] Total time for which application threads were stopped: 0.0005668 seconds, Stopping threads took: 0.0001153 seconds
[2023-11-12T20:15:58.021+0000][419.060s][debug][safepoint     ] Safepoint synchronization initiated. (177 threads)
[2023-11-12T20:15:58.022+0000][419.060s][info ][safepoint     ] Application time: 11.0017539 seconds
[2023-11-12T20:15:58.022+0000][419.060s][info ][safepoint     ] Entering safepoint region: Cleanup
[2023-11-12T20:15:58.022+0000][419.060s][info ][safepoint     ] Leaving safepoint region
[2023-11-12T20:15:58.022+0000][419.060s][info ][safepoint     ] Total time for which application threads were stopped: 0.0006082 seconds, Stopping threads took: 0.0001268 seconds
[2023-11-12T20:16:06.661+0000][427.700s][debug][safepoint     ] Safepoint synchronization initiated. (177 threads)
[2023-11-12T20:16:06.662+0000][427.700s][info ][safepoint     ] Application time: 8.6393534 seconds
[2023-11-12T20:16:06.662+0000][427.700s][info ][safepoint     ] Entering safepoint region: G1CollectForAllocation
[2023-11-12T20:16:06.662+0000][427.700s][info ][gc,start      ] GC(41) Pause Young (Normal) (G1 Evacuation Pause)
[2023-11-12T20:16:06.662+0000][427.700s][info ][gc,task       ] GC(41) Using 6 workers of 6 for evacuation
[2023-11-12T20:16:06.708+0000][427.746s][info ][gc,phases     ] GC(41)   Pre Evacuate Collection Set: 0.1ms
[2023-11-12T20:16:06.708+0000][427.746s][info ][gc,phases     ] GC(41)   Evacuate Collection Set: 38.8ms
[2023-11-12T20:16:06.708+0000][427.746s][info ][gc,phases     ] GC(41)   Post Evacuate Collection Set: 6.4ms
[2023-11-12T20:16:06.708+0000][427.747s][info ][gc,phases     ] GC(41)   Other: 0.8ms
[2023-11-12T20:16:06.708+0000][427.747s][info ][gc,heap       ] GC(41) Eden regions: 421->0(419)
[2023-11-12T20:16:06.708+0000][427.747s][info ][gc,heap       ] GC(41) Survivor regions: 28->30(57)
[2023-11-12T20:16:06.708+0000][427.747s][info ][gc,heap       ] GC(41) Old regions: 124->124
[2023-11-12T20:16:06.709+0000][427.747s][info ][gc,heap       ] GC(41) Humongous regions: 14->0
[2023-11-12T20:16:06.709+0000][427.747s][info ][gc,metaspace  ] GC(41) Metaspace: 161855K(167572K)->161855K(167572K) NonClass: 143020K(146556K)->143020K(146556K) Class: 18835K(21016K)->18835K(21016K)
[2023-11-12T20:16:06.709+0000][427.747s][info ][gc            ] GC(41) Pause Young (Normal) (G1 Evacuation Pause) 585M->151M(749M) 46.450ms
[2023-11-12T20:16:06.709+0000][427.747s][info ][gc,cpu        ] GC(41) User=0.25s Sys=0.01s Real=0.05s
[2023-11-12T20:16:06.709+0000][427.747s][info ][safepoint     ] Leaving safepoint region
[2023-11-12T20:16:06.709+0000][427.747s][info ][safepoint     ] Total time for which application threads were stopped: 0.0472654 seconds, Stopping threads took: 0.0001052 seconds
[2023-11-12T20:16:06.709+0000][427.747s][info ][gc,stringdedup] Concurrent String Deduplication (427.747s)
[2023-11-12T20:16:06.716+0000][427.754s][info ][gc,stringdedup] Concurrent String Deduplication 495.2K->216.4K(278.8K) avg 54.1% (427.747s, 427.754s) 6.847ms
[2023-11-12T20:16:07.709+0000][428.747s][debug][safepoint     ] Safepoint synchronization initiated. (177 threads)
[2023-11-12T20:16:07.709+0000][428.747s][info ][safepoint     ] Application time: 1.0003427 seconds
[2023-11-12T20:16:07.709+0000][428.747s][info ][safepoint     ] Entering safepoint region: Cleanup
[2023-11-12T20:16:07.710+0000][428.748s][info ][safepoint     ] Leaving safepoint region
[2023-11-12T20:16:07.710+0000][428.748s][info ][safepoint     ] Total time for which application threads were stopped: 0.0005384 seconds, Stopping threads took: 0.0001085 seconds
[2023-11-12T20:16:12.711+0000][433.749s][debug][safepoint     ] Safepoint synchronization initiated. (177 threads)
[2023-11-12T20:16:12.711+0000][433.749s][info ][safepoint     ] Application time: 5.0008810 seconds
[2023-11-12T20:16:12.711+0000][433.749s][info ][safepoint     ] Entering safepoint region: Cleanup
[2023-11-12T20:16:12.711+0000][433.749s][info ][safepoint     ] Leaving safepoint region
[2023-11-12T20:16:12.711+0000][433.749s][info ][safepoint     ] Total time for which application threads were stopped: 0.0004828 seconds, Stopping threads took: 0.0001228 seconds
[2023-11-12T20:16:18.712+0000][439.750s][debug][safepoint     ] Safepoint synchronization initiated. (177 threads)
[2023-11-12T20:16:18.712+0000][439.750s][info ][safepoint     ] Application time: 6.0009516 seconds
[2023-11-12T20:16:18.712+0000][439.751s][info ][safepoint     ] Entering safepoint region: Cleanup
[2023-11-12T20:16:18.713+0000][439.751s][info ][safepoint     ] Leaving safepoint region
[2023-11-12T20:16:18.713+0000][439.751s][info ][safepoint     ] Total time for which application threads were stopped: 0.0004817 seconds, Stopping threads took: 0.0001153 seconds
[2023-11-12T20:16:33.715+0000][454.753s][debug][safepoint     ] Safepoint synchronization initiated. (177 threads)
[2023-11-12T20:16:33.715+0000][454.753s][info ][safepoint     ] Application time: 15.0023632 seconds
[2023-11-12T20:16:33.715+0000][454.753s][info ][safepoint     ] Entering safepoint region: Cleanup
[2023-11-12T20:16:33.716+0000][454.754s][info ][safepoint     ] Leaving safepoint region
[2023-11-12T20:16:33.716+0000][454.754s][debug][safepoint     ] ... found polling page return exception at pc = 0x00007f10dd0d43c6, stub =0x00007f10d4841800
[2023-11-12T20:16:33.716+0000][454.754s][info ][safepoint     ] Total time for which application threads were stopped: 0.0005707 seconds, Stopping threads took: 0.0001436 seconds
[2023-11-12T20:16:40.717+0000][461.755s][debug][safepoint     ] Safepoint synchronization initiated. (177 threads)
[2023-11-12T20:16:40.717+0000][461.755s][info ][safepoint     ] Application time: 7.0010666 seconds
[2023-11-12T20:16:40.717+0000][461.755s][info ][safepoint     ] Entering safepoint region: Cleanup
[2023-11-12T20:16:40.717+0000][461.756s][info ][safepoint     ] Leaving safepoint region
[2023-11-12T20:16:40.718+0000][461.756s][info ][safepoint     ] Total time for which application threads were stopped: 0.0005524 seconds, Stopping threads took: 0.0001149 seconds
[2023-11-12T20:16:46.718+0000][467.757s][debug][safepoint     ] Safepoint synchronization initiated. (176 threads)
[2023-11-12T20:16:46.719+0000][467.757s][info ][safepoint     ] Application time: 6.0009738 seconds
[2023-11-12T20:16:46.719+0000][467.757s][info ][safepoint     ] Entering safepoint region: Cleanup
[2023-11-12T20:16:46.719+0000][467.757s][info ][safepoint     ] Leaving safepoint region
[2023-11-12T20:16:46.719+0000][467.757s][info ][safepoint     ] Total time for which application threads were stopped: 0.0004695 seconds, Stopping threads took: 0.0001133 seconds
[2023-11-12T20:16:47.719+0000][468.757s][debug][safepoint     ] Safepoint synchronization initiated. (176 threads)
[2023-11-12T20:16:47.719+0000][468.758s][info ][safepoint     ] Application time: 1.0003277 seconds
[2023-11-12T20:16:47.720+0000][468.758s][info ][safepoint     ] Entering safepoint region: Cleanup
[2023-11-12T20:16:47.720+0000][468.758s][info ][safepoint     ] Leaving safepoint region
[2023-11-12T20:16:47.720+0000][468.758s][info ][safepoint     ] Total time for which application threads were stopped: 0.0005302 seconds, Stopping threads took: 0.0001101 seconds
[2023-11-12T20:17:32.726+0000][513.765s][debug][safepoint     ] Safepoint synchronization initiated. (176 threads)
[2023-11-12T20:17:32.726+0000][513.765s][info ][safepoint     ] Application time: 45.0064532 seconds
[2023-11-12T20:17:32.727+0000][513.765s][info ][safepoint     ] Entering safepoint region: Cleanup
[2023-11-12T20:17:32.727+0000][513.765s][info ][safepoint     ] Leaving safepoint region
[2023-11-12T20:17:32.727+0000][513.765s][info ][safepoint     ] Total time for which application threads were stopped: 0.0005990 seconds, Stopping threads took: 0.0002040 seconds
[2023-11-12T20:17:46.730+0000][527.768s][debug][safepoint     ] Safepoint synchronization initiated. (175 threads)
[2023-11-12T20:17:46.730+0000][527.768s][info ][safepoint     ] Application time: 14.0029696 seconds
[2023-11-12T20:17:46.730+0000][527.768s][info ][safepoint     ] Entering safepoint region: Cleanup
[2023-11-12T20:17:46.731+0000][527.769s][info ][safepoint     ] Leaving safepoint region
[2023-11-12T20:17:46.731+0000][527.769s][info ][safepoint     ] Total time for which application threads were stopped: 0.0005905 seconds, Stopping threads took: 0.0001025 seconds
[2023-11-12T20:17:46.731+0000][527.769s][debug][safepoint     ] ... found polling page return exception at pc = 0x00007f10dca0a271, stub =0x00007f10d4841800
[2023-11-12T20:17:47.731+0000][528.769s][debug][safepoint     ] Safepoint synchronization initiated. (175 threads)
[2023-11-12T20:17:47.731+0000][528.769s][info ][safepoint     ] Application time: 1.0003292 seconds
[2023-11-12T20:17:47.731+0000][528.769s][info ][safepoint     ] Entering safepoint region: Cleanup
[2023-11-12T20:17:47.732+0000][528.770s][info ][safepoint     ] Leaving safepoint region
[2023-11-12T20:17:47.732+0000][528.770s][info ][safepoint     ] Total time for which application threads were stopped: 0.0005294 seconds, Stopping threads took: 0.0001080 seconds
[2023-11-12T20:17:53.733+0000][534.771s][debug][safepoint     ] Safepoint synchronization initiated. (175 threads)
[2023-11-12T20:17:53.733+0000][534.771s][info ][safepoint     ] Application time: 6.0009995 seconds
[2023-11-12T20:17:53.733+0000][534.771s][info ][safepoint     ] Entering safepoint region: Cleanup
[2023-11-12T20:17:53.733+0000][534.771s][info ][safepoint     ] Leaving safepoint region
[2023-11-12T20:17:53.733+0000][534.771s][info ][safepoint     ] Total time for which application threads were stopped: 0.0005342 seconds, Stopping threads took: 0.0001153 seconds
[2023-11-12T20:18:19.737+0000][560.775s][debug][safepoint     ] Safepoint synchronization initiated. (177 threads)
[2023-11-12T20:18:19.737+0000][560.775s][info ][safepoint     ] Application time: 26.0035891 seconds
[2023-11-12T20:18:19.737+0000][560.775s][debug][safepoint     ] Waiting for 1 thread(s) to block
[2023-11-12T20:18:19.737+0000][560.775s][info ][safepoint     ] Entering safepoint region: Cleanup
[2023-11-12T20:18:19.737+0000][560.776s][info ][safepoint     ] Leaving safepoint region
[2023-11-12T20:18:19.737+0000][560.776s][info ][safepoint     ] Total time for which application threads were stopped: 0.0004410 seconds, Stopping threads took: 0.0002219 seconds
[2023-11-12T20:18:20.738+0000][561.776s][debug][safepoint     ] Safepoint synchronization initiated. (183 threads)
[2023-11-12T20:18:20.738+0000][561.776s][info ][safepoint     ] Application time: 1.0002512 seconds
[2023-11-12T20:18:20.738+0000][561.776s][info ][safepoint     ] Entering safepoint region: Cleanup
[2023-11-12T20:18:20.738+0000][561.777s][info ][safepoint     ] Leaving safepoint region
[2023-11-12T20:18:20.738+0000][561.777s][info ][safepoint     ] Total time for which application threads were stopped: 0.0007321 seconds, Stopping threads took: 0.0001134 seconds
[2023-11-12T20:18:21.739+0000][562.777s][debug][safepoint     ] Safepoint synchronization initiated. (182 threads)
[2023-11-12T20:18:21.739+0000][562.777s][info ][safepoint     ] Application time: 1.0002344 seconds
[2023-11-12T20:18:21.739+0000][562.777s][info ][safepoint     ] Entering safepoint region: Cleanup
[2023-11-12T20:18:21.739+0000][562.778s][info ][safepoint     ] Leaving safepoint region
[2023-11-12T20:18:21.739+0000][562.778s][info ][safepoint     ] Total time for which application threads were stopped: 0.0006749 seconds, Stopping threads took: 0.0001214 seconds
[2023-11-12T20:18:26.740+0000][567.778s][debug][safepoint     ] Safepoint synchronization initiated. (182 threads)
[2023-11-12T20:18:26.741+0000][567.779s][info ][safepoint     ] Application time: 5.0015436 seconds
[2023-11-12T20:18:26.741+0000][567.780s][info ][safepoint     ] Entering safepoint region: Cleanup
[2023-11-12T20:18:26.742+0000][567.780s][info ][safepoint     ] Leaving safepoint region
[2023-11-12T20:18:26.742+0000][567.781s][info ][safepoint     ] Total time for which application threads were stopped: 0.0010992 seconds, Stopping threads took: 0.0003808 seconds
[2023-11-12T20:18:27.743+0000][568.781s][debug][safepoint     ] Safepoint synchronization initiated. (182 threads)
[2023-11-12T20:18:27.744+0000][568.782s][info ][safepoint     ] Application time: 1.0010276 seconds
[2023-11-12T20:18:27.744+0000][568.782s][info ][safepoint     ] Entering safepoint region: Cleanup
[2023-11-12T20:18:27.745+0000][568.783s][info ][safepoint     ] Leaving safepoint region
[2023-11-12T20:18:27.745+0000][568.783s][info ][safepoint     ] Total time for which application threads were stopped: 0.0010682 seconds, Stopping threads took: 0.0003869 seconds
[2023-11-12T20:18:43.748+0000][584.786s][debug][safepoint     ] Safepoint synchronization initiated. (182 threads)
[2023-11-12T20:18:43.748+0000][584.786s][info ][safepoint     ] Application time: 16.0028341 seconds
[2023-11-12T20:18:43.748+0000][584.787s][info ][safepoint     ] Entering safepoint region: Cleanup
[2023-11-12T20:18:43.749+0000][584.787s][info ][safepoint     ] Leaving safepoint region
[2023-11-12T20:18:43.749+0000][584.787s][info ][safepoint     ] Total time for which application threads were stopped: 0.0005520 seconds, Stopping threads took: 0.0001148 seconds
[2023-11-12T20:18:45.749+0000][586.787s][debug][safepoint     ] Safepoint synchronization initiated. (182 threads)
[2023-11-12T20:18:45.749+0000][586.787s][info ][safepoint     ] Application time: 2.0004096 seconds
[2023-11-12T20:18:45.749+0000][586.788s][info ][safepoint     ] Entering safepoint region: Cleanup
[2023-11-12T20:18:45.750+0000][586.788s][info ][safepoint     ] Leaving safepoint region
[2023-11-12T20:18:45.750+0000][586.788s][info ][safepoint     ] Total time for which application threads were stopped: 0.0005083 seconds, Stopping threads took: 0.0001065 seconds
[2023-11-12T20:18:46.750+0000][587.788s][debug][safepoint     ] Safepoint synchronization initiated. (182 threads)
[2023-11-12T20:18:46.751+0000][587.789s][info ][safepoint     ] Application time: 1.0009748 seconds
[2023-11-12T20:18:46.751+0000][587.789s][info ][safepoint     ] Entering safepoint region: Cleanup
[2023-11-12T20:18:46.752+0000][587.790s][info ][safepoint     ] Leaving safepoint region
[2023-11-12T20:18:46.752+0000][587.790s][info ][safepoint     ] Total time for which application threads were stopped: 0.0010376 seconds, Stopping threads took: 0.0003714 seconds
[2023-11-12T20:18:47.753+0000][588.791s][debug][safepoint     ] Safepoint synchronization initiated. (182 threads)
[2023-11-12T20:18:47.754+0000][588.792s][info ][safepoint     ] Application time: 1.0010156 seconds
[2023-11-12T20:18:47.754+0000][588.792s][info ][safepoint     ] Entering safepoint region: Cleanup
[2023-11-12T20:18:47.755+0000][588.793s][info ][safepoint     ] Leaving safepoint region
[2023-11-12T20:18:47.755+0000][588.793s][info ][safepoint     ] Total time for which application threads were stopped: 0.0010979 seconds, Stopping threads took: 0.0004518 seconds
[2023-11-12T20:18:53.756+0000][594.794s][debug][safepoint     ] Safepoint synchronization initiated. (182 threads)
[2023-11-12T20:18:53.756+0000][594.794s][info ][safepoint     ] Application time: 6.0010306 seconds
[2023-11-12T20:18:53.756+0000][594.795s][info ][safepoint     ] Entering safepoint region: Cleanup
[2023-11-12T20:18:53.757+0000][594.795s][info ][safepoint     ] Leaving safepoint region
[2023-11-12T20:18:53.757+0000][594.795s][info ][safepoint     ] Total time for which application threads were stopped: 0.0004644 seconds, Stopping threads took: 0.0001257 seconds
[2023-11-12T20:18:55.757+0000][596.795s][debug][safepoint     ] Safepoint synchronization initiated. (182 threads)
[2023-11-12T20:18:55.757+0000][596.795s][info ][safepoint     ] Application time: 2.0004130 seconds
[2023-11-12T20:18:55.757+0000][596.796s][info ][safepoint     ] Entering safepoint region: Cleanup
[2023-11-12T20:18:55.758+0000][596.796s][info ][safepoint     ] Leaving safepoint region
[2023-11-12T20:18:55.758+0000][596.796s][info ][safepoint     ] Total time for which application threads were stopped: 0.0004810 seconds, Stopping threads took: 0.0001169 seconds
[2023-11-12T20:18:58.758+0000][599.796s][debug][safepoint     ] Safepoint synchronization initiated. (182 threads)
[2023-11-12T20:18:58.758+0000][599.797s][info ][safepoint     ] Application time: 3.0005652 seconds
[2023-11-12T20:18:58.758+0000][599.797s][debug][safepoint     ] ... found polling page return exception at pc = 0x00007f10dd0f04fb, stub =0x00007f10d4841800
[2023-11-12T20:18:58.759+0000][599.797s][debug][safepoint     ] Waiting for 1 thread(s) to block
[2023-11-12T20:18:58.759+0000][599.797s][info ][safepoint     ] Entering safepoint region: Cleanup
[2023-11-12T20:18:58.759+0000][599.797s][info ][safepoint     ] Leaving safepoint region
[2023-11-12T20:18:58.759+0000][599.797s][info ][safepoint     ] Total time for which application threads were stopped: 0.0007541 seconds, Stopping threads took: 0.0003510 seconds
[2023-11-12T20:19:04.760+0000][605.798s][debug][safepoint     ] Safepoint synchronization initiated. (182 threads)
[2023-11-12T20:19:04.760+0000][605.798s][info ][safepoint     ] Application time: 6.0009356 seconds
[2023-11-12T20:19:04.760+0000][605.798s][info ][safepoint     ] Entering safepoint region: Cleanup
[2023-11-12T20:19:04.761+0000][605.799s][info ][safepoint     ] Leaving safepoint region
[2023-11-12T20:19:04.761+0000][605.799s][info ][safepoint     ] Total time for which application threads were stopped: 0.0005964 seconds, Stopping threads took: 0.0001115 seconds
[2023-11-12T20:19:05.761+0000][606.799s][debug][safepoint     ] Safepoint synchronization initiated. (182 threads)
[2023-11-12T20:19:05.761+0000][606.799s][info ][safepoint     ] Application time: 1.0002731 seconds
[2023-11-12T20:19:05.761+0000][606.799s][info ][safepoint     ] Entering safepoint region: Cleanup
[2023-11-12T20:19:05.762+0000][606.800s][info ][safepoint     ] Leaving safepoint region
[2023-11-12T20:19:05.762+0000][606.800s][info ][safepoint     ] Total time for which application threads were stopped: 0.0005377 seconds, Stopping threads took: 0.0001146 seconds
[2023-11-12T20:19:06.762+0000][607.800s][debug][safepoint     ] Safepoint synchronization initiated. (182 threads)
[2023-11-12T20:19:06.762+0000][607.800s][info ][safepoint     ] Application time: 1.0003129 seconds
[2023-11-12T20:19:06.762+0000][607.800s][info ][safepoint     ] Entering safepoint region: Cleanup
[2023-11-12T20:19:06.763+0000][607.801s][info ][safepoint     ] Leaving safepoint region
[2023-11-12T20:19:06.763+0000][607.801s][info ][safepoint     ] Total time for which application threads were stopped: 0.0006065 seconds, Stopping threads took: 0.0001153 seconds
[2023-11-12T20:19:07.763+0000][608.801s][debug][safepoint     ] Safepoint synchronization initiated. (183 threads)
[2023-11-12T20:19:07.763+0000][608.801s][info ][safepoint     ] Application time: 1.0002808 seconds
[2023-11-12T20:19:07.763+0000][608.801s][info ][safepoint     ] Entering safepoint region: Cleanup
[2023-11-12T20:19:07.764+0000][608.802s][info ][safepoint     ] Leaving safepoint region
[2023-11-12T20:19:07.764+0000][608.802s][info ][safepoint     ] Total time for which application threads were stopped: 0.0008583 seconds, Stopping threads took: 0.0001103 seconds
[2023-11-12T20:19:08.764+0000][609.802s][debug][safepoint     ] Safepoint synchronization initiated. (182 threads)
[2023-11-12T20:19:08.764+0000][609.802s][info ][safepoint     ] Application time: 1.0002550 seconds
[2023-11-12T20:19:08.764+0000][609.802s][info ][safepoint     ] Entering safepoint region: Cleanup
[2023-11-12T20:19:08.765+0000][609.803s][info ][safepoint     ] Leaving safepoint region
[2023-11-12T20:19:08.765+0000][609.803s][info ][safepoint     ] Total time for which application threads were stopped: 0.0006733 seconds, Stopping threads took: 0.0001420 seconds
[2023-11-12T20:19:09.765+0000][610.803s][debug][safepoint     ] Safepoint synchronization initiated. (182 threads)
[2023-11-12T20:19:09.765+0000][610.803s][info ][safepoint     ] Application time: 1.0002425 seconds
[2023-11-12T20:19:09.765+0000][610.804s][info ][safepoint     ] Entering safepoint region: Cleanup
[2023-11-12T20:19:09.766+0000][610.804s][info ][safepoint     ] Leaving safepoint region
[2023-11-12T20:19:09.766+0000][610.805s][info ][safepoint     ] Total time for which application threads were stopped: 0.0011044 seconds, Stopping threads took: 0.0001117 seconds
[2023-11-12T20:19:10.767+0000][611.805s][debug][safepoint     ] Safepoint synchronization initiated. (182 threads)
[2023-11-12T20:19:10.767+0000][611.805s][info ][safepoint     ] Application time: 1.0003244 seconds
[2023-11-12T20:19:10.767+0000][611.805s][info ][safepoint     ] Entering safepoint region: Cleanup
[2023-11-12T20:19:10.769+0000][611.808s][info ][safepoint     ] Leaving safepoint region
[2023-11-12T20:19:10.770+0000][611.808s][info ][safepoint     ] Total time for which application threads were stopped: 0.0027795 seconds, Stopping threads took: 0.0015191 seconds
[2023-11-12T20:19:11.770+0000][612.808s][debug][safepoint     ] Safepoint synchronization initiated. (182 threads)
[2023-11-12T20:19:11.770+0000][612.808s][info ][safepoint     ] Application time: 1.0002984 seconds
[2023-11-12T20:19:11.770+0000][612.808s][info ][safepoint     ] Entering safepoint region: Cleanup
[2023-11-12T20:19:11.771+0000][612.809s][info ][safepoint     ] Leaving safepoint region
[2023-11-12T20:19:11.771+0000][612.809s][info ][safepoint     ] Total time for which application threads were stopped: 0.0006580 seconds, Stopping threads took: 0.0001536 seconds
[2023-11-12T20:19:12.771+0000][613.809s][debug][safepoint     ] Safepoint synchronization initiated. (182 threads)
[2023-11-12T20:19:12.771+0000][613.809s][info ][safepoint     ] Application time: 1.0002937 seconds
[2023-11-12T20:19:12.771+0000][613.809s][info ][safepoint     ] Entering safepoint region: Cleanup
[2023-11-12T20:19:12.772+0000][613.810s][info ][safepoint     ] Leaving safepoint region
[2023-11-12T20:19:12.772+0000][613.810s][info ][safepoint     ] Total time for which application threads were stopped: 0.0009510 seconds, Stopping threads took: 0.0001013 seconds
[2023-11-12T20:19:13.772+0000][614.811s][debug][safepoint     ] Safepoint synchronization initiated. (184 threads)
[2023-11-12T20:19:13.773+0000][614.811s][info ][safepoint     ] Application time: 1.0005887 seconds
[2023-11-12T20:19:13.773+0000][614.811s][info ][safepoint     ] Entering safepoint region: Cleanup
[2023-11-12T20:19:13.774+0000][614.812s][info ][safepoint     ] Leaving safepoint region
[2023-11-12T20:19:13.774+0000][614.812s][info ][safepoint     ] Total time for which application threads were stopped: 0.0011147 seconds, Stopping threads took: 0.0003779 seconds
[2023-11-12T20:19:15.775+0000][616.813s][debug][safepoint     ] Safepoint synchronization initiated. (184 threads)
[2023-11-12T20:19:15.775+0000][616.813s][info ][safepoint     ] Application time: 2.0003579 seconds
[2023-11-12T20:19:15.775+0000][616.813s][debug][safepoint     ] ... found polling page loop exception at pc = 0x00007f10dc935eaa, stub =0x00007f10d4841b00
[2023-11-12T20:19:15.775+0000][616.814s][debug][safepoint     ] ... found polling page return exception at pc = 0x00007f10dcb11036, stub =0x00007f10d4841800
[2023-11-12T20:19:15.776+0000][616.814s][debug][safepoint     ] Waiting for 3 thread(s) to block
[2023-11-12T20:19:15.776+0000][616.815s][info ][safepoint     ] Entering safepoint region: Cleanup
[2023-11-12T20:19:15.777+0000][616.815s][info ][safepoint     ] Leaving safepoint region
[2023-11-12T20:19:15.777+0000][616.815s][info ][safepoint     ] Total time for which application threads were stopped: 0.0020125 seconds, Stopping threads took: 0.0015521 seconds
[2023-11-12T20:19:18.777+0000][619.816s][debug][safepoint     ] Safepoint synchronization initiated. (184 threads)
[2023-11-12T20:19:18.778+0000][619.816s][info ][safepoint     ] Application time: 3.0005477 seconds
[2023-11-12T20:19:18.778+0000][619.816s][debug][safepoint     ] ... found polling page return exception at pc = 0x00007f10dd058238, stub =0x00007f10d4841800
[2023-11-12T20:19:18.778+0000][619.816s][debug][safepoint     ] Waiting for 2 thread(s) to block
[2023-11-12T20:19:18.778+0000][619.817s][info ][safepoint     ] Entering safepoint region: Cleanup
[2023-11-12T20:19:18.779+0000][619.817s][info ][safepoint     ] Leaving safepoint region
[2023-11-12T20:19:18.779+0000][619.817s][info ][safepoint     ] Total time for which application threads were stopped: 0.0015105 seconds, Stopping threads took: 0.0009498 seconds
[2023-11-12T20:19:19.779+0000][620.817s][debug][safepoint     ] Safepoint synchronization initiated. (185 threads)
[2023-11-12T20:19:19.779+0000][620.818s][info ][safepoint     ] Application time: 1.0002347 seconds
[2023-11-12T20:19:19.779+0000][620.818s][info ][safepoint     ] Entering safepoint region: Cleanup
[2023-11-12T20:19:19.780+0000][620.818s][info ][safepoint     ] Leaving safepoint region
[2023-11-12T20:19:19.780+0000][620.818s][info ][safepoint     ] Total time for which application threads were stopped: 0.0006461 seconds, Stopping threads took: 0.0001285 seconds
[2023-11-12T20:19:27.782+0000][628.820s][debug][safepoint     ] Safepoint synchronization initiated. (183 threads)
[2023-11-12T20:19:27.782+0000][628.820s][info ][safepoint     ] Application time: 8.0021377 seconds
[2023-11-12T20:19:27.782+0000][628.821s][info ][safepoint     ] Entering safepoint region: Cleanup
[2023-11-12T20:19:27.783+0000][628.821s][info ][safepoint     ] Leaving safepoint region
[2023-11-12T20:19:27.783+0000][628.821s][info ][safepoint     ] Total time for which application threads were stopped: 0.0005725 seconds, Stopping threads took: 0.0001143 seconds
[2023-11-12T20:19:43.785+0000][644.823s][debug][safepoint     ] Safepoint synchronization initiated. (183 threads)
[2023-11-12T20:19:43.785+0000][644.823s][info ][safepoint     ] Application time: 16.0022078 seconds
[2023-11-12T20:19:43.785+0000][644.823s][info ][safepoint     ] Entering safepoint region: Cleanup
[2023-11-12T20:19:43.786+0000][644.824s][info ][safepoint     ] Leaving safepoint region
[2023-11-12T20:19:43.786+0000][644.824s][info ][safepoint     ] Total time for which application threads were stopped: 0.0005395 seconds, Stopping threads took: 0.0001095 seconds
[2023-11-12T20:19:45.786+0000][646.824s][debug][safepoint     ] Safepoint synchronization initiated. (183 threads)
[2023-11-12T20:19:45.786+0000][646.824s][info ][safepoint     ] Application time: 2.0004534 seconds
[2023-11-12T20:19:45.786+0000][646.824s][info ][safepoint     ] Entering safepoint region: Cleanup
[2023-11-12T20:19:45.787+0000][646.825s][info ][safepoint     ] Leaving safepoint region
[2023-11-12T20:19:45.787+0000][646.825s][info ][safepoint     ] Total time for which application threads were stopped: 0.0005769 seconds, Stopping threads took: 0.0001148 seconds
[2023-11-12T20:19:46.787+0000][647.825s][debug][safepoint     ] Safepoint synchronization initiated. (183 threads)
[2023-11-12T20:19:46.787+0000][647.825s][info ][safepoint     ] Application time: 1.0002685 seconds
[2023-11-12T20:19:46.787+0000][647.825s][info ][safepoint     ] Entering safepoint region: Cleanup
[2023-11-12T20:19:46.788+0000][647.826s][info ][safepoint     ] Leaving safepoint region
[2023-11-12T20:19:46.788+0000][647.826s][info ][safepoint     ] Total time for which application threads were stopped: 0.0004633 seconds, Stopping threads took: 0.0001186 seconds
[2023-11-12T20:19:53.789+0000][654.827s][debug][safepoint     ] Safepoint synchronization initiated. (183 threads)
[2023-11-12T20:19:53.789+0000][654.827s][info ][safepoint     ] Application time: 7.0013397 seconds
[2023-11-12T20:19:53.789+0000][654.828s][info ][safepoint     ] Entering safepoint region: Cleanup
[2023-11-12T20:19:53.790+0000][654.828s][info ][safepoint     ] Leaving safepoint region
[2023-11-12T20:19:53.790+0000][654.829s][info ][safepoint     ] Total time for which application threads were stopped: 0.0011288 seconds, Stopping threads took: 0.0004173 seconds
[2023-11-12T20:20:04.792+0000][665.830s][debug][safepoint     ] Safepoint synchronization initiated. (183 threads)
[2023-11-12T20:20:04.792+0000][665.831s][info ][safepoint     ] Application time: 11.0016391 seconds
[2023-11-12T20:20:04.793+0000][665.831s][info ][safepoint     ] Entering safepoint region: Cleanup
[2023-11-12T20:20:04.793+0000][665.831s][info ][safepoint     ] Leaving safepoint region
[2023-11-12T20:20:04.793+0000][665.831s][info ][safepoint     ] Total time for which application threads were stopped: 0.0005339 seconds, Stopping threads took: 0.0001081 seconds
[2023-11-12T20:20:11.794+0000][672.832s][debug][safepoint     ] Safepoint synchronization initiated. (183 threads)
[2023-11-12T20:20:11.794+0000][672.832s][info ][safepoint     ] Application time: 7.0011626 seconds
[2023-11-12T20:20:11.794+0000][672.832s][info ][safepoint     ] Entering safepoint region: Cleanup
[2023-11-12T20:20:11.795+0000][672.833s][info ][safepoint     ] Leaving safepoint region
[2023-11-12T20:20:11.795+0000][672.833s][info ][safepoint     ] Total time for which application threads were stopped: 0.0005020 seconds, Stopping threads took: 0.0001107 seconds
[2023-11-12T20:20:18.796+0000][679.834s][debug][safepoint     ] Safepoint synchronization initiated. (182 threads)
[2023-11-12T20:20:18.796+0000][679.834s][info ][safepoint     ] Application time: 7.0013594 seconds
[2023-11-12T20:20:18.796+0000][679.835s][info ][safepoint     ] Entering safepoint region: Cleanup
[2023-11-12T20:20:18.797+0000][679.835s][info ][safepoint     ] Leaving safepoint region
[2023-11-12T20:20:18.797+0000][679.836s][info ][safepoint     ] Total time for which application threads were stopped: 0.0010116 seconds, Stopping threads took: 0.0003510 seconds
[2023-11-12T20:20:24.799+0000][685.837s][debug][safepoint     ] Safepoint synchronization initiated. (181 threads)
[2023-11-12T20:20:24.799+0000][685.837s][info ][safepoint     ] Application time: 6.0010585 seconds
[2023-11-12T20:20:24.799+0000][685.837s][info ][safepoint     ] Entering safepoint region: Cleanup
[2023-11-12T20:20:24.799+0000][685.838s][info ][safepoint     ] Leaving safepoint region
[2023-11-12T20:20:24.800+0000][685.838s][info ][safepoint     ] Total time for which application threads were stopped: 0.0011150 seconds, Stopping threads took: 0.0001067 seconds
[2023-11-12T20:20:46.805+0000][707.843s][debug][safepoint     ] Safepoint synchronization initiated. (181 threads)
[2023-11-12T20:20:46.805+0000][707.844s][info ][safepoint     ] Application time: 22.0052453 seconds
[2023-11-12T20:20:46.805+0000][707.844s][info ][safepoint     ] Entering safepoint region: Cleanup
[2023-11-12T20:20:46.806+0000][707.844s][info ][safepoint     ] Leaving safepoint region
[2023-11-12T20:20:46.806+0000][707.844s][info ][safepoint     ] Total time for which application threads were stopped: 0.0006107 seconds, Stopping threads took: 0.0001492 seconds
[2023-11-12T20:20:56.808+0000][717.846s][debug][safepoint     ] Safepoint synchronization initiated. (181 threads)
[2023-11-12T20:20:56.808+0000][717.846s][info ][safepoint     ] Application time: 10.0021509 seconds
[2023-11-12T20:20:56.809+0000][717.847s][info ][safepoint     ] Entering safepoint region: Cleanup
[2023-11-12T20:20:56.810+0000][717.848s][info ][safepoint     ] Leaving safepoint region
[2023-11-12T20:20:56.810+0000][717.848s][info ][safepoint     ] Total time for which application threads were stopped: 0.0013076 seconds, Stopping threads took: 0.0005596 seconds
[2023-11-12T20:20:56.810+0000][717.848s][debug][safepoint     ] ... found polling page return exception at pc = 0x00007f10dd0d43c6, stub =0x00007f10d4841800
[2023-11-12T20:21:13.812+0000][734.850s][debug][safepoint     ] Safepoint synchronization initiated. (180 threads)
[2023-11-12T20:21:13.812+0000][734.851s][info ][safepoint     ] Application time: 17.0021229 seconds
[2023-11-12T20:21:13.812+0000][734.851s][info ][safepoint     ] Entering safepoint region: Cleanup
[2023-11-12T20:21:13.813+0000][734.851s][info ][safepoint     ] Leaving safepoint region
[2023-11-12T20:21:13.813+0000][734.851s][info ][safepoint     ] Total time for which application threads were stopped: 0.0006484 seconds, Stopping threads took: 0.0001475 seconds
[2023-11-12T20:21:35.273+0000][756.312s][debug][safepoint     ] Safepoint synchronization initiated. (180 threads)
[2023-11-12T20:21:35.274+0000][756.312s][info ][safepoint     ] Application time: 21.4604465 seconds
[2023-11-12T20:21:35.274+0000][756.312s][info ][safepoint     ] Entering safepoint region: G1CollectForAllocation
[2023-11-12T20:21:35.274+0000][756.313s][info ][gc,start      ] GC(42) Pause Young (Normal) (G1 Evacuation Pause)
[2023-11-12T20:21:35.275+0000][756.313s][info ][gc,task       ] GC(42) Using 6 workers of 6 for evacuation
[2023-11-12T20:21:35.384+0000][756.422s][info ][gc,phases     ] GC(42)   Pre Evacuate Collection Set: 0.6ms
[2023-11-12T20:21:35.384+0000][756.422s][info ][gc,phases     ] GC(42)   Evacuate Collection Set: 98.7ms
[2023-11-12T20:21:35.384+0000][756.422s][info ][gc,phases     ] GC(42)   Post Evacuate Collection Set: 8.9ms
[2023-11-12T20:21:35.384+0000][756.422s][info ][gc,phases     ] GC(42)   Other: 0.9ms
[2023-11-12T20:21:35.384+0000][756.422s][info ][gc,heap       ] GC(42) Eden regions: 419->0(418)
[2023-11-12T20:21:35.384+0000][756.422s][info ][gc,heap       ] GC(42) Survivor regions: 30->31(57)
[2023-11-12T20:21:35.384+0000][756.422s][info ][gc,heap       ] GC(42) Old regions: 124->124
[2023-11-12T20:21:35.384+0000][756.422s][info ][gc,heap       ] GC(42) Humongous regions: 0->0
[2023-11-12T20:21:35.384+0000][756.422s][info ][gc,metaspace  ] GC(42) Metaspace: 164664K(170388K)->164664K(170388K) NonClass: 145568K(149116K)->145568K(149116K) Class: 19096K(21272K)->19096K(21272K)
[2023-11-12T20:21:35.384+0000][756.422s][info ][gc            ] GC(42) Pause Young (Normal) (G1 Evacuation Pause) 570M->153M(749M) 109.580ms
[2023-11-12T20:21:35.384+0000][756.422s][info ][gc,cpu        ] GC(42) User=0.26s Sys=0.00s Real=0.10s
[2023-11-12T20:21:35.384+0000][756.422s][info ][safepoint     ] Leaving safepoint region
[2023-11-12T20:21:35.384+0000][756.422s][info ][safepoint     ] Total time for which application threads were stopped: 0.1106472 seconds, Stopping threads took: 0.0001660 seconds
[2023-11-12T20:21:35.384+0000][756.423s][info ][gc,stringdedup] Concurrent String Deduplication (756.423s)
[2023-11-12T20:21:35.396+0000][756.435s][info ][gc,stringdedup] Concurrent String Deduplication 694.4K->396.1K(298.3K) avg 53.7% (756.423s, 756.435s) 12.023ms
[2023-11-12T20:21:43.386+0000][764.424s][debug][safepoint     ] Safepoint synchronization initiated. (180 threads)
[2023-11-12T20:21:43.386+0000][764.424s][info ][safepoint     ] Application time: 8.0020515 seconds
[2023-11-12T20:21:43.386+0000][764.425s][info ][safepoint     ] Entering safepoint region: Cleanup
[2023-11-12T20:21:43.387+0000][764.425s][info ][safepoint     ] Leaving safepoint region
[2023-11-12T20:21:43.387+0000][764.425s][info ][safepoint     ] Total time for which application threads were stopped: 0.0005500 seconds, Stopping threads took: 0.0001641 seconds
[2023-11-12T20:21:47.387+0000][768.426s][debug][safepoint     ] Safepoint synchronization initiated. (180 threads)
[2023-11-12T20:21:47.388+0000][768.426s][info ][safepoint     ] Application time: 4.0006202 seconds
[2023-11-12T20:21:47.388+0000][768.426s][info ][safepoint     ] Entering safepoint region: Cleanup
[2023-11-12T20:21:47.388+0000][768.426s][info ][safepoint     ] Leaving safepoint region
[2023-11-12T20:21:47.388+0000][768.426s][info ][safepoint     ] Total time for which application threads were stopped: 0.0005420 seconds, Stopping threads took: 0.0001200 seconds
[2023-11-12T20:21:51.389+0000][772.427s][debug][safepoint     ] Safepoint synchronization initiated. (180 threads)
[2023-11-12T20:21:51.389+0000][772.427s][info ][safepoint     ] Application time: 4.0009361 seconds
[2023-11-12T20:21:51.389+0000][772.427s][debug][safepoint     ] ... found polling page return exception at pc = 0x00007f10dd0f04fb, stub =0x00007f10d4841800
[2023-11-12T20:21:51.389+0000][772.428s][debug][safepoint     ] Waiting for 1 thread(s) to block
[2023-11-12T20:21:51.390+0000][772.428s][info ][safepoint     ] Entering safepoint region: Cleanup
[2023-11-12T20:21:51.390+0000][772.428s][info ][safepoint     ] Leaving safepoint region
[2023-11-12T20:21:51.390+0000][772.428s][info ][safepoint     ] Total time for which application threads were stopped: 0.0008619 seconds, Stopping threads took: 0.0004263 seconds
[2023-11-12T20:22:13.399+0000][794.437s][debug][safepoint     ] Safepoint synchronization initiated. (179 threads)
[2023-11-12T20:22:13.399+0000][794.437s][info ][safepoint     ] Application time: 22.0090201 seconds
[2023-11-12T20:22:13.399+0000][794.437s][info ][safepoint     ] Entering safepoint region: Cleanup
[2023-11-12T20:22:13.400+0000][794.438s][info ][safepoint     ] Leaving safepoint region
[2023-11-12T20:22:13.400+0000][794.438s][info ][safepoint     ] Total time for which application threads were stopped: 0.0004762 seconds, Stopping threads took: 0.0001013 seconds
[2023-11-12T20:22:24.401+0000][805.439s][debug][safepoint     ] Safepoint synchronization initiated. (179 threads)
[2023-11-12T20:22:24.401+0000][805.439s][info ][safepoint     ] Application time: 11.0016803 seconds
[2023-11-12T20:22:24.401+0000][805.440s][info ][safepoint     ] Entering safepoint region: Cleanup
[2023-11-12T20:22:24.402+0000][805.440s][info ][safepoint     ] Leaving safepoint region
[2023-11-12T20:22:24.402+0000][805.440s][info ][safepoint     ] Total time for which application threads were stopped: 0.0005829 seconds, Stopping threads took: 0.0001717 seconds
[2023-11-12T20:22:27.402+0000][808.440s][debug][safepoint     ] Safepoint synchronization initiated. (179 threads)
[2023-11-12T20:22:27.402+0000][808.441s][info ][safepoint     ] Application time: 3.0004858 seconds
[2023-11-12T20:22:27.403+0000][808.441s][debug][safepoint     ] ... found polling page return exception at pc = 0x00007f10dd26cf96, stub =0x00007f10d4841800
[2023-11-12T20:22:27.403+0000][808.441s][debug][safepoint     ] Waiting for 1 thread(s) to block
[2023-11-12T20:22:27.403+0000][808.441s][info ][safepoint     ] Entering safepoint region: Cleanup
[2023-11-12T20:22:27.403+0000][808.442s][info ][safepoint     ] Leaving safepoint region
[2023-11-12T20:22:27.403+0000][808.442s][info ][safepoint     ] Total time for which application threads were stopped: 0.0009802 seconds, Stopping threads took: 0.0006023 seconds
[2023-11-12T20:22:33.405+0000][814.443s][debug][safepoint     ] Safepoint synchronization initiated. (179 threads)
[2023-11-12T20:22:33.406+0000][814.444s][info ][safepoint     ] Application time: 6.0025613 seconds
[2023-11-12T20:22:33.406+0000][814.444s][info ][safepoint     ] Entering safepoint region: Cleanup
[2023-11-12T20:22:33.407+0000][814.445s][info ][safepoint     ] Leaving safepoint region
[2023-11-12T20:22:33.407+0000][814.445s][info ][safepoint     ] Total time for which application threads were stopped: 0.0005671 seconds, Stopping threads took: 0.0001380 seconds
[2023-11-12T20:22:43.408+0000][824.446s][debug][safepoint     ] Safepoint synchronization initiated. (179 threads)
[2023-11-12T20:22:43.408+0000][824.446s][info ][safepoint     ] Application time: 10.0015164 seconds
[2023-11-12T20:22:43.408+0000][824.447s][info ][safepoint     ] Entering safepoint region: Cleanup
[2023-11-12T20:22:43.409+0000][824.447s][info ][safepoint     ] Leaving safepoint region
[2023-11-12T20:22:43.409+0000][824.447s][info ][safepoint     ] Total time for which application threads were stopped: 0.0005349 seconds, Stopping threads took: 0.0001115 seconds
[2023-11-12T20:23:17.413+0000][858.452s][debug][safepoint     ] Safepoint synchronization initiated. (178 threads)
[2023-11-12T20:23:17.414+0000][858.452s][info ][safepoint     ] Application time: 34.0051709 seconds
[2023-11-12T20:23:17.414+0000][858.453s][info ][safepoint     ] Entering safepoint region: Cleanup
[2023-11-12T20:23:17.415+0000][858.453s][info ][safepoint     ] Leaving safepoint region
[2023-11-12T20:23:17.415+0000][858.453s][info ][safepoint     ] Total time for which application threads were stopped: 0.0008840 seconds, Stopping threads took: 0.0003712 seconds
[2023-11-12T20:23:18.415+0000][859.454s][debug][safepoint     ] Safepoint synchronization initiated. (178 threads)
[2023-11-12T20:23:18.416+0000][859.454s][info ][safepoint     ] Application time: 1.0002566 seconds
[2023-11-12T20:23:18.416+0000][859.454s][info ][safepoint     ] Entering safepoint region: Cleanup
[2023-11-12T20:23:18.416+0000][859.454s][info ][safepoint     ] Leaving safepoint region
[2023-11-12T20:23:18.416+0000][859.454s][info ][safepoint     ] Total time for which application threads were stopped: 0.0005084 seconds, Stopping threads took: 0.0001128 seconds
[2023-11-12T20:23:21.417+0000][862.455s][debug][safepoint     ] Safepoint synchronization initiated. (178 threads)
[2023-11-12T20:23:21.417+0000][862.455s][info ][safepoint     ] Application time: 3.0005909 seconds
[2023-11-12T20:23:21.417+0000][862.455s][info ][safepoint     ] Entering safepoint region: Cleanup
[2023-11-12T20:23:21.417+0000][862.456s][info ][safepoint     ] Leaving safepoint region
[2023-11-12T20:23:21.417+0000][862.456s][info ][safepoint     ] Total time for which application threads were stopped: 0.0006086 seconds, Stopping threads took: 0.0001636 seconds
[2023-11-12T20:23:23.418+0000][864.456s][debug][safepoint     ] Safepoint synchronization initiated. (178 threads)
[2023-11-12T20:23:23.418+0000][864.456s][info ][safepoint     ] Application time: 2.0003598 seconds
[2023-11-12T20:23:23.418+0000][864.456s][info ][safepoint     ] Entering safepoint region: Cleanup
[2023-11-12T20:23:23.418+0000][864.457s][info ][safepoint     ] Leaving safepoint region
[2023-11-12T20:23:23.419+0000][864.457s][info ][safepoint     ] Total time for which application threads were stopped: 0.0006728 seconds, Stopping threads took: 0.0001962 seconds
[2023-11-12T20:23:27.419+0000][868.457s][debug][safepoint     ] Safepoint synchronization initiated. (178 threads)
[2023-11-12T20:23:27.419+0000][868.457s][info ][safepoint     ] Application time: 4.0005549 seconds
[2023-11-12T20:23:27.419+0000][868.457s][info ][safepoint     ] Entering safepoint region: Cleanup
[2023-11-12T20:23:27.420+0000][868.458s][info ][safepoint     ] Leaving safepoint region
[2023-11-12T20:23:27.420+0000][868.458s][info ][safepoint     ] Total time for which application threads were stopped: 0.0004195 seconds, Stopping threads took: 0.0000851 seconds
[2023-11-12T20:23:47.422+0000][888.461s][debug][safepoint     ] Safepoint synchronization initiated. (178 threads)
[2023-11-12T20:23:47.423+0000][888.461s][info ][safepoint     ] Application time: 20.0029872 seconds
[2023-11-12T20:23:47.423+0000][888.461s][info ][safepoint     ] Entering safepoint region: Cleanup
[2023-11-12T20:23:47.423+0000][888.461s][info ][safepoint     ] Leaving safepoint region
[2023-11-12T20:23:47.423+0000][888.461s][info ][safepoint     ] Total time for which application threads were stopped: 0.0006601 seconds, Stopping threads took: 0.0001157 seconds
[2023-11-12T20:23:49.424+0000][890.462s][debug][safepoint     ] Safepoint synchronization initiated. (178 threads)
[2023-11-12T20:23:49.424+0000][890.462s][info ][safepoint     ] Application time: 2.0004123 seconds
[2023-11-12T20:23:49.424+0000][890.462s][info ][safepoint     ] Entering safepoint region: Cleanup
[2023-11-12T20:23:49.424+0000][890.462s][info ][safepoint     ] Leaving safepoint region
[2023-11-12T20:23:49.424+0000][890.462s][info ][safepoint     ] Total time for which application threads were stopped: 0.0005782 seconds, Stopping threads took: 0.0001149 seconds
[2023-11-12T20:23:50.424+0000][891.463s][debug][safepoint     ] Safepoint synchronization initiated. (178 threads)
[2023-11-12T20:23:50.425+0000][891.463s][info ][safepoint     ] Application time: 1.0002275 seconds
[2023-11-12T20:23:50.425+0000][891.463s][info ][safepoint     ] Entering safepoint region: Cleanup
[2023-11-12T20:23:50.425+0000][891.463s][info ][safepoint     ] Leaving safepoint region
[2023-11-12T20:23:50.425+0000][891.463s][info ][safepoint     ] Total time for which application threads were stopped: 0.0006285 seconds, Stopping threads took: 0.0001144 seconds
[2023-11-12T20:23:51.426+0000][892.464s][debug][safepoint     ] Safepoint synchronization initiated. (178 threads)
[2023-11-12T20:23:51.426+0000][892.464s][info ][safepoint     ] Application time: 1.0003180 seconds
[2023-11-12T20:23:51.426+0000][892.464s][info ][safepoint     ] Entering safepoint region: Cleanup
[2023-11-12T20:23:51.426+0000][892.464s][info ][safepoint     ] Leaving safepoint region
[2023-11-12T20:23:51.426+0000][892.464s][info ][safepoint     ] Total time for which application threads were stopped: 0.0005604 seconds, Stopping threads took: 0.0001152 seconds
[2023-11-12T20:23:52.426+0000][893.465s][debug][safepoint     ] Safepoint synchronization initiated. (178 threads)
[2023-11-12T20:23:52.427+0000][893.465s][info ][safepoint     ] Application time: 1.0003157 seconds
[2023-11-12T20:23:52.427+0000][893.465s][info ][safepoint     ] Entering safepoint region: Cleanup
[2023-11-12T20:23:52.427+0000][893.465s][info ][safepoint     ] Leaving safepoint region
[2023-11-12T20:23:52.427+0000][893.465s][info ][safepoint     ] Total time for which application threads were stopped: 0.0005119 seconds, Stopping threads took: 0.0001167 seconds
[2023-11-12T20:24:47.437+0000][948.476s][debug][safepoint     ] Safepoint synchronization initiated. (178 threads)
[2023-11-12T20:24:47.437+0000][948.476s][info ][safepoint     ] Application time: 55.0102870 seconds
[2023-11-12T20:24:47.438+0000][948.476s][info ][safepoint     ] Entering safepoint region: Cleanup
[2023-11-12T20:24:47.438+0000][948.476s][info ][safepoint     ] Leaving safepoint region
[2023-11-12T20:24:47.438+0000][948.476s][info ][safepoint     ] Total time for which application threads were stopped: 0.0006666 seconds, Stopping threads took: 0.0004502 seconds
[2023-11-12T20:24:47.438+0000][948.476s][debug][safepoint     ] ... found polling page return exception at pc = 0x00007f10dd0d43c6, stub =0x00007f10d4841800
[2023-11-12T20:24:51.439+0000][952.477s][debug][safepoint     ] Safepoint synchronization initiated. (178 threads)
[2023-11-12T20:24:51.439+0000][952.478s][info ][safepoint     ] Application time: 4.0011539 seconds
[2023-11-12T20:24:51.439+0000][952.478s][info ][safepoint     ] Entering safepoint region: Cleanup
[2023-11-12T20:24:51.440+0000][952.478s][info ][safepoint     ] Leaving safepoint region
[2023-11-12T20:24:51.440+0000][952.478s][info ][safepoint     ] Total time for which application threads were stopped: 0.0005018 seconds, Stopping threads took: 0.0001116 seconds
[2023-11-12T20:24:51.440+0000][952.478s][debug][safepoint     ] ... found polling page return exception at pc = 0x00007f10dd0d43c6, stub =0x00007f10d4841800
[2023-11-12T20:24:52.440+0000][953.478s][debug][safepoint     ] Safepoint synchronization initiated. (178 threads)
[2023-11-12T20:24:52.440+0000][953.478s][info ][safepoint     ] Application time: 1.0002572 seconds
[2023-11-12T20:24:52.440+0000][953.478s][info ][safepoint     ] Entering safepoint region: Cleanup
[2023-11-12T20:24:52.441+0000][953.480s][info ][safepoint     ] Leaving safepoint region
[2023-11-12T20:24:52.442+0000][953.480s][info ][safepoint     ] Total time for which application threads were stopped: 0.0012743 seconds, Stopping threads took: 0.0008283 seconds
[2023-11-12T20:24:53.442+0000][954.480s][debug][safepoint     ] Safepoint synchronization initiated. (178 threads)
[2023-11-12T20:24:53.442+0000][954.480s][info ][safepoint     ] Application time: 1.0002433 seconds
[2023-11-12T20:24:53.442+0000][954.480s][info ][safepoint     ] Entering safepoint region: Cleanup
[2023-11-12T20:24:53.442+0000][954.481s][info ][safepoint     ] Leaving safepoint region
[2023-11-12T20:24:53.442+0000][954.481s][debug][safepoint     ] ... found polling page return exception at pc = 0x00007f10dd0d43c6, stub =0x00007f10d4841800
[2023-11-12T20:24:53.442+0000][954.481s][debug][safepoint     ] ... found polling page return exception at pc = 0x00007f10dd0d43c6, stub =0x00007f10d4841800
[2023-11-12T20:24:53.442+0000][954.481s][info ][safepoint     ] Total time for which application threads were stopped: 0.0005403 seconds, Stopping threads took: 0.0001582 seconds
[2023-11-12T20:25:47.454+0000][1008.492s][debug][safepoint     ] Safepoint synchronization initiated. (178 threads)
[2023-11-12T20:25:47.454+0000][1008.492s][info ][safepoint     ] Application time: 54.0114296 seconds
[2023-11-12T20:25:47.454+0000][1008.492s][info ][safepoint     ] Entering safepoint region: Cleanup
[2023-11-12T20:25:47.455+0000][1008.493s][info ][safepoint     ] Leaving safepoint region
[2023-11-12T20:25:47.455+0000][1008.493s][info ][safepoint     ] Total time for which application threads were stopped: 0.0006982 seconds, Stopping threads took: 0.0001477 seconds
[2023-11-12T20:26:10.471+0000][1031.509s][debug][safepoint     ] Safepoint synchronization initiated. (178 threads)
[2023-11-12T20:26:10.471+0000][1031.509s][info ][safepoint     ] Application time: 23.0157028 seconds
[2023-11-12T20:26:10.471+0000][1031.509s][info ][safepoint     ] Entering safepoint region: Cleanup
[2023-11-12T20:26:10.471+0000][1031.509s][info ][safepoint     ] Leaving safepoint region
[2023-11-12T20:26:10.471+0000][1031.509s][info ][safepoint     ] Total time for which application threads were stopped: 0.0004100 seconds, Stopping threads took: 0.0001052 seconds
[2023-11-12T20:26:47.484+0000][1068.522s][debug][safepoint     ] Safepoint synchronization initiated. (178 threads)
[2023-11-12T20:26:47.484+0000][1068.522s][info ][safepoint     ] Application time: 37.0126256 seconds
[2023-11-12T20:26:47.484+0000][1068.522s][info ][safepoint     ] Entering safepoint region: Cleanup
[2023-11-12T20:26:47.484+0000][1068.522s][info ][safepoint     ] Leaving safepoint region
[2023-11-12T20:26:47.484+0000][1068.523s][info ][safepoint     ] Total time for which application threads were stopped: 0.0006479 seconds, Stopping threads took: 0.0001426 seconds
[2023-11-12T20:27:23.495+0000][1104.534s][debug][safepoint     ] Safepoint synchronization initiated. (178 threads)
[2023-11-12T20:27:23.495+0000][1104.534s][info ][safepoint     ] Application time: 36.0110331 seconds
[2023-11-12T20:27:23.496+0000][1104.534s][info ][safepoint     ] Entering safepoint region: Cleanup
[2023-11-12T20:27:23.496+0000][1104.534s][info ][safepoint     ] Leaving safepoint region
[2023-11-12T20:27:23.496+0000][1104.534s][info ][safepoint     ] Total time for which application threads were stopped: 0.0005697 seconds, Stopping threads took: 0.0001484 seconds
[2023-11-12T20:27:37.498+0000][1118.536s][debug][safepoint     ] Safepoint synchronization initiated. (178 threads)
[2023-11-12T20:27:37.498+0000][1118.536s][info ][safepoint     ] Application time: 14.0019725 seconds
[2023-11-12T20:27:37.498+0000][1118.536s][info ][safepoint     ] Entering safepoint region: Cleanup
[2023-11-12T20:27:37.499+0000][1118.537s][info ][safepoint     ] Leaving safepoint region
[2023-11-12T20:27:37.499+0000][1118.537s][info ][safepoint     ] Total time for which application threads were stopped: 0.0004811 seconds, Stopping threads took: 0.0001072 seconds
[2023-11-12T20:28:10.504+0000][1151.542s][debug][safepoint     ] Safepoint synchronization initiated. (178 threads)
[2023-11-12T20:28:10.504+0000][1151.542s][info ][safepoint     ] Application time: 33.0055210 seconds
[2023-11-12T20:28:10.504+0000][1151.542s][info ][safepoint     ] Entering safepoint region: Cleanup
[2023-11-12T20:28:10.505+0000][1151.543s][info ][safepoint     ] Leaving safepoint region
[2023-11-12T20:28:10.505+0000][1151.543s][info ][safepoint     ] Total time for which application threads were stopped: 0.0005252 seconds, Stopping threads took: 0.0001445 seconds
[2023-11-12T20:28:37.508+0000][1178.546s][debug][safepoint     ] Safepoint synchronization initiated. (178 threads)
[2023-11-12T20:28:37.508+0000][1178.546s][info ][safepoint     ] Application time: 27.0034132 seconds
[2023-11-12T20:28:37.508+0000][1178.546s][info ][safepoint     ] Entering safepoint region: Cleanup
[2023-11-12T20:28:37.509+0000][1178.547s][debug][safepoint     ] ... found polling page return exception at pc = 0x00007f10dd0d43c6, stub =0x00007f10d4841800
[2023-11-12T20:28:37.509+0000][1178.547s][debug][safepoint     ] ... found polling page loop exception at pc = 0x00007f10dd27af77, stub =0x00007f10d4841b00
[2023-11-12T20:28:37.509+0000][1178.547s][debug][safepoint     ] ... found polling page return exception at pc = 0x00007f10dca31e76, stub =0x00007f10d4841800
[2023-11-12T20:28:37.509+0000][1178.547s][debug][safepoint     ] ... found polling page return exception at pc = 0x00007f10dc919014, stub =0x00007f10d4841800
[2023-11-12T20:28:37.509+0000][1178.547s][debug][safepoint     ] ... found polling page return exception at pc = 0x00007f10dc98d280, stub =0x00007f10d4841800
[2023-11-12T20:28:37.509+0000][1178.547s][debug][safepoint     ] ... found polling page return exception at pc = 0x00007f10dca6cc80, stub =0x00007f10d4841800
[2023-11-12T20:28:37.509+0000][1178.547s][debug][safepoint     ] ... found polling page return exception at pc = 0x00007f10dc98d280, stub =0x00007f10d4841800
[2023-11-12T20:28:37.509+0000][1178.547s][info ][safepoint     ] Leaving safepoint region
[2023-11-12T20:28:37.509+0000][1178.547s][info ][safepoint     ] Total time for which application threads were stopped: 0.0010584 seconds, Stopping threads took: 0.0001122 seconds
[2023-11-12T20:28:37.509+0000][1178.548s][debug][safepoint     ] ... found polling page return exception at pc = 0x00007f10dd0d43c6, stub =0x00007f10d4841800
[2023-11-12T20:28:47.511+0000][1188.549s][debug][safepoint     ] Safepoint synchronization initiated. (178 threads)
[2023-11-12T20:28:47.512+0000][1188.550s][info ][safepoint     ] Application time: 10.0026419 seconds
[2023-11-12T20:28:47.512+0000][1188.550s][info ][safepoint     ] Entering safepoint region: Cleanup
[2023-11-12T20:28:47.513+0000][1188.551s][info ][safepoint     ] Leaving safepoint region
[2023-11-12T20:28:47.513+0000][1188.551s][info ][safepoint     ] Total time for which application threads were stopped: 0.0009419 seconds, Stopping threads took: 0.0002018 seconds
[2023-11-12T20:28:48.401+0000][1189.439s][debug][safepoint     ] Safepoint synchronization initiated. (178 threads)
[2023-11-12T20:28:48.402+0000][1189.440s][info ][safepoint     ] Application time: 0.8886228 seconds
[2023-11-12T20:28:48.402+0000][1189.441s][info ][safepoint     ] Entering safepoint region: G1CollectForAllocation
[2023-11-12T20:28:48.403+0000][1189.441s][info ][gc,start      ] GC(43) Pause Young (Normal) (G1 Evacuation Pause)
[2023-11-12T20:28:48.403+0000][1189.442s][info ][gc,task       ] GC(43) Using 6 workers of 6 for evacuation
[2023-11-12T20:28:48.462+0000][1189.500s][info ][gc,phases     ] GC(43)   Pre Evacuate Collection Set: 0.1ms
[2023-11-12T20:28:48.462+0000][1189.500s][info ][gc,phases     ] GC(43)   Evacuate Collection Set: 48.9ms
[2023-11-12T20:28:48.462+0000][1189.500s][info ][gc,phases     ] GC(43)   Post Evacuate Collection Set: 8.7ms
[2023-11-12T20:28:48.462+0000][1189.501s][info ][gc,phases     ] GC(43)   Other: 1.4ms
[2023-11-12T20:28:48.462+0000][1189.501s][info ][gc,heap       ] GC(43) Eden regions: 418->0(424)
[2023-11-12T20:28:48.462+0000][1189.501s][info ][gc,heap       ] GC(43) Survivor regions: 31->25(57)
[2023-11-12T20:28:48.462+0000][1189.501s][info ][gc,heap       ] GC(43) Old regions: 124->130
[2023-11-12T20:28:48.463+0000][1189.501s][info ][gc,heap       ] GC(43) Humongous regions: 14->0
[2023-11-12T20:28:48.463+0000][1189.501s][info ][gc,metaspace  ] GC(43) Metaspace: 165038K(170772K)->165038K(170772K) NonClass: 145931K(149372K)->145931K(149372K) Class: 19106K(21400K)->19106K(21400K)
[2023-11-12T20:28:48.463+0000][1189.501s][info ][gc            ] GC(43) Pause Young (Normal) (G1 Evacuation Pause) 585M->153M(749M) 59.512ms
[2023-11-12T20:28:48.463+0000][1189.501s][info ][gc,cpu        ] GC(43) User=0.27s Sys=0.00s Real=0.06s
[2023-11-12T20:28:48.463+0000][1189.501s][info ][safepoint     ] Leaving safepoint region
[2023-11-12T20:28:48.463+0000][1189.501s][info ][safepoint     ] Total time for which application threads were stopped: 0.0605823 seconds, Stopping threads took: 0.0004127 seconds
[2023-11-12T20:28:48.463+0000][1189.501s][info ][gc,stringdedup] Concurrent String Deduplication (1189.501s)
[2023-11-12T20:28:48.465+0000][1189.504s][info ][gc,stringdedup] Concurrent String Deduplication 160.3K->61080.0B(100.7K) avg 53.8% (1189.501s, 1189.504s) 2.289ms
[2023-11-12T20:28:50.464+0000][1191.502s][debug][safepoint     ] Safepoint synchronization initiated. (178 threads)
[2023-11-12T20:28:50.464+0000][1191.503s][info ][safepoint     ] Application time: 2.0014258 seconds
[2023-11-12T20:28:50.464+0000][1191.503s][info ][safepoint     ] Entering safepoint region: Cleanup
[2023-11-12T20:28:50.465+0000][1191.503s][info ][safepoint     ] Leaving safepoint region
[2023-11-12T20:28:50.465+0000][1191.503s][info ][safepoint     ] Total time for which application threads were stopped: 0.0005638 seconds, Stopping threads took: 0.0001053 seconds
[2023-11-12T20:29:16.469+0000][1217.507s][debug][safepoint     ] Safepoint synchronization initiated. (178 threads)
[2023-11-12T20:29:16.469+0000][1217.507s][info ][safepoint     ] Application time: 26.0038289 seconds
[2023-11-12T20:29:16.469+0000][1217.507s][info ][safepoint     ] Entering safepoint region: Cleanup
[2023-11-12T20:29:16.469+0000][1217.507s][info ][safepoint     ] Leaving safepoint region
[2023-11-12T20:29:16.469+0000][1217.507s][info ][safepoint     ] Total time for which application threads were stopped: 0.0004581 seconds, Stopping threads took: 0.0001068 seconds
